11-23 19:27:40.410  2758  4471 I global  :  RENO - ChassisWith4Motors.driveWithPIDControl(ChassisWith4Motors.java:470): tDistance = -24.00, currLocation = 21.01
11-23 19:27:40.411  2758  4471 I global  :  RENO - ChassisWith4Motors.driveWithPIDControl(ChassisWith4Motors.java:471): rampUpPower = 0.88, rampDownPower = 0.23
11-23 19:27:40.417  2758  4471 I global  :  RENO - ChassisWith4Motors.driveWithPIDControl(ChassisWith4Motors.java:477): power = 0.23, correction = 0.04, global angle = -1.063, last angle = 90.88
11-23 19:27:40.433  2758  4471 I global  :  RENO - ChassisWith4Motors.driveWithPIDControl(ChassisWith4Motors.java:470): tDistance = -24.00, currLocation = 21.52
11-23 19:27:40.434  2758  4471 I global  :  RENO - ChassisWith4Motors.driveWithPIDControl(ChassisWith4Motors.java:471): rampUpPower = 0.88, rampDownPower = 0.23
11-23 19:27:40.441  2758  4471 I global  :  RENO - ChassisWith4Motors.driveWithPIDControl(ChassisWith4Motors.java:477): power = 0.23, correction = 0.05, global angle = -1.250, last angle = 90.69
11-23 19:27:40.462  2758  4471 I global  :  RENO - ChassisWith4Motors.driveWithPIDControl(ChassisWith4Motors.java:491): Autonomous -power = 0.23, global angle = -1.438
11-23 19:27:40.478  2758  4471 I global  :  RENO - ChassisWith4Motors.runToPosition(ChassisWith4Motors.java:567): Required moving distance -24.00.
11-23 19:27:40.479  2758  4471 I global  :  RENO - ChassisWith4Motors.runToPosition(ChassisWith4Motors.java:568): Target Position = -1026
11-23 19:27:40.480  2758  4471 I global  :  RENO - ChassisWith4Motors.runToPosition(ChassisWith4Motors.java:569): PID = -1
11-23 19:27:40.486  2758  4471 I global  :  RENO - ChassisWith4Motors.runToPosition(ChassisWith4Motors.java:570): Current Position after moving, FL = -971, FR= -1033, BL = -1007, BR = -1026
11-23 19:27:40.487  2758  4471 I global  :  RENO - AutonomousRight.autonomousCore(AutonomousRight.java:349): Autonomous - Arrived at parking lot aisle: 24.00
11-23 19:27:40.738  2758  4471 I global  :  RENO - AutonomousRight.autonomousCore(AutonomousRight.java:352): Autonomous - slider lowered to ground.
11-23 19:27:40.740  2758  4471 I global  :  RENO - AutonomousRight.autonomousCore(AutonomousRight.java:353): Autonomous - Autonomous complete.
11-23 19:27:40.742  2758  4471 I global  :  RENO - AutonomousRight.runOpMode(AutonomousRight.java:212): Autonomous - total Run Time: 27.5001 seconds
11-23 19:27:40.769  2758  4471 D RobotCore: User runOpModeMethod exited
11-23 19:27:40.769  2758  4471 V RobotCore: thread: ...terminating 'OpModeThread'
11-23 19:27:40.774  2758  2900 I FtcEventLoop: auto-stopping OpMode 'AutonomousRight'
11-23 19:27:40.777  2758  2900 D UsbResiliantWebcam|DelCaptureSession: stopCapture()...
11-23 19:27:40.777  2758  2900 D UsbResiliantWebcam|DelCaptureSequence: undoStreaming()...
11-23 19:27:40.777  2758  2900 D UvcApiCaptureSession: stopCapture()...
11-23 19:27:40.777  2758  2900 D Uvc     : [jni_streamhandle.cpp:184] Java_org_firstinspires_ftc_robotcore_internal_camera_libuvc_nativeobject_UvcStreamHandle_nativeStopStreaming()...
11-23 19:27:40.777  2758  2900 V Uvc     : API: Java_org_firstinspires_ftc_robotcore_internal_camera_libuvc_nativeobject_UvcStreamHandle_nativeStopStreaming: enter...
11-23 19:27:40.777  2758  2900 D Uvc     : [stream.cpp:1514] uvc_stream_stop()...
11-23 19:27:40.777  2758  2900 D UvcStream: [stream.cpp:1542] cancelling extant transfers
11-23 19:27:40.780  2758  2758 D OpenCvViewport: surfaceDestroyed()
11-23 19:27:40.780  2758  2758 D OpenCvViewport: CheckState(): lifecycle mandates deactivation regardless of user
11-23 19:27:40.780  2758  2758 D OpenCvViewport: CheckState(): deactivating viewport
11-23 19:27:40.782  2758  4478 D OpenCvViewportRenderThread: Canvas was null
11-23 19:27:40.782  2758  4478 D OpenCvViewportRenderThread: About to exit
11-23 19:27:40.782  2758  2758 D OpenCvViewport: ...surfaceDestroyed()
11-23 19:27:40.815  2758  2900 D Uvc     : [stream.cpp:1471] (waitForAllTransfers(waiting for cancelled transfers))...
11-23 19:27:40.817  2758  2900 D UvcStream: [stream.cpp:1485] no extant active transfers: continuing
11-23 19:27:40.817  2758  2900 D Uvc     : [stream.cpp:1471] ...()
11-23 19:27:40.817  2758  2900 D Uvc     : [stream.cpp:1189] uvc_stream_handle::stopIsochronousStreaming()...
11-23 19:27:40.817  2758  2900 D Uvc     : [libuvc/libuvc_internal.h:825] uvc_device_handle::setInterfaceAltSetting(setInterfaceAltSetting(intf=1 alt=0))...
11-23 19:27:40.818  2758  2900 D UvcDevice: setInterfaceAltSetting(1,0)
11-23 19:27:40.819  2758  2900 D UvcDevice: setInterfaceAltSetting(1,0) succeeded
11-23 19:27:40.819  2758  2900 D Uvc     : [libuvc/libuvc_internal.h:825] ...uvc_device_handle::setInterfaceAltSetting() rc=0
11-23 19:27:40.819  2758  2900 D Uvc     : [stream.cpp:1189] ...uvc_stream_handle::stopIsochronousStreaming() rc=0
11-23 19:27:40.819  2758  2900 D UvcStream: [stream.cpp:1558] awakening user thread
11-23 19:27:40.819  2758  4479 D UvcStream: [stream.cpp:1329] user callback thread stopped
11-23 19:27:40.820  2758  2900 D UvcStream: [stream.cpp:1567] waiting for user callback thread to finish
11-23 19:27:40.820  2758  2900 D Uvc     : [stream.cpp:1514] ...uvc_stream_stop() rc=0
11-23 19:27:40.820  2758  2900 V Uvc     : API: Java_org_firstinspires_ftc_robotcore_internal_camera_libuvc_nativeobject_UvcStreamHandle_nativeStopStreaming: ...exit
11-23 19:27:40.820  2758  2900 D Uvc     : [jni_streamhandle.cpp:184] ...Java_org_firstinspires_ftc_robotcore_internal_camera_libuvc_nativeobject_UvcStreamHandle_nativeStopStreaming()
11-23 19:27:40.820  2758  2900 V UvcFrameCallback: destroy(hash=0x0f9a0350)
11-23 19:27:40.821  2758  2900 V UvcFrameCallbackData: destroy(pointer=0xca819350)
11-23 19:27:40.822  2758  2900 V Uvc     : API: Java_org_firstinspires_ftc_robotcore_internal_camera_libuvc_nativeobject_UvcFrameCallback_nativeReleaseCallbackState: enter...
11-23 19:27:40.822  2758  2900 V Uvc     : API: Java_org_firstinspires_ftc_robotcore_internal_camera_libuvc_nativeobject_UvcFrameCallback_nativeReleaseCallbackState: ...exit
11-23 19:27:40.822  2758  2900 V UvcStreamHandle: destroy(pointer=0xcfedfe80)
11-23 19:27:40.823  2758  2900 D Uvc     : [jni_streamhandle.cpp:184] Java_org_firstinspires_ftc_robotcore_internal_camera_libuvc_nativeobject_UvcStreamHandle_nativeStopStreaming()...
11-23 19:27:40.825  2758  2900 V Uvc     : API: Java_org_firstinspires_ftc_robotcore_internal_camera_libuvc_nativeobject_UvcStreamHandle_nativeStopStreaming: enter...
11-23 19:27:40.825  2758  2900 D Uvc     : [stream.cpp:1514] uvc_stream_stop()...
11-23 19:27:40.825  2758  2900 D Uvc     : [stream.cpp:1514] ...uvc_stream_stop() rc=0
11-23 19:27:40.825  2758  2900 V Uvc     : API: Java_org_firstinspires_ftc_robotcore_internal_camera_libuvc_nativeobject_UvcStreamHandle_nativeStopStreaming: ...exit
11-23 19:27:40.825  2758  2900 D Uvc     : [jni_streamhandle.cpp:184] ...Java_org_firstinspires_ftc_robotcore_internal_camera_libuvc_nativeobject_UvcStreamHandle_nativeStopStreaming()
11-23 19:27:40.825  2758  2900 D Uvc     : [jni_streamhandle.cpp:200] Java_org_firstinspires_ftc_robotcore_internal_camera_libuvc_nativeobject_UvcStreamHandle_nativeCloseStreamHandle()...
11-23 19:27:40.825  2758  2900 V Uvc     : API: Java_org_firstinspires_ftc_robotcore_internal_camera_libuvc_nativeobject_UvcStreamHandle_nativeCloseStreamHandle: enter...
11-23 19:27:40.825  2758  2900 D Uvc     : [stream.cpp:1584] uvc_stream_close()...
11-23 19:27:40.825  2758  2900 D Uvc     : [streamhandle.cpp:45] uvc_stream_handle::~uvc_stream_handle()...
11-23 19:27:40.825  2758  2900 D Uvc     : [streamhandle.cpp:66] uvc_stream_handle::releaseInterface()...
11-23 19:27:40.825  2758  2900 D Uvc     : [libuvc/libuvc_internal.h:793] uvc_device_handle::releaseInterface()...
11-23 19:27:40.825  2758  2900 D UvcDevice: releaseInterface(1)
11-23 19:27:40.826  2758  2900 D UvcDevice: releaseInterface(1) succeeded
11-23 19:27:40.827  2758  2900 D Uvc     : [libuvc/libuvc_internal.h:793] ...uvc_device_handle::releaseInterface() rc=0
11-23 19:27:40.827  2758  2900 D Uvc     : [streamhandle.cpp:66] ...uvc_stream_handle::releaseInterface()
11-23 19:27:40.827  2758  2900 D Uvc     : [streamhandle.cpp:45] ...uvc_stream_handle::~uvc_stream_handle()
11-23 19:27:40.827  2758  2900 D Uvc     : [stream.cpp:1584] ...uvc_stream_close()
11-23 19:27:40.827  2758  2900 V Uvc     : API: Java_org_firstinspires_ftc_robotcore_internal_camera_libuvc_nativeobject_UvcStreamHandle_nativeCloseStreamHandle: ...exit
11-23 19:27:40.827  2758  2900 D Uvc     : [jni_streamhandle.cpp:200] ...Java_org_firstinspires_ftc_robotcore_internal_camera_libuvc_nativeobject_UvcStreamHandle_nativeCloseStreamHandle()
11-23 19:27:40.828  2758  3196 D RobotCore: capture sequence DelegatingCaptureSequenceId(1) reports completed: lastFrame=916
11-23 19:27:40.829  2758  2900 V UvcApiCameraCaptureSequence: destroy(hash=0x0f6bf802)
11-23 19:27:40.829  2758  2900 D UvcApiCaptureSession: ...stopCapture()
11-23 19:27:40.830  2758  2900 D UvcApiCaptureSession: doClose()...
11-23 19:27:40.830  2758  2900 D UvcApiCaptureSession: ...doClose()
11-23 19:27:40.830  2758  2900 D UsbResiliantWebcam|DelCaptureSequence: ...undoStreaming()
11-23 19:27:40.830  2758  4477 D UsbResiliantWebcam|DelCaptureSession: camera session is closed: Webcam(D5386480)
11-23 19:27:40.831  2758  4477 V UvcApiCaptureSession: destroy(hash=0x042c554d)
11-23 19:27:40.831  2758  4477 D UvcApiCaptureSession: destructor...
11-23 19:27:40.831  2758  3196 D RobotCore: capture sequence DelegatingCaptureSequenceId(1) reports completed: lastFrame=916
11-23 19:27:40.831  2758  4477 D UvcApiCaptureSession: ...destructor
11-23 19:27:40.833  2758  2900 V UsbResiliantWebcam|DelCaptureSequence: destroy(hash=0x0ee7fce4)
11-23 19:27:40.833  2758  2900 D UsbResiliantWebcam|DelCaptureSession: ...stopCapture()
11-23 19:27:40.833  2758  2900 D UsbResiliantWebcam|DelCaptureSession: doClose()...
11-23 19:27:40.834  2758  2900 D UsbResiliantWebcam|DelCaptureSession: ...doClose()
11-23 19:27:40.835  2758  2900 V UsbResiliantWebcam|DelCaptureSession: destroy(hash=0x0be7b877)
11-23 19:27:40.835  2758  2900 D UsbResiliantWebcam|DelCaptureSession: destructor()...
11-23 19:27:40.835  2758  2900 D UsbResiliantWebcam|DelCaptureSession: ...destructor()
11-23 19:27:40.835  2758  2900 V CameraImpl: destroy(hash=0x005fc538)
11-23 19:27:40.836  2758  2900 D UsbResiliantWebcam: CameraImpl.destructor()...
11-23 19:27:40.836  2758  2900 D UsbResiliantWebcam: externalDestructor()...
11-23 19:27:40.836  2758  2900 V CameraImpl: destroy(hash=0x041df04c)
11-23 19:27:40.837  2758  4477 D CameraManager: camera reports closed: CameraImpl(UsbResiliantWebcam(Webcam(D5386480)))
11-23 19:27:40.837  2758  2900 D UvcDeviceHandle: CameraImpl.destructor()...
11-23 19:27:40.837  2758  2900 D UvcDeviceHandle: externalDestructor()...
11-23 19:27:40.838  2758  2900 D UsbResiliantWebcam: changeDelegatedCamera(CameraImpl(UvcDeviceHandle(pointer=0xca8e43a0|UvcDevice(/dev/bus/usb/003/003)))->null)...
11-23 19:27:40.840  2758  2900 D CachingExposureControl: onCameraChanged(CameraImpl(UvcDeviceHandle(pointer=0xca8e43a0|UvcDevice(/dev/bus/usb/003/003)))->null)...
11-23 19:27:40.840  2758  2900 D CachingExposureControl: ...onCameraChanged(CameraImpl(UvcDeviceHandle(pointer=0xca8e43a0|UvcDevice(/dev/bus/usb/003/003)))->null)
11-23 19:27:40.841  2758  2900 D UsbResiliantWebcam: ...changeDelegatedCamera(CameraImpl(UvcDeviceHandle(pointer=0xca8e43a0|UvcDevice(/dev/bus/usb/003/003)))->null)
11-23 19:27:40.841  2758  2900 D UvcDeviceHandle: ...externalDestructor()
11-23 19:27:40.841  2758  2900 V UvcDeviceHandle: destroy(pointer=0xca8e43a0)
11-23 19:27:40.841  2758  2900 D UvcDeviceHandle: destructor...
11-23 19:27:40.841  2758  2900 D Uvc     : [jni_devicehandle.cpp:87] Java_org_firstinspires_ftc_robotcore_internal_camera_libuvc_nativeobject_UvcDeviceHandle_nativeReleaseRefDeviceHandle()...
11-23 19:27:40.841  2758  2900 V Uvc     : API: Java_org_firstinspires_ftc_robotcore_internal_camera_libuvc_nativeobject_UvcDeviceHandle_nativeReleaseRefDeviceHandle: enter...
11-23 19:27:40.841  2758  2900 D Uvc     : [libuvc/libuvc_internal.h:872] uvc_device_handle::~uvc_device_handle()...
11-23 19:27:40.841  2758  2900 D Uvc     : [libuvc/libuvc_internal.h:840] uvc_device_handle::deconstruct()...
11-23 19:27:40.841  2758  2900 D Uvc     : [libuvc/libuvc_internal.h:751] uvc_device_handle::stop()...
11-23 19:27:40.841  2758  2900 D Uvc     : [libuvc/libuvc_internal.h:751] ...uvc_device_handle::stop()
11-23 19:27:40.841  2758  2900 D Uvc     : [libuvc/libuvc_internal.h:865] uvc_device_handle::close()...
11-23 19:27:40.842  2758  2900 E libusb  : [1100.605363] [00000b54] libusb: error [do_close] Device handle closed while transfer was still being processed, but the device is still connected as far as we know
11-23 19:27:40.842  2758  2900 E libusb  : [1100.605878] [00000b54] libusb: error [do_close] A cancellation hasn't even been scheduled on the transfer for which the device is closing
11-23 19:27:40.842  2758  2900 D Uvc     : [libuvc/libuvc_internal.h:865] ...uvc_device_handle::close()
11-23 19:27:40.842  2758  2900 D Uvc     : [libuvc/libuvc_internal.h:840] ...uvc_device_handle::deconstruct()
11-23 19:27:40.842  2758  2900 D Uvc     : [device.cpp:433] uvc_free_device_info()...
11-23 19:27:40.843  2758  2900 D Uvc     : [device.cpp:433] ...uvc_free_device_info()
11-23 19:27:40.843  2758  2900 D Uvc     : [libuvc/libuvc_internal.h:872] ...uvc_device_handle::~uvc_device_handle()
11-23 19:27:40.843  2758  2900 V Uvc     : API: Java_org_firstinspires_ftc_robotcore_internal_camera_libuvc_nativeobject_UvcDeviceHandle_nativeReleaseRefDeviceHandle: ...exit
11-23 19:27:40.843  2758  2900 D Uvc     : [jni_devicehandle.cpp:87] ...Java_org_firstinspires_ftc_robotcore_internal_camera_libuvc_nativeobject_UvcDeviceHandle_nativeReleaseRefDeviceHandle()
11-23 19:27:40.843  2758  2900 V UvcDevice: destroy(pointer=0xcd0cdfe0|/dev/bus/usb/003/003)
11-23 19:27:40.843  2758  2900 D UsbDeviceConnectionJNI: close
11-23 19:27:40.844  2758  2900 D Uvc     : [jni_device.cpp:126] Java_org_firstinspires_ftc_robotcore_internal_camera_libuvc_nativeobject_UvcDevice_nativeReleaseRefDevice()...
11-23 19:27:40.844  2758  2900 V Uvc     : API: Java_org_firstinspires_ftc_robotcore_internal_camera_libuvc_nativeobject_UvcDevice_nativeReleaseRefDevice: enter...
11-23 19:27:40.844  2758  2900 D Uvc     : [device.cpp:882] uvc_unref_device()...
11-23 19:27:40.846  2758  2900 D Uvc     : [device.cpp:882] ...uvc_unref_device()
11-23 19:27:40.846  2758  2900 V Uvc     : API: Java_org_firstinspires_ftc_robotcore_internal_camera_libuvc_nativeobject_UvcDevice_nativeReleaseRefDevice: ...exit
11-23 19:27:40.846  2758  2900 D Uvc     : [jni_device.cpp:126] ...Java_org_firstinspires_ftc_robotcore_internal_camera_libuvc_nativeobject_UvcDevice_nativeReleaseRefDevice()
11-23 19:27:40.846  2758  2900 V LibUsbDevice: destroy(pointer=0xcfee2680)
11-23 19:27:40.846  2758  2900 D Uvc     : [jni_libusb_device.cpp:64] Java_org_firstinspires_ftc_robotcore_internal_camera_libuvc_nativeobject_LibUsbDevice_nativeReleaseRefDevice()...
11-23 19:27:40.846  2758  2900 D Uvc     : [jni_libusb_device.cpp:64] ...Java_org_firstinspires_ftc_robotcore_internal_camera_libuvc_nativeobject_LibUsbDevice_nativeReleaseRefDevice()
11-23 19:27:40.847  2758  2900 D UvcDeviceHandle: ...destructor
11-23 19:27:40.847  2758  2900 D UvcDeviceHandle: ...CameraImpl.destructor()
11-23 19:27:40.847  2758  2900 D UsbResiliantWebcam: ...externalDestructor()
11-23 19:27:40.847  2758  2900 V UsbResiliantWebcam: destroy(hash=0x067e859e)
11-23 19:27:40.848  2758  2900 D UsbResiliantWebcam: destructor()...
11-23 19:27:40.848  2758  2900 D UsbResiliantWebcam: ...destructor()
11-23 19:27:40.848  2758  2900 D UsbResiliantWebcam: ...CameraImpl.destructor()
11-23 19:27:40.849  2758  2900 I RobotCore: ******************** STOP - OPMODE /storage/emulated/0/FIRST/matchlogs/Match-0-AutonomousRight.txt ********************
11-23 19:27:40.856  2758  4523 I RobotCore: saving match logcat to /storage/emulated/0/FIRST/matchlogs/Match-0-AutonomousRight.txt
11-23 19:27:40.856  2758  4523 I RobotCore: logging command line: exec logcat -d -T '11-23 19:27:9.000' -f '/storage/emulated/0/FIRST/matchlogs/Match-0-AutonomousRight.txt' -n4 -v threadtime UsbRequestJNI:S UsbRequest:S art:W ThreadPool:W System:W ExtendedExtractor:W OMXClient:W MediaPlayer:W dalvikvm:W  *:V
11-23 19:27:40.856  2758  2900 I RobotCore: Attempting to switch to op mode $Stop$Robot$
11-23 19:27:40.857  2758  2900 D HardwareMap: Clearing which device instances have been retrieved
11-23 19:27:40.857  2758  2900 D HardwareMap: Clearing which device instances have been retrieved
11-23 19:27:40.860  2758  4525 V RobotCore: thread: 'OpModeThread' starting...
11-23 19:27:40.874  2758  2874 V Robocol : sending CMD_STREAM_CHANGE(16154), attempt: 0
11-23 19:27:40.875  2758  2874 V Robocol : sending CMD_NOTIFY_INIT_OP_MODE(16161), attempt: 0
11-23 19:27:40.917  2758  2871 V Robocol : received command: CMD_RUN_OP_MODE(26070) $Stop$Robot$
11-23 19:27:40.950  2758  4523 I RobotCore: Done running exec logcat -d -T '11-23 19:27:9.000' -f '/storage/emulated/0/FIRST/matchlogs/Match-0-AutonomousRight.txt' -n4 -v threadtime UsbRequestJNI:S UsbRequest:S art:W ThreadPool:W System:W ExtendedExtractor:W OMXClient:W MediaPlayer:W dalvikvm:W  *:V
11-23 19:27:40.951  2758  4523 I RobotCore: exiting match logcat for /storage/emulated/0/FIRST/matchlogs/Match-0-AutonomousRight.txt
11-23 19:27:40.954  2758  2874 V Robocol : sending CMD_NOTIFY_RUN_OP_MODE(16168), attempt: 0
11-23 19:28:38.558  2758  2871 V Robocol : received command: CMD_SET_MATCH_NUMBER(26852) 0
11-23 19:28:38.560  2758  2871 V Robocol : received command: CMD_INIT_OP_MODE(26853) AutonomousRight
11-23 19:28:38.579  2758  2872 I RobotCore: ******************** START - OPMODE AutonomousRight ********************
11-23 19:28:38.584  2758  4525 V RobotCore: thread: ...terminating 'OpModeThread'
11-23 19:28:38.588  2758  2900 I RobotCore: Attempting to switch to op mode AutonomousRight
11-23 19:28:38.761  2758  2900 D HardwareMap: Clearing which device instances have been retrieved
11-23 19:28:38.761  2758  2900 D HardwareMap: Clearing which device instances have been retrieved
11-23 19:28:38.767  2758  4613 V RobotCore: thread: 'OpModeThread' starting...
11-23 19:28:38.769  2758  4613 I global  :  RENO - AutonomousRight.runOpMode(AutonomousRight.java:143): Status - Initialized
11-23 19:28:38.771  2758  4613 I global  :  RENO - SlidersWith2Motors.init(SlidersWith2Motors.java:73): init slider motors.
11-23 19:28:38.794  2758  2874 V Robocol : sending CMD_NOTIFY_INIT_OP_MODE(16964), attempt: 0
11-23 19:28:38.813  2758  4613 I global  :  RENO - ChassisWith4Motors.init(ChassisWith4Motors.java:111): init driving motors.
11-23 19:28:38.862  2758  4613 V BNO055  : Suppressing I2C warnings while we check for a BNO055 IMU
11-23 19:28:38.866  2758  4613 V BNO055  : Found BNO055 IMU
11-23 19:28:39.303  2758  4613 V BNO055IMU: Now polling until IMU comes out of reset. It is normal to see I2C failures below
11-23 19:28:39.309  2758  4613 V RobotCore: addr=false data=true arb=false clock=false
11-23 19:28:39.309  2758  4613 E LynxI2cDeviceSynch: readStatusQuery: cbExpected=1 cbRead=0
11-23 19:28:39.310  2758  4613 E LynxI2cDeviceSynch: placeholder: readStatusQuery
11-23 19:28:39.374  2758  4613 V RobotCore: addr=false data=true arb=false clock=false
11-23 19:28:39.374  2758  4613 E LynxI2cDeviceSynch: readStatusQuery: cbExpected=1 cbRead=0
11-23 19:28:39.541  2758  4613 V BNO055IMU: IMU has come out of reset. No more I2C failures should occur.
11-23 19:28:40.085  2758  4613 I global  :  RENO - ChassisWith4Motors.init(ChassisWith4Motors.java:167): imu calib status
11-23 19:28:40.087  2758  4613 I I2C     : Automatically initializing I2C device Rev2mDistanceSensor (USB (embedded); module 173; bus 1; addr7=0x29)
11-23 19:28:40.087  2758  4613 D STMicroVL53L0X: : Checking to see if it's really a VL53L0X sensor...
11-23 19:28:40.091  2758  4613 D STMicroVL53L0X: : Reg 0xC0 = ee (should be 0xEE)
11-23 19:28:40.094  2758  4613 D STMicroVL53L0X: : Reg 0xC1 = aa (should be 0xAA)
11-23 19:28:40.098  2758  4613 D STMicroVL53L0X: : Reg 0xC2 = 10 (should be 0x10)
11-23 19:28:40.102  2758  4613 D STMicroVL53L0X: : Reg 0x51 = 0 (should be 0x0099)
11-23 19:28:40.105  2758  4613 D STMicroVL53L0X: : Reg 0x61 = 0 (should be 0x0000)
11-23 19:28:40.121  2758  4613 D STMicroVL53L0X: : initial sig rate lim (MCPS) 0.250000
11-23 19:28:40.126  2758  4613 D STMicroVL53L0X: : adjusted sig rate lim (MCPS) 0.250000
11-23 19:28:40.331  2758  4613 I I2C     : Automatically initializing I2C device RevColorSensorV3 (USB (embedded); module 173; bus 2; addr7=0x52)
11-23 19:28:40.331  2758  4613 V BroadcomColorSensorImpl: internalInitialize()...
11-23 19:28:40.338  2758  4613 V BroadcomColorSensorImpl: state: 07 37 20 1d 42 01 c2 
11-23 19:28:40.338  2758  4613 V BroadcomColorSensorImpl: setGain(0x01)
11-23 19:28:40.343  2758  4613 V BroadcomColorSensorImpl: setLEDParameters(0x37)
11-23 19:28:40.346  2758  4613 V BroadcomColorSensorImpl: setProximityPulseCount(0x20)
11-23 19:28:40.350  2758  4613 V BroadcomColorSensorImpl: setPSMeasRate(0x1d)
11-23 19:28:40.355  2758  4613 V BroadcomColorSensorImpl: setLSMeasRate(0x42)
11-23 19:28:40.362  2758  4613 V BroadcomColorSensorImpl: enable() enabled=0x07...
11-23 19:28:40.367  2758  4613 V BroadcomColorSensorImpl: ...enable() enabled=0x07
11-23 19:28:40.373  2758  4613 V BroadcomColorSensorImpl: state: 07 37 20 1d 42 01 c2 
11-23 19:28:40.374  2758  4613 V BroadcomColorSensorImpl: ...internalInitialize()
11-23 19:28:40.379  2758  4613 I System.out: OpenCvCameraBase ctor: EasyOpenCV version 1.5.2
11-23 19:28:40.385  2758  4617 D CameraManager: doOpenCamera()...
11-23 19:28:40.385  2758  4617 D CameraManager: requesting permission for camera: Webcam(D5386480)
11-23 19:28:40.395  2758  2874 V Robocol : sending CMD_STREAM_CHANGE(16981), attempt: 0
11-23 19:28:40.400  2758  4617 D WebcamNameImpl: requesting permission for /dev/bus/usb/003/003
11-23 19:28:40.400  2758  4617 V WebcamNameImpl: asyncRequestUsbPermission()...
11-23 19:28:40.404  2758  4617 D WebcamNameImpl: permission already available for /dev/bus/usb/003/003
11-23 19:28:40.405  2758  2758 D OpenCvViewport: surfaceCreated()
11-23 19:28:40.405  2758  2758 D OpenCvViewport: ...surfaceCreated()
11-23 19:28:40.405  2758  2758 D OpenCvViewport: surfaceChanged()
11-23 19:28:40.405  2758  2758 D OpenCvViewport: CheckState(): user requested that we deactivate
11-23 19:28:40.405  2758  2758 D OpenCvViewport: CheckState(): already deactivated
11-23 19:28:40.405  2758  2758 D OpenCvViewport: ...surfaceChanged()
11-23 19:28:40.406  2758  4617 V WebcamNameImpl: ...asyncRequestUsbPermission()
11-23 19:28:40.406  2758  4617 D ContinuationSynchronizer: awaiting(camera open)...
11-23 19:28:40.407  2758  4618 D WebcamNameImpl: permission for /dev/bus/usb/003/003=true
11-23 19:28:40.407  2758  4618 D CameraManager: permission granted for camera: Webcam(D5386480)
11-23 19:28:40.408  2758  4618 D CameraManager: asyncOpenCamera(Webcam(D5386480))...
11-23 19:28:40.408  2758  4618 D CameraManager: asyncOpenWebcam(Webcam(D5386480))...
11-23 19:28:40.409  2758  4618 V UsbResiliantWebcam: construct(0x0fb66714)
11-23 19:28:40.411  2758  4618 D UsbResiliantWebcam: openAssumingPermission()...
11-23 19:28:40.419  2758  4618 D UvcContext: usb device is *not* UVC compatible, /dev/bus/usb/003/004
11-23 19:28:40.420  2758  4618 D UvcContext: found webcam: usbPath=/dev/bus/usb/003/003 vid=0x46D pid=0x825 serial=D5386480 product=C270 HD WEBCAM
11-23 19:28:40.420  2758  4618 D Uvc     : [jni_context.cpp:120] Java_org_firstinspires_ftc_robotcore_internal_camera_libuvc_nativeobject_UvcContext_nativeCreateUvcDevice()...
11-23 19:28:40.420  2758  4618 V Uvc     : API: Java_org_firstinspires_ftc_robotcore_internal_camera_libuvc_nativeobject_UvcContext_nativeCreateUvcDevice: enter...
11-23 19:28:40.422  2758  4618 D libusb  : [1160.185803] [0000120a] libusb: debug [op_create] op_create: szUsbPath=/dev/bus/usb/003/003 szSysfsDir=3-1.4
11-23 19:28:40.422  2758  4618 D Uvc     : [device.cpp:613] uvc_create_uvc_device()...
11-23 19:28:40.422  2758  4618 D Uvc     : [libuvc/libuvc_internal.h:346] uvc_device::uvc_device()...
11-23 19:28:40.422  2758  4618 D Uvc     : [libuvc/libuvc_internal.h:375] acquired vid=1133 & pid=2085
11-23 19:28:40.422  2758  4618 D Uvc     : [libuvc/libuvc_internal.h:346] ...uvc_device::uvc_device()
11-23 19:28:40.422  2758  4618 D Uvc     : [device.cpp:613] ...uvc_create_uvc_device() rc=0
11-23 19:28:40.422  2758  4618 V Uvc     : API: Java_org_firstinspires_ftc_robotcore_internal_camera_libuvc_nativeobject_UvcContext_nativeCreateUvcDevice: ...exit
11-23 19:28:40.422  2758  4618 D Uvc     : [jni_context.cpp:120] ...Java_org_firstinspires_ftc_robotcore_internal_camera_libuvc_nativeobject_UvcContext_nativeCreateUvcDevice()
11-23 19:28:40.423  2758  4618 V UvcDevice: construct(pointer=0xcd0cf3b8|null)
11-23 19:28:40.423  2758  4618 D Uvc     : [jni_device.cpp:108] Java_org_firstinspires_ftc_robotcore_internal_camera_libuvc_nativeobject_UvcDevice_nativeGetLibUsbDevice()...
11-23 19:28:40.423  2758  4618 D Uvc     : [jni_device.cpp:108] ...Java_org_firstinspires_ftc_robotcore_internal_camera_libuvc_nativeobject_UvcDevice_nativeGetLibUsbDevice()
11-23 19:28:40.424  2758  4618 V LibUsbDevice: construct(pointer=0xcfee2680)
11-23 19:28:40.429  2758  4618 D UvcDevice: open()...
11-23 19:28:40.487  2758  4618 D Uvc     : [jni_device.cpp:50] Java_org_firstinspires_ftc_robotcore_internal_camera_libuvc_nativeobject_UvcDevice_nativeSetUsbDeviceInfo()...
11-23 19:28:40.487  2758  4618 D Uvc     : [jni_device.cpp:50] ...Java_org_firstinspires_ftc_robotcore_internal_camera_libuvc_nativeobject_UvcDevice_nativeSetUsbDeviceInfo()
11-23 19:28:40.487  2758  4618 D Uvc     : [jni_device.cpp:233] Java_org_firstinspires_ftc_robotcore_internal_camera_libuvc_nativeobject_UvcDevice_nativeOpenDeviceHandle()...
11-23 19:28:40.487  2758  4618 V Uvc     : API: Java_org_firstinspires_ftc_robotcore_internal_camera_libuvc_nativeobject_UvcDevice_nativeOpenDeviceHandle: enter...
11-23 19:28:40.487  2758  4618 D Uvc     : [device.cpp:279] uvc_open()...
11-23 19:28:40.487  2758  4618 D Uvc     : [libuvc/libuvc_internal.h:356] uvc_device::open()...
11-23 19:28:40.487  2758  4618 D libusb  : [1160.251186] [0000120a] libusb: debug [op_open] op_open: szUsbPath=/dev/bus/usb/003/003
11-23 19:28:40.487  2758  4618 D Uvc     : [libuvc/libuvc_internal.h:356] ...uvc_device::open() rc=0
11-23 19:28:40.487  2758  4618 D Uvc     : [device.cpp:295] calling libusb_reset_device()...
11-23 19:28:40.957  2758  2871 V Robocol : received command: CMD_RUN_OP_MODE(26890) AutonomousRight
11-23 19:28:40.995  2758  2874 V Robocol : sending CMD_NOTIFY_RUN_OP_MODE(16994), attempt: 0
11-23 19:28:41.050  2758  4618 D Uvc     : [device.cpp:303] ...libusb_reset_device() called
11-23 19:28:41.050  2758  4618 D Uvc     : [device.cpp:311] libusb_open() = 0
11-23 19:28:41.050  2758  4618 D Uvc     : [libuvc/libuvc_internal.h:732] uvc_device_handle::uvc_device_handle()...
11-23 19:28:41.050  2758  4618 D Uvc     : [libuvc/libuvc_internal.h:732] ...uvc_device_handle::uvc_device_handle()
11-23 19:28:41.050  2758  4618 D Uvc     : [device.cpp:386] uvc_get_device_info()...
11-23 19:28:41.050  2758  4618 D libusb  : [1160.814066] [0000120a] libusb: debug [op_get_config_descriptor] op_get_config_descriptor: config_index=0
11-23 19:28:41.050  2758  4618 D libusb  : [1160.814190] [0000120a] libusb: debug [op_get_config_descriptor] op_get_config_descriptor: config_index=0
11-23 19:28:41.050  2758  4618 D Uvc     : [device.cpp:986] uvc_scan_control()...
11-23 19:28:41.051  2758  4618 D Uvc     : [device.cpp:1041] uvc_parse_vc_header()...
11-23 19:28:41.051  2758  4618 D Uvc     : [device.cpp:1284] uvc_scan_streaming()...
11-23 19:28:41.051  2758  4618 D Uvc     : [device.cpp:1340] uvc_parse_vs_input_header()...
11-23 19:28:41.051  2758  4618 D Uvc     : [device.cpp:1340] ...uvc_parse_vs_input_header() rc=0
11-23 19:28:41.051  2758  4618 D Uvc     : [device.cpp:1389] uvc_parse_vs_format_uncompressed()...
11-23 19:28:41.051  2758  4618 D Uvc     : [device.cpp:1389] ...uvc_parse_vs_format_uncompressed() rc=0
11-23 19:28:41.052  2758  4618 V Uvc     : [device.cpp:1630] unsupported descriptor subtype: 13 UVC_VS_COLORFORMAT
11-23 19:28:41.052  2758  4618 D Uvc     : [device.cpp:1449] uvc_parse_vs_format_mjpeg()...
11-23 19:28:41.052  2758  4618 D Uvc     : [device.cpp:1449] ...uvc_parse_vs_format_mjpeg() rc=0
11-23 19:28:41.053  2758  4618 V Uvc     : [device.cpp:1630] unsupported descriptor subtype: 13 UVC_VS_COLORFORMAT
11-23 19:28:41.053  2758  4618 D Uvc     : [device.cpp:1284] ...uvc_scan_streaming() rc=0
11-23 19:28:41.053  2758  4618 D Uvc     : [device.cpp:1041] ...uvc_parse_vc_header() rc=0
11-23 19:28:41.055  2758  4618 D Uvc     : [device.cpp:1083] uvc_parse_vc_input_terminal()...
11-23 19:28:41.055  2758  4618 D Uvc     : [device.cpp:1083] ...uvc_parse_vc_input_terminal() rc=0
11-23 19:28:41.055  2758  4618 D Uvc     : [device.cpp:1156] uvc_parse_vc_processing_unit()...
11-23 19:28:41.055  2758  4618 D Uvc     : [device.cpp:1156] ...uvc_parse_vc_processing_unit() rc=0
11-23 19:28:41.055  2758  4618 D Uvc     : [device.cpp:986] ...uvc_scan_control() rc=0
11-23 19:28:41.055  2758  4618 D Uvc     : [device.cpp:386] ...uvc_get_device_info() rc=0
11-23 19:28:41.055  2758  4618 D Uvc     : [device.cpp:326] claiming control interface 0
11-23 19:28:41.055  2758  4618 D Uvc     : [libuvc/libuvc_internal.h:770] uvc_device_handle::claimInterface(idx=0)...
11-23 19:28:41.056  2758  4618 D UvcDevice: claimInterface(0)
11-23 19:28:41.057  2758  4618 D UvcDevice: claimInterface(0) succeeded
11-23 19:28:41.057  2758  4618 D Uvc     : [libuvc/libuvc_internal.h:783] claimInterface(0) succeeded
11-23 19:28:41.058  2758  4618 D Uvc     : [libuvc/libuvc_internal.h:770] ...uvc_device_handle::claimInterface() rc=0
11-23 19:28:41.058  2758  4618 D Uvc     : [device.cpp:279] ...uvc_open() rc=0
11-23 19:28:41.058  2758  4618 V Uvc     : API: Java_org_firstinspires_ftc_robotcore_internal_camera_libuvc_nativeobject_UvcDevice_nativeOpenDeviceHandle: ...exit
11-23 19:28:41.058  2758  4618 D Uvc     : [jni_device.cpp:233] ...Java_org_firstinspires_ftc_robotcore_internal_camera_libuvc_nativeobject_UvcDevice_nativeOpenDeviceHandle()
11-23 19:28:41.059  2758  4618 V UvcDeviceHandle: construct(pointer=0xca8e13f0)
11-23 19:28:41.060  2758  4618 V CameraImpl: construct(0x025665b2)
11-23 19:28:41.062  2758  4618 D UsbResiliantWebcam.InterveningStateCallback: onOpened() camera=CameraImpl(UvcDeviceHandle(pointer=0xca8e13f0|UvcDevice(/dev/bus/usb/003/003)))...
11-23 19:28:41.064  2758  4618 D UsbResiliantWebcam: changeDelegatedCamera(null->CameraImpl(UvcDeviceHandle(pointer=0xca8e13f0|UvcDevice(/dev/bus/usb/003/003))))...
11-23 19:28:41.065  2758  4618 D UvcApiFocusControl: isModeSupported(Auto)...
11-23 19:28:41.066  2758  4618 D UvcApiFocusControl: ...isModeSupported(Auto): false
11-23 19:28:41.068  2758  4618 D UvcApiFocusControl: isModeSupported(ContinuousAuto)...
11-23 19:28:41.069  2758  4618 D UvcApiFocusControl: ...isModeSupported(ContinuousAuto): false
11-23 19:28:41.070  2758  4618 D UvcApiFocusControl: isModeSupported(Macro)...
11-23 19:28:41.070  2758  4618 D UvcApiFocusControl: ...isModeSupported(Macro): false
11-23 19:28:41.070  2758  4618 D UvcApiFocusControl: isModeSupported(Infinity)...
11-23 19:28:41.072  2758  4618 D UvcApiFocusControl: ...isModeSupported(Infinity): false
11-23 19:28:41.072  2758  4618 D UvcApiFocusControl: isModeSupported(Fixed)...
11-23 19:28:41.073  2758  4618 D UvcApiFocusControl: ...isModeSupported(Fixed): true
11-23 19:28:41.073  2758  4618 D UvcApiFocusControl: isFocusLengthSupported...
11-23 19:28:41.074  2758  4618 D UvcApiFocusControl: ...isFocusLengthSupported: false
11-23 19:28:41.078  2758  4618 D CachingExposureControl: onCameraChanged(null->CameraImpl(UvcDeviceHandle(pointer=0xca8e13f0|UvcDevice(/dev/bus/usb/003/003))))...
11-23 19:28:41.079  2758  4618 D UvcApiExposureControl: isModeSupported(Auto)...
11-23 19:28:41.081  2758  4618 D UvcApiExposureControl: ...isModeSupported(Auto): false
11-23 19:28:41.082  2758  4618 D UvcApiExposureControl: isModeSupported(ContinuousAuto)...
11-23 19:28:41.084  2758  4618 D UvcApiExposureControl: ...isModeSupported(ContinuousAuto): false
11-23 19:28:41.084  2758  4618 D UvcApiExposureControl: isModeSupported(Manual)...
11-23 19:28:41.086  2758  4618 D UvcApiExposureControl: ...isModeSupported(Manual): true
11-23 19:28:41.086  2758  4618 D UvcApiExposureControl: isModeSupported(ShutterPriority)...
11-23 19:28:41.088  2758  4618 D UvcApiExposureControl: ...isModeSupported(ShutterPriority): false
11-23 19:28:41.089  2758  4618 D UvcApiExposureControl: isModeSupported(AperturePriority)...
11-23 19:28:41.091  2758  4618 D UvcApiExposureControl: ...isModeSupported(AperturePriority): true
11-23 19:28:41.091  2758  4618 D UvcApiExposureControl: isExposureSupported()...
11-23 19:28:41.091  2758  4618 D UvcApiExposureControl: ...isExposureSupported(): true
11-23 19:28:41.091  2758  4618 D UvcApiExposureControl: getMinExposure(NANOSECONDS)...
11-23 19:28:41.091  2758  4618 D Uvc     : [jni_devicehandle.cpp:645] Java_org_firstinspires_ftc_robotcore_internal_camera_libuvc_nativeobject_UvcDeviceHandle_nativeGetMinExposure()...
11-23 19:28:41.093  2758  4618 D Uvc     : [jni_devicehandle.cpp:645] ...Java_org_firstinspires_ftc_robotcore_internal_camera_libuvc_nativeobject_UvcDeviceHandle_nativeGetMinExposure()
11-23 19:28:41.093  2758  4618 D UvcApiExposureControl: ...getMinExposure(NANOSECONDS): 100000
11-23 19:28:41.094  2758  4618 D UvcApiExposureControl: getMaxExposure(NANOSECONDS)...
11-23 19:28:41.096  2758  4618 D UvcApiExposureControl: ...getMaxExposure(NANOSECONDS): 1000000000
11-23 19:28:41.096  2758  4618 D UvcApiExposureControl: setAePriority()...
11-23 19:28:41.098  2758  4618 D UvcApiExposureControl: ...setAePriority()
11-23 19:28:41.099  2758  4618 D UvcApiExposureControl: getMode()...
11-23 19:28:41.099  2758  4618 D Uvc     : [jni_devicehandle.cpp:493] Java_org_firstinspires_ftc_robotcore_internal_camera_libuvc_nativeobject_UvcDeviceHandle_nativeGetVuforiaExposureMode()...
11-23 19:28:41.100  2758  4618 D Uvc     : [jni_devicehandle.cpp:493] ...Java_org_firstinspires_ftc_robotcore_internal_camera_libuvc_nativeobject_UvcDeviceHandle_nativeGetVuforiaExposureMode()
11-23 19:28:41.101  2758  4618 D UvcApiExposureControl: ...getMode(): AperturePriority
11-23 19:28:41.103  2758  4618 D CachingExposureControl: ...onCameraChanged(null->CameraImpl(UvcDeviceHandle(pointer=0xca8e13f0|UvcDevice(/dev/bus/usb/003/003))))
11-23 19:28:41.103  2758  4618 D UvcApiPtzControl: getMinZoom()...
11-23 19:28:41.104  2758  4618 E UvcDeviceHandle: [jni_devicehandle.cpp:219] Failed to get min zoom : error -9
11-23 19:28:41.104  2758  4618 D UvcApiPtzControl: ...getMinZoom(): 0
11-23 19:28:41.105  2758  4618 D UvcApiPtzControl: getMaxZoom()...
11-23 19:28:41.106  2758  4618 E UvcDeviceHandle: [jni_devicehandle.cpp:242] Failed to get max zoom : error -9
11-23 19:28:41.106  2758  4618 D UvcApiPtzControl: ...getMaxZoom(): 0
11-23 19:28:41.106  2758  4618 D UvcApiPtzControl: getMinPanTilt()...
11-23 19:28:41.107  2758  4618 E UvcDeviceHandle: [jni_devicehandle.cpp:365] Failed to get min pan/tilt : error -9
11-23 19:28:41.108  2758  4618 D UvcApiPtzControl: ...getMinPanTilt(): org.firstinspires.ftc.robotcore.external.hardware.camera.controls.PtzControl$PanTiltHolder@b71b903
11-23 19:28:41.108  2758  4618 D UvcApiPtzControl: getMaxPanTilt()...
11-23 19:28:41.109  2758  4618 E UvcDeviceHandle: [jni_devicehandle.cpp:333] Failed to get max pan/tilt : error -9
11-23 19:28:41.109  2758  4618 D UvcApiPtzControl: ...getMaxPanTilt(): org.firstinspires.ftc.robotcore.external.hardware.camera.controls.PtzControl$PanTiltHolder@11ce080
11-23 19:28:41.109  2758  4618 D UvcApiPtzControl: getZoom()...
11-23 19:28:41.111  2758  4618 E UvcDeviceHandle: [jni_devicehandle.cpp:196] Failed to get zoom : error -9
11-23 19:28:41.111  2758  4618 D UvcApiPtzControl: ...getZoom(): 0
11-23 19:28:41.111  2758  4618 D UvcApiPtzControl: getPanTilt()...
11-23 19:28:41.112  2758  4618 E UvcDeviceHandle: [jni_devicehandle.cpp:301] Failed to get pan/tilt : error -9
11-23 19:28:41.113  2758  4618 D UvcApiPtzControl: ...getPanTilt(): org.firstinspires.ftc.robotcore.external.hardware.camera.controls.PtzControl$PanTiltHolder@8b2c6b9
11-23 19:28:41.113  2758  4618 D UvcApiGainControl: getMinGain()...
11-23 19:28:41.113  2758  4618 D Uvc     : [jni_devicehandle.cpp:894] Java_org_firstinspires_ftc_robotcore_internal_camera_libuvc_nativeobject_UvcDeviceHandle_nativeGetMinGain()...
11-23 19:28:41.114  2758  4618 D Uvc     : [jni_devicehandle.cpp:894] ...Java_org_firstinspires_ftc_robotcore_internal_camera_libuvc_nativeobject_UvcDeviceHandle_nativeGetMinGain()
11-23 19:28:41.115  2758  4618 D UvcApiGainControl: ...getMinGain(): 0
11-23 19:28:41.115  2758  4618 D UvcApiGainControl: getMaxGain()...
11-23 19:28:41.115  2758  4618 D Uvc     : [jni_devicehandle.cpp:917] Java_org_firstinspires_ftc_robotcore_internal_camera_libuvc_nativeobject_UvcDeviceHandle_nativeGetMaxGain()...
11-23 19:28:41.116  2758  4618 D Uvc     : [jni_devicehandle.cpp:917] ...Java_org_firstinspires_ftc_robotcore_internal_camera_libuvc_nativeobject_UvcDeviceHandle_nativeGetMaxGain()
11-23 19:28:41.117  2758  4618 D UvcApiGainControl: ...getMaxGain(): 255
11-23 19:28:41.117  2758  4618 D UvcApiGainControl: getGain()...
11-23 19:28:41.117  2758  4618 D Uvc     : [jni_devicehandle.cpp:940] Java_org_firstinspires_ftc_robotcore_internal_camera_libuvc_nativeobject_UvcDeviceHandle_nativeGetGain()...
11-23 19:28:41.119  2758  4618 D Uvc     : [jni_devicehandle.cpp:940] ...Java_org_firstinspires_ftc_robotcore_internal_camera_libuvc_nativeobject_UvcDeviceHandle_nativeGetGain()
11-23 19:28:41.119  2758  4618 D UvcApiGainControl: ...getGain(): 0
11-23 19:28:41.119  2758  4618 D UvcApiWhiteBalanceControl: getMinWhiteBalanceTemperature()...
11-23 19:28:41.119  2758  4618 D Uvc     : [jni_devicehandle.cpp:726] Java_org_firstinspires_ftc_robotcore_internal_camera_libuvc_nativeobject_UvcDeviceHandle_nativeGetMinWhiteBalanceTemperature()...
11-23 19:28:41.121  2758  4618 D Uvc     : [jni_devicehandle.cpp:726] ...Java_org_firstinspires_ftc_robotcore_internal_camera_libuvc_nativeobject_UvcDeviceHandle_nativeGetMinWhiteBalanceTemperature()
11-23 19:28:41.121  2758  4618 D UvcApiWhiteBalanceControl: ...getMinWhiteBalanceTemperature(): 0
11-23 19:28:41.122  2758  4618 D UvcApiWhiteBalanceControl: getMaxWhiteBalanceTemperature()...
11-23 19:28:41.122  2758  4618 D Uvc     : [jni_devicehandle.cpp:748] Java_org_firstinspires_ftc_robotcore_internal_camera_libuvc_nativeobject_UvcDeviceHandle_nativeGetMaxWhiteBalanceTemperature()...
11-23 19:28:41.123  2758  4618 D Uvc     : [jni_devicehandle.cpp:748] ...Java_org_firstinspires_ftc_robotcore_internal_camera_libuvc_nativeobject_UvcDeviceHandle_nativeGetMaxWhiteBalanceTemperature()
11-23 19:28:41.124  2758  4618 D UvcApiWhiteBalanceControl: ...getMaxWhiteBalanceTemperature(): 10000
11-23 19:28:41.124  2758  4618 D UvcApiWhiteBalanceControl: getWhiteBalanceTemperature()...
11-23 19:28:41.124  2758  4618 D Uvc     : [jni_devicehandle.cpp:793] Java_org_firstinspires_ftc_robotcore_internal_camera_libuvc_nativeobject_UvcDeviceHandle_nativeGetWhiteBalanceTemperature()...
11-23 19:28:41.126  2758  4618 D Uvc     : [jni_devicehandle.cpp:793] ...Java_org_firstinspires_ftc_robotcore_internal_camera_libuvc_nativeobject_UvcDeviceHandle_nativeGetWhiteBalanceTemperature()
11-23 19:28:41.126  2758  4618 D UvcApiWhiteBalanceControl: ...getWhiteBalanceTemperature(): 4000
11-23 19:28:41.126  2758  4618 D UsbResiliantWebcam: ...changeDelegatedCamera(null->CameraImpl(UvcDeviceHandle(pointer=0xca8e13f0|UvcDevice(/dev/bus/usb/003/003))))
11-23 19:28:41.126  2758  4618 D UsbResiliantWebcam: openSelfAndReport()...
11-23 19:28:41.127  2758  4618 V CameraImpl: construct(0x08c12afe)
11-23 19:28:41.128  2758  4618 D UsbResiliantWebcam: ...openSelfAndReport()
11-23 19:28:41.128  2758  4618 D UsbResiliantWebcam.InterveningStateCallback: ...onOpened() camera=CameraImpl(UvcDeviceHandle(pointer=0xca8e13f0|UvcDevice(/dev/bus/usb/003/003)))
11-23 19:28:41.129  2758  4618 D UvcDevice: ...open()
11-23 19:28:41.129  2758  4618 D UsbResiliantWebcam: ...openAssumingPermission()
11-23 19:28:41.129  2758  4619 D CameraManager: camera reports opened: CameraImpl(UsbResiliantWebcam(Webcam(D5386480)))
11-23 19:28:41.129  2758  4618 D CameraManager: ...asyncOpenWebcam(Webcam(D5386480))
11-23 19:28:41.129  2758  4618 D CameraManager: ...asyncOpenCamera(Webcam(D5386480))
11-23 19:28:41.129  2758  4619 D ContinuationSynchronizer: finish("camera reports opened: Webcam(D5386480)": CameraImpl(UsbResiliantWebcam(Webcam(D5386480))))...
11-23 19:28:41.130  2758  4619 D ContinuationSynchronizer: ...finish("camera reports opened: Webcam(D5386480)": CameraImpl(UsbResiliantWebcam(Webcam(D5386480))))
11-23 19:28:41.130  2758  4617 D ContinuationSynchronizer: ...awaiting(camera open)
11-23 19:28:41.130  2758  4617 D CameraManager: ...doOpenCamera()
11-23 19:28:41.135  2758  4617 D UvcContext: usb device is *not* UVC compatible, /dev/bus/usb/003/004
11-23 19:28:41.135  2758  4617 D UvcContext: found webcam: usbPath=/dev/bus/usb/003/003 vid=0x46D pid=0x825 serial=D5386480 product=C270 HD WEBCAM
11-23 19:28:41.135  2758  4617 D Uvc     : [jni_context.cpp:120] Java_org_firstinspires_ftc_robotcore_internal_camera_libuvc_nativeobject_UvcContext_nativeCreateUvcDevice()...
11-23 19:28:41.135  2758  4617 V Uvc     : API: Java_org_firstinspires_ftc_robotcore_internal_camera_libuvc_nativeobject_UvcContext_nativeCreateUvcDevice: enter...
11-23 19:28:41.137  2758  4617 D libusb  : [1160.900785] [00001209] libusb: debug [op_create] op_create: szUsbPath=/dev/bus/usb/003/003 szSysfsDir=3-1.4
11-23 19:28:41.137  2758  4617 D Uvc     : [device.cpp:613] uvc_create_uvc_device()...
11-23 19:28:41.137  2758  4617 D Uvc     : [libuvc/libuvc_internal.h:346] uvc_device::uvc_device()...
11-23 19:28:41.137  2758  4617 D Uvc     : [libuvc/libuvc_internal.h:375] acquired vid=1133 & pid=2085
11-23 19:28:41.137  2758  4617 D Uvc     : [libuvc/libuvc_internal.h:346] ...uvc_device::uvc_device()
11-23 19:28:41.137  2758  4617 D Uvc     : [device.cpp:613] ...uvc_create_uvc_device() rc=0
11-23 19:28:41.137  2758  4617 V Uvc     : API: Java_org_firstinspires_ftc_robotcore_internal_camera_libuvc_nativeobject_UvcContext_nativeCreateUvcDevice: ...exit
11-23 19:28:41.137  2758  4617 D Uvc     : [jni_context.cpp:120] ...Java_org_firstinspires_ftc_robotcore_internal_camera_libuvc_nativeobject_UvcContext_nativeCreateUvcDevice()
11-23 19:28:41.138  2758  4617 V UvcDevice: construct(pointer=0xcd0cd568|null)
11-23 19:28:41.138  2758  4617 D Uvc     : [jni_device.cpp:108] Java_org_firstinspires_ftc_robotcore_internal_camera_libuvc_nativeobject_UvcDevice_nativeGetLibUsbDevice()...
11-23 19:28:41.138  2758  4617 D Uvc     : [jni_device.cpp:108] ...Java_org_firstinspires_ftc_robotcore_internal_camera_libuvc_nativeobject_UvcDevice_nativeGetLibUsbDevice()
11-23 19:28:41.138  2758  4617 V LibUsbDevice: construct(pointer=0xcfee2680)
11-23 19:28:41.139  2758  4617 V UvcApiCameraCharacteristicsBuilder: construct(0x0faf84ac)
11-23 19:28:41.139  2758  4617 D Uvc     : [jni_device.cpp:289] Java_org_firstinspires_ftc_robotcore_internal_camera_libuvc_nativeobject_UvcDevice_nativeGetDeviceInfo()...
11-23 19:28:41.139  2758  4617 V Uvc     : API: Java_org_firstinspires_ftc_robotcore_internal_camera_libuvc_nativeobject_UvcDevice_nativeGetDeviceInfo: enter...
11-23 19:28:41.139  2758  4617 D Uvc     : [device.cpp:386] uvc_get_device_info()...
11-23 19:28:41.139  2758  4617 D libusb  : [1160.903285] [00001209] libusb: debug [op_get_config_descriptor] op_get_config_descriptor: config_index=0
11-23 19:28:41.139  2758  4617 D libusb  : [1160.903350] [00001209] libusb: debug [op_get_config_descriptor] op_get_config_descriptor: config_index=0
11-23 19:28:41.139  2758  4617 D Uvc     : [device.cpp:986] uvc_scan_control()...
11-23 19:28:41.140  2758  4617 D Uvc     : [device.cpp:1041] uvc_parse_vc_header()...
11-23 19:28:41.140  2758  4617 D Uvc     : [device.cpp:1284] uvc_scan_streaming()...
11-23 19:28:41.140  2758  4617 D Uvc     : [device.cpp:1340] uvc_parse_vs_input_header()...
11-23 19:28:41.140  2758  4617 D Uvc     : [device.cpp:1340] ...uvc_parse_vs_input_header() rc=0
11-23 19:28:41.140  2758  4617 D Uvc     : [device.cpp:1389] uvc_parse_vs_format_uncompressed()...
11-23 19:28:41.140  2758  4617 D Uvc     : [device.cpp:1389] ...uvc_parse_vs_format_uncompressed() rc=0
11-23 19:28:41.140  2758  4617 V Uvc     : [device.cpp:1630] unsupported descriptor subtype: 13 UVC_VS_COLORFORMAT
11-23 19:28:41.140  2758  4617 D Uvc     : [device.cpp:1449] uvc_parse_vs_format_mjpeg()...
11-23 19:28:41.140  2758  4617 D Uvc     : [device.cpp:1449] ...uvc_parse_vs_format_mjpeg() rc=0
11-23 19:28:41.141  2758  4617 V Uvc     : [device.cpp:1630] unsupported descriptor subtype: 13 UVC_VS_COLORFORMAT
11-23 19:28:41.141  2758  4617 D Uvc     : [device.cpp:1284] ...uvc_scan_streaming() rc=0
11-23 19:28:41.141  2758  4617 D Uvc     : [device.cpp:1041] ...uvc_parse_vc_header() rc=0
11-23 19:28:41.141  2758  4617 D Uvc     : [device.cpp:1083] uvc_parse_vc_input_terminal()...
11-23 19:28:41.141  2758  4617 D Uvc     : [device.cpp:1083] ...uvc_parse_vc_input_terminal() rc=0
11-23 19:28:41.141  2758  4617 D Uvc     : [device.cpp:1156] uvc_parse_vc_processing_unit()...
11-23 19:28:41.141  2758  4617 D Uvc     : [device.cpp:1156] ...uvc_parse_vc_processing_unit() rc=0
11-23 19:28:41.141  2758  4617 D Uvc     : [device.cpp:986] ...uvc_scan_control() rc=0
11-23 19:28:41.141  2758  4617 D Uvc     : [device.cpp:386] ...uvc_get_device_info() rc=0
11-23 19:28:41.141  2758  4617 V Uvc     : API: Java_org_firstinspires_ftc_robotcore_internal_camera_libuvc_nativeobject_UvcDevice_nativeGetDeviceInfo: ...exit
11-23 19:28:41.141  2758  4617 D Uvc     : [jni_device.cpp:289] ...Java_org_firstinspires_ftc_robotcore_internal_camera_libuvc_nativeobject_UvcDevice_nativeGetDeviceInfo()
11-23 19:28:41.141  2758  4617 V UvcDeviceInfo: construct(pointer=0xca81ca70)
11-23 19:28:41.142  2758  4617 V UvcStreamingInterface: construct(pointer=0xc477f700)
11-23 19:28:41.184  2758  4617 V UvcStreamingInterface: destroy(pointer=0xc477f700)
11-23 19:28:41.184  2758  4617 V UvcDeviceInfo: destroy(pointer=0xca81ca70)
11-23 19:28:41.184  2758  4617 D Uvc     : [jni_deviceinfo.cpp:63] Java_org_firstinspires_ftc_robotcore_internal_camera_libuvc_nativeobject_UvcDeviceInfo_nativeFreeDeviceInfo()...
11-23 19:28:41.184  2758  4617 V Uvc     : API: Java_org_firstinspires_ftc_robotcore_internal_camera_libuvc_nativeobject_UvcDeviceInfo_nativeFreeDeviceInfo: enter...
11-23 19:28:41.184  2758  4617 D Uvc     : [device.cpp:433] uvc_free_device_info()...
11-23 19:28:41.184  2758  4617 D Uvc     : [device.cpp:433] ...uvc_free_device_info()
11-23 19:28:41.184  2758  4617 V Uvc     : API: Java_org_firstinspires_ftc_robotcore_internal_camera_libuvc_nativeobject_UvcDeviceInfo_nativeFreeDeviceInfo: ...exit
11-23 19:28:41.184  2758  4617 D Uvc     : [jni_deviceinfo.cpp:63] ...Java_org_firstinspires_ftc_robotcore_internal_camera_libuvc_nativeobject_UvcDeviceInfo_nativeFreeDeviceInfo()
11-23 19:28:41.185  2758  4617 V UvcApiCameraCharacteristicsBuilder: destroy(hash=0x0faf84ac)
11-23 19:28:41.185  2758  4617 V UvcDevice: destroy(pointer=0xcd0cd568|/dev/bus/usb/003/003)
11-23 19:28:41.185  2758  4617 D Uvc     : [jni_device.cpp:126] Java_org_firstinspires_ftc_robotcore_internal_camera_libuvc_nativeobject_UvcDevice_nativeReleaseRefDevice()...
11-23 19:28:41.185  2758  4617 V Uvc     : API: Java_org_firstinspires_ftc_robotcore_internal_camera_libuvc_nativeobject_UvcDevice_nativeReleaseRefDevice: enter...
11-23 19:28:41.186  2758  4617 D Uvc     : [device.cpp:882] uvc_unref_device()...
11-23 19:28:41.186  2758  4617 D Uvc     : [device.cpp:882] ...uvc_unref_device()
11-23 19:28:41.186  2758  4617 V Uvc     : API: Java_org_firstinspires_ftc_robotcore_internal_camera_libuvc_nativeobject_UvcDevice_nativeReleaseRefDevice: ...exit
11-23 19:28:41.186  2758  4617 D Uvc     : [jni_device.cpp:126] ...Java_org_firstinspires_ftc_robotcore_internal_camera_libuvc_nativeobject_UvcDevice_nativeReleaseRefDevice()
11-23 19:28:41.186  2758  4617 V LibUsbDevice: destroy(pointer=0xcfee2680)
11-23 19:28:41.186  2758  4617 D Uvc     : [jni_libusb_device.cpp:64] Java_org_firstinspires_ftc_robotcore_internal_camera_libuvc_nativeobject_LibUsbDevice_nativeReleaseRefDevice()...
11-23 19:28:41.186  2758  4617 D Uvc     : [jni_libusb_device.cpp:64] ...Java_org_firstinspires_ftc_robotcore_internal_camera_libuvc_nativeobject_LibUsbDevice_nativeReleaseRefDevice()
11-23 19:28:41.188  2758  4617 D OpenCvViewport: CheckState(): user requested that we activate
11-23 19:28:41.188  2758  4617 D OpenCvViewport: CheckState(): activating viewport
11-23 19:28:41.189  2758  4617 D UsbResiliantWebcam: createCaptureSession()...
11-23 19:28:41.189  2758  4620 D OpenCvViewportRenderThread: Render thread is up!
11-23 19:28:41.189  2758  4617 V DelCaptureSession: construct(0x01301575)
11-23 19:28:41.191  2758  4617 D UsbResiliantWebcam|DelCaptureSession: onCameraChange(null->CameraImpl(UvcDeviceHandle(pointer=0xca8e13f0|UvcDevice(/dev/bus/usb/003/003))))...
11-23 19:28:41.191  2758  4617 D UsbResiliantWebcam|DelCaptureSession: ...onCameraChange(null->CameraImpl(UvcDeviceHandle(pointer=0xca8e13f0|UvcDevice(/dev/bus/usb/003/003))))
