11-30 15:54:32.441  4268  5297 I global  :  RENO - ChassisWith4Motors.drivingWithPID(ChassisWith4Motors.java:647): Motors power
11-30 15:54:32.475  4268  5297 I global  :  RENO - ChassisWith4Motors.drivingWithPID(ChassisWith4Motors.java:647): Motors power
11-30 15:54:32.498  4268  5297 I global  :  RENO - ChassisWith4Motors.drivingWithPID(ChassisWith4Motors.java:647): Motors power
11-30 15:54:32.521  4268  5297 I global  :  RENO - ChassisWith4Motors.drivingWithPID(ChassisWith4Motors.java:647): Motors power
11-30 15:54:32.535  4268  5297 I global  :  RENO - ChassisWith4Motors.drivingWithPID(ChassisWith4Motors.java:647): Motors power
11-30 15:54:32.557  4268  5297 I global  :  RENO - ChassisWith4Motors.drivingWithPID(ChassisWith4Motors.java:647): Motors power
11-30 15:54:32.575  4268  5297 I global  :  RENO - ChassisWith4Motors.drivingWithPID(ChassisWith4Motors.java:647): Motors power
11-30 15:54:32.602  4268  5297 I global  :  RENO - ChassisWith4Motors.drivingWithPID(ChassisWith4Motors.java:647): Motors power
11-30 15:54:32.620  4268  5297 I global  :  RENO - ChassisWith4Motors.drivingWithPID(ChassisWith4Motors.java:647): Motors power
11-30 15:54:32.635  4268  5297 I global  :  RENO - ChassisWith4Motors.drivingWithPID(ChassisWith4Motors.java:647): Motors power
11-30 15:54:32.650  4268  5297 I global  :  RENO - ChassisWith4Motors.drivingWithPID(ChassisWith4Motors.java:647): Motors power
11-30 15:54:32.666  4268  5297 I global  :  RENO - ChassisWith4Motors.drivingWithPID(ChassisWith4Motors.java:647): Motors power
11-30 15:54:32.680  4268  5297 I global  :  RENO - ChassisWith4Motors.drivingWithPID(ChassisWith4Motors.java:647): Motors power
11-30 15:54:32.695  4268  5297 I global  :  RENO - ChassisWith4Motors.drivingWithPID(ChassisWith4Motors.java:647): Motors power
11-30 15:54:32.710  4268  5297 I global  :  RENO - ChassisWith4Motors.drivingWithPID(ChassisWith4Motors.java:647): Motors power
11-30 15:54:32.724  4268  5297 I global  :  RENO - ChassisWith4Motors.drivingWithPID(ChassisWith4Motors.java:647): Motors power
11-30 15:54:32.740  4268  5297 I global  :  RENO - ChassisWith4Motors.drivingWithPID(ChassisWith4Motors.java:647): Motors power
11-30 15:54:32.758  4268  5297 I global  :  RENO - ChassisWith4Motors.drivingWithPID(ChassisWith4Motors.java:647): Motors power
11-30 15:54:32.772  4268  5297 I global  :  RENO - ChassisWith4Motors.drivingWithPID(ChassisWith4Motors.java:647): Motors power
11-30 15:54:32.786  4268  5297 I global  :  RENO - ChassisWith4Motors.drivingWithPID(ChassisWith4Motors.java:647): Motors power
11-30 15:54:32.800  4268  5297 I global  :  RENO - ChassisWith4Motors.drivingWithPID(ChassisWith4Motors.java:647): Motors power
11-30 15:54:32.814  4268  5297 I global  :  RENO - ChassisWith4Motors.drivingWithPID(ChassisWith4Motors.java:647): Motors power
11-30 15:54:32.828  4268  5297 I global  :  RENO - ChassisWith4Motors.drivingWithPID(ChassisWith4Motors.java:647): Motors power
11-30 15:54:32.844  4268  5297 I global  :  RENO - ChassisWith4Motors.drivingWithPID(ChassisWith4Motors.java:647): Motors power
11-30 15:54:32.859  4268  5297 I global  :  RENO - ChassisWith4Motors.drivingWithPID(ChassisWith4Motors.java:647): Motors power
11-30 15:54:32.876  4268  5297 I global  :  RENO - ChassisWith4Motors.drivingWithPID(ChassisWith4Motors.java:647): Motors power
11-30 15:54:32.892  4268  5297 I global  :  RENO - ChassisWith4Motors.drivingWithPID(ChassisWith4Motors.java:647): Motors power
11-30 15:54:32.908  4268  5297 I global  :  RENO - ChassisWith4Motors.drivingWithPID(ChassisWith4Motors.java:647): Motors power
11-30 15:54:32.927  4268  5297 I global  :  RENO - ChassisWith4Motors.drivingWithPID(ChassisWith4Motors.java:647): Motors power
11-30 15:54:32.952  4268  5297 I global  :  RENO - ChassisWith4Motors.drivingWithPID(ChassisWith4Motors.java:647): Motors power
11-30 15:54:33.002  4268  5297 I global  :  RENO - ChassisWith4Motors.drivingWithPID(ChassisWith4Motors.java:647): Motors power
11-30 15:54:33.024  4268  5297 I global  :  RENO - ChassisWith4Motors.drivingWithPID(ChassisWith4Motors.java:647): Motors power
11-30 15:54:33.056  4268  5297 I global  :  RENO - ChassisWith4Motors.drivingWithPID(ChassisWith4Motors.java:647): Motors power
11-30 15:54:33.081  4268  5297 I global  :  RENO - ChassisWith4Motors.drivingWithPID(ChassisWith4Motors.java:647): Motors power
11-30 15:54:33.102  4268  5297 I global  :  RENO - ChassisWith4Motors.drivingWithPID(ChassisWith4Motors.java:647): Motors power
11-30 15:54:33.125  4268  5297 I global  :  RENO - ChassisWith4Motors.drivingWithPID(ChassisWith4Motors.java:647): Motors power
11-30 15:54:33.145  4268  5297 I global  :  RENO - ChassisWith4Motors.drivingWithPID(ChassisWith4Motors.java:647): Motors power
11-30 15:54:33.166  4268  5297 I global  :  RENO - ChassisWith4Motors.drivingWithPID(ChassisWith4Motors.java:647): Motors power
11-30 15:54:33.184  4268  5297 I global  :  RENO - ChassisWith4Motors.drivingWithPID(ChassisWith4Motors.java:647): Motors power
11-30 15:54:33.199  4268  5297 I global  :  RENO - ChassisWith4Motors.drivingWithPID(ChassisWith4Motors.java:647): Motors power
11-30 15:54:33.215  4268  5297 I global  :  RENO - ChassisWith4Motors.drivingWithPID(ChassisWith4Motors.java:647): Motors power
11-30 15:54:33.229  4268  5297 I global  :  RENO - ChassisWith4Motors.drivingWithPID(ChassisWith4Motors.java:647): Motors power
11-30 15:54:33.248  4268  5297 I global  :  RENO - ChassisWith4Motors.drivingWithPID(ChassisWith4Motors.java:647): Motors power
11-30 15:54:33.274  4268  5297 I global  :  RENO - ChassisWith4Motors.drivingWithPID(ChassisWith4Motors.java:647): Motors power
11-30 15:54:33.291  4268  5297 I global  :  RENO - ChassisWith4Motors.drivingWithPID(ChassisWith4Motors.java:647): Motors power
11-30 15:54:33.314  4268  5297 I global  :  RENO - ChassisWith4Motors.drivingWithPID(ChassisWith4Motors.java:647): Motors power
11-30 15:54:33.329  4268  5297 I global  :  RENO - ChassisWith4Motors.drivingWithPID(ChassisWith4Motors.java:647): Motors power
11-30 15:54:33.356  4268  5297 I global  :  RENO - ChassisWith4Motors.drivingWithPID(ChassisWith4Motors.java:647): Motors power
11-30 15:54:33.376  4268  5297 I global  :  RENO - ChassisWith4Motors.drivingWithPID(ChassisWith4Motors.java:647): Motors power
11-30 15:54:33.400  4268  5297 I global  :  RENO - ChassisWith4Motors.drivingWithPID(ChassisWith4Motors.java:647): Motors power
11-30 15:54:33.422  4268  5297 I global  :  RENO - ChassisWith4Motors.drivingWithPID(ChassisWith4Motors.java:647): Motors power
11-30 15:54:33.446  4268  5297 I global  :  RENO - ChassisWith4Motors.drivingWithPID(ChassisWith4Motors.java:647): Motors power
11-30 15:54:33.467  4268  5297 I global  :  RENO - ChassisWith4Motors.drivingWithPID(ChassisWith4Motors.java:647): Motors power
11-30 15:54:33.499  4268  5297 I global  :  RENO - ChassisWith4Motors.drivingWithPID(ChassisWith4Motors.java:647): Motors power
11-30 15:54:33.516  4268  5297 I global  :  RENO - ChassisWith4Motors.drivingWithPID(ChassisWith4Motors.java:647): Motors power
11-30 15:54:33.536  4268  5297 I global  :  RENO - ChassisWith4Motors.drivingWithPID(ChassisWith4Motors.java:647): Motors power
11-30 15:54:33.552  4268  5297 I global  :  RENO - ChassisWith4Motors.drivingWithPID(ChassisWith4Motors.java:647): Motors power
11-30 15:54:33.568  4268  5297 I global  :  RENO - ChassisWith4Motors.drivingWithPID(ChassisWith4Motors.java:647): Motors power
11-30 15:54:33.582  4268  5297 I global  :  RENO - ChassisWith4Motors.drivingWithPID(ChassisWith4Motors.java:647): Motors power
11-30 15:54:33.600  4268  5297 I global  :  RENO - ChassisWith4Motors.drivingWithPID(ChassisWith4Motors.java:647): Motors power
11-30 15:54:33.617  4268  5297 I global  :  RENO - ChassisWith4Motors.drivingWithPID(ChassisWith4Motors.java:647): Motors power
11-30 15:54:33.632  4268  5297 I global  :  RENO - ChassisWith4Motors.drivingWithPID(ChassisWith4Motors.java:647): Motors power
11-30 15:54:33.648  4268  5297 I global  :  RENO - ChassisWith4Motors.drivingWithPID(ChassisWith4Motors.java:647): Motors power
11-30 15:54:33.664  4268  5297 I global  :  RENO - ChassisWith4Motors.drivingWithPID(ChassisWith4Motors.java:647): Motors power
11-30 15:54:33.680  4268  5297 I global  :  RENO - ChassisWith4Motors.drivingWithPID(ChassisWith4Motors.java:647): Motors power
11-30 15:54:33.696  4268  5297 I global  :  RENO - ChassisWith4Motors.drivingWithPID(ChassisWith4Motors.java:647): Motors power
11-30 15:54:33.713  4268  5297 I global  :  RENO - ChassisWith4Motors.drivingWithPID(ChassisWith4Motors.java:647): Motors power
11-30 15:54:33.720  4268  4386 E Robocol : exception SocketTimeoutException(Receive timed out): no packet received [java.net.PlainDatagramSocketImpl.receive0(Native Method)]
11-30 15:54:33.730  4268  5297 I global  :  RENO - ChassisWith4Motors.drivingWithPID(ChassisWith4Motors.java:647): Motors power
11-30 15:54:33.746  4268  5297 I global  :  RENO - ChassisWith4Motors.drivingWithPID(ChassisWith4Motors.java:647): Motors power
11-30 15:54:33.763  4268  5297 I global  :  RENO - ChassisWith4Motors.drivingWithPID(ChassisWith4Motors.java:647): Motors power
11-30 15:54:33.784  4268  5297 I global  :  RENO - ChassisWith4Motors.drivingWithPID(ChassisWith4Motors.java:647): Motors power
11-30 15:54:33.801  4268  5297 I global  :  RENO - ChassisWith4Motors.drivingWithPID(ChassisWith4Motors.java:647): Motors power
11-30 15:54:33.817  4268  5297 I global  :  RENO - ChassisWith4Motors.drivingWithPID(ChassisWith4Motors.java:647): Motors power
11-30 15:54:33.832  4268  5297 I global  :  RENO - ChassisWith4Motors.drivingWithPID(ChassisWith4Motors.java:647): Motors power
11-30 15:54:33.852  4268  5297 I global  :  RENO - ChassisWith4Motors.drivingWithPID(ChassisWith4Motors.java:647): Motors power
11-30 15:54:33.869  4268  5297 I global  :  RENO - ChassisWith4Motors.drivingWithPID(ChassisWith4Motors.java:647): Motors power
11-30 15:54:33.886  4268  5297 I global  :  RENO - ChassisWith4Motors.drivingWithPID(ChassisWith4Motors.java:647): Motors power
11-30 15:54:33.903  4268  5297 I global  :  RENO - ChassisWith4Motors.drivingWithPID(ChassisWith4Motors.java:647): Motors power
11-30 15:54:33.919  4268  5297 I global  :  RENO - ChassisWith4Motors.drivingWithPID(ChassisWith4Motors.java:647): Motors power
11-30 15:54:33.935  4268  5297 I global  :  RENO - ChassisWith4Motors.drivingWithPID(ChassisWith4Motors.java:647): Motors power
11-30 15:54:33.964  4268  5297 I global  :  RENO - ChassisWith4Motors.drivingWithPID(ChassisWith4Motors.java:647): Motors power
11-30 15:54:33.985  4268  5297 I global  :  RENO - ChassisWith4Motors.drivingWithPID(ChassisWith4Motors.java:647): Motors power
11-30 15:54:34.020  4268  5297 I global  :  RENO - ChassisWith4Motors.drivingWithPID(ChassisWith4Motors.java:647): Motors power
11-30 15:54:34.036  4268  5297 I global  :  RENO - ChassisWith4Motors.drivingWithPID(ChassisWith4Motors.java:647): Motors power
11-30 15:54:34.052  4268  5297 I global  :  RENO - ChassisWith4Motors.drivingWithPID(ChassisWith4Motors.java:647): Motors power
11-30 15:54:34.069  4268  5297 I global  :  RENO - ChassisWith4Motors.drivingWithPID(ChassisWith4Motors.java:647): Motors power
11-30 15:54:34.085  4268  5297 I global  :  RENO - ChassisWith4Motors.drivingWithPID(ChassisWith4Motors.java:647): Motors power
11-30 15:54:34.104  4268  5297 I global  :  RENO - ChassisWith4Motors.drivingWithPID(ChassisWith4Motors.java:647): Motors power
11-30 15:54:34.122  4268  5297 I global  :  RENO - ChassisWith4Motors.drivingWithPID(ChassisWith4Motors.java:647): Motors power
11-30 15:54:34.138  4268  5297 I global  :  RENO - ChassisWith4Motors.drivingWithPID(ChassisWith4Motors.java:647): Motors power
11-30 15:54:34.154  4268  5297 I global  :  RENO - ChassisWith4Motors.drivingWithPID(ChassisWith4Motors.java:647): Motors power
11-30 15:54:34.170  4268  5297 I global  :  RENO - ChassisWith4Motors.drivingWithPID(ChassisWith4Motors.java:647): Motors power
11-30 15:54:34.186  4268  5297 I global  :  RENO - ChassisWith4Motors.drivingWithPID(ChassisWith4Motors.java:647): Motors power
11-30 15:54:34.202  4268  5297 I global  :  RENO - ChassisWith4Motors.drivingWithPID(ChassisWith4Motors.java:647): Motors power
11-30 15:54:34.216  4268  5297 I global  :  RENO - ChassisWith4Motors.drivingWithPID(ChassisWith4Motors.java:647): Motors power
11-30 15:54:34.232  4268  5297 I global  :  RENO - ChassisWith4Motors.drivingWithPID(ChassisWith4Motors.java:647): Motors power
11-30 15:54:34.246  4268  5297 I global  :  RENO - ChassisWith4Motors.drivingWithPID(ChassisWith4Motors.java:647): Motors power
11-30 15:54:34.262  4268  5297 I global  :  RENO - ChassisWith4Motors.drivingWithPID(ChassisWith4Motors.java:647): Motors power
11-30 15:54:34.276  4268  5297 I global  :  RENO - ChassisWith4Motors.drivingWithPID(ChassisWith4Motors.java:647): Motors power
11-30 15:54:34.294  4268  5297 I global  :  RENO - ChassisWith4Motors.drivingWithPID(ChassisWith4Motors.java:647): Motors power
11-30 15:54:34.311  4268  5297 I global  :  RENO - ChassisWith4Motors.drivingWithPID(ChassisWith4Motors.java:647): Motors power
11-30 15:54:34.326  4268  5297 I global  :  RENO - ChassisWith4Motors.drivingWithPID(ChassisWith4Motors.java:647): Motors power
11-30 15:54:34.343  4268  5297 I global  :  RENO - ChassisWith4Motors.drivingWithPID(ChassisWith4Motors.java:647): Motors power
11-30 15:54:34.359  4268  5297 I global  :  RENO - ChassisWith4Motors.drivingWithPID(ChassisWith4Motors.java:647): Motors power
11-30 15:54:34.374  4268  5297 I global  :  RENO - ChassisWith4Motors.drivingWithPID(ChassisWith4Motors.java:647): Motors power
11-30 15:54:34.389  4268  5297 I global  :  RENO - ChassisWith4Motors.drivingWithPID(ChassisWith4Motors.java:647): Motors power
11-30 15:54:34.403  4268  5297 I global  :  RENO - ChassisWith4Motors.drivingWithPID(ChassisWith4Motors.java:647): Motors power
11-30 15:54:34.417  4268  5297 I global  :  RENO - ChassisWith4Motors.drivingWithPID(ChassisWith4Motors.java:647): Motors power
11-30 15:54:34.433  4268  5297 I global  :  RENO - ChassisWith4Motors.drivingWithPID(ChassisWith4Motors.java:647): Motors power
11-30 15:54:34.446  4268  5297 I global  :  RENO - ChassisWith4Motors.drivingWithPID(ChassisWith4Motors.java:647): Motors power
11-30 15:54:34.471  4268  5297 I global  :  RENO - ChassisWith4Motors.drivingWithPID(ChassisWith4Motors.java:647): Motors power
11-30 15:54:34.489  4268  5297 I global  :  RENO - ChassisWith4Motors.drivingWithPID(ChassisWith4Motors.java:647): Motors power
11-30 15:54:34.521  4268  5297 I global  :  RENO - ChassisWith4Motors.drivingWithPID(ChassisWith4Motors.java:647): Motors power
11-30 15:54:34.538  4268  5297 I global  :  RENO - ChassisWith4Motors.drivingWithPID(ChassisWith4Motors.java:647): Motors power
11-30 15:54:34.555  4268  5297 I global  :  RENO - ChassisWith4Motors.drivingWithPID(ChassisWith4Motors.java:647): Motors power
11-30 15:54:34.571  4268  5297 I global  :  RENO - ChassisWith4Motors.drivingWithPID(ChassisWith4Motors.java:647): Motors power
11-30 15:54:34.587  4268  5297 I global  :  RENO - ChassisWith4Motors.drivingWithPID(ChassisWith4Motors.java:647): Motors power
11-30 15:54:34.607  4268  5297 I global  :  RENO - ChassisWith4Motors.drivingWithPID(ChassisWith4Motors.java:647): Motors power
11-30 15:54:34.623  4268  5297 I global  :  RENO - ChassisWith4Motors.drivingWithPID(ChassisWith4Motors.java:647): Motors power
11-30 15:54:34.641  4268  5297 I global  :  RENO - ChassisWith4Motors.drivingWithPID(ChassisWith4Motors.java:647): Motors power
11-30 15:54:34.658  4268  5297 I global  :  RENO - ChassisWith4Motors.drivingWithPID(ChassisWith4Motors.java:647): Motors power
11-30 15:54:34.675  4268  5297 I global  :  RENO - ChassisWith4Motors.drivingWithPID(ChassisWith4Motors.java:647): Motors power
11-30 15:54:34.692  4268  5297 I global  :  RENO - ChassisWith4Motors.drivingWithPID(ChassisWith4Motors.java:647): Motors power
11-30 15:54:34.709  4268  5297 I global  :  RENO - ChassisWith4Motors.drivingWithPID(ChassisWith4Motors.java:647): Motors power
11-30 15:54:34.726  4268  5297 I global  :  RENO - ChassisWith4Motors.drivingWithPID(ChassisWith4Motors.java:647): Motors power
11-30 15:54:34.741  4268  5297 I global  :  RENO - ChassisWith4Motors.drivingWithPID(ChassisWith4Motors.java:647): Motors power
11-30 15:54:34.756  4268  5297 I global  :  RENO - ChassisWith4Motors.drivingWithPID(ChassisWith4Motors.java:647): Motors power
11-30 15:54:34.771  4268  5297 I global  :  RENO - ChassisWith4Motors.drivingWithPID(ChassisWith4Motors.java:647): Motors power
11-30 15:54:34.785  4268  5297 I global  :  RENO - ChassisWith4Motors.drivingWithPID(ChassisWith4Motors.java:647): Motors power
11-30 15:54:34.799  4268  5297 I global  :  RENO - ChassisWith4Motors.drivingWithPID(ChassisWith4Motors.java:647): Motors power
11-30 15:54:34.817  4268  5297 I global  :  RENO - ChassisWith4Motors.drivingWithPID(ChassisWith4Motors.java:647): Motors power
11-30 15:54:34.834  4268  5297 I global  :  RENO - ChassisWith4Motors.drivingWithPID(ChassisWith4Motors.java:647): Motors power
11-30 15:54:34.851  4268  5297 I global  :  RENO - ChassisWith4Motors.drivingWithPID(ChassisWith4Motors.java:647): Motors power
11-30 15:54:34.867  4268  5297 I global  :  RENO - ChassisWith4Motors.drivingWithPID(ChassisWith4Motors.java:647): Motors power
11-30 15:54:34.882  4268  5297 I global  :  RENO - ChassisWith4Motors.drivingWithPID(ChassisWith4Motors.java:647): Motors power
11-30 15:54:34.898  4268  5297 I global  :  RENO - ChassisWith4Motors.drivingWithPID(ChassisWith4Motors.java:647): Motors power
11-30 15:54:34.914  4268  5297 I global  :  RENO - ChassisWith4Motors.drivingWithPID(ChassisWith4Motors.java:647): Motors power
11-30 15:54:34.929  4268  5297 I global  :  RENO - ChassisWith4Motors.drivingWithPID(ChassisWith4Motors.java:647): Motors power
11-30 15:54:34.945  4268  5297 I global  :  RENO - ChassisWith4Motors.drivingWithPID(ChassisWith4Motors.java:647): Motors power
11-30 15:54:34.959  4268  5297 I global  :  RENO - ChassisWith4Motors.drivingWithPID(ChassisWith4Motors.java:647): Motors power
11-30 15:54:34.986  4268  5297 I global  :  RENO - ChassisWith4Motors.drivingWithPID(ChassisWith4Motors.java:647): Motors power
11-30 15:54:35.008  4268  5297 I global  :  RENO - ChassisWith4Motors.drivingWithPID(ChassisWith4Motors.java:647): Motors power
11-30 15:54:35.040  4268  5297 I global  :  RENO - ChassisWith4Motors.drivingWithPID(ChassisWith4Motors.java:647): Motors power
11-30 15:54:35.056  4268  5297 I global  :  RENO - ChassisWith4Motors.drivingWithPID(ChassisWith4Motors.java:647): Motors power
11-30 15:54:35.079  4268  5297 I global  :  RENO - ChassisWith4Motors.drivingWithPID(ChassisWith4Motors.java:647): Motors power
11-30 15:54:35.095  4268  5297 I global  :  RENO - ChassisWith4Motors.drivingWithPID(ChassisWith4Motors.java:647): Motors power
11-30 15:54:35.112  4268  5297 I global  :  RENO - ChassisWith4Motors.drivingWithPID(ChassisWith4Motors.java:647): Motors power
11-30 15:54:35.129  4268  5297 I global  :  RENO - ChassisWith4Motors.drivingWithPID(ChassisWith4Motors.java:647): Motors power
11-30 15:54:35.145  4268  5297 I global  :  RENO - ChassisWith4Motors.drivingWithPID(ChassisWith4Motors.java:647): Motors power
11-30 15:54:35.161  4268  5297 I global  :  RENO - ChassisWith4Motors.drivingWithPID(ChassisWith4Motors.java:647): Motors power
11-30 15:54:35.176  4268  5297 I global  :  RENO - ChassisWith4Motors.drivingWithPID(ChassisWith4Motors.java:647): Motors power
11-30 15:54:35.191  4268  5297 I global  :  RENO - ChassisWith4Motors.drivingWithPID(ChassisWith4Motors.java:647): Motors power
11-30 15:54:35.207  4268  5297 I global  :  RENO - ChassisWith4Motors.drivingWithPID(ChassisWith4Motors.java:647): Motors power
11-30 15:54:35.221  4268  5297 I global  :  RENO - ChassisWith4Motors.drivingWithPID(ChassisWith4Motors.java:647): Motors power
11-30 15:54:35.237  4268  5297 I global  :  RENO - ChassisWith4Motors.drivingWithPID(ChassisWith4Motors.java:647): Motors power
11-30 15:54:35.251  4268  5297 I global  :  RENO - ChassisWith4Motors.drivingWithPID(ChassisWith4Motors.java:647): Motors power
11-30 15:54:35.267  4268  5297 I global  :  RENO - ChassisWith4Motors.drivingWithPID(ChassisWith4Motors.java:647): Motors power
11-30 15:54:35.280  4268  5297 I global  :  RENO - ChassisWith4Motors.drivingWithPID(ChassisWith4Motors.java:647): Motors power
11-30 15:54:35.296  4268  5297 I global  :  RENO - ChassisWith4Motors.drivingWithPID(ChassisWith4Motors.java:647): Motors power
11-30 15:54:35.310  4268  5297 I global  :  RENO - ChassisWith4Motors.drivingWithPID(ChassisWith4Motors.java:647): Motors power
11-30 15:54:35.328  4268  5297 I global  :  RENO - ChassisWith4Motors.drivingWithPID(ChassisWith4Motors.java:647): Motors power
11-30 15:54:35.348  4268  5297 I global  :  RENO - ChassisWith4Motors.drivingWithPID(ChassisWith4Motors.java:647): Motors power
11-30 15:54:35.363  4268  5297 I global  :  RENO - ChassisWith4Motors.drivingWithPID(ChassisWith4Motors.java:647): Motors power
11-30 15:54:35.380  4268  5297 I global  :  RENO - ChassisWith4Motors.drivingWithPID(ChassisWith4Motors.java:647): Motors power
11-30 15:54:35.397  4268  5297 I global  :  RENO - ChassisWith4Motors.drivingWithPID(ChassisWith4Motors.java:647): Motors power
11-30 15:54:35.412  4268  5297 I global  :  RENO - ChassisWith4Motors.drivingWithPID(ChassisWith4Motors.java:647): Motors power
11-30 15:54:35.430  4268  5297 I global  :  RENO - ChassisWith4Motors.drivingWithPID(ChassisWith4Motors.java:647): Motors power
11-30 15:54:35.445  4268  4387 V UpdateUI: Network: active, disconnected
11-30 15:54:35.445  4268  4387 I RobotCore: ******************** STOP - OPMODE /storage/emulated/0/FIRST/matchlogs/Match-0-TeleopDualDrivers.txt ********************
11-30 15:54:35.455  4268  5297 I global  :  RENO - ChassisWith4Motors.drivingWithPID(ChassisWith4Motors.java:647): Motors power
11-30 15:54:35.464  4268  4387 I EventLoopManager: Lost connection while running op mode: TeleopDualDrivers
11-30 15:54:35.464  4268  4387 V NetworkConnectionHandler: Peer connection lost
11-30 15:54:35.467  4268  5299 I RobotCore: saving match logcat to /storage/emulated/0/FIRST/matchlogs/Match-0-TeleopDualDrivers.txt
11-30 15:54:35.467  4268  5299 I RobotCore: logging command line: exec logcat -d -T '11-30 15:54:27.000' -f '/storage/emulated/0/FIRST/matchlogs/Match-0-TeleopDualDrivers.txt' -n4 -v threadtime UsbRequestJNI:S UsbRequest:S art:W ThreadPool:W System:W ExtendedExtractor:W OMXClient:W MediaPlayer:W dalvikvm:W  *:V
11-30 15:54:35.476  4268  5297 I global  :  RENO - ChassisWith4Motors.drivingWithPID(ChassisWith4Motors.java:647): Motors power
11-30 15:54:35.505  4268  5297 I global  :  RENO - ChassisWith4Motors.drivingWithPID(ChassisWith4Motors.java:647): Motors power
11-30 15:54:35.525  4268  5297 I global  :  RENO - ChassisWith4Motors.drivingWithPID(ChassisWith4Motors.java:647): Motors power
11-30 15:54:35.544  4268  5299 I RobotCore: Done running exec logcat -d -T '11-30 15:54:27.000' -f '/storage/emulated/0/FIRST/matchlogs/Match-0-TeleopDualDrivers.txt' -n4 -v threadtime UsbRequestJNI:S UsbRequest:S art:W ThreadPool:W System:W ExtendedExtractor:W OMXClient:W MediaPlayer:W dalvikvm:W  *:V
11-30 15:54:35.545  4268  5299 I RobotCore: exiting match logcat for /storage/emulated/0/FIRST/matchlogs/Match-0-TeleopDualDrivers.txt
11-30 15:54:35.552  4268  4390 V SoundInfo: construct(0x0b2a481c)
11-30 15:54:35.553  4268  5297 I global  :  RENO - ChassisWith4Motors.drivingWithPID(ChassisWith4Motors.java:647): Motors power
11-30 15:54:35.568  4268  5297 I global  :  RENO - ChassisWith4Motors.drivingWithPID(ChassisWith4Motors.java:647): Motors power
11-30 15:54:35.575  4268  4389 I MediaCodec: callingProcessName:com.qualcomm.ftcrobotcontroller
11-30 15:54:35.578  4268  5306 I ACodec  : onAllocateComponent:6752 mSoftCodecPref:0 componentName:
11-30 15:54:35.579  4268  5306 I ACodec  : onAllocateComponent:6783 mSoftCodecPref:0 componentName:OMX.google.raw.decoder
11-30 15:54:35.584  4268  5297 I global  :  RENO - ChassisWith4Motors.drivingWithPID(ChassisWith4Motors.java:647): Motors power
11-30 15:54:35.603  4268  5297 I global  :  RENO - ChassisWith4Motors.drivingWithPID(ChassisWith4Motors.java:647): Motors power
11-30 15:54:35.608  4268  4304 D SoundPlayer: onLoadComplete(samp=3|ms=901, samp=3)=0
11-30 15:54:35.610  4268  4390 W AudioTrack: AUDIO_OUTPUT_FLAG_FAST denied by client; transfer 4, track 48000 Hz, output 44100 Hz
11-30 15:54:35.617  4268  4390 D SoundPlayer: playing volume=0.000000 samp=3|ms=901
11-30 15:54:35.618  4268  5297 I global  :  RENO - ChassisWith4Motors.drivingWithPID(ChassisWith4Motors.java:647): Motors power
11-30 15:54:35.631  4268  5297 I global  :  RENO - ChassisWith4Motors.drivingWithPID(ChassisWith4Motors.java:647): Motors power
11-30 15:54:35.645  4268  5297 I global  :  RENO - ChassisWith4Motors.drivingWithPID(ChassisWith4Motors.java:647): Motors power
11-30 15:54:35.658  4268  5297 I global  :  RENO - ChassisWith4Motors.drivingWithPID(ChassisWith4Motors.java:647): Motors power
11-30 15:54:35.673  4268  5297 I global  :  RENO - ChassisWith4Motors.drivingWithPID(ChassisWith4Motors.java:647): Motors power
11-30 15:54:35.687  4268  5297 I global  :  RENO - ChassisWith4Motors.drivingWithPID(ChassisWith4Motors.java:647): Motors power
11-30 15:54:35.701  4268  5297 I global  :  RENO - ChassisWith4Motors.drivingWithPID(ChassisWith4Motors.java:647): Motors power
11-30 15:54:35.715  4268  5297 I global  :  RENO - ChassisWith4Motors.drivingWithPID(ChassisWith4Motors.java:647): Motors power
11-30 15:54:35.730  4268  5297 I global  :  RENO - ChassisWith4Motors.drivingWithPID(ChassisWith4Motors.java:647): Motors power
11-30 15:54:35.742  4268  5297 I global  :  RENO - ChassisWith4Motors.drivingWithPID(ChassisWith4Motors.java:647): Motors power
11-30 15:54:35.756  4268  5297 I global  :  RENO - ChassisWith4Motors.drivingWithPID(ChassisWith4Motors.java:647): Motors power
11-30 15:54:35.770  4268  5297 I global  :  RENO - ChassisWith4Motors.drivingWithPID(ChassisWith4Motors.java:647): Motors power
11-30 15:54:35.785  4268  5297 I global  :  RENO - ChassisWith4Motors.drivingWithPID(ChassisWith4Motors.java:647): Motors power
11-30 15:54:35.799  4268  5297 I global  :  RENO - ChassisWith4Motors.drivingWithPID(ChassisWith4Motors.java:647): Motors power
11-30 15:54:35.813  4268  5297 I global  :  RENO - ChassisWith4Motors.drivingWithPID(ChassisWith4Motors.java:647): Motors power
11-30 15:54:35.827  4268  5297 I global  :  RENO - ChassisWith4Motors.drivingWithPID(ChassisWith4Motors.java:647): Motors power
11-30 15:54:35.841  4268  5297 I global  :  RENO - ChassisWith4Motors.drivingWithPID(ChassisWith4Motors.java:647): Motors power
11-30 15:54:35.859  4268  5297 I global  :  RENO - ChassisWith4Motors.drivingWithPID(ChassisWith4Motors.java:647): Motors power
11-30 15:54:35.873  4268  5297 I global  :  RENO - ChassisWith4Motors.drivingWithPID(ChassisWith4Motors.java:647): Motors power
11-30 15:54:35.889  4268  5297 I global  :  RENO - ChassisWith4Motors.drivingWithPID(ChassisWith4Motors.java:647): Motors power
11-30 15:54:35.903  4268  5297 I global  :  RENO - ChassisWith4Motors.drivingWithPID(ChassisWith4Motors.java:647): Motors power
11-30 15:54:35.918  4268  5297 I global  :  RENO - ChassisWith4Motors.drivingWithPID(ChassisWith4Motors.java:647): Motors power
11-30 15:54:35.934  4268  5297 I global  :  RENO - ChassisWith4Motors.drivingWithPID(ChassisWith4Motors.java:647): Motors power
11-30 15:54:35.948  4268  5297 I global  :  RENO - ChassisWith4Motors.drivingWithPID(ChassisWith4Motors.java:647): Motors power
11-30 15:54:35.961  4268  5297 I global  :  RENO - ChassisWith4Motors.drivingWithPID(ChassisWith4Motors.java:647): Motors power
11-30 15:54:35.969  4268  5297 D RobotCore: User runOpModeMethod exited
11-30 15:54:35.972  4268  5297 V RobotCore: thread: ...terminating 'OpModeThread'
11-30 15:54:35.978  4268  4413 I RobotCore: Attempting to switch to op mode $Stop$Robot$
11-30 15:54:35.978  4268  4413 D HardwareMap: Clearing which device instances have been retrieved
11-30 15:54:35.978  4268  4413 D HardwareMap: Clearing which device instances have been retrieved
11-30 15:54:35.981  4268  5311 V RobotCore: thread: 'OpModeThread' starting...
--------- beginning of main
12-31 18:00:14.433   991   991 V OnBotJava: ctor()...
12-31 18:00:14.435   991   991 V OnBotJava: ...ctor()
12-31 18:00:14.442   991   991 V RCActivity: Permissions validated already
12-31 18:00:14.443   991   991 V RCActivity: onCreate()
12-31 18:00:14.445   991   991 V RCActivity: rootActivity is of class PermissionValidatorWrapper
12-31 18:00:14.445   991   991 V RCActivity: launchActivity is of class class org.firstinspires.ftc.robotcontroller.internal.PermissionValidatorWrapper
12-31 18:00:14.455   991  1091 V CallbackLooper: thread=30
12-31 18:00:14.463   991   991 V NetDiscover_wifiDirectAgent: doStart()...
12-31 18:00:14.468   991   991 V NetDiscover_wifiDirectAgent: ...doStart()
12-31 18:00:14.469   991   991 V NetDiscover_prefremrc: ----- all preferences -----
12-31 18:00:14.469   991   991 V NetDiscover_prefremrc: name='android.permission.READ_PHONE_STATE' value=false
12-31 18:00:14.469   991   991 V NetDiscover_prefremrc: name='pref_autostarted_robot_controller' value=true
12-31 18:00:14.470   991   991 V NetDiscover_prefremrc: name='pref_warn_about_obsolete_software' value=true
12-31 18:00:14.470   991   991 V NetDiscover_prefremrc: name='pref_has_independent_phone_battery' value=false
12-31 18:00:14.470   991   991 V NetDiscover_prefremrc: name='android.permission.CAMERA' value=false
12-31 18:00:14.470   991   991 V NetDiscover_prefremrc: name='pref_wifip2p_remote_channel_change_works' value=false
12-31 18:00:14.470   991   991 V NetDiscover_prefremrc: name='pref_hardware_config_filename' value={"isDirty":false,"location":"LOCAL_STORAGE","name":"ServoCamera6Motor","resourceId":0}
12-31 18:00:14.470   991   991 V NetDiscover_prefremrc: name='pref_sound_on_off' value=false
12-31 18:00:14.471   991   991 V NetDiscover_prefremrc: name='pref_warn_about_mismatched_app_versions' value=true
12-31 18:00:14.471   991   991 V NetDiscover_prefremrc: name='pref_ftc_season_year_of_current_rc_new' value=2022
12-31 18:00:14.471   991   991 V NetDiscover_prefremrc: name='App Restrictions' value=AAAAAA==
12-31 18:00:14.471   991   991 V NetDiscover_prefremrc:     
12-31 18:00:14.471   991   991 V NetDiscover_prefremrc: name='pref_warn_about_incorrect_clocks' value=true
12-31 18:00:14.471   991   991 V NetDiscover_prefremrc: name='pref_has_speaker' value=false
12-31 18:00:14.471   991   991 V NetDiscover_prefremrc: name='pref_ftc_season_year_of_current_rc' value=2022
12-31 18:00:14.471   991   991 V NetDiscover_prefremrc: name='android.permission.ACCESS_COARSE_LOCATION' value=false
12-31 18:00:14.472   991   991 V NetDiscover_prefremrc: name='android.permission.WRITE_EXTERNAL_STORAGE' value=false
12-31 18:00:14.472   991   991 V NetDiscover_prefremrc: name='pref_connection_owner_password' value=password
12-31 18:00:14.472   991   991 V NetDiscover_prefremrc: name='pref_pairing_kind' value=RCWIRELESSAP
12-31 18:00:14.472   991   991 V NetDiscover_prefremrc: name='pref_device_name_internal' value=FTC-eE8w
12-31 18:00:14.472   991   991 V NetDiscover_prefremrc: name='pref_app_theme' value=red
12-31 18:00:14.472   991   991 V NetDiscover_prefremrc: name='android.permission.ACCESS_FINE_LOCATION' value=false
12-31 18:00:14.472   991   991 V NetDiscover_prefremrc: name='pref_device_name' value=FTC-eE8w
12-31 18:00:14.472   991   991 V NetDiscover_prefremrc: name='pref_warn_about_2_4_ghz_band' value=true
12-31 18:00:14.472   991   991 V NetDiscover_prefremrc: name='pref_device_name_tracking' value=WIFIAP
12-31 18:00:14.472   991   991 V NetDiscover_prefremrc: name='android.permission.READ_EXTERNAL_STORAGE' value=false
12-31 18:00:14.473   991   991 V NetDiscover_prefremrc: name='pref_rc_connected' value=true
12-31 18:00:14.478   991   991 V Robocol : SendOnceRunnable created
12-31 18:00:14.480   991   991 V NetDiscover_prefremrc: doStart()...
12-31 18:00:14.480   991   991 V NetDiscover_prefremrc: ...doStart()
12-31 18:00:14.523   991   991 W System  : ClassLoader referenced unknown path: /system/app/webview/lib/arm
12-31 18:00:14.524   991   991 D ApplicationLoaders: ignored Vulkan layer search path /system/app/webview/lib/arm:/system/app/webview/webview.apk!/lib/armeabi-v7a:/system/lib:/vendor/lib for namespace 0xee43f090
12-31 18:00:14.528   991   991 I WebViewFactory: Loading com.android.webview version 52.0.2743.100 (code 275610050)
12-31 18:00:14.538   991  1094 E ControlHubApChannelManager: Timeout while getting current channel from AP service
12-31 18:00:14.651   991   991 I cr_LibraryLoader: Time to load native libraries: 90 ms (timestamps 4561-4651)
12-31 18:00:14.652   991   991 I cr_LibraryLoader: Expected native library version number "52.0.2743.100", actual native library version number "52.0.2743.100"
12-31 18:00:14.671   991   991 V WebViewChromiumFactoryProvider: Binding Chromium to main looper Looper (main, tid 1) {f667674}
12-31 18:00:14.671   991   991 I cr_LibraryLoader: Expected native library version number "52.0.2743.100", actual native library version number "52.0.2743.100"
12-31 18:00:14.698   991   991 I chromium: [INFO:library_loader_hooks.cc(143)] Chromium logging enabled: level = 0, default verbosity = 0
12-31 18:00:14.719   991   991 I cr_BrowserStartup: Initializing chromium process, singleProcess=true
12-31 18:00:14.765   991   991 I mali_so : [File] : hardware/rockchip/driver/./src/base/arch/arch_011_udd/base_arch_main.c; [Line] : 565; [Func] : deal_with_version_affairs_rk_ext;
12-31 18:00:14.765   991   991 I mali_so : arm_release_ver of this mali_so is 'r7p0-00rel1', rk_so_ver is '1@2' for 3328h_android_7.1, built at '15:47:49', on 'Jun 28 2017'.
12-31 18:00:14.765   991   991 I mali_so : [File] : hardware/rockchip/driver/./src/base/arch/arch_011_udd/base_arch_main.c; [Line] : 578; [Func] : deal_with_version_affairs_rk_ext;
12-31 18:00:14.765   991   991 I mali_so : mali_ver_property has been set to 'r7p0-00rel1-5-1@2', to return.
12-31 18:00:14.862   991   991 I cr_DRP  : No DRP key due to exception:java.lang.ClassNotFoundException: com.android.webview.chromium.Drp
12-31 18:00:14.918   991   991 W cr_AwContents: onDetachedFromWindow called when already detached. Ignoring
12-31 18:00:15.175   991   991 W System  : ClassLoader referenced unknown path: 
12-31 18:00:17.055   991   991 V UpdateUI: Network: inactive, disconnected
12-31 18:00:17.056   991   991 V ServiceStarter: attempting to start service FtcRobotControllerWatchdogService
12-31 18:00:17.058   991   991 V ServiceStarter: started service FtcRobotControllerWatchdogService
12-31 18:00:17.078   991   991 I RobotCore: App info: version=8.1.0 appId=com.qualcomm.ftcrobotcontroller
12-31 18:00:17.079   991   991 I RobotCore: Android Device: maker=REV Robotics model=Control Hub v1.0 sdk=25 serial=caade241cd00a884
12-31 18:00:17.079   991   991 V AndroidBoard: REV Control Hub contains REV3328
12-31 18:00:17.079   991   991 V AndroidBoard: Communicating with embedded REV hub via /dev/ttyS1
12-31 18:00:17.081   991   991 V RCActivity: onStart()
12-31 18:00:17.085   991   991 V RCActivity: onResume()
12-31 18:00:17.122   991   991 V NetDiscover_prefremrc: onSharedPreferenceChanged(name=App Restrictions, value=AAAAAA==
12-31 18:00:17.122   991   991 V NetDiscover_prefremrc: )
12-31 18:00:17.134   991   991 V FtcRobotControllerWatchdogService: onCreate()
12-31 18:00:17.135   991   991 V FtcRobotControllerWatchdogService: onStartCommand() intent=Intent { cmp=com.qualcomm.ftcrobotcontroller/org.firstinspires.ftc.ftccommon.internal.FtcRobotControllerWatchdogService } flags=0x0 startId=1
12-31 18:00:17.136   991   991 V FtcRobotControllerWatchdogService: shouldAutoLauchRobotController() result=true
12-31 18:00:17.139   991   991 V FTCService: onCreate()
12-31 18:00:17.174   991   991 W art     : Before Android 4.1, method double java.util.concurrent.ThreadLocalRandom.internalNextDouble(double, double) would have incorrectly overridden the package-private method in java.util.Random
12-31 18:00:17.174   991   991 W art     : Before Android 4.1, method int java.util.concurrent.ThreadLocalRandom.internalNextInt(int, int) would have incorrectly overridden the package-private method in java.util.Random
12-31 18:00:17.174   991   991 W art     : Before Android 4.1, method long java.util.concurrent.ThreadLocalRandom.internalNextLong(long, long) would have incorrectly overridden the package-private method in java.util.Random
12-31 18:00:17.210   991   991 V FTCService: onBind()
12-31 18:00:17.233   991   991 V CoreRobotWebServer: creating NanoHTTPD(8080)
12-31 18:00:17.238   991   991 V WebSocketManager: Registered broadcast-only namespace progress
12-31 18:00:17.244   991   991 V WebSocketManager: Registered handler for namespace ControlHubUpdater
12-31 18:00:17.245   991   991 V RobotCore: Getting network assistant of type: RCWIRELESSAP
12-31 18:00:17.247   991   991 I RobotControllerAccessPointAssistant: Enabling network services
12-31 18:00:17.250   991   991 I RobotControllerAccessPointAssistant: Sending SSID and password to AP service
12-31 18:00:17.251   991   991 I RobotCore: password
12-31 18:00:17.251   991   991 D RobotControllerAccessPointAssistant: setNetworkProperties(deviceName=FTC-eE8w, password=password, ApChannel=null) sendSettingsIndividually=false
12-31 18:00:17.251   991   991 I NetDiscover_ControlHubNameManager: Robot controller name: FTC-eE8w
12-31 18:00:17.251   991   991 I ControlHubPasswordManager: Robot controller password: password
12-31 18:00:17.251   991   991 D RobotControllerAccessPointAssistant: Sending bulk settings broadcast intent
12-31 18:00:17.351   991  1125 I OpenGLRenderer: Initialized EGL, version 1.4
12-31 18:00:17.351   991  1125 D OpenGLRenderer: Swap behavior 1
12-31 18:00:17.364   991   991 I RobotControllerAccessPointAssistant: Wi-Fi state change:, wifiApState: 13
12-31 18:00:17.365   991   991 I FTCService: onNetworkConnectionEvent: CONNECTION_INFO_AVAILABLE
12-31 18:00:17.365   991   991 I RobotCore: password
12-31 18:00:17.365   991   991 I FTCService: Network Connection Passphrase: password
12-31 18:00:17.366   991   991 V CoreRobotWebServer: starting port=8080
12-31 18:00:17.377   991   991 V RobotCore: Getting network assistant of type: RCWIRELESSAP
12-31 18:00:17.379   991   991 V CoreRobotWebServer: started port=8080
12-31 18:00:17.379   991   991 V FTCService: RCActivity.controllerService=bound
12-31 18:00:17.380   991   991 V UpdateUI: Network: active, disconnected
12-31 18:00:17.381   991   991 V RobotCore: Robot Status: stopped
12-31 18:00:17.386   991  1130 V TooTallWebSocketServer: Started WebSocket server on port 8081
12-31 18:00:17.391   991  1133 V RobotCore: thread: 'RobotSetupRunnable.run()' starting...
12-31 18:00:17.391   991  1133 V FTCService: Processing robot setup
12-31 18:00:17.392   991  1133 V RobotCore: Robot Status: stopped, scanning for USB devices
12-31 18:00:17.392   991  1133 I AppAliveNotifier: Telling the OS to set the RC alive notification timeout to 10 seconds
12-31 18:00:17.413   991   991 V WebSocketManager: Registered handler for namespace ONBOTJAVA
12-31 18:00:17.422   991  1125 I [Gralloc]:  ion device open success! fd = 90
12-31 18:00:17.473   991   991 V AppUtil : rootActivity=PermissionValidatorWrapper destroyed
12-31 18:00:17.473   991   991 V AppUtil : rootActivity=FtcRobotControllerActivity
12-31 18:00:17.473   991   991 I PermissionValidatorActivity: Lifecycle onDestroy : 21fe8bb
12-31 18:00:22.401   991  1133 V RobotCore: EventLoopManager state is NOT_STARTED
12-31 18:00:22.401   991  1133 V FTCService: Waiting for a connection to a Wi-Fi service
12-31 18:00:22.402   991  1133 V RobotCore: Robot Status: stopped, waiting for network to become active
12-31 18:00:22.403   991  1133 I RobotControllerAccessPointAssistant: Wi-Fi AP is enabled
12-31 18:00:22.403   991  1133 V CoreRobotWebServer: Asked an already running WebServer to start
12-31 18:00:22.404   991  1133 V RobotCore: Robot Status: stopped, starting robot
12-31 18:00:22.404   991  1133 V Robocol : EventLoopManager.start()
12-31 18:00:22.404   991  1133 V RobotCore: Getting network assistant of type: RCWIRELESSAP
12-31 18:00:22.405   991  1133 I RobotControllerAccessPointAssistant: Wi-Fi AP is enabled
12-31 18:00:22.405   991  1133 V Robocol : Spoofing a Network Connection event...
12-31 18:00:22.406   991  1133 I EventLoopManager: onNetworkConnectionEvent: CONNECTION_INFO_AVAILABLE
12-31 18:00:22.406   991  1133 I Robocol : Received network connection event
12-31 18:00:22.407   991  1133 I RobotControllerAccessPointAssistant: Wi-Fi AP is enabled
12-31 18:00:22.407   991  1133 I NetworkConnectionHandler: Handling new network connection infomation, connected: true setup needed: true
12-31 18:00:22.408   991  1133 I RobotControllerAccessPointAssistant: Wi-Fi AP is enabled
12-31 18:00:25.426   991  1169 V RobotCore: thread: 'SetupRunnable.run()' starting...
12-31 18:00:25.427   991  1133 V RobotCore: EventLoopManager state is STOPPED
12-31 18:00:25.428   991  1133 V Robocol : eventLoop=FtcEventLoop
12-31 18:00:25.428   991  1133 V RobotCore: EventLoopManager state is INIT
12-31 18:00:25.430   991  1133 V RobotCore: Robot Status: initializing, starting robot
12-31 18:00:25.430   991  1133 I FtcEventLoop: ======= INIT START =======
12-31 18:00:25.432   991  1133 V OpmodeRegistration: registered {DefaultOpMode} as {$Stop$Robot$}
12-31 18:00:25.439   991  1169 D Robocol : RobocolDatagramSocket listening addr=/192.168.43.1:20884 cbRec=65520 cbSend=106496 msRecTO=300
12-31 18:00:25.440   991  1169 V Robocol : RecvLoopRunnable created
12-31 18:00:25.443   991  1170 V Robocol : PacketProcessor started
12-31 18:00:25.450   991  1172 V RobotCore: thread: 'RecvLoopRunnable.run()' starting...
12-31 18:00:25.450   991  1171 V Robocol : CommandProcessor started
12-31 18:00:25.451   991  1169 V PeerDiscovery: Starting peer discovery remote: /192.168.43.1 local: /192.168.43.1
12-31 18:00:25.452   991  1169 V PeerDiscovery: No need for initiating peer discovery, we are the Robot Controller
12-31 18:00:25.452   991  1169 V RobotCore: Setup complete
12-31 18:00:25.452   991  1169 V RobotCore: thread: ...terminating 'SetupRunnable.run()'
12-31 18:00:25.753   991  1172 E Robocol : exception SocketTimeoutException(Receive timed out): no packet received [java.net.PlainDatagramSocketImpl.receive0(Native Method)]
12-31 18:00:25.753   991  1133 V MD5     : Calculated digest: 9d9a9ed11665dc92c91c475aad54ef94
12-31 18:00:25.753   991  1133 V MD5     : Provided digest: 9d9a9ed11665dc92c91c475aad54ef94
12-31 18:00:26.320   991  1170 D RobotCore: system telemetry: key=$System$None$ msg=""
12-31 18:00:26.321   991  1170 V PeerDiscovery: new remote peer discovered: 192.168.43.39
12-31 18:00:26.321   991  1170 V NetworkConnectionHandler: starting sending loop
12-31 18:00:26.322   991  1173 V Robocol : sending CMD_NOTIFY_ROBOT_STATE(9), attempt: 0
12-31 18:00:26.323   991  1173 V Robocol : sending CMD_NOTIFY_ROBOT_STATE(10), attempt: 0
12-31 18:00:26.324   991  1173 V Robocol : sending CMD_NOTIFY_ROBOT_STATE(11), attempt: 0
12-31 18:00:26.344   991  1170 V UpdateUI: Network: active, connected
12-31 18:00:26.344   991  1170 D FTCService: Sending user device types and preferences to driver station
12-31 18:00:26.405   991  1133 V OpmodeRegistration: registered {PushbotAutodrive} as {Nep-TestMotor }
12-31 18:00:26.406   991  1170 V NetDiscover_prefremrc: sendAllPreferences()
12-31 18:00:26.406   991  1133 V OpmodeRegistration: registered {ConceptBNO055IMU} as {POC: IMU Display}
12-31 18:00:26.406   991  1170 V NetDiscover_prefremrc: sending RC pref name=pref_wifip2p_remote_channel_change_works value=false
12-31 18:00:26.407   991  1133 V OpmodeRegistration: registered {ConceptAutoDriveByGyro} as {POC: Drive By Gyro}
12-31 18:00:26.408   991  1133 V OpmodeRegistration: registered {ConceptWebcamTest} as {nap: Webcam}
12-31 18:00:26.408   991  1133 V OpmodeRegistration: registered {TensorFlowObjectDetectionWebcam} as {Nap: camera 3}
12-31 18:00:26.409   991  1133 V OpmodeRegistration: registered {Forward} as { Nept-Forward and Turning }
12-31 18:00:26.409   991  1133 V OpmodeRegistration: registered {TeleopTest} as {TeleopTest}
12-31 18:00:26.410   991  1133 V OpmodeRegistration: registered {ConceptBNO055IMUCalibration} as {POC: IMU Calibration}
12-31 18:00:26.410   991  1133 V OpmodeRegistration: registered {AutonomousRight} as {AutonomousRight}
12-31 18:00:26.412   991  1133 V OpmodeRegistration: registered {ConceptAutoDriveCalibration} as {POC: Auto Drive Calibration}
12-31 18:00:26.412   991  1170 V NetDiscover_prefremrc: sending RC pref name=pref_device_name value=FTC-eE8w
12-31 18:00:26.412   991  1133 V OpmodeRegistration: registered {TeleopDualDrivers} as {TeleopDualDrivers}
12-31 18:00:26.412   991  1170 V NetDiscover_prefremrc: sending RC pref name=pref_warn_about_incorrect_clocks value=true
12-31 18:00:26.413   991  1133 V OpmodeRegistration: registered {ConceptVuforiaLocalization} as {POC - Vuforia Localization}
12-31 18:00:26.413   991  1170 V NetDiscover_prefremrc: sending RC pref name=pref_warn_about_obsolete_software value=true
12-31 18:00:26.413   991  1133 V OpmodeRegistration: registered {CameraVuforia} as {Camera}
12-31 18:00:26.413   991  1170 V NetDiscover_prefremrc: sending RC pref name=pref_has_speaker value=false
12-31 18:00:26.414   991  1133 V OpmodeRegistration: registered {ConceptOpenCVSignalSleeveDetection} as {POC - OpenCV Signal Sleeve}
12-31 18:00:26.414   991  1170 V NetDiscover_prefremrc: sending RC pref name=pref_warn_about_2_4_ghz_band value=true
12-31 18:00:26.414   991  1133 V OpmodeRegistration: registered {ConceptFieldNavigationAuto} as {POC - Field Nav Auto}
12-31 18:00:26.414   991  1170 V NetDiscover_prefremrc: sending RC pref name=pref_has_independent_phone_battery value=false
12-31 18:00:26.415   991  1170 V NetDiscover_prefremrc: sending RC pref name=pref_app_theme value=red
12-31 18:00:26.415   991  1133 V OpmodeRegistration: registered {AutonomousLeft} as {AutonomousLeft}
12-31 18:00:26.415   991  1170 V NetDiscover_prefremrc: sending RC pref name=pref_warn_about_mismatched_app_versions value=true
12-31 18:00:26.415   991  1133 V OpmodeRegistration: registered {ConceptFieldNavigation} as {POC - Field Nav}
12-31 18:00:26.416   991  1170 V NetDiscover_prefremrc: sending RC pref name=pref_sound_on_off value=false
12-31 18:00:26.416   991  1133 V OpmodeRegistration: registered {TensorFLowWebcam} as {Nap-Camera 2}
12-31 18:00:26.417   991  1170 V NetworkConnectionHandler: Peer connection established
12-31 18:00:26.417   991  1133 V OpmodeRegistration: registered {ConceptFieldNavigationAutoV2} as {POC - Field Nav Encoder}
12-31 18:00:26.417   991  1133 V OpmodeRegistration: registered {ConceptTensorFlowObjectDetection} as {POC: TensorFlow Object Detection}
12-31 18:00:26.418   991  1133 V OpmodeRegistration: registered {ConceptSignalSleeveIdentification} as {POC: Signal Sleeve}
12-31 18:00:26.431   991  1170 V Robocol : packet processing took 110.6ms: type=PEER_DISCOVERY
12-31 18:00:26.437   991  1172 V EventLoopManager: Setting authoritative wall clock based on connected DS.
12-31 18:00:26.437   991  1172 D Uvc     : [time.cpp:64] Java_org_firstinspires_ftc_robotcore_internal_system_AppUtil_nativeSetCurrentTimeMillis()...
11-30 15:56:10.902   991  1172 I JniTime : [time.cpp:83] settimeofday() succeeded
11-30 15:56:10.902   991  1172 D Uvc     : [time.cpp:64] ...Java_org_firstinspires_ftc_robotcore_internal_system_AppUtil_nativeSetCurrentTimeMillis()
11-30 15:56:10.904   991  1172 V AppUtil : attempted to set timezone: before=America/Chicago after=America/Chicago
11-30 15:56:10.906   991  1133 V FtcEventLoop: Ensuring that the embedded Control Hub module is set up correctly
11-30 15:56:10.906   991  1173 V Robocol : sending CMD_NOTIFY_USER_DEVICE_LIST(15), attempt: 0
11-30 15:56:10.910   991  1173 V Robocol : sending CMD_ROBOT_CONTROLLER_PREFERENCE(16), attempt: 0
11-30 15:56:10.910   991  1173 V Robocol : sending CMD_ROBOT_CONTROLLER_PREFERENCE(17), attempt: 0
11-30 15:56:10.911   991  1173 V Robocol : sending CMD_ROBOT_CONTROLLER_PREFERENCE(18), attempt: 0
11-30 15:56:10.912   991  1173 V Robocol : sending CMD_ROBOT_CONTROLLER_PREFERENCE(19), attempt: 0
11-30 15:56:10.912   991  1170 V Robocol : received command: CMD_REQUEST_ACTIVE_CONFIG(10000) 
11-30 15:56:10.913   991  1173 V Robocol : sending CMD_ROBOT_CONTROLLER_PREFERENCE(20), attempt: 0
11-30 15:56:10.913   991  1170 V Robocol : received command: CMD_REQUEST_USER_DEVICE_TYPES(10001) 
11-30 15:56:10.913   991  1133 V RobotCore: Creating REV Robotics USB Expansion Hub Portal [(embedded)]
11-30 15:56:10.913   991  1173 V Robocol : sending CMD_ROBOT_CONTROLLER_PREFERENCE(21), attempt: 0
11-30 15:56:10.913   991  1170 V Robocol : received command: CMD_REQUEST_OP_MODE_LIST(10002) 
11-30 15:56:10.914   991  1133 V LynxUsb : creating new [(embedded)]: 0x0971fd30
11-30 15:56:10.914   991  1173 V Robocol : sending CMD_ROBOT_CONTROLLER_PREFERENCE(22), attempt: 0
11-30 15:56:10.915   991  1173 V Robocol : sending CMD_ROBOT_CONTROLLER_PREFERENCE(23), attempt: 0
11-30 15:56:10.916   991  1173 V Robocol : sending CMD_ROBOT_CONTROLLER_PREFERENCE(24), attempt: 0
11-30 15:56:10.917   991  1173 V Robocol : sending CMD_ROBOT_CONTROLLER_PREFERENCE(25), attempt: 0
11-30 15:56:10.917   991  1173 V Robocol : sending CMD_NOTIFY_ACTIVE_CONFIGURATION(26), attempt: 0
11-30 15:56:10.918   991  1173 V Robocol : sending CMD_NOTIFY_USER_DEVICE_LIST(27), attempt: 0
11-30 15:56:10.918   991  1133 V FtDeviceManager: createDeviceInfoList(): 0 USB devices
11-30 15:56:10.919   991  1133 V RobotUsbManagerCombining: FTDI driver failed to open USB device with serial number (embedded) (returned null device)
