12-19 10:55:04.739 12891 13116 I global  :  RENO - ObjectDetection.sleeveColorDetect(ObjectDetection.java:132): Sleeve max color = 210706.00, 209979.00, 199452.00
12-19 10:55:04.740 12891 13116 I global  :  RENO - ObjectDetection.sleeveColorDetect(ObjectDetection.java:151): Sleeve position: LEFT
12-19 10:55:04.770 12891 13116 I global  :  RENO - ObjectDetection.sleeveColorDetect(ObjectDetection.java:125): Start Opcv process to detect sleeve color.
12-19 10:55:04.772 12891 13116 I global  :  RENO - ObjectDetection.sleeveColorDetect(ObjectDetection.java:132): Sleeve max color = 210605.00, 210029.00, 199901.00
12-19 10:55:04.773 12891 13116 I global  :  RENO - ObjectDetection.sleeveColorDetect(ObjectDetection.java:151): Sleeve position: LEFT
12-19 10:55:04.802 12891 13116 I global  :  RENO - ObjectDetection.sleeveColorDetect(ObjectDetection.java:125): Start Opcv process to detect sleeve color.
12-19 10:55:04.803 12891 13116 I global  :  RENO - ObjectDetection.sleeveColorDetect(ObjectDetection.java:132): Sleeve max color = 210291.00, 210365.00, 199362.00
12-19 10:55:04.804 12891 13116 I global  :  RENO - ObjectDetection.sleeveColorDetect(ObjectDetection.java:151): Sleeve position: CENTER
12-19 10:55:04.838 12891 13116 I global  :  RENO - ObjectDetection.sleeveColorDetect(ObjectDetection.java:125): Start Opcv process to detect sleeve color.
12-19 10:55:04.839 12891 13116 I global  :  RENO - ObjectDetection.sleeveColorDetect(ObjectDetection.java:132): Sleeve max color = 210597.00, 209953.00, 200167.00
12-19 10:55:04.840 12891 13116 I global  :  RENO - ObjectDetection.sleeveColorDetect(ObjectDetection.java:151): Sleeve position: LEFT
12-19 10:55:04.870 12891 13116 I global  :  RENO - ObjectDetection.sleeveColorDetect(ObjectDetection.java:125): Start Opcv process to detect sleeve color.
12-19 10:55:04.871 12891 13116 I global  :  RENO - ObjectDetection.sleeveColorDetect(ObjectDetection.java:132): Sleeve max color = 210655.00, 210317.00, 199564.00
12-19 10:55:04.872 12891 13116 I global  :  RENO - ObjectDetection.sleeveColorDetect(ObjectDetection.java:151): Sleeve position: LEFT
12-19 10:55:04.902 12891 13116 I global  :  RENO - ObjectDetection.sleeveColorDetect(ObjectDetection.java:125): Start Opcv process to detect sleeve color.
12-19 10:55:04.903 12891 13116 I global  :  RENO - ObjectDetection.sleeveColorDetect(ObjectDetection.java:132): Sleeve max color = 210997.00, 210044.00, 199551.00
12-19 10:55:04.904 12891 13116 I global  :  RENO - ObjectDetection.sleeveColorDetect(ObjectDetection.java:151): Sleeve position: LEFT
12-19 10:55:04.938 12891 13116 I global  :  RENO - ObjectDetection.sleeveColorDetect(ObjectDetection.java:125): Start Opcv process to detect sleeve color.
12-19 10:55:04.939 12891 13116 I global  :  RENO - ObjectDetection.sleeveColorDetect(ObjectDetection.java:132): Sleeve max color = 210483.00, 210201.00, 200510.00
12-19 10:55:04.940 12891 13116 I global  :  RENO - ObjectDetection.sleeveColorDetect(ObjectDetection.java:151): Sleeve position: LEFT
12-19 10:55:04.970 12891 13116 I global  :  RENO - ObjectDetection.sleeveColorDetect(ObjectDetection.java:125): Start Opcv process to detect sleeve color.
12-19 10:55:04.971 12891 13116 I global  :  RENO - ObjectDetection.sleeveColorDetect(ObjectDetection.java:132): Sleeve max color = 210575.00, 210119.00, 201379.00
12-19 10:55:04.972 12891 13116 I global  :  RENO - ObjectDetection.sleeveColorDetect(ObjectDetection.java:151): Sleeve position: LEFT
12-19 10:55:05.006 12891 13116 I global  :  RENO - ObjectDetection.sleeveColorDetect(ObjectDetection.java:125): Start Opcv process to detect sleeve color.
12-19 10:55:05.007 12891 13116 I global  :  RENO - ObjectDetection.sleeveColorDetect(ObjectDetection.java:132): Sleeve max color = 211201.00, 210309.00, 199650.00
12-19 10:55:05.008 12891 13116 I global  :  RENO - ObjectDetection.sleeveColorDetect(ObjectDetection.java:151): Sleeve position: LEFT
12-19 10:55:05.038 12891 13116 I global  :  RENO - ObjectDetection.sleeveColorDetect(ObjectDetection.java:125): Start Opcv process to detect sleeve color.
12-19 10:55:05.039 12891 13116 I global  :  RENO - ObjectDetection.sleeveColorDetect(ObjectDetection.java:132): Sleeve max color = 211013.00, 210284.00, 200946.00
12-19 10:55:05.040 12891 13116 I global  :  RENO - ObjectDetection.sleeveColorDetect(ObjectDetection.java:151): Sleeve position: LEFT
12-19 10:55:05.070 12891 13116 I global  :  RENO - ObjectDetection.sleeveColorDetect(ObjectDetection.java:125): Start Opcv process to detect sleeve color.
12-19 10:55:05.071 12891 13116 I global  :  RENO - ObjectDetection.sleeveColorDetect(ObjectDetection.java:132): Sleeve max color = 210894.00, 210268.00, 201823.00
12-19 10:55:05.072 12891 13116 I global  :  RENO - ObjectDetection.sleeveColorDetect(ObjectDetection.java:151): Sleeve position: LEFT
12-19 10:55:05.106 12891 13116 I global  :  RENO - ObjectDetection.sleeveColorDetect(ObjectDetection.java:125): Start Opcv process to detect sleeve color.
12-19 10:55:05.107 12891 13116 I global  :  RENO - ObjectDetection.sleeveColorDetect(ObjectDetection.java:132): Sleeve max color = 210425.00, 210650.00, 200863.00
12-19 10:55:05.108 12891 13116 I global  :  RENO - ObjectDetection.sleeveColorDetect(ObjectDetection.java:151): Sleeve position: CENTER
12-19 10:55:05.138 12891 13116 I global  :  RENO - ObjectDetection.sleeveColorDetect(ObjectDetection.java:125): Start Opcv process to detect sleeve color.
12-19 10:55:05.139 12891 13116 I global  :  RENO - ObjectDetection.sleeveColorDetect(ObjectDetection.java:132): Sleeve max color = 211315.00, 210305.00, 200634.00
12-19 10:55:05.140 12891 13116 I global  :  RENO - ObjectDetection.sleeveColorDetect(ObjectDetection.java:151): Sleeve position: LEFT
12-19 10:55:05.175 12891 13116 I global  :  RENO - ObjectDetection.sleeveColorDetect(ObjectDetection.java:125): Start Opcv process to detect sleeve color.
12-19 10:55:05.176 12891 13116 I global  :  RENO - ObjectDetection.sleeveColorDetect(ObjectDetection.java:132): Sleeve max color = 210970.00, 210507.00, 200970.00
12-19 10:55:05.177 12891 13116 I global  :  RENO - ObjectDetection.sleeveColorDetect(ObjectDetection.java:151): Sleeve position: LEFT
12-19 10:55:05.206 12891 13116 I global  :  RENO - ObjectDetection.sleeveColorDetect(ObjectDetection.java:125): Start Opcv process to detect sleeve color.
12-19 10:55:05.207 12891 13116 I global  :  RENO - ObjectDetection.sleeveColorDetect(ObjectDetection.java:132): Sleeve max color = 210999.00, 210464.00, 201534.00
12-19 10:55:05.209 12891 13116 I global  :  RENO - ObjectDetection.sleeveColorDetect(ObjectDetection.java:151): Sleeve position: LEFT
12-19 10:55:05.241 12891 13116 I global  :  RENO - ObjectDetection.sleeveColorDetect(ObjectDetection.java:125): Start Opcv process to detect sleeve color.
12-19 10:55:05.242 12891 13116 I global  :  RENO - ObjectDetection.sleeveColorDetect(ObjectDetection.java:132): Sleeve max color = 211069.00, 210495.00, 201642.00
12-19 10:55:05.244 12891 13116 I global  :  RENO - ObjectDetection.sleeveColorDetect(ObjectDetection.java:151): Sleeve position: LEFT
12-19 10:55:05.274 12891 13116 I global  :  RENO - ObjectDetection.sleeveColorDetect(ObjectDetection.java:125): Start Opcv process to detect sleeve color.
12-19 10:55:05.275 12891 13116 I global  :  RENO - ObjectDetection.sleeveColorDetect(ObjectDetection.java:132): Sleeve max color = 210705.00, 210672.00, 201620.00
12-19 10:55:05.277 12891 13116 I global  :  RENO - ObjectDetection.sleeveColorDetect(ObjectDetection.java:151): Sleeve position: LEFT
12-19 10:55:05.307 12891 13116 I global  :  RENO - ObjectDetection.sleeveColorDetect(ObjectDetection.java:125): Start Opcv process to detect sleeve color.
12-19 10:55:05.308 12891 13116 I global  :  RENO - ObjectDetection.sleeveColorDetect(ObjectDetection.java:132): Sleeve max color = 210886.00, 210520.00, 201387.00
12-19 10:55:05.310 12891 13116 I global  :  RENO - ObjectDetection.sleeveColorDetect(ObjectDetection.java:151): Sleeve position: LEFT
12-19 10:55:05.344 12891 13116 I global  :  RENO - ObjectDetection.sleeveColorDetect(ObjectDetection.java:125): Start Opcv process to detect sleeve color.
12-19 10:55:05.345 12891 13116 I global  :  RENO - ObjectDetection.sleeveColorDetect(ObjectDetection.java:132): Sleeve max color = 210902.00, 210651.00, 201137.00
12-19 10:55:05.346 12891 13116 I global  :  RENO - ObjectDetection.sleeveColorDetect(ObjectDetection.java:151): Sleeve position: LEFT
12-19 10:55:05.374 12891 13116 I global  :  RENO - ObjectDetection.sleeveColorDetect(ObjectDetection.java:125): Start Opcv process to detect sleeve color.
12-19 10:55:05.375 12891 13116 I global  :  RENO - ObjectDetection.sleeveColorDetect(ObjectDetection.java:132): Sleeve max color = 210471.00, 210828.00, 200807.00
12-19 10:55:05.376 12891 13116 I global  :  RENO - ObjectDetection.sleeveColorDetect(ObjectDetection.java:151): Sleeve position: CENTER
--------- beginning of main
12-19 10:55:14.579 14251 14251 I ps      : type=1400 audit(0.0:580): avc: denied { getattr } for path="/proc/1" dev="proc" ino=8239 scontext=u:r:untrusted_app:s0:c512,c768 tcontext=u:r:init:s0 tclass=dir permissive=1
12-19 10:55:14.579 14251 14251 I ps      : type=1400 audit(0.0:581): avc: denied { search } for name="1" dev="proc" ino=8239 scontext=u:r:untrusted_app:s0:c512,c768 tcontext=u:r:init:s0 tclass=dir permissive=1
12-19 10:55:14.579 14251 14251 I ps      : type=1400 audit(0.0:582): avc: denied { read } for name="cmdline" dev="proc" ino=5420 scontext=u:r:untrusted_app:s0:c512,c768 tcontext=u:r:init:s0 tclass=file permissive=1
12-19 10:55:14.579 14251 14251 I ps      : type=1400 audit(0.0:583): avc: denied { open } for path="/proc/1/cmdline" dev="proc" ino=5420 scontext=u:r:untrusted_app:s0:c512,c768 tcontext=u:r:init:s0 tclass=file permissive=1
12-19 10:55:14.579 14251 14251 I ps      : type=1400 audit(0.0:584): avc: denied { getattr } for path="/proc/2" dev="proc" ino=9113 scontext=u:r:untrusted_app:s0:c512,c768 tcontext=u:r:kernel:s0 tclass=dir permissive=1
12-19 10:55:14.579 14251 14251 I ps      : type=1400 audit(0.0:585): avc: denied { search } for name="2" dev="proc" ino=9113 scontext=u:r:untrusted_app:s0:c512,c768 tcontext=u:r:kernel:s0 tclass=dir permissive=1
12-19 10:55:14.579 14251 14251 I ps      : type=1400 audit(0.0:586): avc: denied { read } for name="cmdline" dev="proc" ino=9211 scontext=u:r:untrusted_app:s0:c512,c768 tcontext=u:r:kernel:s0 tclass=file permissive=1
12-19 10:55:14.579 14251 14251 I ps      : type=1400 audit(0.0:587): avc: denied { open } for path="/proc/2/cmdline" dev="proc" ino=9211 scontext=u:r:untrusted_app:s0:c512,c768 tcontext=u:r:kernel:s0 tclass=file permissive=1
12-19 10:55:15.372 14264 14264 D Uvc     : [jni.cpp:72] JNI_OnLoad()...
12-19 10:55:15.373 14264 14264 D Uvc     : [JniEnv.h:32] ScopedJniEnv::onJniLoad()...
12-19 10:55:15.373 14264 14264 D Uvc     : [JniEnv.h:32] ...ScopedJniEnv::onJniLoad()
12-19 10:55:15.373 14264 14264 D Uvc     : [jni.cpp:72] ...JNI_OnLoad()
12-19 10:55:15.378 14264 14264 V AppUtil : initializing: getExternalStorageDirectory()=/storage/emulated/0
12-19 10:55:15.382 14264 14264 I AppUtil : found usbFileSystemRoot: /dev/bus/usb
12-19 10:55:15.383 14264 14264 I robotcontroller: type=1400 audit(0.0:590): avc: denied { read } for name="direction" dev="sysfs" ino=16602 scontext=u:r:untrusted_app:s0:c512,c768 tcontext=u:object_r:sysfs:s0 tclass=file permissive=1
12-19 10:55:15.383 14264 14264 I robotcontroller: type=1400 audit(0.0:591): avc: denied { open } for path="/sys/devices/pinctrl.26/gpio/gpio50/direction" dev="sysfs" ino=16602 scontext=u:r:untrusted_app:s0:c512,c768 tcontext=u:object_r:sysfs:s0 tclass=file permissive=1
12-19 10:55:15.383 14264 14264 I robotcontroller: type=1400 audit(0.0:592): avc: denied { getattr } for path="/sys/devices/pinctrl.26/gpio/gpio50/direction" dev="sysfs" ino=16602 scontext=u:r:untrusted_app:s0:c512,c768 tcontext=u:object_r:sysfs:s0 tclass=file permissive=1
12-19 10:55:15.386 14264 14264 I robotcontroller: type=1400 audit(0.0:593): avc: denied { write } for name="value" dev="sysfs" ino=13327 scontext=u:r:untrusted_app:s0:c512,c768 tcontext=u:object_r:sysfs:s0 tclass=file permissive=1
12-19 10:55:15.394 14264 14264 I AppAliveNotifier: Telling the OS to set the RC alive notification timeout to 20 seconds
12-19 10:55:15.399 14264 14280 V RobotCore: saving logcat to /storage/emulated/0/robotControllerLog.txt
12-19 10:55:15.400 14264 14280 V RobotCore: logging command line: exec logcat -f /storage/emulated/0/robotControllerLog.txt -r4096 -n4 -v threadtime UsbRequestJNI:S UsbRequest:S art:W ThreadPool:W System:W ExtendedExtractor:W OMXClient:W MediaPlayer:W dalvikvm:W  *:V
12-19 10:55:15.410 14264 14264 V AppUtil : rootActivity=PermissionValidatorWrapper
12-19 10:55:15.410 14264 14264 I PermissionValidatorActivity: Lifecycle onCreate : 6d5214a
12-19 10:55:15.433 14264 14280 I RobotCore: Done running ps
12-19 10:55:15.443 14284 14284 I sh      : type=1400 audit(0.0:594): avc: denied { read } for name="/" dev="rootfs" ino=1 scontext=u:r:untrusted_app:s0:c512,c768 tcontext=u:object_r:rootfs:s0 tclass=dir permissive=1
12-19 10:55:15.446 14284 14284 I sh      : type=1400 audit(0.0:595): avc: denied { open } for path="/" dev="rootfs" ino=1 scontext=u:r:untrusted_app:s0:c512,c768 tcontext=u:object_r:rootfs:s0 tclass=dir permissive=1
12-19 10:55:15.510 14264 14264 I PermissionValidatorActivity: Lifecycle onStart : 6d5214a
12-19 10:55:15.511 14264 14264 I PermissionValidator: Checking permission for android.permission.WRITE_EXTERNAL_STORAGE
12-19 10:55:15.516 14264 14264 I PermissionValidator:     Granted: android.permission.WRITE_EXTERNAL_STORAGE
12-19 10:55:15.516 14264 14264 I PermissionValidator: Checking permission for android.permission.READ_EXTERNAL_STORAGE
12-19 10:55:15.517 14264 14264 I PermissionValidator:     Granted: android.permission.READ_EXTERNAL_STORAGE
12-19 10:55:15.518 14264 14264 I PermissionValidator: Checking permission for android.permission.CAMERA
12-19 10:55:15.518 14264 14264 I PermissionValidator:     Granted: android.permission.CAMERA
12-19 10:55:15.519 14264 14264 I PermissionValidator: Checking permission for android.permission.ACCESS_COARSE_LOCATION
12-19 10:55:15.520 14264 14264 I PermissionValidator:     Granted: android.permission.ACCESS_COARSE_LOCATION
12-19 10:55:15.520 14264 14264 I PermissionValidator: Checking permission for android.permission.ACCESS_FINE_LOCATION
12-19 10:55:15.521 14264 14264 I PermissionValidator:     Granted: android.permission.ACCESS_FINE_LOCATION
12-19 10:55:15.521 14264 14264 I PermissionValidator: Checking permission for android.permission.READ_PHONE_STATE
12-19 10:55:15.522 14264 14264 I PermissionValidator:     Granted: android.permission.READ_PHONE_STATE
12-19 10:55:15.525 14264 14264 V ServiceStarter: attempting to start service MediaTransferProtocolMonitorService
12-19 10:55:15.527 14264 14264 V ServiceStarter: started service MediaTransferProtocolMonitorService
12-19 10:55:15.528 14264 14264 V ServiceStarter: attempting to start service OnBotJavaService
12-19 10:55:15.531 14264 14264 V ServiceStarter: started service OnBotJavaService
12-19 10:55:15.531 14264 14264 I PermissionValidatorActivity: All permissions validated.  Starting RobotController
12-19 10:55:15.544 14264 14264 V MTPMonitorService: onCreate()
12-19 10:55:15.544 14264 14264 V MTPMonitorService: onStartCommand() intent=Intent { cmp=com.qualcomm.ftcrobotcontroller/org.firstinspires.ftc.robotcore.internal.files.MediaTransferProtocolMonitorService } flags=0x0 startId=1
12-19 10:55:15.549 14264 14264 V MTPMonitor: observing: /storage/emulated/0
12-19 10:55:15.647 14264 14264 V OnBotJavaService: onCreate()
12-19 10:55:15.648 14264 14264 V OnBotJavaService: onStartCommand() intent=Intent { cmp=com.qualcomm.ftcrobotcontroller/org.firstinspires.ftc.onbotjava.OnBotJavaService } flags=0x0 startId=1
12-19 10:55:15.650 14264 14264 V OnBotJava: OnBotJavaManager::static
12-19 10:55:16.207 14264 14264 V OnBotJava: ctor()...
12-19 10:55:16.209 14264 14264 V OnBotJava: ...ctor()
12-19 10:55:16.214 14264 14264 V RCActivity: Permissions validated already
12-19 10:55:16.214 14264 14264 V RCActivity: onCreate()
12-19 10:55:16.216 14264 14264 V RCActivity: rootActivity is of class PermissionValidatorWrapper
12-19 10:55:16.219 14264 14264 V RCActivity: launchActivity is of class class org.firstinspires.ftc.robotcontroller.internal.PermissionValidatorWrapper
12-19 10:55:16.226 14264 14304 V CallbackLooper: thread=73
12-19 10:55:16.230 14264 14264 V NetDiscover_wifiDirectAgent: doStart()...
12-19 10:55:16.235 14264 14264 V NetDiscover_wifiDirectAgent: ...doStart()
12-19 10:55:16.236 14264 14264 V NetDiscover_prefremrc: ----- all preferences -----
12-19 10:55:16.236 14264 14264 V NetDiscover_prefremrc: name='android.permission.READ_PHONE_STATE' value=false
12-19 10:55:16.236 14264 14264 V NetDiscover_prefremrc: name='pref_autostarted_robot_controller' value=true
12-19 10:55:16.236 14264 14264 V NetDiscover_prefremrc: name='pref_warn_about_obsolete_software' value=true
12-19 10:55:16.236 14264 14264 V NetDiscover_prefremrc: name='pref_has_independent_phone_battery' value=false
12-19 10:55:16.237 14264 14264 V NetDiscover_prefremrc: name='android.permission.CAMERA' value=false
12-19 10:55:16.237 14264 14264 V NetDiscover_prefremrc: name='pref_wifip2p_remote_channel_change_works' value=false
12-19 10:55:16.237 14264 14264 V NetDiscover_prefremrc: name='pref_hardware_config_filename' value={"isDirty":false,"location":"LOCAL_STORAGE","name":"ExCameraDsCs","resourceId":0}
12-19 10:55:16.237 14264 14264 V NetDiscover_prefremrc: name='pref_warn_about_mismatched_app_versions' value=true
12-19 10:55:16.237 14264 14264 V NetDiscover_prefremrc: name='pref_sound_on_off' value=false
12-19 10:55:16.237 14264 14264 V NetDiscover_prefremrc: name='pref_ftc_season_year_of_current_rc_new' value=2022
12-19 10:55:16.237 14264 14264 V NetDiscover_prefremrc: name='App Restrictions' value=AAAAAA==
12-19 10:55:16.237 14264 14264 V NetDiscover_prefremrc:     
12-19 10:55:16.237 14264 14264 V NetDiscover_prefremrc: name='pref_warn_about_incorrect_clocks' value=true
12-19 10:55:16.237 14264 14264 V NetDiscover_prefremrc: name='pref_has_speaker' value=false
12-19 10:55:16.238 14264 14264 V NetDiscover_prefremrc: name='pref_ftc_season_year_of_current_rc' value=2022
12-19 10:55:16.238 14264 14264 V NetDiscover_prefremrc: name='android.permission.ACCESS_COARSE_LOCATION' value=false
12-19 10:55:16.238 14264 14264 V NetDiscover_prefremrc: name='android.permission.WRITE_EXTERNAL_STORAGE' value=false
12-19 10:55:16.238 14264 14264 V NetDiscover_prefremrc: name='pref_connection_owner_password' value=ftc21180
12-19 10:55:16.238 14264 14264 V NetDiscover_prefremrc: name='pref_pairing_kind' value=RCWIRELESSAP
12-19 10:55:16.238 14264 14264 V NetDiscover_prefremrc: name='pref_device_name_internal' value=21180-RC
12-19 10:55:16.238 14264 14264 V NetDiscover_prefremrc: name='pref_app_theme' value=red
12-19 10:55:16.238 14264 14264 V NetDiscover_prefremrc: name='android.permission.ACCESS_FINE_LOCATION' value=false
12-19 10:55:16.238 14264 14264 V NetDiscover_prefremrc: name='pref_device_name' value=21180-RC
12-19 10:55:16.238 14264 14264 V NetDiscover_prefremrc: name='pref_warn_about_2_4_ghz_band' value=true
12-19 10:55:16.238 14264 14264 V NetDiscover_prefremrc: name='android.permission.READ_EXTERNAL_STORAGE' value=false
12-19 10:55:16.239 14264 14264 V NetDiscover_prefremrc: name='pref_device_name_tracking' value=WIFIAP
12-19 10:55:16.239 14264 14264 V NetDiscover_prefremrc: name='pref_rc_connected' value=true
12-19 10:55:16.245 14264 14264 V Robocol : SendOnceRunnable created
12-19 10:55:16.247 14264 14264 V NetDiscover_prefremrc: doStart()...
12-19 10:55:16.247 14264 14264 V NetDiscover_prefremrc: ...doStart()
12-19 10:55:16.274 14264 14264 W System  : ClassLoader referenced unknown path: /system/app/webview/lib/arm
12-19 10:55:16.275 14264 14264 D ApplicationLoaders: ignored Vulkan layer search path /system/app/webview/lib/arm:/system/app/webview/webview.apk!/lib/armeabi-v7a:/system/lib:/vendor/lib for namespace 0xec851090
12-19 10:55:16.279 14264 14264 I WebViewFactory: Loading com.android.webview version 52.0.2743.100 (code 275610050)
12-19 10:55:16.310 14264 14264 I cr_LibraryLoader: Time to load native libraries: 2 ms (timestamps 9007-9009)
12-19 10:55:16.310 14264 14264 I cr_LibraryLoader: Expected native library version number "52.0.2743.100", actual native library version number "52.0.2743.100"
12-19 10:55:16.323 14264 14264 V WebViewChromiumFactoryProvider: Binding Chromium to main looper Looper (main, tid 1) {f667674}
12-19 10:55:16.324 14264 14264 I cr_LibraryLoader: Expected native library version number "52.0.2743.100", actual native library version number "52.0.2743.100"
12-19 10:55:16.324 14264 14264 I chromium: [INFO:library_loader_hooks.cc(143)] Chromium logging enabled: level = 0, default verbosity = 0
12-19 10:55:16.342 14264 14264 I cr_BrowserStartup: Initializing chromium process, singleProcess=true
12-19 10:55:16.367 14264 14264 I mali_so : [File] : hardware/rockchip/driver/./src/base/arch/arch_011_udd/base_arch_main.c; [Line] : 565; [Func] : deal_with_version_affairs_rk_ext;
12-19 10:55:16.367 14264 14264 I mali_so : arm_release_ver of this mali_so is 'r7p0-00rel1', rk_so_ver is '1@2' for 3328h_android_7.1, built at '15:47:49', on 'Jun 28 2017'.
12-19 10:55:16.367 14264 14264 I mali_so : [File] : hardware/rockchip/driver/./src/base/arch/arch_011_udd/base_arch_main.c; [Line] : 578; [Func] : deal_with_version_affairs_rk_ext;
12-19 10:55:16.367 14264 14264 I mali_so : mali_ver_property has been set to 'r7p0-00rel1-5-1@2', to return.
12-19 10:55:16.438 14264 14264 I cr_DRP  : No DRP key due to exception:java.lang.ClassNotFoundException: com.android.webview.chromium.Drp
12-19 10:55:16.485 14264 14264 W cr_AwContents: onDetachedFromWindow called when already detached. Ignoring
12-19 10:55:16.723 14264 14264 W System  : ClassLoader referenced unknown path: 
12-19 10:55:18.312 14264 14264 V UpdateUI: Network: inactive, disconnected
12-19 10:55:18.312 14264 14264 V ServiceStarter: attempting to start service FtcRobotControllerWatchdogService
12-19 10:55:18.316 14264 14264 V ServiceStarter: started service FtcRobotControllerWatchdogService
12-19 10:55:18.340 14264 14264 I RobotCore: App info: version=8.1.1 appId=com.qualcomm.ftcrobotcontroller
12-19 10:55:18.340 14264 14264 I RobotCore: Android Device: maker=REV Robotics model=Control Hub v1.0 sdk=25 serial=caade241cd00a884
12-19 10:55:18.340 14264 14264 V AndroidBoard: REV Control Hub contains REV3328
12-19 10:55:18.340 14264 14264 V AndroidBoard: Communicating with embedded REV hub via /dev/ttyS1
12-19 10:55:18.343 14264 14264 V RCActivity: onStart()
12-19 10:55:18.348 14264 14264 V RCActivity: onResume()
12-19 10:55:18.366 14264 14264 V RCActivity: onPause()
12-19 10:55:18.370 14264 14264 V NetDiscover_prefremrc: onSharedPreferenceChanged(name=App Restrictions, value=AAAAAA==
12-19 10:55:18.370 14264 14264 V NetDiscover_prefremrc: )
12-19 10:55:18.385 14264 14264 I PermissionValidatorActivity: Lifecycle onCreate : 9bf834f
12-19 10:55:18.472 14264 14264 I PermissionValidatorActivity: Lifecycle onStart : 9bf834f
12-19 10:55:18.472 14264 14264 I PermissionValidator: Checking permission for android.permission.WRITE_EXTERNAL_STORAGE
12-19 10:55:18.473 14264 14264 I PermissionValidator:     Granted: android.permission.WRITE_EXTERNAL_STORAGE
12-19 10:55:18.473 14264 14264 I PermissionValidator: Checking permission for android.permission.READ_EXTERNAL_STORAGE
12-19 10:55:18.474 14264 14264 I PermissionValidator:     Granted: android.permission.READ_EXTERNAL_STORAGE
12-19 10:55:18.474 14264 14264 I PermissionValidator: Checking permission for android.permission.CAMERA
12-19 10:55:18.475 14264 14264 I PermissionValidator:     Granted: android.permission.CAMERA
12-19 10:55:18.475 14264 14264 I PermissionValidator: Checking permission for android.permission.ACCESS_COARSE_LOCATION
12-19 10:55:18.476 14264 14264 I PermissionValidator:     Granted: android.permission.ACCESS_COARSE_LOCATION
12-19 10:55:18.476 14264 14264 I PermissionValidator: Checking permission for android.permission.ACCESS_FINE_LOCATION
12-19 10:55:18.477 14264 14264 I PermissionValidator:     Granted: android.permission.ACCESS_FINE_LOCATION
12-19 10:55:18.477 14264 14264 I PermissionValidator: Checking permission for android.permission.READ_PHONE_STATE
12-19 10:55:18.478 14264 14264 I PermissionValidator:     Granted: android.permission.READ_PHONE_STATE
12-19 10:55:18.480 14264 14264 V ServiceStarter: attempting to start service MediaTransferProtocolMonitorService
12-19 10:55:18.482 14264 14264 V ServiceStarter: started service MediaTransferProtocolMonitorService
12-19 10:55:18.482 14264 14264 V ServiceStarter: attempting to start service OnBotJavaService
12-19 10:55:18.483 14264 14264 V ServiceStarter: started service OnBotJavaService
12-19 10:55:18.483 14264 14264 I PermissionValidatorActivity: All permissions validated.  Starting RobotController
12-19 10:55:18.496 14264 14264 V FtcRobotControllerWatchdogService: onCreate()
12-19 10:55:18.496 14264 14264 V FtcRobotControllerWatchdogService: onStartCommand() intent=Intent { cmp=com.qualcomm.ftcrobotcontroller/org.firstinspires.ftc.ftccommon.internal.FtcRobotControllerWatchdogService } flags=0x0 startId=1
12-19 10:55:18.497 14264 14264 V FtcRobotControllerWatchdogService: shouldAutoLauchRobotController() result=true
12-19 10:55:18.498 14264 14264 V FTCService: onCreate()
12-19 10:55:18.533 14264 14264 W art     : Before Android 4.1, method double java.util.concurrent.ThreadLocalRandom.internalNextDouble(double, double) would have incorrectly overridden the package-private method in java.util.Random
12-19 10:55:18.533 14264 14264 W art     : Before Android 4.1, method int java.util.concurrent.ThreadLocalRandom.internalNextInt(int, int) would have incorrectly overridden the package-private method in java.util.Random
12-19 10:55:18.533 14264 14264 W art     : Before Android 4.1, method long java.util.concurrent.ThreadLocalRandom.internalNextLong(long, long) would have incorrectly overridden the package-private method in java.util.Random
12-19 10:55:18.572 14264 14264 V FTCService: onBind()
12-19 10:55:18.602 14264 14264 V CoreRobotWebServer: creating NanoHTTPD(8080)
12-19 10:55:18.608 14264 14264 V WebSocketManager: Registered broadcast-only namespace progress
12-19 10:55:18.614 14264 14264 V WebSocketManager: Registered handler for namespace ControlHubUpdater
12-19 10:55:18.615 14264 14264 V RobotCore: Getting network assistant of type: RCWIRELESSAP
12-19 10:55:18.617 14264 14264 I RobotControllerAccessPointAssistant: Enabling network services
12-19 10:55:18.619 14264 14264 I RobotControllerAccessPointAssistant: Sending SSID and password to AP service
12-19 10:55:18.620 14264 14264 I RobotCore: ftc21180
12-19 10:55:18.621 14264 14264 D RobotControllerAccessPointAssistant: setNetworkProperties(deviceName=21180-RC, password=ftc21180, ApChannel=null) sendSettingsIndividually=false
12-19 10:55:18.621 14264 14264 I NetDiscover_ControlHubNameManager: Robot controller name: 21180-RC
12-19 10:55:18.621 14264 14264 I ControlHubPasswordManager: Robot controller password: ftc21180
12-19 10:55:18.621 14264 14264 D RobotControllerAccessPointAssistant: Sending bulk settings broadcast intent
12-19 10:55:18.665 14264 14264 V MTPMonitorService: onStartCommand() intent=Intent { cmp=com.qualcomm.ftcrobotcontroller/org.firstinspires.ftc.robotcore.internal.files.MediaTransferProtocolMonitorService } flags=0x0 startId=2
12-19 10:55:18.673 14264 14264 V MTPMonitor: observing: /storage/emulated/0
12-19 10:55:18.697 14264 14264 W FileObserverManager: upgrading mask: path=/storage/emulated/0/FIRST/java/status old=0x00000ffc new=0x00004ffc: might possibly miss event
12-19 10:55:18.699 14264 14264 W FileObserverManager: upgrading mask: path=/storage/emulated/0/FIRST/java/control old=0x00000ffc new=0x00004ffc: might possibly miss event
12-19 10:55:18.711 14264 14264 W FileObserverManager: upgrading mask: path=/storage/emulated/0/FIRST/blocks old=0x00000ffc new=0x00004ffc: might possibly miss event
12-19 10:55:18.719 14264 14264 V OnBotJavaService: onStartCommand() intent=Intent { cmp=com.qualcomm.ftcrobotcontroller/org.firstinspires.ftc.onbotjava.OnBotJavaService } flags=0x0 startId=2
12-19 10:55:18.719 14264 14264 V OnBotJava: ctor()...
12-19 10:55:18.720 14264 14264 W FileObserverManager: upgrading mask: path=/storage/emulated/0/FIRST/java/control/buildRequest.txt old=0x00000ffc new=0x00000ffe: might possibly miss event
12-19 10:55:18.721 14264 14264 V OnBotJava: ...ctor()
12-19 10:55:18.726 14264 14264 V RCActivity: onResume()
12-19 10:55:18.726 14264 14264 V RCActivity: onPause()
12-19 10:55:18.727 14264 14264 I RobotControllerAccessPointAssistant: Wi-Fi state change:, wifiApState: 13
12-19 10:55:18.728 14264 14264 I FTCService: onNetworkConnectionEvent: CONNECTION_INFO_AVAILABLE
12-19 10:55:18.728 14264 14264 I RobotCore: ftc21180
12-19 10:55:18.729 14264 14264 I FTCService: Network Connection Passphrase: ftc21180
12-19 10:55:18.729 14264 14264 V CoreRobotWebServer: starting port=8080
12-19 10:55:18.740 14264 14264 V RobotCore: Getting network assistant of type: RCWIRELESSAP
12-19 10:55:18.741 14264 14264 V CoreRobotWebServer: started port=8080
12-19 10:55:18.741 14264 14264 V FTCService: RCActivity.controllerService=bound
12-19 10:55:18.742 14264 14264 V UpdateUI: Network: active, disconnected
12-19 10:55:18.743 14264 14264 V RobotCore: Robot Status: stopped
12-19 10:55:18.750 14264 14341 V TooTallWebSocketServer: Started WebSocket server on port 8081
12-19 10:55:18.754 14264 14344 V RobotCore: thread: 'RobotSetupRunnable.run()' starting...
12-19 10:55:18.754 14264 14344 V FTCService: Processing robot setup
12-19 10:55:18.754 14264 14344 V RobotCore: Robot Status: stopped, scanning for USB devices
12-19 10:55:18.755 14264 14344 I AppAliveNotifier: Telling the OS to set the RC alive notification timeout to 10 seconds
12-19 10:55:18.776 14264 14264 V WebSocketManager: Registered handler for namespace ONBOTJAVA
12-19 10:55:18.782 14264 14264 V RCActivity: onResume()
12-19 10:55:18.795 14264 14335 I OpenGLRenderer: Initialized EGL, version 1.4
12-19 10:55:18.795 14264 14335 D OpenGLRenderer: Swap behavior 1
12-19 10:55:18.816 14264 14335 I [Gralloc]:  ion device open success! fd = 92
12-19 10:55:18.863 14264 14343 V FtcWebSocket: Opening websocket (ip=192.168.43.107/192.168.43.107 port=8081)
12-19 10:55:18.873 14264 14343 V WebSocketManager: Subscribed websocket (ip=192.168.43.107/192.168.43.107 port=8081) to namespace (progress)
12-19 10:55:18.877 14264 14343 V WebSocketManager: Subscribed websocket (ip=192.168.43.107/192.168.43.107 port=8081) to namespace (ControlHubUpdater)
12-19 10:55:18.885 14264 14343 V FtcWebSocket: Opening websocket (ip=192.168.43.107/192.168.43.107 port=8081)
12-19 10:55:18.890 14264 14343 V WebSocketManager: Subscribed websocket (ip=192.168.43.107/192.168.43.107 port=8081) to namespace (progress)
12-19 10:55:18.891 14264 14343 V WebSocketManager: Subscribed websocket (ip=192.168.43.107/192.168.43.107 port=8081) to namespace (ControlHubUpdater)
12-19 10:55:18.908 14264 14343 V FtcWebSocket: Opening websocket (ip=192.168.43.107/192.168.43.107 port=8081)
12-19 10:55:18.911 14264 14343 V WebSocketManager: Subscribed websocket (ip=192.168.43.107/192.168.43.107 port=8081) to namespace (progress)
12-19 10:55:18.914 14264 14343 V WebSocketManager: Subscribed websocket (ip=192.168.43.107/192.168.43.107 port=8081) to namespace (ControlHubUpdater)
12-19 10:55:18.929 14264 14343 V FtcWebSocket: Opening websocket (ip=192.168.43.107/192.168.43.107 port=8081)
12-19 10:55:18.931 14264 14343 V WebSocketManager: Subscribed websocket (ip=192.168.43.107/192.168.43.107 port=8081) to namespace (progress)
12-19 10:55:18.933 14264 14343 V WebSocketManager: Subscribed websocket (ip=192.168.43.107/192.168.43.107 port=8081) to namespace (ControlHubUpdater)
12-19 10:55:18.951 14264 14343 V FtcWebSocket: Opening websocket (ip=192.168.43.107/192.168.43.107 port=8081)
12-19 10:55:18.953 14264 14343 V WebSocketManager: Subscribed websocket (ip=192.168.43.107/192.168.43.107 port=8081) to namespace (progress)
12-19 10:55:18.955 14264 14343 V WebSocketManager: Subscribed websocket (ip=192.168.43.107/192.168.43.107 port=8081) to namespace (ControlHubUpdater)
12-19 10:55:19.298 14264 14264 I PermissionValidatorActivity: Lifecycle onDestroy : 9bf834f
12-19 10:55:19.299 14264 14264 V AppUtil : rootActivity=PermissionValidatorWrapper destroyed
12-19 10:55:19.299 14264 14264 V AppUtil : rootActivity=FtcRobotControllerActivity
12-19 10:55:19.300 14264 14264 I PermissionValidatorActivity: Lifecycle onDestroy : 6d5214a
12-19 10:55:19.512 14264 14343 V FtcWebSocket: Opening websocket (ip=192.168.43.107/192.168.43.107 port=8081)
12-19 10:55:19.515 14264 14343 V WebSocketManager: Subscribed websocket (ip=192.168.43.107/192.168.43.107 port=8081) to namespace (progress)
12-19 10:55:19.517 14264 14343 V WebSocketManager: Subscribed websocket (ip=192.168.43.107/192.168.43.107 port=8081) to namespace (ControlHubUpdater)
12-19 10:55:19.876 14264 14364 I RobotCore: ftc21180
12-19 10:55:19.966 14264 14368 V ProgrammingModeManager: serve uri=/css/colors.less
12-19 10:55:20.237 14264 14366 I RobotCore: ftc21180
12-19 10:55:20.674 14264 14370 V ProgrammingModeManager: serve uri=/css/colors.less
12-19 10:55:22.173 14264 14370 I RobotCore: ftc21180
12-19 10:55:23.764 14264 14344 V RobotCore: EventLoopManager state is NOT_STARTED
12-19 10:55:23.764 14264 14344 V FTCService: Waiting for a connection to a Wi-Fi service
12-19 10:55:23.765 14264 14344 V RobotCore: Robot Status: stopped, waiting for network to become active
12-19 10:55:23.769 14264 14344 I RobotControllerAccessPointAssistant: Wi-Fi AP is enabled
12-19 10:55:23.769 14264 14344 V CoreRobotWebServer: Asked an already running WebServer to start
12-19 10:55:23.770 14264 14344 V RobotCore: Robot Status: stopped, starting robot
12-19 10:55:23.770 14264 14344 V Robocol : EventLoopManager.start()
12-19 10:55:23.770 14264 14344 V RobotCore: Getting network assistant of type: RCWIRELESSAP
12-19 10:55:23.771 14264 14344 I RobotControllerAccessPointAssistant: Wi-Fi AP is enabled
12-19 10:55:23.771 14264 14344 V Robocol : Spoofing a Network Connection event...
12-19 10:55:23.771 14264 14344 I EventLoopManager: onNetworkConnectionEvent: CONNECTION_INFO_AVAILABLE
12-19 10:55:23.771 14264 14344 I Robocol : Received network connection event
12-19 10:55:23.772 14264 14344 I RobotControllerAccessPointAssistant: Wi-Fi AP is enabled
12-19 10:55:23.772 14264 14344 I NetworkConnectionHandler: Handling new network connection infomation, connected: true setup needed: true
12-19 10:55:23.773 14264 14344 I RobotControllerAccessPointAssistant: Wi-Fi AP is enabled
12-19 10:55:26.791 14264 14404 V RobotCore: thread: 'SetupRunnable.run()' starting...
12-19 10:55:26.791 14264 14344 V RobotCore: EventLoopManager state is STOPPED
12-19 10:55:26.793 14264 14344 V Robocol : eventLoop=FtcEventLoop
12-19 10:55:26.793 14264 14344 V RobotCore: EventLoopManager state is INIT
12-19 10:55:26.795 14264 14344 V RobotCore: Robot Status: initializing, starting robot
12-19 10:55:26.796 14264 14344 I FtcEventLoop: ======= INIT START =======
12-19 10:55:26.798 14264 14344 V OpmodeRegistration: registered {DefaultOpMode} as {$Stop$Robot$}
12-19 10:55:26.806 14264 14404 D Robocol : RobocolDatagramSocket listening addr=/192.168.43.1:20884 cbRec=65520 cbSend=106496 msRecTO=300
12-19 10:55:26.808 14264 14404 V Robocol : RecvLoopRunnable created
12-19 10:55:26.812 14264 14405 V Robocol : PacketProcessor started
12-19 10:55:26.814 14264 14406 V Robocol : CommandProcessor started
12-19 10:55:26.816 14264 14407 V RobotCore: thread: 'RecvLoopRunnable.run()' starting...
12-19 10:55:26.823 14264 14404 V PeerDiscovery: Starting peer discovery remote: /192.168.43.1 local: /192.168.43.1
12-19 10:55:26.823 14264 14404 V PeerDiscovery: No need for initiating peer discovery, we are the Robot Controller
12-19 10:55:26.823 14264 14404 V RobotCore: Setup complete
12-19 10:55:26.823 14264 14404 V RobotCore: thread: ...terminating 'SetupRunnable.run()'
12-19 10:55:27.047 14264 14344 V MD5     : Calculated digest: 9d9a9ed11665dc92c91c475aad54ef94
12-19 10:55:27.047 14264 14344 V MD5     : Provided digest: 9d9a9ed11665dc92c91c475aad54ef94
12-19 10:55:27.091 14264 14405 D RobotCore: system telemetry: key=$System$None$ msg=""
12-19 10:55:27.091 14264 14405 V PeerDiscovery: new remote peer discovered: 192.168.43.230
12-19 10:55:27.092 14264 14405 V NetworkConnectionHandler: starting sending loop
12-19 10:55:27.093 14264 14411 V Robocol : sending CMD_NOTIFY_ROBOT_STATE(9), attempt: 0
12-19 10:55:27.094 14264 14411 V Robocol : sending CMD_NOTIFY_ROBOT_STATE(10), attempt: 0
12-19 10:55:27.097 14264 14411 V Robocol : sending CMD_NOTIFY_ROBOT_STATE(11), attempt: 0
12-19 10:55:27.111 14264 14405 V UpdateUI: Network: active, connected
12-19 10:55:27.111 14264 14405 D FTCService: Sending user device types and preferences to driver station
12-19 10:55:27.185 14264 14414 V SoundInfo: construct(0x09ec467b)
12-19 10:55:27.193 14264 14413 E WVMExtractor: Failed to open libwvm.so: dlopen failed: library "libwvm.so" not found
12-19 10:55:27.199 14264 14405 V NetDiscover_prefremrc: sendAllPreferences()
12-19 10:55:27.199 14264 14405 V NetDiscover_prefremrc: sending RC pref name=pref_wifip2p_remote_channel_change_works value=false
12-19 10:55:27.206 14264 14405 V NetDiscover_prefremrc: sending RC pref name=pref_device_name value=21180-RC
12-19 10:55:27.207 14264 14405 V NetDiscover_prefremrc: sending RC pref name=pref_warn_about_incorrect_clocks value=true
12-19 10:55:27.207 14264 14405 V NetDiscover_prefremrc: sending RC pref name=pref_warn_about_obsolete_software value=true
12-19 10:55:27.208 14264 14405 V NetDiscover_prefremrc: sending RC pref name=pref_has_speaker value=false
12-19 10:55:27.208 14264 14405 V NetDiscover_prefremrc: sending RC pref name=pref_warn_about_2_4_ghz_band value=true
12-19 10:55:27.209 14264 14405 V NetDiscover_prefremrc: sending RC pref name=pref_has_independent_phone_battery value=false
12-19 10:55:27.210 14264 14405 V NetDiscover_prefremrc: sending RC pref name=pref_app_theme value=red
12-19 10:55:27.210 14264 14405 V NetDiscover_prefremrc: sending RC pref name=pref_warn_about_mismatched_app_versions value=true
12-19 10:55:27.211 14264 14405 V NetDiscover_prefremrc: sending RC pref name=pref_sound_on_off value=false
12-19 10:55:27.211 14264 14405 V NetworkConnectionHandler: Peer connection established
12-19 10:55:27.212 14264 14411 V Robocol : sending CMD_NOTIFY_USER_DEVICE_LIST(15), attempt: 0
12-19 10:55:27.215 14264 14411 V Robocol : sending CMD_ROBOT_CONTROLLER_PREFERENCE(16), attempt: 0
12-19 10:55:27.215 14264 14405 V Robocol : packet processing took 124.4ms: type=PEER_DISCOVERY
12-19 10:55:27.216 14264 14411 V Robocol : sending CMD_ROBOT_CONTROLLER_PREFERENCE(17), attempt: 0
12-19 10:55:27.217 14264 14411 V Robocol : sending CMD_ROBOT_CONTROLLER_PREFERENCE(18), attempt: 0
12-19 10:55:27.218 14264 14411 V Robocol : sending CMD_ROBOT_CONTROLLER_PREFERENCE(19), attempt: 0
12-19 10:55:27.218 14264 14411 V Robocol : sending CMD_ROBOT_CONTROLLER_PREFERENCE(20), attempt: 0
12-19 10:55:27.219 14264 14411 V Robocol : sending CMD_ROBOT_CONTROLLER_PREFERENCE(21), attempt: 0
12-19 10:55:27.220 14264 14411 V Robocol : sending CMD_ROBOT_CONTROLLER_PREFERENCE(22), attempt: 0
12-19 10:55:27.221 14264 14411 V Robocol : sending CMD_ROBOT_CONTROLLER_PREFERENCE(23), attempt: 0
12-19 10:55:27.221 14264 14413 I MediaCodec: callingProcessName:com.qualcomm.ftcrobotcontroller
12-19 10:55:27.222 14264 14411 V Robocol : sending CMD_ROBOT_CONTROLLER_PREFERENCE(24), attempt: 0
12-19 10:55:27.224 14264 14411 V Robocol : sending CMD_ROBOT_CONTROLLER_PREFERENCE(25), attempt: 0
12-19 10:55:27.227 14264 14420 I ACodec  : onAllocateComponent:6752 mSoftCodecPref:0 componentName:
12-19 10:55:27.229 14264 14420 I ACodec  : onAllocateComponent:6783 mSoftCodecPref:0 componentName:OMX.google.raw.decoder
12-19 10:55:27.241 14264 14407 V EventLoopManager: Setting authoritative wall clock based on connected DS.
12-19 10:55:27.241 14264 14407 D Uvc     : [time.cpp:64] Java_org_firstinspires_ftc_robotcore_internal_system_AppUtil_nativeSetCurrentTimeMillis()...
12-19 10:55:27.223 14264 14407 I JniTime : [time.cpp:83] settimeofday() succeeded
12-19 10:55:27.223 14264 14407 D Uvc     : [time.cpp:64] ...Java_org_firstinspires_ftc_robotcore_internal_system_AppUtil_nativeSetCurrentTimeMillis()
12-19 10:55:27.224 14264 14407 V AppUtil : attempted to set timezone: before=America/Chicago after=America/Chicago
12-19 10:55:27.226 14264 14405 V Robocol : received command: CMD_REQUEST_ACTIVE_CONFIG(10001) 
12-19 10:55:27.227 14264 14405 V Robocol : received command: CMD_REQUEST_USER_DEVICE_TYPES(10002) 
12-19 10:55:27.230 14264 14405 V Robocol : received command: CMD_REQUEST_OP_MODE_LIST(10003) 
12-19 10:55:27.230 14264 14405 V Robocol : received command: CMD_ROBOT_CONTROLLER_PREFERENCE(10004) {"booleanValue":true,"prefName":"pref_ds_supports_5_ghz"}
12-19 10:55:27.231 14264 14405 V Robocol : received command: CMD_ROBOT_CONTROLLER_PREFERENCE(10005) {"intValue":21,"prefName":"pref_dh_os_version_code"}
12-19 10:55:27.255 14264 14304 D SoundPlayer: onLoadComplete(samp=1|ms=757, samp=1)=0
12-19 10:55:27.257 14264 14414 W AudioTrack: AUDIO_OUTPUT_FLAG_FAST denied by client; transfer 4, track 48000 Hz, output 44100 Hz
12-19 10:55:27.261 14264 14414 D SoundPlayer: playing volume=0.000000 samp=1|ms=757
12-19 10:55:27.274 14264 14411 V Robocol : sending CMD_PLAY_SOUND(37), attempt: 0
12-19 10:55:27.314 14264 14411 V Robocol : sending CMD_NOTIFY_ROBOT_STATE(9), attempt: 1
12-19 10:55:27.314 14264 14411 V Robocol : sending CMD_NOTIFY_ROBOT_STATE(10), attempt: 1
12-19 10:55:27.315 14264 14411 V Robocol : sending CMD_NOTIFY_ROBOT_STATE(11), attempt: 1
12-19 10:55:27.434 14264 14411 V Robocol : sending CMD_NOTIFY_USER_DEVICE_LIST(15), attempt: 1
12-19 10:55:27.787 14264 14344 V OpmodeRegistration: registered {AutonomousLeft} as {Autonomous_Left}
12-19 10:55:27.788 14264 14344 V OpmodeRegistration: registered {AutonomousRight} as {Autonomous_Right}
12-19 10:55:27.789 14264 14344 V OpmodeRegistration: registered {TeleopDualDrivers} as {Teleop_DualDrivers}
12-19 10:55:27.790 14264 14344 V OpmodeRegistration: registered {AutonomousTest} as {Autonomous_Test}
12-19 10:55:27.794 14264 14411 V Robocol : sending CMD_NOTIFY_ACTIVE_CONFIGURATION(52), attempt: 0
12-19 10:55:27.814 14264 14344 V FtcEventLoop: Ensuring that the embedded Control Hub module is set up correctly
12-19 10:55:27.821 14264 14344 V RobotCore: Creating REV Robotics USB Expansion Hub Portal [(embedded)]
12-19 10:55:27.822 14264 14344 V LynxUsb : creating new [(embedded)]: 0x0071859d
12-19 10:55:27.823 14264 14264 I pRunnable.run(): type=1400 audit(0.0:610): avc: denied { read } for name="ttyS1" dev="tmpfs" ino=8268 scontext=u:r:untrusted_app:s0:c512,c768 tcontext=u:object_r:serial_device:s0 tclass=chr_file permissive=1
12-19 10:55:27.823 14264 14264 I pRunnable.run(): type=1400 audit(0.0:611): avc: denied { write } for name="ttyS1" dev="tmpfs" ino=8268 scontext=u:r:untrusted_app:s0:c512,c768 tcontext=u:object_r:serial_device:s0 tclass=chr_file permissive=1
12-19 10:55:27.823 14264 14264 I pRunnable.run(): type=1400 audit(0.0:612): avc: denied { open } for path="/dev/ttyS1" dev="tmpfs" ino=8268 scontext=u:r:untrusted_app:s0:c512,c768 tcontext=u:object_r:serial_device:s0 tclass=chr_file permissive=1
12-19 10:55:27.826 14264 14264 I pRunnable.run(): type=1400 audit(0.0:613): avc: denied { ioctl } for path="/dev/ttyS1" dev="tmpfs" ino=8268 ioctlcmd=5401 scontext=u:r:untrusted_app:s0:c512,c768 tcontext=u:object_r:serial_device:s0 tclass=chr_file permissive=1
12-19 10:55:27.826 14264 14264 I pRunnable.run(): type=1400 audit(0.0:614): avc: denied { read } for name="value" dev="sysfs" ino=13327 scontext=u:r:untrusted_app:s0:c512,c768 tcontext=u:object_r:sysfs:s0 tclass=file permissive=1
12-19 10:55:27.826 14264 14344 V FtDeviceManager: createDeviceInfoList(): 0 USB devices
12-19 10:55:27.826 14264 14344 V RobotUsbManagerCombining: FTDI driver failed to open USB device with serial number (embedded) (returned null device)
12-19 10:55:27.827 14264 14344 V SerialPortNative: [SerialPort.cpp:150] opened(/dev/ttyS1): fd=104
12-19 10:55:27.828 14264 14344 V RobotUsbDeviceTTY: opening serial=(embedded) file=/dev/ttyS1
12-19 10:55:27.829 14264 14344 V LynxUsb : armDevice() serial=(embedded)...
12-19 10:55:27.829 14264 14344 V LynxUsb : resetDevice() serial=(embedded)
12-19 10:55:27.830 14264 14344 V LynxModule: resetting embedded usb device: isPresent: was=true
12-19 10:55:27.826 14264 14264 I pRunnable.run(): type=1400 audit(0.0:615): avc: denied { open } for path="/sys/devices/pinctrl.26/gpio/gpio50/value" dev="sysfs" ino=13327 scontext=u:r:untrusted_app:s0:c512,c768 tcontext=u:object_r:sysfs:s0 tclass=file permissive=1
12-19 10:55:27.826 14264 14264 I pRunnable.run(): type=1400 audit(0.0:616): avc: denied { getattr } for path="/sys/devices/pinctrl.26/gpio/gpio50/value" dev="sysfs" ino=13327 scontext=u:r:untrusted_app:s0:c512,c768 tcontext=u:object_r:sysfs:s0 tclass=file permissive=1
12-19 10:55:27.829 14264 14264 I pRunnable.run(): type=1400 audit(0.0:617): avc: denied { write } for name="value" dev="sysfs" ino=16645 scontext=u:r:untrusted_app:s0:c512,c768 tcontext=u:object_r:sysfs:s0 tclass=file permissive=1
12-19 10:55:27.834 14264 14411 V Robocol : sending CMD_NOTIFY_USER_DEVICE_LIST(53), attempt: 0
12-19 10:55:27.836 14264 14411 V Robocol : sending CMD_NOTIFY_OP_MODE_LIST(54), attempt: 0
12-19 10:55:28.187 14264 14344 V LynxUsb : ...done armDevice()
12-19 10:55:28.188 14264 14434 V RobotCore: thread: 'lynx incoming datagrams' starting...
12-19 10:55:28.188 14264 14344 V LynxUsb : 0x030febe0 on 0x0071859d: new delegate to [(embedded)]
12-19 10:55:28.196 14264 14344 V LynxUsb : addConfiguredModule() module#=173
12-19 10:55:28.197 14264 14344 V LynxModule: pingAndQueryKnownInterfaces mod=173
12-19 10:55:28.199 14264 14434 V LynxUsb : synchronization gained: serial=(embedded)
12-19 10:55:28.222 14264 14344 V LynxModule: mod#=173 queryInterface(DEKA)=54 commands starting at 4096
12-19 10:55:28.236 14264 14344 V LynxModule: sending LynxFtdiResetControlCommand(true) wasInterrupted=false
12-19 10:55:28.243 14264 14344 V LynxModule: sendLEDPatternSteps(): steps=[Step(color=65280, msDuration=1000)]
12-19 10:55:28.248 14264 14344 V LynxModule: setAsControlHubEmbeddedModule(mod=173)
12-19 10:55:28.248 14264 14344 V EmbeddedControlHubModule: setting embedded module
12-19 10:55:28.249 14264 14344 V LynxModule: sending LynxFtdiResetControlCommand(false) wasInterrupted=false
12-19 10:55:28.252 14264 14344 V LynxModule: close(#173)
12-19 10:55:28.253 14264 14344 V LynxUsb : Verified that the embedded Control Hub module has the correct address
12-19 10:55:28.255 14264 14344 V LynxUsb : addConfiguredModule() module#=173
12-19 10:55:28.256 14264 14344 V LynxModule: pingAndQueryKnownInterfaces mod=173
12-19 10:55:28.269 14264 14344 V LynxModule: mod#=173 queryInterface(DEKA)=54 commands starting at 4096
12-19 10:55:28.280 14264 14344 V LynxModule: sending LynxFtdiResetControlCommand(true) wasInterrupted=false
12-19 10:55:28.284 14264 14344 V LynxModule: sendLEDPatternSteps(): steps=[Step(color=65280, msDuration=1000)]
12-19 10:55:28.289 14264 14344 V LynxModule: setAsControlHubEmbeddedModule(mod=173)
12-19 10:55:28.289 14264 14344 V EmbeddedControlHubModule: setting embedded module
12-19 10:55:28.289 14264 14344 I RobotCore: LynxFirmwareVersionManager: LynxI2cDeviceSynchV2
12-19 10:55:28.290 14264 14344 V LynxI2cDeviceSynch: initializeHardware() mod#=173
12-19 10:55:28.291 14264 14344 V BHI260IMU: Suppressing I2C warnings while we check for a BHI260AP IMU
12-19 10:55:28.295 14264 14344 V BHI260IMU: No BHI260AP IMU found
12-19 10:55:28.296 14264 14344 V BNO055  : Suppressing I2C warnings while we check for a BNO055 IMU
12-19 10:55:28.301 14264 14344 V BNO055  : Found BNO055 IMU
12-19 10:55:28.301 14264 14344 V LynxModule: sending LynxFtdiResetControlCommand(false) wasInterrupted=false
12-19 10:55:28.304 14264 14344 V LynxModule: close(#173)
12-19 10:55:28.306 14264 14344 V HardwareFactory: createHardwareMap()
12-19 10:55:28.306 14264 14344 V EmbeddedControlHubModule: clearing embedded module
12-19 10:55:28.319 14264 14344 V ReadXMLFileHandler: embedded lynx USB device is already present
12-19 10:55:28.320 14264 14344 V RobotCore: Creating REV Robotics USB Expansion Hub Portal [(embedded)]
12-19 10:55:28.320 14264 14344 V LynxUsb : using existing [(embedded)]: 0x0071859d
12-19 10:55:28.320 14264 14344 V LynxUsb : 0x07aeeb39 on 0x0071859d: new delegate to [(embedded)]
12-19 10:55:28.321 14264 14344 V RobotCore: Creating Lynx Module - mod=173 parent=true
12-19 10:55:28.322 14264 14344 V RobotCore: Creating Lynx Module - mod=2 parent=false
12-19 10:55:28.324 14264 14344 V LynxUsb : addConfiguredModule() module#=173
12-19 10:55:28.324 14264 14344 V LynxModule: pingAndQueryKnownInterfaces mod=173
12-19 10:55:28.337 14264 14344 V LynxModule: mod#=173 queryInterface(DEKA)=54 commands starting at 4096
12-19 10:55:28.345 14264 14344 V LynxModule: sending LynxFtdiResetControlCommand(true) wasInterrupted=false
12-19 10:55:28.350 14264 14344 V LynxModule: sendLEDPatternSteps(): steps=[Step(color=65280, msDuration=1000)]
12-19 10:55:28.354 14264 14437 V LynxModule: received status: LynxGetModuleStatusResponse(status=0x02 alerts=0x00: Reset)
12-19 10:55:28.356 14264 14437 W HubPowerCycle: Expansion Hub 173 regained power after a complete power loss. No user Op Mode was running.
12-19 10:55:28.357 14264 14344 V LynxModule: setAsControlHubEmbeddedModule(mod=173)
12-19 10:55:28.357 14264 14437 V LynxModule: resendCurrentPattern()
