01-07 14:38:57.124  3611  5285 I global  :  RENO - ChassisWith4Motors.rotate(ChassisWith4Motors.java:457): Rotated angle is -44.55.
01-07 14:38:57.130  3611  5285 I global  :  RENO - ChassisWith4Motors.rotate(ChassisWith4Motors.java:462): Required turning degrees: -44.91.
01-07 14:38:57.131  3611  5285 I global  :  RENO - ChassisWith4Motors.rotate(ChassisWith4Motors.java:463): IMU angle after turning stop is -89.97.
01-07 14:38:57.132  3611  5285 I global  :  RENO - ChassisWith4Motors.rotateIMUTargetAngle(ChassisWith4Motors.java:374): imu angle before rotation: -45.09
01-07 14:38:57.186  3611  5285 I global  :  RENO - ChassisWith4Motors.setPowerWithPIDControl(ChassisWith4Motors.java:556): tDistance = 23.00, currLocation = 0.02
01-07 14:38:57.187  3611  5285 I global  :  RENO - ChassisWith4Motors.setPowerWithPIDControl(ChassisWith4Motors.java:557): rampUpPower = 0.40, rampDownPower = 0.88
01-07 14:38:57.193  3611  5285 I global  :  RENO - ChassisWith4Motors.setPowerWithPIDControl(ChassisWith4Motors.java:562): power = 0.40, correction = 0.05, global angle = -1.230, last angle = -91.20
01-07 14:38:57.205  3611  5285 I global  :  RENO - ChassisWith4Motors.setPowerWithPIDControl(ChassisWith4Motors.java:556): tDistance = 23.00, currLocation = 0.02
01-07 14:38:57.207  3611  5285 I global  :  RENO - ChassisWith4Motors.setPowerWithPIDControl(ChassisWith4Motors.java:557): rampUpPower = 0.40, rampDownPower = 0.88
01-07 14:38:57.213  3611  5285 I global  :  RENO - ChassisWith4Motors.setPowerWithPIDControl(ChassisWith4Motors.java:562): power = 0.40, correction = 0.05, global angle = -1.201, last angle = -91.17
01-07 14:38:57.228  3611  5285 I global  :  RENO - ChassisWith4Motors.setPowerWithPIDControl(ChassisWith4Motors.java:556): tDistance = 23.00, currLocation = 0.04
01-07 14:38:57.229  3611  5285 I global  :  RENO - ChassisWith4Motors.setPowerWithPIDControl(ChassisWith4Motors.java:557): rampUpPower = 0.40, rampDownPower = 0.88
01-07 14:38:57.235  3611  5285 I global  :  RENO - ChassisWith4Motors.setPowerWithPIDControl(ChassisWith4Motors.java:562): power = 0.40, correction = 0.04, global angle = -1.072, last angle = -91.04
01-07 14:38:57.248  3611  5285 I global  :  RENO - ChassisWith4Motors.setPowerWithPIDControl(ChassisWith4Motors.java:556): tDistance = 23.00, currLocation = 0.17
01-07 14:38:57.249  3611  5285 I global  :  RENO - ChassisWith4Motors.setPowerWithPIDControl(ChassisWith4Motors.java:557): rampUpPower = 0.41, rampDownPower = 0.88
01-07 14:38:57.255  3611  5285 I global  :  RENO - ChassisWith4Motors.setPowerWithPIDControl(ChassisWith4Motors.java:562): power = 0.41, correction = 0.04, global angle = -1.034, last angle = -91.00
01-07 14:38:57.268  3611  5285 I global  :  RENO - ChassisWith4Motors.setPowerWithPIDControl(ChassisWith4Motors.java:556): tDistance = 23.00, currLocation = 0.31
01-07 14:38:57.269  3611  5285 I global  :  RENO - ChassisWith4Motors.setPowerWithPIDControl(ChassisWith4Motors.java:557): rampUpPower = 0.41, rampDownPower = 0.88
01-07 14:38:57.275  3611  5285 I global  :  RENO - ChassisWith4Motors.setPowerWithPIDControl(ChassisWith4Motors.java:562): power = 0.41, correction = 0.04, global angle = -0.914, last angle = -90.88
01-07 14:38:57.289  3611  5285 I global  :  RENO - ChassisWith4Motors.setPowerWithPIDControl(ChassisWith4Motors.java:556): tDistance = 23.00, currLocation = 0.46
01-07 14:38:57.290  3611  5285 I global  :  RENO - ChassisWith4Motors.setPowerWithPIDControl(ChassisWith4Motors.java:557): rampUpPower = 0.42, rampDownPower = 0.88
01-07 14:38:57.296  3611  5285 I global  :  RENO - ChassisWith4Motors.setPowerWithPIDControl(ChassisWith4Motors.java:562): power = 0.42, correction = 0.03, global angle = -0.778, last angle = -90.74
01-07 14:38:57.310  3611  5285 I global  :  RENO - ChassisWith4Motors.setPowerWithPIDControl(ChassisWith4Motors.java:556): tDistance = 23.00, currLocation = 0.65
01-07 14:38:57.312  3611  5285 I global  :  RENO - ChassisWith4Motors.setPowerWithPIDControl(ChassisWith4Motors.java:557): rampUpPower = 0.43, rampDownPower = 0.88
01-07 14:38:57.319  3611  5285 I global  :  RENO - ChassisWith4Motors.setPowerWithPIDControl(ChassisWith4Motors.java:562): power = 0.43, correction = 0.03, global angle = -0.726, last angle = -90.69
01-07 14:38:57.333  3611  5285 I global  :  RENO - ChassisWith4Motors.setPowerWithPIDControl(ChassisWith4Motors.java:556): tDistance = 23.00, currLocation = 0.92
01-07 14:38:57.334  3611  5285 I global  :  RENO - ChassisWith4Motors.setPowerWithPIDControl(ChassisWith4Motors.java:557): rampUpPower = 0.44, rampDownPower = 0.88
01-07 14:38:57.339  3611  5285 I global  :  RENO - ChassisWith4Motors.setPowerWithPIDControl(ChassisWith4Motors.java:562): power = 0.44, correction = 0.03, global angle = -0.709, last angle = -90.68
01-07 14:38:57.354  3611  5285 I global  :  RENO - ChassisWith4Motors.setPowerWithPIDControl(ChassisWith4Motors.java:556): tDistance = 23.00, currLocation = 1.22
01-07 14:38:57.355  3611  5285 I global  :  RENO - ChassisWith4Motors.setPowerWithPIDControl(ChassisWith4Motors.java:557): rampUpPower = 0.46, rampDownPower = 0.88
01-07 14:38:57.362  3611  5285 I global  :  RENO - ChassisWith4Motors.setPowerWithPIDControl(ChassisWith4Motors.java:562): power = 0.46, correction = 0.03, global angle = -0.695, last angle = -90.66
01-07 14:38:57.377  3611  5285 I global  :  RENO - ChassisWith4Motors.setPowerWithPIDControl(ChassisWith4Motors.java:556): tDistance = 23.00, currLocation = 1.55
01-07 14:38:57.379  3611  5285 I global  :  RENO - ChassisWith4Motors.setPowerWithPIDControl(ChassisWith4Motors.java:557): rampUpPower = 0.47, rampDownPower = 0.88
01-07 14:38:57.383  3611  5285 I global  :  RENO - ChassisWith4Motors.setPowerWithPIDControl(ChassisWith4Motors.java:562): power = 0.47, correction = 0.03, global angle = -0.633, last angle = -90.60
01-07 14:38:57.395  3611  5285 I global  :  RENO - ChassisWith4Motors.setPowerWithPIDControl(ChassisWith4Motors.java:556): tDistance = 23.00, currLocation = 1.82
01-07 14:38:57.397  3611  5285 I global  :  RENO - ChassisWith4Motors.setPowerWithPIDControl(ChassisWith4Motors.java:557): rampUpPower = 0.49, rampDownPower = 0.88
01-07 14:38:57.404  3611  5285 I global  :  RENO - ChassisWith4Motors.setPowerWithPIDControl(ChassisWith4Motors.java:562): power = 0.49, correction = 0.03, global angle = -0.619, last angle = -90.59
01-07 14:38:57.416  3611  5285 I global  :  RENO - ChassisWith4Motors.setPowerWithPIDControl(ChassisWith4Motors.java:556): tDistance = 23.00, currLocation = 2.14
01-07 14:38:57.417  3611  5285 I global  :  RENO - ChassisWith4Motors.setPowerWithPIDControl(ChassisWith4Motors.java:557): rampUpPower = 0.50, rampDownPower = 0.88
01-07 14:38:57.422  3611  5285 I global  :  RENO - ChassisWith4Motors.setPowerWithPIDControl(ChassisWith4Motors.java:562): power = 0.50, correction = 0.02, global angle = -0.578, last angle = -90.54
01-07 14:38:57.436  3611  5285 I global  :  RENO - ChassisWith4Motors.setPowerWithPIDControl(ChassisWith4Motors.java:556): tDistance = 23.00, currLocation = 2.52
01-07 14:38:57.437  3611  5285 I global  :  RENO - ChassisWith4Motors.setPowerWithPIDControl(ChassisWith4Motors.java:557): rampUpPower = 0.52, rampDownPower = 0.88
01-07 14:38:57.444  3611  5285 I global  :  RENO - ChassisWith4Motors.setPowerWithPIDControl(ChassisWith4Motors.java:562): power = 0.52, correction = 0.02, global angle = -0.529, last angle = -90.50
01-07 14:38:57.457  3611  5285 I global  :  RENO - ChassisWith4Motors.setPowerWithPIDControl(ChassisWith4Motors.java:556): tDistance = 23.00, currLocation = 2.92
01-07 14:38:57.458  3611  5285 I global  :  RENO - ChassisWith4Motors.setPowerWithPIDControl(ChassisWith4Motors.java:557): rampUpPower = 0.54, rampDownPower = 0.88
01-07 14:38:57.464  3611  5285 I global  :  RENO - ChassisWith4Motors.setPowerWithPIDControl(ChassisWith4Motors.java:562): power = 0.54, correction = 0.02, global angle = -0.446, last angle = -90.41
01-07 14:38:57.478  3611  5285 I global  :  RENO - ChassisWith4Motors.setPowerWithPIDControl(ChassisWith4Motors.java:556): tDistance = 23.00, currLocation = 3.35
01-07 14:38:57.480  3611  5285 I global  :  RENO - ChassisWith4Motors.setPowerWithPIDControl(ChassisWith4Motors.java:557): rampUpPower = 0.56, rampDownPower = 0.88
01-07 14:38:57.485  3611  5285 I global  :  RENO - ChassisWith4Motors.setPowerWithPIDControl(ChassisWith4Motors.java:562): power = 0.56, correction = 0.01, global angle = -0.316, last angle = -90.28
01-07 14:38:57.497  3611  5285 I global  :  RENO - ChassisWith4Motors.setPowerWithPIDControl(ChassisWith4Motors.java:556): tDistance = 23.00, currLocation = 3.73
01-07 14:38:57.498  3611  5285 I global  :  RENO - ChassisWith4Motors.setPowerWithPIDControl(ChassisWith4Motors.java:557): rampUpPower = 0.58, rampDownPower = 0.88
01-07 14:38:57.504  3611  5285 I global  :  RENO - ChassisWith4Motors.setPowerWithPIDControl(ChassisWith4Motors.java:562): power = 0.58, correction = 0.01, global angle = -0.286, last angle = -90.25
01-07 14:38:57.516  3611  5285 I global  :  RENO - ChassisWith4Motors.setPowerWithPIDControl(ChassisWith4Motors.java:556): tDistance = 23.00, currLocation = 4.13
01-07 14:38:57.517  3611  5285 I global  :  RENO - ChassisWith4Motors.setPowerWithPIDControl(ChassisWith4Motors.java:557): rampUpPower = 0.60, rampDownPower = 0.88
01-07 14:38:57.524  3611  5285 I global  :  RENO - ChassisWith4Motors.setPowerWithPIDControl(ChassisWith4Motors.java:562): power = 0.60, correction = 0.01, global angle = -0.217, last angle = -90.18
01-07 14:38:57.536  3611  5285 I global  :  RENO - ChassisWith4Motors.setPowerWithPIDControl(ChassisWith4Motors.java:556): tDistance = 23.00, currLocation = 4.60
01-07 14:38:57.537  3611  5285 I global  :  RENO - ChassisWith4Motors.setPowerWithPIDControl(ChassisWith4Motors.java:557): rampUpPower = 0.62, rampDownPower = 0.88
01-07 14:38:57.543  3611  5285 I global  :  RENO - ChassisWith4Motors.setPowerWithPIDControl(ChassisWith4Motors.java:562): power = 0.62, correction = 0.01, global angle = -0.180, last angle = -90.15
01-07 14:38:57.557  3611  5285 I global  :  RENO - ChassisWith4Motors.setPowerWithPIDControl(ChassisWith4Motors.java:556): tDistance = 23.00, currLocation = 5.12
01-07 14:38:57.558  3611  5285 I global  :  RENO - ChassisWith4Motors.setPowerWithPIDControl(ChassisWith4Motors.java:557): rampUpPower = 0.65, rampDownPower = 0.88
01-07 14:38:57.564  3611  5285 I global  :  RENO - ChassisWith4Motors.setPowerWithPIDControl(ChassisWith4Motors.java:562): power = 0.65, correction = 0.00, global angle = -0.117, last angle = -90.08
01-07 14:38:57.577  3611  5285 I global  :  RENO - ChassisWith4Motors.setPowerWithPIDControl(ChassisWith4Motors.java:556): tDistance = 23.00, currLocation = 5.63
01-07 14:38:57.578  3611  5285 I global  :  RENO - ChassisWith4Motors.setPowerWithPIDControl(ChassisWith4Motors.java:557): rampUpPower = 0.67, rampDownPower = 0.88
01-07 14:38:57.586  3611  5285 I global  :  RENO - ChassisWith4Motors.setPowerWithPIDControl(ChassisWith4Motors.java:562): power = 0.67, correction = 0.00, global angle = -0.107, last angle = -90.07
01-07 14:38:57.598  3611  5285 I global  :  RENO - ChassisWith4Motors.setPowerWithPIDControl(ChassisWith4Motors.java:556): tDistance = 23.00, currLocation = 6.18
01-07 14:38:57.599  3611  5285 I global  :  RENO - ChassisWith4Motors.setPowerWithPIDControl(ChassisWith4Motors.java:557): rampUpPower = 0.70, rampDownPower = 0.88
01-07 14:38:57.605  3611  5285 I global  :  RENO - ChassisWith4Motors.setPowerWithPIDControl(ChassisWith4Motors.java:562): power = 0.70, correction = 0.00, global angle = -0.108, last angle = -90.07
01-07 14:38:57.617  3611  5285 I global  :  RENO - ChassisWith4Motors.setPowerWithPIDControl(ChassisWith4Motors.java:556): tDistance = 23.00, currLocation = 6.71
01-07 14:38:57.618  3611  5285 I global  :  RENO - ChassisWith4Motors.setPowerWithPIDControl(ChassisWith4Motors.java:557): rampUpPower = 0.72, rampDownPower = 0.88
01-07 14:38:57.624  3611  5285 I global  :  RENO - ChassisWith4Motors.setPowerWithPIDControl(ChassisWith4Motors.java:562): power = 0.72, correction = 0.00, global angle = -0.080, last angle = -90.05
01-07 14:38:57.638  3611  5285 I global  :  RENO - ChassisWith4Motors.setPowerWithPIDControl(ChassisWith4Motors.java:556): tDistance = 23.00, currLocation = 7.33
01-07 14:38:57.639  3611  5285 I global  :  RENO - ChassisWith4Motors.setPowerWithPIDControl(ChassisWith4Motors.java:557): rampUpPower = 0.75, rampDownPower = 0.88
01-07 14:38:57.645  3611  5285 I global  :  RENO - ChassisWith4Motors.setPowerWithPIDControl(ChassisWith4Motors.java:562): power = 0.75, correction = 0.00, global angle = -0.094, last angle = -90.06
01-07 14:38:57.657  3611  5285 I global  :  RENO - ChassisWith4Motors.setPowerWithPIDControl(ChassisWith4Motors.java:556): tDistance = 23.00, currLocation = 7.92
01-07 14:38:57.658  3611  5285 I global  :  RENO - ChassisWith4Motors.setPowerWithPIDControl(ChassisWith4Motors.java:557): rampUpPower = 0.78, rampDownPower = 0.88
01-07 14:38:57.664  3611  5285 I global  :  RENO - ChassisWith4Motors.setPowerWithPIDControl(ChassisWith4Motors.java:562): power = 0.78, correction = 0.00, global angle = -0.086, last angle = -90.05
01-07 14:38:57.677  3611  5285 I global  :  RENO - ChassisWith4Motors.setPowerWithPIDControl(ChassisWith4Motors.java:556): tDistance = 23.00, currLocation = 8.53
01-07 14:38:57.678  3611  5285 I global  :  RENO - ChassisWith4Motors.setPowerWithPIDControl(ChassisWith4Motors.java:557): rampUpPower = 0.81, rampDownPower = 0.88
01-07 14:38:57.684  3611  5285 I global  :  RENO - ChassisWith4Motors.setPowerWithPIDControl(ChassisWith4Motors.java:562): power = 0.81, correction = 0.00, global angle = -0.081, last angle = -90.05
01-07 14:38:57.705  3611  5285 I global  :  RENO - ChassisWith4Motors.setPowerWithPIDControl(ChassisWith4Motors.java:556): tDistance = 23.00, currLocation = 9.49
01-07 14:38:57.707  3611  5285 I global  :  RENO - ChassisWith4Motors.setPowerWithPIDControl(ChassisWith4Motors.java:557): rampUpPower = 0.86, rampDownPower = 0.88
01-07 14:38:57.713  3611  5285 I global  :  RENO - ChassisWith4Motors.setPowerWithPIDControl(ChassisWith4Motors.java:562): power = 0.86, correction = 0.00, global angle = -0.074, last angle = -90.04
01-07 14:38:57.726  3611  5285 I global  :  RENO - ChassisWith4Motors.setPowerWithPIDControl(ChassisWith4Motors.java:556): tDistance = 23.00, currLocation = 10.28
01-07 14:38:57.728  3611  5285 I global  :  RENO - ChassisWith4Motors.setPowerWithPIDControl(ChassisWith4Motors.java:557): rampUpPower = 0.88, rampDownPower = 0.88
01-07 14:38:57.734  3611  5285 I global  :  RENO - ChassisWith4Motors.setPowerWithPIDControl(ChassisWith4Motors.java:562): power = 0.88, correction = 0.00, global angle = -0.042, last angle = -90.01
01-07 14:38:57.748  3611  5285 I global  :  RENO - ChassisWith4Motors.setPowerWithPIDControl(ChassisWith4Motors.java:556): tDistance = 23.00, currLocation = 11.07
01-07 14:38:57.750  3611  5285 I global  :  RENO - ChassisWith4Motors.setPowerWithPIDControl(ChassisWith4Motors.java:557): rampUpPower = 0.88, rampDownPower = 0.88
01-07 14:38:57.756  3611  5285 I global  :  RENO - ChassisWith4Motors.setPowerWithPIDControl(ChassisWith4Motors.java:562): power = 0.88, correction = 0.00, global angle = -0.015, last angle = -89.98
01-07 14:38:57.769  3611  5285 I global  :  RENO - ChassisWith4Motors.setPowerWithPIDControl(ChassisWith4Motors.java:556): tDistance = 23.00, currLocation = 11.90
01-07 14:38:57.771  3611  5285 I global  :  RENO - ChassisWith4Motors.setPowerWithPIDControl(ChassisWith4Motors.java:557): rampUpPower = 0.88, rampDownPower = 0.88
01-07 14:38:57.776  3611  5285 I global  :  RENO - ChassisWith4Motors.setPowerWithPIDControl(ChassisWith4Motors.java:562): power = 0.88, correction = -0.00, global angle = 0.011, last angle = -89.96
01-07 14:38:57.793  3611  5285 I global  :  RENO - ChassisWith4Motors.setPowerWithPIDControl(ChassisWith4Motors.java:556): tDistance = 23.00, currLocation = 12.86
01-07 14:38:57.794  3611  5285 I global  :  RENO - ChassisWith4Motors.setPowerWithPIDControl(ChassisWith4Motors.java:557): rampUpPower = 0.88, rampDownPower = 0.88
01-07 14:38:57.802  3611  5285 I global  :  RENO - ChassisWith4Motors.setPowerWithPIDControl(ChassisWith4Motors.java:562): power = 0.88, correction = -0.00, global angle = -0.023, last angle = -89.99
01-07 14:38:57.817  3611  5285 I global  :  RENO - ChassisWith4Motors.setPowerWithPIDControl(ChassisWith4Motors.java:556): tDistance = 23.00, currLocation = 13.86
01-07 14:38:57.819  3611  5285 I global  :  RENO - ChassisWith4Motors.setPowerWithPIDControl(ChassisWith4Motors.java:557): rampUpPower = 0.88, rampDownPower = 0.34
01-07 14:38:57.827  3611  5285 I global  :  RENO - ChassisWith4Motors.setPowerWithPIDControl(ChassisWith4Motors.java:562): power = 0.34, correction = 0.00, global angle = -0.022, last angle = -89.99
01-07 14:38:57.841  3611  5285 I global  :  RENO - ChassisWith4Motors.setPowerWithPIDControl(ChassisWith4Motors.java:556): tDistance = 23.00, currLocation = 14.87
01-07 14:38:57.843  3611  5285 I global  :  RENO - ChassisWith4Motors.setPowerWithPIDControl(ChassisWith4Motors.java:557): rampUpPower = 0.88, rampDownPower = 0.33
01-07 14:38:57.848  3611  5285 I global  :  RENO - ChassisWith4Motors.setPowerWithPIDControl(ChassisWith4Motors.java:562): power = 0.33, correction = -0.00, global angle = 0.021, last angle = -89.95
01-07 14:38:57.862  3611  5285 I global  :  RENO - ChassisWith4Motors.setPowerWithPIDControl(ChassisWith4Motors.java:556): tDistance = 23.00, currLocation = 15.78
01-07 14:38:57.863  3611  5285 I global  :  RENO - ChassisWith4Motors.setPowerWithPIDControl(ChassisWith4Motors.java:557): rampUpPower = 0.88, rampDownPower = 0.32
01-07 14:38:57.870  3611  5285 I global  :  RENO - ChassisWith4Motors.setPowerWithPIDControl(ChassisWith4Motors.java:562): power = 0.32, correction = -0.00, global angle = 0.047, last angle = -89.92
01-07 14:38:57.883  3611  5285 I global  :  RENO - ChassisWith4Motors.setPowerWithPIDControl(ChassisWith4Motors.java:556): tDistance = 23.00, currLocation = 16.71
01-07 14:38:57.885  3611  5285 I global  :  RENO - ChassisWith4Motors.setPowerWithPIDControl(ChassisWith4Motors.java:557): rampUpPower = 0.88, rampDownPower = 0.31
01-07 14:38:57.891  3611  5285 I global  :  RENO - ChassisWith4Motors.setPowerWithPIDControl(ChassisWith4Motors.java:562): power = 0.31, correction = -0.00, global angle = 0.078, last angle = -89.89
01-07 14:38:57.906  3611  5285 I global  :  RENO - ChassisWith4Motors.setPowerWithPIDControl(ChassisWith4Motors.java:556): tDistance = 23.00, currLocation = 17.56
01-07 14:38:57.907  3611  5285 I global  :  RENO - ChassisWith4Motors.setPowerWithPIDControl(ChassisWith4Motors.java:557): rampUpPower = 0.88, rampDownPower = 0.31
01-07 14:38:57.913  3611  5285 I global  :  RENO - ChassisWith4Motors.setPowerWithPIDControl(ChassisWith4Motors.java:562): power = 0.31, correction = -0.00, global angle = 0.149, last angle = -89.82
01-07 14:38:57.927  3611  5285 I global  :  RENO - ChassisWith4Motors.setPowerWithPIDControl(ChassisWith4Motors.java:556): tDistance = 23.00, currLocation = 18.47
01-07 14:38:57.928  3611  5285 I global  :  RENO - ChassisWith4Motors.setPowerWithPIDControl(ChassisWith4Motors.java:557): rampUpPower = 0.88, rampDownPower = 0.30
01-07 14:38:57.934  3611  5285 I global  :  RENO - ChassisWith4Motors.setPowerWithPIDControl(ChassisWith4Motors.java:562): power = 0.30, correction = -0.01, global angle = 0.184, last angle = -89.78
01-07 14:38:57.948  3611  5285 I global  :  RENO - ChassisWith4Motors.setPowerWithPIDControl(ChassisWith4Motors.java:556): tDistance = 23.00, currLocation = 19.30
01-07 14:38:57.950  3611  5285 I global  :  RENO - ChassisWith4Motors.setPowerWithPIDControl(ChassisWith4Motors.java:557): rampUpPower = 0.88, rampDownPower = 0.29
01-07 14:38:57.956  3611  5285 I global  :  RENO - ChassisWith4Motors.setPowerWithPIDControl(ChassisWith4Motors.java:562): power = 0.29, correction = -0.01, global angle = 0.191, last angle = -89.78
01-07 14:38:57.970  3611  5285 I global  :  RENO - ChassisWith4Motors.setPowerWithPIDControl(ChassisWith4Motors.java:556): tDistance = 23.00, currLocation = 20.21
01-07 14:38:57.971  3611  5285 I global  :  RENO - ChassisWith4Motors.setPowerWithPIDControl(ChassisWith4Motors.java:557): rampUpPower = 0.88, rampDownPower = 0.28
01-07 14:38:57.977  3611  5285 I global  :  RENO - ChassisWith4Motors.setPowerWithPIDControl(ChassisWith4Motors.java:562): power = 0.28, correction = -0.01, global angle = 0.230, last angle = -89.74
01-07 14:38:57.993  3611  5285 I global  :  RENO - ChassisWith4Motors.setPowerWithPIDControl(ChassisWith4Motors.java:556): tDistance = 23.00, currLocation = 21.08
01-07 14:38:57.994  3611  5285 I global  :  RENO - ChassisWith4Motors.setPowerWithPIDControl(ChassisWith4Motors.java:557): rampUpPower = 0.88, rampDownPower = 0.27
01-07 14:38:57.999  3611  5285 I global  :  RENO - ChassisWith4Motors.setPowerWithPIDControl(ChassisWith4Motors.java:562): power = 0.27, correction = -0.01, global angle = 0.278, last angle = -89.69
01-07 14:38:58.011  3611  5285 I global  :  RENO - ChassisWith4Motors.setPowerWithPIDControl(ChassisWith4Motors.java:556): tDistance = 23.00, currLocation = 21.42
01-07 14:38:58.012  3611  5285 I global  :  RENO - ChassisWith4Motors.setPowerWithPIDControl(ChassisWith4Motors.java:557): rampUpPower = 0.88, rampDownPower = 0.27
01-07 14:38:58.017  3611  5285 I global  :  RENO - ChassisWith4Motors.setPowerWithPIDControl(ChassisWith4Motors.java:562): power = 0.27, correction = -0.01, global angle = 0.323, last angle = -89.64
01-07 14:38:58.029  3611  5285 I global  :  RENO - ChassisWith4Motors.setPowerWithPIDControl(ChassisWith4Motors.java:556): tDistance = 23.00, currLocation = 21.65
01-07 14:38:58.030  3611  5285 I global  :  RENO - ChassisWith4Motors.setPowerWithPIDControl(ChassisWith4Motors.java:557): rampUpPower = 0.88, rampDownPower = 0.26
01-07 14:38:58.036  3611  5285 I global  :  RENO - ChassisWith4Motors.setPowerWithPIDControl(ChassisWith4Motors.java:562): power = 0.26, correction = -0.01, global angle = 0.330, last angle = -89.64
01-07 14:38:58.048  3611  5285 I global  :  RENO - ChassisWith4Motors.setPowerWithPIDControl(ChassisWith4Motors.java:556): tDistance = 23.00, currLocation = 21.95
01-07 14:38:58.049  3611  5285 I global  :  RENO - ChassisWith4Motors.setPowerWithPIDControl(ChassisWith4Motors.java:557): rampUpPower = 0.88, rampDownPower = 0.26
01-07 14:38:58.054  3611  5285 I global  :  RENO - ChassisWith4Motors.setPowerWithPIDControl(ChassisWith4Motors.java:562): power = 0.26, correction = -0.01, global angle = 0.414, last angle = -89.55
01-07 14:38:58.068  3611  5285 I global  :  RENO - ChassisWith4Motors.setPowerWithPIDControl(ChassisWith4Motors.java:556): tDistance = 23.00, currLocation = 22.38
01-07 14:38:58.069  3611  5285 I global  :  RENO - ChassisWith4Motors.setPowerWithPIDControl(ChassisWith4Motors.java:557): rampUpPower = 0.88, rampDownPower = 0.26
01-07 14:38:58.074  3611  5285 I global  :  RENO - ChassisWith4Motors.setPowerWithPIDControl(ChassisWith4Motors.java:562): power = 0.26, correction = -0.02, global angle = 0.445, last angle = -89.52
01-07 14:38:58.089  3611  5285 I global  :  RENO - ChassisWith4Motors.setPowerWithPIDControl(ChassisWith4Motors.java:556): tDistance = 23.00, currLocation = 22.86
01-07 14:38:58.090  3611  5285 I global  :  RENO - ChassisWith4Motors.setPowerWithPIDControl(ChassisWith4Motors.java:557): rampUpPower = 0.88, rampDownPower = 0.25
01-07 14:38:58.096  3611  5285 I global  :  RENO - ChassisWith4Motors.setPowerWithPIDControl(ChassisWith4Motors.java:562): power = 0.25, correction = -0.02, global angle = 0.597, last angle = -89.37
01-07 14:38:58.108  3611  5285 I global  :  RENO - ChassisWith4Motors.setPowerWithPIDControl(ChassisWith4Motors.java:556): tDistance = 23.00, currLocation = 23.13
01-07 14:38:58.110  3611  5285 I global  :  RENO - ChassisWith4Motors.setPowerWithPIDControl(ChassisWith4Motors.java:557): rampUpPower = 0.88, rampDownPower = 0.25
01-07 14:38:58.116  3611  5285 I global  :  RENO - ChassisWith4Motors.setPowerWithPIDControl(ChassisWith4Motors.java:562): power = 0.25, correction = -0.02, global angle = 0.565, last angle = -89.40
01-07 14:38:58.135  3611  5285 I global  :  RENO - ChassisWith4Motors.setPowerWithPIDControl(ChassisWith4Motors.java:575): Drive power = 0.25, global angle = 0.541
01-07 14:38:58.163  3611  5285 I global  :  RENO - ChassisWith4Motors.runToPosition(ChassisWith4Motors.java:636): Required moving distance 23.00.
01-07 14:38:58.165  3611  5285 I global  :  RENO - ChassisWith4Motors.runToPosition(ChassisWith4Motors.java:637): Target Position = 984
01-07 14:38:58.166  3611  5285 I global  :  RENO - ChassisWith4Motors.runToPosition(ChassisWith4Motors.java:638): PID = 1
01-07 14:38:58.170  3611  5285 I global  :  RENO - ChassisWith4Motors.runToPosition(ChassisWith4Motors.java:639): Current Position after moving, FL = 11, FR= 10, BL = 9, BR = 13
01-07 14:38:58.171  3611  5285 I global  :  RENO - AutonomousRight.autonomousCore(AutonomousRight.java:287): Autonomous - Arrived at parking lot Mat: 23.00
01-07 14:38:58.179  3611  5285 I global  :  RENO - AutonomousRight.autonomousCore(AutonomousRight.java:290): Autonomous - Autonomous complete.
01-07 14:38:58.180  3611  5285 I global  :  RENO - AutonomousRight.runOpMode(AutonomousRight.java:195): Autonomous - total Run Time: 29.6685 seconds
01-07 14:38:58.195  3611  5285 D RobotCore: User runOpModeMethod exited
01-07 14:38:58.195  3611  5285 V RobotCore: thread: ...terminating 'OpModeThread'
01-07 14:38:58.197  3611  3875 I FtcEventLoop: auto-stopping OpMode 'Autonomous_Right'
01-07 14:38:58.198  3611  3875 I RobotCore: ******************** STOP - OPMODE /storage/emulated/0/FIRST/matchlogs/Match-0-Autonomous_Right.txt ********************
01-07 14:38:58.205  3611  5620 I RobotCore: saving match logcat to /storage/emulated/0/FIRST/matchlogs/Match-0-Autonomous_Right.txt
01-07 14:38:58.205  3611  5620 I RobotCore: logging command line: exec logcat -d -T '1-7 14:38:15.000' -f '/storage/emulated/0/FIRST/matchlogs/Match-0-Autonomous_Right.txt' -n4 -v threadtime UsbRequestJNI:S UsbRequest:S art:W ThreadPool:W System:W ExtendedExtractor:W OMXClient:W MediaPlayer:W dalvikvm:W  *:V
01-07 14:38:58.206  3611  3875 I RobotCore: Attempting to switch to op mode $Stop$Robot$
01-07 14:38:58.207  3611  3875 D HardwareMap: Clearing which device instances have been retrieved
01-07 14:38:58.207  3611  3875 D HardwareMap: Clearing which device instances have been retrieved
01-07 14:38:58.209  3611  5623 V RobotCore: thread: 'OpModeThread' starting...
01-07 14:38:58.234  3611  3851 V Robocol : sending CMD_STREAM_CHANGE(3265), attempt: 0
01-07 14:38:58.235  3611  3851 V Robocol : sending CMD_NOTIFY_INIT_OP_MODE(3272), attempt: 0
01-07 14:38:58.267  3611  3848 V Robocol : received command: CMD_RUN_OP_MODE(13199) $Stop$Robot$
01-07 14:38:58.314  3611  3851 V Robocol : sending CMD_NOTIFY_RUN_OP_MODE(3278), attempt: 0
01-07 14:38:58.332  3611  5620 I RobotCore: Done running exec logcat -d -T '1-7 14:38:15.000' -f '/storage/emulated/0/FIRST/matchlogs/Match-0-Autonomous_Right.txt' -n4 -v threadtime UsbRequestJNI:S UsbRequest:S art:W ThreadPool:W System:W ExtendedExtractor:W OMXClient:W MediaPlayer:W dalvikvm:W  *:V
01-07 14:38:58.332  3611  5620 I RobotCore: exiting match logcat for /storage/emulated/0/FIRST/matchlogs/Match-0-Autonomous_Right.txt
01-07 14:38:59.904  3611  3848 V Robocol : received command: CMD_INIT_OP_MODE(13227) $Stop$Robot$
01-07 14:38:59.917  3611  5623 V RobotCore: thread: ...terminating 'OpModeThread'
01-07 14:38:59.921  3611  3875 I RobotCore: Attempting to switch to op mode $Stop$Robot$
01-07 14:38:59.922  3611  3875 D HardwareMap: Clearing which device instances have been retrieved
01-07 14:38:59.922  3611  3875 D HardwareMap: Clearing which device instances have been retrieved
01-07 14:38:59.926  3611  5628 V RobotCore: thread: 'OpModeThread' starting...
01-07 14:38:59.954  3611  3851 V Robocol : sending CMD_NOTIFY_INIT_OP_MODE(3313), attempt: 0
01-07 14:39:00.064  3611  3848 V Robocol : received command: CMD_RUN_OP_MODE(13234) $Stop$Robot$
01-07 14:39:00.114  3611  3851 V Robocol : sending CMD_NOTIFY_RUN_OP_MODE(3319), attempt: 0
01-07 14:39:03.305  3611  3848 V Robocol : received command: CMD_SET_MATCH_NUMBER(13282) 0
01-07 14:39:03.307  3611  3848 V Robocol : received command: CMD_INIT_OP_MODE(13283) Teleop_DualDrivers
01-07 14:39:03.332  3611  3849 I RobotCore: ******************** START - OPMODE Teleop_DualDrivers ********************
01-07 14:39:03.335  3611  5628 V RobotCore: thread: ...terminating 'OpModeThread'
01-07 14:39:03.340  3611  3875 I RobotCore: Attempting to switch to op mode Teleop_DualDrivers
01-07 14:39:03.531  3611  3875 D HardwareMap: Clearing which device instances have been retrieved
01-07 14:39:03.531  3611  3875 D HardwareMap: Clearing which device instances have been retrieved
01-07 14:39:03.538  3611  5647 V RobotCore: thread: 'OpModeThread' starting...
01-07 14:39:03.541  3611  5647 I global  :  RENO - SlidersWith2Motors.init(SlidersWith2Motors.java:78): init slider motors.
01-07 14:39:03.554  3611  3851 V Robocol : sending CMD_NOTIFY_INIT_OP_MODE(3380), attempt: 0
01-07 14:39:03.609  3611  5647 I global  :  RENO - ChassisWith4Motors.init(ChassisWith4Motors.java:127): init driving motors.
01-07 14:39:03.666  3611  5647 I I2C     : Automatically initializing I2C device LynxEmbeddedBNO055IMUNew (USB (embedded); module 173; bus 0; addr7=0x28)
01-07 14:39:03.667  3611  5647 V BNO055  : Suppressing I2C warnings while we check for a BNO055 IMU
01-07 14:39:03.670  3611  5647 V BNO055  : Found BNO055 IMU
01-07 14:39:03.744  3611  5647 V BNO055  : Suppressing I2C warnings while we check for a BNO055 IMU
01-07 14:39:03.749  3611  5647 V BNO055  : Found BNO055 IMU
01-07 14:39:03.904  3611  5647 I I2C     : Automatically initializing I2C device Rev2mDistanceSensor (USB (embedded); module 173; bus 1; addr7=0x29)
01-07 14:39:03.904  3611  5647 D STMicroVL53L0X: : Checking to see if it's really a VL53L0X sensor...
01-07 14:39:03.908  3611  5647 D STMicroVL53L0X: : Reg 0xC0 = ee (should be 0xEE)
01-07 14:39:03.912  3611  5647 D STMicroVL53L0X: : Reg 0xC1 = aa (should be 0xAA)
01-07 14:39:03.916  3611  5647 D STMicroVL53L0X: : Reg 0xC2 = 10 (should be 0x10)
01-07 14:39:03.919  3611  5647 D STMicroVL53L0X: : Reg 0x51 = 0 (should be 0x0099)
01-07 14:39:03.923  3611  5647 D STMicroVL53L0X: : Reg 0x61 = 0 (should be 0x0000)
01-07 14:39:03.944  3611  5647 D STMicroVL53L0X: : initial sig rate lim (MCPS) 0.250000
01-07 14:39:03.949  3611  5647 D STMicroVL53L0X: : adjusted sig rate lim (MCPS) 0.250000
01-07 14:39:04.174  3611  5647 I I2C     : Automatically initializing I2C device Rev2mDistanceSensor (USB (embedded); module 173; bus 2; addr7=0x29)
01-07 14:39:04.175  3611  5647 D STMicroVL53L0X: : Checking to see if it's really a VL53L0X sensor...
01-07 14:39:04.179  3611  5647 D STMicroVL53L0X: : Reg 0xC0 = ee (should be 0xEE)
01-07 14:39:04.184  3611  5647 D STMicroVL53L0X: : Reg 0xC1 = aa (should be 0xAA)
01-07 14:39:04.188  3611  5647 D STMicroVL53L0X: : Reg 0xC2 = 10 (should be 0x10)
01-07 14:39:04.191  3611  5647 D STMicroVL53L0X: : Reg 0x51 = 0 (should be 0x0099)
01-07 14:39:04.195  3611  5647 D STMicroVL53L0X: : Reg 0x61 = 0 (should be 0x0000)
01-07 14:39:04.215  3611  5647 D STMicroVL53L0X: : initial sig rate lim (MCPS) 0.250000
01-07 14:39:04.220  3611  5647 D STMicroVL53L0X: : adjusted sig rate lim (MCPS) 0.250000
01-07 14:39:04.435  3611  5647 I I2C     : Automatically initializing I2C device Rev2mDistanceSensor (USB (embedded); module 173; bus 3; addr7=0x29)
01-07 14:39:04.435  3611  5647 D STMicroVL53L0X: : Checking to see if it's really a VL53L0X sensor...
01-07 14:39:04.437  3611  5647 D STMicroVL53L0X: : Reg 0xC0 = ee (should be 0xEE)
01-07 14:39:04.440  3611  5647 D STMicroVL53L0X: : Reg 0xC1 = aa (should be 0xAA)
01-07 14:39:04.443  3611  5647 D STMicroVL53L0X: : Reg 0xC2 = 10 (should be 0x10)
01-07 14:39:04.445  3611  5647 D STMicroVL53L0X: : Reg 0x51 = 0 (should be 0x0099)
01-07 14:39:04.448  3611  5647 D STMicroVL53L0X: : Reg 0x61 = 0 (should be 0x0000)
01-07 14:39:04.466  3611  5647 D STMicroVL53L0X: : initial sig rate lim (MCPS) 0.250000
01-07 14:39:04.470  3611  5647 D STMicroVL53L0X: : adjusted sig rate lim (MCPS) 0.250000
01-07 14:39:04.691  3611  5647 I I2C     : Automatically initializing I2C device Rev2mDistanceSensor (USB (embedded); module 2; bus 1; addr7=0x29)
01-07 14:39:04.691  3611  5647 D STMicroVL53L0X: : Checking to see if it's really a VL53L0X sensor...
01-07 14:39:04.696  3611  5647 D STMicroVL53L0X: : Reg 0xC0 = ee (should be 0xEE)
01-07 14:39:04.700  3611  5647 D STMicroVL53L0X: : Reg 0xC1 = aa (should be 0xAA)
01-07 14:39:04.707  3611  5647 D STMicroVL53L0X: : Reg 0xC2 = 10 (should be 0x10)
01-07 14:39:04.713  3611  5647 D STMicroVL53L0X: : Reg 0x51 = 0 (should be 0x0099)
01-07 14:39:04.719  3611  5647 D STMicroVL53L0X: : Reg 0x61 = 0 (should be 0x0000)
01-07 14:39:04.752  3611  5647 D STMicroVL53L0X: : initial sig rate lim (MCPS) 0.250000
01-07 14:39:04.762  3611  5647 D STMicroVL53L0X: : adjusted sig rate lim (MCPS) 0.250000
01-07 14:39:05.178  3611  5647 I I2C     : Automatically initializing I2C device RevColorSensorV3 (USB (embedded); module 2; bus 0; addr7=0x52)
01-07 14:39:05.178  3611  5647 V BroadcomColorSensorImpl: internalInitialize()...
01-07 14:39:05.190  3611  5647 V BroadcomColorSensorImpl: state: 07 37 20 1d 42 01 c2 
01-07 14:39:05.191  3611  5647 V BroadcomColorSensorImpl: setGain(0x01)
01-07 14:39:05.198  3611  5647 V BroadcomColorSensorImpl: setLEDParameters(0x37)
01-07 14:39:05.204  3611  5647 V BroadcomColorSensorImpl: setProximityPulseCount(0x20)
01-07 14:39:05.209  3611  5647 V BroadcomColorSensorImpl: setPSMeasRate(0x1d)
01-07 14:39:05.213  3611  5647 V BroadcomColorSensorImpl: setLSMeasRate(0x42)
01-07 14:39:05.223  3611  5647 V BroadcomColorSensorImpl: enable() enabled=0x07...
01-07 14:39:05.232  3611  5647 V BroadcomColorSensorImpl: ...enable() enabled=0x07
01-07 14:39:05.238  3611  5647 V BroadcomColorSensorImpl: state: 07 37 20 1d 42 01 c2 
01-07 14:39:05.238  3611  5647 V BroadcomColorSensorImpl: ...internalInitialize()
01-07 14:39:05.240  3611  5647 I global  :  RENO - ArmClawUnit.init(ArmClawUnit.java:93): init servo motors for arm and claw.
01-07 14:39:06.184  3611  3848 V Robocol : received command: CMD_RUN_OP_MODE(13322) Teleop_DualDrivers
01-07 14:39:06.218  3611  5647 I global  :  RENO - ChassisWith4Motors.drivingWithPID(ChassisWith4Motors.java:886): Motors power - FL (0.00), FR (0.00), BL (0.00), BR (0.00)
01-07 14:39:06.234  3611  3851 V Robocol : sending CMD_NOTIFY_RUN_OP_MODE(3412), attempt: 0
01-07 14:39:06.260  3611  5647 I global  :  RENO - TeleopDualDrivers.runOpMode(TeleopDualDrivers.java:308): Get drive power = 0.00, set drive power = 0.04
01-07 14:39:06.261  3611  5647 I global  :  RENO - TeleopDualDrivers.runOpMode(TeleopDualDrivers.java:309): Ctrl hub current = 0.20, max = 0.20
01-07 14:39:06.264  3611  5647 I global  :  RENO - TeleopDualDrivers.runOpMode(TeleopDualDrivers.java:310): Ctrl hub volt = 12.49, min = 12.49
01-07 14:39:06.265  3611  5647 I global  :  RENO - TeleopDualDrivers.runOpMode(TeleopDualDrivers.java:311): Extend hub current = 0.19, max = 0.19
01-07 14:39:06.266  3611  5647 I global  :  RENO - TeleopDualDrivers.runOpMode(TeleopDualDrivers.java:312): Extend hub volt = 12.49, min = 12.49
01-07 14:39:06.267  3611  5647 I global  :  RENO - TeleopDualDrivers.runOpMode(TeleopDualDrivers.java:313): Auxiliary voltage = 5.11, min = 5.11
01-07 14:39:06.286  3611  5647 I global  :  RENO - TeleopDualDrivers.runOpMode(TeleopDualDrivers.java:337): While loop time in ms = 14.5.
01-07 14:39:06.288  3611  5647 I global  :  RENO - ChassisWith4Motors.drivingWithPID(ChassisWith4Motors.java:886): Motors power - FL (0.00), FR (0.00), BL (0.00), BR (0.00)
01-07 14:39:06.326  3611  5647 I global  :  RENO - TeleopDualDrivers.runOpMode(TeleopDualDrivers.java:308): Get drive power = 0.00, set drive power = 0.23
01-07 14:39:06.327  3611  5647 I global  :  RENO - TeleopDualDrivers.runOpMode(TeleopDualDrivers.java:309): Ctrl hub current = 0.20, max = 0.20
01-07 14:39:06.328  3611  5647 I global  :  RENO - TeleopDualDrivers.runOpMode(TeleopDualDrivers.java:310): Ctrl hub volt = 12.49, min = 12.49
01-07 14:39:06.329  3611  5647 I global  :  RENO - TeleopDualDrivers.runOpMode(TeleopDualDrivers.java:311): Extend hub current = 0.20, max = 0.20
01-07 14:39:06.330  3611  5647 I global  :  RENO - TeleopDualDrivers.runOpMode(TeleopDualDrivers.java:312): Extend hub volt = 12.49, min = 12.49
01-07 14:39:06.331  3611  5647 I global  :  RENO - TeleopDualDrivers.runOpMode(TeleopDualDrivers.java:313): Auxiliary voltage = 5.11, min = 5.11
01-07 14:39:06.341  3611  5647 I global  :  RENO - TeleopDualDrivers.runOpMode(TeleopDualDrivers.java:337): While loop time in ms = 76.9.
01-07 14:39:06.344  3611  5647 I global  :  RENO - ChassisWith4Motors.drivingWithPID(ChassisWith4Motors.java:886): Motors power - FL (0.00), FR (0.00), BL (0.00), BR (0.00)
01-07 14:39:06.380  3611  5647 I global  :  RENO - TeleopDualDrivers.runOpMode(TeleopDualDrivers.java:308): Get drive power = 0.00, set drive power = 0.17
01-07 14:39:06.381  3611  5647 I global  :  RENO - TeleopDualDrivers.runOpMode(TeleopDualDrivers.java:309): Ctrl hub current = 0.22, max = 0.22
01-07 14:39:06.383  3611  5647 I global  :  RENO - TeleopDualDrivers.runOpMode(TeleopDualDrivers.java:310): Ctrl hub volt = 12.49, min = 12.49
01-07 14:39:06.385  3611  5647 I global  :  RENO - TeleopDualDrivers.runOpMode(TeleopDualDrivers.java:311): Extend hub current = 0.22, max = 0.22
01-07 14:39:06.386  3611  5647 I global  :  RENO - TeleopDualDrivers.runOpMode(TeleopDualDrivers.java:312): Extend hub volt = 12.49, min = 12.49
01-07 14:39:06.387  3611  5647 I global  :  RENO - TeleopDualDrivers.runOpMode(TeleopDualDrivers.java:313): Auxiliary voltage = 5.11, min = 5.11
01-07 14:39:06.396  3611  5647 I global  :  RENO - TeleopDualDrivers.runOpMode(TeleopDualDrivers.java:337): While loop time in ms = 56.3.
01-07 14:39:06.398  3611  5647 I global  :  RENO - ChassisWith4Motors.drivingWithPID(ChassisWith4Motors.java:886): Motors power - FL (0.00), FR (0.00), BL (0.00), BR (0.00)
01-07 14:39:06.438  3611  5647 I global  :  RENO - TeleopDualDrivers.runOpMode(TeleopDualDrivers.java:308): Get drive power = 0.00, set drive power = 0.16
01-07 14:39:06.440  3611  5647 I global  :  RENO - TeleopDualDrivers.runOpMode(TeleopDualDrivers.java:309): Ctrl hub current = 0.21, max = 0.22
01-07 14:39:06.441  3611  5647 I global  :  RENO - TeleopDualDrivers.runOpMode(TeleopDualDrivers.java:310): Ctrl hub volt = 12.49, min = 12.49
01-07 14:39:06.443  3611  5647 I global  :  RENO - TeleopDualDrivers.runOpMode(TeleopDualDrivers.java:311): Extend hub current = 0.20, max = 0.22
01-07 14:39:06.444  3611  5647 I global  :  RENO - TeleopDualDrivers.runOpMode(TeleopDualDrivers.java:312): Extend hub volt = 12.49, min = 12.49
01-07 14:39:06.445  3611  5647 I global  :  RENO - TeleopDualDrivers.runOpMode(TeleopDualDrivers.java:313): Auxiliary voltage = 5.11, min = 5.11
01-07 14:39:06.455  3611  5647 I global  :  RENO - TeleopDualDrivers.runOpMode(TeleopDualDrivers.java:337): While loop time in ms = 54.2.
01-07 14:39:06.457  3611  5647 I global  :  RENO - ChassisWith4Motors.drivingWithPID(ChassisWith4Motors.java:886): Motors power - FL (0.00), FR (0.00), BL (0.00), BR (0.00)
01-07 14:39:06.496  3611  5647 I global  :  RENO - TeleopDualDrivers.runOpMode(TeleopDualDrivers.java:308): Get drive power = 0.00, set drive power = 0.18
01-07 14:39:06.497  3611  5647 I global  :  RENO - TeleopDualDrivers.runOpMode(TeleopDualDrivers.java:309): Ctrl hub current = 0.20, max = 0.22
01-07 14:39:06.498  3611  5647 I global  :  RENO - TeleopDualDrivers.runOpMode(TeleopDualDrivers.java:310): Ctrl hub volt = 12.49, min = 12.49
01-07 14:39:06.500  3611  5647 I global  :  RENO - TeleopDualDrivers.runOpMode(TeleopDualDrivers.java:311): Extend hub current = 0.20, max = 0.22
01-07 14:39:06.501  3611  5647 I global  :  RENO - TeleopDualDrivers.runOpMode(TeleopDualDrivers.java:312): Extend hub volt = 12.49, min = 12.49
01-07 14:39:06.502  3611  5647 I global  :  RENO - TeleopDualDrivers.runOpMode(TeleopDualDrivers.java:313): Auxiliary voltage = 5.11, min = 5.11
01-07 14:39:06.512  3611  5647 I global  :  RENO - TeleopDualDrivers.runOpMode(TeleopDualDrivers.java:337): While loop time in ms = 58.4.
01-07 14:39:06.514  3611  5647 I global  :  RENO - ChassisWith4Motors.drivingWithPID(ChassisWith4Motors.java:886): Motors power - FL (0.00), FR (0.00), BL (0.00), BR (0.00)
01-07 14:39:06.552  3611  5647 I global  :  RENO - TeleopDualDrivers.runOpMode(TeleopDualDrivers.java:308): Get drive power = 0.00, set drive power = 0.17
01-07 14:39:06.553  3611  5647 I global  :  RENO - TeleopDualDrivers.runOpMode(TeleopDualDrivers.java:309): Ctrl hub current = 0.20, max = 0.22
01-07 14:39:06.554  3611  5647 I global  :  RENO - TeleopDualDrivers.runOpMode(TeleopDualDrivers.java:310): Ctrl hub volt = 12.49, min = 12.49
01-07 14:39:06.555  3611  5647 I global  :  RENO - TeleopDualDrivers.runOpMode(TeleopDualDrivers.java:311): Extend hub current = 0.20, max = 0.22
01-07 14:39:06.556  3611  5647 I global  :  RENO - TeleopDualDrivers.runOpMode(TeleopDualDrivers.java:312): Extend hub volt = 12.49, min = 12.49
01-07 14:39:06.558  3611  5647 I global  :  RENO - TeleopDualDrivers.runOpMode(TeleopDualDrivers.java:313): Auxiliary voltage = 5.11, min = 5.11
01-07 14:39:06.573  3611  5647 I global  :  RENO - TeleopDualDrivers.runOpMode(TeleopDualDrivers.java:337): While loop time in ms = 57.2.
01-07 14:39:06.574  3611  5647 I global  :  RENO - ChassisWith4Motors.drivingWithPID(ChassisWith4Motors.java:886): Motors power - FL (0.00), FR (0.00), BL (0.00), BR (0.00)
01-07 14:39:06.617  3611  5647 I global  :  RENO - TeleopDualDrivers.runOpMode(TeleopDualDrivers.java:308): Get drive power = 0.00, set drive power = 0.18
01-07 14:39:06.618  3611  5647 I global  :  RENO - TeleopDualDrivers.runOpMode(TeleopDualDrivers.java:309): Ctrl hub current = 0.20, max = 0.22
01-07 14:39:06.619  3611  5647 I global  :  RENO - TeleopDualDrivers.runOpMode(TeleopDualDrivers.java:310): Ctrl hub volt = 12.49, min = 12.49
01-07 14:39:06.620  3611  5647 I global  :  RENO - TeleopDualDrivers.runOpMode(TeleopDualDrivers.java:311): Extend hub current = 0.20, max = 0.22
01-07 14:39:06.621  3611  5647 I global  :  RENO - TeleopDualDrivers.runOpMode(TeleopDualDrivers.java:312): Extend hub volt = 12.49, min = 12.49
01-07 14:39:06.623  3611  5647 I global  :  RENO - TeleopDualDrivers.runOpMode(TeleopDualDrivers.java:313): Auxiliary voltage = 5.11, min = 5.11
01-07 14:39:06.633  3611  5647 I global  :  RENO - TeleopDualDrivers.runOpMode(TeleopDualDrivers.java:337): While loop time in ms = 60.7.
01-07 14:39:06.635  3611  5647 I global  :  RENO - ChassisWith4Motors.drivingWithPID(ChassisWith4Motors.java:886): Motors power - FL (0.00), FR (0.00), BL (0.00), BR (0.00)
01-07 14:39:06.672  3611  5647 I global  :  RENO - TeleopDualDrivers.runOpMode(TeleopDualDrivers.java:308): Get drive power = 0.00, set drive power = 0.18
01-07 14:39:06.673  3611  5647 I global  :  RENO - TeleopDualDrivers.runOpMode(TeleopDualDrivers.java:309): Ctrl hub current = 0.21, max = 0.22
01-07 14:39:06.675  3611  5647 I global  :  RENO - TeleopDualDrivers.runOpMode(TeleopDualDrivers.java:310): Ctrl hub volt = 12.49, min = 12.49
01-07 14:39:06.676  3611  5647 I global  :  RENO - TeleopDualDrivers.runOpMode(TeleopDualDrivers.java:311): Extend hub current = 0.21, max = 0.22
01-07 14:39:06.678  3611  5647 I global  :  RENO - TeleopDualDrivers.runOpMode(TeleopDualDrivers.java:312): Extend hub volt = 12.49, min = 12.49
01-07 14:39:06.679  3611  5647 I global  :  RENO - TeleopDualDrivers.runOpMode(TeleopDualDrivers.java:313): Auxiliary voltage = 5.11, min = 5.11
01-07 14:39:06.690  3611  5647 I global  :  RENO - TeleopDualDrivers.runOpMode(TeleopDualDrivers.java:337): While loop time in ms = 60.9.
01-07 14:39:06.691  3611  5647 I global  :  RENO - ChassisWith4Motors.drivingWithPID(ChassisWith4Motors.java:886): Motors power - FL (0.00), FR (0.00), BL (0.00), BR (0.00)
01-07 14:39:06.732  3611  5647 I global  :  RENO - TeleopDualDrivers.runOpMode(TeleopDualDrivers.java:308): Get drive power = 0.00, set drive power = 0.17
01-07 14:39:06.733  3611  5647 I global  :  RENO - TeleopDualDrivers.runOpMode(TeleopDualDrivers.java:309): Ctrl hub current = 0.21, max = 0.22
01-07 14:39:06.734  3611  5647 I global  :  RENO - TeleopDualDrivers.runOpMode(TeleopDualDrivers.java:310): Ctrl hub volt = 12.49, min = 12.49
01-07 14:39:06.735  3611  5647 I global  :  RENO - TeleopDualDrivers.runOpMode(TeleopDualDrivers.java:311): Extend hub current = 0.21, max = 0.22
01-07 14:39:06.736  3611  5647 I global  :  RENO - TeleopDualDrivers.runOpMode(TeleopDualDrivers.java:312): Extend hub volt = 12.49, min = 12.49
01-07 14:39:06.738  3611  5647 I global  :  RENO - TeleopDualDrivers.runOpMode(TeleopDualDrivers.java:313): Auxiliary voltage = 5.11, min = 5.11
01-07 14:39:06.748  3611  5647 I global  :  RENO - TeleopDualDrivers.runOpMode(TeleopDualDrivers.java:337): While loop time in ms = 55.9.
01-07 14:39:06.764  3611  5647 I global  :  RENO - ChassisWith4Motors.drivingWithPID(ChassisWith4Motors.java:886): Motors power - FL (0.00), FR (0.00), BL (0.00), BR (0.00)
01-07 14:39:06.806  3611  5647 I global  :  RENO - TeleopDualDrivers.runOpMode(TeleopDualDrivers.java:308): Get drive power = 0.00, set drive power = 0.20
01-07 14:39:06.808  3611  5647 I global  :  RENO - TeleopDualDrivers.runOpMode(TeleopDualDrivers.java:309): Ctrl hub current = 0.21, max = 0.22
01-07 14:39:06.809  3611  5647 I global  :  RENO - TeleopDualDrivers.runOpMode(TeleopDualDrivers.java:310): Ctrl hub volt = 12.49, min = 12.49
01-07 14:39:06.811  3611  5647 I global  :  RENO - TeleopDualDrivers.runOpMode(TeleopDualDrivers.java:311): Extend hub current = 0.21, max = 0.22
01-07 14:39:06.812  3611  5647 I global  :  RENO - TeleopDualDrivers.runOpMode(TeleopDualDrivers.java:312): Extend hub volt = 12.49, min = 12.49
01-07 14:39:06.813  3611  5647 I global  :  RENO - TeleopDualDrivers.runOpMode(TeleopDualDrivers.java:313): Auxiliary voltage = 5.11, min = 5.11
01-07 14:39:06.835  3611  5647 I global  :  RENO - TeleopDualDrivers.runOpMode(TeleopDualDrivers.java:337): While loop time in ms = 68.3.
01-07 14:39:06.839  3611  5647 I global  :  RENO - ChassisWith4Motors.drivingWithPID(ChassisWith4Motors.java:886): Motors power - FL (0.00), FR (0.00), BL (0.00), BR (0.00)
01-07 14:39:06.883  3611  5647 I global  :  RENO - TeleopDualDrivers.runOpMode(TeleopDualDrivers.java:308): Get drive power = 0.00, set drive power = 0.23
01-07 14:39:06.885  3611  5647 I global  :  RENO - TeleopDualDrivers.runOpMode(TeleopDualDrivers.java:309): Ctrl hub current = 0.21, max = 0.22
01-07 14:39:06.886  3611  5647 I global  :  RENO - TeleopDualDrivers.runOpMode(TeleopDualDrivers.java:310): Ctrl hub volt = 12.49, min = 12.49
01-07 14:39:06.887  3611  5647 I global  :  RENO - TeleopDualDrivers.runOpMode(TeleopDualDrivers.java:311): Extend hub current = 0.21, max = 0.22
01-07 14:39:06.888  3611  5647 I global  :  RENO - TeleopDualDrivers.runOpMode(TeleopDualDrivers.java:312): Extend hub volt = 12.49, min = 12.49
01-07 14:39:06.889  3611  5647 I global  :  RENO - TeleopDualDrivers.runOpMode(TeleopDualDrivers.java:313): Auxiliary voltage = 5.11, min = 5.11
01-07 14:39:06.899  3611  5647 I global  :  RENO - TeleopDualDrivers.runOpMode(TeleopDualDrivers.java:337): While loop time in ms = 77.7.
01-07 14:39:06.901  3611  5647 I global  :  RENO - ChassisWith4Motors.drivingWithPID(ChassisWith4Motors.java:886): Motors power - FL (0.00), FR (0.00), BL (0.00), BR (0.00)
01-07 14:39:06.938  3611  5647 I global  :  RENO - TeleopDualDrivers.runOpMode(TeleopDualDrivers.java:308): Get drive power = 0.00, set drive power = 0.19
01-07 14:39:06.939  3611  5647 I global  :  RENO - TeleopDualDrivers.runOpMode(TeleopDualDrivers.java:309): Ctrl hub current = 0.21, max = 0.22
01-07 14:39:06.941  3611  5647 I global  :  RENO - TeleopDualDrivers.runOpMode(TeleopDualDrivers.java:310): Ctrl hub volt = 12.49, min = 12.49
01-07 14:39:06.942  3611  5647 I global  :  RENO - TeleopDualDrivers.runOpMode(TeleopDualDrivers.java:311): Extend hub current = 0.21, max = 0.22
01-07 14:39:06.943  3611  5647 I global  :  RENO - TeleopDualDrivers.runOpMode(TeleopDualDrivers.java:312): Extend hub volt = 12.49, min = 12.49
01-07 14:39:06.944  3611  5647 I global  :  RENO - TeleopDualDrivers.runOpMode(TeleopDualDrivers.java:313): Auxiliary voltage = 5.11, min = 5.11
01-07 14:39:06.954  3611  5647 I global  :  RENO - TeleopDualDrivers.runOpMode(TeleopDualDrivers.java:337): While loop time in ms = 63.7.
01-07 14:39:06.956  3611  5647 I global  :  RENO - ChassisWith4Motors.drivingWithPID(ChassisWith4Motors.java:886): Motors power - FL (0.00), FR (0.00), BL (0.00), BR (0.00)
01-07 14:39:06.993  3611  5647 I global  :  RENO - TeleopDualDrivers.runOpMode(TeleopDualDrivers.java:308): Get drive power = 0.00, set drive power = 0.16
01-07 14:39:06.994  3611  5647 I global  :  RENO - TeleopDualDrivers.runOpMode(TeleopDualDrivers.java:309): Ctrl hub current = 0.21, max = 0.22
01-07 14:39:06.996  3611  5647 I global  :  RENO - TeleopDualDrivers.runOpMode(TeleopDualDrivers.java:310): Ctrl hub volt = 12.49, min = 12.49
01-07 14:39:06.997  3611  5647 I global  :  RENO - TeleopDualDrivers.runOpMode(TeleopDualDrivers.java:311): Extend hub current = 0.20, max = 0.22
01-07 14:39:06.999  3611  5647 I global  :  RENO - TeleopDualDrivers.runOpMode(TeleopDualDrivers.java:312): Extend hub volt = 12.49, min = 12.49
01-07 14:39:07.000  3611  5647 I global  :  RENO - TeleopDualDrivers.runOpMode(TeleopDualDrivers.java:313): Auxiliary voltage = 5.11, min = 5.11
