11-27 17:21:35.113  5106  5832 I global  :  RENO - ObjectDetection.conePositionDetect(ObjectDetection.java:213): Pixel values(0, 148) = 27121.22
11-27 17:21:35.114  5106  5832 I global  :  RENO - ObjectDetection.conePositionDetect(ObjectDetection.java:213): Pixel values(0, 149) = 27106.02
11-27 17:21:35.115  5106  5832 I global  :  RENO - ObjectDetection.conePositionDetect(ObjectDetection.java:213): Pixel values(0, 150) = 27087.27
11-27 17:21:35.116  5106  5832 I global  :  RENO - ObjectDetection.conePositionDetect(ObjectDetection.java:213): Pixel values(0, 151) = 27066.83
11-27 17:21:35.117  5106  5832 I global  :  RENO - ObjectDetection.conePositionDetect(ObjectDetection.java:213): Pixel values(0, 152) = 27048.30
11-27 17:21:35.118  5106  5832 I global  :  RENO - ObjectDetection.conePositionDetect(ObjectDetection.java:213): Pixel values(0, 153) = 27029.05
11-27 17:21:35.119  5106  5832 I global  :  RENO - ObjectDetection.conePositionDetect(ObjectDetection.java:213): Pixel values(0, 154) = 27005.16
11-27 17:21:35.120  5106  5832 I global  :  RENO - ObjectDetection.conePositionDetect(ObjectDetection.java:213): Pixel values(0, 155) = 26976.50
11-27 17:21:35.124  5106  5832 I global  :  RENO - ObjectDetection.conePositionDetect(ObjectDetection.java:213): Pixel values(0, 156) = 26942.30
11-27 17:21:35.125  5106  5832 I global  :  RENO - ObjectDetection.conePositionDetect(ObjectDetection.java:213): Pixel values(0, 157) = 26902.84
11-27 17:21:35.126  5106  5832 I global  :  RENO - ObjectDetection.conePositionDetect(ObjectDetection.java:213): Pixel values(0, 158) = 26857.62
11-27 17:21:35.127  5106  5832 I global  :  RENO - ObjectDetection.conePositionDetect(ObjectDetection.java:213): Pixel values(0, 159) = 26809.29
11-27 17:21:35.128  5106  5832 I global  :  RENO - ObjectDetection.conePositionDetect(ObjectDetection.java:213): Pixel values(0, 160) = 26757.37
11-27 17:21:35.129  5106  5832 I global  :  RENO - ObjectDetection.conePositionDetect(ObjectDetection.java:213): Pixel values(0, 161) = 26702.90
11-27 17:21:35.130  5106  5832 I global  :  RENO - ObjectDetection.conePositionDetect(ObjectDetection.java:213): Pixel values(0, 162) = 26646.21
11-27 17:21:35.131  5106  5832 I global  :  RENO - ObjectDetection.conePositionDetect(ObjectDetection.java:213): Pixel values(0, 163) = 26585.89
11-27 17:21:35.133  5106  5832 I global  :  RENO - ObjectDetection.conePositionDetect(ObjectDetection.java:213): Pixel values(0, 164) = 26516.65
11-27 17:21:35.134  5106  5832 I global  :  RENO - ObjectDetection.conePositionDetect(ObjectDetection.java:213): Pixel values(0, 165) = 26446.36
11-27 17:21:35.135  5106  5832 I global  :  RENO - ObjectDetection.conePositionDetect(ObjectDetection.java:213): Pixel values(0, 166) = 26370.91
11-27 17:21:35.136  5106  5832 I global  :  RENO - ObjectDetection.conePositionDetect(ObjectDetection.java:213): Pixel values(0, 167) = 26296.65
11-27 17:21:35.137  5106  5832 I global  :  RENO - ObjectDetection.conePositionDetect(ObjectDetection.java:213): Pixel values(0, 168) = 26222.81
11-27 17:21:35.138  5106  5832 I global  :  RENO - ObjectDetection.conePositionDetect(ObjectDetection.java:213): Pixel values(0, 169) = 26150.33
11-27 17:21:35.139  5106  5832 I global  :  RENO - ObjectDetection.conePositionDetect(ObjectDetection.java:213): Pixel values(0, 170) = 26077.47
11-27 17:21:35.140  5106  5822 I global  :  RENO - ChassisWith4Motors.driveWithPIDControl(ChassisWith4Motors.java:501): Autonomous -power = 0.21, global angle = -0.625
11-27 17:21:35.140  5106  5832 I global  :  RENO - ObjectDetection.conePositionDetect(ObjectDetection.java:213): Pixel values(0, 171) = 26005.82
11-27 17:21:35.141  5106  5832 I global  :  RENO - ObjectDetection.conePositionDetect(ObjectDetection.java:213): Pixel values(0, 172) = 25936.35
11-27 17:21:35.142  5106  5832 I global  :  RENO - ObjectDetection.conePositionDetect(ObjectDetection.java:213): Pixel values(0, 173) = 25870.02
11-27 17:21:35.144  5106  5832 I global  :  RENO - ObjectDetection.conePositionDetect(ObjectDetection.java:213): Pixel values(0, 174) = 25804.54
11-27 17:21:35.145  5106  5832 I global  :  RENO - ObjectDetection.conePositionDetect(ObjectDetection.java:213): Pixel values(0, 175) = 25743.61
11-27 17:21:35.146  5106  5832 I global  :  RENO - ObjectDetection.conePositionDetect(ObjectDetection.java:213): Pixel values(0, 176) = 25691.63
11-27 17:21:35.147  5106  5832 I global  :  RENO - ObjectDetection.conePositionDetect(ObjectDetection.java:213): Pixel values(0, 177) = 25645.97
11-27 17:21:35.148  5106  5832 I global  :  RENO - ObjectDetection.conePositionDetect(ObjectDetection.java:213): Pixel values(0, 178) = 25615.07
11-27 17:21:35.149  5106  5832 I global  :  RENO - ObjectDetection.conePositionDetect(ObjectDetection.java:213): Pixel values(0, 179) = 25598.92
11-27 17:21:35.150  5106  5832 I global  :  RENO - ObjectDetection.conePositionDetect(ObjectDetection.java:213): Pixel values(0, 180) = 25587.78
11-27 17:21:35.151  5106  5832 I global  :  RENO - ObjectDetection.conePositionDetect(ObjectDetection.java:213): Pixel values(0, 181) = 25582.41
11-27 17:21:35.152  5106  5832 I global  :  RENO - ObjectDetection.conePositionDetect(ObjectDetection.java:213): Pixel values(0, 182) = 25587.58
11-27 17:21:35.153  5106  5832 I global  :  RENO - ObjectDetection.conePositionDetect(ObjectDetection.java:213): Pixel values(0, 183) = 25598.72
11-27 17:21:35.155  5106  5832 I global  :  RENO - ObjectDetection.conePositionDetect(ObjectDetection.java:213): Pixel values(0, 184) = 25617.07
11-27 17:21:35.156  5106  5832 I global  :  RENO - ObjectDetection.conePositionDetect(ObjectDetection.java:213): Pixel values(0, 185) = 25639.72
11-27 17:21:35.157  5106  5832 I global  :  RENO - ObjectDetection.conePositionDetect(ObjectDetection.java:213): Pixel values(0, 186) = 25673.39
11-27 17:21:35.158  5106  5832 I global  :  RENO - ObjectDetection.conePositionDetect(ObjectDetection.java:213): Pixel values(0, 187) = 25718.88
11-27 17:21:35.159  5106  5832 I global  :  RENO - ObjectDetection.conePositionDetect(ObjectDetection.java:213): Pixel values(0, 188) = 25775.87
11-27 17:21:35.161  5106  5832 I global  :  RENO - ObjectDetection.conePositionDetect(ObjectDetection.java:213): Pixel values(0, 189) = 25836.33
11-27 17:21:35.162  5106  5832 I global  :  RENO - ObjectDetection.conePositionDetect(ObjectDetection.java:213): Pixel values(0, 190) = 25901.86
11-27 17:21:35.163  5106  5832 I global  :  RENO - ObjectDetection.conePositionDetect(ObjectDetection.java:213): Pixel values(0, 191) = 25972.56
11-27 17:21:35.164  5106  5832 I global  :  RENO - ObjectDetection.conePositionDetect(ObjectDetection.java:213): Pixel values(0, 192) = 26042.41
11-27 17:21:35.165  5106  5832 I global  :  RENO - ObjectDetection.conePositionDetect(ObjectDetection.java:213): Pixel values(0, 193) = 26117.81
11-27 17:21:35.166  5106  5832 I global  :  RENO - ObjectDetection.conePositionDetect(ObjectDetection.java:213): Pixel values(0, 194) = 26191.00
11-27 17:21:35.166  5106  5822 I global  :  RENO - ChassisWith4Motors.runToPosition(ChassisWith4Motors.java:579): Required moving distance -14.50.
11-27 17:21:35.167  5106  5822 I global  :  RENO - ChassisWith4Motors.runToPosition(ChassisWith4Motors.java:580): Target Position = -620
11-27 17:21:35.167  5106  5832 I global  :  RENO - ObjectDetection.conePositionDetect(ObjectDetection.java:213): Pixel values(0, 195) = 26259.46
11-27 17:21:35.168  5106  5822 I global  :  RENO - ChassisWith4Motors.runToPosition(ChassisWith4Motors.java:581): PID = -1
11-27 17:21:35.168  5106  5832 I global  :  RENO - ObjectDetection.conePositionDetect(ObjectDetection.java:213): Pixel values(0, 196) = 26325.77
11-27 17:21:35.169  5106  5832 I global  :  RENO - ObjectDetection.conePositionDetect(ObjectDetection.java:213): Pixel values(0, 197) = 26389.69
11-27 17:21:35.170  5106  5832 I global  :  RENO - ObjectDetection.conePositionDetect(ObjectDetection.java:213): Pixel values(0, 198) = 26450.84
11-27 17:21:35.195  5106  5832 I global  :  RENO - ObjectDetection.conePositionDetect(ObjectDetection.java:213): Pixel values(0, 199) = 26504.30
11-27 17:21:35.195  5106  5822 I global  :  RENO - ChassisWith4Motors.runToPosition(ChassisWith4Motors.java:582): Current Position after moving, FL = -604, FR= -618, BL = -620, BR = -630
11-27 17:21:35.196  5106  5832 I global  :  RENO - ObjectDetection.conePositionDetect(ObjectDetection.java:213): Pixel values(0, 200) = 26555.00
11-27 17:21:35.197  5106  5832 I global  :  RENO - ObjectDetection.conePositionDetect(ObjectDetection.java:213): Pixel values(0, 201) = 26601.87
11-27 17:21:35.198  5106  5832 I global  :  RENO - ObjectDetection.conePositionDetect(ObjectDetection.java:213): Pixel values(0, 202) = 26641.91
11-27 17:21:35.199  5106  5832 I global  :  RENO - ObjectDetection.conePositionDetect(ObjectDetection.java:213): Pixel values(0, 203) = 26679.68
11-27 17:21:35.200  5106  5832 I global  :  RENO - ObjectDetection.conePositionDetect(ObjectDetection.java:213): Pixel values(0, 204) = 26713.69
11-27 17:21:35.201  5106  5832 I global  :  RENO - ObjectDetection.conePositionDetect(ObjectDetection.java:213): Pixel values(0, 205) = 26745.49
11-27 17:21:35.202  5106  5832 I global  :  RENO - ObjectDetection.conePositionDetect(ObjectDetection.java:213): Pixel values(0, 206) = 26785.42
11-27 17:21:35.203  5106  5832 I global  :  RENO - ObjectDetection.conePositionDetect(ObjectDetection.java:213): Pixel values(0, 207) = 26835.31
11-27 17:21:35.204  5106  5832 I global  :  RENO - ObjectDetection.conePositionDetect(ObjectDetection.java:213): Pixel values(0, 208) = 26895.59
11-27 17:21:35.205  5106  5832 I global  :  RENO - ObjectDetection.conePositionDetect(ObjectDetection.java:213): Pixel values(0, 209) = 26972.48
11-27 17:21:35.206  5106  5832 I global  :  RENO - ObjectDetection.conePositionDetect(ObjectDetection.java:213): Pixel values(0, 210) = 27052.42
11-27 17:21:35.207  5106  5832 I global  :  RENO - ObjectDetection.conePositionDetect(ObjectDetection.java:213): Pixel values(0, 211) = 27123.15
11-27 17:21:35.208  5106  5832 I global  :  RENO - ObjectDetection.conePositionDetect(ObjectDetection.java:213): Pixel values(0, 212) = 27190.93
11-27 17:21:35.209  5106  5832 I global  :  RENO - ObjectDetection.conePositionDetect(ObjectDetection.java:213): Pixel values(0, 213) = 27248.08
11-27 17:21:35.210  5106  5832 I global  :  RENO - ObjectDetection.conePositionDetect(ObjectDetection.java:213): Pixel values(0, 214) = 27296.69
11-27 17:21:35.211  5106  5832 I global  :  RENO - ObjectDetection.conePositionDetect(ObjectDetection.java:213): Pixel values(0, 215) = 27344.57
11-27 17:21:35.212  5106  5832 I global  :  RENO - ObjectDetection.conePositionDetect(ObjectDetection.java:213): Pixel values(0, 216) = 27388.20
11-27 17:21:35.213  5106  5832 I global  :  RENO - ObjectDetection.conePositionDetect(ObjectDetection.java:213): Pixel values(0, 217) = 27427.56
11-27 17:21:35.214  5106  5832 I global  :  RENO - ObjectDetection.conePositionDetect(ObjectDetection.java:213): Pixel values(0, 218) = 27464.26
11-27 17:21:35.215  5106  5832 I global  :  RENO - ObjectDetection.conePositionDetect(ObjectDetection.java:213): Pixel values(0, 219) = 27498.95
11-27 17:21:35.217  5106  5832 I global  :  RENO - ObjectDetection.conePositionDetect(ObjectDetection.java:213): Pixel values(0, 220) = 27531.14
11-27 17:21:35.218  5106  5832 I global  :  RENO - ObjectDetection.conePositionDetect(ObjectDetection.java:213): Pixel values(0, 221) = 27565.72
11-27 17:21:35.219  5106  5832 I global  :  RENO - ObjectDetection.conePositionDetect(ObjectDetection.java:213): Pixel values(0, 222) = 27597.15
11-27 17:21:35.220  5106  5832 I global  :  RENO - ObjectDetection.conePositionDetect(ObjectDetection.java:213): Pixel values(0, 223) = 27621.67
11-27 17:21:35.221  5106  5832 I global  :  RENO - ObjectDetection.conePositionDetect(ObjectDetection.java:213): Pixel values(0, 224) = 27637.13
11-27 17:21:35.221  5106  5832 I global  :  RENO - ObjectDetection.conePositionDetect(ObjectDetection.java:213): Pixel values(0, 225) = 27640.15
11-27 17:21:35.222  5106  5832 I global  :  RENO - ObjectDetection.conePositionDetect(ObjectDetection.java:213): Pixel values(0, 226) = 27639.22
11-27 17:21:35.223  5106  5832 I global  :  RENO - ObjectDetection.conePositionDetect(ObjectDetection.java:213): Pixel values(0, 227) = 27641.51
11-27 17:21:35.225  5106  5832 I global  :  RENO - ObjectDetection.conePositionDetect(ObjectDetection.java:213): Pixel values(0, 228) = 27651.16
11-27 17:21:35.227  5106  5832 I global  :  RENO - ObjectDetection.conePositionDetect(ObjectDetection.java:213): Pixel values(0, 229) = 27668.83
11-27 17:21:35.229  5106  5832 I global  :  RENO - ObjectDetection.conePositionDetect(ObjectDetection.java:213): Pixel values(0, 230) = 27699.72
11-27 17:21:35.230  5106  5832 I global  :  RENO - ObjectDetection.conePositionDetect(ObjectDetection.java:213): Pixel values(0, 231) = 27748.69
11-27 17:21:35.231  5106  5832 I global  :  RENO - ObjectDetection.conePositionDetect(ObjectDetection.java:213): Pixel values(0, 232) = 27817.03
11-27 17:21:35.233  5106  5832 I global  :  RENO - ObjectDetection.conePositionDetect(ObjectDetection.java:213): Pixel values(0, 233) = 27905.82
11-27 17:21:35.234  5106  5832 I global  :  RENO - ObjectDetection.conePositionDetect(ObjectDetection.java:213): Pixel values(0, 234) = 28015.13
11-27 17:21:35.236  5106  5832 I global  :  RENO - ObjectDetection.conePositionDetect(ObjectDetection.java:213): Pixel values(0, 235) = 28131.61
11-27 17:21:35.237  5106  5832 I global  :  RENO - ObjectDetection.conePositionDetect(ObjectDetection.java:213): Pixel values(0, 236) = 28257.50
11-27 17:21:35.238  5106  5832 I global  :  RENO - ObjectDetection.conePositionDetect(ObjectDetection.java:213): Pixel values(0, 237) = 28389.27
11-27 17:21:35.239  5106  5832 I global  :  RENO - ObjectDetection.conePositionDetect(ObjectDetection.java:213): Pixel values(0, 238) = 28515.09
11-27 17:21:35.240  5106  5832 I global  :  RENO - ObjectDetection.conePositionDetect(ObjectDetection.java:213): Pixel values(0, 239) = 28629.18
11-27 17:21:35.241  5106  5832 I global  :  RENO - ObjectDetection.conePositionDetect(ObjectDetection.java:213): Pixel values(0, 240) = 28730.13
11-27 17:21:35.241  5106  5822 I global  :  RENO - ChassisWith4Motors.rotate(ChassisWith4Motors.java:362): Positions: FL = 0, FR = 0, BL = 3, BR = 4
11-27 17:21:35.242  5106  5832 I global  :  RENO - ObjectDetection.conePositionDetect(ObjectDetection.java:213): Pixel values(0, 241) = 28814.03
11-27 17:21:35.242  5106  5822 I global  :  RENO - ChassisWith4Motors.rotate(ChassisWith4Motors.java:364): Powers: FL = -0.66, FR = 0.66, BL = -0.66, BR = 0.66
11-27 17:21:35.244  5106  5832 I global  :  RENO - ObjectDetection.conePositionDetect(ObjectDetection.java:213): Pixel values(0, 242) = 28884.61
11-27 17:21:35.245  5106  5832 I global  :  RENO - ObjectDetection.conePositionDetect(ObjectDetection.java:213): Pixel values(0, 243) = 28957.16
11-27 17:21:35.246  5106  5832 I global  :  RENO - ObjectDetection.conePositionDetect(ObjectDetection.java:213): Pixel values(0, 244) = 29032.10
11-27 17:21:35.247  5106  5832 I global  :  RENO - ObjectDetection.conePositionDetect(ObjectDetection.java:213): Pixel values(0, 245) = 29115.02
11-27 17:21:35.247  5106  5832 I global  :  RENO - ObjectDetection.conePositionDetect(ObjectDetection.java:213): Pixel values(0, 246) = 29203.80
11-27 17:21:35.249  5106  5832 I global  :  RENO - ObjectDetection.conePositionDetect(ObjectDetection.java:213): Pixel values(0, 247) = 29292.30
11-27 17:21:35.250  5106  5832 I global  :  RENO - ObjectDetection.conePositionDetect(ObjectDetection.java:213): Pixel values(0, 248) = 29380.89
11-27 17:21:35.251  5106  5832 I global  :  RENO - ObjectDetection.conePositionDetect(ObjectDetection.java:213): Pixel values(0, 249) = 29475.06
11-27 17:21:35.252  5106  5832 I global  :  RENO - ObjectDetection.conePositionDetect(ObjectDetection.java:213): Pixel values(0, 250) = 29569.03
11-27 17:21:35.253  5106  5832 I global  :  RENO - ObjectDetection.conePositionDetect(ObjectDetection.java:213): Pixel values(0, 251) = 29659.65
11-27 17:21:35.255  5106  5832 I global  :  RENO - ObjectDetection.conePositionDetect(ObjectDetection.java:213): Pixel values(0, 252) = 29752.99
11-27 17:21:35.256  5106  5832 I global  :  RENO - ObjectDetection.conePositionDetect(ObjectDetection.java:213): Pixel values(0, 253) = 29849.61
11-27 17:21:35.257  5106  5832 I global  :  RENO - ObjectDetection.conePositionDetect(ObjectDetection.java:213): Pixel values(0, 254) = 29950.92
11-27 17:21:35.258  5106  5832 I global  :  RENO - ObjectDetection.conePositionDetect(ObjectDetection.java:213): Pixel values(0, 255) = 30061.02
11-27 17:21:35.259  5106  5832 I global  :  RENO - ObjectDetection.conePositionDetect(ObjectDetection.java:213): Pixel values(0, 256) = 30186.31
11-27 17:21:35.260  5106  5832 I global  :  RENO - ObjectDetection.conePositionDetect(ObjectDetection.java:213): Pixel values(0, 257) = 30323.13
11-27 17:21:35.261  5106  5822 I global  :  RENO - ChassisWith4Motors.rotate(ChassisWith4Motors.java:362): Positions: FL = 4, FR = 1, BL = 7, BR = 7
11-27 17:21:35.261  5106  5832 I global  :  RENO - ObjectDetection.conePositionDetect(ObjectDetection.java:213): Pixel values(0, 258) = 30471.40
11-27 17:21:35.261  5106  5822 I global  :  RENO - ChassisWith4Motors.rotate(ChassisWith4Motors.java:364): Powers: FL = -0.66, FR = 0.66, BL = -0.66, BR = 0.66
11-27 17:21:35.262  5106  5832 I global  :  RENO - ObjectDetection.conePositionDetect(ObjectDetection.java:213): Pixel values(0, 259) = 30628.06
11-27 17:21:35.263  5106  5832 I global  :  RENO - ObjectDetection.conePositionDetect(ObjectDetection.java:213): Pixel values(0, 260) = 30787.81
11-27 17:21:35.264  5106  5832 I global  :  RENO - ObjectDetection.conePositionDetect(ObjectDetection.java:213): Pixel values(0, 261) = 30952.03
11-27 17:21:35.266  5106  5832 I global  :  RENO - ObjectDetection.conePositionDetect(ObjectDetection.java:213): Pixel values(0, 262) = 31113.96
11-27 17:21:35.267  5106  5832 I global  :  RENO - ObjectDetection.conePositionDetect(ObjectDetection.java:213): Pixel values(0, 263) = 31274.30
11-27 17:21:35.268  5106  5832 I global  :  RENO - ObjectDetection.conePositionDetect(ObjectDetection.java:213): Pixel values(0, 264) = 31432.78
11-27 17:21:35.269  5106  5832 I global  :  RENO - ObjectDetection.conePositionDetect(ObjectDetection.java:213): Pixel values(0, 265) = 31583.69
11-27 17:21:35.271  5106  5832 I global  :  RENO - ObjectDetection.conePositionDetect(ObjectDetection.java:213): Pixel values(0, 266) = 31730.33
11-27 17:21:35.272  5106  5832 I global  :  RENO - ObjectDetection.conePositionDetect(ObjectDetection.java:213): Pixel values(0, 267) = 31874.37
11-27 17:21:35.273  5106  5832 I global  :  RENO - ObjectDetection.conePositionDetect(ObjectDetection.java:213): Pixel values(0, 268) = 32010.63
11-27 17:21:35.274  5106  5832 I global  :  RENO - ObjectDetection.conePositionDetect(ObjectDetection.java:213): Pixel values(0, 269) = 32138.68
11-27 17:21:35.275  5106  5832 I global  :  RENO - ObjectDetection.conePositionDetect(ObjectDetection.java:213): Pixel values(0, 270) = 32261.91
11-27 17:21:35.276  5106  5832 I global  :  RENO - ObjectDetection.conePositionDetect(ObjectDetection.java:213): Pixel values(0, 271) = 32382.68
11-27 17:21:35.277  5106  5832 I global  :  RENO - ObjectDetection.conePositionDetect(ObjectDetection.java:213): Pixel values(0, 272) = 32500.52
11-27 17:21:35.278  5106  5832 I global  :  RENO - ObjectDetection.conePositionDetect(ObjectDetection.java:213): Pixel values(0, 273) = 32615.50
11-27 17:21:35.279  5106  5832 I global  :  RENO - ObjectDetection.conePositionDetect(ObjectDetection.java:213): Pixel values(0, 274) = 32727.61
11-27 17:21:35.280  5106  5822 I global  :  RENO - ChassisWith4Motors.rotate(ChassisWith4Motors.java:362): Positions: FL = 21, FR = 6, BL = 21, BR = 1
11-27 17:21:35.280  5106  5832 I global  :  RENO - ObjectDetection.conePositionDetect(ObjectDetection.java:213): Pixel values(0, 275) = 32832.96
11-27 17:21:35.281  5106  5822 I global  :  RENO - ChassisWith4Motors.rotate(ChassisWith4Motors.java:364): Powers: FL = -0.65, FR = 0.65, BL = -0.65, BR = 0.65
11-27 17:21:35.281  5106  5832 I global  :  RENO - ObjectDetection.conePositionDetect(ObjectDetection.java:213): Pixel values(0, 276) = 32936.44
11-27 17:21:35.282  5106  5832 I global  :  RENO - ObjectDetection.conePositionDetect(ObjectDetection.java:213): Pixel values(0, 277) = 33034.36
11-27 17:21:35.283  5106  5832 I global  :  RENO - ObjectDetection.conePositionDetect(ObjectDetection.java:213): Pixel values(0, 278) = 33129.51
11-27 17:21:35.284  5106  5832 I global  :  RENO - ObjectDetection.conePositionDetect(ObjectDetection.java:213): Pixel values(0, 279) = 33223.86
11-27 17:21:35.285  5106  5832 I global  :  RENO - ObjectDetection.conePositionDetect(ObjectDetection.java:213): Pixel values(0, 280) = 33313.35
11-27 17:21:35.286  5106  5832 I global  :  RENO - ObjectDetection.conePositionDetect(ObjectDetection.java:213): Pixel values(0, 281) = 33400.16
11-27 17:21:35.288  5106  5832 I global  :  RENO - ObjectDetection.conePositionDetect(ObjectDetection.java:213): Pixel values(0, 282) = 33485.64
11-27 17:21:35.289  5106  5832 I global  :  RENO - ObjectDetection.conePositionDetect(ObjectDetection.java:213): Pixel values(0, 283) = 33571.69
11-27 17:21:35.290  5106  5832 I global  :  RENO - ObjectDetection.conePositionDetect(ObjectDetection.java:213): Pixel values(0, 284) = 33653.53
11-27 17:21:35.291  5106  5832 I global  :  RENO - ObjectDetection.conePositionDetect(ObjectDetection.java:213): Pixel values(0, 285) = 33731.14
11-27 17:21:35.292  5106  5832 I global  :  RENO - ObjectDetection.conePositionDetect(ObjectDetection.java:213): Pixel values(0, 286) = 33806.53
11-27 17:21:35.293  5106  5832 I global  :  RENO - ObjectDetection.conePositionDetect(ObjectDetection.java:213): Pixel values(0, 287) = 33878.13
11-27 17:21:35.294  5106  5832 I global  :  RENO - ObjectDetection.conePositionDetect(ObjectDetection.java:213): Pixel values(0, 288) = 33945.01
11-27 17:21:35.295  5106  5832 I global  :  RENO - ObjectDetection.conePositionDetect(ObjectDetection.java:213): Pixel values(0, 289) = 34007.10
11-27 17:21:35.296  5106  5832 I global  :  RENO - ObjectDetection.conePositionDetect(ObjectDetection.java:213): Pixel values(0, 290) = 34066.08
11-27 17:21:35.297  5106  5832 I global  :  RENO - ObjectDetection.conePositionDetect(ObjectDetection.java:213): Pixel values(0, 291) = 34121.27
11-27 17:21:35.297  5106  5822 I global  :  RENO - ChassisWith4Motors.rotate(ChassisWith4Motors.java:362): Positions: FL = 38, FR = 20, BL = 38, BR = 13
11-27 17:21:35.298  5106  5822 I global  :  RENO - ChassisWith4Motors.rotate(ChassisWith4Motors.java:364): Powers: FL = -0.65, FR = 0.65, BL = -0.65, BR = 0.65
11-27 17:21:35.298  5106  5832 I global  :  RENO - ObjectDetection.conePositionDetect(ObjectDetection.java:213): Pixel values(0, 292) = 34171.80
11-27 17:21:35.299  5106  5832 I global  :  RENO - ObjectDetection.conePositionDetect(ObjectDetection.java:213): Pixel values(0, 293) = 34212.28
11-27 17:21:35.300  5106  5832 I global  :  RENO - ObjectDetection.conePositionDetect(ObjectDetection.java:213): Pixel values(0, 294) = 34247.92
11-27 17:21:35.301  5106  5832 I global  :  RENO - ObjectDetection.conePositionDetect(ObjectDetection.java:213): Pixel values(0, 295) = 34271.64
11-27 17:21:35.302  5106  5832 I global  :  RENO - ObjectDetection.conePositionDetect(ObjectDetection.java:213): Pixel values(0, 296) = 34280.55
11-27 17:21:35.304  5106  5832 I global  :  RENO - ObjectDetection.conePositionDetect(ObjectDetection.java:213): Pixel values(0, 297) = 34280.68
11-27 17:21:35.305  5106  5832 I global  :  RENO - ObjectDetection.conePositionDetect(ObjectDetection.java:213): Pixel values(0, 298) = 34270.02
11-27 17:21:35.306  5106  5832 I global  :  RENO - ObjectDetection.conePositionDetect(ObjectDetection.java:213): Pixel values(0, 299) = 34262.07
11-27 17:21:35.307  5106  5832 I global  :  RENO - ObjectDetection.conePositionDetect(ObjectDetection.java:213): Pixel values(0, 300) = 34261.66
11-27 17:21:35.308  5106  5832 I global  :  RENO - ObjectDetection.conePositionDetect(ObjectDetection.java:213): Pixel values(0, 301) = 34286.73
11-27 17:21:35.309  5106  5832 I global  :  RENO - ObjectDetection.conePositionDetect(ObjectDetection.java:213): Pixel values(0, 302) = 34335.64
11-27 17:21:35.310  5106  5832 I global  :  RENO - ObjectDetection.conePositionDetect(ObjectDetection.java:213): Pixel values(0, 303) = 34423.12
11-27 17:21:35.311  5106  5832 I global  :  RENO - ObjectDetection.conePositionDetect(ObjectDetection.java:213): Pixel values(0, 304) = 34540.20
11-27 17:21:35.312  5106  5832 I global  :  RENO - ObjectDetection.conePositionDetect(ObjectDetection.java:213): Pixel values(0, 305) = 34627.39
11-27 17:21:35.313  5106  5832 I global  :  RENO - ObjectDetection.conePositionDetect(ObjectDetection.java:213): Pixel values(0, 306) = 34678.40
11-27 17:21:35.314  5106  5832 I global  :  RENO - ObjectDetection.conePositionDetect(ObjectDetection.java:213): Pixel values(0, 307) = 34709.25
11-27 17:21:35.315  5106  5832 I global  :  RENO - ObjectDetection.conePositionDetect(ObjectDetection.java:213): Pixel values(0, 308) = 34715.07
11-27 17:21:35.315  5106  5822 I global  :  RENO - ChassisWith4Motors.rotate(ChassisWith4Motors.java:362): Positions: FL = 57, FR = 40, BL = 62, BR = 33
11-27 17:21:35.316  5106  5832 I global  :  RENO - ObjectDetection.conePositionDetect(ObjectDetection.java:213): Pixel values(0, 309) = 34715.42
11-27 17:21:35.316  5106  5822 I global  :  RENO - ChassisWith4Motors.rotate(ChassisWith4Motors.java:364): Powers: FL = -0.63, FR = 0.63, BL = -0.63, BR = 0.63
11-27 17:21:35.317  5106  5832 I global  :  RENO - ObjectDetection.conePositionDetect(ObjectDetection.java:213): Pixel values(0, 310) = 34706.91
11-27 17:21:35.318  5106  5832 I global  :  RENO - ObjectDetection.conePositionDetect(ObjectDetection.java:213): Pixel values(0, 311) = 34696.09
11-27 17:21:35.320  5106  5832 I global  :  RENO - ObjectDetection.conePositionDetect(ObjectDetection.java:213): Pixel values(0, 312) = 34685.66
11-27 17:21:35.321  5106  5832 I global  :  RENO - ObjectDetection.conePositionDetect(ObjectDetection.java:213): Pixel values(0, 313) = 34674.25
11-27 17:21:35.322  5106  5832 I global  :  RENO - ObjectDetection.conePositionDetect(ObjectDetection.java:213): Pixel values(0, 314) = 34666.58
11-27 17:21:35.323  5106  5832 I global  :  RENO - ObjectDetection.conePositionDetect(ObjectDetection.java:213): Pixel values(0, 315) = 34658.59
11-27 17:21:35.324  5106  5832 I global  :  RENO - ObjectDetection.conePositionDetect(ObjectDetection.java:213): Pixel values(0, 316) = 34653.58
11-27 17:21:35.326  5106  5832 I global  :  RENO - ObjectDetection.conePositionDetect(ObjectDetection.java:213): Pixel values(0, 317) = 34650.71
11-27 17:21:35.327  5106  5832 I global  :  RENO - ObjectDetection.conePositionDetect(ObjectDetection.java:213): Pixel values(0, 318) = 34646.23
11-27 17:21:35.327  5106  5832 I global  :  RENO - ObjectDetection.conePositionDetect(ObjectDetection.java:213): Pixel values(0, 319) = 34641.86
11-27 17:21:35.329  5106  5832 I global  :  RENO - ObjectDetection.verifyObjectDetected(ObjectDetection.java:315): per [0] = 0.786, cone location = 309
11-27 17:21:35.330  5106  5832 I global  :  RENO - ObjectDetection.verifyObjectDetected(ObjectDetection.java:315): per [1] = 0.807, cone location = 309
11-27 17:21:35.331  5106  5822 I global  :  RENO - ChassisWith4Motors.rotate(ChassisWith4Motors.java:362): Positions: FL = 79, FR = 60, BL = 86, BR = 53
11-27 17:21:35.331  5106  5832 I global  :  RENO - ObjectDetection.verifyObjectDetected(ObjectDetection.java:315): per [2] = 0.825, cone location = 309
11-27 17:21:35.332  5106  5832 I global  :  RENO - ObjectDetection.conePositionDetect(ObjectDetection.java:227):  location pixel is 309, distance is 0.00
11-27 17:21:35.332  5106  5822 I global  :  RENO - ChassisWith4Motors.rotate(ChassisWith4Motors.java:364): Powers: FL = -0.08, FR = 0.66, BL = -0.00, BR = 0.66
11-27 17:21:35.340  5106  5832 I global  :  RENO - ObjectDetection.processFrame(ObjectDetection.java:83): Start Opcv process to detect sleeve color.
11-27 17:21:35.341  5106  5832 I global  :  RENO - ObjectDetection.sleeveColorDetect(ObjectDetection.java:121): Start Opcv process to detect sleeve color.
11-27 17:21:35.344  5106  5832 I global  :  RENO - ObjectDetection.sleeveColorDetect(ObjectDetection.java:128): Sleeve max color = 820115.00, 954161.00, 1207305.00
11-27 17:21:35.346  5106  5832 I global  :  RENO - ObjectDetection.sleeveColorDetect(ObjectDetection.java:147): Sleeve position: RIGHT
11-27 17:21:35.347  5106  5832 I global  :  RENO - ObjectDetection.processFrame(ObjectDetection.java:86): Start Opcv process to detect cone.
11-27 17:21:35.353  5106  5822 I global  :  RENO - ChassisWith4Motors.rotate(ChassisWith4Motors.java:362): Positions: FL = 102, FR = 85, BL = 114, BR = 78
11-27 17:21:35.354  5106  5822 I global  :  RENO - ChassisWith4Motors.rotate(ChassisWith4Motors.java:364): Powers: FL = -0.26, FR = 0.62, BL = -0.00, BR = 0.62
11-27 17:21:35.369  5106  5822 I global  :  RENO - ChassisWith4Motors.rotate(ChassisWith4Motors.java:362): Positions: FL = 116, FR = 106, BL = 125, BR = 102
11-27 17:21:35.371  5106  5822 I global  :  RENO - ChassisWith4Motors.rotate(ChassisWith4Motors.java:364): Powers: FL = -0.42, FR = 0.60, BL = -0.13, BR = 0.60
11-27 17:21:35.386  5106  5822 I global  :  RENO - ChassisWith4Motors.rotate(ChassisWith4Motors.java:362): Positions: FL = 131, FR = 128, BL = 132, BR = 128
11-27 17:21:35.387  5106  5822 I global  :  RENO - ChassisWith4Motors.rotate(ChassisWith4Motors.java:364): Powers: FL = -0.45, FR = 0.53, BL = -0.42, BR = 0.53
11-27 17:21:35.404  5106  5822 I global  :  RENO - ChassisWith4Motors.rotate(ChassisWith4Motors.java:362): Positions: FL = 145, FR = 148, BL = 142, BR = 152
11-27 17:21:35.405  5106  5822 I global  :  RENO - ChassisWith4Motors.rotate(ChassisWith4Motors.java:364): Powers: FL = -0.50, FR = 0.42, BL = -0.52, BR = 0.32
11-27 17:21:35.421  5106  5822 I global  :  RENO - ChassisWith4Motors.rotate(ChassisWith4Motors.java:362): Positions: FL = 161, FR = 170, BL = 158, BR = 176
11-27 17:21:35.422  5106  5822 I global  :  RENO - ChassisWith4Motors.rotate(ChassisWith4Motors.java:364): Powers: FL = -0.50, FR = 0.37, BL = -0.50, BR = 0.24
11-27 17:21:35.437  5106  5822 I global  :  RENO - ChassisWith4Motors.rotate(ChassisWith4Motors.java:362): Positions: FL = 176, FR = 190, BL = 175, BR = 196
11-27 17:21:35.438  5106  5822 I global  :  RENO - ChassisWith4Motors.rotate(ChassisWith4Motors.java:364): Powers: FL = -0.47, FR = 0.31, BL = -0.47, BR = 0.19
11-27 17:21:35.453  5106  5822 I global  :  RENO - ChassisWith4Motors.rotate(ChassisWith4Motors.java:362): Positions: FL = 194, FR = 209, BL = 190, BR = 215
11-27 17:21:35.454  5106  5822 I global  :  RENO - ChassisWith4Motors.rotate(ChassisWith4Motors.java:364): Powers: FL = -0.44, FR = 0.28, BL = -0.44, BR = 0.17
11-27 17:21:35.472  5106  5822 I global  :  RENO - ChassisWith4Motors.rotate(ChassisWith4Motors.java:362): Positions: FL = 211, FR = 226, BL = 205, BR = 234
11-27 17:21:35.474  5106  5822 I global  :  RENO - ChassisWith4Motors.rotate(ChassisWith4Motors.java:364): Powers: FL = -0.43, FR = 0.27, BL = -0.43, BR = 0.14
11-27 17:21:35.491  5106  5822 I global  :  RENO - ChassisWith4Motors.rotate(ChassisWith4Motors.java:362): Positions: FL = 230, FR = 245, BL = 221, BR = 251
11-27 17:21:35.493  5106  5822 I global  :  RENO - ChassisWith4Motors.rotate(ChassisWith4Motors.java:364): Powers: FL = -0.39, FR = 0.22, BL = -0.39, BR = 0.13
11-27 17:21:35.512  5106  5822 I global  :  RENO - ChassisWith4Motors.rotate(ChassisWith4Motors.java:362): Positions: FL = 250, FR = 264, BL = 239, BR = 266
11-27 17:21:35.514  5106  5822 I global  :  RENO - ChassisWith4Motors.rotate(ChassisWith4Motors.java:364): Powers: FL = -0.36, FR = 0.18, BL = -0.36, BR = 0.15
11-27 17:21:35.529  5106  5822 I global  :  RENO - ChassisWith4Motors.rotate(ChassisWith4Motors.java:362): Positions: FL = 268, FR = 280, BL = 256, BR = 279
11-27 17:21:35.530  5106  5822 I global  :  RENO - ChassisWith4Motors.rotate(ChassisWith4Motors.java:364): Powers: FL = -0.32, FR = 0.16, BL = -0.32, BR = 0.17
11-27 17:21:35.546  5106  5822 I global  :  RENO - ChassisWith4Motors.rotate(ChassisWith4Motors.java:362): Positions: FL = 282, FR = 292, BL = 270, BR = 289
11-27 17:21:35.548  5106  5822 I global  :  RENO - ChassisWith4Motors.rotate(ChassisWith4Motors.java:364): Powers: FL = -0.27, FR = 0.15, BL = -0.29, BR = 0.19
11-27 17:21:35.563  5106  5822 I global  :  RENO - ChassisWith4Motors.rotate(ChassisWith4Motors.java:362): Positions: FL = 293, FR = 302, BL = 283, BR = 300
11-27 17:21:35.564  5106  5822 I global  :  RENO - ChassisWith4Motors.rotate(ChassisWith4Motors.java:364): Powers: FL = -0.25, FR = 0.14, BL = -0.26, BR = 0.16
11-27 17:21:35.581  5106  5822 I global  :  RENO - ChassisWith4Motors.rotate(ChassisWith4Motors.java:362): Positions: FL = 302, FR = 313, BL = 295, BR = 311
11-27 17:21:35.584  5106  5822 I global  :  RENO - ChassisWith4Motors.rotate(ChassisWith4Motors.java:364): Powers: FL = -0.24, FR = 0.13, BL = -0.24, BR = 0.15
11-27 17:21:35.600  5106  5822 I global  :  RENO - ChassisWith4Motors.rotate(ChassisWith4Motors.java:362): Positions: FL = 310, FR = 323, BL = 307, BR = 324
11-27 17:21:35.602  5106  5822 I global  :  RENO - ChassisWith4Motors.rotate(ChassisWith4Motors.java:364): Powers: FL = -0.23, FR = 0.13, BL = -0.23, BR = 0.12
11-27 17:21:35.619  5106  5822 I global  :  RENO - ChassisWith4Motors.rotate(ChassisWith4Motors.java:362): Positions: FL = 313, FR = 331, BL = 319, BR = 338
11-27 17:21:35.621  5106  5822 I global  :  RENO - ChassisWith4Motors.rotate(ChassisWith4Motors.java:364): Powers: FL = -0.23, FR = 0.14, BL = -0.23, BR = 0.07
11-27 17:21:35.636  5106  5822 I global  :  RENO - ChassisWith4Motors.rotate(ChassisWith4Motors.java:362): Positions: FL = 316, FR = 335, BL = 328, BR = 350
11-27 17:21:35.637  5106  5822 I global  :  RENO - ChassisWith4Motors.rotate(ChassisWith4Motors.java:364): Powers: FL = -0.23, FR = 0.18, BL = -0.23, BR = 0.01
11-27 17:21:35.651  5106  5822 I global  :  RENO - ChassisWith4Motors.rotate(ChassisWith4Motors.java:362): Positions: FL = 318, FR = 340, BL = 336, BR = 361
11-27 17:21:35.652  5106  5822 I global  :  RENO - ChassisWith4Motors.rotate(ChassisWith4Motors.java:364): Powers: FL = -0.23, FR = 0.19, BL = -0.23, BR = 0.00
11-27 17:21:35.667  5106  5822 I global  :  RENO - ChassisWith4Motors.rotate(ChassisWith4Motors.java:362): Positions: FL = 320, FR = 345, BL = 343, BR = 371
11-27 17:21:35.668  5106  5822 I global  :  RENO - ChassisWith4Motors.rotate(ChassisWith4Motors.java:364): Powers: FL = -0.23, FR = 0.20, BL = -0.22, BR = 0.00
11-27 17:21:35.682  5106  5822 I global  :  RENO - ChassisWith4Motors.rotate(ChassisWith4Motors.java:362): Positions: FL = 323, FR = 350, BL = 349, BR = 376
11-27 17:21:35.683  5106  5822 I global  :  RENO - ChassisWith4Motors.rotate(ChassisWith4Motors.java:364): Powers: FL = -0.23, FR = 0.20, BL = -0.21, BR = 0.00
11-27 17:21:35.697  5106  5822 I global  :  RENO - ChassisWith4Motors.rotate(ChassisWith4Motors.java:362): Positions: FL = 328, FR = 353, BL = 355, BR = 379
11-27 17:21:35.698  5106  5822 I global  :  RENO - ChassisWith4Motors.rotate(ChassisWith4Motors.java:364): Powers: FL = -0.23, FR = 0.21, BL = -0.19, BR = 0.00
11-27 17:21:35.712  5106  5822 I global  :  RENO - ChassisWith4Motors.rotate(ChassisWith4Motors.java:362): Positions: FL = 332, FR = 357, BL = 361, BR = 382
11-27 17:21:35.713  5106  5822 I global  :  RENO - ChassisWith4Motors.rotate(ChassisWith4Motors.java:364): Powers: FL = -0.23, FR = 0.22, BL = -0.18, BR = 0.00
11-27 17:21:35.728  5106  5822 I global  :  RENO - ChassisWith4Motors.rotate(ChassisWith4Motors.java:362): Positions: FL = 338, FR = 361, BL = 366, BR = 384
11-27 17:21:35.729  5106  5822 I global  :  RENO - ChassisWith4Motors.rotate(ChassisWith4Motors.java:364): Powers: FL = -0.23, FR = 0.22, BL = -0.17, BR = 0.00
11-27 17:21:35.750  5106  5822 I global  :  RENO - ChassisWith4Motors.rotate(ChassisWith4Motors.java:362): Positions: FL = 347, FR = 366, BL = 372, BR = 388
11-27 17:21:35.751  5106  5822 I global  :  RENO - ChassisWith4Motors.rotate(ChassisWith4Motors.java:364): Powers: FL = -0.23, FR = 0.23, BL = -0.17, BR = 0.01
11-27 17:21:35.754  5106  5832 I global  :  RENO - ObjectDetection.conePositionDetect(ObjectDetection.java:213): Pixel values(0, 0) = 22243.84
11-27 17:21:35.755  5106  5832 I global  :  RENO - ObjectDetection.conePositionDetect(ObjectDetection.java:213): Pixel values(0, 1) = 22243.84
11-27 17:21:35.756  5106  5832 I global  :  RENO - ObjectDetection.conePositionDetect(ObjectDetection.java:213): Pixel values(0, 2) = 22231.23
11-27 17:21:35.757  5106  5832 I global  :  RENO - ObjectDetection.conePositionDetect(ObjectDetection.java:213): Pixel values(0, 3) = 22215.90
11-27 17:21:35.759  5106  5832 I global  :  RENO - ObjectDetection.conePositionDetect(ObjectDetection.java:213): Pixel values(0, 4) = 22195.20
11-27 17:21:35.760  5106  5832 I global  :  RENO - ObjectDetection.conePositionDetect(ObjectDetection.java:213): Pixel values(0, 5) = 22176.13
11-27 17:21:35.761  5106  5832 I global  :  RENO - ObjectDetection.conePositionDetect(ObjectDetection.java:213): Pixel values(0, 6) = 22157.15
11-27 17:21:35.762  5106  5832 I global  :  RENO - ObjectDetection.conePositionDetect(ObjectDetection.java:213): Pixel values(0, 7) = 22144.21
11-27 17:21:35.763  5106  5832 I global  :  RENO - ObjectDetection.conePositionDetect(ObjectDetection.java:213): Pixel values(0, 8) = 22128.77
11-27 17:21:35.764  5106  5832 I global  :  RENO - ObjectDetection.conePositionDetect(ObjectDetection.java:213): Pixel values(0, 9) = 22109.20
11-27 17:21:35.765  5106  5832 I global  :  RENO - ObjectDetection.conePositionDetect(ObjectDetection.java:213): Pixel values(0, 10) = 22084.22
11-27 17:21:35.766  5106  5832 I global  :  RENO - ObjectDetection.conePositionDetect(ObjectDetection.java:213): Pixel values(0, 11) = 22063.62
11-27 17:21:35.767  5106  5832 I global  :  RENO - ObjectDetection.conePositionDetect(ObjectDetection.java:213): Pixel values(0, 12) = 22037.31
11-27 17:21:35.768  5106  5822 I global  :  RENO - ChassisWith4Motors.rotate(ChassisWith4Motors.java:362): Positions: FL = 354, FR = 368, BL = 378, BR = 389
11-27 17:21:35.768  5106  5832 I global  :  RENO - ObjectDetection.conePositionDetect(ObjectDetection.java:213): Pixel values(0, 13) = 22017.07
11-27 17:21:35.770  5106  5832 I global  :  RENO - ObjectDetection.conePositionDetect(ObjectDetection.java:213): Pixel values(0, 14) = 21990.06
11-27 17:21:35.770  5106  5822 I global  :  RENO - ChassisWith4Motors.rotate(ChassisWith4Motors.java:364): Powers: FL = -0.23, FR = 0.23, BL = -0.15, BR = 0.05
11-27 17:21:35.771  5106  5832 I global  :  RENO - ObjectDetection.conePositionDetect(ObjectDetection.java:213): Pixel values(0, 15) = 21961.66
11-27 17:21:35.772  5106  5832 I global  :  RENO - ObjectDetection.conePositionDetect(ObjectDetection.java:213): Pixel values(0, 16) = 21916.65
11-27 17:21:35.773  5106  5832 I global  :  RENO - ObjectDetection.conePositionDetect(ObjectDetection.java:213): Pixel values(0, 17) = 21856.58
11-27 17:21:35.774  5106  5832 I global  :  RENO - ObjectDetection.conePositionDetect(ObjectDetection.java:213): Pixel values(0, 18) = 21804.87
11-27 17:21:35.776  5106  5832 I global  :  RENO - ObjectDetection.conePositionDetect(ObjectDetection.java:213): Pixel values(0, 19) = 21763.92
11-27 17:21:35.777  5106  5832 I global  :  RENO - ObjectDetection.conePositionDetect(ObjectDetection.java:213): Pixel values(0, 20) = 21733.06
11-27 17:21:35.778  5106  5832 I global  :  RENO - ObjectDetection.conePositionDetect(ObjectDetection.java:213): Pixel values(0, 21) = 21713.47
11-27 17:21:35.779  5106  5832 I global  :  RENO - ObjectDetection.conePositionDetect(ObjectDetection.java:213): Pixel values(0, 22) = 21693.62
11-27 17:21:35.780  5106  5832 I global  :  RENO - ObjectDetection.conePositionDetect(ObjectDetection.java:213): Pixel values(0, 23) = 21681.89
11-27 17:21:35.781  5106  5832 I global  :  RENO - ObjectDetection.conePositionDetect(ObjectDetection.java:213): Pixel values(0, 24) = 21672.18
11-27 17:21:35.782  5106  5832 I global  :  RENO - ObjectDetection.conePositionDetect(ObjectDetection.java:213): Pixel values(0, 25) = 21667.92
11-27 17:21:35.783  5106  5832 I global  :  RENO - ObjectDetection.conePositionDetect(ObjectDetection.java:213): Pixel values(0, 26) = 21663.70
11-27 17:21:35.785  5106  5832 I global  :  RENO - ObjectDetection.conePositionDetect(ObjectDetection.java:213): Pixel values(0, 27) = 21661.17
11-27 17:21:35.785  5106  5822 I global  :  RENO - ChassisWith4Motors.rotate(ChassisWith4Motors.java:362): Positions: FL = 362, FR = 372, BL = 383, BR = 390
11-27 17:21:35.786  5106  5832 I global  :  RENO - ObjectDetection.conePositionDetect(ObjectDetection.java:213): Pixel values(0, 28) = 21648.31
11-27 17:21:35.786  5106  5822 I global  :  RENO - ChassisWith4Motors.rotate(ChassisWith4Motors.java:364): Powers: FL = -0.23, FR = 0.23, BL = -0.14, BR = 0.08
11-27 17:21:35.787  5106  5832 I global  :  RENO - ObjectDetection.conePositionDetect(ObjectDetection.java:213): Pixel values(0, 29) = 21628.01
11-27 17:21:35.788  5106  5832 I global  :  RENO - ObjectDetection.conePositionDetect(ObjectDetection.java:213): Pixel values(0, 30) = 21601.29
11-27 17:21:35.789  5106  5832 I global  :  RENO - ObjectDetection.conePositionDetect(ObjectDetection.java:213): Pixel values(0, 31) = 21576.06
11-27 17:21:35.790  5106  5832 I global  :  RENO - ObjectDetection.conePositionDetect(ObjectDetection.java:213): Pixel values(0, 32) = 21554.42
11-27 17:21:35.791  5106  5832 I global  :  RENO - ObjectDetection.conePositionDetect(ObjectDetection.java:213): Pixel values(0, 33) = 21543.66
11-27 17:21:35.792  5106  5832 I global  :  RENO - ObjectDetection.conePositionDetect(ObjectDetection.java:213): Pixel values(0, 34) = 21540.75
11-27 17:21:35.793  5106  5832 I global  :  RENO - ObjectDetection.conePositionDetect(ObjectDetection.java:213): Pixel values(0, 35) = 21543.71
11-27 17:21:35.794  5106  5832 I global  :  RENO - ObjectDetection.conePositionDetect(ObjectDetection.java:213): Pixel values(0, 36) = 21552.14
11-27 17:21:35.796  5106  5832 I global  :  RENO - ObjectDetection.conePositionDetect(ObjectDetection.java:213): Pixel values(0, 37) = 21571.16
11-27 17:21:35.797  5106  5832 I global  :  RENO - ObjectDetection.conePositionDetect(ObjectDetection.java:213): Pixel values(0, 38) = 21600.82
11-27 17:21:35.798  5106  5832 I global  :  RENO - ObjectDetection.conePositionDetect(ObjectDetection.java:213): Pixel values(0, 39) = 21649.17
11-27 17:21:35.799  5106  5832 I global  :  RENO - ObjectDetection.conePositionDetect(ObjectDetection.java:213): Pixel values(0, 40) = 21720.43
11-27 17:21:35.800  5106  5832 I global  :  RENO - ObjectDetection.conePositionDetect(ObjectDetection.java:213): Pixel values(0, 41) = 21811.97
11-27 17:21:35.801  5106  5832 I global  :  RENO - ObjectDetection.conePositionDetect(ObjectDetection.java:213): Pixel values(0, 42) = 21917.00
11-27 17:21:35.801  5106  5822 I global  :  RENO - ChassisWith4Motors.rotate(ChassisWith4Motors.java:362): Positions: FL = 368, FR = 374, BL = 387, BR = 391
11-27 17:21:35.802  5106  5832 I global  :  RENO - ObjectDetection.conePositionDetect(ObjectDetection.java:213): Pixel values(0, 43) = 22025.36
11-27 17:21:35.802  5106  5822 I global  :  RENO - ChassisWith4Motors.rotate(ChassisWith4Motors.java:364): Powers: FL = -0.23, FR = 0.23, BL = -0.14, BR = 0.11
11-27 17:21:35.803  5106  5832 I global  :  RENO - ObjectDetection.conePositionDetect(ObjectDetection.java:213): Pixel values(0, 44) = 22155.42
11-27 17:21:35.804  5106  5832 I global  :  RENO - ObjectDetection.conePositionDetect(ObjectDetection.java:213): Pixel values(0, 45) = 22294.25
11-27 17:21:35.806  5106  5832 I global  :  RENO - ObjectDetection.conePositionDetect(ObjectDetection.java:213): Pixel values(0, 46) = 22439.71
11-27 17:21:35.807  5106  5832 I global  :  RENO - ObjectDetection.conePositionDetect(ObjectDetection.java:213): Pixel values(0, 47) = 22594.43
11-27 17:21:35.808  5106  5832 I global  :  RENO - ObjectDetection.conePositionDetect(ObjectDetection.java:213): Pixel values(0, 48) = 22761.63
11-27 17:21:35.809  5106  5832 I global  :  RENO - ObjectDetection.conePositionDetect(ObjectDetection.java:213): Pixel values(0, 49) = 22940.36
11-27 17:21:35.810  5106  5832 I global  :  RENO - ObjectDetection.conePositionDetect(ObjectDetection.java:213): Pixel values(0, 50) = 23130.39
11-27 17:21:35.811  5106  5832 I global  :  RENO - ObjectDetection.conePositionDetect(ObjectDetection.java:213): Pixel values(0, 51) = 23330.29
11-27 17:21:35.812  5106  5832 I global  :  RENO - ObjectDetection.conePositionDetect(ObjectDetection.java:213): Pixel values(0, 52) = 23529.74
11-27 17:21:35.813  5106  5832 I global  :  RENO - ObjectDetection.conePositionDetect(ObjectDetection.java:213): Pixel values(0, 53) = 23734.61
11-27 17:21:35.815  5106  5832 I global  :  RENO - ObjectDetection.conePositionDetect(ObjectDetection.java:213): Pixel values(0, 54) = 23946.61
11-27 17:21:35.816  5106  5832 I global  :  RENO - ObjectDetection.conePositionDetect(ObjectDetection.java:213): Pixel values(0, 55) = 24150.84
11-27 17:21:35.817  5106  5832 I global  :  RENO - ObjectDetection.conePositionDetect(ObjectDetection.java:213): Pixel values(0, 56) = 24354.71
11-27 17:21:35.817  5106  5822 I global  :  RENO - ChassisWith4Motors.rotate(ChassisWith4Motors.java:362): Positions: FL = 374, FR = 377, BL = 391, BR = 393
11-27 17:21:35.818  5106  5832 I global  :  RENO - ObjectDetection.conePositionDetect(ObjectDetection.java:213): Pixel values(0, 57) = 24573.02
11-27 17:21:35.818  5106  5822 I global  :  RENO - ChassisWith4Motors.rotate(ChassisWith4Motors.java:364): Powers: FL = -0.23, FR = 0.23, BL = -0.13, BR = 0.12
11-27 17:21:35.819  5106  5832 I global  :  RENO - ObjectDetection.conePositionDetect(ObjectDetection.java:213): Pixel values(0, 58) = 24804.16
11-27 17:21:35.820  5106  5832 I global  :  RENO - ObjectDetection.conePositionDetect(ObjectDetection.java:213): Pixel values(0, 59) = 25043.27
11-27 17:21:35.821  5106  5832 I global  :  RENO - ObjectDetection.conePositionDetect(ObjectDetection.java:213): Pixel values(0, 60) = 25281.08
11-27 17:21:35.822  5106  5832 I global  :  RENO - ObjectDetection.conePositionDetect(ObjectDetection.java:213): Pixel values(0, 61) = 25526.60
11-27 17:21:35.823  5106  5832 I global  :  RENO - ObjectDetection.conePositionDetect(ObjectDetection.java:213): Pixel values(0, 62) = 25788.67
11-27 17:21:35.825  5106  5832 I global  :  RENO - ObjectDetection.conePositionDetect(ObjectDetection.java:213): Pixel values(0, 63) = 26066.00
11-27 17:21:35.826  5106  5832 I global  :  RENO - ObjectDetection.conePositionDetect(ObjectDetection.java:213): Pixel values(0, 64) = 26348.65
11-27 17:21:35.826  5106  5832 I global  :  RENO - ObjectDetection.conePositionDetect(ObjectDetection.java:213): Pixel values(0, 65) = 26632.11
11-27 17:21:35.827  5106  5832 I global  :  RENO - ObjectDetection.conePositionDetect(ObjectDetection.java:213): Pixel values(0, 66) = 26917.31
11-27 17:21:35.828  5106  5832 I global  :  RENO - ObjectDetection.conePositionDetect(ObjectDetection.java:213): Pixel values(0, 67) = 27199.31
11-27 17:21:35.829  5106  5832 I global  :  RENO - ObjectDetection.conePositionDetect(ObjectDetection.java:213): Pixel values(0, 68) = 27477.92
11-27 17:21:35.830  5106  5832 I global  :  RENO - ObjectDetection.conePositionDetect(ObjectDetection.java:213): Pixel values(0, 69) = 27746.53
11-27 17:21:35.831  5106  5832 I global  :  RENO - ObjectDetection.conePositionDetect(ObjectDetection.java:213): Pixel values(0, 70) = 28003.62
11-27 17:21:35.832  5106  5832 I global  :  RENO - ObjectDetection.conePositionDetect(ObjectDetection.java:213): Pixel values(0, 71) = 28228.76
11-27 17:21:35.833  5106  5832 I global  :  RENO - ObjectDetection.conePositionDetect(ObjectDetection.java:213): Pixel values(0, 72) = 28405.54
11-27 17:21:35.834  5106  5822 I global  :  RENO - ChassisWith4Motors.rotate(ChassisWith4Motors.java:362): Positions: FL = 379, FR = 379, BL = 394, BR = 396
11-27 17:21:35.835  5106  5832 I global  :  RENO - ObjectDetection.conePositionDetect(ObjectDetection.java:213): Pixel values(0, 73) = 28533.59
11-27 17:21:35.835  5106  5822 I global  :  RENO - ChassisWith4Motors.rotate(ChassisWith4Motors.java:364): Powers: FL = -0.23, FR = 0.23, BL = -0.14, BR = 0.13
11-27 17:21:35.836  5106  5832 I global  :  RENO - ObjectDetection.conePositionDetect(ObjectDetection.java:213): Pixel values(0, 74) = 28631.85
11-27 17:21:35.837  5106  5832 I global  :  RENO - ObjectDetection.conePositionDetect(ObjectDetection.java:213): Pixel values(0, 75) = 28710.62
11-27 17:21:35.838  5106  5832 I global  :  RENO - ObjectDetection.conePositionDetect(ObjectDetection.java:213): Pixel values(0, 76) = 28760.57
11-27 17:21:35.839  5106  5832 I global  :  RENO - ObjectDetection.conePositionDetect(ObjectDetection.java:213): Pixel values(0, 77) = 28789.52
11-27 17:21:35.840  5106  5832 I global  :  RENO - ObjectDetection.conePositionDetect(ObjectDetection.java:213): Pixel values(0, 78) = 28805.76
11-27 17:21:35.841  5106  5832 I global  :  RENO - ObjectDetection.conePositionDetect(ObjectDetection.java:213): Pixel values(0, 79) = 28808.85
11-27 17:21:35.842  5106  5832 I global  :  RENO - ObjectDetection.conePositionDetect(ObjectDetection.java:213): Pixel values(0, 80) = 28800.26
11-27 17:21:35.843  5106  5832 I global  :  RENO - ObjectDetection.conePositionDetect(ObjectDetection.java:213): Pixel values(0, 81) = 28781.35
