11-17 20:26:03.243  8754  9065 I global  :  RENO - AutonomousRight.rotate(AutonomousRight.java:531): Autonomous - Powers: FL = -0.18, FR = 0.21, BL = -0.19, BR = 0.20
11-17 20:26:03.254  8754  9065 I global  :  RENO - AutonomousRight.rotate(AutonomousRight.java:520): Autonomous - Positions: FL = -424, FR = 421, BL = -424, BR = 423
11-17 20:26:03.258  8754  9065 I global  :  RENO - AutonomousRight.rotate(AutonomousRight.java:531): Autonomous - Powers: FL = -0.19, FR = 0.22, BL = -0.19, BR = 0.20
11-17 20:26:03.267  8754  9065 I global  :  RENO - AutonomousRight.rotate(AutonomousRight.java:520): Autonomous - Positions: FL = -428, FR = 426, BL = -429, BR = 427
11-17 20:26:03.273  8754  9065 I global  :  RENO - AutonomousRight.rotate(AutonomousRight.java:531): Autonomous - Powers: FL = -0.19, FR = 0.21, BL = -0.18, BR = 0.20
11-17 20:26:03.282  8754  9065 I global  :  RENO - AutonomousRight.rotate(AutonomousRight.java:520): Autonomous - Positions: FL = -432, FR = 430, BL = -433, BR = 431
11-17 20:26:03.287  8754  9065 I global  :  RENO - AutonomousRight.rotate(AutonomousRight.java:531): Autonomous - Powers: FL = -0.19, FR = 0.21, BL = -0.18, BR = 0.20
11-17 20:26:03.298  8754  9065 I global  :  RENO - AutonomousRight.rotate(AutonomousRight.java:520): Autonomous - Positions: FL = -436, FR = 434, BL = -436, BR = 436
11-17 20:26:03.303  8754  9065 I global  :  RENO - AutonomousRight.rotate(AutonomousRight.java:531): Autonomous - Powers: FL = -0.19, FR = 0.21, BL = -0.19, BR = 0.19
11-17 20:26:03.322  8754  9065 I global  :  RENO - AutonomousRight.rotate(AutonomousRight.java:546): Autonomous - Rotation angle is 44.19.
11-17 20:26:03.634  8754  9065 I global  :  RENO - AutonomousRight.rotate(AutonomousRight.java:556): Autonomous - IMU angle after turn is 91.13.
11-17 20:26:03.641  8754  9065 I global  :  RENO - AutonomousRight.robotRunToPosition(AutonomousRight.java:349): Autonomous - Required moving distance -0.00.
11-17 20:26:03.643  8754  9065 I global  :  RENO - AutonomousRight.autonomousCore(AutonomousRight.java:807): Autonomous - Arrived at parking lot aisle: 0.00
11-17 20:26:03.647  8754  9065 I global  :  RENO - AutonomousRight.autonomousCore(AutonomousRight.java:809): Autonomous - imu angle is: 91.13
11-17 20:26:04.172  8754  9065 I global  :  RENO - AutonomousRight.autonomousCore(AutonomousRight.java:811): Autonomous - slider lowered to ground.
11-17 20:26:04.173  8754  9065 I global  :  RENO - AutonomousRight.autonomousCore(AutonomousRight.java:812): Autonomous - Autonomous complete.
11-17 20:26:04.174  8754  9065 I global  :  RENO - AutonomousRight.runOpMode(AutonomousRight.java:280): Autonomous - total Run Time: 28.4095 seconds
11-17 20:26:04.220  8754  9065 D LinearOpModeHelper: User runOpModeMethod exited
11-17 20:26:04.221  8754  9065 V RobotCore: thread: ...terminating 'LinearOpMode main'
11-17 20:26:04.225  8754  8912 I FtcEventLoop: auto-stopping OpMode 'AutonomousRight'
11-17 20:26:04.228  8754  8912 I RobotCore: ******************** STOP - OPMODE /storage/emulated/0/FIRST/matchlogs/Match-0-AutonomousRight.txt ********************
11-17 20:26:04.235  8754  9155 I RobotCore: saving match logcat to /storage/emulated/0/FIRST/matchlogs/Match-0-AutonomousRight.txt
11-17 20:26:04.235  8754  9155 I RobotCore: logging command line: exec logcat -d -T '11-17 20:25:31.000' -f '/storage/emulated/0/FIRST/matchlogs/Match-0-AutonomousRight.txt' -n4 -v threadtime UsbRequestJNI:S UsbRequest:S art:W ThreadPool:W System:W ExtendedExtractor:W OMXClient:W MediaPlayer:W dalvikvm:W  *:V
11-17 20:26:04.245  8754  8912 I RobotCore: Attempting to switch to op mode $Stop$Robot$
11-17 20:26:04.284  8754  8888 V Robocol : sending CMD_NOTIFY_INIT_OP_MODE(1209), attempt: 0
11-17 20:26:04.314  8754  8885 V Robocol : received command: CMD_RUN_OP_MODE(11174) $Stop$Robot$
11-17 20:26:04.325  8754  8888 V Robocol : sending CMD_NOTIFY_RUN_OP_MODE(1215), attempt: 0
11-17 20:26:04.347  8754  9155 I RobotCore: Done running exec logcat -d -T '11-17 20:25:31.000' -f '/storage/emulated/0/FIRST/matchlogs/Match-0-AutonomousRight.txt' -n4 -v threadtime UsbRequestJNI:S UsbRequest:S art:W ThreadPool:W System:W ExtendedExtractor:W OMXClient:W MediaPlayer:W dalvikvm:W  *:V
11-17 20:26:04.347  8754  9155 I RobotCore: exiting match logcat for /storage/emulated/0/FIRST/matchlogs/Match-0-AutonomousRight.txt
11-17 20:27:39.036  8754  8885 V Robocol : received command: CMD_INIT_OP_MODE(12455) $Stop$Robot$
11-17 20:27:39.049  8754  8912 I RobotCore: Attempting to switch to op mode $Stop$Robot$
11-17 20:27:39.085  8754  8888 V Robocol : sending CMD_NOTIFY_INIT_OP_MODE(2497), attempt: 0
11-17 20:27:39.324  8754  8888 V Robocol : sending CMD_NOTIFY_INIT_OP_MODE(2497), attempt: 1
11-17 20:27:39.337  8754  8887 E Robocol : exception SocketTimeoutException(Receive timed out): no packet received [java.net.PlainDatagramSocketImpl.receive0(Native Method)]
11-17 20:27:39.565  8754  8888 V Robocol : sending CMD_NOTIFY_INIT_OP_MODE(2497), attempt: 2
11-17 20:27:39.805  8754  8888 V Robocol : sending CMD_NOTIFY_INIT_OP_MODE(2497), attempt: 3
11-17 20:27:40.045  8754  8888 V Robocol : sending CMD_NOTIFY_INIT_OP_MODE(2497), attempt: 4
11-17 20:27:40.284  8754  8888 V Robocol : sending CMD_NOTIFY_INIT_OP_MODE(2497), attempt: 5
11-17 20:27:40.524  8754  8888 V Robocol : sending CMD_NOTIFY_INIT_OP_MODE(2497), attempt: 6
11-17 20:27:40.764  8754  8888 V Robocol : sending CMD_NOTIFY_INIT_OP_MODE(2497), attempt: 7
11-17 20:27:41.005  8754  8888 V Robocol : sending CMD_NOTIFY_INIT_OP_MODE(2497), attempt: 8
11-17 20:27:41.046  8754  8888 V UpdateUI: Network: active, disconnected
11-17 20:27:41.046  8754  8888 I EventLoopManager: Lost connection while running op mode: $Stop$Robot$
11-17 20:27:41.046  8754  8888 V NetworkConnectionHandler: Peer connection lost
11-17 20:27:41.153  8754  8891 V SoundInfo: construct(0x0bffaed7)
11-17 20:27:41.176  8754  8890 I MediaCodec: callingProcessName:com.qualcomm.ftcrobotcontroller
11-17 20:27:41.179  8754  9433 I ACodec  : onAllocateComponent:6752 mSoftCodecPref:0 componentName:
11-17 20:27:41.180  8754  9433 I ACodec  : onAllocateComponent:6783 mSoftCodecPref:0 componentName:OMX.google.raw.decoder
11-17 20:27:41.206  8754  8793 D SoundPlayer: onLoadComplete(samp=3|ms=901, samp=3)=0
11-17 20:27:41.207  8754  8891 W AudioTrack: AUDIO_OUTPUT_FLAG_FAST denied by client; transfer 4, track 48000 Hz, output 44100 Hz
11-17 20:27:41.213  8754  8891 D SoundPlayer: playing volume=0.000000 samp=3|ms=901
11-17 20:27:41.549  8754  8912 I RobotCore: Attempting to switch to op mode $Stop$Robot$
11-17 20:27:42.470  8754  8825 V FtcWebSocket: Opening websocket (ip=192.168.43.107/192.168.43.107 port=8081)
11-17 20:27:42.472  8754  9439 I RobotCore: password
11-17 20:27:42.477  8754  8825 V WebSocketManager: Subscribed websocket (ip=192.168.43.107/192.168.43.107 port=8081) to namespace (ControlHubUpdater)
11-17 20:27:42.480  8754  8825 V WebSocketManager: Subscribed websocket (ip=192.168.43.107/192.168.43.107 port=8081) to namespace (progress)
11-17 20:27:42.578  8754  9423 V ProgrammingModeManager: serve uri=/css/colors.less
--------- beginning of main
12-31 18:00:14.386   986   986 V OnBotJava: ctor()...
12-31 18:00:14.388   986   986 V OnBotJava: ...ctor()
12-31 18:00:14.392   986   986 I PermissionValidatorActivity: Lifecycle onCreate : 96994aa
12-31 18:00:14.399   986   986 I PermissionValidatorActivity: Lifecycle onStart : 96994aa
12-31 18:00:14.399   986   986 I PermissionValidator: Checking permission for android.permission.WRITE_EXTERNAL_STORAGE
12-31 18:00:14.400   986   986 I PermissionValidator:     Granted: android.permission.WRITE_EXTERNAL_STORAGE
12-31 18:00:14.400   986   986 I PermissionValidator: Checking permission for android.permission.READ_EXTERNAL_STORAGE
12-31 18:00:14.401   986   986 I PermissionValidator:     Granted: android.permission.READ_EXTERNAL_STORAGE
12-31 18:00:14.401   986   986 I PermissionValidator: Checking permission for android.permission.CAMERA
12-31 18:00:14.402   986   986 I PermissionValidator:     Granted: android.permission.CAMERA
12-31 18:00:14.402   986   986 I PermissionValidator: Checking permission for android.permission.ACCESS_COARSE_LOCATION
12-31 18:00:14.403   986   986 I PermissionValidator:     Granted: android.permission.ACCESS_COARSE_LOCATION
12-31 18:00:14.403   986   986 I PermissionValidator: Checking permission for android.permission.ACCESS_FINE_LOCATION
12-31 18:00:14.404   986   986 I PermissionValidator:     Granted: android.permission.ACCESS_FINE_LOCATION
12-31 18:00:14.404   986   986 I PermissionValidator: Checking permission for android.permission.READ_PHONE_STATE
12-31 18:00:14.405   986   986 I PermissionValidator:     Granted: android.permission.READ_PHONE_STATE
12-31 18:00:14.406   986   986 V ServiceStarter: attempting to start service MediaTransferProtocolMonitorService
12-31 18:00:14.407   986   986 V ServiceStarter: started service MediaTransferProtocolMonitorService
12-31 18:00:14.408   986   986 V ServiceStarter: attempting to start service OnBotJavaService
12-31 18:00:14.409   986   986 V ServiceStarter: started service OnBotJavaService
12-31 18:00:14.409   986   986 I PermissionValidatorActivity: All permissions validated.  Starting RobotController
12-31 18:00:14.418   986   986 V MTPMonitorService: onStartCommand() intent=Intent { cmp=com.qualcomm.ftcrobotcontroller/org.firstinspires.ftc.robotcore.internal.files.MediaTransferProtocolMonitorService } flags=0x0 startId=2
12-31 18:00:14.422   986   986 V MTPMonitor: observing: /storage/emulated/0
12-31 18:00:14.453   986   986 W FileObserverManager: upgrading mask: path=/storage/emulated/0/FIRST/java/control old=0x00000ffc new=0x00004ffc: might possibly miss event
12-31 18:00:14.479   986   986 V OnBotJavaService: onStartCommand() intent=Intent { cmp=com.qualcomm.ftcrobotcontroller/org.firstinspires.ftc.onbotjava.OnBotJavaService } flags=0x0 startId=2
12-31 18:00:14.479   986   986 V OnBotJava: ctor()...
12-31 18:00:14.480   986   986 W FileObserverManager: upgrading mask: path=/storage/emulated/0/FIRST/java/control/buildRequest.txt old=0x00000ffc new=0x00000ffe: might possibly miss event
12-31 18:00:14.481   986   986 V OnBotJava: ...ctor()
12-31 18:00:14.492   986   986 V RCActivity: Permissions validated already
12-31 18:00:14.492   986   986 V RCActivity: onCreate()
12-31 18:00:14.494   986   986 V RCActivity: rootActivity is of class PermissionValidatorWrapper
12-31 18:00:14.495   986   986 V RCActivity: launchActivity is of class class org.firstinspires.ftc.robotcontroller.internal.PermissionValidatorWrapper
12-31 18:00:14.505   986  1085 V CallbackLooper: thread=31
12-31 18:00:14.533   986   986 V NetDiscover_wifiDirectAgent: doStart()...
12-31 18:00:14.539   986   986 V NetDiscover_wifiDirectAgent: ...doStart()
12-31 18:00:14.539   986   986 V NetDiscover_prefremrc: ----- all preferences -----
12-31 18:00:14.540   986   986 V NetDiscover_prefremrc: name='android.permission.READ_PHONE_STATE' value=false
12-31 18:00:14.540   986   986 V NetDiscover_prefremrc: name='pref_autostarted_robot_controller' value=true
12-31 18:00:14.541   986   986 V NetDiscover_prefremrc: name='pref_warn_about_obsolete_software' value=true
12-31 18:00:14.541   986   986 V NetDiscover_prefremrc: name='pref_has_independent_phone_battery' value=false
12-31 18:00:14.541   986   986 V NetDiscover_prefremrc: name='android.permission.CAMERA' value=false
12-31 18:00:14.541   986   986 V NetDiscover_prefremrc: name='pref_wifip2p_remote_channel_change_works' value=false
12-31 18:00:14.541   986   986 V NetDiscover_prefremrc: name='pref_hardware_config_filename' value={"isDirty":false,"location":"LOCAL_STORAGE","name":"Error418Test6dcCamera","resourceId":0}
12-31 18:00:14.541   986   986 V NetDiscover_prefremrc: name='pref_warn_about_mismatched_app_versions' value=true
12-31 18:00:14.541   986   986 V NetDiscover_prefremrc: name='pref_sound_on_off' value=false
12-31 18:00:14.541   986   986 V NetDiscover_prefremrc: name='pref_ftc_season_year_of_current_rc_new' value=2022
12-31 18:00:14.541   986   986 V NetDiscover_prefremrc: name='App Restrictions' value=AAAAAA==
12-31 18:00:14.541   986   986 V NetDiscover_prefremrc:     
12-31 18:00:14.542   986   986 V NetDiscover_prefremrc: name='pref_warn_about_incorrect_clocks' value=true
12-31 18:00:14.542   986   986 V NetDiscover_prefremrc: name='pref_has_speaker' value=false
12-31 18:00:14.542   986   986 V NetDiscover_prefremrc: name='pref_ftc_season_year_of_current_rc' value=2022
12-31 18:00:14.542   986   986 V NetDiscover_prefremrc: name='android.permission.ACCESS_COARSE_LOCATION' value=false
12-31 18:00:14.542   986   986 V NetDiscover_prefremrc: name='android.permission.WRITE_EXTERNAL_STORAGE' value=false
12-31 18:00:14.542   986   986 V NetDiscover_prefremrc: name='pref_connection_owner_password' value=password
12-31 18:00:14.542   986   986 V NetDiscover_prefremrc: name='pref_pairing_kind' value=RCWIRELESSAP
12-31 18:00:14.542   986   986 V NetDiscover_prefremrc: name='pref_device_name_internal' value=FTC-eE8w
12-31 18:00:14.542   986   986 V NetDiscover_prefremrc: name='pref_app_theme' value=red
12-31 18:00:14.543   986   986 V NetDiscover_prefremrc: name='android.permission.ACCESS_FINE_LOCATION' value=false
12-31 18:00:14.543   986   986 V NetDiscover_prefremrc: name='pref_device_name' value=FTC-eE8w
12-31 18:00:14.543   986   986 V NetDiscover_prefremrc: name='pref_warn_about_2_4_ghz_band' value=true
12-31 18:00:14.543   986   986 V NetDiscover_prefremrc: name='pref_device_name_tracking' value=WIFIAP
12-31 18:00:14.543   986   986 V NetDiscover_prefremrc: name='android.permission.READ_EXTERNAL_STORAGE' value=false
12-31 18:00:14.543   986   986 V NetDiscover_prefremrc: name='pref_rc_connected' value=true
12-31 18:00:14.559   986   986 V Robocol : SendOnceRunnable created
12-31 18:00:14.570   986   986 V NetDiscover_prefremrc: doStart()...
12-31 18:00:14.570   986   986 V NetDiscover_prefremrc: ...doStart()
12-31 18:00:14.619   986   986 W System  : ClassLoader referenced unknown path: /system/app/webview/lib/arm
12-31 18:00:14.620   986   986 D ApplicationLoaders: ignored Vulkan layer search path /system/app/webview/lib/arm:/system/app/webview/webview.apk!/lib/armeabi-v7a:/system/lib:/vendor/lib for namespace 0xf7042090
12-31 18:00:14.624   986   986 I WebViewFactory: Loading com.android.webview version 52.0.2743.100 (code 275610050)
12-31 18:00:14.737   986   986 I cr_LibraryLoader: Time to load native libraries: 84 ms (timestamps 4653-4737)
12-31 18:00:14.737   986   986 I cr_LibraryLoader: Expected native library version number "52.0.2743.100", actual native library version number "52.0.2743.100"
12-31 18:00:14.764   986   986 V WebViewChromiumFactoryProvider: Binding Chromium to main looper Looper (main, tid 1) {7e4f37}
12-31 18:00:14.764   986   986 I cr_LibraryLoader: Expected native library version number "52.0.2743.100", actual native library version number "52.0.2743.100"
12-31 18:00:14.788   986   986 I chromium: [INFO:library_loader_hooks.cc(143)] Chromium logging enabled: level = 0, default verbosity = 0
12-31 18:00:14.810   986   986 I cr_BrowserStartup: Initializing chromium process, singleProcess=true
12-31 18:00:14.858   986   986 I mali_so : [File] : hardware/rockchip/driver/./src/base/arch/arch_011_udd/base_arch_main.c; [Line] : 565; [Func] : deal_with_version_affairs_rk_ext;
12-31 18:00:14.858   986   986 I mali_so : arm_release_ver of this mali_so is 'r7p0-00rel1', rk_so_ver is '1@2' for 3328h_android_7.1, built at '15:47:49', on 'Jun 28 2017'.
12-31 18:00:14.858   986   986 I mali_so : [File] : hardware/rockchip/driver/./src/base/arch/arch_011_udd/base_arch_main.c; [Line] : 578; [Func] : deal_with_version_affairs_rk_ext;
12-31 18:00:14.858   986   986 I mali_so : mali_ver_property has been set to 'r7p0-00rel1-5-1@2', to return.
12-31 18:00:14.967   986   986 I cr_DRP  : No DRP key due to exception:java.lang.ClassNotFoundException: com.android.webview.chromium.Drp
12-31 18:00:15.028   986   986 W cr_AwContents: onDetachedFromWindow called when already detached. Ignoring
12-31 18:00:15.302   986   986 W System  : ClassLoader referenced unknown path: 
12-31 18:00:15.344   986   986 W ClassManager: com.journeyapps.barcodescanner.ScanContract java.lang.ClassNotFoundException: com.journeyapps.barcodescanner.ScanContract
12-31 18:00:15.349   986   986 E ClassManager: java.lang.ClassNotFoundException: com.journeyapps.barcodescanner.ScanContract
12-31 18:00:15.350   986   986 E ClassManager: 	at java.lang.Class.classForName(Native Method)
12-31 18:00:15.352   986   986 E ClassManager: 	at java.lang.Class.forName(Class.java:400)
12-31 18:00:15.355   986   986 E ClassManager: 	at org.firstinspires.ftc.robotcore.internal.opmode.ClassManager.classNamesToClasses(ClassManager.java:215)
12-31 18:00:15.357   986   986 E ClassManager: 	at org.firstinspires.ftc.robotcore.internal.opmode.ClassManager.processAllClasses(ClassManager.java:258)
12-31 18:00:15.358   986   986 E ClassManager: 	at com.qualcomm.ftccommon.ClassManagerFactory.processAllClasses(ClassManagerFactory.java:94)
12-31 18:00:15.359   986   986 E ClassManager: 	at org.firstinspires.ftc.robotcontroller.internal.FtcRobotControllerActivity.onCreate(FtcRobotControllerActivity.java:356)
12-31 18:00:15.360   986   986 E ClassManager: 	at android.app.Activity.performCreate(Activity.java:6709)
12-31 18:00:15.360   986   986 E ClassManager: 	at android.app.Instrumentation.callActivityOnCreate(Instrumentation.java:1118)
12-31 18:00:15.361   986   986 E ClassManager: 	at android.app.ActivityThread.performLaunchActivity(ActivityThread.java:2619)
12-31 18:00:15.361   986   986 E ClassManager: 	at android.app.ActivityThread.handleLaunchActivity(ActivityThread.java:2727)
12-31 18:00:15.362   986   986 E ClassManager: 	at android.app.ActivityThread.-wrap12(ActivityThread.java)
12-31 18:00:15.362   986   986 E ClassManager: 	at android.app.ActivityThread$H.handleMessage(ActivityThread.java:1478)
12-31 18:00:15.363   986   986 E ClassManager: 	at android.os.Handler.dispatchMessage(Handler.java:102)
12-31 18:00:15.364   986   986 E ClassManager: 	at android.os.Looper.loop(Looper.java:154)
12-31 18:00:15.364   986   986 E ClassManager: 	at android.app.ActivityThread.main(ActivityThread.java:6121)
12-31 18:00:15.365   986   986 E ClassManager: 	at java.lang.reflect.Method.invoke(Native Method)
12-31 18:00:15.365   986   986 E ClassManager: 	at com.android.internal.os.ZygoteInit$MethodAndArgsCaller.run(ZygoteInit.java:905)
12-31 18:00:15.366   986   986 E ClassManager: 	at com.android.internal.os.ZygoteInit.main(ZygoteInit.java:795)
12-31 18:00:15.369   986   986 E ClassManager: Caused by: java.lang.ClassNotFoundException: Didn't find class "com.journeyapps.barcodescanner.ScanContract" on path: DexPathList[[],nativeLibraryDirectories=[/system/lib, /vendor/lib]]
12-31 18:00:15.369   986   986 E ClassManager: 	at dalvik.system.BaseDexClassLoader.findClass(BaseDexClassLoader.java:56)
12-31 18:00:15.370   986   986 E ClassManager: 	at java.lang.ClassLoader.loadClass(ClassLoader.java:380)
12-31 18:00:15.370   986   986 E ClassManager: 	at java.lang.ClassLoader.loadClass(ClassLoader.java:312)
12-31 18:00:15.371   986   986 E ClassManager: 	... 18 more
12-31 18:00:17.167   986   986 V UpdateUI: Network: inactive, disconnected
12-31 18:00:17.168   986   986 V ServiceStarter: attempting to start service FtcRobotControllerWatchdogService
12-31 18:00:17.171   986   986 V ServiceStarter: started service FtcRobotControllerWatchdogService
12-31 18:00:17.192   986   986 I RobotCore: App info: version=8.0.0 appId=com.qualcomm.ftcrobotcontroller
12-31 18:00:17.192   986   986 I RobotCore: Android Device: maker=REV Robotics model=Control Hub v1.0 sdk=25 serial=caade241cd00a884
12-31 18:00:17.192   986   986 V AndroidBoard: REV Control Hub contains REV3328
12-31 18:00:17.192   986   986 V AndroidBoard: Communicating with embedded REV hub via /dev/ttyS1
12-31 18:00:17.194   986   986 V RCActivity: onStart()
12-31 18:00:17.198   986   986 V RCActivity: onResume()
12-31 18:00:17.220   986   986 V NetDiscover_prefremrc: onSharedPreferenceChanged(name=App Restrictions, value=AAAAAA==
12-31 18:00:17.220   986   986 V NetDiscover_prefremrc: )
12-31 18:00:17.235   986   986 V FtcRobotControllerWatchdogService: onCreate()
12-31 18:00:17.236   986   986 V FtcRobotControllerWatchdogService: onStartCommand() intent=Intent { cmp=com.qualcomm.ftcrobotcontroller/org.firstinspires.ftc.ftccommon.internal.FtcRobotControllerWatchdogService } flags=0x0 startId=1
12-31 18:00:17.236   986   986 V FtcRobotControllerWatchdogService: shouldAutoLauchRobotController() result=true
12-31 18:00:17.237   986   986 V FTCService: onCreate()
12-31 18:00:17.274   986   986 W art     : Before Android 4.1, method double java.util.concurrent.ThreadLocalRandom.internalNextDouble(double, double) would have incorrectly overridden the package-private method in java.util.Random
12-31 18:00:17.274   986   986 W art     : Before Android 4.1, method int java.util.concurrent.ThreadLocalRandom.internalNextInt(int, int) would have incorrectly overridden the package-private method in java.util.Random
12-31 18:00:17.274   986   986 W art     : Before Android 4.1, method long java.util.concurrent.ThreadLocalRandom.internalNextLong(long, long) would have incorrectly overridden the package-private method in java.util.Random
12-31 18:00:17.314   986   986 V FTCService: onBind()
12-31 18:00:17.344   986   986 V CoreRobotWebServer: creating NanoHTTPD(8080)
12-31 18:00:17.351   986   986 V WebSocketManager: Registered broadcast-only namespace progress
12-31 18:00:17.357   986   986 V WebSocketManager: Registered handler for namespace ControlHubUpdater
12-31 18:00:17.358   986   986 V RobotCore: Getting network assistant of type: RCWIRELESSAP
12-31 18:00:17.360   986   986 I RobotControllerAccessPointAssistant: Enabling network services
12-31 18:00:17.362   986   986 I RobotControllerAccessPointAssistant: Sending SSID and password to AP service
12-31 18:00:17.363   986   986 I RobotCore: password
12-31 18:00:17.364   986   986 D RobotControllerAccessPointAssistant: setNetworkProperties(deviceName=FTC-eE8w, password=password, ApChannel=null) sendSettingsIndividually=false
12-31 18:00:17.364   986   986 I NetDiscover_ControlHubNameManager: Robot controller name: FTC-eE8w
12-31 18:00:17.364   986   986 I ControlHubPasswordManager: Robot controller password: password
12-31 18:00:17.364   986   986 D RobotControllerAccessPointAssistant: Sending bulk settings broadcast intent
12-31 18:00:17.435   986  1118 I OpenGLRenderer: Initialized EGL, version 1.4
12-31 18:00:17.435   986  1118 D OpenGLRenderer: Swap behavior 1
12-31 18:00:17.441   986   986 I RobotControllerAccessPointAssistant: Wi-Fi state change:, wifiApState: 13
12-31 18:00:17.442   986   986 I FTCService: onNetworkConnectionEvent: CONNECTION_INFO_AVAILABLE
12-31 18:00:17.442   986   986 I RobotCore: password
12-31 18:00:17.442   986   986 I FTCService: Network Connection Passphrase: password
12-31 18:00:17.443   986   986 V CoreRobotWebServer: starting port=8080
12-31 18:00:17.454   986   986 V RobotCore: Getting network assistant of type: RCWIRELESSAP
12-31 18:00:17.457   986   986 V CoreRobotWebServer: started port=8080
12-31 18:00:17.458   986   986 V FTCService: RCActivity.controllerService=bound
12-31 18:00:17.458   986   986 V UpdateUI: Network: active, disconnected
12-31 18:00:17.459   986   986 V RobotCore: Robot Status: stopped
12-31 18:00:17.464   986  1123 V TooTallWebSocketServer: Started WebSocket server on port 8081
12-31 18:00:17.470   986  1126 V RobotCore: thread: 'RobotSetupRunnable.run()' starting...
12-31 18:00:17.470   986  1126 V FTCService: Processing robot setup
12-31 18:00:17.470   986  1126 V RobotCore: Robot Status: stopped, scanning for USB devices
12-31 18:00:17.471   986  1126 I AppAliveNotifier: Telling the OS to set the RC alive notification timeout to 10 seconds
12-31 18:00:17.500   986   986 V WebSocketManager: Registered handler for namespace ONBOTJAVA
12-31 18:00:17.516   986  1118 I [Gralloc]:  ion device open success! fd = 91
12-31 18:00:17.563   986   986 I PermissionValidatorActivity: Lifecycle onDestroy : 96994aa
12-31 18:00:17.564   986   986 V AppUtil : rootActivity=PermissionValidatorWrapper destroyed
12-31 18:00:17.564   986   986 V AppUtil : rootActivity=FtcRobotControllerActivity
12-31 18:00:17.564   986   986 I PermissionValidatorActivity: Lifecycle onDestroy : d5c3651
12-31 18:00:22.482   986  1126 V RobotCore: EventLoopManager state is NOT_STARTED
12-31 18:00:22.483   986  1126 V FTCService: Waiting for a connection to a Wi-Fi service
12-31 18:00:22.483   986  1126 V RobotCore: Robot Status: stopped, waiting for network to become active
12-31 18:00:22.485   986  1126 I RobotControllerAccessPointAssistant: Wi-Fi AP is enabled
12-31 18:00:22.485   986  1126 V CoreRobotWebServer: Asked an already running WebServer to start
12-31 18:00:22.485   986  1126 V RobotCore: Robot Status: stopped, starting robot
12-31 18:00:22.486   986  1126 V Robocol : EventLoopManager.start()
12-31 18:00:22.486   986  1126 V RobotCore: Getting network assistant of type: RCWIRELESSAP
12-31 18:00:22.487   986  1126 I RobotControllerAccessPointAssistant: Wi-Fi AP is enabled
12-31 18:00:22.487   986  1126 V Robocol : Spoofing a Network Connection event...
12-31 18:00:22.487   986  1126 I EventLoopManager: onNetworkConnectionEvent: CONNECTION_INFO_AVAILABLE
12-31 18:00:22.487   986  1126 I Robocol : Received network connection event
12-31 18:00:22.488   986  1126 I RobotControllerAccessPointAssistant: Wi-Fi AP is enabled
12-31 18:00:22.488   986  1126 I NetworkConnectionHandler: Handling new network connection infomation, connected: true setup needed: true
12-31 18:00:22.489   986  1126 I RobotControllerAccessPointAssistant: Wi-Fi AP is enabled
12-31 18:00:25.507   986  1165 V RobotCore: thread: 'SetupRunnable.run()' starting...
12-31 18:00:25.507   986  1126 V RobotCore: EventLoopManager state is STOPPED
12-31 18:00:25.508   986  1126 V Robocol : eventLoop=FtcEventLoop
12-31 18:00:25.508   986  1126 V RobotCore: EventLoopManager state is INIT
12-31 18:00:25.510   986  1126 V RobotCore: Robot Status: initializing, starting robot
12-31 18:00:25.511   986  1126 I FtcEventLoop: ======= INIT START =======
12-31 18:00:25.512   986  1126 V OpmodeRegistration: registered {DefaultOpMode} as {$Stop$Robot$}
12-31 18:00:25.518   986  1165 D Robocol : RobocolDatagramSocket listening addr=/192.168.43.1:20884 cbRec=65520 cbSend=106496 msRecTO=300
12-31 18:00:25.519   986  1165 V Robocol : RecvLoopRunnable created
12-31 18:00:25.522   986  1166 V Robocol : PacketProcessor started
12-31 18:00:25.526   986  1167 V Robocol : CommandProcessor started
12-31 18:00:25.528   986  1168 V RobotCore: thread: 'RecvLoopRunnable.run()' starting...
12-31 18:00:25.531   986  1165 V PeerDiscovery: Starting peer discovery remote: /192.168.43.1 local: /192.168.43.1
12-31 18:00:25.532   986  1165 V PeerDiscovery: No need for initiating peer discovery, we are the Robot Controller
12-31 18:00:25.532   986  1165 V RobotCore: Setup complete
12-31 18:00:25.532   986  1165 V RobotCore: thread: ...terminating 'SetupRunnable.run()'
12-31 18:00:25.792   986  1126 V MD5     : Calculated digest: 9d9a9ed11665dc92c91c475aad54ef94
12-31 18:00:25.792   986  1126 V MD5     : Provided digest: 9d9a9ed11665dc92c91c475aad54ef94
12-31 18:00:25.830   986  1168 E Robocol : exception SocketTimeoutException(Receive timed out): no packet received [java.net.PlainDatagramSocketImpl.receive0(Native Method)]
12-31 18:00:26.438   986  1126 V OpmodeRegistration: registered {TeleopDualDrivers} as {TeleopDualDrivers}
12-31 18:00:26.438   986  1126 V OpmodeRegistration: registered {CameraVuforia} as {Camera}
12-31 18:00:26.438   986  1126 V OpmodeRegistration: registered {ConceptBNO055IMUCalibration} as {POC: IMU Calibration}
12-31 18:00:26.439   986  1126 V OpmodeRegistration: registered {ConceptAutoDriveByGyro} as {POC: Drive By Gyro}
12-31 18:00:26.439   986  1126 V OpmodeRegistration: registered {ConceptAutoDriveCalibration} as {POC: Auto Drive Calibration}
12-31 18:00:26.439   986  1126 V OpmodeRegistration: registered {ConceptFieldNavigation} as {POC - Field Nav}
12-31 18:00:26.440   986  1126 V OpmodeRegistration: registered {ConceptTensorFlowObjectDetection} as {POC: TensorFlow Object Detection}
12-31 18:00:26.441   986  1126 V OpmodeRegistration: registered {ConceptVuforiaLocalization} as {POC - Vuforia Localization}
12-31 18:00:26.441   986  1126 V OpmodeRegistration: registered {ConceptFieldNavigationAuto} as {POC - Field Nav Auto}
12-31 18:00:26.441   986  1126 V OpmodeRegistration: registered {ConceptSignalSleeveIdentification} as {POC: Signal Sleeve}
12-31 18:00:26.442   986  1126 V OpmodeRegistration: registered {Forward} as { Nept-Forward and Turning }
12-31 18:00:26.442   986  1126 V OpmodeRegistration: registered {ConceptBNO055IMU} as {POC: IMU Display}
12-31 18:00:26.443   986  1126 V OpmodeRegistration: registered {ConceptOpenCVSignalSleeveDetection} as {POC - OpenCV Signal Sleeve}
12-31 18:00:26.443   986  1126 V OpmodeRegistration: registered {ConceptFieldNavigationAutoV2} as {POC - Field Nav Encoder}
12-31 18:00:26.444   986  1126 V OpmodeRegistration: registered {ConceptWebcamTest} as {nap: Webcam}
12-31 18:00:26.444   986  1126 V OpmodeRegistration: registered {TensorFlowObjectDetectionWebcam} as {Nap: camera 3}
12-31 18:00:26.445   986  1126 V OpmodeRegistration: registered {TensorFLowWebcam} as {Nap-Camera 2}
12-31 18:00:26.445   986  1126 V OpmodeRegistration: registered {TeleopCalibration} as {TeleopCalibration}
12-31 18:00:26.446   986  1126 V OpmodeRegistration: registered {AutonomousRight} as {AutonomousRight}
12-31 18:00:26.446   986  1126 V OpmodeRegistration: registered {PushbotAutodrive} as {Nep-TestMotor }
12-31 18:00:26.508   986  1126 V FtcEventLoop: Ensuring that the embedded Control Hub module is set up correctly
12-31 18:00:26.513   986  1126 V RobotCore: Creating REV Robotics USB Expansion Hub Portal [(embedded)]
12-31 18:00:26.514   986  1126 V LynxUsb : creating new [(embedded)]: 0x0abb82f4
12-31 18:00:26.518   986  1126 V FtDeviceManager: createDeviceInfoList(): 0 USB devices
12-31 18:00:26.526   986  1126 V RobotUsbManagerCombining: FTDI driver failed to open USB device with serial number (embedded) (returned null device)
12-31 18:00:26.527   986  1126 V SerialPortNative: [SerialPort.cpp:150] opened(/dev/ttyS1): fd=89
12-31 18:00:26.523   986   986 I pRunnable.run(): type=1400 audit(0.0:101): avc: denied { read } for name="ttyS1" dev="tmpfs" ino=5011 scontext=u:r:untrusted_app:s0:c512,c768 tcontext=u:object_r:serial_device:s0 tclass=chr_file permissive=1
12-31 18:00:26.523   986   986 I pRunnable.run(): type=1400 audit(0.0:102): avc: denied { write } for name="ttyS1" dev="tmpfs" ino=5011 scontext=u:r:untrusted_app:s0:c512,c768 tcontext=u:object_r:serial_device:s0 tclass=chr_file permissive=1
12-31 18:00:26.523   986   986 I pRunnable.run(): type=1400 audit(0.0:103): avc: denied { open } for path="/dev/ttyS1" dev="tmpfs" ino=5011 scontext=u:r:untrusted_app:s0:c512,c768 tcontext=u:object_r:serial_device:s0 tclass=chr_file permissive=1
12-31 18:00:26.523   986   986 I pRunnable.run(): type=1400 audit(0.0:104): avc: denied { ioctl } for path="/dev/ttyS1" dev="tmpfs" ino=5011 ioctlcmd=5401 scontext=u:r:untrusted_app:s0:c512,c768 tcontext=u:object_r:serial_device:s0 tclass=chr_file permissive=1
12-31 18:00:26.529   986  1126 V RobotUsbDeviceTTY: opening serial=(embedded) file=/dev/ttyS1
12-31 18:00:26.529   986  1126 V LynxUsb : armDevice() serial=(embedded)...
12-31 18:00:26.529   986  1126 V LynxUsb : resetDevice() serial=(embedded)
12-31 18:00:26.531   986  1126 V LynxModule: resetting embedded usb device: isPresent: was=true
12-31 18:00:26.526   986   986 I pRunnable.run(): type=1400 audit(0.0:105): avc: denied { read } for name="value" dev="sysfs" ino=13327 scontext=u:r:untrusted_app:s0:c512,c768 tcontext=u:object_r:sysfs:s0 tclass=file permissive=1
12-31 18:00:26.526   986   986 I pRunnable.run(): type=1400 audit(0.0:106): avc: denied { open } for path="/sys/devices/pinctrl.26/gpio/gpio50/value" dev="sysfs" ino=13327 scontext=u:r:untrusted_app:s0:c512,c768 tcontext=u:object_r:sysfs:s0 tclass=file permissive=1
12-31 18:00:26.526   986   986 I pRunnable.run(): type=1400 audit(0.0:107): avc: denied { getattr } for path="/sys/devices/pinctrl.26/gpio/gpio50/value" dev="sysfs" ino=13327 scontext=u:r:untrusted_app:s0:c512,c768 tcontext=u:object_r:sysfs:s0 tclass=file permissive=1
12-31 18:00:26.526   986   986 I pRunnable.run(): type=1400 audit(0.0:108): avc: denied { write } for name="value" dev="sysfs" ino=16645 scontext=u:r:untrusted_app:s0:c512,c768 tcontext=u:object_r:sysfs:s0 tclass=file permissive=1
12-31 18:00:26.889   986  1126 V LynxUsb : ...done armDevice()
12-31 18:00:26.890   986  1170 V RobotCore: thread: 'lynx incoming datagrams' starting...
12-31 18:00:26.890   986  1126 V LynxUsb : 0x02e6ee63 on 0x0abb82f4: new delegate to [(embedded)]
12-31 18:00:26.898   986  1126 V LynxUsb : addConfiguredModule() module#=173
12-31 18:00:26.898   986  1126 V LynxModule: pingAndQueryKnownInterfaces mod=173
12-31 18:00:26.907   986  1170 V LynxUsb : synchronization gained: serial=(embedded)
12-31 18:00:26.928   986  1126 V LynxModule: mod#=173 queryInterface(DEKA)=54 commands starting at 4096
12-31 18:00:26.942   986  1126 V LynxModule: sending LynxFtdiResetControlCommand(true) wasInterrupted=false
12-31 18:00:26.947   986  1126 V LynxModule: sendLEDPatternSteps(): steps=[Step(color=65280, msDuration=1000)]
12-31 18:00:26.951   986  1126 V LynxModule: setAsControlHubEmbeddedModule(mod=173)
12-31 18:00:26.952   986  1126 V EmbeddedControlHubModule: setting embedded module
12-31 18:00:26.952   986  1126 V LynxModule: sending LynxFtdiResetControlCommand(false) wasInterrupted=false
12-31 18:00:26.954   986  1126 V LynxModule: close(#173)
12-31 18:00:26.955   986  1126 V LynxUsb : Verified that the embedded Control Hub module has the correct address
12-31 18:00:26.957   986  1126 V LynxUsb : addConfiguredModule() module#=173
12-31 18:00:26.957   986  1126 V LynxModule: pingAndQueryKnownInterfaces mod=173
12-31 18:00:26.971   986  1126 V LynxModule: mod#=173 queryInterface(DEKA)=54 commands starting at 4096
12-31 18:00:26.981   986  1126 V LynxModule: sending LynxFtdiResetControlCommand(true) wasInterrupted=false
12-31 18:00:26.985   986  1126 V LynxModule: sendLEDPatternSteps(): steps=[Step(color=65280, msDuration=1000)]
12-31 18:00:26.989   986  1126 V LynxModule: setAsControlHubEmbeddedModule(mod=173)
12-31 18:00:26.989   986  1126 V EmbeddedControlHubModule: setting embedded module
12-31 18:00:26.990   986  1126 I RobotCore: LynxFirmwareVersionManager: LynxI2cDeviceSynchV2
12-31 18:00:26.990   986  1126 V LynxI2cDeviceSynch: initializeHardware() mod#=173
12-31 18:00:26.991   986  1126 V BHI260IMU: Suppressing I2C warnings while we check for a BHI260AP IMU
12-31 18:00:26.995   986  1126 V BHI260IMU: No BHI260AP IMU found
12-31 18:00:26.996   986  1126 V LynxModule: sending LynxFtdiResetControlCommand(false) wasInterrupted=false
12-31 18:00:26.998   986  1126 V LynxModule: close(#173)
12-31 18:00:26.999   986  1126 V HardwareFactory: createHardwareMap()
12-31 18:00:26.999   986  1126 V EmbeddedControlHubModule: clearing embedded module
12-31 18:00:27.013   986  1126 V ReadXMLFileHandler: embedded lynx USB device is already present
12-31 18:00:27.014   986  1126 V RobotCore: Creating REV Robotics USB Expansion Hub Portal [(embedded)]
12-31 18:00:27.014   986  1126 V LynxUsb : using existing [(embedded)]: 0x0abb82f4
12-31 18:00:27.014   986  1126 V LynxUsb : 0x072e8203 on 0x0abb82f4: new delegate to [(embedded)]
12-31 18:00:27.015   986  1126 V RobotCore: Creating Lynx Module - mod=173 parent=true
12-31 18:00:27.016   986  1126 V RobotCore: Creating Lynx Module - mod=2 parent=false
12-31 18:00:27.018   986  1126 V LynxUsb : addConfiguredModule() module#=173
12-31 18:00:27.018   986  1126 V LynxModule: pingAndQueryKnownInterfaces mod=173
12-31 18:00:27.030   986  1126 V LynxModule: mod#=173 queryInterface(DEKA)=54 commands starting at 4096
12-31 18:00:27.039   986  1126 V LynxModule: sending LynxFtdiResetControlCommand(true) wasInterrupted=false
12-31 18:00:27.044   986  1126 V LynxModule: sendLEDPatternSteps(): steps=[Step(color=65280, msDuration=1000)]
12-31 18:00:27.049   986  1126 V LynxModule: setAsControlHubEmbeddedModule(mod=173)
12-31 18:00:27.050   986  1126 V EmbeddedControlHubModule: setting embedded module
12-31 18:00:27.050   986  1126 V LynxUsb : addConfiguredModule() module#=2
12-31 18:00:27.051   986  1126 V LynxModule: pingAndQueryKnownInterfaces mod=2
12-31 18:00:27.052   986  1173 V LynxModule: received status: LynxGetModuleStatusResponse(status=0x02 alerts=0x00: Reset)
12-31 18:00:27.070   986  1126 V LynxModule: mod#=2 queryInterface(DEKA)=54 commands starting at 4096
12-31 18:00:27.079   986  1126 V LynxModule: sending LynxFtdiResetControlCommand(true) wasInterrupted=false
12-31 18:00:27.080   986  1173 W HubPowerCycle: Expansion Hub 173 regained power after a complete power loss. No user Op Mode was running.
12-31 18:00:27.080   986  1173 V LynxModule: resendCurrentPattern()
12-31 18:00:27.080   986  1173 V LynxModule: sendLEDPatternSteps(): steps=[Step(color=65280, msDuration=1000)]
12-31 18:00:27.087   986  1174 V LynxModule: received status: LynxGetModuleStatusResponse(status=0x02 alerts=0x00: Reset)
12-31 18:00:27.087   986  1174 W HubPowerCycle: Expansion Hub 2 regained power after a complete power loss. No user Op Mode was running.
12-31 18:00:27.087   986  1174 V LynxModule: resendCurrentPattern()
12-31 18:00:27.088   986  1174 V LynxModule: sendLEDPatternSteps(): steps=[]
12-31 18:00:27.090   986  1126 V LynxModule: sendLEDPatternSteps(): steps=[Step(color=65280, msDuration=4500), Step(color=0, msDuration=500), Step(color=255, msDuration=500), Step(color=0, msDuration=500), Step(color=255, msDuration=500), Step(color=0, msDuration=500)]
12-31 18:00:27.105   986  1126 V LynxMotor: initializeHardware() mod#=173
12-31 18:00:27.141   986  1126 V RobotCore: DcMotorImpl(type=goBILDA5202SeriesMotor)
12-31 18:00:27.141   986  1126 V RobotCore: DcMotorImpl(type=goBILDA5202SeriesMotor)
12-31 18:00:27.141   986  1126 V RobotCore: DcMotorImpl(type=goBILDA5202SeriesMotor)
12-31 18:00:27.141   986  1126 V RobotCore: DcMotorImpl(type=goBILDA5202SeriesMotor)
12-31 18:00:27.142   986  1126 V LynxServoController: initializeHardware() mod#=173
12-31 18:00:27.166   986  1126 V LynxVoltageSensor: initializeHardware() mod#=173
12-31 18:00:27.166   986  1126 V LynxAnalogInputController: initializeHardware() mod#=173
12-31 18:00:27.167   986  1126 V LynxDigitalChannelController: initializeHardware() mod#=173
12-31 18:00:27.182   986  1126 V RobotCore: Creating user sensor REV internal IMU (BNO055) - on Lynx module=173 bus=0
12-31 18:00:27.182   986  1126 V RobotCore: Creating I2cDeviceSynch (Lynx) - mod=173 bus=0
12-31 18:00:27.182   986  1126 I RobotCore: LynxFirmwareVersionManager: LynxI2cDeviceSynchV2
12-31 18:00:27.183   986  1126 V LynxI2cDeviceSynch: initializeHardware() mod#=173
12-31 18:00:27.185   986  1126 V RobotCore: Creating user sensor REV 2M Distance Sensor - on Lynx module=173 bus=1
12-31 18:00:27.186   986  1126 V RobotCore: Creating I2cDeviceSynch (Lynx) - mod=173 bus=1
12-31 18:00:27.186   986  1126 I RobotCore: LynxFirmwareVersionManager: LynxI2cDeviceSynchV2
12-31 18:00:27.186   986  1126 V LynxI2cDeviceSynch: initializeHardware() mod#=173
12-31 18:00:27.187   986  1126 V RobotCore: Creating user sensor REV Color Sensor V3 - on Lynx module=173 bus=2
12-31 18:00:27.187   986  1126 I RobotCore: LynxFirmwareVersionManager: LynxI2cDeviceSynchV2
12-31 18:00:27.188   986  1126 V LynxI2cDeviceSynch: initializeHardware() mod#=173
12-31 18:00:27.189   986  1126 I I2C     : Automatically initializing I2C device RevColorSensorV3 USB (embedded); module 173; bus 2; addr7=0x00
12-31 18:00:27.189   986  1126 V BroadcomColorSensorImpl: internalInitialize()...
12-31 18:00:27.197   986  1126 V BroadcomColorSensorImpl: state: 00 36 08 05 22 01 c2 
12-31 18:00:27.197   986  1126 V BroadcomColorSensorImpl: setGain(0x01)
12-31 18:00:27.200   986  1126 V BroadcomColorSensorImpl: setLEDParameters(0x37)
12-31 18:00:27.204   986  1126 V BroadcomColorSensorImpl: setProximityPulseCount(0x20)
12-31 18:00:27.207   986  1126 V BroadcomColorSensorImpl: setPSMeasRate(0x1d)
12-31 18:00:27.211   986  1126 V BroadcomColorSensorImpl: setLSMeasRate(0x42)
12-31 18:00:27.218   986  1126 V BroadcomColorSensorImpl: enable() enabled=0x00...
12-31 18:00:27.225   986  1126 V BroadcomColorSensorImpl: ...enable() enabled=0x07
12-31 18:00:27.229   986  1126 V BroadcomColorSensorImpl: state: 07 37 20 1d 42 01 c2 
12-31 18:00:27.229   986  1126 V BroadcomColorSensorImpl: ...internalInitialize()
12-31 18:00:27.230   986  1126 V LynxMotor: initializeHardware() mod#=2
12-31 18:00:27.287   986  1126 V RobotCore: DcMotorImpl(type=goBILDA5202SeriesMotor)
12-31 18:00:27.287   986  1126 V RobotCore: DcMotorImpl(type=goBILDA5202SeriesMotor)
12-31 18:00:27.288   986  1126 V LynxServoController: initializeHardware() mod#=2
12-31 18:00:27.331   986  1126 V LynxVoltageSensor: initializeHardware() mod#=2
12-31 18:00:27.331   986  1126 V LynxAnalogInputController: initializeHardware() mod#=2
12-31 18:00:27.332   986  1126 V LynxDigitalChannelController: initializeHardware() mod#=2
12-31 18:00:27.358   986  1126 V RobotCore: Creating Webcam [D5386480]
12-31 18:00:27.360   986  1126 V CameraManager: construct(hash=0x024d3de3|inst#=0)
12-31 18:00:27.362   986  1126 D libusb  : [ 0.000270] [00000466] libusb: debug [op_init] sysfs(/sys/bus/usb/devices) available
12-31 18:00:27.362   986  1126 D libusb  : [ 0.000382] [00000466] libusb: debug [op_init] sysfs can relate devices
12-31 18:00:27.362   986  1126 D libusb  : [ 0.000430] [00000466] libusb: debug [op_init] sysfs has complete descriptors
12-31 18:00:27.362   986  1126 D libusb  : [ 0.000479] [00000466] libusb: debug [op_init] sysfs has serial numbers
12-31 18:00:27.360   986   986 I pRunnable.run(): type=1400 audit(0.0:109): avc: denied { read } for name="devices" dev="sysfs" ino=7258 scontext=u:r:untrusted_app:s0:c512,c768 tcontext=u:object_r:sysfs:s0 tclass=dir permissive=1
12-31 18:00:27.363   986  1126 V UvcContext: construct(pointer=0xd3c54080|inst#=0)
12-31 18:00:27.360   986   986 I pRunnable.run(): type=1400 audit(0.0:110): avc: denied { open } for path="/sys/bus/usb/devices" dev="sysfs" ino=7258 scontext=u:r:untrusted_app:s0:c512,c768 tcontext=u:object_r:sysfs:s0 tclass=dir permissive=1
12-31 18:00:27.373   986  1126 I RobotCore: ========= Device Information ===================================================
12-31 18:00:27.373   986  1126 I RobotCore: Type                                               Name                           Connection
12-31 18:00:27.374   986  1126 I RobotCore: Motor                                              LeftSlider                     USB (embedded); module 2; port 1
12-31 18:00:27.375   986  1126 I RobotCore: Rev Color Sensor v3                                ColorSensor                    USB (embedded); module 173; bus 2; addr7=0x52
12-31 18:00:27.376   986  1126 I RobotCore: Motor                                              RightSlider                    USB (embedded); module 2; port 0
12-31 18:00:27.376   986  1126 I RobotCore: REV Robotics USB Expansion Hub Portal              Control Hub Portal             USB (embedded)
12-31 18:00:27.377   986  1126 I RobotCore: Motor                                              FrontLeft                      USB (embedded); module 173; port 0
12-31 18:00:27.378   986  1126 I RobotCore: Motor                                              BackRight                      USB (embedded); module 173; port 3
12-31 18:00:27.379   986  1126 I RobotCore: Expansion Hub DC Motor Controller                  Expansion Hub 2                USB (embedded); module 2
12-31 18:00:27.380   986  1126 I RobotCore: Expansion Hub Servo Controller                     Expansion Hub 2                USB (embedded); module 2
12-31 18:00:27.381   986  1126 I RobotCore: Expansion Hub Voltage Sensor                       Expansion Hub 2                USB (embedded); module 2
12-31 18:00:27.381   986  1126 I RobotCore: Expansion Hub Analog Input Controller              Expansion Hub 2                USB (embedded); module 2
12-31 18:00:27.382   986  1126 I RobotCore: Expansion Hub Digital Channel Controller           Expansion Hub 2                USB (embedded); module 2
12-31 18:00:27.388   986  1126 I RobotCore: Expansion Hub (HW: 20, Maj: 1, Min: 8, Eng: 2)     Expansion Hub 2                USB (embedded); module 2
12-31 18:00:27.389   986  1126 I RobotCore: REV 2M ToF Distance Sensor                         DistanceSensor                 USB (embedded); module 173; bus 1; addr7=0x29
12-31 18:00:27.390   986  1126 I RobotCore: REV internal IMU (BNO055)                          imu                            USB (embedded); module 173; bus 0; addr7=0x00
12-31 18:00:27.398   986  1126 I RobotCore: Logitech C270 HD WEBCAM                            Webcam 1                       USB (D5386480)
12-31 18:00:27.399   986  1126 I RobotCore: Expansion Hub DC Motor Controller                  Control Hub                    USB (embedded); module 173
12-31 18:00:27.399   986  1126 I RobotCore: Expansion Hub Servo Controller                     Control Hub                    USB (embedded); module 173
12-31 18:00:27.400   986  1126 I RobotCore: Expansion Hub Voltage Sensor                       Control Hub                    USB (embedded); module 173
12-31 18:00:27.401   986  1126 I RobotCore: Expansion Hub Analog Input Controller              Control Hub                    USB (embedded); module 173
12-31 18:00:27.401   986  1126 I RobotCore: Expansion Hub Digital Channel Controller           Control Hub                    USB (embedded); module 173
12-31 18:00:27.405   986  1126 I RobotCore: Expansion Hub (HW: 20, Maj: 1, Min: 8, Eng: 2)     Control Hub                    USB (embedded); module 173
12-31 18:00:27.405   986  1126 I RobotCore: Servo                                              ClawServo                      USB (embedded); module 173; port 0
12-31 18:00:27.406   986  1126 I RobotCore: Motor                                              FrontRight                     USB (embedded); module 173; port 1
12-31 18:00:27.407   986  1126 I RobotCore: Motor                                              BackLeft                       USB (embedded); module 173; port 2
12-31 18:00:27.407   986  1126 I RobotCore: Servo                                              ArmServo                       USB (embedded); module 173; port 1
12-31 18:00:27.411   986  1126 I RobotCore: LynxFirmwareVersionManager: LynxI2cDeviceSynchV2
12-31 18:00:27.411   986  1126 V LynxI2cDeviceSynch: initializeHardware() mod#=173
12-31 18:00:27.412   986  1126 V BNO055  : Suppressing I2C warnings while we check for a BNO055 IMU
12-31 18:00:27.416   986  1126 V BNO055  : Found BNO055 IMU
12-31 18:00:27.422   986  1126 I RobotCore: LynxFirmwareVersionManager: LynxI2cDeviceSynchV2
12-31 18:00:27.422   986  1126 V LynxI2cDeviceSynch: initializeHardware() mod#=2
12-31 18:00:27.422   986  1126 V BNO055  : Suppressing I2C warnings while we check for a BNO055 IMU
12-31 18:00:27.428   986  1126 V BNO055  : Found BNO055 IMU
12-31 18:00:27.449   986  1126 V LynxUsb : 0x02e6ee63 on 0x0abb82f4: releasing delegate to [(embedded)]
12-31 18:00:27.449   986  1126 I FtcEventLoop: ======= INIT FINISH =======
12-31 18:00:27.449   986  1126 V RobotCore: EventLoopManager state is RUNNING
12-31 18:00:27.472   986  1126 V RobotCore: Robot Status: running, starting robot
12-31 18:00:27.474   986  1126 V RobotCore: Robot Status: running
12-31 18:00:27.476   986  1179 V RobotCore: thread: 'opmode loop()' starting...
12-31 18:00:27.478   986  1126 D FTCService: Detecting Wi-Fi reset
12-31 18:00:27.480   986  1126 D RobotControllerAccessPointAssistant: detectWifiReset button=false
12-31 18:00:27.481   986  1126 V RobotCore: thread: ...terminating 'RobotSetupRunnable.run()'
12-31 18:00:27.483   986  1179 D RobotCore: system telemetry: key=$System$None$ msg=""
12-31 18:00:27.632   986  1178 V SoundInfo: construct(0x05d083c2)
12-31 18:00:27.676   986  1177 E WVMExtractor: Failed to open libwvm.so: dlopen failed: library "libwvm.so" not found
12-31 18:00:27.704   986  1177 I MediaCodec: callingProcessName:com.qualcomm.ftcrobotcontroller
12-31 18:00:27.708   986  1186 I ACodec  : onAllocateComponent:6752 mSoftCodecPref:0 componentName:
12-31 18:00:27.709   986  1186 I ACodec  : onAllocateComponent:6783 mSoftCodecPref:0 componentName:OMX.google.raw.decoder
12-31 18:00:27.759   986  1085 D SoundPlayer: onLoadComplete(samp=1|ms=4506, samp=1)=0
12-31 18:00:27.762   986  1178 W AudioTrack: AUDIO_OUTPUT_FLAG_FAST denied by client; transfer 4, track 48000 Hz, output 44100 Hz
12-31 18:00:27.960   986  1178 D SoundPlayer: playing volume=0.000000 samp=1|ms=4506
12-31 18:00:27.997   986  1179 I RobotCore: Attempting to switch to op mode $Stop$Robot$
--------- beginning of main
12-31 18:00:14.448  1010  1010 V OnBotJava: ctor()...
12-31 18:00:14.450  1010  1010 V OnBotJava: ...ctor()
12-31 18:00:14.455  1010  1010 I PermissionValidatorActivity: Lifecycle onCreate : 3fca1b9
12-31 18:00:14.462  1010  1010 I PermissionValidatorActivity: Lifecycle onStart : 3fca1b9
12-31 18:00:14.462  1010  1010 I PermissionValidator: Checking permission for android.permission.WRITE_EXTERNAL_STORAGE
12-31 18:00:14.463  1010  1010 I PermissionValidator:     Granted: android.permission.WRITE_EXTERNAL_STORAGE
12-31 18:00:14.463  1010  1010 I PermissionValidator: Checking permission for android.permission.READ_EXTERNAL_STORAGE
