12-31 18:06:33.878  2235  2307 V OpmodeRegistration: registered {ConceptOpenCVSignalSleeveDetection} as {POC - OpenCV Signal Sleeve}
12-31 18:06:33.878  2235  2307 V OpmodeRegistration: registered {ConceptFieldNavigationAuto} as {POC - Field Nav Auto}
12-31 18:06:33.879  2235  2307 V OpmodeRegistration: registered {ConceptBNO055IMU} as {POC: IMU Display}
12-31 18:06:33.879  2235  2307 V OpmodeRegistration: registered {ConceptVuforiaLocalization} as {POC - Vuforia Localization}
12-31 18:06:33.880  2235  2307 V OpmodeRegistration: registered {CameraVuforia} as {Camera}
12-31 18:06:33.881  2235  2307 V OpmodeRegistration: registered {ConceptWebcamTest} as {nap: Webcam}
12-31 18:06:33.881  2235  2307 V OpmodeRegistration: registered {Forward} as { Nept-Forward and Turning }
12-31 18:06:33.882  2235  2307 V OpmodeRegistration: registered {TeleopDualDrivers} as {TeleopDualDrivers}
12-31 18:06:33.882  2235  2307 V OpmodeRegistration: registered {ConceptSignalSleeveIdentification} as {POC: Signal Sleeve}
12-31 18:06:33.883  2235  2307 V OpmodeRegistration: registered {ConceptTensorFlowObjectDetection} as {POC: TensorFlow Object Detection}
12-31 18:06:33.884  2235  2307 V OpmodeRegistration: registered {PushbotAutodrive} as {Nep-TestMotor }
12-31 18:06:33.884  2235  2307 V OpmodeRegistration: registered {ConceptBNO055IMUCalibration} as {POC: IMU Calibration}
12-31 18:06:33.885  2235  2307 V OpmodeRegistration: registered {TensorFLowWebcam} as {Nap-Camera 2}
12-31 18:06:33.948  2235  2307 V FtcEventLoop: Ensuring that the embedded Control Hub module is set up correctly
12-31 18:06:33.953  2235  2307 V RobotCore: Creating REV Robotics USB Expansion Hub Portal [(embedded)]
12-31 18:06:33.954  2235  2307 V LynxUsb : creating new [(embedded)]: 0x033684a8
12-31 18:06:33.958  2235  2307 V FtDeviceManager: createDeviceInfoList(): 0 USB devices
12-31 18:06:33.958  2235  2307 V RobotUsbManagerCombining: FTDI driver failed to open USB device with serial number (embedded) (returned null device)
12-31 18:06:33.953  2235  2235 I pRunnable.run(): type=1400 audit(0.0:215): avc: denied { read } for name="ttyS1" dev="tmpfs" ino=7192 scontext=u:r:untrusted_app:s0:c512,c768 tcontext=u:object_r:serial_device:s0 tclass=chr_file permissive=1
12-31 18:06:33.960  2235  2307 V SerialPortNative: [SerialPort.cpp:150] opened(/dev/ttyS1): fd=98
12-31 18:06:33.961  2235  2307 V RobotUsbDeviceTTY: opening serial=(embedded) file=/dev/ttyS1
12-31 18:06:33.961  2235  2307 V LynxUsb : armDevice() serial=(embedded)...
12-31 18:06:33.961  2235  2307 V LynxUsb : resetDevice() serial=(embedded)
12-31 18:06:33.963  2235  2307 V LynxModule: resetting embedded usb device: isPresent: was=true
12-31 18:06:33.953  2235  2235 I pRunnable.run(): type=1400 audit(0.0:216): avc: denied { write } for name="ttyS1" dev="tmpfs" ino=7192 scontext=u:r:untrusted_app:s0:c512,c768 tcontext=u:object_r:serial_device:s0 tclass=chr_file permissive=1
12-31 18:06:33.956  2235  2235 I pRunnable.run(): type=1400 audit(0.0:217): avc: denied { open } for path="/dev/ttyS1" dev="tmpfs" ino=7192 scontext=u:r:untrusted_app:s0:c512,c768 tcontext=u:object_r:serial_device:s0 tclass=chr_file permissive=1
12-31 18:06:33.956  2235  2235 I pRunnable.run(): type=1400 audit(0.0:218): avc: denied { ioctl } for path="/dev/ttyS1" dev="tmpfs" ino=7192 ioctlcmd=5401 scontext=u:r:untrusted_app:s0:c512,c768 tcontext=u:object_r:serial_device:s0 tclass=chr_file permissive=1
12-31 18:06:33.956  2235  2235 I pRunnable.run(): type=1400 audit(0.0:219): avc: denied { read } for name="value" dev="sysfs" ino=13327 scontext=u:r:untrusted_app:s0:c512,c768 tcontext=u:object_r:sysfs:s0 tclass=file permissive=1
12-31 18:06:33.956  2235  2235 I pRunnable.run(): type=1400 audit(0.0:220): avc: denied { open } for path="/sys/devices/pinctrl.26/gpio/gpio50/value" dev="sysfs" ino=13327 scontext=u:r:untrusted_app:s0:c512,c768 tcontext=u:object_r:sysfs:s0 tclass=file permissive=1
12-31 18:06:33.956  2235  2235 I pRunnable.run(): type=1400 audit(0.0:221): avc: denied { getattr } for path="/sys/devices/pinctrl.26/gpio/gpio50/value" dev="sysfs" ino=13327 scontext=u:r:untrusted_app:s0:c512,c768 tcontext=u:object_r:sysfs:s0 tclass=file permissive=1
12-31 18:06:33.960  2235  2235 I pRunnable.run(): type=1400 audit(0.0:222): avc: denied { write } for name="value" dev="sysfs" ino=16645 scontext=u:r:untrusted_app:s0:c512,c768 tcontext=u:object_r:sysfs:s0 tclass=file permissive=1
12-31 18:06:34.319  2235  2307 V LynxUsb : ...done armDevice()
12-31 18:06:34.319  2235  2342 V RobotCore: thread: 'lynx incoming datagrams' starting...
12-31 18:06:34.320  2235  2307 V LynxUsb : 0x0c0352a7 on 0x033684a8: new delegate to [(embedded)]
12-31 18:06:34.328  2235  2307 V LynxUsb : addConfiguredModule() module#=173
12-31 18:06:34.328  2235  2307 V LynxModule: pingAndQueryKnownInterfaces mod=173
12-31 18:06:34.331  2235  2342 V LynxUsb : synchronization gained: serial=(embedded)
12-31 18:06:34.350  2235  2307 V LynxModule: mod#=173 queryInterface(DEKA)=54 commands starting at 4096
12-31 18:06:34.364  2235  2307 V LynxModule: sending LynxFtdiResetControlCommand(true) wasInterrupted=false
12-31 18:06:34.370  2235  2307 V LynxModule: sendLEDPatternSteps(): steps=[Step(color=65280, msDuration=1000)]
12-31 18:06:34.375  2235  2307 V LynxModule: setAsControlHubEmbeddedModule(mod=173)
12-31 18:06:34.375  2235  2307 V EmbeddedControlHubModule: setting embedded module
12-31 18:06:34.375  2235  2307 V LynxModule: sending LynxFtdiResetControlCommand(false) wasInterrupted=false
12-31 18:06:34.378  2235  2307 V LynxModule: close(#173)
12-31 18:06:34.379  2235  2307 V LynxUsb : Verified that the embedded Control Hub module has the correct address
12-31 18:06:34.381  2235  2307 V LynxUsb : addConfiguredModule() module#=173
12-31 18:06:34.381  2235  2307 V LynxModule: pingAndQueryKnownInterfaces mod=173
12-31 18:06:34.396  2235  2307 V LynxModule: mod#=173 queryInterface(DEKA)=54 commands starting at 4096
12-31 18:06:34.406  2235  2307 V LynxModule: sending LynxFtdiResetControlCommand(true) wasInterrupted=false
12-31 18:06:34.411  2235  2307 V LynxModule: sendLEDPatternSteps(): steps=[Step(color=65280, msDuration=1000)]
12-31 18:06:34.415  2235  2307 V LynxModule: setAsControlHubEmbeddedModule(mod=173)
12-31 18:06:34.415  2235  2307 V EmbeddedControlHubModule: setting embedded module
12-31 18:06:34.415  2235  2307 I RobotCore: LynxFirmwareVersionManager: LynxI2cDeviceSynchV2
12-31 18:06:34.416  2235  2307 V LynxI2cDeviceSynch: initializeHardware() mod#=173
12-31 18:06:34.416  2235  2307 V BHI260IMU: Suppressing I2C warnings while we check for a BHI260AP IMU
12-31 18:06:34.421  2235  2307 V BHI260IMU: No BHI260AP IMU found
12-31 18:06:34.421  2235  2307 V LynxModule: sending LynxFtdiResetControlCommand(false) wasInterrupted=false
12-31 18:06:34.424  2235  2307 V LynxModule: close(#173)
12-31 18:06:34.425  2235  2307 V HardwareFactory: createHardwareMap()
12-31 18:06:34.425  2235  2307 V EmbeddedControlHubModule: clearing embedded module
12-31 18:06:34.439  2235  2307 V ReadXMLFileHandler: embedded lynx USB device is already present
12-31 18:06:34.440  2235  2307 V RobotCore: Creating REV Robotics USB Expansion Hub Portal [(embedded)]
12-31 18:06:34.440  2235  2307 V LynxUsb : using existing [(embedded)]: 0x033684a8
12-31 18:06:34.441  2235  2307 V LynxUsb : 0x096c3c47 on 0x033684a8: new delegate to [(embedded)]
12-31 18:06:34.441  2235  2307 V RobotCore: Creating Lynx Module - mod=173 parent=true
12-31 18:06:34.442  2235  2307 V RobotCore: Creating Lynx Module - mod=2 parent=false
12-31 18:06:34.444  2235  2307 V LynxUsb : addConfiguredModule() module#=173
12-31 18:06:34.444  2235  2307 V LynxModule: pingAndQueryKnownInterfaces mod=173
12-31 18:06:34.456  2235  2307 V LynxModule: mod#=173 queryInterface(DEKA)=54 commands starting at 4096
12-31 18:06:34.465  2235  2307 V LynxModule: sending LynxFtdiResetControlCommand(true) wasInterrupted=false
12-31 18:06:34.470  2235  2307 V LynxModule: sendLEDPatternSteps(): steps=[Step(color=65280, msDuration=1000)]
12-31 18:06:34.472  2235  2345 V LynxModule: received status: LynxGetModuleStatusResponse(status=0x02 alerts=0x00: Reset)
12-31 18:06:34.473  2235  2345 W HubPowerCycle: Expansion Hub 173 regained power after a complete power loss. No user Op Mode was running.
12-31 18:06:34.474  2235  2345 V LynxModule: resendCurrentPattern()
12-31 18:06:34.474  2235  2345 V LynxModule: sendLEDPatternSteps(): steps=[Step(color=65280, msDuration=1000)]
12-31 18:06:34.476  2235  2307 V LynxModule: setAsControlHubEmbeddedModule(mod=173)
12-31 18:06:34.476  2235  2307 V EmbeddedControlHubModule: setting embedded module
12-31 18:06:34.477  2235  2307 V LynxUsb : addConfiguredModule() module#=2
12-31 18:06:34.477  2235  2307 V LynxModule: pingAndQueryKnownInterfaces mod=2
12-31 18:06:34.492  2235  2307 V LynxModule: mod#=2 queryInterface(DEKA)=54 commands starting at 4096
12-31 18:06:34.501  2235  2307 V LynxModule: sending LynxFtdiResetControlCommand(true) wasInterrupted=false
12-31 18:06:34.508  2235  2307 V LynxModule: sendLEDPatternSteps(): steps=[Step(color=65280, msDuration=4500), Step(color=0, msDuration=500), Step(color=255, msDuration=500), Step(color=0, msDuration=500), Step(color=255, msDuration=500), Step(color=0, msDuration=500)]
12-31 18:06:34.510  2235  2346 V LynxModule: received status: LynxGetModuleStatusResponse(status=0x05 alerts=0x00: KeepAliveTimeout|FailSafe)
12-31 18:06:34.510  2235  2346 V LynxModule: resendCurrentPattern()
12-31 18:06:34.511  2235  2346 V LynxModule: sendLEDPatternSteps(): steps=[Step(color=65280, msDuration=4500), Step(color=0, msDuration=500), Step(color=255, msDuration=500), Step(color=0, msDuration=500), Step(color=255, msDuration=500), Step(color=0, msDuration=500)]
12-31 18:06:34.520  2235  2307 V LynxMotor: initializeHardware() mod#=173
12-31 18:06:34.563  2235  2307 V RobotCore: DcMotorImpl(type=goBILDA5202SeriesMotor)
12-31 18:06:34.564  2235  2307 V RobotCore: DcMotorImpl(type=goBILDA5202SeriesMotor)
12-31 18:06:34.564  2235  2307 V RobotCore: DcMotorImpl(type=goBILDA5202SeriesMotor)
12-31 18:06:34.564  2235  2307 V RobotCore: DcMotorImpl(type=goBILDA5202SeriesMotor)
12-31 18:06:34.565  2235  2307 V LynxServoController: initializeHardware() mod#=173
12-31 18:06:34.590  2235  2307 V LynxVoltageSensor: initializeHardware() mod#=173
12-31 18:06:34.591  2235  2307 V LynxAnalogInputController: initializeHardware() mod#=173
12-31 18:06:34.591  2235  2307 V LynxDigitalChannelController: initializeHardware() mod#=173
12-31 18:06:34.607  2235  2307 V RobotCore: Creating user sensor REV internal IMU (BNO055) - on Lynx module=173 bus=0
12-31 18:06:34.608  2235  2307 V RobotCore: Creating I2cDeviceSynch (Lynx) - mod=173 bus=0
12-31 18:06:34.608  2235  2307 I RobotCore: LynxFirmwareVersionManager: LynxI2cDeviceSynchV2
12-31 18:06:34.608  2235  2307 V LynxI2cDeviceSynch: initializeHardware() mod#=173
12-31 18:06:34.612  2235  2307 V RobotCore: Creating user sensor REV 2M Distance Sensor - on Lynx module=173 bus=1
12-31 18:06:34.612  2235  2307 V RobotCore: Creating I2cDeviceSynch (Lynx) - mod=173 bus=1
12-31 18:06:34.612  2235  2307 I RobotCore: LynxFirmwareVersionManager: LynxI2cDeviceSynchV2
12-31 18:06:34.612  2235  2307 V LynxI2cDeviceSynch: initializeHardware() mod#=173
12-31 18:06:34.614  2235  2307 V RobotCore: Creating user sensor REV Color Sensor V3 - on Lynx module=173 bus=2
12-31 18:06:34.614  2235  2307 I RobotCore: LynxFirmwareVersionManager: LynxI2cDeviceSynchV2
12-31 18:06:34.614  2235  2307 V LynxI2cDeviceSynch: initializeHardware() mod#=173
12-31 18:06:34.616  2235  2307 I I2C     : Automatically initializing I2C device RevColorSensorV3 USB (embedded); module 173; bus 2; addr7=0x00
12-31 18:06:34.616  2235  2307 V BroadcomColorSensorImpl: internalInitialize()...
12-31 18:06:34.625  2235  2307 V BroadcomColorSensorImpl: state: 07 37 20 1d 42 01 c2 
12-31 18:06:34.625  2235  2307 V BroadcomColorSensorImpl: setGain(0x01)
12-31 18:06:34.630  2235  2307 V BroadcomColorSensorImpl: setLEDParameters(0x37)
12-31 18:06:34.635  2235  2307 V BroadcomColorSensorImpl: setProximityPulseCount(0x20)
12-31 18:06:34.639  2235  2307 V BroadcomColorSensorImpl: setPSMeasRate(0x1d)
12-31 18:06:34.644  2235  2307 V BroadcomColorSensorImpl: setLSMeasRate(0x42)
12-31 18:06:34.652  2235  2307 V BroadcomColorSensorImpl: enable() enabled=0x07...
12-31 18:06:34.660  2235  2307 V BroadcomColorSensorImpl: ...enable() enabled=0x07
12-31 18:06:34.666  2235  2307 V BroadcomColorSensorImpl: state: 07 37 20 1d 42 01 c2 
12-31 18:06:34.666  2235  2307 V BroadcomColorSensorImpl: ...internalInitialize()
12-31 18:06:34.668  2235  2307 V LynxMotor: initializeHardware() mod#=2
12-31 18:06:34.722  2235  2307 V RobotCore: DcMotorImpl(type=goBILDA5202SeriesMotor)
12-31 18:06:34.722  2235  2307 V RobotCore: DcMotorImpl(type=goBILDA5202SeriesMotor)
12-31 18:06:34.724  2235  2307 V LynxServoController: initializeHardware() mod#=2
12-31 18:06:34.763  2235  2307 V LynxVoltageSensor: initializeHardware() mod#=2
12-31 18:06:34.763  2235  2307 V LynxAnalogInputController: initializeHardware() mod#=2
12-31 18:06:34.764  2235  2307 V LynxDigitalChannelController: initializeHardware() mod#=2
12-31 18:06:34.793  2235  2307 V RobotCore: Creating Webcam [D5386480]
12-31 18:06:34.796  2235  2307 V CameraManager: construct(hash=0x0a2d6a27|inst#=0)
12-31 18:06:34.798  2235  2307 D libusb  : [ 0.000478] [00000903] libusb: debug [op_init] sysfs(/sys/bus/usb/devices) available
12-31 18:06:34.799  2235  2307 D libusb  : [ 0.000634] [00000903] libusb: debug [op_init] sysfs can relate devices
12-31 18:06:34.799  2235  2307 D libusb  : [ 0.000706] [00000903] libusb: debug [op_init] sysfs has complete descriptors
12-31 18:06:34.799  2235  2307 D libusb  : [ 0.000777] [00000903] libusb: debug [op_init] sysfs has serial numbers
12-31 18:06:34.793  2235  2235 I pRunnable.run(): type=1400 audit(0.0:223): avc: denied { read } for name="devices" dev="sysfs" ino=7258 scontext=u:r:untrusted_app:s0:c512,c768 tcontext=u:object_r:sysfs:s0 tclass=dir permissive=1
12-31 18:06:34.802  2235  2307 V UvcContext: construct(pointer=0xc867e220|inst#=0)
12-31 18:06:34.793  2235  2235 I pRunnable.run(): type=1400 audit(0.0:224): avc: denied { open } for path="/sys/bus/usb/devices" dev="sysfs" ino=7258 scontext=u:r:untrusted_app:s0:c512,c768 tcontext=u:object_r:sysfs:s0 tclass=dir permissive=1
12-31 18:06:34.812  2235  2307 I RobotCore: ========= Device Information ===================================================
12-31 18:06:34.812  2235  2307 I RobotCore: Type                                               Name                           Connection
12-31 18:06:34.814  2235  2307 I RobotCore: Motor                                              LeftSlider                     USB (embedded); module 2; port 1
12-31 18:06:34.814  2235  2307 I RobotCore: Rev Color Sensor v3                                ColorSensor                    USB (embedded); module 173; bus 2; addr7=0x52
12-31 18:06:34.816  2235  2307 I RobotCore: Motor                                              RightSlider                    USB (embedded); module 2; port 0
12-31 18:06:34.816  2235  2307 I RobotCore: REV Robotics USB Expansion Hub Portal              Control Hub Portal             USB (embedded)
12-31 18:06:34.817  2235  2307 I RobotCore: Motor                                              FrontLeft                      USB (embedded); module 173; port 0
12-31 18:06:34.818  2235  2307 I RobotCore: Motor                                              BackRight                      USB (embedded); module 173; port 3
12-31 18:06:34.819  2235  2307 I RobotCore: Expansion Hub DC Motor Controller                  Expansion Hub 2                USB (embedded); module 2
12-31 18:06:34.820  2235  2307 I RobotCore: Expansion Hub Servo Controller                     Expansion Hub 2                USB (embedded); module 2
12-31 18:06:34.821  2235  2307 I RobotCore: Expansion Hub Voltage Sensor                       Expansion Hub 2                USB (embedded); module 2
12-31 18:06:34.822  2235  2307 I RobotCore: Expansion Hub Analog Input Controller              Expansion Hub 2                USB (embedded); module 2
12-31 18:06:34.822  2235  2307 I RobotCore: Expansion Hub Digital Channel Controller           Expansion Hub 2                USB (embedded); module 2
12-31 18:06:34.831  2235  2307 I RobotCore: Expansion Hub (HW: 20, Maj: 1, Min: 8, Eng: 2)     Expansion Hub 2                USB (embedded); module 2
12-31 18:06:34.831  2235  2307 I RobotCore: REV 2M ToF Distance Sensor                         DistanceSensor                 USB (embedded); module 173; bus 1; addr7=0x29
12-31 18:06:34.832  2235  2307 I RobotCore: REV internal IMU (BNO055)                          imu                            USB (embedded); module 173; bus 0; addr7=0x00
12-31 18:06:34.841  2235  2307 I RobotCore: Logitech C270 HD WEBCAM                            Webcam 1                       USB (D5386480)
12-31 18:06:34.842  2235  2307 I RobotCore: Expansion Hub DC Motor Controller                  Control Hub                    USB (embedded); module 173
12-31 18:06:34.843  2235  2307 I RobotCore: Expansion Hub Servo Controller                     Control Hub                    USB (embedded); module 173
12-31 18:06:34.844  2235  2307 I RobotCore: Expansion Hub Voltage Sensor                       Control Hub                    USB (embedded); module 173
12-31 18:06:34.844  2235  2307 I RobotCore: Expansion Hub Analog Input Controller              Control Hub                    USB (embedded); module 173
12-31 18:06:34.845  2235  2307 I RobotCore: Expansion Hub Digital Channel Controller           Control Hub                    USB (embedded); module 173
12-31 18:06:34.848  2235  2307 I RobotCore: Expansion Hub (HW: 20, Maj: 1, Min: 8, Eng: 2)     Control Hub                    USB (embedded); module 173
12-31 18:06:34.849  2235  2307 I RobotCore: Servo                                              ClawServo                      USB (embedded); module 173; port 0
12-31 18:06:34.849  2235  2307 I RobotCore: Motor                                              FrontRight                     USB (embedded); module 173; port 1
12-31 18:06:34.850  2235  2307 I RobotCore: Motor                                              BackLeft                       USB (embedded); module 173; port 2
12-31 18:06:34.851  2235  2307 I RobotCore: Servo                                              ArmServo                       USB (embedded); module 173; port 1
12-31 18:06:34.856  2235  2307 I RobotCore: LynxFirmwareVersionManager: LynxI2cDeviceSynchV2
12-31 18:06:34.856  2235  2307 V LynxI2cDeviceSynch: initializeHardware() mod#=2
12-31 18:06:34.856  2235  2307 V BNO055  : Suppressing I2C warnings while we check for a BNO055 IMU
12-31 18:06:34.863  2235  2307 V BNO055  : Found BNO055 IMU
12-31 18:06:34.867  2235  2307 I RobotCore: LynxFirmwareVersionManager: LynxI2cDeviceSynchV2
12-31 18:06:34.867  2235  2307 V LynxI2cDeviceSynch: initializeHardware() mod#=173
12-31 18:06:34.867  2235  2307 V BNO055  : Suppressing I2C warnings while we check for a BNO055 IMU
12-31 18:06:34.871  2235  2307 V BNO055  : Found BNO055 IMU
12-31 18:06:34.881  2235  2307 V LynxUsb : 0x0c0352a7 on 0x033684a8: releasing delegate to [(embedded)]
12-31 18:06:34.882  2235  2307 I FtcEventLoop: ======= INIT FINISH =======
12-31 18:06:34.882  2235  2307 V RobotCore: EventLoopManager state is RUNNING
12-31 18:06:34.900  2235  2307 V RobotCore: Robot Status: running, starting robot
12-31 18:06:34.900  2235  2307 V RobotCore: Robot Status: running
12-31 18:06:34.904  2235  2354 V RobotCore: thread: 'opmode loop()' starting...
12-31 18:06:34.905  2235  2307 D FTCService: Detecting Wi-Fi reset
12-31 18:06:34.906  2235  2307 D RobotControllerAccessPointAssistant: detectWifiReset button=false
12-31 18:06:34.907  2235  2307 V RobotCore: thread: ...terminating 'RobotSetupRunnable.run()'
12-31 18:06:34.911  2235  2354 D RobotCore: system telemetry: key=$System$None$ msg=""
12-31 18:06:34.999  2235  2353 V SoundInfo: construct(0x0240c396)
12-31 18:06:35.035  2235  2352 E WVMExtractor: Failed to open libwvm.so: dlopen failed: library "libwvm.so" not found
12-31 18:06:35.056  2235  2352 I MediaCodec: callingProcessName:com.qualcomm.ftcrobotcontroller
12-31 18:06:35.059  2235  2360 I ACodec  : onAllocateComponent:6752 mSoftCodecPref:0 componentName:
12-31 18:06:35.061  2235  2360 I ACodec  : onAllocateComponent:6783 mSoftCodecPref:0 componentName:OMX.google.raw.decoder
12-31 18:06:35.102  2235  2272 D SoundPlayer: onLoadComplete(samp=1|ms=4506, samp=1)=0
12-31 18:06:35.104  2235  2353 W AudioTrack: AUDIO_OUTPUT_FLAG_FAST denied by client; transfer 4, track 48000 Hz, output 44100 Hz
12-31 18:06:35.108  2235  2353 D SoundPlayer: playing volume=0.000000 samp=1|ms=4506
12-31 18:06:35.422  2235  2354 I RobotCore: Attempting to switch to op mode $Stop$Robot$
--------- beginning of main
12-31 18:08:52.290  2898  2898 I ps      : type=1400 audit(0.0:240): avc: denied { getattr } for path="/proc/1" dev="proc" ino=4863 scontext=u:r:untrusted_app:s0:c512,c768 tcontext=u:r:init:s0 tclass=dir permissive=1
12-31 18:08:52.290  2898  2898 I ps      : type=1400 audit(0.0:241): avc: denied { search } for name="1" dev="proc" ino=4863 scontext=u:r:untrusted_app:s0:c512,c768 tcontext=u:r:init:s0 tclass=dir permissive=1
12-31 18:08:52.290  2898  2898 I ps      : type=1400 audit(0.0:242): avc: denied { read } for name="cmdline" dev="proc" ino=7749 scontext=u:r:untrusted_app:s0:c512,c768 tcontext=u:r:init:s0 tclass=file permissive=1
12-31 18:08:52.290  2898  2898 I ps      : type=1400 audit(0.0:243): avc: denied { open } for path="/proc/1/cmdline" dev="proc" ino=7749 scontext=u:r:untrusted_app:s0:c512,c768 tcontext=u:r:init:s0 tclass=file permissive=1
12-31 18:08:52.290  2898  2898 I ps      : type=1400 audit(0.0:244): avc: denied { getattr } for path="/proc/2" dev="proc" ino=9420 scontext=u:r:untrusted_app:s0:c512,c768 tcontext=u:r:kernel:s0 tclass=dir permissive=1
12-31 18:08:52.290  2898  2898 I ps      : type=1400 audit(0.0:245): avc: denied { search } for name="2" dev="proc" ino=9420 scontext=u:r:untrusted_app:s0:c512,c768 tcontext=u:r:kernel:s0 tclass=dir permissive=1
12-31 18:08:52.290  2898  2898 I ps      : type=1400 audit(0.0:246): avc: denied { read } for name="cmdline" dev="proc" ino=9519 scontext=u:r:untrusted_app:s0:c512,c768 tcontext=u:r:kernel:s0 tclass=file permissive=1
12-31 18:08:52.290  2898  2898 I ps      : type=1400 audit(0.0:247): avc: denied { open } for path="/proc/2/cmdline" dev="proc" ino=9519 scontext=u:r:untrusted_app:s0:c512,c768 tcontext=u:r:kernel:s0 tclass=file permissive=1
12-31 18:08:53.791  2922  2922 D Uvc     : [jni.cpp:72] JNI_OnLoad()...
12-31 18:08:53.792  2922  2922 D Uvc     : [JniEnv.h:32] ScopedJniEnv::onJniLoad()...
12-31 18:08:53.792  2922  2922 D Uvc     : [JniEnv.h:32] ...ScopedJniEnv::onJniLoad()
12-31 18:08:53.792  2922  2922 D Uvc     : [jni.cpp:72] ...JNI_OnLoad()
12-31 18:08:53.797  2922  2922 V AppUtil : initializing: getExternalStorageDirectory()=/storage/emulated/0
12-31 18:08:53.801  2922  2922 I AppUtil : found usbFileSystemRoot: /dev/bus/usb
12-31 18:08:53.800  2922  2922 I robotcontroller: type=1400 audit(0.0:250): avc: denied { read } for name="direction" dev="sysfs" ino=16602 scontext=u:r:untrusted_app:s0:c512,c768 tcontext=u:object_r:sysfs:s0 tclass=file permissive=1
12-31 18:08:53.800  2922  2922 I robotcontroller: type=1400 audit(0.0:251): avc: denied { open } for path="/sys/devices/pinctrl.26/gpio/gpio50/direction" dev="sysfs" ino=16602 scontext=u:r:untrusted_app:s0:c512,c768 tcontext=u:object_r:sysfs:s0 tclass=file permissive=1
12-31 18:08:53.800  2922  2922 I robotcontroller: type=1400 audit(0.0:252): avc: denied { getattr } for path="/sys/devices/pinctrl.26/gpio/gpio50/direction" dev="sysfs" ino=16602 scontext=u:r:untrusted_app:s0:c512,c768 tcontext=u:object_r:sysfs:s0 tclass=file permissive=1
12-31 18:08:53.803  2922  2922 I robotcontroller: type=1400 audit(0.0:253): avc: denied { write } for name="value" dev="sysfs" ino=13327 scontext=u:r:untrusted_app:s0:c512,c768 tcontext=u:object_r:sysfs:s0 tclass=file permissive=1
12-31 18:08:53.814  2922  2922 I AppAliveNotifier: Telling the OS to set the RC alive notification timeout to 20 seconds
12-31 18:08:53.819  2922  2939 V RobotCore: saving logcat to /storage/emulated/0/robotControllerLog.txt
12-31 18:08:53.819  2922  2939 V RobotCore: logging command line: exec logcat -f /storage/emulated/0/robotControllerLog.txt -r4096 -n4 -v threadtime UsbRequestJNI:S UsbRequest:S art:W ThreadPool:W System:W ExtendedExtractor:W OMXClient:W MediaPlayer:W dalvikvm:W  *:V
12-31 18:08:53.830  2922  2922 V AppUtil : rootActivity=PermissionValidatorWrapper
12-31 18:08:53.830  2922  2922 I PermissionValidatorActivity: Lifecycle onCreate : e96b6b5
12-31 18:08:53.853  2922  2939 I RobotCore: Done running ps
12-31 18:08:53.860  2943  2943 I sh      : type=1400 audit(0.0:254): avc: denied { read } for name="/" dev="rootfs" ino=1 scontext=u:r:untrusted_app:s0:c512,c768 tcontext=u:object_r:rootfs:s0 tclass=dir permissive=1
12-31 18:08:53.860  2943  2943 I sh      : type=1400 audit(0.0:255): avc: denied { open } for path="/" dev="rootfs" ino=1 scontext=u:r:untrusted_app:s0:c512,c768 tcontext=u:object_r:rootfs:s0 tclass=dir permissive=1
12-31 18:08:53.929  2922  2922 I PermissionValidatorActivity: Lifecycle onStart : e96b6b5
12-31 18:08:53.931  2922  2922 I PermissionValidator: Checking permission for android.permission.WRITE_EXTERNAL_STORAGE
12-31 18:08:53.935  2922  2922 I PermissionValidator:     Granted: android.permission.WRITE_EXTERNAL_STORAGE
12-31 18:08:53.935  2922  2922 I PermissionValidator: Checking permission for android.permission.READ_EXTERNAL_STORAGE
12-31 18:08:53.936  2922  2922 I PermissionValidator:     Granted: android.permission.READ_EXTERNAL_STORAGE
12-31 18:08:53.936  2922  2922 I PermissionValidator: Checking permission for android.permission.CAMERA
12-31 18:08:53.937  2922  2922 I PermissionValidator:     Granted: android.permission.CAMERA
12-31 18:08:53.937  2922  2922 I PermissionValidator: Checking permission for android.permission.ACCESS_COARSE_LOCATION
12-31 18:08:53.939  2922  2922 I PermissionValidator:     Granted: android.permission.ACCESS_COARSE_LOCATION
12-31 18:08:53.939  2922  2922 I PermissionValidator: Checking permission for android.permission.ACCESS_FINE_LOCATION
12-31 18:08:53.940  2922  2922 I PermissionValidator:     Granted: android.permission.ACCESS_FINE_LOCATION
12-31 18:08:53.940  2922  2922 I PermissionValidator: Checking permission for android.permission.READ_PHONE_STATE
12-31 18:08:53.941  2922  2922 I PermissionValidator:     Granted: android.permission.READ_PHONE_STATE
12-31 18:08:53.943  2922  2922 V ServiceStarter: attempting to start service MediaTransferProtocolMonitorService
12-31 18:08:53.945  2922  2922 V ServiceStarter: started service MediaTransferProtocolMonitorService
12-31 18:08:53.946  2922  2922 V ServiceStarter: attempting to start service OnBotJavaService
12-31 18:08:53.948  2922  2922 V ServiceStarter: started service OnBotJavaService
12-31 18:08:53.948  2922  2922 I PermissionValidatorActivity: All permissions validated.  Starting RobotController
12-31 18:08:53.959  2922  2922 V MTPMonitorService: onCreate()
12-31 18:08:53.960  2922  2922 V MTPMonitorService: onStartCommand() intent=Intent { cmp=com.qualcomm.ftcrobotcontroller/org.firstinspires.ftc.robotcore.internal.files.MediaTransferProtocolMonitorService } flags=0x0 startId=1
12-31 18:08:53.962  2922  2922 V MTPMonitor: observing: /storage/emulated/0
12-31 18:08:54.037  2922  2922 V OnBotJavaService: onCreate()
12-31 18:08:54.038  2922  2922 V OnBotJavaService: onStartCommand() intent=Intent { cmp=com.qualcomm.ftcrobotcontroller/org.firstinspires.ftc.onbotjava.OnBotJavaService } flags=0x0 startId=1
12-31 18:08:54.039  2922  2922 V OnBotJava: OnBotJavaManager::static
12-31 18:08:54.640  2922  2922 V OnBotJava: ctor()...
12-31 18:08:54.642  2922  2922 V OnBotJava: ...ctor()
12-31 18:08:54.647  2922  2922 I PermissionValidatorActivity: Lifecycle onCreate : 3fca1b9
12-31 18:08:54.653  2922  2922 I PermissionValidatorActivity: Lifecycle onStart : 3fca1b9
12-31 18:08:54.654  2922  2922 I PermissionValidator: Checking permission for android.permission.WRITE_EXTERNAL_STORAGE
12-31 18:08:54.654  2922  2922 I PermissionValidator:     Granted: android.permission.WRITE_EXTERNAL_STORAGE
12-31 18:08:54.654  2922  2922 I PermissionValidator: Checking permission for android.permission.READ_EXTERNAL_STORAGE
12-31 18:08:54.655  2922  2922 I PermissionValidator:     Granted: android.permission.READ_EXTERNAL_STORAGE
12-31 18:08:54.655  2922  2922 I PermissionValidator: Checking permission for android.permission.CAMERA
12-31 18:08:54.656  2922  2922 I PermissionValidator:     Granted: android.permission.CAMERA
12-31 18:08:54.656  2922  2922 I PermissionValidator: Checking permission for android.permission.ACCESS_COARSE_LOCATION
12-31 18:08:54.657  2922  2922 I PermissionValidator:     Granted: android.permission.ACCESS_COARSE_LOCATION
12-31 18:08:54.657  2922  2922 I PermissionValidator: Checking permission for android.permission.ACCESS_FINE_LOCATION
12-31 18:08:54.658  2922  2922 I PermissionValidator:     Granted: android.permission.ACCESS_FINE_LOCATION
12-31 18:08:54.658  2922  2922 I PermissionValidator: Checking permission for android.permission.READ_PHONE_STATE
12-31 18:08:54.659  2922  2922 I PermissionValidator:     Granted: android.permission.READ_PHONE_STATE
12-31 18:08:54.661  2922  2922 V ServiceStarter: attempting to start service MediaTransferProtocolMonitorService
12-31 18:08:54.662  2922  2922 V ServiceStarter: started service MediaTransferProtocolMonitorService
12-31 18:08:54.662  2922  2922 V ServiceStarter: attempting to start service OnBotJavaService
12-31 18:08:54.664  2922  2922 V ServiceStarter: started service OnBotJavaService
12-31 18:08:54.664  2922  2922 I PermissionValidatorActivity: All permissions validated.  Starting RobotController
12-31 18:08:54.674  2922  2922 V MTPMonitorService: onStartCommand() intent=Intent { cmp=com.qualcomm.ftcrobotcontroller/org.firstinspires.ftc.robotcore.internal.files.MediaTransferProtocolMonitorService } flags=0x0 startId=2
12-31 18:08:54.677  2922  2922 V MTPMonitor: observing: /storage/emulated/0
12-31 18:08:54.700  2922  2922 W FileObserverManager: upgrading mask: path=/storage/emulated/0/FIRST/java/control old=0x00000ffc new=0x00004ffc: might possibly miss event
12-31 18:08:54.718  2922  2922 V OnBotJavaService: onStartCommand() intent=Intent { cmp=com.qualcomm.ftcrobotcontroller/org.firstinspires.ftc.onbotjava.OnBotJavaService } flags=0x0 startId=2
12-31 18:08:54.719  2922  2922 V OnBotJava: ctor()...
12-31 18:08:54.719  2922  2922 W FileObserverManager: upgrading mask: path=/storage/emulated/0/FIRST/java/control/buildRequest.txt old=0x00000ffc new=0x00000ffe: might possibly miss event
12-31 18:08:54.720  2922  2922 V OnBotJava: ...ctor()
12-31 18:08:54.729  2922  2922 V RCActivity: Permissions validated already
12-31 18:08:54.729  2922  2922 V RCActivity: onCreate()
12-31 18:08:54.731  2922  2922 V RCActivity: rootActivity is of class PermissionValidatorWrapper
12-31 18:08:54.734  2922  2922 V RCActivity: launchActivity is of class class org.firstinspires.ftc.robotcontroller.internal.PermissionValidatorWrapper
12-31 18:08:54.741  2922  2964 V CallbackLooper: thread=47
12-31 18:08:54.745  2922  2922 V NetDiscover_wifiDirectAgent: doStart()...
12-31 18:08:54.751  2922  2922 V NetDiscover_wifiDirectAgent: ...doStart()
12-31 18:08:54.751  2922  2922 V NetDiscover_prefremrc: ----- all preferences -----
12-31 18:08:54.752  2922  2922 V NetDiscover_prefremrc: name='android.permission.READ_PHONE_STATE' value=false
12-31 18:08:54.752  2922  2922 V NetDiscover_prefremrc: name='pref_autostarted_robot_controller' value=true
12-31 18:08:54.752  2922  2922 V NetDiscover_prefremrc: name='pref_warn_about_obsolete_software' value=true
12-31 18:08:54.752  2922  2922 V NetDiscover_prefremrc: name='pref_has_independent_phone_battery' value=false
12-31 18:08:54.752  2922  2922 V NetDiscover_prefremrc: name='android.permission.CAMERA' value=false
12-31 18:08:54.752  2922  2922 V NetDiscover_prefremrc: name='pref_wifip2p_remote_channel_change_works' value=false
12-31 18:08:54.753  2922  2922 V NetDiscover_prefremrc: name='pref_hardware_config_filename' value={"isDirty":false,"location":"LOCAL_STORAGE","name":"Error418Test6dcCamera","resourceId":0}
12-31 18:08:54.753  2922  2922 V NetDiscover_prefremrc: name='pref_sound_on_off' value=false
12-31 18:08:54.753  2922  2922 V NetDiscover_prefremrc: name='pref_warn_about_mismatched_app_versions' value=true
12-31 18:08:54.753  2922  2922 V NetDiscover_prefremrc: name='pref_ftc_season_year_of_current_rc_new' value=2022
12-31 18:08:54.753  2922  2922 V NetDiscover_prefremrc: name='App Restrictions' value=AAAAAA==
12-31 18:08:54.753  2922  2922 V NetDiscover_prefremrc:     
12-31 18:08:54.753  2922  2922 V NetDiscover_prefremrc: name='pref_warn_about_incorrect_clocks' value=true
12-31 18:08:54.753  2922  2922 V NetDiscover_prefremrc: name='pref_has_speaker' value=false
12-31 18:08:54.754  2922  2922 V NetDiscover_prefremrc: name='pref_ftc_season_year_of_current_rc' value=2022
12-31 18:08:54.754  2922  2922 V NetDiscover_prefremrc: name='android.permission.ACCESS_COARSE_LOCATION' value=false
12-31 18:08:54.754  2922  2922 V NetDiscover_prefremrc: name='android.permission.WRITE_EXTERNAL_STORAGE' value=false
12-31 18:08:54.754  2922  2922 V NetDiscover_prefremrc: name='pref_connection_owner_password' value=password
12-31 18:08:54.754  2922  2922 V NetDiscover_prefremrc: name='pref_pairing_kind' value=RCWIRELESSAP
12-31 18:08:54.755  2922  2922 V NetDiscover_prefremrc: name='pref_device_name_internal' value=FTC-eE8w
12-31 18:08:54.755  2922  2922 V NetDiscover_prefremrc: name='pref_app_theme' value=red
12-31 18:08:54.755  2922  2922 V NetDiscover_prefremrc: name='android.permission.ACCESS_FINE_LOCATION' value=false
12-31 18:08:54.755  2922  2922 V NetDiscover_prefremrc: name='pref_device_name' value=FTC-eE8w
12-31 18:08:54.755  2922  2922 V NetDiscover_prefremrc: name='pref_warn_about_2_4_ghz_band' value=true
12-31 18:08:54.756  2922  2922 V NetDiscover_prefremrc: name='android.permission.READ_EXTERNAL_STORAGE' value=false
12-31 18:08:54.756  2922  2922 V NetDiscover_prefremrc: name='pref_device_name_tracking' value=WIFIAP
12-31 18:08:54.756  2922  2922 V NetDiscover_prefremrc: name='pref_rc_connected' value=true
12-31 18:08:54.761  2922  2922 V Robocol : SendOnceRunnable created
12-31 18:08:54.763  2922  2922 V NetDiscover_prefremrc: doStart()...
12-31 18:08:54.763  2922  2922 V NetDiscover_prefremrc: ...doStart()
12-31 18:08:54.790  2922  2922 W System  : ClassLoader referenced unknown path: /system/app/webview/lib/arm
12-31 18:08:54.791  2922  2922 D ApplicationLoaders: ignored Vulkan layer search path /system/app/webview/lib/arm:/system/app/webview/webview.apk!/lib/armeabi-v7a:/system/lib:/vendor/lib for namespace 0xebae0090
12-31 18:08:54.794  2922  2922 I WebViewFactory: Loading com.android.webview version 52.0.2743.100 (code 275610050)
12-31 18:08:54.828  2922  2922 I cr_LibraryLoader: Time to load native libraries: 4 ms (timestamps 4822-4826)
12-31 18:08:54.828  2922  2922 I cr_LibraryLoader: Expected native library version number "52.0.2743.100", actual native library version number "52.0.2743.100"
12-31 18:08:54.853  2922  2922 V WebViewChromiumFactoryProvider: Binding Chromium to main looper Looper (main, tid 1) {e53eeca}
12-31 18:08:54.854  2922  2922 I cr_LibraryLoader: Expected native library version number "52.0.2743.100", actual native library version number "52.0.2743.100"
12-31 18:08:54.854  2922  2922 I chromium: [INFO:library_loader_hooks.cc(143)] Chromium logging enabled: level = 0, default verbosity = 0
12-31 18:08:54.872  2922  2922 I cr_BrowserStartup: Initializing chromium process, singleProcess=true
12-31 18:08:54.897  2922  2922 I mali_so : [File] : hardware/rockchip/driver/./src/base/arch/arch_011_udd/base_arch_main.c; [Line] : 565; [Func] : deal_with_version_affairs_rk_ext;
12-31 18:08:54.897  2922  2922 I mali_so : arm_release_ver of this mali_so is 'r7p0-00rel1', rk_so_ver is '1@2' for 3328h_android_7.1, built at '15:47:49', on 'Jun 28 2017'.
12-31 18:08:54.897  2922  2922 I mali_so : [File] : hardware/rockchip/driver/./src/base/arch/arch_011_udd/base_arch_main.c; [Line] : 578; [Func] : deal_with_version_affairs_rk_ext;
12-31 18:08:54.897  2922  2922 I mali_so : mali_ver_property has been set to 'r7p0-00rel1-5-1@2', to return.
12-31 18:08:54.971  2922  2922 I cr_DRP  : No DRP key due to exception:java.lang.ClassNotFoundException: com.android.webview.chromium.Drp
12-31 18:08:55.020  2922  2922 W cr_AwContents: onDetachedFromWindow called when already detached. Ignoring
12-31 18:08:55.273  2922  2922 W System  : ClassLoader referenced unknown path: 
12-31 18:08:55.312  2922  2922 W ClassManager: com.journeyapps.barcodescanner.ScanContract java.lang.ClassNotFoundException: com.journeyapps.barcodescanner.ScanContract
12-31 18:08:55.316  2922  2922 E ClassManager: java.lang.ClassNotFoundException: com.journeyapps.barcodescanner.ScanContract
12-31 18:08:55.318  2922  2922 E ClassManager: 	at java.lang.Class.classForName(Native Method)
12-31 18:08:55.320  2922  2922 E ClassManager: 	at java.lang.Class.forName(Class.java:400)
12-31 18:08:55.323  2922  2922 E ClassManager: 	at org.firstinspires.ftc.robotcore.internal.opmode.ClassManager.classNamesToClasses(ClassManager.java:215)
12-31 18:08:55.324  2922  2922 E ClassManager: 	at org.firstinspires.ftc.robotcore.internal.opmode.ClassManager.processAllClasses(ClassManager.java:258)
12-31 18:08:55.325  2922  2922 E ClassManager: 	at com.qualcomm.ftccommon.ClassManagerFactory.processAllClasses(ClassManagerFactory.java:94)
12-31 18:08:55.327  2922  2922 E ClassManager: 	at org.firstinspires.ftc.robotcontroller.internal.FtcRobotControllerActivity.onCreate(FtcRobotControllerActivity.java:356)
12-31 18:08:55.327  2922  2922 E ClassManager: 	at android.app.Activity.performCreate(Activity.java:6709)
12-31 18:08:55.328  2922  2922 E ClassManager: 	at android.app.Instrumentation.callActivityOnCreate(Instrumentation.java:1118)
12-31 18:08:55.329  2922  2922 E ClassManager: 	at android.app.ActivityThread.performLaunchActivity(ActivityThread.java:2619)
12-31 18:08:55.329  2922  2922 E ClassManager: 	at android.app.ActivityThread.handleLaunchActivity(ActivityThread.java:2727)
12-31 18:08:55.329  2922  2922 E ClassManager: 	at android.app.ActivityThread.-wrap12(ActivityThread.java)
12-31 18:08:55.330  2922  2922 E ClassManager: 	at android.app.ActivityThread$H.handleMessage(ActivityThread.java:1478)
12-31 18:08:55.331  2922  2922 E ClassManager: 	at android.os.Handler.dispatchMessage(Handler.java:102)
12-31 18:08:55.331  2922  2922 E ClassManager: 	at android.os.Looper.loop(Looper.java:154)
12-31 18:08:55.331  2922  2922 E ClassManager: 	at android.app.ActivityThread.main(ActivityThread.java:6121)
12-31 18:08:55.332  2922  2922 E ClassManager: 	at java.lang.reflect.Method.invoke(Native Method)
12-31 18:08:55.332  2922  2922 E ClassManager: 	at com.android.internal.os.ZygoteInit$MethodAndArgsCaller.run(ZygoteInit.java:905)
12-31 18:08:55.332  2922  2922 E ClassManager: 	at com.android.internal.os.ZygoteInit.main(ZygoteInit.java:795)
12-31 18:08:55.335  2922  2922 E ClassManager: Caused by: java.lang.ClassNotFoundException: Didn't find class "com.journeyapps.barcodescanner.ScanContract" on path: DexPathList[[],nativeLibraryDirectories=[/system/lib, /vendor/lib]]
12-31 18:08:55.336  2922  2922 E ClassManager: 	at dalvik.system.BaseDexClassLoader.findClass(BaseDexClassLoader.java:56)
12-31 18:08:55.336  2922  2922 E ClassManager: 	at java.lang.ClassLoader.loadClass(ClassLoader.java:380)
12-31 18:08:55.337  2922  2922 E ClassManager: 	at java.lang.ClassLoader.loadClass(ClassLoader.java:312)
12-31 18:08:55.337  2922  2922 E ClassManager: 	... 18 more
12-31 18:08:56.864  2922  2922 V UpdateUI: Network: inactive, disconnected
12-31 18:08:56.865  2922  2922 V ServiceStarter: attempting to start service FtcRobotControllerWatchdogService
12-31 18:08:56.867  2922  2922 V ServiceStarter: started service FtcRobotControllerWatchdogService
12-31 18:08:56.889  2922  2922 I RobotCore: App info: version=8.0.0 appId=com.qualcomm.ftcrobotcontroller
12-31 18:08:56.889  2922  2922 I RobotCore: Android Device: maker=REV Robotics model=Control Hub v1.0 sdk=25 serial=caade241cd00a884
12-31 18:08:56.889  2922  2922 V AndroidBoard: REV Control Hub contains REV3328
12-31 18:08:56.889  2922  2922 V AndroidBoard: Communicating with embedded REV hub via /dev/ttyS1
12-31 18:08:56.891  2922  2922 V RCActivity: onStart()
12-31 18:08:56.895  2922  2922 V RCActivity: onResume()
12-31 18:08:56.913  2922  2922 V NetDiscover_prefremrc: onSharedPreferenceChanged(name=App Restrictions, value=AAAAAA==
12-31 18:08:56.913  2922  2922 V NetDiscover_prefremrc: )
12-31 18:08:56.924  2922  2922 V FtcRobotControllerWatchdogService: onCreate()
12-31 18:08:56.925  2922  2922 V FtcRobotControllerWatchdogService: onStartCommand() intent=Intent { cmp=com.qualcomm.ftcrobotcontroller/org.firstinspires.ftc.ftccommon.internal.FtcRobotControllerWatchdogService } flags=0x0 startId=1
12-31 18:08:56.925  2922  2922 V FtcRobotControllerWatchdogService: shouldAutoLauchRobotController() result=true
12-31 18:08:56.927  2922  2922 V FTCService: onCreate()
12-31 18:08:56.961  2922  2922 W art     : Before Android 4.1, method double java.util.concurrent.ThreadLocalRandom.internalNextDouble(double, double) would have incorrectly overridden the package-private method in java.util.Random
12-31 18:08:56.961  2922  2922 W art     : Before Android 4.1, method int java.util.concurrent.ThreadLocalRandom.internalNextInt(int, int) would have incorrectly overridden the package-private method in java.util.Random
12-31 18:08:56.961  2922  2922 W art     : Before Android 4.1, method long java.util.concurrent.ThreadLocalRandom.internalNextLong(long, long) would have incorrectly overridden the package-private method in java.util.Random
12-31 18:08:57.000  2922  2922 V FTCService: onBind()
12-31 18:08:57.027  2922  2922 V CoreRobotWebServer: creating NanoHTTPD(8080)
12-31 18:08:57.032  2922  2922 V WebSocketManager: Registered broadcast-only namespace progress
12-31 18:08:57.038  2922  2922 V WebSocketManager: Registered handler for namespace ControlHubUpdater
12-31 18:08:57.040  2922  2922 V RobotCore: Getting network assistant of type: RCWIRELESSAP
12-31 18:08:57.042  2922  2922 I RobotControllerAccessPointAssistant: Enabling network services
12-31 18:08:57.044  2922  2922 I RobotControllerAccessPointAssistant: Sending SSID and password to AP service
12-31 18:08:57.045  2922  2922 I RobotCore: password
12-31 18:08:57.045  2922  2922 D RobotControllerAccessPointAssistant: setNetworkProperties(deviceName=FTC-eE8w, password=password, ApChannel=null) sendSettingsIndividually=false
12-31 18:08:57.045  2922  2922 I NetDiscover_ControlHubNameManager: Robot controller name: FTC-eE8w
12-31 18:08:57.045  2922  2922 I ControlHubPasswordManager: Robot controller password: password
12-31 18:08:57.046  2922  2922 D RobotControllerAccessPointAssistant: Sending bulk settings broadcast intent
12-31 18:08:57.110  2922  2991 I OpenGLRenderer: Initialized EGL, version 1.4
12-31 18:08:57.110  2922  2991 D OpenGLRenderer: Swap behavior 1
12-31 18:08:57.115  2922  2922 I RobotControllerAccessPointAssistant: Wi-Fi state change:, wifiApState: 13
12-31 18:08:57.115  2922  2922 I FTCService: onNetworkConnectionEvent: CONNECTION_INFO_AVAILABLE
12-31 18:08:57.116  2922  2922 I RobotCore: password
12-31 18:08:57.116  2922  2922 I FTCService: Network Connection Passphrase: password
12-31 18:08:57.116  2922  2922 V CoreRobotWebServer: starting port=8080
12-31 18:08:57.128  2922  2922 V RobotCore: Getting network assistant of type: RCWIRELESSAP
12-31 18:08:57.129  2922  2922 V CoreRobotWebServer: started port=8080
12-31 18:08:57.129  2922  2922 V FTCService: RCActivity.controllerService=bound
12-31 18:08:57.129  2922  2922 V UpdateUI: Network: active, disconnected
12-31 18:08:57.130  2922  2922 V RobotCore: Robot Status: stopped
12-31 18:08:57.137  2922  2997 V TooTallWebSocketServer: Started WebSocket server on port 8081
12-31 18:08:57.140  2922  3000 V RobotCore: thread: 'RobotSetupRunnable.run()' starting...
12-31 18:08:57.140  2922  3000 V FTCService: Processing robot setup
12-31 18:08:57.141  2922  3000 V RobotCore: Robot Status: stopped, scanning for USB devices
12-31 18:08:57.141  2922  3000 I AppAliveNotifier: Telling the OS to set the RC alive notification timeout to 10 seconds
12-31 18:08:57.173  2922  2922 V WebSocketManager: Registered handler for namespace ONBOTJAVA
12-31 18:08:57.182  2922  2991 I [Gralloc]:  ion device open success! fd = 92
12-31 18:08:57.251  2922  2922 I PermissionValidatorActivity: Lifecycle onDestroy : 3fca1b9
12-31 18:08:57.252  2922  2922 V AppUtil : rootActivity=PermissionValidatorWrapper destroyed
12-31 18:08:57.252  2922  2922 V AppUtil : rootActivity=FtcRobotControllerActivity
12-31 18:08:57.252  2922  2922 I PermissionValidatorActivity: Lifecycle onDestroy : e96b6b5
12-31 18:08:58.208  2922  2999 V FtcWebSocket: Opening websocket (ip=192.168.43.110/192.168.43.110 port=8081)
12-31 18:08:58.214  2922  2999 V WebSocketManager: Subscribed websocket (ip=192.168.43.110/192.168.43.110 port=8081) to namespace (progress)
12-31 18:08:58.215  2922  2999 V WebSocketManager: Subscribed websocket (ip=192.168.43.110/192.168.43.110 port=8081) to namespace (ControlHubUpdater)
12-31 18:08:58.501  2922  3016 I RobotCore: password
12-31 18:08:58.540  2922  3012 V ProgrammingModeManager: serve uri=/css/colors.less
12-31 18:08:58.785  2922  3016 I RobotCore: password
12-31 18:08:58.893  2922  3012 V ProgrammingModeManager: serve uri=/css/colors.less
12-31 18:09:00.964  2922  3012 I RobotCore: password
12-31 18:09:02.149  2922  3000 V RobotCore: EventLoopManager state is NOT_STARTED
12-31 18:09:02.149  2922  3000 V FTCService: Waiting for a connection to a Wi-Fi service
12-31 18:09:02.150  2922  3000 V RobotCore: Robot Status: stopped, waiting for network to become active
12-31 18:09:02.151  2922  3000 I RobotControllerAccessPointAssistant: Wi-Fi AP is enabled
12-31 18:09:02.151  2922  3000 V CoreRobotWebServer: Asked an already running WebServer to start
12-31 18:09:02.152  2922  3000 V RobotCore: Robot Status: stopped, starting robot
12-31 18:09:02.152  2922  3000 V Robocol : EventLoopManager.start()
12-31 18:09:02.152  2922  3000 V RobotCore: Getting network assistant of type: RCWIRELESSAP
12-31 18:09:02.153  2922  3000 I RobotControllerAccessPointAssistant: Wi-Fi AP is enabled
12-31 18:09:02.153  2922  3000 V Robocol : Spoofing a Network Connection event...
12-31 18:09:02.154  2922  3000 I EventLoopManager: onNetworkConnectionEvent: CONNECTION_INFO_AVAILABLE
12-31 18:09:02.154  2922  3000 I Robocol : Received network connection event
12-31 18:09:02.155  2922  3000 I RobotControllerAccessPointAssistant: Wi-Fi AP is enabled
12-31 18:09:02.155  2922  3000 I NetworkConnectionHandler: Handling new network connection infomation, connected: true setup needed: true
12-31 18:09:02.158  2922  3000 I RobotControllerAccessPointAssistant: Wi-Fi AP is enabled
12-31 18:09:05.184  2922  3028 V RobotCore: thread: 'SetupRunnable.run()' starting...
12-31 18:09:05.184  2922  3000 V RobotCore: EventLoopManager state is STOPPED
12-31 18:09:05.188  2922  3000 V Robocol : eventLoop=FtcEventLoop
12-31 18:09:05.189  2922  3000 V RobotCore: EventLoopManager state is INIT
12-31 18:09:05.191  2922  3000 V RobotCore: Robot Status: initializing, starting robot
12-31 18:09:05.193  2922  3000 I FtcEventLoop: ======= INIT START =======
12-31 18:09:05.195  2922  3028 D Robocol : RobocolDatagramSocket listening addr=/192.168.43.1:20884 cbRec=65520 cbSend=106496 msRecTO=300
12-31 18:09:05.196  2922  3028 V Robocol : RecvLoopRunnable created
12-31 18:09:05.200  2922  3000 V OpmodeRegistration: registered {DefaultOpMode} as {$Stop$Robot$}
12-31 18:09:05.201  2922  3029 V Robocol : PacketProcessor started
12-31 18:09:05.206  2922  3030 V Robocol : CommandProcessor started
12-31 18:09:05.207  2922  3031 V RobotCore: thread: 'RecvLoopRunnable.run()' starting...
12-31 18:09:05.211  2922  3028 V PeerDiscovery: Starting peer discovery remote: /192.168.43.1 local: /192.168.43.1
12-31 18:09:05.211  2922  3028 V PeerDiscovery: No need for initiating peer discovery, we are the Robot Controller
12-31 18:09:05.211  2922  3028 V RobotCore: Setup complete
12-31 18:09:05.212  2922  3028 V RobotCore: thread: ...terminating 'SetupRunnable.run()'
12-31 18:09:05.444  2922  3000 V MD5     : Calculated digest: 9d9a9ed11665dc92c91c475aad54ef94
12-31 18:09:05.444  2922  3000 V MD5     : Provided digest: 9d9a9ed11665dc92c91c475aad54ef94
12-31 18:09:05.510  2922  3031 E Robocol : exception SocketTimeoutException(Receive timed out): no packet received [java.net.PlainDatagramSocketImpl.receive0(Native Method)]
12-31 18:09:06.070  2922  3000 V OpmodeRegistration: registered {TeleopCalibration} as {TeleopCalibration}
12-31 18:09:06.071  2922  3000 V OpmodeRegistration: registered {Forward} as { Nept-Forward and Turning }
12-31 18:09:06.071  2922  3000 V OpmodeRegistration: registered {ConceptAutoDriveCalibration} as {POC: Auto Drive Calibration}
12-31 18:09:06.071  2922  3000 V OpmodeRegistration: registered {AutonomousRight} as {AutonomousRight}
12-31 18:09:06.072  2922  3000 V OpmodeRegistration: registered {PushbotAutodrive} as {Nep-TestMotor }
12-31 18:09:06.072  2922  3000 V OpmodeRegistration: registered {ConceptTensorFlowObjectDetection} as {POC: TensorFlow Object Detection}
