12-19 10:55:28.357 14264 14344 V EmbeddedControlHubModule: setting embedded module
12-19 10:55:28.358 14264 14344 V LynxUsb : addConfiguredModule() module#=2
12-19 10:55:28.358 14264 14437 V LynxModule: sendLEDPatternSteps(): steps=[Step(color=65280, msDuration=1000)]
12-19 10:55:28.358 14264 14344 V LynxModule: pingAndQueryKnownInterfaces mod=2
12-19 10:55:28.375 14264 14344 V LynxModule: mod#=2 queryInterface(DEKA)=54 commands starting at 4096
12-19 10:55:28.384 14264 14344 V LynxModule: sending LynxFtdiResetControlCommand(true) wasInterrupted=false
12-19 10:55:28.390 14264 14344 V LynxModule: sendLEDPatternSteps(): steps=[Step(color=65280, msDuration=4500), Step(color=0, msDuration=500), Step(color=255, msDuration=500), Step(color=0, msDuration=500), Step(color=255, msDuration=500), Step(color=0, msDuration=500)]
12-19 10:55:28.392 14264 14438 V LynxModule: received status: LynxGetModuleStatusResponse(status=0x05 alerts=0x00: KeepAliveTimeout|FailSafe)
12-19 10:55:28.393 14264 14438 V LynxModule: resendCurrentPattern()
12-19 10:55:28.393 14264 14438 V LynxModule: sendLEDPatternSteps(): steps=[Step(color=65280, msDuration=4500), Step(color=0, msDuration=500), Step(color=255, msDuration=500), Step(color=0, msDuration=500), Step(color=255, msDuration=500), Step(color=0, msDuration=500)]
12-19 10:55:28.402 14264 14344 V LynxMotor: initializeHardware() mod#=173
12-19 10:55:28.452 14264 14344 V RobotCore: DcMotorImpl(type=goBILDA5202SeriesMotor)
12-19 10:55:28.453 14264 14344 V RobotCore: DcMotorImpl(type=goBILDA5202SeriesMotor)
12-19 10:55:28.454 14264 14344 V RobotCore: DcMotorImpl(type=goBILDA5202SeriesMotor)
12-19 10:55:28.454 14264 14344 V RobotCore: DcMotorImpl(type=goBILDA5202SeriesMotor)
12-19 10:55:28.455 14264 14344 V LynxServoController: initializeHardware() mod#=173
12-19 10:55:28.483 14264 14344 V LynxVoltageSensor: initializeHardware() mod#=173
12-19 10:55:28.484 14264 14344 V LynxAnalogInputController: initializeHardware() mod#=173
12-19 10:55:28.485 14264 14344 V LynxDigitalChannelController: initializeHardware() mod#=173
12-19 10:55:28.505 14264 14344 V RobotCore: Creating user sensor REV internal IMU (BNO055) - on Lynx module=173 bus=0
12-19 10:55:28.506 14264 14344 I RobotCore: LynxFirmwareVersionManager: LynxI2cDeviceSynchV2
12-19 10:55:28.506 14264 14344 V LynxI2cDeviceSynch: initializeHardware() mod#=173
12-19 10:55:28.510 14264 14344 V BNO055  : Suppressing I2C warnings while we check for a BNO055 IMU
12-19 10:55:28.515 14264 14344 V BNO055  : Found BNO055 IMU
12-19 10:55:28.515 14264 14344 V BNO055  : Suppressing I2C warnings while we check for a BNO055 IMU
12-19 10:55:28.520 14264 14344 V BNO055  : Found BNO055 IMU
12-19 10:55:28.677 14264 14344 I RobotCore: LynxFirmwareVersionManager: LynxI2cDeviceSynchV2
12-19 10:55:28.678 14264 14344 V LynxI2cDeviceSynch: initializeHardware() mod#=173
12-19 10:55:28.680 14264 14344 V RobotCore: Creating user sensor REV 2M Distance Sensor - on Lynx module=173 bus=1
12-19 10:55:28.680 14264 14344 I RobotCore: LynxFirmwareVersionManager: LynxI2cDeviceSynchV2
12-19 10:55:28.682 14264 14344 V LynxI2cDeviceSynch: initializeHardware() mod#=173
12-19 10:55:28.683 14264 14344 V RobotCore: Creating user sensor REV Color Sensor V3 - on Lynx module=173 bus=2
12-19 10:55:28.683 14264 14344 I RobotCore: LynxFirmwareVersionManager: LynxI2cDeviceSynchV2
12-19 10:55:28.684 14264 14344 V LynxI2cDeviceSynch: initializeHardware() mod#=173
12-19 10:55:28.687 14264 14344 I I2C     : Automatically initializing I2C device RevColorSensorV3 (USB (embedded); module 173; bus 2; addr7=0x00)
12-19 10:55:28.687 14264 14344 V BroadcomColorSensorImpl: internalInitialize()...
12-19 10:55:28.696 14264 14344 V BroadcomColorSensorImpl: state: 07 37 20 1d 42 01 c2 
12-19 10:55:28.696 14264 14344 V BroadcomColorSensorImpl: setGain(0x01)
12-19 10:55:28.700 14264 14344 V BroadcomColorSensorImpl: setLEDParameters(0x37)
12-19 10:55:28.704 14264 14344 V BroadcomColorSensorImpl: setProximityPulseCount(0x20)
12-19 10:55:28.708 14264 14344 V BroadcomColorSensorImpl: setPSMeasRate(0x1d)
12-19 10:55:28.712 14264 14344 V BroadcomColorSensorImpl: setLSMeasRate(0x42)
12-19 10:55:28.720 14264 14344 V BroadcomColorSensorImpl: enable() enabled=0x07...
12-19 10:55:28.728 14264 14344 V BroadcomColorSensorImpl: ...enable() enabled=0x07
12-19 10:55:28.736 14264 14344 V BroadcomColorSensorImpl: state: 07 37 20 1d 42 01 c2 
12-19 10:55:28.736 14264 14344 V BroadcomColorSensorImpl: ...internalInitialize()
12-19 10:55:28.737 14264 14344 V LynxMotor: initializeHardware() mod#=2
12-19 10:55:28.800 14264 14344 V RobotCore: DcMotorImpl(type=goBILDA5202SeriesMotor)
12-19 10:55:28.800 14264 14344 V RobotCore: DcMotorImpl(type=goBILDA5202SeriesMotor)
12-19 10:55:28.801 14264 14344 V LynxServoController: initializeHardware() mod#=2
12-19 10:55:28.836 14264 14344 V LynxVoltageSensor: initializeHardware() mod#=2
12-19 10:55:28.836 14264 14344 V LynxAnalogInputController: initializeHardware() mod#=2
12-19 10:55:28.837 14264 14344 V LynxDigitalChannelController: initializeHardware() mod#=2
12-19 10:55:28.862 14264 14344 V RobotCore: Creating Webcam [D5386480]
12-19 10:55:28.863 14264 14344 V CameraManager: construct(hash=0x04f134bf|inst#=0)
12-19 10:55:28.865 14264 14344 D libusb  : [ 0.000237] [00003808] libusb: debug [op_init] sysfs(/sys/bus/usb/devices) available
12-19 10:55:28.865 14264 14344 D libusb  : [ 0.000342] [00003808] libusb: debug [op_init] sysfs can relate devices
12-19 10:55:28.865 14264 14344 D libusb  : [ 0.000380] [00003808] libusb: debug [op_init] sysfs has complete descriptors
12-19 10:55:28.865 14264 14344 D libusb  : [ 0.000417] [00003808] libusb: debug [op_init] sysfs has serial numbers
12-19 10:55:28.863 14264 14264 I pRunnable.run(): type=1400 audit(0.0:618): avc: denied { read } for name="devices" dev="sysfs" ino=7258 scontext=u:r:untrusted_app:s0:c512,c768 tcontext=u:object_r:sysfs:s0 tclass=dir permissive=1
12-19 10:55:28.866 14264 14344 V UvcContext: construct(pointer=0xc8a7fec0|inst#=0)
12-19 10:55:28.863 14264 14264 I pRunnable.run(): type=1400 audit(0.0:619): avc: denied { open } for path="/sys/bus/usb/devices" dev="sysfs" ino=7258 scontext=u:r:untrusted_app:s0:c512,c768 tcontext=u:object_r:sysfs:s0 tclass=dir permissive=1
12-19 10:55:28.876 14264 14344 I RobotCore: ========= Device Information ===================================================
12-19 10:55:28.876 14264 14344 I RobotCore: Type                                               Name                           Connection
12-19 10:55:28.877 14264 14344 I RobotCore: Motor                                              LeftSlider                     USB (embedded); module 2; port 1
12-19 10:55:28.878 14264 14344 I RobotCore: Motor                                              RightSlider                    USB (embedded); module 2; port 0
12-19 10:55:28.879 14264 14344 I RobotCore: REV 2M ToF Distance Sensor                         fcds                           USB (embedded); module 173; bus 1; addr7=0x29
12-19 10:55:28.880 14264 14344 I RobotCore: Rev Color Sensor v3                                cs                             USB (embedded); module 173; bus 2; addr7=0x52
12-19 10:55:28.881 14264 14344 I RobotCore: REV Robotics USB Expansion Hub Portal              Control Hub Portal             USB (embedded)
12-19 10:55:28.882 14264 14344 I RobotCore: Motor                                              FrontLeft                      USB (embedded); module 173; port 0
12-19 10:55:28.882 14264 14344 I RobotCore: Motor                                              BackRight                      USB (embedded); module 173; port 3
12-19 10:55:28.883 14264 14344 I RobotCore: Expansion Hub DC Motor Controller                  Expansion Hub 2                USB (embedded); module 2
12-19 10:55:28.885 14264 14344 I RobotCore: Expansion Hub Servo Controller                     Expansion Hub 2                USB (embedded); module 2
12-19 10:55:28.886 14264 14344 I RobotCore: Expansion Hub Voltage Sensor                       Expansion Hub 2                USB (embedded); module 2
12-19 10:55:28.886 14264 14344 I RobotCore: Expansion Hub Analog Input Controller              Expansion Hub 2                USB (embedded); module 2
12-19 10:55:28.888 14264 14344 I RobotCore: Expansion Hub Digital Channel Controller           Expansion Hub 2                USB (embedded); module 2
12-19 10:55:28.894 14264 14344 I RobotCore: Expansion Hub (HW: 20, Maj: 1, Min: 8, Eng: 2)     Expansion Hub 2                USB (embedded); module 2
12-19 10:55:28.895 14264 14344 I RobotCore: REV internal IMU (BNO055)                          imu                            USB (embedded); module 173; bus 0; addr7=0x28
12-19 10:55:28.896 14264 14344 I RobotCore: REV internal IMU (BNO055)                          imu                            USB (embedded); module 173; bus 0; addr7=0x28
12-19 10:55:28.906 14264 14344 I RobotCore: Logitech C270 HD WEBCAM                            Webcam 1                       USB (D5386480)
12-19 10:55:28.907 14264 14344 I RobotCore: Expansion Hub DC Motor Controller                  Control Hub                    USB (embedded); module 173
12-19 10:55:28.908 14264 14344 I RobotCore: Expansion Hub Servo Controller                     Control Hub                    USB (embedded); module 173
12-19 10:55:28.908 14264 14344 I RobotCore: Expansion Hub Voltage Sensor                       Control Hub                    USB (embedded); module 173
12-19 10:55:28.909 14264 14344 I RobotCore: Expansion Hub Analog Input Controller              Control Hub                    USB (embedded); module 173
12-19 10:55:28.909 14264 14344 I RobotCore: Expansion Hub Digital Channel Controller           Control Hub                    USB (embedded); module 173
12-19 10:55:28.913 14264 14344 I RobotCore: Expansion Hub (HW: 20, Maj: 1, Min: 8, Eng: 2)     Control Hub                    USB (embedded); module 173
12-19 10:55:28.913 14264 14344 I RobotCore: Servo                                              ClawServo                      USB (embedded); module 173; port 0
12-19 10:55:28.914 14264 14344 I RobotCore: Motor                                              FrontRight                     USB (embedded); module 173; port 1
12-19 10:55:28.915 14264 14344 I RobotCore: Motor                                              BackLeft                       USB (embedded); module 173; port 2
12-19 10:55:28.915 14264 14344 I RobotCore: Servo                                              ArmServo                       USB (embedded); module 173; port 1
12-19 10:55:28.919 14264 14344 I RobotCore: LynxFirmwareVersionManager: LynxI2cDeviceSynchV2
12-19 10:55:28.919 14264 14344 V LynxI2cDeviceSynch: initializeHardware() mod#=173
12-19 10:55:28.919 14264 14344 V BHI260IMU: Suppressing I2C warnings while we check for a BHI260AP IMU
12-19 10:55:28.924 14264 14344 V BHI260IMU: No BHI260AP IMU found
12-19 10:55:28.924 14264 14344 V BNO055  : Suppressing I2C warnings while we check for a BNO055 IMU
12-19 10:55:28.929 14264 14344 V BNO055  : Found BNO055 IMU
12-19 10:55:28.935 14264 14344 I RobotCore: LynxFirmwareVersionManager: LynxI2cDeviceSynchV2
12-19 10:55:28.935 14264 14344 V LynxI2cDeviceSynch: initializeHardware() mod#=2
12-19 10:55:28.935 14264 14344 V BNO055  : Suppressing I2C warnings while we check for a BNO055 IMU
12-19 10:55:28.941 14264 14344 V BNO055  : Found BNO055 IMU
12-19 10:55:28.951 14264 14344 V LynxUsb : 0x030febe0 on 0x0071859d: releasing delegate to [(embedded)]
12-19 10:55:28.951 14264 14344 I FtcEventLoop: ======= INIT FINISH =======
12-19 10:55:28.951 14264 14344 V RobotCore: EventLoopManager state is RUNNING
12-19 10:55:28.952 14264 14406 W art     : Long monitor contention with owner RobotSetupRunnable.run() (14344) at int libcore.io.Posix.writeBytes(java.io.FileDescriptor, java.lang.Object, int, int)(Posix.java:-2) waiters=0 in org.firstinspires.ftc.robotcore.internal.network.CallbackResult com.qualcomm.robotcore.eventloop.EventLoopManager.commandEvent(com.qualcomm.robotcore.robocol.Command) for 1.724s
12-19 10:55:28.953 14264 14344 V RobotCore: Robot Status: running, starting robot
12-19 10:55:28.953 14264 14344 V RobotCore: Robot Status: running
12-19 10:55:28.954 14264 14411 V Robocol : sending CMD_NOTIFY_ROBOT_STATE(70), attempt: 0
12-19 10:55:28.958 14264 14444 V RobotCore: thread: 'EventLoop' starting...
12-19 10:55:28.958 14264 14344 D FTCService: Detecting Wi-Fi reset
12-19 10:55:28.960 14264 14344 D RobotControllerAccessPointAssistant: detectWifiReset button=false
12-19 10:55:28.962 14264 14344 V RobotCore: thread: ...terminating 'RobotSetupRunnable.run()'
12-19 10:55:28.962 14264 14406 E Robocol : command processing took 1735 ms: command=CMD_REQUEST_ACTIVE_CONFIG
12-19 10:55:28.994 14264 14411 V Robocol : sending CMD_SHOW_TOAST(72), attempt: 0
12-19 10:55:28.995 14264 14411 V Robocol : sending CMD_NOTIFY_ACTIVE_CONFIGURATION(74), attempt: 0
12-19 10:55:29.034 14264 14411 V Robocol : sending CMD_NOTIFY_USER_DEVICE_LIST(78), attempt: 0
12-19 10:55:29.036 14264 14411 V Robocol : sending CMD_NOTIFY_OP_MODE_LIST(81), attempt: 0
12-19 10:55:29.049 14264 14414 V SoundInfo: construct(0x0e734690)
12-19 10:55:29.101 14264 14413 I MediaCodec: callingProcessName:com.qualcomm.ftcrobotcontroller
12-19 10:55:29.103 14264 14449 I ACodec  : onAllocateComponent:6752 mSoftCodecPref:0 componentName:
12-19 10:55:29.105 14264 14449 I ACodec  : onAllocateComponent:6783 mSoftCodecPref:0 componentName:OMX.google.raw.decoder
12-19 10:55:29.154 14264 14304 D SoundPlayer: onLoadComplete(samp=2|ms=4506, samp=2)=0
12-19 10:55:29.155 14264 14414 W AudioTrack: AUDIO_OUTPUT_FLAG_FAST denied by client; transfer 4, track 48000 Hz, output 44100 Hz
12-19 10:55:29.180 14264 14414 D SoundPlayer: playing volume=0.000000 samp=2|ms=4506
12-19 10:55:29.194 14264 14411 V Robocol : sending CMD_PLAY_SOUND(94), attempt: 0
12-19 10:55:29.473 14264 14444 I RobotCore: Attempting to switch to op mode $Stop$Robot$
12-19 10:55:29.476 14264 14444 D HardwareMap: Clearing which device instances have been retrieved
12-19 10:55:29.476 14264 14444 D HardwareMap: Clearing which device instances have been retrieved
12-19 10:55:29.480 14264 14453 V RobotCore: thread: 'OpModeThread' starting...
12-19 10:55:29.514 14264 14411 V Robocol : sending CMD_NOTIFY_INIT_OP_MODE(104), attempt: 0
12-19 10:56:03.830 14264 14405 V Robocol : received command: CMD_INIT_OP_MODE(10531) $Stop$Robot$
12-19 10:56:03.849 14264 14453 V RobotCore: thread: ...terminating 'OpModeThread'
12-19 10:56:03.852 14264 14444 I RobotCore: Attempting to switch to op mode $Stop$Robot$
12-19 10:56:03.853 14264 14444 D HardwareMap: Clearing which device instances have been retrieved
12-19 10:56:03.853 14264 14444 D HardwareMap: Clearing which device instances have been retrieved
12-19 10:56:03.857 14264 14565 V RobotCore: thread: 'OpModeThread' starting...
12-19 10:56:03.874 14264 14411 V Robocol : sending CMD_NOTIFY_INIT_OP_MODE(579), attempt: 0
12-19 10:56:05.387 14264 14405 V Robocol : received command: CMD_SET_MATCH_NUMBER(10558) 0
12-19 10:56:05.390 14264 14405 V Robocol : received command: CMD_INIT_OP_MODE(10559) Autonomous_Test
12-19 10:56:05.414 14264 14406 I RobotCore: ******************** START - OPMODE Autonomous_Test ********************
12-19 10:56:05.420 14264 14565 V RobotCore: thread: ...terminating 'OpModeThread'
12-19 10:56:05.423 14264 14444 I RobotCore: Attempting to switch to op mode Autonomous_Test
12-19 10:56:05.652 14264 14444 D HardwareMap: Clearing which device instances have been retrieved
12-19 10:56:05.652 14264 14444 D HardwareMap: Clearing which device instances have been retrieved
12-19 10:56:05.657 14264 14568 V RobotCore: thread: 'OpModeThread' starting...
12-19 10:56:05.663 14264 14568 I global  :  RENO - AutonomousRight.runOpMode(AutonomousRight.java:138): Status - Initialized
12-19 10:56:05.674 14264 14411 V Robocol : sending CMD_NOTIFY_INIT_OP_MODE(619), attempt: 0
12-19 10:56:05.684 14264 14568 I System.out: OpenCvCameraBase ctor: EasyOpenCV version 1.5.2
12-19 10:56:05.692 14264 14569 D CameraManager: doOpenCamera()...
12-19 10:56:05.692 14264 14568 I global  :  RENO - SlidersWith2Motors.init(SlidersWith2Motors.java:75): init slider motors.
12-19 10:56:05.693 14264 14569 D CameraManager: requesting permission for camera: Webcam(D5386480)
12-19 10:56:05.704 14264 14569 D WebcamNameImpl: requesting permission for /dev/bus/usb/003/003
12-19 10:56:05.705 14264 14569 V WebcamNameImpl: asyncRequestUsbPermission()...
12-19 10:56:05.708 14264 14569 D WebcamNameImpl: permission already available for /dev/bus/usb/003/003
12-19 10:56:05.710 14264 14569 V WebcamNameImpl: ...asyncRequestUsbPermission()
12-19 10:56:05.711 14264 14569 D ContinuationSynchronizer: awaiting(camera open)...
12-19 10:56:05.713 14264 14570 D WebcamNameImpl: permission for /dev/bus/usb/003/003=true
12-19 10:56:05.714 14264 14570 D CameraManager: permission granted for camera: Webcam(D5386480)
12-19 10:56:05.715 14264 14411 V Robocol : sending CMD_STREAM_CHANGE(620), attempt: 0
12-19 10:56:05.717 14264 14570 D CameraManager: asyncOpenCamera(Webcam(D5386480))...
12-19 10:56:05.719 14264 14570 D CameraManager: asyncOpenWebcam(Webcam(D5386480))...
12-19 10:56:05.723 14264 14570 V UsbResiliantWebcam: construct(0x02552297)
12-19 10:56:05.730 14264 14570 D UsbResiliantWebcam: openAssumingPermission()...
12-19 10:56:05.737 14264 14264 D OpenCvViewport: surfaceCreated()
12-19 10:56:05.737 14264 14264 D OpenCvViewport: ...surfaceCreated()
12-19 10:56:05.737 14264 14264 D OpenCvViewport: surfaceChanged()
12-19 10:56:05.737 14264 14264 D OpenCvViewport: CheckState(): user requested that we deactivate
12-19 10:56:05.737 14264 14264 D OpenCvViewport: CheckState(): already deactivated
12-19 10:56:05.737 14264 14264 D OpenCvViewport: ...surfaceChanged()
12-19 10:56:05.744 14264 14570 D UvcContext: usb device is *not* UVC compatible, /dev/bus/usb/003/004
12-19 10:56:05.745 14264 14570 D UvcContext: found webcam: usbPath=/dev/bus/usb/003/003 vid=0x46D pid=0x825 serial=D5386480 product=C270 HD WEBCAM
12-19 10:56:05.747 14264 14570 D Uvc     : [jni_context.cpp:120] Java_org_firstinspires_ftc_robotcore_internal_camera_libuvc_nativeobject_UvcContext_nativeCreateUvcDevice()...
12-19 10:56:05.747 14264 14570 V Uvc     : API: Java_org_firstinspires_ftc_robotcore_internal_camera_libuvc_nativeobject_UvcContext_nativeCreateUvcDevice: enter...
12-19 10:56:05.750 14264 14570 D libusb  : [36.885206] [000038ea] libusb: debug [op_create] op_create: szUsbPath=/dev/bus/usb/003/003 szSysfsDir=3-1.4
12-19 10:56:05.752 14264 14570 D libusb  : [36.887781] [000038ea] libusb: debug [initialize_device] initialize_device(szUsbPath=/dev/bus/usb/003/003 szSysfsDir=3-1.4)
12-19 10:56:05.754 14264 14568 I global  :  RENO - ChassisWith4Motors.init(ChassisWith4Motors.java:122): init driving motors.
12-19 10:56:05.757 14264 14570 D libusb  : [36.893103] [000038ea] libusb: debug [initialize_device] initialize_device(szUsbPath=(null) szSysfsDir=3-1)
12-19 10:56:05.758 14264 14570 E libusb  : [36.893607] [000038ea] libusb: error [initialize_device] unable to open serial number sysfs; error ignored
12-19 10:56:05.758 14264 14570 D libusb  : [36.894023] [000038ea] libusb: debug [initialize_device] initialize_device(szUsbPath=(null) szSysfsDir=usb3)
12-19 10:56:05.759 14264 14570 D Uvc     : [device.cpp:613] uvc_create_uvc_device()...
12-19 10:56:05.759 14264 14570 D Uvc     : [libuvc/libuvc_internal.h:346] uvc_device::uvc_device()...
12-19 10:56:05.759 14264 14570 D Uvc     : [libuvc/libuvc_internal.h:375] acquired vid=1133 & pid=2085
12-19 10:56:05.759 14264 14570 D Uvc     : [libuvc/libuvc_internal.h:346] ...uvc_device::uvc_device()
12-19 10:56:05.759 14264 14570 D Uvc     : [device.cpp:613] ...uvc_create_uvc_device() rc=0
12-19 10:56:05.759 14264 14570 V Uvc     : API: Java_org_firstinspires_ftc_robotcore_internal_camera_libuvc_nativeobject_UvcContext_nativeCreateUvcDevice: ...exit
12-19 10:56:05.759 14264 14570 D Uvc     : [jni_context.cpp:120] ...Java_org_firstinspires_ftc_robotcore_internal_camera_libuvc_nativeobject_UvcContext_nativeCreateUvcDevice()
12-19 10:56:05.760 14264 14570 V UvcDevice: construct(pointer=0xc8c95850|null)
12-19 10:56:05.762 14264 14570 D Uvc     : [jni_device.cpp:108] Java_org_firstinspires_ftc_robotcore_internal_camera_libuvc_nativeobject_UvcDevice_nativeGetLibUsbDevice()...
12-19 10:56:05.762 14264 14570 D Uvc     : [jni_device.cpp:108] ...Java_org_firstinspires_ftc_robotcore_internal_camera_libuvc_nativeobject_UvcDevice_nativeGetLibUsbDevice()
12-19 10:56:05.762 14264 14570 V LibUsbDevice: construct(pointer=0xcd72faa0)
12-19 10:56:05.769 14264 14570 D UvcDevice: open()...
12-19 10:56:05.813 14264 14568 I I2C     : Automatically initializing I2C device LynxEmbeddedIMU (USB (embedded); module 173; bus 0; addr7=0x28)
12-19 10:56:05.814 14264 14568 V BNO055  : Suppressing I2C warnings while we check for a BNO055 IMU
12-19 10:56:05.818 14264 14568 V BNO055  : Found BNO055 IMU
12-19 10:56:05.829 14264 14570 D Uvc     : [jni_device.cpp:50] Java_org_firstinspires_ftc_robotcore_internal_camera_libuvc_nativeobject_UvcDevice_nativeSetUsbDeviceInfo()...
12-19 10:56:05.829 14264 14570 D Uvc     : [jni_device.cpp:50] ...Java_org_firstinspires_ftc_robotcore_internal_camera_libuvc_nativeobject_UvcDevice_nativeSetUsbDeviceInfo()
12-19 10:56:05.830 14264 14570 D Uvc     : [jni_device.cpp:233] Java_org_firstinspires_ftc_robotcore_internal_camera_libuvc_nativeobject_UvcDevice_nativeOpenDeviceHandle()...
12-19 10:56:05.831 14264 14570 V Uvc     : API: Java_org_firstinspires_ftc_robotcore_internal_camera_libuvc_nativeobject_UvcDevice_nativeOpenDeviceHandle: enter...
12-19 10:56:05.831 14264 14570 D Uvc     : [device.cpp:279] uvc_open()...
12-19 10:56:05.831 14264 14570 D Uvc     : [libuvc/libuvc_internal.h:356] uvc_device::open()...
12-19 10:56:05.831 14264 14570 D libusb  : [36.966360] [000038ea] libusb: debug [op_open] op_open: szUsbPath=/dev/bus/usb/003/003
12-19 10:56:05.831 14264 14570 D Uvc     : [libuvc/libuvc_internal.h:356] ...uvc_device::open() rc=0
12-19 10:56:05.831 14264 14570 D Uvc     : [device.cpp:295] calling libusb_reset_device()...
12-19 10:56:06.253 14264 14568 V BNO055IMU: Now polling until IMU comes out of reset. It is normal to see I2C failures below
12-19 10:56:06.258 14264 14568 V RobotCore: addr=false data=true arb=false clock=false
12-19 10:56:06.259 14264 14568 E LynxI2cDeviceSynch: readStatusQuery: cbExpected=1 cbRead=0
12-19 10:56:06.259 14264 14568 E LynxI2cDeviceSynch: placeholder: readStatusQuery
12-19 10:56:06.324 14264 14568 V RobotCore: addr=false data=true arb=false clock=false
12-19 10:56:06.325 14264 14568 E LynxI2cDeviceSynch: readStatusQuery: cbExpected=1 cbRead=0
12-19 10:56:06.402 14264 14570 D Uvc     : [device.cpp:303] ...libusb_reset_device() called
12-19 10:56:06.402 14264 14570 D Uvc     : [device.cpp:311] libusb_open() = 0
12-19 10:56:06.402 14264 14570 D Uvc     : [libuvc/libuvc_internal.h:732] uvc_device_handle::uvc_device_handle()...
12-19 10:56:06.402 14264 14570 D Uvc     : [libuvc/libuvc_internal.h:732] ...uvc_device_handle::uvc_device_handle()
12-19 10:56:06.402 14264 14570 D Uvc     : [device.cpp:386] uvc_get_device_info()...
12-19 10:56:06.402 14264 14570 D libusb  : [37.537775] [000038ea] libusb: debug [op_get_config_descriptor] op_get_config_descriptor: config_index=0
12-19 10:56:06.402 14264 14570 D libusb  : [37.537928] [000038ea] libusb: debug [op_get_config_descriptor] op_get_config_descriptor: config_index=0
12-19 10:56:06.402 14264 14570 D Uvc     : [device.cpp:986] uvc_scan_control()...
12-19 10:56:06.403 14264 14570 D Uvc     : [device.cpp:1041] uvc_parse_vc_header()...
12-19 10:56:06.404 14264 14570 D Uvc     : [device.cpp:1284] uvc_scan_streaming()...
12-19 10:56:06.404 14264 14570 D Uvc     : [device.cpp:1340] uvc_parse_vs_input_header()...
12-19 10:56:06.404 14264 14570 D Uvc     : [device.cpp:1340] ...uvc_parse_vs_input_header() rc=0
12-19 10:56:06.405 14264 14570 D Uvc     : [device.cpp:1389] uvc_parse_vs_format_uncompressed()...
12-19 10:56:06.405 14264 14570 D Uvc     : [device.cpp:1389] ...uvc_parse_vs_format_uncompressed() rc=0
12-19 10:56:06.406 14264 14570 V Uvc     : [device.cpp:1630] unsupported descriptor subtype: 13 UVC_VS_COLORFORMAT
12-19 10:56:06.406 14264 14570 D Uvc     : [device.cpp:1449] uvc_parse_vs_format_mjpeg()...
12-19 10:56:06.406 14264 14570 D Uvc     : [device.cpp:1449] ...uvc_parse_vs_format_mjpeg() rc=0
12-19 10:56:06.407 14264 14570 V Uvc     : [device.cpp:1630] unsupported descriptor subtype: 13 UVC_VS_COLORFORMAT
12-19 10:56:06.407 14264 14570 D Uvc     : [device.cpp:1284] ...uvc_scan_streaming() rc=0
12-19 10:56:06.407 14264 14570 D Uvc     : [device.cpp:1041] ...uvc_parse_vc_header() rc=0
12-19 10:56:06.407 14264 14570 D Uvc     : [device.cpp:1083] uvc_parse_vc_input_terminal()...
12-19 10:56:06.408 14264 14570 D Uvc     : [device.cpp:1083] ...uvc_parse_vc_input_terminal() rc=0
12-19 10:56:06.408 14264 14570 D Uvc     : [device.cpp:1156] uvc_parse_vc_processing_unit()...
12-19 10:56:06.408 14264 14570 D Uvc     : [device.cpp:1156] ...uvc_parse_vc_processing_unit() rc=0
12-19 10:56:06.408 14264 14570 D Uvc     : [device.cpp:986] ...uvc_scan_control() rc=0
12-19 10:56:06.408 14264 14570 D Uvc     : [device.cpp:386] ...uvc_get_device_info() rc=0
12-19 10:56:06.408 14264 14570 D Uvc     : [device.cpp:326] claiming control interface 0
12-19 10:56:06.408 14264 14570 D Uvc     : [libuvc/libuvc_internal.h:770] uvc_device_handle::claimInterface(idx=0)...
12-19 10:56:06.409 14264 14570 D UvcDevice: claimInterface(0)
12-19 10:56:06.409 14264 14570 D UvcDevice: claimInterface(0) succeeded
12-19 10:56:06.410 14264 14570 D Uvc     : [libuvc/libuvc_internal.h:783] claimInterface(0) succeeded
12-19 10:56:06.410 14264 14570 D Uvc     : [libuvc/libuvc_internal.h:770] ...uvc_device_handle::claimInterface() rc=0
12-19 10:56:06.411 14264 14570 D Uvc     : [device.cpp:279] ...uvc_open() rc=0
12-19 10:56:06.411 14264 14570 V Uvc     : API: Java_org_firstinspires_ftc_robotcore_internal_camera_libuvc_nativeobject_UvcDevice_nativeOpenDeviceHandle: ...exit
12-19 10:56:06.411 14264 14570 D Uvc     : [jni_device.cpp:233] ...Java_org_firstinspires_ftc_robotcore_internal_camera_libuvc_nativeobject_UvcDevice_nativeOpenDeviceHandle()
12-19 10:56:06.412 14264 14570 V UvcDeviceHandle: construct(pointer=0xc87d0fd0)
12-19 10:56:06.415 14264 14570 V CameraImpl: construct(0x065780a2)
12-19 10:56:06.417 14264 14570 D UsbResiliantWebcam.InterveningStateCallback: onOpened() camera=CameraImpl(UvcDeviceHandle(pointer=0xc87d0fd0|UvcDevice(/dev/bus/usb/003/003)))...
12-19 10:56:06.419 14264 14570 D UsbResiliantWebcam: changeDelegatedCamera(null->CameraImpl(UvcDeviceHandle(pointer=0xc87d0fd0|UvcDevice(/dev/bus/usb/003/003))))...
12-19 10:56:06.420 14264 14570 D UvcApiFocusControl: isModeSupported(Auto)...
12-19 10:56:06.422 14264 14570 D UvcApiFocusControl: ...isModeSupported(Auto): false
12-19 10:56:06.423 14264 14570 D UvcApiFocusControl: isModeSupported(ContinuousAuto)...
12-19 10:56:06.423 14264 14570 D UvcApiFocusControl: ...isModeSupported(ContinuousAuto): false
12-19 10:56:06.424 14264 14570 D UvcApiFocusControl: isModeSupported(Macro)...
12-19 10:56:06.424 14264 14570 D UvcApiFocusControl: ...isModeSupported(Macro): false
12-19 10:56:06.425 14264 14570 D UvcApiFocusControl: isModeSupported(Infinity)...
12-19 10:56:06.425 14264 14570 D UvcApiFocusControl: ...isModeSupported(Infinity): false
12-19 10:56:06.425 14264 14570 D UvcApiFocusControl: isModeSupported(Fixed)...
12-19 10:56:06.426 14264 14570 D UvcApiFocusControl: ...isModeSupported(Fixed): true
12-19 10:56:06.426 14264 14570 D UvcApiFocusControl: isFocusLengthSupported...
12-19 10:56:06.428 14264 14570 D UvcApiFocusControl: ...isFocusLengthSupported: false
12-19 10:56:06.434 14264 14570 D CachingExposureControl: onCameraChanged(null->CameraImpl(UvcDeviceHandle(pointer=0xc87d0fd0|UvcDevice(/dev/bus/usb/003/003))))...
12-19 10:56:06.435 14264 14570 D UvcApiExposureControl: isModeSupported(Auto)...
12-19 10:56:06.438 14264 14570 D UvcApiExposureControl: ...isModeSupported(Auto): false
12-19 10:56:06.439 14264 14570 D UvcApiExposureControl: isModeSupported(ContinuousAuto)...
12-19 10:56:06.440 14264 14570 D UvcApiExposureControl: ...isModeSupported(ContinuousAuto): false
12-19 10:56:06.441 14264 14570 D UvcApiExposureControl: isModeSupported(Manual)...
12-19 10:56:06.443 14264 14570 D UvcApiExposureControl: ...isModeSupported(Manual): true
12-19 10:56:06.443 14264 14570 D UvcApiExposureControl: isModeSupported(ShutterPriority)...
12-19 10:56:06.445 14264 14570 D UvcApiExposureControl: ...isModeSupported(ShutterPriority): false
12-19 10:56:06.445 14264 14570 D UvcApiExposureControl: isModeSupported(AperturePriority)...
12-19 10:56:06.447 14264 14570 D UvcApiExposureControl: ...isModeSupported(AperturePriority): true
12-19 10:56:06.447 14264 14570 D UvcApiExposureControl: isExposureSupported()...
12-19 10:56:06.449 14264 14570 D UvcApiExposureControl: ...isExposureSupported(): true
12-19 10:56:06.449 14264 14570 D UvcApiExposureControl: getMinExposure(NANOSECONDS)...
12-19 10:56:06.451 14264 14570 D Uvc     : [jni_devicehandle.cpp:645] Java_org_firstinspires_ftc_robotcore_internal_camera_libuvc_nativeobject_UvcDeviceHandle_nativeGetMinExposure()...
12-19 10:56:06.452 14264 14570 D Uvc     : [jni_devicehandle.cpp:645] ...Java_org_firstinspires_ftc_robotcore_internal_camera_libuvc_nativeobject_UvcDeviceHandle_nativeGetMinExposure()
12-19 10:56:06.453 14264 14570 D UvcApiExposureControl: ...getMinExposure(NANOSECONDS): 100000
12-19 10:56:06.453 14264 14570 D UvcApiExposureControl: getMaxExposure(NANOSECONDS)...
12-19 10:56:06.457 14264 14570 D UvcApiExposureControl: ...getMaxExposure(NANOSECONDS): 1000000000
12-19 10:56:06.457 14264 14570 D UvcApiExposureControl: setAePriority()...
12-19 10:56:06.460 14264 14570 D UvcApiExposureControl: ...setAePriority()
12-19 10:56:06.461 14264 14570 D UvcApiExposureControl: getMode()...
12-19 10:56:06.462 14264 14570 D Uvc     : [jni_devicehandle.cpp:493] Java_org_firstinspires_ftc_robotcore_internal_camera_libuvc_nativeobject_UvcDeviceHandle_nativeGetVuforiaExposureMode()...
12-19 10:56:06.464 14264 14570 D Uvc     : [jni_devicehandle.cpp:493] ...Java_org_firstinspires_ftc_robotcore_internal_camera_libuvc_nativeobject_UvcDeviceHandle_nativeGetVuforiaExposureMode()
12-19 10:56:06.464 14264 14570 D UvcApiExposureControl: ...getMode(): AperturePriority
12-19 10:56:06.468 14264 14570 D CachingExposureControl: ...onCameraChanged(null->CameraImpl(UvcDeviceHandle(pointer=0xc87d0fd0|UvcDevice(/dev/bus/usb/003/003))))
12-19 10:56:06.468 14264 14570 D UvcApiPtzControl: getMinZoom()...
12-19 10:56:06.470 14264 14570 E UvcDeviceHandle: [jni_devicehandle.cpp:219] Failed to get min zoom : error -9
12-19 10:56:06.471 14264 14570 D UvcApiPtzControl: ...getMinZoom(): 0
12-19 10:56:06.471 14264 14570 D UvcApiPtzControl: getMaxZoom()...
12-19 10:56:06.473 14264 14570 E UvcDeviceHandle: [jni_devicehandle.cpp:242] Failed to get max zoom : error -9
12-19 10:56:06.474 14264 14570 D UvcApiPtzControl: ...getMaxZoom(): 0
12-19 10:56:06.474 14264 14570 D UvcApiPtzControl: getMinPanTilt()...
12-19 10:56:06.476 14264 14570 E UvcDeviceHandle: [jni_devicehandle.cpp:365] Failed to get min pan/tilt : error -9
12-19 10:56:06.477 14264 14570 D UvcApiPtzControl: ...getMinPanTilt(): org.firstinspires.ftc.robotcore.external.hardware.camera.controls.PtzControl$PanTiltHolder@8a1a5a1
12-19 10:56:06.477 14264 14570 D UvcApiPtzControl: getMaxPanTilt()...
12-19 10:56:06.479 14264 14570 E UvcDeviceHandle: [jni_devicehandle.cpp:333] Failed to get max pan/tilt : error -9
12-19 10:56:06.479 14264 14570 D UvcApiPtzControl: ...getMaxPanTilt(): org.firstinspires.ftc.robotcore.external.hardware.camera.controls.PtzControl$PanTiltHolder@8d0c3c6
12-19 10:56:06.480 14264 14570 D UvcApiPtzControl: getZoom()...
12-19 10:56:06.482 14264 14570 E UvcDeviceHandle: [jni_devicehandle.cpp:196] Failed to get zoom : error -9
12-19 10:56:06.483 14264 14570 D UvcApiPtzControl: ...getZoom(): 0
12-19 10:56:06.483 14264 14570 D UvcApiPtzControl: getPanTilt()...
12-19 10:56:06.485 14264 14570 E UvcDeviceHandle: [jni_devicehandle.cpp:301] Failed to get pan/tilt : error -9
12-19 10:56:06.485 14264 14570 D UvcApiPtzControl: ...getPanTilt(): org.firstinspires.ftc.robotcore.external.hardware.camera.controls.PtzControl$PanTiltHolder@daddf87
12-19 10:56:06.486 14264 14570 D UvcApiGainControl: getMinGain()...
12-19 10:56:06.488 14264 14570 D Uvc     : [jni_devicehandle.cpp:894] Java_org_firstinspires_ftc_robotcore_internal_camera_libuvc_nativeobject_UvcDeviceHandle_nativeGetMinGain()...
12-19 10:56:06.489 14264 14570 D Uvc     : [jni_devicehandle.cpp:894] ...Java_org_firstinspires_ftc_robotcore_internal_camera_libuvc_nativeobject_UvcDeviceHandle_nativeGetMinGain()
12-19 10:56:06.490 14264 14570 D UvcApiGainControl: ...getMinGain(): 0
12-19 10:56:06.490 14264 14570 D UvcApiGainControl: getMaxGain()...
12-19 10:56:06.490 14264 14568 V BNO055IMU: IMU has come out of reset. No more I2C failures should occur.
12-19 10:56:06.491 14264 14570 D Uvc     : [jni_devicehandle.cpp:917] Java_org_firstinspires_ftc_robotcore_internal_camera_libuvc_nativeobject_UvcDeviceHandle_nativeGetMaxGain()...
12-19 10:56:06.493 14264 14570 D Uvc     : [jni_devicehandle.cpp:917] ...Java_org_firstinspires_ftc_robotcore_internal_camera_libuvc_nativeobject_UvcDeviceHandle_nativeGetMaxGain()
12-19 10:56:06.494 14264 14570 D UvcApiGainControl: ...getMaxGain(): 255
12-19 10:56:06.494 14264 14570 D UvcApiGainControl: getGain()...
12-19 10:56:06.496 14264 14570 D Uvc     : [jni_devicehandle.cpp:940] Java_org_firstinspires_ftc_robotcore_internal_camera_libuvc_nativeobject_UvcDeviceHandle_nativeGetGain()...
12-19 10:56:06.498 14264 14570 D Uvc     : [jni_devicehandle.cpp:940] ...Java_org_firstinspires_ftc_robotcore_internal_camera_libuvc_nativeobject_UvcDeviceHandle_nativeGetGain()
12-19 10:56:06.499 14264 14570 D UvcApiGainControl: ...getGain(): 0
12-19 10:56:06.499 14264 14570 D UvcApiWhiteBalanceControl: getMinWhiteBalanceTemperature()...
12-19 10:56:06.501 14264 14570 D Uvc     : [jni_devicehandle.cpp:726] Java_org_firstinspires_ftc_robotcore_internal_camera_libuvc_nativeobject_UvcDeviceHandle_nativeGetMinWhiteBalanceTemperature()...
12-19 10:56:06.503 14264 14570 D Uvc     : [jni_devicehandle.cpp:726] ...Java_org_firstinspires_ftc_robotcore_internal_camera_libuvc_nativeobject_UvcDeviceHandle_nativeGetMinWhiteBalanceTemperature()
12-19 10:56:06.503 14264 14570 D UvcApiWhiteBalanceControl: ...getMinWhiteBalanceTemperature(): 0
12-19 10:56:06.503 14264 14570 D UvcApiWhiteBalanceControl: getMaxWhiteBalanceTemperature()...
12-19 10:56:06.505 14264 14570 D Uvc     : [jni_devicehandle.cpp:748] Java_org_firstinspires_ftc_robotcore_internal_camera_libuvc_nativeobject_UvcDeviceHandle_nativeGetMaxWhiteBalanceTemperature()...
12-19 10:56:06.507 14264 14570 D Uvc     : [jni_devicehandle.cpp:748] ...Java_org_firstinspires_ftc_robotcore_internal_camera_libuvc_nativeobject_UvcDeviceHandle_nativeGetMaxWhiteBalanceTemperature()
12-19 10:56:06.507 14264 14570 D UvcApiWhiteBalanceControl: ...getMaxWhiteBalanceTemperature(): 10000
12-19 10:56:06.507 14264 14570 D UvcApiWhiteBalanceControl: getWhiteBalanceTemperature()...
12-19 10:56:06.508 14264 14570 D Uvc     : [jni_devicehandle.cpp:793] Java_org_firstinspires_ftc_robotcore_internal_camera_libuvc_nativeobject_UvcDeviceHandle_nativeGetWhiteBalanceTemperature()...
12-19 10:56:06.510 14264 14570 D Uvc     : [jni_devicehandle.cpp:793] ...Java_org_firstinspires_ftc_robotcore_internal_camera_libuvc_nativeobject_UvcDeviceHandle_nativeGetWhiteBalanceTemperature()
12-19 10:56:06.510 14264 14570 D UvcApiWhiteBalanceControl: ...getWhiteBalanceTemperature(): 4000
12-19 10:56:06.510 14264 14570 D UsbResiliantWebcam: ...changeDelegatedCamera(null->CameraImpl(UvcDeviceHandle(pointer=0xc87d0fd0|UvcDevice(/dev/bus/usb/003/003))))
12-19 10:56:06.511 14264 14570 D UsbResiliantWebcam: openSelfAndReport()...
12-19 10:56:06.511 14264 14570 V CameraImpl: construct(0x068d7eb4)
12-19 10:56:06.513 14264 14570 D UsbResiliantWebcam: ...openSelfAndReport()
12-19 10:56:06.513 14264 14570 D UsbResiliantWebcam.InterveningStateCallback: ...onOpened() camera=CameraImpl(UvcDeviceHandle(pointer=0xc87d0fd0|UvcDevice(/dev/bus/usb/003/003)))
12-19 10:56:06.514 14264 14570 D UvcDevice: ...open()
12-19 10:56:06.514 14264 14570 D UsbResiliantWebcam: ...openAssumingPermission()
12-19 10:56:06.514 14264 14570 D CameraManager: ...asyncOpenWebcam(Webcam(D5386480))
12-19 10:56:06.514 14264 14570 D CameraManager: ...asyncOpenCamera(Webcam(D5386480))
12-19 10:56:06.515 14264 14573 D CameraManager: camera reports opened: CameraImpl(UsbResiliantWebcam(Webcam(D5386480)))
12-19 10:56:06.516 14264 14573 D ContinuationSynchronizer: finish("camera reports opened: Webcam(D5386480)": CameraImpl(UsbResiliantWebcam(Webcam(D5386480))))...
12-19 10:56:06.517 14264 14569 D ContinuationSynchronizer: ...awaiting(camera open)
12-19 10:56:06.517 14264 14569 D CameraManager: ...doOpenCamera()
12-19 10:56:06.518 14264 14573 D ContinuationSynchronizer: ...finish("camera reports opened: Webcam(D5386480)": CameraImpl(UsbResiliantWebcam(Webcam(D5386480))))
12-19 10:56:06.522 14264 14569 D UvcContext: usb device is *not* UVC compatible, /dev/bus/usb/003/004
12-19 10:56:06.522 14264 14569 D UvcContext: found webcam: usbPath=/dev/bus/usb/003/003 vid=0x46D pid=0x825 serial=D5386480 product=C270 HD WEBCAM
12-19 10:56:06.523 14264 14569 D Uvc     : [jni_context.cpp:120] Java_org_firstinspires_ftc_robotcore_internal_camera_libuvc_nativeobject_UvcContext_nativeCreateUvcDevice()...
12-19 10:56:06.523 14264 14569 V Uvc     : API: Java_org_firstinspires_ftc_robotcore_internal_camera_libuvc_nativeobject_UvcContext_nativeCreateUvcDevice: enter...
12-19 10:56:06.524 14264 14569 D libusb  : [37.659830] [000038e9] libusb: debug [op_create] op_create: szUsbPath=/dev/bus/usb/003/003 szSysfsDir=3-1.4
12-19 10:56:06.524 14264 14569 D Uvc     : [device.cpp:613] uvc_create_uvc_device()...
12-19 10:56:06.524 14264 14569 D Uvc     : [libuvc/libuvc_internal.h:346] uvc_device::uvc_device()...
12-19 10:56:06.524 14264 14569 D Uvc     : [libuvc/libuvc_internal.h:375] acquired vid=1133 & pid=2085
12-19 10:56:06.524 14264 14569 D Uvc     : [libuvc/libuvc_internal.h:346] ...uvc_device::uvc_device()
12-19 10:56:06.524 14264 14569 D Uvc     : [device.cpp:613] ...uvc_create_uvc_device() rc=0
12-19 10:56:06.524 14264 14569 V Uvc     : API: Java_org_firstinspires_ftc_robotcore_internal_camera_libuvc_nativeobject_UvcContext_nativeCreateUvcDevice: ...exit
12-19 10:56:06.525 14264 14569 D Uvc     : [jni_context.cpp:120] ...Java_org_firstinspires_ftc_robotcore_internal_camera_libuvc_nativeobject_UvcContext_nativeCreateUvcDevice()
12-19 10:56:06.525 14264 14569 V UvcDevice: construct(pointer=0xc8c95ad0|null)
12-19 10:56:06.525 14264 14569 D Uvc     : [jni_device.cpp:108] Java_org_firstinspires_ftc_robotcore_internal_camera_libuvc_nativeobject_UvcDevice_nativeGetLibUsbDevice()...
12-19 10:56:06.525 14264 14569 D Uvc     : [jni_device.cpp:108] ...Java_org_firstinspires_ftc_robotcore_internal_camera_libuvc_nativeobject_UvcDevice_nativeGetLibUsbDevice()
12-19 10:56:06.526 14264 14569 V LibUsbDevice: construct(pointer=0xcd72faa0)
12-19 10:56:06.526 14264 14569 V UvcApiCameraCharacteristicsBuilder: construct(0x08055652)
12-19 10:56:06.529 14264 14569 D Uvc     : [jni_device.cpp:289] Java_org_firstinspires_ftc_robotcore_internal_camera_libuvc_nativeobject_UvcDevice_nativeGetDeviceInfo()...
12-19 10:56:06.529 14264 14569 V Uvc     : API: Java_org_firstinspires_ftc_robotcore_internal_camera_libuvc_nativeobject_UvcDevice_nativeGetDeviceInfo: enter...
12-19 10:56:06.529 14264 14569 D Uvc     : [device.cpp:386] uvc_get_device_info()...
12-19 10:56:06.529 14264 14569 D libusb  : [37.664990] [000038e9] libusb: debug [op_get_config_descriptor] op_get_config_descriptor: config_index=0
12-19 10:56:06.529 14264 14569 D libusb  : [37.665052] [000038e9] libusb: debug [op_get_config_descriptor] op_get_config_descriptor: config_index=0
12-19 10:56:06.529 14264 14569 D Uvc     : [device.cpp:986] uvc_scan_control()...
12-19 10:56:06.529 14264 14569 D Uvc     : [device.cpp:1041] uvc_parse_vc_header()...
12-19 10:56:06.530 14264 14569 D Uvc     : [device.cpp:1284] uvc_scan_streaming()...
12-19 10:56:06.530 14264 14569 D Uvc     : [device.cpp:1340] uvc_parse_vs_input_header()...
12-19 10:56:06.530 14264 14569 D Uvc     : [device.cpp:1340] ...uvc_parse_vs_input_header() rc=0
12-19 10:56:06.530 14264 14569 D Uvc     : [device.cpp:1389] uvc_parse_vs_format_uncompressed()...
12-19 10:56:06.530 14264 14569 D Uvc     : [device.cpp:1389] ...uvc_parse_vs_format_uncompressed() rc=0
12-19 10:56:06.530 14264 14569 V Uvc     : [device.cpp:1630] unsupported descriptor subtype: 13 UVC_VS_COLORFORMAT
12-19 10:56:06.530 14264 14569 D Uvc     : [device.cpp:1449] uvc_parse_vs_format_mjpeg()...
12-19 10:56:06.530 14264 14569 D Uvc     : [device.cpp:1449] ...uvc_parse_vs_format_mjpeg() rc=0
12-19 10:56:06.531 14264 14569 V Uvc     : [device.cpp:1630] unsupported descriptor subtype: 13 UVC_VS_COLORFORMAT
12-19 10:56:06.531 14264 14569 D Uvc     : [device.cpp:1284] ...uvc_scan_streaming() rc=0
12-19 10:56:06.531 14264 14569 D Uvc     : [device.cpp:1041] ...uvc_parse_vc_header() rc=0
12-19 10:56:06.531 14264 14569 D Uvc     : [device.cpp:1083] uvc_parse_vc_input_terminal()...
12-19 10:56:06.531 14264 14569 D Uvc     : [device.cpp:1083] ...uvc_parse_vc_input_terminal() rc=0
12-19 10:56:06.531 14264 14569 D Uvc     : [device.cpp:1156] uvc_parse_vc_processing_unit()...
12-19 10:56:06.531 14264 14569 D Uvc     : [device.cpp:1156] ...uvc_parse_vc_processing_unit() rc=0
12-19 10:56:06.531 14264 14569 D Uvc     : [device.cpp:986] ...uvc_scan_control() rc=0
12-19 10:56:06.531 14264 14569 D Uvc     : [device.cpp:386] ...uvc_get_device_info() rc=0
12-19 10:56:06.531 14264 14569 V Uvc     : API: Java_org_firstinspires_ftc_robotcore_internal_camera_libuvc_nativeobject_UvcDevice_nativeGetDeviceInfo: ...exit
12-19 10:56:06.531 14264 14569 D Uvc     : [jni_device.cpp:289] ...Java_org_firstinspires_ftc_robotcore_internal_camera_libuvc_nativeobject_UvcDevice_nativeGetDeviceInfo()
12-19 10:56:06.532 14264 14569 V UvcDeviceInfo: construct(pointer=0xc860d200)
12-19 10:56:06.535 14264 14569 V UvcStreamingInterface: construct(pointer=0xc8bfe500)
12-19 10:56:06.629 14264 14569 V UvcStreamingInterface: destroy(pointer=0xc8bfe500)
12-19 10:56:06.629 14264 14569 V UvcDeviceInfo: destroy(pointer=0xc860d200)
12-19 10:56:06.630 14264 14569 D Uvc     : [jni_deviceinfo.cpp:63] Java_org_firstinspires_ftc_robotcore_internal_camera_libuvc_nativeobject_UvcDeviceInfo_nativeFreeDeviceInfo()...
12-19 10:56:06.630 14264 14569 V Uvc     : API: Java_org_firstinspires_ftc_robotcore_internal_camera_libuvc_nativeobject_UvcDeviceInfo_nativeFreeDeviceInfo: enter...
12-19 10:56:06.630 14264 14569 D Uvc     : [device.cpp:433] uvc_free_device_info()...
12-19 10:56:06.630 14264 14569 D Uvc     : [device.cpp:433] ...uvc_free_device_info()
12-19 10:56:06.630 14264 14569 V Uvc     : API: Java_org_firstinspires_ftc_robotcore_internal_camera_libuvc_nativeobject_UvcDeviceInfo_nativeFreeDeviceInfo: ...exit
12-19 10:56:06.630 14264 14569 D Uvc     : [jni_deviceinfo.cpp:63] ...Java_org_firstinspires_ftc_robotcore_internal_camera_libuvc_nativeobject_UvcDeviceInfo_nativeFreeDeviceInfo()
12-19 10:56:06.631 14264 14569 V UvcApiCameraCharacteristicsBuilder: destroy(hash=0x08055652)
12-19 10:56:06.631 14264 14569 V UvcDevice: destroy(pointer=0xc8c95ad0|/dev/bus/usb/003/003)
12-19 10:56:06.632 14264 14569 D Uvc     : [jni_device.cpp:126] Java_org_firstinspires_ftc_robotcore_internal_camera_libuvc_nativeobject_UvcDevice_nativeReleaseRefDevice()...
12-19 10:56:06.632 14264 14569 V Uvc     : API: Java_org_firstinspires_ftc_robotcore_internal_camera_libuvc_nativeobject_UvcDevice_nativeReleaseRefDevice: enter...
12-19 10:56:06.632 14264 14569 D Uvc     : [device.cpp:882] uvc_unref_device()...
12-19 10:56:06.632 14264 14569 D Uvc     : [device.cpp:882] ...uvc_unref_device()
12-19 10:56:06.632 14264 14569 V Uvc     : API: Java_org_firstinspires_ftc_robotcore_internal_camera_libuvc_nativeobject_UvcDevice_nativeReleaseRefDevice: ...exit
12-19 10:56:06.632 14264 14569 D Uvc     : [jni_device.cpp:126] ...Java_org_firstinspires_ftc_robotcore_internal_camera_libuvc_nativeobject_UvcDevice_nativeReleaseRefDevice()
12-19 10:56:06.633 14264 14569 V LibUsbDevice: destroy(pointer=0xcd72faa0)
12-19 10:56:06.634 14264 14569 D Uvc     : [jni_libusb_device.cpp:64] Java_org_firstinspires_ftc_robotcore_internal_camera_libuvc_nativeobject_LibUsbDevice_nativeReleaseRefDevice()...
12-19 10:56:06.634 14264 14569 D Uvc     : [jni_libusb_device.cpp:64] ...Java_org_firstinspires_ftc_robotcore_internal_camera_libuvc_nativeobject_LibUsbDevice_nativeReleaseRefDevice()
12-19 10:56:06.636 14264 14569 D OpenCvViewport: CheckState(): user requested that we activate
12-19 10:56:06.636 14264 14569 D OpenCvViewport: CheckState(): activating viewport
12-19 10:56:06.636 14264 14569 D UsbResiliantWebcam: createCaptureSession()...
12-19 10:56:06.637 14264 14569 V DelCaptureSession: construct(0x0ffeed23)
12-19 10:56:06.638 14264 14574 D OpenCvViewportRenderThread: Render thread is up!
12-19 10:56:06.639 14264 14569 D UsbResiliantWebcam|DelCaptureSession: onCameraChange(null->CameraImpl(UvcDeviceHandle(pointer=0xc87d0fd0|UvcDevice(/dev/bus/usb/003/003))))...
12-19 10:56:06.639 14264 14569 D UsbResiliantWebcam|DelCaptureSession: ...onCameraChange(null->CameraImpl(UvcDeviceHandle(pointer=0xc87d0fd0|UvcDevice(/dev/bus/usb/003/003))))
12-19 10:56:06.641 14264 14569 D CachingExposureControl: onCameraChanged(CameraImpl(UvcDeviceHandle(pointer=0xc87d0fd0|UvcDevice(/dev/bus/usb/003/003)))->CameraImpl(UvcDeviceHandle(pointer=0xc87d0fd0|UvcDevice(/dev/bus/usb/003/003))))...
12-19 10:56:06.641 14264 14569 D CachingExposureControl: ...onCameraChanged(CameraImpl(UvcDeviceHandle(pointer=0xc87d0fd0|UvcDevice(/dev/bus/usb/003/003)))->CameraImpl(UvcDeviceHandle(pointer=0xc87d0fd0|UvcDevice(/dev/bus/usb/003/003))))
12-19 10:56:06.641 14264 14569 D UsbResiliantWebcam: ...createCaptureSession()
12-19 10:56:06.642 14264 14575 D UsbResiliantWebcam|DelCaptureSession: startCapture()...
12-19 10:56:06.642 14264 14575 V DelCaptureSequence: construct(0x043867d9)
12-19 10:56:06.644 14264 14575 D UsbResiliantWebcam|DelCaptureSequence: onCameraChange(null->CameraImpl(UvcDeviceHandle(pointer=0xc87d0fd0|UvcDevice(/dev/bus/usb/003/003))))...
12-19 10:56:06.644 14264 14575 D UsbResiliantWebcam|DelCaptureSequence: pauseStreaming(Stopped)...
12-19 10:56:06.644 14264 14575 D UsbResiliantWebcam|DelCaptureSequence: ...pauseStreaming(Stopped)
12-19 10:56:06.645 14264 14575 D UsbResiliantWebcam|DelCaptureSequence: resumeStreaming(Stopped)...
12-19 10:56:06.645 14264 14575 D UsbResiliantWebcam|DelCaptureSequence: ...resumeStreaming(Stopped)
12-19 10:56:06.645 14264 14575 D UsbResiliantWebcam|DelCaptureSequence: ...onCameraChange(null->CameraImpl(UvcDeviceHandle(pointer=0xc87d0fd0|UvcDevice(/dev/bus/usb/003/003))))
12-19 10:56:06.645 14264 14575 D UsbResiliantWebcam|DelCaptureSequence: startStreaming(Stopped)...
12-19 10:56:06.645 14264 14575 D UsbResiliantWebcam|DelCaptureSequence: doStreaming()...
12-19 10:56:06.646 14264 14575 V UvcApiCaptureSession: construct(0x067e859e)
12-19 10:56:06.647 14264 14573 D UsbResiliantWebcam|DelCaptureSession: camera session is configured: Webcam(D5386480)
12-19 10:56:06.648 14264 14575 V UvcApiCameraCaptureSequence: construct(0x06c9387f)
12-19 10:56:06.649 14264 14575 D UvcDeviceHandle: getStreamControl(320x240 30)...
12-19 10:56:06.650 14264 14575 V UvcStreamCtrl: construct(0x041df04c)
12-19 10:56:06.652 14264 14575 D Uvc     : [jni_devicehandle.cpp:115] Java_org_firstinspires_ftc_robotcore_internal_camera_libuvc_nativeobject_UvcDeviceHandle_nativeGetStreamControlFormatSize()...
12-19 10:56:06.652 14264 14575 V Uvc     : API: Java_org_firstinspires_ftc_robotcore_internal_camera_libuvc_nativeobject_UvcDeviceHandle_nativeGetStreamControlFormatSize: enter...
12-19 10:56:06.652 14264 14575 D Uvc     : [stream.cpp:373] uvc_get_stream_ctrl_format_size()...
12-19 10:56:06.652 14264 14575 D Uvc     : [libuvc/libuvc_internal.h:770] uvc_device_handle::claimInterface(idx=1)...
12-19 10:56:06.652 14264 14575 D UvcDevice: claimInterface(1)
12-19 10:56:06.653 14264 14575 D UvcDevice: claimInterface(1) succeeded
12-19 10:56:06.653 14264 14575 D Uvc     : [libuvc/libuvc_internal.h:783] claimInterface(1) succeeded
12-19 10:56:06.653 14264 14575 D Uvc     : [libuvc/libuvc_internal.h:770] ...uvc_device_handle::claimInterface() rc=0
12-19 10:56:06.653 14264 14575 D UvcStream: [stream.cpp:412] 320x240 30fps
12-19 10:56:06.653 14264 14575 D Uvc     : [stream.cpp:162] uvc_query_stream_ctrl()...
12-19 10:56:06.657 14264 14575 D Uvc     : [stream.cpp:162] ...uvc_query_stream_ctrl() rc=0
12-19 10:56:06.657 14264 14575 D Uvc     : [libuvc/libuvc_internal.h:793] uvc_device_handle::releaseInterface()...
12-19 10:56:06.657 14264 14575 D UvcDevice: releaseInterface(1)
12-19 10:56:06.658 14264 14575 D UvcDevice: releaseInterface(1) succeeded
12-19 10:56:06.658 14264 14575 D Uvc     : [libuvc/libuvc_internal.h:793] ...uvc_device_handle::releaseInterface() rc=0
12-19 10:56:06.658 14264 14575 D Uvc     : [stream.cpp:523] uvc_probe_stream_ctrl()...
12-19 10:56:06.658 14264 14575 D Uvc     : [libuvc/libuvc_internal.h:770] uvc_device_handle::claimInterface(idx=1)...
12-19 10:56:06.658 14264 14575 D UvcDevice: claimInterface(1)
12-19 10:56:06.658 14264 14575 D UvcDevice: claimInterface(1) succeeded
12-19 10:56:06.658 14264 14575 D Uvc     : [libuvc/libuvc_internal.h:783] claimInterface(1) succeeded
12-19 10:56:06.658 14264 14575 D Uvc     : [libuvc/libuvc_internal.h:770] ...uvc_device_handle::claimInterface() rc=0
