12-31 18:03:42.449  1792  1849 V WebSocketManager: Subscribed websocket (ip=192.168.43.107/192.168.43.107 port=8081) to namespace (progress)
12-31 18:03:42.450  1792  1849 V WebSocketManager: Subscribed websocket (ip=192.168.43.107/192.168.43.107 port=8081) to namespace (ControlHubUpdater)
12-31 18:03:45.587  1792  1850 V RobotCore: EventLoopManager state is NOT_STARTED
12-31 18:03:45.587  1792  1850 V FTCService: Waiting for a connection to a Wi-Fi service
12-31 18:03:45.588  1792  1850 V RobotCore: Robot Status: stopped, waiting for network to become active
12-31 18:03:45.589  1792  1850 I RobotControllerAccessPointAssistant: Wi-Fi AP is enabled
12-31 18:03:45.589  1792  1850 V CoreRobotWebServer: Asked an already running WebServer to start
12-31 18:03:45.590  1792  1850 V RobotCore: Robot Status: stopped, starting robot
12-31 18:03:45.590  1792  1850 V Robocol : EventLoopManager.start()
12-31 18:03:45.590  1792  1850 V RobotCore: Getting network assistant of type: RCWIRELESSAP
12-31 18:03:45.591  1792  1850 I RobotControllerAccessPointAssistant: Wi-Fi AP is enabled
12-31 18:03:45.591  1792  1850 V Robocol : Spoofing a Network Connection event...
12-31 18:03:45.591  1792  1850 I EventLoopManager: onNetworkConnectionEvent: CONNECTION_INFO_AVAILABLE
12-31 18:03:45.591  1792  1850 I Robocol : Received network connection event
12-31 18:03:45.592  1792  1850 I RobotControllerAccessPointAssistant: Wi-Fi AP is enabled
12-31 18:03:45.592  1792  1850 I NetworkConnectionHandler: Handling new network connection infomation, connected: true setup needed: true
12-31 18:03:45.593  1792  1850 I RobotControllerAccessPointAssistant: Wi-Fi AP is enabled
12-31 18:03:48.615  1792  1877 V RobotCore: thread: 'SetupRunnable.run()' starting...
12-31 18:03:48.615  1792  1850 V RobotCore: EventLoopManager state is STOPPED
12-31 18:03:48.619  1792  1850 V Robocol : eventLoop=FtcEventLoop
12-31 18:03:48.620  1792  1850 V RobotCore: EventLoopManager state is INIT
12-31 18:03:48.621  1792  1850 V RobotCore: Robot Status: initializing, starting robot
12-31 18:03:48.621  1792  1850 I FtcEventLoop: ======= INIT START =======
12-31 18:03:48.623  1792  1850 V OpmodeRegistration: registered {DefaultOpMode} as {$Stop$Robot$}
12-31 18:03:48.625  1792  1877 D Robocol : RobocolDatagramSocket listening addr=/192.168.43.1:20884 cbRec=65520 cbSend=106496 msRecTO=300
12-31 18:03:48.626  1792  1877 V Robocol : RecvLoopRunnable created
12-31 18:03:48.629  1792  1878 V Robocol : PacketProcessor started
12-31 18:03:48.633  1792  1879 V Robocol : CommandProcessor started
12-31 18:03:48.636  1792  1880 V RobotCore: thread: 'RecvLoopRunnable.run()' starting...
12-31 18:03:48.638  1792  1877 V PeerDiscovery: Starting peer discovery remote: /192.168.43.1 local: /192.168.43.1
12-31 18:03:48.639  1792  1877 V PeerDiscovery: No need for initiating peer discovery, we are the Robot Controller
12-31 18:03:48.639  1792  1877 V RobotCore: Setup complete
12-31 18:03:48.639  1792  1877 V RobotCore: thread: ...terminating 'SetupRunnable.run()'
12-31 18:03:48.886  1792  1850 V MD5     : Calculated digest: 9d9a9ed11665dc92c91c475aad54ef94
12-31 18:03:48.886  1792  1850 V MD5     : Provided digest: 9d9a9ed11665dc92c91c475aad54ef94
12-31 18:03:48.938  1792  1880 E Robocol : exception SocketTimeoutException(Receive timed out): no packet received [java.net.PlainDatagramSocketImpl.receive0(Native Method)]
12-31 18:03:49.515  1792  1850 V OpmodeRegistration: registered {AutoFlipRight} as {Auto Flip Right}
12-31 18:03:49.515  1792  1850 V OpmodeRegistration: registered {AutonomousLeft} as {Autonomous_Left}
12-31 18:03:49.515  1792  1850 V OpmodeRegistration: registered {TeleopDualDrivers} as {Teleop_DualDrivers}
12-31 18:03:49.516  1792  1850 V OpmodeRegistration: registered {AutonomousTest} as {Only For Test}
12-31 18:03:49.517  1792  1850 V OpmodeRegistration: registered {AutoSwingRight} as {Swing arm - Right}
12-31 18:03:49.517  1792  1850 V OpmodeRegistration: registered {TeleopTest} as {Teleop_Test}
12-31 18:03:49.518  1792  1850 V OpmodeRegistration: registered {AutonomousRight} as {Autonomous_Right}
12-31 18:03:49.570  1792  1850 V FtcEventLoop: Ensuring that the embedded Control Hub module is set up correctly
12-31 18:03:49.575  1792  1850 V RobotCore: Creating REV Robotics USB Expansion Hub Portal [(embedded)]
12-31 18:03:49.575  1792  1850 V LynxUsb : creating new [(embedded)]: 0x09cc6451
12-31 18:03:49.579  1792  1850 V FtDeviceManager: createDeviceInfoList(): 0 USB devices
12-31 18:03:49.576  1792  1792 I pRunnable.run(): type=1400 audit(0.0:166): avc: denied { read } for name="ttyS1" dev="tmpfs" ino=1092 scontext=u:r:untrusted_app:s0:c512,c768 tcontext=u:object_r:serial_device:s0 tclass=chr_file permissive=1
12-31 18:03:49.579  1792  1850 V RobotUsbManagerCombining: FTDI driver failed to open USB device with serial number (embedded) (returned null device)
12-31 18:03:49.576  1792  1792 I pRunnable.run(): type=1400 audit(0.0:167): avc: denied { write } for name="ttyS1" dev="tmpfs" ino=1092 scontext=u:r:untrusted_app:s0:c512,c768 tcontext=u:object_r:serial_device:s0 tclass=chr_file permissive=1
12-31 18:03:49.576  1792  1792 I pRunnable.run(): type=1400 audit(0.0:168): avc: denied { open } for path="/dev/ttyS1" dev="tmpfs" ino=1092 scontext=u:r:untrusted_app:s0:c512,c768 tcontext=u:object_r:serial_device:s0 tclass=chr_file permissive=1
12-31 18:03:49.576  1792  1792 I pRunnable.run(): type=1400 audit(0.0:169): avc: denied { ioctl } for path="/dev/ttyS1" dev="tmpfs" ino=1092 ioctlcmd=5401 scontext=u:r:untrusted_app:s0:c512,c768 tcontext=u:object_r:serial_device:s0 tclass=chr_file permissive=1
12-31 18:03:49.576  1792  1792 I pRunnable.run(): type=1400 audit(0.0:170): avc: denied { read } for name="value" dev="sysfs" ino=13327 scontext=u:r:untrusted_app:s0:c512,c768 tcontext=u:object_r:sysfs:s0 tclass=file permissive=1
12-31 18:03:49.576  1792  1792 I pRunnable.run(): type=1400 audit(0.0:171): avc: denied { open } for path="/sys/devices/pinctrl.26/gpio/gpio50/value" dev="sysfs" ino=13327 scontext=u:r:untrusted_app:s0:c512,c768 tcontext=u:object_r:sysfs:s0 tclass=file permissive=1
12-31 18:03:49.576  1792  1792 I pRunnable.run(): type=1400 audit(0.0:172): avc: denied { getattr } for path="/sys/devices/pinctrl.26/gpio/gpio50/value" dev="sysfs" ino=13327 scontext=u:r:untrusted_app:s0:c512,c768 tcontext=u:object_r:sysfs:s0 tclass=file permissive=1
12-31 18:03:49.580  1792  1850 V SerialPortNative: [SerialPort.cpp:150] opened(/dev/ttyS1): fd=102
12-31 18:03:49.581  1792  1850 V RobotUsbDeviceTTY: opening serial=(embedded) file=/dev/ttyS1
12-31 18:03:49.582  1792  1850 V LynxUsb : armDevice() serial=(embedded)...
12-31 18:03:49.582  1792  1850 V LynxUsb : resetDevice() serial=(embedded)
12-31 18:03:49.580  1792  1792 I pRunnable.run(): type=1400 audit(0.0:173): avc: denied { write } for name="value" dev="sysfs" ino=16645 scontext=u:r:untrusted_app:s0:c512,c768 tcontext=u:object_r:sysfs:s0 tclass=file permissive=1
12-31 18:03:49.583  1792  1850 V LynxModule: resetting embedded usb device: isPresent: was=true
12-31 18:03:49.941  1792  1850 V LynxUsb : ...done armDevice()
12-31 18:03:49.941  1792  1885 V RobotCore: thread: 'lynx incoming datagrams' starting...
12-31 18:03:49.941  1792  1850 V LynxUsb : 0x09bf9124 on 0x09cc6451: new delegate to [(embedded)]
12-31 18:03:49.949  1792  1850 V LynxUsb : addConfiguredModule() module#=173
12-31 18:03:49.949  1792  1850 V LynxModule: pingAndQueryKnownInterfaces mod=173
12-31 18:03:49.952  1792  1885 V LynxUsb : synchronization gained: serial=(embedded)
12-31 18:03:49.972  1792  1850 V LynxModule: mod#=173 queryInterface(DEKA)=54 commands starting at 4096
12-31 18:03:49.985  1792  1850 V LynxModule: sending LynxFtdiResetControlCommand(true) wasInterrupted=false
12-31 18:03:49.991  1792  1850 V LynxModule: sendLEDPatternSteps(): steps=[Step(color=65280, msDuration=1000)]
12-31 18:03:49.997  1792  1850 V LynxModule: setAsControlHubEmbeddedModule(mod=173)
12-31 18:03:49.997  1792  1850 V EmbeddedControlHubModule: setting embedded module
12-31 18:03:49.997  1792  1850 V LynxModule: sending LynxFtdiResetControlCommand(false) wasInterrupted=false
12-31 18:03:50.000  1792  1850 V LynxModule: close(#173)
12-31 18:03:50.001  1792  1850 V LynxUsb : Verified that the embedded Control Hub module has the correct address
12-31 18:03:50.002  1792  1850 V LynxUsb : addConfiguredModule() module#=173
12-31 18:03:50.003  1792  1850 V LynxModule: pingAndQueryKnownInterfaces mod=173
12-31 18:03:50.016  1792  1850 V LynxModule: mod#=173 queryInterface(DEKA)=54 commands starting at 4096
12-31 18:03:50.026  1792  1850 V LynxModule: sending LynxFtdiResetControlCommand(true) wasInterrupted=false
12-31 18:03:50.031  1792  1850 V LynxModule: sendLEDPatternSteps(): steps=[Step(color=65280, msDuration=1000)]
12-31 18:03:50.035  1792  1850 V LynxModule: setAsControlHubEmbeddedModule(mod=173)
12-31 18:03:50.035  1792  1850 V EmbeddedControlHubModule: setting embedded module
12-31 18:03:50.035  1792  1850 I RobotCore: LynxFirmwareVersionManager: LynxI2cDeviceSynchV2
12-31 18:03:50.036  1792  1850 V LynxI2cDeviceSynch: initializeHardware() mod#=173
12-31 18:03:50.036  1792  1850 V BHI260IMU: Suppressing I2C warnings while we check for a BHI260AP IMU
12-31 18:03:50.041  1792  1850 V BHI260IMU: No BHI260AP IMU found
12-31 18:03:50.042  1792  1850 V BNO055  : Suppressing I2C warnings while we check for a BNO055 IMU
12-31 18:03:50.046  1792  1850 V BNO055  : Found BNO055 IMU
12-31 18:03:50.046  1792  1850 V LynxModule: sending LynxFtdiResetControlCommand(false) wasInterrupted=false
12-31 18:03:50.048  1792  1850 V LynxModule: close(#173)
12-31 18:03:50.049  1792  1850 V HardwareFactory: createHardwareMap()
12-31 18:03:50.049  1792  1850 V EmbeddedControlHubModule: clearing embedded module
12-31 18:03:50.062  1792  1850 V ReadXMLFileHandler: embedded lynx USB device is already present
12-31 18:03:50.062  1792  1850 V RobotCore: Creating REV Robotics USB Expansion Hub Portal [(embedded)]
12-31 18:03:50.062  1792  1850 V LynxUsb : using existing [(embedded)]: 0x09cc6451
12-31 18:03:50.063  1792  1850 V LynxUsb : 0x04201f2d on 0x09cc6451: new delegate to [(embedded)]
12-31 18:03:50.063  1792  1850 V RobotCore: Creating Lynx Module - mod=173 parent=true
12-31 18:03:50.065  1792  1850 V RobotCore: Creating Lynx Module - mod=2 parent=false
12-31 18:03:50.066  1792  1850 V LynxUsb : addConfiguredModule() module#=173
12-31 18:03:50.066  1792  1850 V LynxModule: pingAndQueryKnownInterfaces mod=173
12-31 18:03:50.077  1792  1850 V LynxModule: mod#=173 queryInterface(DEKA)=54 commands starting at 4096
12-31 18:03:50.086  1792  1850 V LynxModule: sending LynxFtdiResetControlCommand(true) wasInterrupted=false
12-31 18:03:50.090  1792  1850 V LynxModule: sendLEDPatternSteps(): steps=[Step(color=65280, msDuration=1000)]
12-31 18:03:50.092  1792  1888 V LynxModule: received status: LynxGetModuleStatusResponse(status=0x02 alerts=0x00: Reset)
12-31 18:03:50.093  1792  1888 W HubPowerCycle: Expansion Hub 173 regained power after a complete power loss. No user Op Mode was running.
12-31 18:03:50.094  1792  1888 V LynxModule: resendCurrentPattern()
12-31 18:03:50.094  1792  1888 V LynxModule: sendLEDPatternSteps(): steps=[Step(color=65280, msDuration=1000)]
12-31 18:03:50.096  1792  1850 V LynxModule: setAsControlHubEmbeddedModule(mod=173)
12-31 18:03:50.096  1792  1850 V EmbeddedControlHubModule: setting embedded module
12-31 18:03:50.097  1792  1850 V LynxUsb : addConfiguredModule() module#=2
12-31 18:03:50.097  1792  1850 V LynxModule: pingAndQueryKnownInterfaces mod=2
12-31 18:03:50.111  1792  1850 V LynxModule: mod#=2 queryInterface(DEKA)=54 commands starting at 4096
12-31 18:03:50.119  1792  1850 V LynxModule: sending LynxFtdiResetControlCommand(true) wasInterrupted=false
12-31 18:03:50.126  1792  1850 V LynxModule: sendLEDPatternSteps(): steps=[Step(color=65280, msDuration=4500), Step(color=0, msDuration=500), Step(color=255, msDuration=500), Step(color=0, msDuration=500), Step(color=255, msDuration=500), Step(color=0, msDuration=500)]
12-31 18:03:50.128  1792  1889 V LynxModule: received status: LynxGetModuleStatusResponse(status=0x05 alerts=0x00: KeepAliveTimeout|FailSafe)
12-31 18:03:50.128  1792  1889 V LynxModule: resendCurrentPattern()
12-31 18:03:50.129  1792  1889 V LynxModule: sendLEDPatternSteps(): steps=[Step(color=65280, msDuration=4500), Step(color=0, msDuration=500), Step(color=255, msDuration=500), Step(color=0, msDuration=500), Step(color=255, msDuration=500), Step(color=0, msDuration=500)]
12-31 18:03:50.137  1792  1850 V LynxMotor: initializeHardware() mod#=173
12-31 18:03:50.179  1792  1850 V RobotCore: DcMotorImpl(type=goBILDA5202SeriesMotor)
12-31 18:03:50.179  1792  1850 V RobotCore: DcMotorImpl(type=goBILDA5202SeriesMotor)
12-31 18:03:50.180  1792  1850 V RobotCore: DcMotorImpl(type=goBILDA5202SeriesMotor)
12-31 18:03:50.180  1792  1850 V RobotCore: DcMotorImpl(type=goBILDA5202SeriesMotor)
12-31 18:03:50.181  1792  1850 V LynxServoController: initializeHardware() mod#=173
12-31 18:03:50.206  1792  1850 V LynxVoltageSensor: initializeHardware() mod#=173
12-31 18:03:50.207  1792  1850 V LynxAnalogInputController: initializeHardware() mod#=173
12-31 18:03:50.208  1792  1850 V LynxDigitalChannelController: initializeHardware() mod#=173
12-31 18:03:50.223  1792  1850 V RobotCore: Creating user sensor REV internal IMU (BNO055) - on Lynx module=173 bus=0
12-31 18:03:50.223  1792  1850 I RobotCore: LynxFirmwareVersionManager: LynxI2cDeviceSynchV2
12-31 18:03:50.224  1792  1850 V LynxI2cDeviceSynch: initializeHardware() mod#=173
12-31 18:03:50.226  1792  1850 V BNO055  : Suppressing I2C warnings while we check for a BNO055 IMU
12-31 18:03:50.230  1792  1850 V BNO055  : Found BNO055 IMU
12-31 18:03:50.230  1792  1850 V BNO055  : Suppressing I2C warnings while we check for a BNO055 IMU
12-31 18:03:50.234  1792  1850 V BNO055  : Found BNO055 IMU
12-31 18:03:50.383  1792  1850 I RobotCore: LynxFirmwareVersionManager: LynxI2cDeviceSynchV2
12-31 18:03:50.383  1792  1850 V LynxI2cDeviceSynch: initializeHardware() mod#=173
12-31 18:03:50.385  1792  1850 V RobotCore: Creating user sensor REV Color Sensor V3 - on Lynx module=173 bus=2
12-31 18:03:50.385  1792  1850 I RobotCore: LynxFirmwareVersionManager: LynxI2cDeviceSynchV2
12-31 18:03:50.386  1792  1850 V LynxI2cDeviceSynch: initializeHardware() mod#=173
12-31 18:03:50.387  1792  1850 I I2C     : Automatically initializing I2C device RevColorSensorV3 (USB (embedded); module 173; bus 2; addr7=0x00)
12-31 18:03:50.388  1792  1850 V BroadcomColorSensorImpl: internalInitialize()...
12-31 18:03:50.397  1792  1850 V BroadcomColorSensorImpl: state: 07 37 20 1d 42 01 c2 
12-31 18:03:50.397  1792  1850 V BroadcomColorSensorImpl: setGain(0x01)
12-31 18:03:50.401  1792  1850 V BroadcomColorSensorImpl: setLEDParameters(0x37)
12-31 18:03:50.405  1792  1850 V BroadcomColorSensorImpl: setProximityPulseCount(0x20)
12-31 18:03:50.410  1792  1850 V BroadcomColorSensorImpl: setPSMeasRate(0x1d)
12-31 18:03:50.414  1792  1850 V BroadcomColorSensorImpl: setLSMeasRate(0x42)
12-31 18:03:50.423  1792  1850 V BroadcomColorSensorImpl: enable() enabled=0x07...
12-31 18:03:50.430  1792  1850 V BroadcomColorSensorImpl: ...enable() enabled=0x07
12-31 18:03:50.435  1792  1850 V BroadcomColorSensorImpl: state: 07 37 20 1d 42 01 c2 
12-31 18:03:50.435  1792  1850 V BroadcomColorSensorImpl: ...internalInitialize()
12-31 18:03:50.435  1792  1850 V RobotCore: Creating user sensor REV 2M Distance Sensor - on Lynx module=173 bus=1
12-31 18:03:50.436  1792  1850 I RobotCore: LynxFirmwareVersionManager: LynxI2cDeviceSynchV2
12-31 18:03:50.436  1792  1850 V LynxI2cDeviceSynch: initializeHardware() mod#=173
12-31 18:03:50.437  1792  1850 V RobotCore: Creating user sensor REV 2M Distance Sensor - on Lynx module=173 bus=3
12-31 18:03:50.437  1792  1850 I RobotCore: LynxFirmwareVersionManager: LynxI2cDeviceSynchV2
12-31 18:03:50.438  1792  1850 V LynxI2cDeviceSynch: initializeHardware() mod#=173
12-31 18:03:50.439  1792  1850 V LynxMotor: initializeHardware() mod#=2
12-31 18:03:50.488  1792  1850 V RobotCore: DcMotorImpl(type=goBILDA5202SeriesMotor)
12-31 18:03:50.488  1792  1850 V RobotCore: DcMotorImpl(type=goBILDA5202SeriesMotor)
12-31 18:03:50.489  1792  1850 V LynxServoController: initializeHardware() mod#=2
12-31 18:03:50.520  1792  1850 V LynxVoltageSensor: initializeHardware() mod#=2
12-31 18:03:50.520  1792  1850 V LynxAnalogInputController: initializeHardware() mod#=2
12-31 18:03:50.521  1792  1850 V LynxDigitalChannelController: initializeHardware() mod#=2
12-31 18:03:50.543  1792  1850 V RobotCore: Creating user sensor REV 2M Distance Sensor - on Lynx module=2 bus=0
12-31 18:03:50.543  1792  1850 I RobotCore: LynxFirmwareVersionManager: LynxI2cDeviceSynchV2
12-31 18:03:50.544  1792  1850 V LynxI2cDeviceSynch: initializeHardware() mod#=2
12-31 18:03:50.545  1792  1850 V RobotCore: Creating user sensor REV 2M Distance Sensor - on Lynx module=2 bus=1
12-31 18:03:50.545  1792  1850 I RobotCore: LynxFirmwareVersionManager: LynxI2cDeviceSynchV2
12-31 18:03:50.545  1792  1850 V LynxI2cDeviceSynch: initializeHardware() mod#=2
12-31 18:03:50.543  1792  1792 I pRunnable.run(): type=1400 audit(0.0:174): avc: denied { read } for name="devices" dev="sysfs" ino=7258 scontext=u:r:untrusted_app:s0:c512,c768 tcontext=u:object_r:sysfs:s0 tclass=dir permissive=1
12-31 18:03:50.547  1792  1850 V RobotCore: Creating Webcam [D5386480]
12-31 18:03:50.548  1792  1850 V CameraManager: construct(hash=0x03a1dbc5|inst#=0)
12-31 18:03:50.549  1792  1850 D libusb  : [ 0.000215] [0000073a] libusb: debug [op_init] sysfs(/sys/bus/usb/devices) available
12-31 18:03:50.549  1792  1850 D libusb  : [ 0.000302] [0000073a] libusb: debug [op_init] sysfs can relate devices
12-31 18:03:50.549  1792  1850 D libusb  : [ 0.000338] [0000073a] libusb: debug [op_init] sysfs has complete descriptors
12-31 18:03:50.543  1792  1792 I pRunnable.run(): type=1400 audit(0.0:175): avc: denied { open } for path="/sys/bus/usb/devices" dev="sysfs" ino=7258 scontext=u:r:untrusted_app:s0:c512,c768 tcontext=u:object_r:sysfs:s0 tclass=dir permissive=1
12-31 18:03:50.549  1792  1850 D libusb  : [ 0.000373] [0000073a] libusb: debug [op_init] sysfs has serial numbers
12-31 18:03:50.551  1792  1850 V UvcContext: construct(pointer=0xc7a1a520|inst#=0)
12-31 18:03:50.558  1792  1850 I RobotCore: ========= Device Information ===================================================
12-31 18:03:50.559  1792  1850 I RobotCore: Type                                               Name                           Connection
12-31 18:03:50.559  1792  1850 I RobotCore: Motor                                              LeftSlider                     USB (embedded); module 2; port 1
12-31 18:03:50.560  1792  1850 I RobotCore: Motor                                              RightSlider                    USB (embedded); module 2; port 0
12-31 18:03:50.561  1792  1850 I RobotCore: REV 2M ToF Distance Sensor                         fcds                           USB (embedded); module 173; bus 1; addr7=0x29
12-31 18:03:50.561  1792  1850 I RobotCore: REV 2M ToF Distance Sensor                         frds                           USB (embedded); module 2; bus 1; addr7=0x29
12-31 18:03:50.562  1792  1850 I RobotCore: Rev Color Sensor v3                                cs                             USB (embedded); module 173; bus 2; addr7=0x52
12-31 18:03:50.562  1792  1850 I RobotCore: REV Robotics USB Expansion Hub Portal              Control Hub Portal             USB (embedded)
12-31 18:03:50.563  1792  1850 I RobotCore: Motor                                              FrontLeft                      USB (embedded); module 173; port 0
12-31 18:03:50.564  1792  1850 I RobotCore: Motor                                              BackRight                      USB (embedded); module 173; port 3
12-31 18:03:50.565  1792  1850 I RobotCore: Expansion Hub DC Motor Controller                  Expansion Hub 2                USB (embedded); module 2
12-31 18:03:50.565  1792  1850 I RobotCore: Expansion Hub Servo Controller                     Expansion Hub 2                USB (embedded); module 2
12-31 18:03:50.566  1792  1850 I RobotCore: Expansion Hub Voltage Sensor                       Expansion Hub 2                USB (embedded); module 2
12-31 18:03:50.566  1792  1850 I RobotCore: Expansion Hub Analog Input Controller              Expansion Hub 2                USB (embedded); module 2
12-31 18:03:50.567  1792  1850 I RobotCore: Expansion Hub Digital Channel Controller           Expansion Hub 2                USB (embedded); module 2
12-31 18:03:50.571  1792  1850 I RobotCore: Expansion Hub (HW: 20, Maj: 1, Min: 8, Eng: 2)     Expansion Hub 2                USB (embedded); module 2
12-31 18:03:50.572  1792  1850 I RobotCore: REV internal IMU (BNO055)                          imu                            USB (embedded); module 173; bus 0; addr7=0x28
12-31 18:03:50.573  1792  1850 I RobotCore: REV internal IMU (BNO055)                          imu                            USB (embedded); module 173; bus 0; addr7=0x28
12-31 18:03:50.579  1792  1850 I RobotCore: Logitech C270 HD WEBCAM                            Webcam 1                       USB (D5386480)
12-31 18:03:50.580  1792  1850 I RobotCore: Expansion Hub DC Motor Controller                  Control Hub                    USB (embedded); module 173
12-31 18:03:50.580  1792  1850 I RobotCore: Expansion Hub Servo Controller                     Control Hub                    USB (embedded); module 173
12-31 18:03:50.581  1792  1850 I RobotCore: Expansion Hub Voltage Sensor                       Control Hub                    USB (embedded); module 173
12-31 18:03:50.581  1792  1850 I RobotCore: Expansion Hub Analog Input Controller              Control Hub                    USB (embedded); module 173
12-31 18:03:50.581  1792  1850 I RobotCore: Expansion Hub Digital Channel Controller           Control Hub                    USB (embedded); module 173
12-31 18:03:50.585  1792  1850 I RobotCore: Expansion Hub (HW: 20, Maj: 1, Min: 8, Eng: 2)     Control Hub                    USB (embedded); module 173
12-31 18:03:50.585  1792  1850 I RobotCore: Servo                                              ClawServo                      USB (embedded); module 173; port 0
12-31 18:03:50.585  1792  1850 I RobotCore: Motor                                              FrontRight                     USB (embedded); module 173; port 1
12-31 18:03:50.586  1792  1850 I RobotCore: REV 2M ToF Distance Sensor                         rcds                           USB (embedded); module 2; bus 0; addr7=0x29
12-31 18:03:50.586  1792  1850 I RobotCore: REV 2M ToF Distance Sensor                         flds                           USB (embedded); module 173; bus 3; addr7=0x29
12-31 18:03:50.587  1792  1850 I RobotCore: Motor                                              BackLeft                       USB (embedded); module 173; port 2
12-31 18:03:50.587  1792  1850 I RobotCore: Servo                                              ArmServo                       USB (embedded); module 173; port 1
12-31 18:03:50.592  1792  1850 I RobotCore: LynxFirmwareVersionManager: LynxI2cDeviceSynchV2
12-31 18:03:50.592  1792  1850 V LynxI2cDeviceSynch: initializeHardware() mod#=2
12-31 18:03:50.593  1792  1850 V BNO055  : Suppressing I2C warnings while we check for a BNO055 IMU
12-31 18:03:50.598  1792  1850 V BNO055  : Found BNO055 IMU
12-31 18:03:50.601  1792  1850 I RobotCore: LynxFirmwareVersionManager: LynxI2cDeviceSynchV2
12-31 18:03:50.601  1792  1850 V LynxI2cDeviceSynch: initializeHardware() mod#=173
12-31 18:03:50.602  1792  1850 V BHI260IMU: Suppressing I2C warnings while we check for a BHI260AP IMU
12-31 18:03:50.605  1792  1850 V BHI260IMU: No BHI260AP IMU found
12-31 18:03:50.605  1792  1850 V BNO055  : Suppressing I2C warnings while we check for a BNO055 IMU
12-31 18:03:50.609  1792  1850 V BNO055  : Found BNO055 IMU
12-31 18:03:50.618  1792  1850 V LynxUsb : 0x09bf9124 on 0x09cc6451: releasing delegate to [(embedded)]
12-31 18:03:50.618  1792  1850 I FtcEventLoop: ======= INIT FINISH =======
12-31 18:03:50.618  1792  1850 V RobotCore: EventLoopManager state is RUNNING
12-31 18:03:50.633  1792  1850 V RobotCore: Robot Status: running, starting robot
12-31 18:03:50.634  1792  1850 V RobotCore: Robot Status: running
12-31 18:03:50.637  1792  1894 V RobotCore: thread: 'EventLoop' starting...
12-31 18:03:50.638  1792  1850 D FTCService: Detecting Wi-Fi reset
12-31 18:03:50.639  1792  1850 D RobotControllerAccessPointAssistant: detectWifiReset button=false
12-31 18:03:50.640  1792  1850 V RobotCore: thread: ...terminating 'RobotSetupRunnable.run()'
12-31 18:03:50.643  1792  1894 D RobotCore: system telemetry: key=$System$None$ msg=""
12-31 18:03:50.709  1792  1893 V SoundInfo: construct(0x030a4035)
12-31 18:03:50.746  1792  1892 E WVMExtractor: Failed to open libwvm.so: dlopen failed: library "libwvm.so" not found
12-31 18:03:50.767  1792  1892 I MediaCodec: callingProcessName:com.qualcomm.ftcrobotcontroller
12-31 18:03:50.770  1792  1900 I ACodec  : onAllocateComponent:6752 mSoftCodecPref:0 componentName:
12-31 18:03:50.771  1792  1900 I ACodec  : onAllocateComponent:6783 mSoftCodecPref:0 componentName:OMX.google.raw.decoder
12-31 18:03:50.817  1792  1818 D SoundPlayer: onLoadComplete(samp=1|ms=4506, samp=1)=0
12-31 18:03:50.818  1792  1893 W AudioTrack: AUDIO_OUTPUT_FLAG_FAST denied by client; transfer 4, track 48000 Hz, output 44100 Hz
12-31 18:03:50.823  1792  1893 D SoundPlayer: playing volume=0.000000 samp=1|ms=4506
12-31 18:03:51.153  1792  1894 I RobotCore: Attempting to switch to op mode $Stop$Robot$
12-31 18:03:51.155  1792  1894 D HardwareMap: Clearing which device instances have been retrieved
12-31 18:03:51.155  1792  1894 D HardwareMap: Clearing which device instances have been retrieved
12-31 18:03:51.159  1792  1907 V RobotCore: thread: 'OpModeThread' starting...
12-31 18:04:16.653  1792  1878 V PeerDiscovery: new remote peer discovered: 192.168.43.230
12-31 18:04:16.653  1792  1878 V NetworkConnectionHandler: starting sending loop
12-31 18:04:16.655  1792  1878 V SoundPlayer: playing running again
12-31 18:04:16.656  1792  1878 V UpdateUI: Network: active, connected
12-31 18:04:16.657  1792  1878 D FTCService: Sending user device types and preferences to driver station
12-31 18:04:16.659  1792  1970 V Robocol : sending CMD_NOTIFY_ROBOT_STATE(9), attempt: 0
12-31 18:04:16.661  1792  1970 V Robocol : sending CMD_NOTIFY_ROBOT_STATE(10), attempt: 0
12-31 18:04:16.662  1792  1970 V Robocol : sending CMD_NOTIFY_ROBOT_STATE(11), attempt: 0
12-31 18:04:16.663  1792  1893 D SoundPlayer: playing volume=0.000000 samp=1|ms=4506
12-31 18:04:16.664  1792  1970 V Robocol : sending CMD_NOTIFY_ACTIVE_CONFIGURATION(13), attempt: 0
12-31 18:04:16.665  1792  1970 V Robocol : sending CMD_NOTIFY_USER_DEVICE_LIST(14), attempt: 0
12-31 18:04:16.669  1792  1970 V Robocol : sending CMD_NOTIFY_OP_MODE_LIST(15), attempt: 0
12-31 18:04:16.670  1792  1970 V Robocol : sending CMD_NOTIFY_ROBOT_STATE(17), attempt: 0
12-31 18:04:16.671  1792  1970 V Robocol : sending CMD_SHOW_TOAST(18), attempt: 0
12-31 18:04:16.673  1792  1970 V Robocol : Giving up on command CMD_PLAY_SOUND(20) after 0 attempts
12-31 18:04:16.673  1792  1970 V Robocol : sending CMD_NOTIFY_INIT_OP_MODE(27), attempt: 0
12-31 18:04:16.692  1792  1878 V NetDiscover_prefremrc: sendAllPreferences()
12-31 18:04:16.693  1792  1878 V NetDiscover_prefremrc: sending RC pref name=pref_wifip2p_remote_channel_change_works value=false
12-31 18:04:16.694  1792  1970 V Robocol : sending CMD_PLAY_SOUND(135), attempt: 0
12-31 18:04:16.695  1792  1970 V Robocol : sending CMD_NOTIFY_USER_DEVICE_LIST(136), attempt: 0
12-31 18:04:16.701  1792  1878 V NetDiscover_prefremrc: sending RC pref name=pref_device_name value=21180-RC
12-31 18:04:16.701  1792  1878 V NetDiscover_prefremrc: sending RC pref name=pref_warn_about_incorrect_clocks value=true
12-31 18:04:16.702  1792  1878 V NetDiscover_prefremrc: sending RC pref name=pref_warn_about_obsolete_software value=true
12-31 18:04:16.703  1792  1878 V NetDiscover_prefremrc: sending RC pref name=pref_has_speaker value=false
12-31 18:04:16.704  1792  1878 V NetDiscover_prefremrc: sending RC pref name=pref_warn_about_2_4_ghz_band value=true
12-31 18:04:16.705  1792  1878 V NetDiscover_prefremrc: sending RC pref name=pref_has_independent_phone_battery value=false
12-31 18:04:16.705  1792  1878 V NetDiscover_prefremrc: sending RC pref name=pref_app_theme value=red
12-31 18:04:16.706  1792  1878 V NetDiscover_prefremrc: sending RC pref name=pref_warn_about_mismatched_app_versions value=true
12-31 18:04:16.707  1792  1878 V NetDiscover_prefremrc: sending RC pref name=pref_sound_on_off value=false
12-31 18:04:16.708  1792  1878 V NetworkConnectionHandler: Peer connection established
12-31 18:04:16.715  1792  1880 V EventLoopManager: Setting authoritative wall clock based on connected DS.
12-31 18:04:16.715  1792  1880 D Uvc     : [time.cpp:64] Java_org_firstinspires_ftc_robotcore_internal_system_AppUtil_nativeSetCurrentTimeMillis()...
01-02 17:09:05.164  1792  1880 I JniTime : [time.cpp:83] settimeofday() succeeded
01-02 17:09:05.164  1792  1880 D Uvc     : [time.cpp:64] ...Java_org_firstinspires_ftc_robotcore_internal_system_AppUtil_nativeSetCurrentTimeMillis()
01-02 17:09:05.165  1792  1880 V AppUtil : attempted to set timezone: before=America/Chicago after=America/Chicago
01-02 17:09:05.167  1792  1878 V Robocol : packet processing took 57.3ms: type=PEER_DISCOVERY
01-02 17:09:05.168  1792  1878 V Robocol : received command: CMD_REQUEST_ACTIVE_CONFIG(10000) 
01-02 17:09:05.169  1792  1878 V Robocol : received command: CMD_REQUEST_USER_DEVICE_TYPES(10001) 
01-02 17:09:05.169  1792  1878 V Robocol : received command: CMD_REQUEST_OP_MODE_LIST(10002) 
01-02 17:09:05.170  1792  1878 V Robocol : received command: CMD_REQUEST_ACTIVE_CONFIG(10003) 
01-02 17:09:05.171  1792  1878 V Robocol : received command: CMD_REQUEST_USER_DEVICE_TYPES(10004) 
01-02 17:09:05.174  1792  1878 V Robocol : received command: CMD_REQUEST_OP_MODE_LIST(10005) 
01-02 17:09:05.174  1792  1878 V Robocol : received command: CMD_REQUEST_ACTIVE_CONFIG(10008) 
01-02 17:09:05.175  1792  1878 V Robocol : received command: CMD_REQUEST_USER_DEVICE_TYPES(10009) 
01-02 17:09:05.176  1792  1878 V Robocol : received command: CMD_REQUEST_OP_MODE_LIST(10011) 
01-02 17:09:05.183  1792  1970 V Robocol : sending CMD_ROBOT_CONTROLLER_PREFERENCE(137), attempt: 0
01-02 17:09:05.184  1792  1970 V Robocol : sending CMD_ROBOT_CONTROLLER_PREFERENCE(138), attempt: 0
01-02 17:09:05.184  1792  1970 V Robocol : sending CMD_ROBOT_CONTROLLER_PREFERENCE(139), attempt: 0
01-02 17:09:05.185  1792  1970 V Robocol : sending CMD_ROBOT_CONTROLLER_PREFERENCE(140), attempt: 0
01-02 17:09:05.186  1792  1970 V Robocol : sending CMD_ROBOT_CONTROLLER_PREFERENCE(141), attempt: 0
01-02 17:09:05.187  1792  1970 V Robocol : sending CMD_ROBOT_CONTROLLER_PREFERENCE(142), attempt: 0
01-02 17:09:05.187  1792  1970 V Robocol : sending CMD_ROBOT_CONTROLLER_PREFERENCE(143), attempt: 0
01-02 17:09:05.188  1792  1970 V Robocol : sending CMD_ROBOT_CONTROLLER_PREFERENCE(144), attempt: 0
01-02 17:09:05.189  1792  1970 V Robocol : sending CMD_ROBOT_CONTROLLER_PREFERENCE(145), attempt: 0
01-02 17:09:05.190  1792  1970 V Robocol : sending CMD_ROBOT_CONTROLLER_PREFERENCE(146), attempt: 0
01-02 17:09:05.195  1792  1970 V Robocol : sending CMD_NOTIFY_ACTIVE_CONFIGURATION(159), attempt: 0
01-02 17:09:05.213  1792  1893 V SoundInfo: construct(0x0830dc7a)
01-02 17:09:05.215  1792  1878 V Robocol : received command: CMD_ROBOT_CONTROLLER_PREFERENCE(10012) {"booleanValue":true,"prefName":"pref_ds_supports_5_ghz"}
01-02 17:09:05.217  1792  1878 V Robocol : received command: CMD_ROBOT_CONTROLLER_PREFERENCE(10013) {"intValue":21,"prefName":"pref_dh_os_version_code"}
01-02 17:09:05.223  1792  1970 V Robocol : sending CMD_NOTIFY_USER_DEVICE_LIST(163), attempt: 0
01-02 17:09:05.226  1792  1970 V Robocol : sending CMD_NOTIFY_OP_MODE_LIST(166), attempt: 0
01-02 17:09:05.246  1792  1892 I MediaCodec: callingProcessName:com.qualcomm.ftcrobotcontroller
01-02 17:09:05.248  1792  1976 I ACodec  : onAllocateComponent:6752 mSoftCodecPref:0 componentName:
01-02 17:09:05.250  1792  1976 I ACodec  : onAllocateComponent:6783 mSoftCodecPref:0 componentName:OMX.google.raw.decoder
01-02 17:09:05.263  1792  1970 V Robocol : sending CMD_NOTIFY_ACTIVE_CONFIGURATION(181), attempt: 0
01-02 17:09:05.264  1792  1970 V Robocol : sending CMD_NOTIFY_USER_DEVICE_LIST(185), attempt: 0
01-02 17:09:05.291  1792  1818 D SoundPlayer: onLoadComplete(samp=2|ms=757, samp=2)=0
01-02 17:09:05.294  1792  1893 W AudioTrack: AUDIO_OUTPUT_FLAG_FAST denied by client; transfer 4, track 48000 Hz, output 44100 Hz
01-02 17:09:05.301  1792  1893 D SoundPlayer: playing volume=0.000000 samp=2|ms=757
01-02 17:09:05.303  1792  1970 V Robocol : sending CMD_NOTIFY_OP_MODE_LIST(188), attempt: 0
01-02 17:09:05.304  1792  1970 V Robocol : sending CMD_NOTIFY_ACTIVE_CONFIGURATION(192), attempt: 0
01-02 17:09:05.305  1792  1970 V Robocol : sending CMD_PLAY_SOUND(199), attempt: 0
01-02 17:09:05.343  1792  1970 V Robocol : sending CMD_NOTIFY_ROBOT_STATE(9), attempt: 1
01-02 17:09:05.343  1792  1970 V Robocol : sending CMD_NOTIFY_ROBOT_STATE(10), attempt: 1
01-02 17:09:05.344  1792  1970 V Robocol : sending CMD_NOTIFY_ROBOT_STATE(11), attempt: 1
01-02 17:09:05.345  1792  1970 V Robocol : sending CMD_NOTIFY_ACTIVE_CONFIGURATION(13), attempt: 1
01-02 17:09:05.346  1792  1970 V Robocol : sending CMD_NOTIFY_USER_DEVICE_LIST(14), attempt: 1
01-02 17:09:05.348  1792  1970 V Robocol : sending CMD_NOTIFY_OP_MODE_LIST(15), attempt: 1
01-02 17:09:05.349  1792  1970 V Robocol : sending CMD_NOTIFY_ROBOT_STATE(17), attempt: 1
01-02 17:09:05.349  1792  1970 V Robocol : sending CMD_SHOW_TOAST(18), attempt: 1
01-02 17:09:05.350  1792  1970 V Robocol : sending CMD_NOTIFY_INIT_OP_MODE(27), attempt: 1
01-02 17:09:05.351  1792  1970 V Robocol : sending CMD_NOTIFY_USER_DEVICE_LIST(200), attempt: 0
01-02 17:09:05.353  1792  1970 V Robocol : sending CMD_NOTIFY_OP_MODE_LIST(203), attempt: 0
01-02 17:09:05.383  1792  1970 V Robocol : sending CMD_PLAY_SOUND(135), attempt: 1
01-02 17:09:05.383  1792  1970 V Robocol : sending CMD_NOTIFY_USER_DEVICE_LIST(136), attempt: 1
01-02 17:09:05.449  1792  1878 V Robocol : received command: CMD_INIT_OP_MODE(10084) $Stop$Robot$
01-02 17:09:05.464  1792  1907 V RobotCore: thread: ...terminating 'OpModeThread'
01-02 17:09:05.467  1792  1894 I RobotCore: Attempting to switch to op mode $Stop$Robot$
01-02 17:09:05.468  1792  1894 D HardwareMap: Clearing which device instances have been retrieved
01-02 17:09:05.468  1792  1894 D HardwareMap: Clearing which device instances have been retrieved
01-02 17:09:05.470  1792  1981 V RobotCore: thread: 'OpModeThread' starting...
01-02 17:09:05.503  1792  1970 V Robocol : sending CMD_NOTIFY_INIT_OP_MODE(239), attempt: 0
01-02 17:09:09.885  1792  1878 V Robocol : received command: CMD_INIT_OP_MODE(10149) $Stop$Robot$
01-02 17:09:09.910  1792  1981 V RobotCore: thread: ...terminating 'OpModeThread'
01-02 17:09:09.911  1792  1894 I RobotCore: Attempting to switch to op mode $Stop$Robot$
01-02 17:09:09.912  1792  1894 D HardwareMap: Clearing which device instances have been retrieved
01-02 17:09:09.912  1792  1894 D HardwareMap: Clearing which device instances have been retrieved
01-02 17:09:09.916  1792  1989 V RobotCore: thread: 'OpModeThread' starting...
01-02 17:09:09.943  1792  1970 V Robocol : sending CMD_NOTIFY_INIT_OP_MODE(309), attempt: 0
01-02 17:09:13.644  1792  1878 V Robocol : received command: CMD_SET_MATCH_NUMBER(10205) 0
01-02 17:09:13.645  1792  1878 V Robocol : received command: CMD_INIT_OP_MODE(10206) Only For Test
01-02 17:09:13.664  1792  1879 I RobotCore: ******************** START - OPMODE Only For Test ********************
01-02 17:09:13.668  1792  1989 V RobotCore: thread: ...terminating 'OpModeThread'
01-02 17:09:13.673  1792  1894 I RobotCore: Attempting to switch to op mode Only For Test
01-02 17:09:13.856  1792  1894 D HardwareMap: Clearing which device instances have been retrieved
01-02 17:09:13.856  1792  1894 D HardwareMap: Clearing which device instances have been retrieved
01-02 17:09:13.859  1792  2011 V RobotCore: thread: 'OpModeThread' starting...
01-02 17:09:13.861  1792  2011 I global  :  RENO - AutonomousRight.runOpMode(AutonomousRight.java:117): Status - Initialized
01-02 17:09:13.863  1792  1970 V Robocol : sending CMD_NOTIFY_INIT_OP_MODE(377), attempt: 0
01-02 17:09:13.875  1792  2011 I System.out: OpenCvCameraBase ctor: EasyOpenCV version 1.5.2
01-02 17:09:13.884  1792  2012 D CameraManager: doOpenCamera()...
01-02 17:09:13.884  1792  2011 I global  :  RENO - SlidersWith2Motors.init(SlidersWith2Motors.java:78): init slider motors.
01-02 17:09:13.884  1792  2012 D CameraManager: requesting permission for camera: Webcam(D5386480)
01-02 17:09:13.899  1792  2012 D WebcamNameImpl: requesting permission for /dev/bus/usb/003/003
01-02 17:09:13.899  1792  2012 V WebcamNameImpl: asyncRequestUsbPermission()...
01-02 17:09:13.903  1792  2012 D WebcamNameImpl: permission already available for /dev/bus/usb/003/003
01-02 17:09:13.903  1792  1970 V Robocol : sending CMD_STREAM_CHANGE(378), attempt: 0
01-02 17:09:13.904  1792  2012 V WebcamNameImpl: ...asyncRequestUsbPermission()
01-02 17:09:13.904  1792  2012 D ContinuationSynchronizer: awaiting(camera open)...
01-02 17:09:13.905  1792  2013 D WebcamNameImpl: permission for /dev/bus/usb/003/003=true
01-02 17:09:13.906  1792  2013 D CameraManager: permission granted for camera: Webcam(D5386480)
01-02 17:09:13.909  1792  2013 D CameraManager: asyncOpenCamera(Webcam(D5386480))...
01-02 17:09:13.910  1792  2013 D CameraManager: asyncOpenWebcam(Webcam(D5386480))...
01-02 17:09:13.912  1792  2013 V UsbResiliantWebcam: construct(0x086cccf6)
01-02 17:09:13.919  1792  2013 D UsbResiliantWebcam: openAssumingPermission()...
01-02 17:09:13.922  1792  1792 D OpenCvViewport: surfaceCreated()
01-02 17:09:13.922  1792  1792 D OpenCvViewport: ...surfaceCreated()
01-02 17:09:13.922  1792  1792 D OpenCvViewport: surfaceChanged()
01-02 17:09:13.922  1792  1792 D OpenCvViewport: CheckState(): user requested that we deactivate
01-02 17:09:13.922  1792  1792 D OpenCvViewport: CheckState(): already deactivated
01-02 17:09:13.922  1792  1792 D OpenCvViewport: ...surfaceChanged()
01-02 17:09:13.926  1792  2013 D UvcContext: usb device is *not* UVC compatible, /dev/bus/usb/003/004
01-02 17:09:13.927  1792  2013 D UvcContext: found webcam: usbPath=/dev/bus/usb/003/003 vid=0x46D pid=0x825 serial=D5386480 product=C270 HD WEBCAM
01-02 17:09:13.929  1792  2013 D Uvc     : [jni_context.cpp:120] Java_org_firstinspires_ftc_robotcore_internal_camera_libuvc_nativeobject_UvcContext_nativeCreateUvcDevice()...
01-02 17:09:13.929  1792  2013 V Uvc     : API: Java_org_firstinspires_ftc_robotcore_internal_camera_libuvc_nativeobject_UvcContext_nativeCreateUvcDevice: enter...
01-02 17:09:13.931  1792  2013 D libusb  : [1672700723.381429] [000007dd] libusb: debug [op_create] op_create: szUsbPath=/dev/bus/usb/003/003 szSysfsDir=3-1.4
01-02 17:09:13.931  1792  2013 D libusb  : [1672700723.381685] [000007dd] libusb: debug [initialize_device] initialize_device(szUsbPath=/dev/bus/usb/003/003 szSysfsDir=3-1.4)
01-02 17:09:13.931  1792  2013 D libusb  : [1672700723.382161] [000007dd] libusb: debug [initialize_device] initialize_device(szUsbPath=(null) szSysfsDir=3-1)
01-02 17:09:13.932  1792  2013 E libusb  : [1672700723.382424] [000007dd] libusb: error [initialize_device] unable to open serial number sysfs; error ignored
01-02 17:09:13.932  1792  2013 D libusb  : [1672700723.382680] [000007dd] libusb: debug [initialize_device] initialize_device(szUsbPath=(null) szSysfsDir=usb3)
01-02 17:09:13.932  1792  2013 D Uvc     : [device.cpp:613] uvc_create_uvc_device()...
01-02 17:09:13.932  1792  2013 D Uvc     : [libuvc/libuvc_internal.h:346] uvc_device::uvc_device()...
01-02 17:09:13.932  1792  2013 D Uvc     : [libuvc/libuvc_internal.h:375] acquired vid=1133 & pid=2085
01-02 17:09:13.932  1792  2013 D Uvc     : [libuvc/libuvc_internal.h:346] ...uvc_device::uvc_device()
01-02 17:09:13.932  1792  2013 D Uvc     : [device.cpp:613] ...uvc_create_uvc_device() rc=0
01-02 17:09:13.932  1792  2013 V Uvc     : API: Java_org_firstinspires_ftc_robotcore_internal_camera_libuvc_nativeobject_UvcContext_nativeCreateUvcDevice: ...exit
01-02 17:09:13.932  1792  2013 D Uvc     : [jni_context.cpp:120] ...Java_org_firstinspires_ftc_robotcore_internal_camera_libuvc_nativeobject_UvcContext_nativeCreateUvcDevice()
01-02 17:09:13.933  1792  2013 V UvcDevice: construct(pointer=0xc5b2bea0|null)
01-02 17:09:13.935  1792  2013 D Uvc     : [jni_device.cpp:108] Java_org_firstinspires_ftc_robotcore_internal_camera_libuvc_nativeobject_UvcDevice_nativeGetLibUsbDevice()...
01-02 17:09:13.936  1792  2013 D Uvc     : [jni_device.cpp:108] ...Java_org_firstinspires_ftc_robotcore_internal_camera_libuvc_nativeobject_UvcDevice_nativeGetLibUsbDevice()
01-02 17:09:13.936  1792  2013 V LibUsbDevice: construct(pointer=0xc9e2f560)
01-02 17:09:13.944  1792  2013 D UvcDevice: open()...
01-02 17:09:13.947  1792  2011 I global  :  RENO - ChassisWith4Motors.init(ChassisWith4Motors.java:127): init driving motors.
01-02 17:09:13.950  1792  2013 D Uvc     : [jni_device.cpp:50] Java_org_firstinspires_ftc_robotcore_internal_camera_libuvc_nativeobject_UvcDevice_nativeSetUsbDeviceInfo()...
01-02 17:09:13.950  1792  2013 D Uvc     : [jni_device.cpp:50] ...Java_org_firstinspires_ftc_robotcore_internal_camera_libuvc_nativeobject_UvcDevice_nativeSetUsbDeviceInfo()
01-02 17:09:13.953  1792  2013 D Uvc     : [jni_device.cpp:233] Java_org_firstinspires_ftc_robotcore_internal_camera_libuvc_nativeobject_UvcDevice_nativeOpenDeviceHandle()...
01-02 17:09:13.953  1792  2013 V Uvc     : API: Java_org_firstinspires_ftc_robotcore_internal_camera_libuvc_nativeobject_UvcDevice_nativeOpenDeviceHandle: enter...
01-02 17:09:13.953  1792  2013 D Uvc     : [device.cpp:279] uvc_open()...
01-02 17:09:13.953  1792  2013 D Uvc     : [libuvc/libuvc_internal.h:356] uvc_device::open()...
01-02 17:09:13.953  1792  2013 D libusb  : [1672700723.404097] [000007dd] libusb: debug [op_open] op_open: szUsbPath=/dev/bus/usb/003/003
01-02 17:09:13.953  1792  2013 D Uvc     : [libuvc/libuvc_internal.h:356] ...uvc_device::open() rc=0
01-02 17:09:13.953  1792  2013 D Uvc     : [device.cpp:295] calling libusb_reset_device()...
01-02 17:09:14.006  1792  2011 I I2C     : Automatically initializing I2C device LynxEmbeddedBNO055IMUNew (USB (embedded); module 173; bus 0; addr7=0x28)
01-02 17:09:14.006  1792  2011 V BNO055  : Suppressing I2C warnings while we check for a BNO055 IMU
01-02 17:09:14.009  1792  2011 V BNO055  : Found BNO055 IMU
01-02 17:09:14.086  1792  2011 V BNO055  : Suppressing I2C warnings while we check for a BNO055 IMU
01-02 17:09:14.089  1792  2011 V BNO055  : Found BNO055 IMU
01-02 17:09:14.247  1792  2011 I I2C     : Automatically initializing I2C device Rev2mDistanceSensor (USB (embedded); module 173; bus 1; addr7=0x29)
01-02 17:09:14.247  1792  2011 D STMicroVL53L0X: : Checking to see if it's really a VL53L0X sensor...
01-02 17:09:14.251  1792  2011 D STMicroVL53L0X: : Reg 0xC0 = ee (should be 0xEE)
01-02 17:09:14.255  1792  2011 D STMicroVL53L0X: : Reg 0xC1 = aa (should be 0xAA)
01-02 17:09:14.259  1792  2011 D STMicroVL53L0X: : Reg 0xC2 = 10 (should be 0x10)
01-02 17:09:14.262  1792  2011 D STMicroVL53L0X: : Reg 0x51 = 0 (should be 0x0099)
01-02 17:09:14.266  1792  2011 D STMicroVL53L0X: : Reg 0x61 = 0 (should be 0x0000)
01-02 17:09:14.289  1792  2011 D STMicroVL53L0X: : initial sig rate lim (MCPS) 0.000000
01-02 17:09:14.294  1792  2011 D STMicroVL53L0X: : adjusted sig rate lim (MCPS) 0.250000
01-02 17:09:14.558  1792  2011 I I2C     : Automatically initializing I2C device Rev2mDistanceSensor (USB (embedded); module 2; bus 0; addr7=0x29)
01-02 17:09:14.558  1792  2011 D STMicroVL53L0X: : Checking to see if it's really a VL53L0X sensor...
01-02 17:09:14.563  1792  2011 D STMicroVL53L0X: : Reg 0xC0 = ee (should be 0xEE)
01-02 17:09:14.569  1792  2011 D STMicroVL53L0X: : Reg 0xC1 = aa (should be 0xAA)
01-02 17:09:14.576  1792  2011 D STMicroVL53L0X: : Reg 0xC2 = 10 (should be 0x10)
01-02 17:09:14.583  1792  2011 D STMicroVL53L0X: : Reg 0x51 = 0 (should be 0x0099)
01-02 17:09:14.588  1792  2011 D STMicroVL53L0X: : Reg 0x61 = 0 (should be 0x0000)
01-02 17:09:14.609  1792  2013 D Uvc     : [device.cpp:303] ...libusb_reset_device() called
01-02 17:09:14.609  1792  2013 D Uvc     : [device.cpp:311] libusb_open() = 0
01-02 17:09:14.609  1792  2013 D Uvc     : [libuvc/libuvc_internal.h:732] uvc_device_handle::uvc_device_handle()...
01-02 17:09:14.609  1792  2013 D Uvc     : [libuvc/libuvc_internal.h:732] ...uvc_device_handle::uvc_device_handle()
01-02 17:09:14.609  1792  2013 D Uvc     : [device.cpp:386] uvc_get_device_info()...
01-02 17:09:14.609  1792  2013 D libusb  : [1672700724.060235] [000007dd] libusb: debug [op_get_config_descriptor] op_get_config_descriptor: config_index=0
01-02 17:09:14.609  1792  2013 D libusb  : [1672700724.060329] [000007dd] libusb: debug [op_get_config_descriptor] op_get_config_descriptor: config_index=0
01-02 17:09:14.610  1792  2013 D Uvc     : [device.cpp:986] uvc_scan_control()...
01-02 17:09:14.610  1792  2013 D Uvc     : [device.cpp:1041] uvc_parse_vc_header()...
01-02 17:09:14.610  1792  2013 D Uvc     : [device.cpp:1284] uvc_scan_streaming()...
01-02 17:09:14.610  1792  2013 D Uvc     : [device.cpp:1340] uvc_parse_vs_input_header()...
01-02 17:09:14.610  1792  2013 D Uvc     : [device.cpp:1340] ...uvc_parse_vs_input_header() rc=0
01-02 17:09:14.610  1792  2013 D Uvc     : [device.cpp:1389] uvc_parse_vs_format_uncompressed()...
01-02 17:09:14.610  1792  2013 D Uvc     : [device.cpp:1389] ...uvc_parse_vs_format_uncompressed() rc=0
01-02 17:09:14.610  1792  2013 V Uvc     : [device.cpp:1630] unsupported descriptor subtype: 13 UVC_VS_COLORFORMAT
01-02 17:09:14.610  1792  2013 D Uvc     : [device.cpp:1449] uvc_parse_vs_format_mjpeg()...
01-02 17:09:14.610  1792  2013 D Uvc     : [device.cpp:1449] ...uvc_parse_vs_format_mjpeg() rc=0
01-02 17:09:14.611  1792  2013 V Uvc     : [device.cpp:1630] unsupported descriptor subtype: 13 UVC_VS_COLORFORMAT
01-02 17:09:14.611  1792  2013 D Uvc     : [device.cpp:1284] ...uvc_scan_streaming() rc=0
01-02 17:09:14.611  1792  2013 D Uvc     : [device.cpp:1041] ...uvc_parse_vc_header() rc=0
01-02 17:09:14.611  1792  2013 D Uvc     : [device.cpp:1083] uvc_parse_vc_input_terminal()...
01-02 17:09:14.611  1792  2013 D Uvc     : [device.cpp:1083] ...uvc_parse_vc_input_terminal() rc=0
01-02 17:09:14.611  1792  2013 D Uvc     : [device.cpp:1156] uvc_parse_vc_processing_unit()...
01-02 17:09:14.611  1792  2013 D Uvc     : [device.cpp:1156] ...uvc_parse_vc_processing_unit() rc=0
01-02 17:09:14.611  1792  2013 D Uvc     : [device.cpp:986] ...uvc_scan_control() rc=0
01-02 17:09:14.611  1792  2013 D Uvc     : [device.cpp:386] ...uvc_get_device_info() rc=0
01-02 17:09:14.611  1792  2013 D Uvc     : [device.cpp:326] claiming control interface 0
01-02 17:09:14.611  1792  2013 D Uvc     : [libuvc/libuvc_internal.h:770] uvc_device_handle::claimInterface(idx=0)...
01-02 17:09:14.611  1792  2013 D UvcDevice: claimInterface(0)
01-02 17:09:14.627  1792  2011 D STMicroVL53L0X: : initial sig rate lim (MCPS) 0.000000
01-02 17:09:14.635  1792  2011 D STMicroVL53L0X: : adjusted sig rate lim (MCPS) 0.250000
01-02 17:09:14.664  1792  2013 D UvcDevice: claimInterface(0) succeeded
01-02 17:09:14.665  1792  2013 D Uvc     : [libuvc/libuvc_internal.h:783] claimInterface(0) succeeded
01-02 17:09:14.665  1792  2013 D Uvc     : [libuvc/libuvc_internal.h:770] ...uvc_device_handle::claimInterface() rc=0
01-02 17:09:14.665  1792  2013 D Uvc     : [device.cpp:279] ...uvc_open() rc=0
01-02 17:09:14.665  1792  2013 V Uvc     : API: Java_org_firstinspires_ftc_robotcore_internal_camera_libuvc_nativeobject_UvcDevice_nativeOpenDeviceHandle: ...exit
01-02 17:09:14.665  1792  2013 D Uvc     : [jni_device.cpp:233] ...Java_org_firstinspires_ftc_robotcore_internal_camera_libuvc_nativeobject_UvcDevice_nativeOpenDeviceHandle()
01-02 17:09:14.666  1792  2013 V UvcDeviceHandle: construct(pointer=0xc5b33d70)
01-02 17:09:14.667  1792  2013 V CameraImpl: construct(0x0b742364)
01-02 17:09:14.668  1792  2013 D UsbResiliantWebcam.InterveningStateCallback: onOpened() camera=CameraImpl(UvcDeviceHandle(pointer=0xc5b33d70|UvcDevice(/dev/bus/usb/003/003)))...
01-02 17:09:14.669  1792  2013 D UsbResiliantWebcam: changeDelegatedCamera(null->CameraImpl(UvcDeviceHandle(pointer=0xc5b33d70|UvcDevice(/dev/bus/usb/003/003))))...
01-02 17:09:14.669  1792  2013 D UvcApiFocusControl: isModeSupported(Auto)...
01-02 17:09:14.671  1792  2013 D UvcApiFocusControl: ...isModeSupported(Auto): false
01-02 17:09:14.671  1792  2013 D UvcApiFocusControl: isModeSupported(ContinuousAuto)...
01-02 17:09:14.672  1792  2013 D UvcApiFocusControl: ...isModeSupported(ContinuousAuto): false
01-02 17:09:14.672  1792  2013 D UvcApiFocusControl: isModeSupported(Macro)...
01-02 17:09:14.672  1792  2013 D UvcApiFocusControl: ...isModeSupported(Macro): false
01-02 17:09:14.673  1792  2013 D UvcApiFocusControl: isModeSupported(Infinity)...
01-02 17:09:14.673  1792  2013 D UvcApiFocusControl: ...isModeSupported(Infinity): false
01-02 17:09:14.673  1792  2013 D UvcApiFocusControl: isModeSupported(Fixed)...
01-02 17:09:14.674  1792  2013 D UvcApiFocusControl: ...isModeSupported(Fixed): true
01-02 17:09:14.674  1792  2013 D UvcApiFocusControl: isFocusLengthSupported...
01-02 17:09:14.675  1792  2013 D UvcApiFocusControl: ...isFocusLengthSupported: false
