01-20 18:32:00.937 15760 15956 I global  :  RENO - TeleopDualDrivers.runOpMode(TeleopDualDrivers.java:372): While loop time in ms = 9.0.
01-20 18:32:00.949 15760 15956 I global  :  RENO - TeleopDualDrivers.runOpMode(TeleopDualDrivers.java:372): While loop time in ms = 10.4.
01-20 18:32:00.959 15760 15956 I global  :  RENO - TeleopDualDrivers.runOpMode(TeleopDualDrivers.java:372): While loop time in ms = 12.7.
01-20 18:32:00.969 15760 15956 I global  :  RENO - TeleopDualDrivers.runOpMode(TeleopDualDrivers.java:372): While loop time in ms = 9.7.
01-20 18:32:00.978 15760 15956 I global  :  RENO - TeleopDualDrivers.runOpMode(TeleopDualDrivers.java:372): While loop time in ms = 9.6.
01-20 18:32:00.988 15760 15956 I global  :  RENO - TeleopDualDrivers.runOpMode(TeleopDualDrivers.java:372): While loop time in ms = 9.6.
01-20 18:32:00.997 15760 15956 I global  :  RENO - TeleopDualDrivers.runOpMode(TeleopDualDrivers.java:372): While loop time in ms = 9.9.
01-20 18:32:01.006 15760 15956 I global  :  RENO - TeleopDualDrivers.runOpMode(TeleopDualDrivers.java:372): While loop time in ms = 9.2.
01-20 18:32:01.016 15760 15956 I global  :  RENO - TeleopDualDrivers.runOpMode(TeleopDualDrivers.java:372): While loop time in ms = 8.8.
01-20 18:32:01.030 15760 15956 I global  :  RENO - TeleopDualDrivers.runOpMode(TeleopDualDrivers.java:372): While loop time in ms = 9.9.
01-20 18:32:01.040 15760 15956 I global  :  RENO - TeleopDualDrivers.runOpMode(TeleopDualDrivers.java:372): While loop time in ms = 14.2.
01-20 18:32:01.049 15760 15956 I global  :  RENO - TeleopDualDrivers.runOpMode(TeleopDualDrivers.java:372): While loop time in ms = 9.8.
01-20 18:32:01.065 15760 15956 I global  :  RENO - TeleopDualDrivers.runOpMode(TeleopDualDrivers.java:372): While loop time in ms = 15.6.
01-20 18:32:01.075 15760 15956 I global  :  RENO - TeleopDualDrivers.runOpMode(TeleopDualDrivers.java:372): While loop time in ms = 9.5.
01-20 18:32:01.086 15760 15956 I global  :  RENO - TeleopDualDrivers.runOpMode(TeleopDualDrivers.java:372): While loop time in ms = 10.3.
01-20 18:32:01.096 15760 15956 I global  :  RENO - TeleopDualDrivers.runOpMode(TeleopDualDrivers.java:372): While loop time in ms = 10.3.
01-20 18:32:01.107 15760 15956 I global  :  RENO - TeleopDualDrivers.runOpMode(TeleopDualDrivers.java:372): While loop time in ms = 10.9.
01-20 18:32:01.117 15760 15956 I global  :  RENO - TeleopDualDrivers.runOpMode(TeleopDualDrivers.java:372): While loop time in ms = 10.1.
01-20 18:32:01.127 15760 15956 I global  :  RENO - TeleopDualDrivers.runOpMode(TeleopDualDrivers.java:372): While loop time in ms = 10.8.
01-20 18:32:01.138 15760 15956 I global  :  RENO - TeleopDualDrivers.runOpMode(TeleopDualDrivers.java:372): While loop time in ms = 10.2.
01-20 18:32:01.149 15760 15956 I global  :  RENO - TeleopDualDrivers.runOpMode(TeleopDualDrivers.java:372): While loop time in ms = 9.9.
01-20 18:32:01.167 15760 15956 I global  :  RENO - TeleopDualDrivers.runOpMode(TeleopDualDrivers.java:372): While loop time in ms = 14.9.
01-20 18:32:01.178 15760 15956 I global  :  RENO - TeleopDualDrivers.runOpMode(TeleopDualDrivers.java:372): While loop time in ms = 15.1.
01-20 18:32:01.188 15760 15956 I global  :  RENO - TeleopDualDrivers.runOpMode(TeleopDualDrivers.java:372): While loop time in ms = 10.6.
01-20 18:32:01.199 15760 15956 I global  :  RENO - TeleopDualDrivers.runOpMode(TeleopDualDrivers.java:372): While loop time in ms = 9.6.
01-20 18:32:01.209 15760 15956 I global  :  RENO - TeleopDualDrivers.runOpMode(TeleopDualDrivers.java:372): While loop time in ms = 11.1.
01-20 18:32:01.221 15760 15956 I global  :  RENO - TeleopDualDrivers.runOpMode(TeleopDualDrivers.java:372): While loop time in ms = 10.6.
01-20 18:32:01.232 15760 15956 I global  :  RENO - TeleopDualDrivers.runOpMode(TeleopDualDrivers.java:372): While loop time in ms = 11.4.
01-20 18:32:01.244 15760 15956 I global  :  RENO - TeleopDualDrivers.runOpMode(TeleopDualDrivers.java:372): While loop time in ms = 11.5.
01-20 18:32:01.255 15760 15956 I global  :  RENO - TeleopDualDrivers.runOpMode(TeleopDualDrivers.java:372): While loop time in ms = 11.3.
01-20 18:32:01.266 15760 15956 I global  :  RENO - TeleopDualDrivers.runOpMode(TeleopDualDrivers.java:372): While loop time in ms = 11.3.
01-20 18:32:01.278 15760 15956 I global  :  RENO - TeleopDualDrivers.runOpMode(TeleopDualDrivers.java:372): While loop time in ms = 11.2.
01-20 18:32:01.289 15760 15956 I global  :  RENO - TeleopDualDrivers.runOpMode(TeleopDualDrivers.java:372): While loop time in ms = 11.7.
01-20 18:32:01.301 15760 15956 I global  :  RENO - TeleopDualDrivers.runOpMode(TeleopDualDrivers.java:372): While loop time in ms = 11.0.
01-20 18:32:01.313 15760 15956 I global  :  RENO - TeleopDualDrivers.runOpMode(TeleopDualDrivers.java:372): While loop time in ms = 12.8.
01-20 18:32:01.325 15760 15956 I global  :  RENO - TeleopDualDrivers.runOpMode(TeleopDualDrivers.java:372): While loop time in ms = 11.2.
01-20 18:32:01.336 15760 15956 I global  :  RENO - TeleopDualDrivers.runOpMode(TeleopDualDrivers.java:372): While loop time in ms = 12.0.
01-20 18:32:01.348 15760 15956 I global  :  RENO - TeleopDualDrivers.runOpMode(TeleopDualDrivers.java:372): While loop time in ms = 11.7.
01-20 18:32:01.358 15760 15956 I global  :  RENO - TeleopDualDrivers.runOpMode(TeleopDualDrivers.java:372): While loop time in ms = 11.1.
01-20 18:32:01.369 15760 15956 I global  :  RENO - TeleopDualDrivers.runOpMode(TeleopDualDrivers.java:372): While loop time in ms = 10.7.
01-20 18:32:01.379 15760 15956 I global  :  RENO - TeleopDualDrivers.runOpMode(TeleopDualDrivers.java:372): While loop time in ms = 10.4.
01-20 18:32:01.389 15760 15956 I global  :  RENO - TeleopDualDrivers.runOpMode(TeleopDualDrivers.java:372): While loop time in ms = 10.5.
01-20 18:32:01.400 15760 15956 I global  :  RENO - TeleopDualDrivers.runOpMode(TeleopDualDrivers.java:372): While loop time in ms = 10.1.
01-20 18:32:01.410 15760 15956 I global  :  RENO - TeleopDualDrivers.runOpMode(TeleopDualDrivers.java:372): While loop time in ms = 10.6.
01-20 18:32:01.421 15760 15956 I global  :  RENO - TeleopDualDrivers.runOpMode(TeleopDualDrivers.java:372): While loop time in ms = 9.9.
01-20 18:32:01.431 15760 15956 I global  :  RENO - TeleopDualDrivers.runOpMode(TeleopDualDrivers.java:372): While loop time in ms = 10.9.
01-20 18:32:01.441 15760 15956 I global  :  RENO - TeleopDualDrivers.runOpMode(TeleopDualDrivers.java:372): While loop time in ms = 10.0.
01-20 18:32:01.451 15760 15956 I global  :  RENO - TeleopDualDrivers.runOpMode(TeleopDualDrivers.java:372): While loop time in ms = 10.4.
01-20 18:32:01.461 15760 15956 I global  :  RENO - TeleopDualDrivers.runOpMode(TeleopDualDrivers.java:372): While loop time in ms = 10.1.
01-20 18:32:01.471 15760 15956 I global  :  RENO - TeleopDualDrivers.runOpMode(TeleopDualDrivers.java:372): While loop time in ms = 9.6.
01-20 18:32:01.481 15760 15956 I global  :  RENO - TeleopDualDrivers.runOpMode(TeleopDualDrivers.java:372): While loop time in ms = 10.8.
01-20 18:32:01.492 15760 15956 I global  :  RENO - TeleopDualDrivers.runOpMode(TeleopDualDrivers.java:372): While loop time in ms = 10.0.
01-20 18:32:01.503 15760 15956 I global  :  RENO - TeleopDualDrivers.runOpMode(TeleopDualDrivers.java:372): While loop time in ms = 10.6.
01-20 18:32:01.514 15760 15956 I global  :  RENO - TeleopDualDrivers.runOpMode(TeleopDualDrivers.java:372): While loop time in ms = 10.4.
01-20 18:32:01.525 15760 15956 I global  :  RENO - TeleopDualDrivers.runOpMode(TeleopDualDrivers.java:372): While loop time in ms = 11.6.
01-20 18:32:01.533 15760 15956 I global  :  RENO - TeleopDualDrivers.runOpMode(TeleopDualDrivers.java:372): While loop time in ms = 10.5.
01-20 18:32:01.546 15760 15956 I global  :  RENO - TeleopDualDrivers.runOpMode(TeleopDualDrivers.java:372): While loop time in ms = 8.4.
01-20 18:32:01.558 15760 15956 I global  :  RENO - TeleopDualDrivers.runOpMode(TeleopDualDrivers.java:372): While loop time in ms = 12.5.
01-20 18:32:01.576 15760 15956 I global  :  RENO - TeleopDualDrivers.runOpMode(TeleopDualDrivers.java:372): While loop time in ms = 20.2.
01-20 18:32:01.588 15760 15956 I global  :  RENO - TeleopDualDrivers.runOpMode(TeleopDualDrivers.java:372): While loop time in ms = 9.8.
01-20 18:32:01.598 15760 15956 I global  :  RENO - TeleopDualDrivers.runOpMode(TeleopDualDrivers.java:372): While loop time in ms = 12.1.
01-20 18:32:01.610 15760 15956 I global  :  RENO - TeleopDualDrivers.runOpMode(TeleopDualDrivers.java:372): While loop time in ms = 9.9.
01-20 18:32:01.621 15760 15956 I global  :  RENO - TeleopDualDrivers.runOpMode(TeleopDualDrivers.java:372): While loop time in ms = 12.1.
01-20 18:32:01.636 15760 15956 I global  :  RENO - TeleopDualDrivers.runOpMode(TeleopDualDrivers.java:372): While loop time in ms = 10.9.
01-20 18:32:01.647 15760 15956 I global  :  RENO - TeleopDualDrivers.runOpMode(TeleopDualDrivers.java:372): While loop time in ms = 15.2.
01-20 18:32:01.659 15760 15956 I global  :  RENO - TeleopDualDrivers.runOpMode(TeleopDualDrivers.java:372): While loop time in ms = 11.4.
01-20 18:32:01.676 15760 15956 I global  :  RENO - TeleopDualDrivers.runOpMode(TeleopDualDrivers.java:372): While loop time in ms = 14.3.
01-20 18:32:01.686 15760 15956 I global  :  RENO - TeleopDualDrivers.runOpMode(TeleopDualDrivers.java:372): While loop time in ms = 14.3.
01-20 18:32:01.696 15760 15956 I global  :  RENO - TeleopDualDrivers.runOpMode(TeleopDualDrivers.java:372): While loop time in ms = 9.7.
01-20 18:32:01.706 15760 15956 I global  :  RENO - TeleopDualDrivers.runOpMode(TeleopDualDrivers.java:372): While loop time in ms = 10.0.
01-20 18:32:01.717 15760 15956 I global  :  RENO - TeleopDualDrivers.runOpMode(TeleopDualDrivers.java:372): While loop time in ms = 10.3.
01-20 18:32:01.727 15760 15956 I global  :  RENO - TeleopDualDrivers.runOpMode(TeleopDualDrivers.java:372): While loop time in ms = 10.9.
01-20 18:32:01.737 15760 15956 I global  :  RENO - TeleopDualDrivers.runOpMode(TeleopDualDrivers.java:372): While loop time in ms = 10.0.
01-20 18:32:01.749 15760 15956 I global  :  RENO - TeleopDualDrivers.runOpMode(TeleopDualDrivers.java:372): While loop time in ms = 10.3.
01-20 18:32:01.759 15760 15956 I global  :  RENO - TeleopDualDrivers.runOpMode(TeleopDualDrivers.java:372): While loop time in ms = 11.2.
01-20 18:32:01.769 15760 15956 I global  :  RENO - TeleopDualDrivers.runOpMode(TeleopDualDrivers.java:372): While loop time in ms = 10.9.
01-20 18:32:01.780 15760 15956 I global  :  RENO - TeleopDualDrivers.runOpMode(TeleopDualDrivers.java:372): While loop time in ms = 9.7.
01-20 18:32:01.790 15760 15956 I global  :  RENO - TeleopDualDrivers.runOpMode(TeleopDualDrivers.java:372): While loop time in ms = 11.3.
01-20 18:32:01.800 15760 15956 I global  :  RENO - TeleopDualDrivers.runOpMode(TeleopDualDrivers.java:372): While loop time in ms = 9.9.
01-20 18:32:01.810 15760 15956 I global  :  RENO - TeleopDualDrivers.runOpMode(TeleopDualDrivers.java:372): While loop time in ms = 9.4.
01-20 18:32:01.821 15760 15956 I global  :  RENO - TeleopDualDrivers.runOpMode(TeleopDualDrivers.java:372): While loop time in ms = 10.2.
01-20 18:32:01.832 15760 15956 I global  :  RENO - TeleopDualDrivers.runOpMode(TeleopDualDrivers.java:372): While loop time in ms = 10.8.
01-20 18:32:01.842 15760 15956 I global  :  RENO - TeleopDualDrivers.runOpMode(TeleopDualDrivers.java:372): While loop time in ms = 11.1.
01-20 18:32:01.852 15760 15956 I global  :  RENO - TeleopDualDrivers.runOpMode(TeleopDualDrivers.java:372): While loop time in ms = 9.7.
01-20 18:32:01.862 15760 15956 I global  :  RENO - TeleopDualDrivers.runOpMode(TeleopDualDrivers.java:372): While loop time in ms = 9.9.
01-20 18:32:01.874 15760 15956 I global  :  RENO - TeleopDualDrivers.runOpMode(TeleopDualDrivers.java:372): While loop time in ms = 10.3.
01-20 18:32:01.886 15760 15956 I global  :  RENO - TeleopDualDrivers.runOpMode(TeleopDualDrivers.java:372): While loop time in ms = 11.5.
01-20 18:32:01.896 15760 15956 I global  :  RENO - TeleopDualDrivers.runOpMode(TeleopDualDrivers.java:372): While loop time in ms = 12.1.
01-20 18:32:01.906 15760 15956 I global  :  RENO - TeleopDualDrivers.runOpMode(TeleopDualDrivers.java:372): While loop time in ms = 10.3.
01-20 18:32:01.916 15760 15956 I global  :  RENO - TeleopDualDrivers.runOpMode(TeleopDualDrivers.java:372): While loop time in ms = 10.4.
01-20 18:32:01.927 15760 15956 I global  :  RENO - TeleopDualDrivers.runOpMode(TeleopDualDrivers.java:372): While loop time in ms = 9.3.
01-20 18:32:01.936 15760 15956 I global  :  RENO - TeleopDualDrivers.runOpMode(TeleopDualDrivers.java:372): While loop time in ms = 11.1.
01-20 18:32:01.947 15760 15956 I global  :  RENO - TeleopDualDrivers.runOpMode(TeleopDualDrivers.java:372): While loop time in ms = 9.3.
01-20 18:32:01.958 15760 15956 I global  :  RENO - TeleopDualDrivers.runOpMode(TeleopDualDrivers.java:372): While loop time in ms = 10.8.
01-20 18:32:01.969 15760 15956 I global  :  RENO - TeleopDualDrivers.runOpMode(TeleopDualDrivers.java:372): While loop time in ms = 11.0.
01-20 18:32:01.980 15760 15956 I global  :  RENO - TeleopDualDrivers.runOpMode(TeleopDualDrivers.java:372): While loop time in ms = 11.1.
01-20 18:32:01.992 15760 15956 I global  :  RENO - TeleopDualDrivers.runOpMode(TeleopDualDrivers.java:372): While loop time in ms = 11.4.
01-20 18:32:02.003 15760 15956 I global  :  RENO - TeleopDualDrivers.runOpMode(TeleopDualDrivers.java:372): While loop time in ms = 11.6.
01-20 18:32:02.014 15760 15956 I global  :  RENO - TeleopDualDrivers.runOpMode(TeleopDualDrivers.java:372): While loop time in ms = 10.8.
01-20 18:32:02.025 15760 15956 I global  :  RENO - TeleopDualDrivers.runOpMode(TeleopDualDrivers.java:372): While loop time in ms = 11.1.
01-20 18:32:02.035 15760 15956 I global  :  RENO - TeleopDualDrivers.runOpMode(TeleopDualDrivers.java:372): While loop time in ms = 10.9.
01-20 18:32:02.049 15760 15956 I global  :  RENO - TeleopDualDrivers.runOpMode(TeleopDualDrivers.java:372): While loop time in ms = 10.5.
01-20 18:32:02.059 15760 15956 I global  :  RENO - TeleopDualDrivers.runOpMode(TeleopDualDrivers.java:372): While loop time in ms = 13.6.
01-20 18:32:02.070 15760 15956 I global  :  RENO - TeleopDualDrivers.runOpMode(TeleopDualDrivers.java:372): While loop time in ms = 10.4.
01-20 18:32:02.087 15760 15956 I global  :  RENO - TeleopDualDrivers.runOpMode(TeleopDualDrivers.java:372): While loop time in ms = 17.6.
01-20 18:32:02.097 15760 15956 I global  :  RENO - TeleopDualDrivers.runOpMode(TeleopDualDrivers.java:372): While loop time in ms = 9.8.
01-20 18:32:02.107 15760 15956 I global  :  RENO - TeleopDualDrivers.runOpMode(TeleopDualDrivers.java:372): While loop time in ms = 9.7.
01-20 18:32:02.117 15760 15956 I global  :  RENO - TeleopDualDrivers.runOpMode(TeleopDualDrivers.java:372): While loop time in ms = 10.5.
01-20 18:32:02.127 15760 15956 I global  :  RENO - TeleopDualDrivers.runOpMode(TeleopDualDrivers.java:372): While loop time in ms = 10.2.
01-20 18:32:02.139 15760 15956 I global  :  RENO - TeleopDualDrivers.runOpMode(TeleopDualDrivers.java:372): While loop time in ms = 9.6.
01-20 18:32:02.150 15760 15956 I global  :  RENO - TeleopDualDrivers.runOpMode(TeleopDualDrivers.java:372): While loop time in ms = 12.3.
01-20 18:32:02.163 15760 15956 I global  :  RENO - TeleopDualDrivers.runOpMode(TeleopDualDrivers.java:372): While loop time in ms = 11.0.
01-20 18:32:02.182 15760 15956 I global  :  RENO - TeleopDualDrivers.runOpMode(TeleopDualDrivers.java:372): While loop time in ms = 16.1.
01-20 18:32:02.193 15760 15956 I global  :  RENO - TeleopDualDrivers.runOpMode(TeleopDualDrivers.java:372): While loop time in ms = 16.4.
01-20 18:32:02.205 15760 15956 I global  :  RENO - TeleopDualDrivers.runOpMode(TeleopDualDrivers.java:372): While loop time in ms = 10.4.
01-20 18:32:02.217 15760 15956 I global  :  RENO - TeleopDualDrivers.runOpMode(TeleopDualDrivers.java:372): While loop time in ms = 12.5.
01-20 18:32:02.230 15760 15956 I global  :  RENO - TeleopDualDrivers.runOpMode(TeleopDualDrivers.java:372): While loop time in ms = 11.2.
01-20 18:32:02.241 15760 15956 I global  :  RENO - TeleopDualDrivers.runOpMode(TeleopDualDrivers.java:372): While loop time in ms = 13.2.
01-20 18:32:02.252 15760 15956 I global  :  RENO - TeleopDualDrivers.runOpMode(TeleopDualDrivers.java:372): While loop time in ms = 11.1.
01-20 18:32:02.263 15760 15956 I global  :  RENO - TeleopDualDrivers.runOpMode(TeleopDualDrivers.java:372): While loop time in ms = 11.4.
01-20 18:32:02.274 15760 15956 I global  :  RENO - TeleopDualDrivers.runOpMode(TeleopDualDrivers.java:372): While loop time in ms = 11.1.
01-20 18:32:02.286 15760 15956 I global  :  RENO - TeleopDualDrivers.runOpMode(TeleopDualDrivers.java:372): While loop time in ms = 10.9.
01-20 18:32:02.297 15760 15956 I global  :  RENO - TeleopDualDrivers.runOpMode(TeleopDualDrivers.java:372): While loop time in ms = 11.7.
01-20 18:32:02.308 15760 15956 I global  :  RENO - TeleopDualDrivers.runOpMode(TeleopDualDrivers.java:372): While loop time in ms = 10.7.
01-20 18:32:02.319 15760 15956 I global  :  RENO - TeleopDualDrivers.runOpMode(TeleopDualDrivers.java:372): While loop time in ms = 10.8.
01-20 18:32:02.329 15760 15956 I global  :  RENO - TeleopDualDrivers.runOpMode(TeleopDualDrivers.java:372): While loop time in ms = 11.2.
01-20 18:32:02.341 15760 15956 I global  :  RENO - TeleopDualDrivers.runOpMode(TeleopDualDrivers.java:372): While loop time in ms = 10.3.
01-20 18:32:02.354 15760 15956 I global  :  RENO - TeleopDualDrivers.runOpMode(TeleopDualDrivers.java:372): While loop time in ms = 12.0.
01-20 18:32:02.365 15760 15956 I global  :  RENO - TeleopDualDrivers.runOpMode(TeleopDualDrivers.java:372): While loop time in ms = 12.6.
01-20 18:32:02.376 15760 15956 I global  :  RENO - TeleopDualDrivers.runOpMode(TeleopDualDrivers.java:372): While loop time in ms = 11.0.
01-20 18:32:02.387 15760 15956 I global  :  RENO - TeleopDualDrivers.runOpMode(TeleopDualDrivers.java:372): While loop time in ms = 11.1.
01-20 18:32:02.401 15760 15956 I global  :  RENO - TeleopDualDrivers.runOpMode(TeleopDualDrivers.java:372): While loop time in ms = 11.0.
01-20 18:32:02.414 15760 15956 I global  :  RENO - TeleopDualDrivers.runOpMode(TeleopDualDrivers.java:372): While loop time in ms = 14.7.
01-20 18:32:02.425 15760 15956 I global  :  RENO - TeleopDualDrivers.runOpMode(TeleopDualDrivers.java:372): While loop time in ms = 12.5.
01-20 18:32:02.436 15760 15956 I global  :  RENO - TeleopDualDrivers.runOpMode(TeleopDualDrivers.java:372): While loop time in ms = 10.8.
01-20 18:32:02.447 15760 15956 I global  :  RENO - TeleopDualDrivers.runOpMode(TeleopDualDrivers.java:372): While loop time in ms = 11.1.
01-20 18:32:02.459 15760 15956 I global  :  RENO - TeleopDualDrivers.runOpMode(TeleopDualDrivers.java:372): While loop time in ms = 10.8.
01-20 18:32:02.470 15760 15956 I global  :  RENO - TeleopDualDrivers.runOpMode(TeleopDualDrivers.java:372): While loop time in ms = 11.8.
01-20 18:32:02.483 15760 15956 I global  :  RENO - TeleopDualDrivers.runOpMode(TeleopDualDrivers.java:372): While loop time in ms = 12.3.
01-20 18:32:02.494 15760 15956 I global  :  RENO - TeleopDualDrivers.runOpMode(TeleopDualDrivers.java:372): While loop time in ms = 11.9.
01-20 18:32:02.506 15760 15956 I global  :  RENO - TeleopDualDrivers.runOpMode(TeleopDualDrivers.java:372): While loop time in ms = 11.5.
01-20 18:32:02.517 15760 15956 I global  :  RENO - TeleopDualDrivers.runOpMode(TeleopDualDrivers.java:372): While loop time in ms = 11.6.
01-20 18:32:02.528 15760 15956 I global  :  RENO - TeleopDualDrivers.runOpMode(TeleopDualDrivers.java:372): While loop time in ms = 11.1.
01-20 18:32:02.539 15760 15956 I global  :  RENO - TeleopDualDrivers.runOpMode(TeleopDualDrivers.java:372): While loop time in ms = 10.5.
01-20 18:32:02.549 15760 15956 I global  :  RENO - TeleopDualDrivers.runOpMode(TeleopDualDrivers.java:372): While loop time in ms = 10.7.
01-20 18:32:02.562 15760 15956 I global  :  RENO - TeleopDualDrivers.runOpMode(TeleopDualDrivers.java:372): While loop time in ms = 10.4.
01-20 18:32:02.573 15760 15956 I global  :  RENO - TeleopDualDrivers.runOpMode(TeleopDualDrivers.java:372): While loop time in ms = 13.2.
01-20 18:32:02.592 15760 15956 I global  :  RENO - TeleopDualDrivers.runOpMode(TeleopDualDrivers.java:372): While loop time in ms = 14.4.
01-20 18:32:02.602 15760 15956 I global  :  RENO - TeleopDualDrivers.runOpMode(TeleopDualDrivers.java:372): While loop time in ms = 16.1.
01-20 18:32:02.612 15760 15956 I global  :  RENO - TeleopDualDrivers.runOpMode(TeleopDualDrivers.java:372): While loop time in ms = 9.8.
01-20 18:32:02.623 15760 15956 I global  :  RENO - TeleopDualDrivers.runOpMode(TeleopDualDrivers.java:372): While loop time in ms = 9.8.
01-20 18:32:02.632 15760 15956 I global  :  RENO - TeleopDualDrivers.runOpMode(TeleopDualDrivers.java:372): While loop time in ms = 10.6.
01-20 18:32:02.644 15760 15956 I global  :  RENO - TeleopDualDrivers.runOpMode(TeleopDualDrivers.java:372): While loop time in ms = 10.9.
01-20 18:32:02.655 15760 15956 I global  :  RENO - TeleopDualDrivers.runOpMode(TeleopDualDrivers.java:372): While loop time in ms = 10.5.
01-20 18:32:02.666 15760 15956 I global  :  RENO - TeleopDualDrivers.runOpMode(TeleopDualDrivers.java:372): While loop time in ms = 11.0.
01-20 18:32:02.680 15760 15956 I global  :  RENO - TeleopDualDrivers.runOpMode(TeleopDualDrivers.java:372): While loop time in ms = 11.3.
01-20 18:32:02.689 15760 15956 I global  :  RENO - TeleopDualDrivers.runOpMode(TeleopDualDrivers.java:372): While loop time in ms = 13.9.
01-20 18:32:02.699 15760 15956 I global  :  RENO - TeleopDualDrivers.runOpMode(TeleopDualDrivers.java:372): While loop time in ms = 9.8.
01-20 18:32:02.710 15760 15956 I global  :  RENO - TeleopDualDrivers.runOpMode(TeleopDualDrivers.java:372): While loop time in ms = 9.2.
01-20 18:32:02.721 15760 15956 I global  :  RENO - TeleopDualDrivers.runOpMode(TeleopDualDrivers.java:372): While loop time in ms = 10.7.
01-20 18:32:02.733 15760 15956 I global  :  RENO - TeleopDualDrivers.runOpMode(TeleopDualDrivers.java:372): While loop time in ms = 11.4.
01-20 18:32:02.744 15760 15956 I global  :  RENO - TeleopDualDrivers.runOpMode(TeleopDualDrivers.java:372): While loop time in ms = 11.4.
01-20 18:32:02.755 15760 15956 I global  :  RENO - TeleopDualDrivers.runOpMode(TeleopDualDrivers.java:372): While loop time in ms = 10.9.
01-20 18:32:02.767 15760 15956 I global  :  RENO - TeleopDualDrivers.runOpMode(TeleopDualDrivers.java:372): While loop time in ms = 11.5.
01-20 18:32:02.778 15760 15956 I global  :  RENO - TeleopDualDrivers.runOpMode(TeleopDualDrivers.java:372): While loop time in ms = 11.8.
01-20 18:32:02.789 15760 15956 I global  :  RENO - TeleopDualDrivers.runOpMode(TeleopDualDrivers.java:372): While loop time in ms = 11.2.
01-20 18:32:02.801 15760 15956 I global  :  RENO - TeleopDualDrivers.runOpMode(TeleopDualDrivers.java:372): While loop time in ms = 11.1.
01-20 18:32:02.815 15760 15956 I global  :  RENO - TeleopDualDrivers.runOpMode(TeleopDualDrivers.java:372): While loop time in ms = 11.4.
01-20 18:32:02.828 15760 15956 I global  :  RENO - TeleopDualDrivers.runOpMode(TeleopDualDrivers.java:372): While loop time in ms = 14.8.
01-20 18:32:02.839 15760 15956 I global  :  RENO - TeleopDualDrivers.runOpMode(TeleopDualDrivers.java:372): While loop time in ms = 13.0.
01-20 18:32:02.852 15760 15956 I global  :  RENO - TeleopDualDrivers.runOpMode(TeleopDualDrivers.java:372): While loop time in ms = 10.8.
01-20 18:32:02.863 15760 15956 I global  :  RENO - TeleopDualDrivers.runOpMode(TeleopDualDrivers.java:372): While loop time in ms = 12.8.
01-20 18:32:02.874 15760 15956 I global  :  RENO - TeleopDualDrivers.runOpMode(TeleopDualDrivers.java:372): While loop time in ms = 10.9.
01-20 18:32:02.888 15760 15956 I global  :  RENO - TeleopDualDrivers.runOpMode(TeleopDualDrivers.java:372): While loop time in ms = 10.9.
01-20 18:32:02.901 15760 15956 I global  :  RENO - TeleopDualDrivers.runOpMode(TeleopDualDrivers.java:372): While loop time in ms = 14.0.
01-20 18:32:02.908 15760 15889 V Robocol : received command: CMD_INIT_OP_MODE(10985) $Stop$Robot$
01-20 18:32:02.913 15760 15956 I global  :  RENO - TeleopDualDrivers.runOpMode(TeleopDualDrivers.java:372): While loop time in ms = 13.6.
01-20 18:32:02.918 15760 15890 I RobotCore: ******************** STOP - OPMODE /storage/emulated/0/FIRST/matchlogs/Match-0-Teleop_DualDrivers.txt ********************
01-20 18:32:02.927 15760 15956 I global  :  RENO - TeleopDualDrivers.runOpMode(TeleopDualDrivers.java:372): While loop time in ms = 12.5.
01-20 18:32:02.931 15760 16209 I RobotCore: saving match logcat to /storage/emulated/0/FIRST/matchlogs/Match-0-Teleop_DualDrivers.txt
01-20 18:32:02.931 15760 16209 I RobotCore: logging command line: exec logcat -d -T '1-20 18:31:11.000' -f '/storage/emulated/0/FIRST/matchlogs/Match-0-Teleop_DualDrivers.txt' -n4 -v threadtime UsbRequestJNI:S UsbRequest:S art:W ThreadPool:W System:W ExtendedExtractor:W OMXClient:W MediaPlayer:W dalvikvm:W  *:V
01-20 18:32:02.932 15760 15956 E LynxI2cDeviceSynch: placeholder: readStatusQuery
01-20 18:32:02.932 15760 15956 W BNO055IMU (new): getRobotOrientationAsQuaternion(): Failed to retrieve valid quaternion from IMU. Returning the identity quaternion.
01-20 18:32:02.934 15760 15956 I global  :  RENO - TeleopDualDrivers.runOpMode(TeleopDualDrivers.java:372): While loop time in ms = 13.2.
01-20 18:32:02.937 15760 15956 D RobotCore: User runOpModeMethod exited
01-20 18:32:02.939 15760 15956 V RobotCore: thread: ...terminating 'OpModeThread'
01-20 18:32:02.943 15760 15933 I RobotCore: Attempting to switch to op mode $Stop$Robot$
01-20 18:32:02.943 15760 15933 D HardwareMap: Clearing which device instances have been retrieved
01-20 18:32:02.944 15760 15933 D HardwareMap: Clearing which device instances have been retrieved
01-20 18:32:02.946 15760 16212 V RobotCore: thread: 'OpModeThread' starting...
01-20 18:32:02.949 16210 16210 I sh      : type=1400 audit(0.0:557): avc: denied { read } for name="/" dev="rootfs" ino=1 scontext=u:r:untrusted_app:s0:c512,c768 tcontext=u:object_r:rootfs:s0 tclass=dir permissive=1
01-20 18:32:02.955 15760 15903 V Robocol : sending CMD_NOTIFY_INIT_OP_MODE(1043), attempt: 0
01-20 18:32:02.949 16210 16210 I sh      : type=1400 audit(0.0:558): avc: denied { open } for path="/" dev="rootfs" ino=1 scontext=u:r:untrusted_app:s0:c512,c768 tcontext=u:object_r:rootfs:s0 tclass=dir permissive=1
01-20 18:32:02.988 15760 15889 V Robocol : received command: CMD_RUN_OP_MODE(10992) $Stop$Robot$
01-20 18:32:03.035 15760 15903 V Robocol : sending CMD_NOTIFY_RUN_OP_MODE(1049), attempt: 0
01-20 18:32:03.143 15760 16209 I RobotCore: Done running exec logcat -d -T '1-20 18:31:11.000' -f '/storage/emulated/0/FIRST/matchlogs/Match-0-Teleop_DualDrivers.txt' -n4 -v threadtime UsbRequestJNI:S UsbRequest:S art:W ThreadPool:W System:W ExtendedExtractor:W OMXClient:W MediaPlayer:W dalvikvm:W  *:V
01-20 18:32:03.143 15760 16209 I RobotCore: exiting match logcat for /storage/emulated/0/FIRST/matchlogs/Match-0-Teleop_DualDrivers.txt
--------- beginning of main
01-20 18:36:15.223 17469 17469 D Uvc     : [jni.cpp:72] JNI_OnLoad()...
01-20 18:36:15.223 17469 17469 D Uvc     : [JniEnv.h:32] ScopedJniEnv::onJniLoad()...
01-20 18:36:15.223 17469 17469 D Uvc     : [JniEnv.h:32] ...ScopedJniEnv::onJniLoad()
01-20 18:36:15.223 17469 17469 D Uvc     : [jni.cpp:72] ...JNI_OnLoad()
01-20 18:36:15.229 17469 17469 V AppUtil : initializing: getExternalStorageDirectory()=/storage/emulated/0
01-20 18:36:15.235 17469 17469 I AppUtil : found usbFileSystemRoot: /dev/bus/usb
01-20 18:36:15.236 17469 17469 I robotcontroller: type=1400 audit(0.0:562): avc: denied { read } for name="direction" dev="sysfs" ino=16602 scontext=u:r:untrusted_app:s0:c512,c768 tcontext=u:object_r:sysfs:s0 tclass=file permissive=1
01-20 18:36:15.236 17469 17469 I robotcontroller: type=1400 audit(0.0:563): avc: denied { open } for path="/sys/devices/pinctrl.26/gpio/gpio50/direction" dev="sysfs" ino=16602 scontext=u:r:untrusted_app:s0:c512,c768 tcontext=u:object_r:sysfs:s0 tclass=file permissive=1
01-20 18:36:15.236 17469 17469 I robotcontroller: type=1400 audit(0.0:564): avc: denied { getattr } for path="/sys/devices/pinctrl.26/gpio/gpio50/direction" dev="sysfs" ino=16602 scontext=u:r:untrusted_app:s0:c512,c768 tcontext=u:object_r:sysfs:s0 tclass=file permissive=1
01-20 18:36:15.239 17469 17469 I robotcontroller: type=1400 audit(0.0:565): avc: denied { write } for name="value" dev="sysfs" ino=13327 scontext=u:r:untrusted_app:s0:c512,c768 tcontext=u:object_r:sysfs:s0 tclass=file permissive=1
01-20 18:36:15.249 17469 17469 I AppAliveNotifier: Telling the OS to set the RC alive notification timeout to 20 seconds
01-20 18:36:15.281 17469 17492 V RobotCore: saving logcat to /storage/emulated/0/robotControllerLog.txt
01-20 18:36:15.281 17469 17492 V RobotCore: logging command line: exec logcat -f /storage/emulated/0/robotControllerLog.txt -r4096 -n4 -v threadtime UsbRequestJNI:S UsbRequest:S art:W ThreadPool:W System:W ExtendedExtractor:W OMXClient:W MediaPlayer:W dalvikvm:W  *:V
01-20 18:36:15.294 17469 17469 V AppUtil : rootActivity=PermissionValidatorWrapper
01-20 18:36:15.294 17469 17469 I PermissionValidatorActivity: Lifecycle onCreate : 89d17b7
01-20 18:36:15.351 17469 17492 I RobotCore: Done running ps
01-20 18:36:15.413 17469 17469 I PermissionValidatorActivity: Lifecycle onStart : 89d17b7
01-20 18:36:15.415 17469 17469 I PermissionValidator: Checking permission for android.permission.WRITE_EXTERNAL_STORAGE
01-20 18:36:15.421 17469 17469 I PermissionValidator:     Granted: android.permission.WRITE_EXTERNAL_STORAGE
01-20 18:36:15.422 17469 17469 I PermissionValidator: Checking permission for android.permission.READ_EXTERNAL_STORAGE
01-20 18:36:15.422 17469 17469 I PermissionValidator:     Granted: android.permission.READ_EXTERNAL_STORAGE
01-20 18:36:15.423 17469 17469 I PermissionValidator: Checking permission for android.permission.CAMERA
01-20 18:36:15.424 17469 17469 I PermissionValidator:     Granted: android.permission.CAMERA
01-20 18:36:15.424 17469 17469 I PermissionValidator: Checking permission for android.permission.ACCESS_COARSE_LOCATION
01-20 18:36:15.424 17469 17469 I PermissionValidator:     Granted: android.permission.ACCESS_COARSE_LOCATION
01-20 18:36:15.425 17469 17469 I PermissionValidator: Checking permission for android.permission.ACCESS_FINE_LOCATION
01-20 18:36:15.425 17469 17469 I PermissionValidator:     Granted: android.permission.ACCESS_FINE_LOCATION
01-20 18:36:15.426 17469 17469 I PermissionValidator: Checking permission for android.permission.READ_PHONE_STATE
01-20 18:36:15.426 17469 17469 I PermissionValidator:     Granted: android.permission.READ_PHONE_STATE
01-20 18:36:15.438 17469 17469 V ServiceStarter: attempting to start service MediaTransferProtocolMonitorService
01-20 18:36:15.441 17469 17469 V ServiceStarter: started service MediaTransferProtocolMonitorService
01-20 18:36:15.441 17469 17469 V ServiceStarter: attempting to start service OnBotJavaService
01-20 18:36:15.444 17469 17469 V ServiceStarter: started service OnBotJavaService
01-20 18:36:15.444 17469 17469 I PermissionValidatorActivity: All permissions validated.  Starting RobotController
01-20 18:36:15.464 17469 17469 V MTPMonitorService: onCreate()
01-20 18:36:15.465 17469 17469 V MTPMonitorService: onStartCommand() intent=Intent { cmp=com.qualcomm.ftcrobotcontroller/org.firstinspires.ftc.robotcore.internal.files.MediaTransferProtocolMonitorService } flags=0x0 startId=1
01-20 18:36:15.470 17469 17469 V MTPMonitor: observing: /storage/emulated/0
01-20 18:36:15.382 17497 17497 I sh      : type=1400 audit(0.0:566): avc: denied { read } for name="/" dev="rootfs" ino=1 scontext=u:r:untrusted_app:s0:c512,c768 tcontext=u:object_r:rootfs:s0 tclass=dir permissive=1
01-20 18:36:15.382 17497 17497 I sh      : type=1400 audit(0.0:567): avc: denied { open } for path="/" dev="rootfs" ino=1 scontext=u:r:untrusted_app:s0:c512,c768 tcontext=u:object_r:rootfs:s0 tclass=dir permissive=1
01-20 18:36:15.586 17469 17469 V OnBotJavaService: onCreate()
01-20 18:36:15.586 17469 17469 V OnBotJavaService: onStartCommand() intent=Intent { cmp=com.qualcomm.ftcrobotcontroller/org.firstinspires.ftc.onbotjava.OnBotJavaService } flags=0x0 startId=1
01-20 18:36:15.588 17469 17469 V OnBotJava: OnBotJavaManager::static
01-20 18:36:16.129 17548 17548 I ps      : type=1400 audit(0.0:568): avc: denied { getattr } for path="/proc/1" dev="proc" ino=5168 scontext=u:r:untrusted_app:s0:c512,c768 tcontext=u:r:init:s0 tclass=dir permissive=1
01-20 18:36:16.132 17548 17548 I ps      : type=1400 audit(0.0:569): avc: denied { search } for name="1" dev="proc" ino=5168 scontext=u:r:untrusted_app:s0:c512,c768 tcontext=u:r:init:s0 tclass=dir permissive=1
01-20 18:36:16.132 17548 17548 I ps      : type=1400 audit(0.0:570): avc: denied { read } for name="cmdline" dev="proc" ino=8263 scontext=u:r:untrusted_app:s0:c512,c768 tcontext=u:r:init:s0 tclass=file permissive=1
01-20 18:36:16.132 17548 17548 I ps      : type=1400 audit(0.0:571): avc: denied { open } for path="/proc/1/cmdline" dev="proc" ino=8263 scontext=u:r:untrusted_app:s0:c512,c768 tcontext=u:r:init:s0 tclass=file permissive=1
01-20 18:36:16.132 17548 17548 I ps      : type=1400 audit(0.0:572): avc: denied { getattr } for path="/proc/2" dev="proc" ino=8125 scontext=u:r:untrusted_app:s0:c512,c768 tcontext=u:r:kernel:s0 tclass=dir permissive=1
01-20 18:36:16.132 17548 17548 I ps      : type=1400 audit(0.0:573): avc: denied { search } for name="2" dev="proc" ino=8125 scontext=u:r:untrusted_app:s0:c512,c768 tcontext=u:r:kernel:s0 tclass=dir permissive=1
01-20 18:36:16.132 17548 17548 I ps      : type=1400 audit(0.0:574): avc: denied { read } for name="cmdline" dev="proc" ino=11296 scontext=u:r:untrusted_app:s0:c512,c768 tcontext=u:r:kernel:s0 tclass=file permissive=1
01-20 18:36:16.132 17548 17548 I ps      : type=1400 audit(0.0:575): avc: denied { open } for path="/proc/2/cmdline" dev="proc" ino=11296 scontext=u:r:untrusted_app:s0:c512,c768 tcontext=u:r:kernel:s0 tclass=file permissive=1
01-20 18:36:16.289 17469 17469 V OnBotJava: ctor()...
01-20 18:36:16.292 17469 17469 V OnBotJava: ...ctor()
01-20 18:36:16.298 17469 17469 V RCActivity: Permissions validated already
01-20 18:36:16.298 17469 17469 V RCActivity: onCreate()
01-20 18:36:16.300 17469 17469 V RCActivity: rootActivity is of class PermissionValidatorWrapper
01-20 18:36:16.304 17469 17469 V RCActivity: launchActivity is of class class org.firstinspires.ftc.robotcontroller.internal.PermissionValidatorWrapper
01-20 18:36:16.316 17469 17562 V CallbackLooper: thread=78
01-20 18:36:16.321 17469 17469 V NetDiscover_wifiDirectAgent: doStart()...
01-20 18:36:16.328 17469 17469 V NetDiscover_wifiDirectAgent: ...doStart()
01-20 18:36:16.329 17469 17469 V NetDiscover_prefremrc: ----- all preferences -----
01-20 18:36:16.329 17469 17469 V NetDiscover_prefremrc: name='android.permission.READ_PHONE_STATE' value=false
01-20 18:36:16.329 17469 17469 V NetDiscover_prefremrc: name='pref_autostarted_robot_controller' value=true
01-20 18:36:16.329 17469 17469 V NetDiscover_prefremrc: name='pref_warn_about_obsolete_software' value=true
01-20 18:36:16.330 17469 17469 V NetDiscover_prefremrc: name='pref_has_independent_phone_battery' value=false
01-20 18:36:16.330 17469 17469 V NetDiscover_prefremrc: name='android.permission.CAMERA' value=false
01-20 18:36:16.330 17469 17469 V NetDiscover_prefremrc: name='pref_wifip2p_remote_channel_change_works' value=false
01-20 18:36:16.330 17469 17469 V NetDiscover_prefremrc: name='pref_hardware_config_filename' value={"isDirty":false,"location":"LOCAL_STORAGE","name":"ExCamera2Ds","resourceId":0}
01-20 18:36:16.330 17469 17469 V NetDiscover_prefremrc: name='pref_warn_about_mismatched_app_versions' value=true
01-20 18:36:16.331 17469 17469 V NetDiscover_prefremrc: name='pref_sound_on_off' value=false
01-20 18:36:16.331 17469 17469 V NetDiscover_prefremrc: name='pref_ftc_season_year_of_current_rc_new' value=2022
01-20 18:36:16.331 17469 17469 V NetDiscover_prefremrc: name='App Restrictions' value=AAAAAA==
01-20 18:36:16.331 17469 17469 V NetDiscover_prefremrc:     
01-20 18:36:16.331 17469 17469 V NetDiscover_prefremrc: name='pref_warn_about_incorrect_clocks' value=true
01-20 18:36:16.331 17469 17469 V NetDiscover_prefremrc: name='pref_has_speaker' value=false
01-20 18:36:16.332 17469 17469 V NetDiscover_prefremrc: name='pref_ftc_season_year_of_current_rc' value=2022
01-20 18:36:16.332 17469 17469 V NetDiscover_prefremrc: name='android.permission.ACCESS_COARSE_LOCATION' value=false
01-20 18:36:16.332 17469 17469 V NetDiscover_prefremrc: name='android.permission.WRITE_EXTERNAL_STORAGE' value=false
01-20 18:36:16.332 17469 17469 V NetDiscover_prefremrc: name='pref_connection_owner_password' value=ftc21180
01-20 18:36:16.332 17469 17469 V NetDiscover_prefremrc: name='pref_pairing_kind' value=RCWIRELESSAP
01-20 18:36:16.332 17469 17469 V NetDiscover_prefremrc: name='pref_device_name_internal' value=21180-RC
01-20 18:36:16.332 17469 17469 V NetDiscover_prefremrc: name='pref_app_theme' value=red
01-20 18:36:16.333 17469 17469 V NetDiscover_prefremrc: name='android.permission.ACCESS_FINE_LOCATION' value=false
01-20 18:36:16.333 17469 17469 V NetDiscover_prefremrc: name='pref_device_name' value=21180-RC
01-20 18:36:16.333 17469 17469 V NetDiscover_prefremrc: name='pref_warn_about_2_4_ghz_band' value=true
01-20 18:36:16.333 17469 17469 V NetDiscover_prefremrc: name='android.permission.READ_EXTERNAL_STORAGE' value=false
01-20 18:36:16.333 17469 17469 V NetDiscover_prefremrc: name='pref_device_name_tracking' value=WIFIAP
01-20 18:36:16.333 17469 17469 V NetDiscover_prefremrc: name='pref_rc_connected' value=true
01-20 18:36:16.339 17469 17469 V Robocol : SendOnceRunnable created
01-20 18:36:16.341 17469 17469 V NetDiscover_prefremrc: doStart()...
01-20 18:36:16.342 17469 17469 V NetDiscover_prefremrc: ...doStart()
--------- beginning of main
01-20 18:36:16.617 17568 17568 D Uvc     : [jni.cpp:72] JNI_OnLoad()...
01-20 18:36:16.617 17568 17568 D Uvc     : [JniEnv.h:32] ScopedJniEnv::onJniLoad()...
01-20 18:36:16.617 17568 17568 D Uvc     : [JniEnv.h:32] ...ScopedJniEnv::onJniLoad()
01-20 18:36:16.617 17568 17568 D Uvc     : [jni.cpp:72] ...JNI_OnLoad()
01-20 18:36:16.623 17568 17568 V AppUtil : initializing: getExternalStorageDirectory()=/storage/emulated/0
01-20 18:36:16.629 17568 17568 I AppUtil : found usbFileSystemRoot: /dev/bus/usb
01-20 18:36:16.640 17568 17568 I AppAliveNotifier: Telling the OS to set the RC alive notification timeout to 20 seconds
01-20 18:36:16.650 17568 17587 V RobotCore: saving logcat to /storage/emulated/0/robotControllerLog.txt
01-20 18:36:16.650 17568 17587 V RobotCore: logging command line: exec logcat -f /storage/emulated/0/robotControllerLog.txt -r4096 -n4 -v threadtime UsbRequestJNI:S UsbRequest:S art:W ThreadPool:W System:W ExtendedExtractor:W OMXClient:W MediaPlayer:W dalvikvm:W  *:V
01-20 18:36:16.680 17568 17587 I RobotCore: Done running ps
01-20 18:36:17.343 17568 17568 V AppUtil : rootActivity=PermissionValidatorWrapper
01-20 18:36:17.343 17568 17568 I PermissionValidatorActivity: Lifecycle onCreate : 6a70b24
01-20 18:36:17.449 17568 17568 I PermissionValidatorActivity: Lifecycle onStart : 6a70b24
01-20 18:36:17.450 17568 17568 I PermissionValidator: Checking permission for android.permission.WRITE_EXTERNAL_STORAGE
01-20 18:36:17.455 17568 17568 I PermissionValidator:     Granted: android.permission.WRITE_EXTERNAL_STORAGE
01-20 18:36:17.456 17568 17568 I PermissionValidator: Checking permission for android.permission.READ_EXTERNAL_STORAGE
01-20 18:36:17.457 17568 17568 I PermissionValidator:     Granted: android.permission.READ_EXTERNAL_STORAGE
01-20 18:36:17.457 17568 17568 I PermissionValidator: Checking permission for android.permission.CAMERA
01-20 18:36:17.458 17568 17568 I PermissionValidator:     Granted: android.permission.CAMERA
01-20 18:36:17.458 17568 17568 I PermissionValidator: Checking permission for android.permission.ACCESS_COARSE_LOCATION
01-20 18:36:17.459 17568 17568 I PermissionValidator:     Granted: android.permission.ACCESS_COARSE_LOCATION
01-20 18:36:17.459 17568 17568 I PermissionValidator: Checking permission for android.permission.ACCESS_FINE_LOCATION
01-20 18:36:17.460 17568 17568 I PermissionValidator:     Granted: android.permission.ACCESS_FINE_LOCATION
01-20 18:36:17.460 17568 17568 I PermissionValidator: Checking permission for android.permission.READ_PHONE_STATE
01-20 18:36:17.462 17568 17568 I PermissionValidator:     Granted: android.permission.READ_PHONE_STATE
01-20 18:36:17.465 17568 17568 V ServiceStarter: attempting to start service MediaTransferProtocolMonitorService
01-20 18:36:17.468 17568 17568 V ServiceStarter: started service MediaTransferProtocolMonitorService
01-20 18:36:17.468 17568 17568 V ServiceStarter: attempting to start service OnBotJavaService
01-20 18:36:17.471 17568 17568 V ServiceStarter: started service OnBotJavaService
01-20 18:36:17.471 17568 17568 I PermissionValidatorActivity: All permissions validated.  Starting RobotController
01-20 18:36:17.483 17568 17568 V MTPMonitorService: onCreate()
01-20 18:36:17.483 17568 17568 V MTPMonitorService: onStartCommand() intent=Intent { cmp=com.qualcomm.ftcrobotcontroller/org.firstinspires.ftc.robotcore.internal.files.MediaTransferProtocolMonitorService } flags=0x0 startId=1
01-20 18:36:17.487 17568 17568 V MTPMonitor: observing: /storage/emulated/0
01-20 18:36:17.538 17568 17568 V OnBotJavaService: onCreate()
01-20 18:36:17.539 17568 17568 V OnBotJavaService: onStartCommand() intent=Intent { cmp=com.qualcomm.ftcrobotcontroller/org.firstinspires.ftc.onbotjava.OnBotJavaService } flags=0x0 startId=1
01-20 18:36:17.540 17568 17568 V OnBotJava: OnBotJavaManager::static
01-20 18:36:18.030 17568 17568 V OnBotJava: ctor()...
01-20 18:36:18.032 17568 17568 V OnBotJava: ...ctor()
01-20 18:36:18.037 17568 17568 V RCActivity: Permissions validated already
01-20 18:36:18.038 17568 17568 V RCActivity: onCreate()
01-20 18:36:18.040 17568 17568 V RCActivity: rootActivity is of class PermissionValidatorWrapper
01-20 18:36:18.043 17568 17568 V RCActivity: launchActivity is of class class org.firstinspires.ftc.robotcontroller.internal.PermissionValidatorWrapper
01-20 18:36:18.050 17568 17613 V CallbackLooper: thread=80
01-20 18:36:18.055 17568 17568 V NetDiscover_wifiDirectAgent: doStart()...
01-20 18:36:18.059 17568 17568 V NetDiscover_wifiDirectAgent: ...doStart()
01-20 18:36:18.060 17568 17568 V NetDiscover_prefremrc: ----- all preferences -----
01-20 18:36:18.060 17568 17568 V NetDiscover_prefremrc: name='android.permission.READ_PHONE_STATE' value=false
01-20 18:36:18.060 17568 17568 V NetDiscover_prefremrc: name='pref_autostarted_robot_controller' value=true
01-20 18:36:18.061 17568 17568 V NetDiscover_prefremrc: name='pref_warn_about_obsolete_software' value=true
01-20 18:36:18.061 17568 17568 V NetDiscover_prefremrc: name='pref_has_independent_phone_battery' value=false
01-20 18:36:18.061 17568 17568 V NetDiscover_prefremrc: name='android.permission.CAMERA' value=false
01-20 18:36:18.061 17568 17568 V NetDiscover_prefremrc: name='pref_wifip2p_remote_channel_change_works' value=false
01-20 18:36:18.061 17568 17568 V NetDiscover_prefremrc: name='pref_hardware_config_filename' value={"isDirty":false,"location":"LOCAL_STORAGE","name":"ExCamera2Ds","resourceId":0}
01-20 18:36:18.061 17568 17568 V NetDiscover_prefremrc: name='pref_warn_about_mismatched_app_versions' value=true
01-20 18:36:18.061 17568 17568 V NetDiscover_prefremrc: name='pref_sound_on_off' value=false
01-20 18:36:18.062 17568 17568 V NetDiscover_prefremrc: name='pref_ftc_season_year_of_current_rc_new' value=2022
01-20 18:36:18.062 17568 17568 V NetDiscover_prefremrc: name='App Restrictions' value=AAAAAA==
01-20 18:36:18.062 17568 17568 V NetDiscover_prefremrc:     
01-20 18:36:18.062 17568 17568 V NetDiscover_prefremrc: name='pref_warn_about_incorrect_clocks' value=true
01-20 18:36:18.062 17568 17568 V NetDiscover_prefremrc: name='pref_has_speaker' value=false
01-20 18:36:18.062 17568 17568 V NetDiscover_prefremrc: name='pref_ftc_season_year_of_current_rc' value=2022
01-20 18:36:18.062 17568 17568 V NetDiscover_prefremrc: name='android.permission.ACCESS_COARSE_LOCATION' value=false
01-20 18:36:18.062 17568 17568 V NetDiscover_prefremrc: name='android.permission.WRITE_EXTERNAL_STORAGE' value=false
01-20 18:36:18.062 17568 17568 V NetDiscover_prefremrc: name='pref_connection_owner_password' value=ftc21180
01-20 18:36:18.063 17568 17568 V NetDiscover_prefremrc: name='pref_pairing_kind' value=RCWIRELESSAP
01-20 18:36:18.063 17568 17568 V NetDiscover_prefremrc: name='pref_device_name_internal' value=21180-RC
01-20 18:36:18.063 17568 17568 V NetDiscover_prefremrc: name='pref_app_theme' value=red
01-20 18:36:18.063 17568 17568 V NetDiscover_prefremrc: name='android.permission.ACCESS_FINE_LOCATION' value=false
01-20 18:36:18.063 17568 17568 V NetDiscover_prefremrc: name='pref_device_name' value=21180-RC
01-20 18:36:18.063 17568 17568 V NetDiscover_prefremrc: name='pref_warn_about_2_4_ghz_band' value=true
01-20 18:36:18.063 17568 17568 V NetDiscover_prefremrc: name='android.permission.READ_EXTERNAL_STORAGE' value=false
01-20 18:36:18.063 17568 17568 V NetDiscover_prefremrc: name='pref_device_name_tracking' value=WIFIAP
01-20 18:36:18.064 17568 17568 V NetDiscover_prefremrc: name='pref_rc_connected' value=true
01-20 18:36:18.069 17568 17568 V Robocol : SendOnceRunnable created
01-20 18:36:18.072 17568 17568 V NetDiscover_prefremrc: doStart()...
01-20 18:36:18.072 17568 17568 V NetDiscover_prefremrc: ...doStart()
01-20 18:36:18.102 17568 17568 W System  : ClassLoader referenced unknown path: /system/app/webview/lib/arm
01-20 18:36:18.103 17568 17568 D ApplicationLoaders: ignored Vulkan layer search path /system/app/webview/lib/arm:/system/app/webview/webview.apk!/lib/armeabi-v7a:/system/lib:/vendor/lib for namespace 0xf156a090
01-20 18:36:18.106 17568 17568 I WebViewFactory: Loading com.android.webview version 52.0.2743.100 (code 275610050)
01-20 18:36:18.137 17568 17568 I cr_LibraryLoader: Time to load native libraries: 3 ms (timestamps 7749-7752)
01-20 18:36:18.137 17568 17568 I cr_LibraryLoader: Expected native library version number "52.0.2743.100", actual native library version number "52.0.2743.100"
01-20 18:36:18.150 17568 17568 V WebViewChromiumFactoryProvider: Binding Chromium to main looper Looper (main, tid 1) {e8dc9b9}
01-20 18:36:18.150 17568 17568 I cr_LibraryLoader: Expected native library version number "52.0.2743.100", actual native library version number "52.0.2743.100"
01-20 18:36:18.151 17568 17568 I chromium: [INFO:library_loader_hooks.cc(143)] Chromium logging enabled: level = 0, default verbosity = 0
01-20 18:36:18.168 17568 17568 I cr_BrowserStartup: Initializing chromium process, singleProcess=true
01-20 18:36:18.193 17568 17568 I mali_so : [File] : hardware/rockchip/driver/./src/base/arch/arch_011_udd/base_arch_main.c; [Line] : 565; [Func] : deal_with_version_affairs_rk_ext;
01-20 18:36:18.193 17568 17568 I mali_so : arm_release_ver of this mali_so is 'r7p0-00rel1', rk_so_ver is '1@2' for 3328h_android_7.1, built at '15:47:49', on 'Jun 28 2017'.
01-20 18:36:18.193 17568 17568 I mali_so : [File] : hardware/rockchip/driver/./src/base/arch/arch_011_udd/base_arch_main.c; [Line] : 578; [Func] : deal_with_version_affairs_rk_ext;
01-20 18:36:18.193 17568 17568 I mali_so : mali_ver_property has been set to 'r7p0-00rel1-5-1@2', to return.
01-20 18:36:18.255 17568 17568 I cr_DRP  : No DRP key due to exception:java.lang.ClassNotFoundException: com.android.webview.chromium.Drp
01-20 18:36:18.300 17568 17568 W cr_AwContents: onDetachedFromWindow called when already detached. Ignoring
01-20 18:36:18.544 17568 17568 W System  : ClassLoader referenced unknown path: 
01-20 18:36:20.096 17568 17568 V UpdateUI: Network: inactive, disconnected
01-20 18:36:20.097 17568 17568 V ServiceStarter: attempting to start service FtcRobotControllerWatchdogService
01-20 18:36:20.099 17568 17568 V ServiceStarter: started service FtcRobotControllerWatchdogService
01-20 18:36:20.121 17568 17568 I RobotCore: App info: version=8.1.1 appId=com.qualcomm.ftcrobotcontroller
01-20 18:36:20.121 17568 17568 I RobotCore: Android Device: maker=REV Robotics model=Control Hub v1.0 sdk=25 serial=caade241cd00a884
01-20 18:36:20.121 17568 17568 V AndroidBoard: REV Control Hub contains REV3328
01-20 18:36:20.121 17568 17568 V AndroidBoard: Communicating with embedded REV hub via /dev/ttyS1
01-20 18:36:20.123 17568 17568 V RCActivity: onStart()
01-20 18:36:20.127 17568 17568 V RCActivity: onResume()
01-20 18:36:20.144 17568 17568 V NetDiscover_prefremrc: onSharedPreferenceChanged(name=App Restrictions, value=AAAAAA==
01-20 18:36:20.144 17568 17568 V NetDiscover_prefremrc: )
01-20 18:36:20.157 17568 17568 V FtcRobotControllerWatchdogService: onCreate()
01-20 18:36:20.158 17568 17568 V FtcRobotControllerWatchdogService: onStartCommand() intent=Intent { cmp=com.qualcomm.ftcrobotcontroller/org.firstinspires.ftc.ftccommon.internal.FtcRobotControllerWatchdogService } flags=0x0 startId=1
01-20 18:36:20.158 17568 17568 V FtcRobotControllerWatchdogService: shouldAutoLauchRobotController() result=true
01-20 18:36:20.159 17568 17568 V FTCService: onCreate()
01-20 18:36:20.193 17568 17568 W art     : Before Android 4.1, method double java.util.concurrent.ThreadLocalRandom.internalNextDouble(double, double) would have incorrectly overridden the package-private method in java.util.Random
01-20 18:36:20.193 17568 17568 W art     : Before Android 4.1, method int java.util.concurrent.ThreadLocalRandom.internalNextInt(int, int) would have incorrectly overridden the package-private method in java.util.Random
