01-14 13:29:51.373  8089  8357 I global  :  RENO - ObjectDetection.sleeveColorDetect(ObjectDetection.java:125): Start Opcv process to detect sleeve color.
01-14 13:29:51.375  8089  8357 I global  :  RENO - ObjectDetection.sleeveColorDetect(ObjectDetection.java:132): Sleeve max color = 160934.00, 22623.00, 42806.00
01-14 13:29:51.376  8089  8357 I global  :  RENO - ObjectDetection.sleeveColorDetect(ObjectDetection.java:151): Sleeve position: LEFT
01-14 13:29:51.405  8089  8357 I global  :  RENO - ObjectDetection.sleeveColorDetect(ObjectDetection.java:125): Start Opcv process to detect sleeve color.
01-14 13:29:51.407  8089  8357 I global  :  RENO - ObjectDetection.sleeveColorDetect(ObjectDetection.java:132): Sleeve max color = 160741.00, 22563.00, 43096.00
01-14 13:29:51.408  8089  8357 I global  :  RENO - ObjectDetection.sleeveColorDetect(ObjectDetection.java:151): Sleeve position: LEFT
01-14 13:29:51.441  8089  8357 I global  :  RENO - ObjectDetection.sleeveColorDetect(ObjectDetection.java:125): Start Opcv process to detect sleeve color.
01-14 13:29:51.443  8089  8357 I global  :  RENO - ObjectDetection.sleeveColorDetect(ObjectDetection.java:132): Sleeve max color = 160418.00, 22688.00, 43173.00
01-14 13:29:51.444  8089  8357 I global  :  RENO - ObjectDetection.sleeveColorDetect(ObjectDetection.java:151): Sleeve position: LEFT
01-14 13:29:51.473  8089  8357 I global  :  RENO - ObjectDetection.sleeveColorDetect(ObjectDetection.java:125): Start Opcv process to detect sleeve color.
01-14 13:29:51.475  8089  8357 I global  :  RENO - ObjectDetection.sleeveColorDetect(ObjectDetection.java:132): Sleeve max color = 160178.00, 22697.00, 43098.00
01-14 13:29:51.476  8089  8357 I global  :  RENO - ObjectDetection.sleeveColorDetect(ObjectDetection.java:151): Sleeve position: LEFT
01-14 13:29:51.505  8089  8357 I global  :  RENO - ObjectDetection.sleeveColorDetect(ObjectDetection.java:125): Start Opcv process to detect sleeve color.
01-14 13:29:51.507  8089  8357 I global  :  RENO - ObjectDetection.sleeveColorDetect(ObjectDetection.java:132): Sleeve max color = 159710.00, 22569.00, 42569.00
01-14 13:29:51.508  8089  8357 I global  :  RENO - ObjectDetection.sleeveColorDetect(ObjectDetection.java:151): Sleeve position: LEFT
01-14 13:29:51.541  8089  8357 I global  :  RENO - ObjectDetection.sleeveColorDetect(ObjectDetection.java:125): Start Opcv process to detect sleeve color.
01-14 13:29:51.543  8089  8357 I global  :  RENO - ObjectDetection.sleeveColorDetect(ObjectDetection.java:132): Sleeve max color = 158975.00, 22112.00, 42013.00
01-14 13:29:51.544  8089  8357 I global  :  RENO - ObjectDetection.sleeveColorDetect(ObjectDetection.java:151): Sleeve position: LEFT
01-14 13:29:51.573  8089  8357 I global  :  RENO - ObjectDetection.sleeveColorDetect(ObjectDetection.java:125): Start Opcv process to detect sleeve color.
01-14 13:29:51.575  8089  8357 I global  :  RENO - ObjectDetection.sleeveColorDetect(ObjectDetection.java:132): Sleeve max color = 158152.00, 21920.00, 42107.00
01-14 13:29:51.576  8089  8357 I global  :  RENO - ObjectDetection.sleeveColorDetect(ObjectDetection.java:151): Sleeve position: LEFT
01-14 13:29:51.605  8089  8357 I global  :  RENO - ObjectDetection.sleeveColorDetect(ObjectDetection.java:125): Start Opcv process to detect sleeve color.
01-14 13:29:51.607  8089  8357 I global  :  RENO - ObjectDetection.sleeveColorDetect(ObjectDetection.java:132): Sleeve max color = 157724.00, 21830.00, 41613.00
01-14 13:29:51.608  8089  8357 I global  :  RENO - ObjectDetection.sleeveColorDetect(ObjectDetection.java:151): Sleeve position: LEFT
01-14 13:29:51.642  8089  8357 I global  :  RENO - ObjectDetection.sleeveColorDetect(ObjectDetection.java:125): Start Opcv process to detect sleeve color.
01-14 13:29:51.644  8089  8357 I global  :  RENO - ObjectDetection.sleeveColorDetect(ObjectDetection.java:132): Sleeve max color = 157133.00, 21758.00, 41988.00
01-14 13:29:51.645  8089  8357 I global  :  RENO - ObjectDetection.sleeveColorDetect(ObjectDetection.java:151): Sleeve position: LEFT
01-14 13:29:51.674  8089  8357 I global  :  RENO - ObjectDetection.sleeveColorDetect(ObjectDetection.java:125): Start Opcv process to detect sleeve color.
01-14 13:29:51.675  8089  8357 I global  :  RENO - ObjectDetection.sleeveColorDetect(ObjectDetection.java:132): Sleeve max color = 154336.00, 22586.00, 43622.00
01-14 13:29:51.677  8089  8357 I global  :  RENO - ObjectDetection.sleeveColorDetect(ObjectDetection.java:151): Sleeve position: LEFT
01-14 13:29:51.711  8089  8357 I global  :  RENO - ObjectDetection.sleeveColorDetect(ObjectDetection.java:125): Start Opcv process to detect sleeve color.
01-14 13:29:51.713  8089  8357 I global  :  RENO - ObjectDetection.sleeveColorDetect(ObjectDetection.java:132): Sleeve max color = 153099.00, 22427.00, 42875.00
01-14 13:29:51.714  8089  8357 I global  :  RENO - ObjectDetection.sleeveColorDetect(ObjectDetection.java:151): Sleeve position: LEFT
01-14 13:29:51.742  8089  8357 I global  :  RENO - ObjectDetection.sleeveColorDetect(ObjectDetection.java:125): Start Opcv process to detect sleeve color.
01-14 13:29:51.743  8089  8357 I global  :  RENO - ObjectDetection.sleeveColorDetect(ObjectDetection.java:132): Sleeve max color = 152081.00, 22564.00, 43138.00
01-14 13:29:51.744  8089  8357 I global  :  RENO - ObjectDetection.sleeveColorDetect(ObjectDetection.java:151): Sleeve position: LEFT
01-14 13:29:51.773  8089  8357 I global  :  RENO - ObjectDetection.sleeveColorDetect(ObjectDetection.java:125): Start Opcv process to detect sleeve color.
01-14 13:29:51.775  8089  8357 I global  :  RENO - ObjectDetection.sleeveColorDetect(ObjectDetection.java:132): Sleeve max color = 151173.00, 22173.00, 44414.00
01-14 13:29:51.776  8089  8357 I global  :  RENO - ObjectDetection.sleeveColorDetect(ObjectDetection.java:151): Sleeve position: LEFT
01-14 13:29:51.809  8089  8357 I global  :  RENO - ObjectDetection.sleeveColorDetect(ObjectDetection.java:125): Start Opcv process to detect sleeve color.
01-14 13:29:51.811  8089  8357 I global  :  RENO - ObjectDetection.sleeveColorDetect(ObjectDetection.java:132): Sleeve max color = 150836.00, 22010.00, 44221.00
01-14 13:29:51.812  8089  8357 I global  :  RENO - ObjectDetection.sleeveColorDetect(ObjectDetection.java:151): Sleeve position: LEFT
01-14 13:29:51.844  8089  8357 I global  :  RENO - ObjectDetection.sleeveColorDetect(ObjectDetection.java:125): Start Opcv process to detect sleeve color.
01-14 13:29:51.845  8089  8357 I global  :  RENO - ObjectDetection.sleeveColorDetect(ObjectDetection.java:132): Sleeve max color = 150191.00, 21694.00, 44268.00
01-14 13:29:51.846  8089  8357 I global  :  RENO - ObjectDetection.sleeveColorDetect(ObjectDetection.java:151): Sleeve position: LEFT
01-14 13:29:51.878  8089  8357 I global  :  RENO - ObjectDetection.sleeveColorDetect(ObjectDetection.java:125): Start Opcv process to detect sleeve color.
01-14 13:29:51.880  8089  8357 I global  :  RENO - ObjectDetection.sleeveColorDetect(ObjectDetection.java:132): Sleeve max color = 149809.00, 21761.00, 43973.00
01-14 13:29:51.881  8089  8357 I global  :  RENO - ObjectDetection.sleeveColorDetect(ObjectDetection.java:151): Sleeve position: LEFT
01-14 13:29:51.909  8089  8357 I global  :  RENO - ObjectDetection.sleeveColorDetect(ObjectDetection.java:125): Start Opcv process to detect sleeve color.
01-14 13:29:51.911  8089  8357 I global  :  RENO - ObjectDetection.sleeveColorDetect(ObjectDetection.java:132): Sleeve max color = 149409.00, 22047.00, 44378.00
01-14 13:29:51.912  8089  8357 I global  :  RENO - ObjectDetection.sleeveColorDetect(ObjectDetection.java:151): Sleeve position: LEFT
01-14 13:29:51.941  8089  8357 I global  :  RENO - ObjectDetection.sleeveColorDetect(ObjectDetection.java:125): Start Opcv process to detect sleeve color.
01-14 13:29:51.943  8089  8357 I global  :  RENO - ObjectDetection.sleeveColorDetect(ObjectDetection.java:132): Sleeve max color = 149477.00, 22455.00, 43959.00
01-14 13:29:51.944  8089  8357 I global  :  RENO - ObjectDetection.sleeveColorDetect(ObjectDetection.java:151): Sleeve position: LEFT
01-14 13:29:51.978  8089  8357 I global  :  RENO - ObjectDetection.sleeveColorDetect(ObjectDetection.java:125): Start Opcv process to detect sleeve color.
01-14 13:29:51.979  8089  8357 I global  :  RENO - ObjectDetection.sleeveColorDetect(ObjectDetection.java:132): Sleeve max color = 150751.00, 21945.00, 44525.00
01-14 13:29:51.980  8089  8357 I global  :  RENO - ObjectDetection.sleeveColorDetect(ObjectDetection.java:151): Sleeve position: LEFT
01-14 13:29:52.010  8089  8357 I global  :  RENO - ObjectDetection.sleeveColorDetect(ObjectDetection.java:125): Start Opcv process to detect sleeve color.
01-14 13:29:52.011  8089  8357 I global  :  RENO - ObjectDetection.sleeveColorDetect(ObjectDetection.java:132): Sleeve max color = 150586.00, 21951.00, 45410.00
01-14 13:29:52.012  8089  8357 I global  :  RENO - ObjectDetection.sleeveColorDetect(ObjectDetection.java:151): Sleeve position: LEFT
01-14 13:29:52.046  8089  8357 I global  :  RENO - ObjectDetection.sleeveColorDetect(ObjectDetection.java:125): Start Opcv process to detect sleeve color.
01-14 13:29:52.048  8089  8357 I global  :  RENO - ObjectDetection.sleeveColorDetect(ObjectDetection.java:132): Sleeve max color = 150443.00, 22258.00, 44935.00
01-14 13:29:52.049  8089  8357 I global  :  RENO - ObjectDetection.sleeveColorDetect(ObjectDetection.java:151): Sleeve position: LEFT
01-14 13:29:52.078  8089  8357 I global  :  RENO - ObjectDetection.sleeveColorDetect(ObjectDetection.java:125): Start Opcv process to detect sleeve color.
01-14 13:29:52.079  8089  8357 I global  :  RENO - ObjectDetection.sleeveColorDetect(ObjectDetection.java:132): Sleeve max color = 150649.00, 22285.00, 45357.00
01-14 13:29:52.081  8089  8357 I global  :  RENO - ObjectDetection.sleeveColorDetect(ObjectDetection.java:151): Sleeve position: LEFT
01-14 13:29:52.110  8089  8357 I global  :  RENO - ObjectDetection.sleeveColorDetect(ObjectDetection.java:125): Start Opcv process to detect sleeve color.
01-14 13:29:52.111  8089  8357 I global  :  RENO - ObjectDetection.sleeveColorDetect(ObjectDetection.java:132): Sleeve max color = 150540.00, 22516.00, 45565.00
01-14 13:29:52.112  8089  8357 I global  :  RENO - ObjectDetection.sleeveColorDetect(ObjectDetection.java:151): Sleeve position: LEFT
01-14 13:29:52.146  8089  8357 I global  :  RENO - ObjectDetection.sleeveColorDetect(ObjectDetection.java:125): Start Opcv process to detect sleeve color.
01-14 13:29:52.147  8089  8357 I global  :  RENO - ObjectDetection.sleeveColorDetect(ObjectDetection.java:132): Sleeve max color = 150694.00, 22322.00, 45547.00
01-14 13:29:52.148  8089  8357 I global  :  RENO - ObjectDetection.sleeveColorDetect(ObjectDetection.java:151): Sleeve position: LEFT
01-14 13:29:52.159  8089  8195 V Robocol : received command: CMD_RUN_OP_MODE(11481) Autonomous_Left
01-14 13:29:52.171  8089  8198 V Robocol : sending CMD_NOTIFY_RUN_OP_MODE(1574), attempt: 0
01-14 13:29:52.178  8089  8357 I global  :  RENO - ObjectDetection.sleeveColorDetect(ObjectDetection.java:125): Start Opcv process to detect sleeve color.
01-14 13:29:52.179  8089  8357 I global  :  RENO - ObjectDetection.sleeveColorDetect(ObjectDetection.java:132): Sleeve max color = 150554.00, 22298.00, 45759.00
01-14 13:29:52.181  8089  8357 I global  :  RENO - ObjectDetection.sleeveColorDetect(ObjectDetection.java:151): Sleeve position: LEFT
01-14 13:29:52.192  8089  8347 I System.out: stopRecordingPipeline()
01-14 13:29:52.192  8089  8347 I System.out: ...stopRecordingPipeline()
01-14 13:29:52.193  8089  8347 D UsbResiliantWebcam|DelCaptureSession: stopCapture()...
01-14 13:29:52.193  8089  8347 D UsbResiliantWebcam|DelCaptureSequence: undoStreaming()...
01-14 13:29:52.193  8089  8347 D UvcApiCaptureSession: stopCapture()...
01-14 13:29:52.193  8089  8347 D Uvc     : [jni_streamhandle.cpp:184] Java_org_firstinspires_ftc_robotcore_internal_camera_libuvc_nativeobject_UvcStreamHandle_nativeStopStreaming()...
01-14 13:29:52.193  8089  8347 V Uvc     : API: Java_org_firstinspires_ftc_robotcore_internal_camera_libuvc_nativeobject_UvcStreamHandle_nativeStopStreaming: enter...
01-14 13:29:52.193  8089  8347 D Uvc     : [stream.cpp:1514] uvc_stream_stop()...
01-14 13:29:52.193  8089  8347 D UvcStream: [stream.cpp:1542] cancelling extant transfers
01-14 13:29:52.198  8089  8089 D OpenCvViewport: surfaceDestroyed()
01-14 13:29:52.198  8089  8089 D OpenCvViewport: CheckState(): lifecycle mandates deactivation regardless of user
01-14 13:29:52.198  8089  8089 D OpenCvViewport: CheckState(): deactivating viewport
01-14 13:29:52.199  8089  8355 W System.err: java.lang.InterruptedException
01-14 13:29:52.199  8089  8355 W System.err: 	at java.lang.Object.wait(Native Method)
01-14 13:29:52.199  8089  8355 W System.err: 	at org.firstinspires.ftc.robotcore.internal.collections.EvictingBlockingQueue.take(EvictingBlockingQueue.java:143)
01-14 13:29:52.199  8089  8355 W System.err: 	at org.openftc.easyopencv.OpenCvViewport$RenderThread.run(OpenCvViewport.java:554)
01-14 13:29:52.200  8089  8355 D OpenCvViewportRenderThread: About to exit
01-14 13:29:52.200  8089  8089 D OpenCvViewport: ...surfaceDestroyed()
01-14 13:29:52.231  8089  8347 D Uvc     : [stream.cpp:1471] (waitForAllTransfers(waiting for cancelled transfers))...
01-14 13:29:52.232  8089  8357 D UvcStream: [stream.cpp:1329] user callback thread stopped
01-14 13:29:52.233  8089  8347 D UvcStream: [stream.cpp:1485] no extant active transfers: continuing
01-14 13:29:52.233  8089  8347 D Uvc     : [stream.cpp:1471] ...()
01-14 13:29:52.233  8089  8347 D Uvc     : [stream.cpp:1189] uvc_stream_handle::stopIsochronousStreaming()...
01-14 13:29:52.233  8089  8347 D Uvc     : [libuvc/libuvc_internal.h:825] uvc_device_handle::setInterfaceAltSetting(setInterfaceAltSetting(intf=1 alt=0))...
01-14 13:29:52.234  8089  8347 D UvcDevice: setInterfaceAltSetting(1,0)
01-14 13:29:52.235  8089  8347 D UvcDevice: setInterfaceAltSetting(1,0) succeeded
01-14 13:29:52.235  8089  8347 D Uvc     : [libuvc/libuvc_internal.h:825] ...uvc_device_handle::setInterfaceAltSetting() rc=0
01-14 13:29:52.235  8089  8347 D Uvc     : [stream.cpp:1189] ...uvc_stream_handle::stopIsochronousStreaming() rc=0
01-14 13:29:52.235  8089  8347 D UvcStream: [stream.cpp:1558] awakening user thread
01-14 13:29:52.235  8089  8347 D UvcStream: [stream.cpp:1567] waiting for user callback thread to finish
01-14 13:29:52.235  8089  8347 D Uvc     : [stream.cpp:1514] ...uvc_stream_stop() rc=0
01-14 13:29:52.235  8089  8347 V Uvc     : API: Java_org_firstinspires_ftc_robotcore_internal_camera_libuvc_nativeobject_UvcStreamHandle_nativeStopStreaming: ...exit
01-14 13:29:52.235  8089  8347 D Uvc     : [jni_streamhandle.cpp:184] ...Java_org_firstinspires_ftc_robotcore_internal_camera_libuvc_nativeobject_UvcStreamHandle_nativeStopStreaming()
01-14 13:29:52.235  8089  8347 V UvcFrameCallback: destroy(hash=0x05378c24)
01-14 13:29:52.236  8089  8347 V UvcFrameCallbackData: destroy(pointer=0xd21abe90)
01-14 13:29:52.240  8089  8347 V Uvc     : API: Java_org_firstinspires_ftc_robotcore_internal_camera_libuvc_nativeobject_UvcFrameCallback_nativeReleaseCallbackState: enter...
01-14 13:29:52.240  8089  8347 V Uvc     : API: Java_org_firstinspires_ftc_robotcore_internal_camera_libuvc_nativeobject_UvcFrameCallback_nativeReleaseCallbackState: ...exit
01-14 13:29:52.240  8089  8347 V UvcStreamHandle: destroy(pointer=0xd6e24b00)
01-14 13:29:52.240  8089  8347 D Uvc     : [jni_streamhandle.cpp:184] Java_org_firstinspires_ftc_robotcore_internal_camera_libuvc_nativeobject_UvcStreamHandle_nativeStopStreaming()...
01-14 13:29:52.240  8089  8347 V Uvc     : API: Java_org_firstinspires_ftc_robotcore_internal_camera_libuvc_nativeobject_UvcStreamHandle_nativeStopStreaming: enter...
01-14 13:29:52.240  8089  8347 D Uvc     : [stream.cpp:1514] uvc_stream_stop()...
01-14 13:29:52.240  8089  8347 D Uvc     : [stream.cpp:1514] ...uvc_stream_stop() rc=0
01-14 13:29:52.241  8089  8347 V Uvc     : API: Java_org_firstinspires_ftc_robotcore_internal_camera_libuvc_nativeobject_UvcStreamHandle_nativeStopStreaming: ...exit
01-14 13:29:52.241  8089  8347 D Uvc     : [jni_streamhandle.cpp:184] ...Java_org_firstinspires_ftc_robotcore_internal_camera_libuvc_nativeobject_UvcStreamHandle_nativeStopStreaming()
01-14 13:29:52.242  8089  8347 D Uvc     : [jni_streamhandle.cpp:200] Java_org_firstinspires_ftc_robotcore_internal_camera_libuvc_nativeobject_UvcStreamHandle_nativeCloseStreamHandle()...
01-14 13:29:52.242  8089  8347 V Uvc     : API: Java_org_firstinspires_ftc_robotcore_internal_camera_libuvc_nativeobject_UvcStreamHandle_nativeCloseStreamHandle: enter...
01-14 13:29:52.242  8089  8347 D Uvc     : [stream.cpp:1584] uvc_stream_close()...
01-14 13:29:52.242  8089  8347 D Uvc     : [streamhandle.cpp:45] uvc_stream_handle::~uvc_stream_handle()...
01-14 13:29:52.242  8089  8347 D Uvc     : [streamhandle.cpp:66] uvc_stream_handle::releaseInterface()...
01-14 13:29:52.242  8089  8347 D Uvc     : [libuvc/libuvc_internal.h:793] uvc_device_handle::releaseInterface()...
01-14 13:29:52.242  8089  8347 D UvcDevice: releaseInterface(1)
01-14 13:29:52.243  8089  8347 D UvcDevice: releaseInterface(1) succeeded
01-14 13:29:52.243  8089  8347 D Uvc     : [libuvc/libuvc_internal.h:793] ...uvc_device_handle::releaseInterface() rc=0
01-14 13:29:52.243  8089  8347 D Uvc     : [streamhandle.cpp:66] ...uvc_stream_handle::releaseInterface()
01-14 13:29:52.243  8089  8347 D Uvc     : [streamhandle.cpp:45] ...uvc_stream_handle::~uvc_stream_handle()
01-14 13:29:52.243  8089  8347 D Uvc     : [stream.cpp:1584] ...uvc_stream_close()
01-14 13:29:52.243  8089  8347 V Uvc     : API: Java_org_firstinspires_ftc_robotcore_internal_camera_libuvc_nativeobject_UvcStreamHandle_nativeCloseStreamHandle: ...exit
01-14 13:29:52.243  8089  8347 D Uvc     : [jni_streamhandle.cpp:200] ...Java_org_firstinspires_ftc_robotcore_internal_camera_libuvc_nativeobject_UvcStreamHandle_nativeCloseStreamHandle()
01-14 13:29:52.244  8089  8347 V UvcApiCameraCaptureSequence: destroy(hash=0x0c0857b6)
01-14 13:29:52.244  8089  8356 D RobotCore: capture sequence DelegatingCaptureSequenceId(1) reports completed: lastFrame=738
01-14 13:29:52.244  8089  8347 D UvcApiCaptureSession: ...stopCapture()
01-14 13:29:52.245  8089  8347 D UvcApiCaptureSession: doClose()...
01-14 13:29:52.245  8089  8347 D UvcApiCaptureSession: ...doClose()
01-14 13:29:52.245  8089  8347 D UsbResiliantWebcam|DelCaptureSequence: ...undoStreaming()
01-14 13:29:52.245  8089  8354 D UsbResiliantWebcam|DelCaptureSession: camera session is closed: Webcam(D5386480)
01-14 13:29:52.246  8089  8354 V UvcApiCaptureSession: destroy(hash=0x0acc5351)
01-14 13:29:52.246  8089  8347 V UsbResiliantWebcam|DelCaptureSequence: destroy(hash=0x0318e078)
01-14 13:29:52.246  8089  8347 D UsbResiliantWebcam|DelCaptureSession: ...stopCapture()
01-14 13:29:52.246  8089  8356 D RobotCore: capture sequence DelegatingCaptureSequenceId(1) reports completed: lastFrame=738
01-14 13:29:52.246  8089  8354 D UvcApiCaptureSession: destructor...
01-14 13:29:52.246  8089  8354 D UvcApiCaptureSession: ...destructor
01-14 13:29:52.246  8089  8347 D UsbResiliantWebcam|DelCaptureSession: doClose()...
01-14 13:29:52.246  8089  8347 D UsbResiliantWebcam|DelCaptureSession: ...doClose()
01-14 13:29:52.248  8089  8347 V UsbResiliantWebcam|DelCaptureSession: destroy(hash=0x098db6ea)
01-14 13:29:52.248  8089  8347 D UsbResiliantWebcam|DelCaptureSession: destructor()...
01-14 13:29:52.248  8089  8347 D UsbResiliantWebcam|DelCaptureSession: ...destructor()
01-14 13:29:52.248  8089  8347 V CameraImpl: destroy(hash=0x04f134bf)
01-14 13:29:52.249  8089  8347 D UsbResiliantWebcam: CameraImpl.destructor()...
01-14 13:29:52.249  8089  8347 D UsbResiliantWebcam: externalDestructor()...
01-14 13:29:52.250  8089  8354 D CameraManager: camera reports closed: CameraImpl(UsbResiliantWebcam(Webcam(D5386480)))
01-14 13:29:52.250  8089  8347 V CameraImpl: destroy(hash=0x0ba05265)
01-14 13:29:52.251  8089  8347 D UvcDeviceHandle: CameraImpl.destructor()...
01-14 13:29:52.251  8089  8347 D UvcDeviceHandle: externalDestructor()...
01-14 13:29:52.253  8089  8347 D UsbResiliantWebcam: changeDelegatedCamera(CameraImpl(UvcDeviceHandle(pointer=0xd21a0a30|UvcDevice(/dev/bus/usb/003/004)))->null)...
01-14 13:29:52.254  8089  8347 D CachingExposureControl: onCameraChanged(CameraImpl(UvcDeviceHandle(pointer=0xd21a0a30|UvcDevice(/dev/bus/usb/003/004)))->null)...
01-14 13:29:52.254  8089  8347 D CachingExposureControl: ...onCameraChanged(CameraImpl(UvcDeviceHandle(pointer=0xd21a0a30|UvcDevice(/dev/bus/usb/003/004)))->null)
01-14 13:29:52.254  8089  8347 D UsbResiliantWebcam: ...changeDelegatedCamera(CameraImpl(UvcDeviceHandle(pointer=0xd21a0a30|UvcDevice(/dev/bus/usb/003/004)))->null)
01-14 13:29:52.255  8089  8347 D UvcDeviceHandle: ...externalDestructor()
01-14 13:29:52.256  8089  8347 V UvcDeviceHandle: destroy(pointer=0xd21a0a30)
01-14 13:29:52.256  8089  8347 D UvcDeviceHandle: destructor...
01-14 13:29:52.258  8089  8347 D Uvc     : [jni_devicehandle.cpp:87] Java_org_firstinspires_ftc_robotcore_internal_camera_libuvc_nativeobject_UvcDeviceHandle_nativeReleaseRefDeviceHandle()...
01-14 13:29:52.258  8089  8347 V Uvc     : API: Java_org_firstinspires_ftc_robotcore_internal_camera_libuvc_nativeobject_UvcDeviceHandle_nativeReleaseRefDeviceHandle: enter...
01-14 13:29:52.258  8089  8347 D Uvc     : [libuvc/libuvc_internal.h:872] uvc_device_handle::~uvc_device_handle()...
01-14 13:29:52.258  8089  8347 D Uvc     : [libuvc/libuvc_internal.h:840] uvc_device_handle::deconstruct()...
01-14 13:29:52.258  8089  8347 D Uvc     : [libuvc/libuvc_internal.h:751] uvc_device_handle::stop()...
01-14 13:29:52.258  8089  8347 D Uvc     : [libuvc/libuvc_internal.h:751] ...uvc_device_handle::stop()
01-14 13:29:52.258  8089  8347 D Uvc     : [libuvc/libuvc_internal.h:865] uvc_device_handle::close()...
01-14 13:29:52.259  8089  8347 E libusb  : [97.296477] [0000209b] libusb: error [do_close] Device handle closed while transfer was still being processed, but the device is still connected as far as we know
01-14 13:29:52.259  8089  8347 E libusb  : [97.296581] [0000209b] libusb: error [do_close] A cancellation hasn't even been scheduled on the transfer for which the device is closing
01-14 13:29:52.259  8089  8347 D Uvc     : [libuvc/libuvc_internal.h:865] ...uvc_device_handle::close()
01-14 13:29:52.259  8089  8347 D Uvc     : [libuvc/libuvc_internal.h:840] ...uvc_device_handle::deconstruct()
01-14 13:29:52.259  8089  8347 D Uvc     : [device.cpp:433] uvc_free_device_info()...
01-14 13:29:52.259  8089  8347 D Uvc     : [device.cpp:433] ...uvc_free_device_info()
01-14 13:29:52.259  8089  8347 D Uvc     : [libuvc/libuvc_internal.h:872] ...uvc_device_handle::~uvc_device_handle()
01-14 13:29:52.259  8089  8347 V Uvc     : API: Java_org_firstinspires_ftc_robotcore_internal_camera_libuvc_nativeobject_UvcDeviceHandle_nativeReleaseRefDeviceHandle: ...exit
01-14 13:29:52.259  8089  8347 D Uvc     : [jni_devicehandle.cpp:87] ...Java_org_firstinspires_ftc_robotcore_internal_camera_libuvc_nativeobject_UvcDeviceHandle_nativeReleaseRefDeviceHandle()
01-14 13:29:52.260  8089  8347 V UvcDevice: destroy(pointer=0xd4c738d8|/dev/bus/usb/003/004)
01-14 13:29:52.261  8089  8347 D UsbDeviceConnectionJNI: close
01-14 13:29:52.261  8089  8347 D Uvc     : [jni_device.cpp:126] Java_org_firstinspires_ftc_robotcore_internal_camera_libuvc_nativeobject_UvcDevice_nativeReleaseRefDevice()...
01-14 13:29:52.261  8089  8347 V Uvc     : API: Java_org_firstinspires_ftc_robotcore_internal_camera_libuvc_nativeobject_UvcDevice_nativeReleaseRefDevice: enter...
01-14 13:29:52.261  8089  8347 D Uvc     : [device.cpp:882] uvc_unref_device()...
01-14 13:29:52.263  8089  8347 D Uvc     : [device.cpp:882] ...uvc_unref_device()
01-14 13:29:52.263  8089  8347 V Uvc     : API: Java_org_firstinspires_ftc_robotcore_internal_camera_libuvc_nativeobject_UvcDevice_nativeReleaseRefDevice: ...exit
01-14 13:29:52.263  8089  8347 D Uvc     : [jni_device.cpp:126] ...Java_org_firstinspires_ftc_robotcore_internal_camera_libuvc_nativeobject_UvcDevice_nativeReleaseRefDevice()
01-14 13:29:52.264  8089  8347 V LibUsbDevice: destroy(pointer=0xd6e2f380)
01-14 13:29:52.264  8089  8347 D Uvc     : [jni_libusb_device.cpp:64] Java_org_firstinspires_ftc_robotcore_internal_camera_libuvc_nativeobject_LibUsbDevice_nativeReleaseRefDevice()...
01-14 13:29:52.264  8089  8347 D Uvc     : [jni_libusb_device.cpp:64] ...Java_org_firstinspires_ftc_robotcore_internal_camera_libuvc_nativeobject_LibUsbDevice_nativeReleaseRefDevice()
01-14 13:29:52.264  8089  8347 D UvcDeviceHandle: ...destructor
01-14 13:29:52.264  8089  8347 D UvcDeviceHandle: ...CameraImpl.destructor()
01-14 13:29:52.264  8089  8347 D UsbResiliantWebcam: ...externalDestructor()
01-14 13:29:52.264  8089  8347 V UsbResiliantWebcam: destroy(hash=0x05a839cf)
01-14 13:29:52.264  8089  8347 D UsbResiliantWebcam: destructor()...
01-14 13:29:52.265  8089  8347 D UsbResiliantWebcam: ...destructor()
01-14 13:29:52.265  8089  8347 D UsbResiliantWebcam: ...CameraImpl.destructor()
01-14 13:29:52.335  8089  8347 I global  :  RENO - ChassisWith4Motors.setPowerWithPIDControl(ChassisWith4Motors.java:549): tDistance = 57.00, currLocation = 0.00
01-14 13:29:52.337  8089  8347 I global  :  RENO - ChassisWith4Motors.setPowerWithPIDControl(ChassisWith4Motors.java:550): rampUpPower = 0.40, rampDownPower = 0.88
01-14 13:29:52.343  8089  8347 I global  :  RENO - ChassisWith4Motors.setPowerWithPIDControl(ChassisWith4Motors.java:555): power = 0.40, correction = 0.01, global angle = -0.183, last angle = -0.25
01-14 13:29:52.358  8089  8347 I global  :  RENO - ChassisWith4Motors.setPowerWithPIDControl(ChassisWith4Motors.java:549): tDistance = 57.00, currLocation = 0.08
01-14 13:29:52.359  8089  8347 I global  :  RENO - ChassisWith4Motors.setPowerWithPIDControl(ChassisWith4Motors.java:550): rampUpPower = 0.40, rampDownPower = 0.88
01-14 13:29:52.365  8089  8347 I global  :  RENO - ChassisWith4Motors.setPowerWithPIDControl(ChassisWith4Motors.java:555): power = 0.40, correction = 0.01, global angle = -0.177, last angle = -0.25
01-14 13:29:52.380  8089  8347 I global  :  RENO - ChassisWith4Motors.setPowerWithPIDControl(ChassisWith4Motors.java:549): tDistance = 57.00, currLocation = 0.15
01-14 13:29:52.381  8089  8347 I global  :  RENO - ChassisWith4Motors.setPowerWithPIDControl(ChassisWith4Motors.java:550): rampUpPower = 0.41, rampDownPower = 0.88
01-14 13:29:52.387  8089  8347 I global  :  RENO - ChassisWith4Motors.setPowerWithPIDControl(ChassisWith4Motors.java:555): power = 0.41, correction = 0.01, global angle = -0.188, last angle = -0.26
01-14 13:29:52.401  8089  8347 I global  :  RENO - ChassisWith4Motors.setPowerWithPIDControl(ChassisWith4Motors.java:549): tDistance = 57.00, currLocation = 0.24
01-14 13:29:52.402  8089  8347 I global  :  RENO - ChassisWith4Motors.setPowerWithPIDControl(ChassisWith4Motors.java:550): rampUpPower = 0.41, rampDownPower = 0.88
01-14 13:29:52.408  8089  8347 I global  :  RENO - ChassisWith4Motors.setPowerWithPIDControl(ChassisWith4Motors.java:555): power = 0.41, correction = 0.01, global angle = -0.256, last angle = -0.32
01-14 13:29:52.423  8089  8347 I global  :  RENO - ChassisWith4Motors.setPowerWithPIDControl(ChassisWith4Motors.java:549): tDistance = 57.00, currLocation = 0.41
01-14 13:29:52.424  8089  8347 I global  :  RENO - ChassisWith4Motors.setPowerWithPIDControl(ChassisWith4Motors.java:550): rampUpPower = 0.42, rampDownPower = 0.88
01-14 13:29:52.430  8089  8347 I global  :  RENO - ChassisWith4Motors.setPowerWithPIDControl(ChassisWith4Motors.java:555): power = 0.42, correction = 0.01, global angle = -0.351, last angle = -0.42
01-14 13:29:52.444  8089  8347 I global  :  RENO - ChassisWith4Motors.setPowerWithPIDControl(ChassisWith4Motors.java:549): tDistance = 57.00, currLocation = 0.54
01-14 13:29:52.445  8089  8347 I global  :  RENO - ChassisWith4Motors.setPowerWithPIDControl(ChassisWith4Motors.java:550): rampUpPower = 0.43, rampDownPower = 0.88
01-14 13:29:52.451  8089  8347 I global  :  RENO - ChassisWith4Motors.setPowerWithPIDControl(ChassisWith4Motors.java:555): power = 0.43, correction = 0.02, global angle = -0.374, last angle = -0.44
01-14 13:29:52.466  8089  8347 I global  :  RENO - ChassisWith4Motors.setPowerWithPIDControl(ChassisWith4Motors.java:549): tDistance = 57.00, currLocation = 0.73
01-14 13:29:52.467  8089  8347 I global  :  RENO - ChassisWith4Motors.setPowerWithPIDControl(ChassisWith4Motors.java:550): rampUpPower = 0.44, rampDownPower = 0.88
01-14 13:29:52.474  8089  8347 I global  :  RENO - ChassisWith4Motors.setPowerWithPIDControl(ChassisWith4Motors.java:555): power = 0.44, correction = 0.02, global angle = -0.501, last angle = -0.57
01-14 13:29:52.488  8089  8347 I global  :  RENO - ChassisWith4Motors.setPowerWithPIDControl(ChassisWith4Motors.java:549): tDistance = 57.00, currLocation = 0.96
01-14 13:29:52.489  8089  8347 I global  :  RENO - ChassisWith4Motors.setPowerWithPIDControl(ChassisWith4Motors.java:550): rampUpPower = 0.45, rampDownPower = 0.88
01-14 13:29:52.495  8089  8347 I global  :  RENO - ChassisWith4Motors.setPowerWithPIDControl(ChassisWith4Motors.java:555): power = 0.45, correction = 0.02, global angle = -0.571, last angle = -0.64
01-14 13:29:52.510  8089  8347 I global  :  RENO - ChassisWith4Motors.setPowerWithPIDControl(ChassisWith4Motors.java:549): tDistance = 57.00, currLocation = 1.20
01-14 13:29:52.511  8089  8347 I global  :  RENO - ChassisWith4Motors.setPowerWithPIDControl(ChassisWith4Motors.java:550): rampUpPower = 0.46, rampDownPower = 0.88
01-14 13:29:52.518  8089  8347 I global  :  RENO - ChassisWith4Motors.setPowerWithPIDControl(ChassisWith4Motors.java:555): power = 0.46, correction = 0.03, global angle = -0.643, last angle = -0.71
01-14 13:29:52.533  8089  8347 I global  :  RENO - ChassisWith4Motors.setPowerWithPIDControl(ChassisWith4Motors.java:549): tDistance = 57.00, currLocation = 1.49
01-14 13:29:52.534  8089  8347 I global  :  RENO - ChassisWith4Motors.setPowerWithPIDControl(ChassisWith4Motors.java:550): rampUpPower = 0.47, rampDownPower = 0.88
01-14 13:29:52.539  8089  8347 I global  :  RENO - ChassisWith4Motors.setPowerWithPIDControl(ChassisWith4Motors.java:555): power = 0.47, correction = 0.03, global angle = -0.639, last angle = -0.71
01-14 13:29:52.556  8089  8347 I global  :  RENO - ChassisWith4Motors.setPowerWithPIDControl(ChassisWith4Motors.java:549): tDistance = 57.00, currLocation = 1.81
01-14 13:29:52.557  8089  8347 I global  :  RENO - ChassisWith4Motors.setPowerWithPIDControl(ChassisWith4Motors.java:550): rampUpPower = 0.49, rampDownPower = 0.88
01-14 13:29:52.564  8089  8347 I global  :  RENO - ChassisWith4Motors.setPowerWithPIDControl(ChassisWith4Motors.java:555): power = 0.49, correction = 0.02, global angle = -0.582, last angle = -0.65
01-14 13:29:52.581  8089  8347 I global  :  RENO - ChassisWith4Motors.setPowerWithPIDControl(ChassisWith4Motors.java:549): tDistance = 57.00, currLocation = 2.18
01-14 13:29:52.582  8089  8347 I global  :  RENO - ChassisWith4Motors.setPowerWithPIDControl(ChassisWith4Motors.java:550): rampUpPower = 0.50, rampDownPower = 0.88
01-14 13:29:52.589  8089  8347 I global  :  RENO - ChassisWith4Motors.setPowerWithPIDControl(ChassisWith4Motors.java:555): power = 0.50, correction = 0.02, global angle = -0.509, last angle = -0.58
01-14 13:29:52.608  8089  8347 I global  :  RENO - ChassisWith4Motors.setPowerWithPIDControl(ChassisWith4Motors.java:549): tDistance = 57.00, currLocation = 2.68
01-14 13:29:52.609  8089  8347 I global  :  RENO - ChassisWith4Motors.setPowerWithPIDControl(ChassisWith4Motors.java:550): rampUpPower = 0.53, rampDownPower = 0.88
01-14 13:29:52.616  8089  8347 I global  :  RENO - ChassisWith4Motors.setPowerWithPIDControl(ChassisWith4Motors.java:555): power = 0.53, correction = 0.02, global angle = -0.425, last angle = -0.49
01-14 13:29:52.631  8089  8347 I global  :  RENO - ChassisWith4Motors.setPowerWithPIDControl(ChassisWith4Motors.java:549): tDistance = 57.00, currLocation = 3.13
01-14 13:29:52.632  8089  8347 I global  :  RENO - ChassisWith4Motors.setPowerWithPIDControl(ChassisWith4Motors.java:550): rampUpPower = 0.55, rampDownPower = 0.88
01-14 13:29:52.641  8089  8347 I global  :  RENO - ChassisWith4Motors.setPowerWithPIDControl(ChassisWith4Motors.java:555): power = 0.55, correction = 0.01, global angle = -0.343, last angle = -0.41
01-14 13:29:52.658  8089  8347 I global  :  RENO - ChassisWith4Motors.setPowerWithPIDControl(ChassisWith4Motors.java:549): tDistance = 57.00, currLocation = 3.64
01-14 13:29:52.659  8089  8347 I global  :  RENO - ChassisWith4Motors.setPowerWithPIDControl(ChassisWith4Motors.java:550): rampUpPower = 0.57, rampDownPower = 0.88
01-14 13:29:52.666  8089  8347 I global  :  RENO - ChassisWith4Motors.setPowerWithPIDControl(ChassisWith4Motors.java:555): power = 0.57, correction = 0.01, global angle = -0.308, last angle = -0.38
01-14 13:29:52.681  8089  8347 I global  :  RENO - ChassisWith4Motors.setPowerWithPIDControl(ChassisWith4Motors.java:549): tDistance = 57.00, currLocation = 4.14
01-14 13:29:52.683  8089  8347 I global  :  RENO - ChassisWith4Motors.setPowerWithPIDControl(ChassisWith4Motors.java:550): rampUpPower = 0.60, rampDownPower = 0.88
01-14 13:29:52.690  8089  8347 I global  :  RENO - ChassisWith4Motors.setPowerWithPIDControl(ChassisWith4Motors.java:555): power = 0.60, correction = 0.01, global angle = -0.286, last angle = -0.36
01-14 13:29:52.708  8089  8347 I global  :  RENO - ChassisWith4Motors.setPowerWithPIDControl(ChassisWith4Motors.java:549): tDistance = 57.00, currLocation = 4.74
01-14 13:29:52.709  8089  8347 I global  :  RENO - ChassisWith4Motors.setPowerWithPIDControl(ChassisWith4Motors.java:550): rampUpPower = 0.63, rampDownPower = 0.88
01-14 13:29:52.716  8089  8347 I global  :  RENO - ChassisWith4Motors.setPowerWithPIDControl(ChassisWith4Motors.java:555): power = 0.63, correction = 0.01, global angle = -0.203, last angle = -0.27
01-14 13:29:52.734  8089  8347 I global  :  RENO - ChassisWith4Motors.setPowerWithPIDControl(ChassisWith4Motors.java:549): tDistance = 57.00, currLocation = 5.37
01-14 13:29:52.735  8089  8347 I global  :  RENO - ChassisWith4Motors.setPowerWithPIDControl(ChassisWith4Motors.java:550): rampUpPower = 0.66, rampDownPower = 0.88
01-14 13:29:52.743  8089  8347 I global  :  RENO - ChassisWith4Motors.setPowerWithPIDControl(ChassisWith4Motors.java:555): power = 0.66, correction = 0.01, global angle = -0.133, last angle = -0.20
01-14 13:29:52.760  8089  8347 I global  :  RENO - ChassisWith4Motors.setPowerWithPIDControl(ChassisWith4Motors.java:549): tDistance = 57.00, currLocation = 6.06
01-14 13:29:52.761  8089  8347 I global  :  RENO - ChassisWith4Motors.setPowerWithPIDControl(ChassisWith4Motors.java:550): rampUpPower = 0.69, rampDownPower = 0.88
01-14 13:29:52.769  8089  8347 I global  :  RENO - ChassisWith4Motors.setPowerWithPIDControl(ChassisWith4Motors.java:555): power = 0.69, correction = 0.01, global angle = -0.150, last angle = -0.22
01-14 13:29:52.785  8089  8347 I global  :  RENO - ChassisWith4Motors.setPowerWithPIDControl(ChassisWith4Motors.java:549): tDistance = 57.00, currLocation = 6.74
01-14 13:29:52.786  8089  8347 I global  :  RENO - ChassisWith4Motors.setPowerWithPIDControl(ChassisWith4Motors.java:550): rampUpPower = 0.72, rampDownPower = 0.88
01-14 13:29:52.793  8089  8347 I global  :  RENO - ChassisWith4Motors.setPowerWithPIDControl(ChassisWith4Motors.java:555): power = 0.72, correction = 0.01, global angle = -0.202, last angle = -0.27
01-14 13:29:52.815  8089  8347 I global  :  RENO - ChassisWith4Motors.setPowerWithPIDControl(ChassisWith4Motors.java:549): tDistance = 57.00, currLocation = 7.60
01-14 13:29:52.817  8089  8347 I global  :  RENO - ChassisWith4Motors.setPowerWithPIDControl(ChassisWith4Motors.java:550): rampUpPower = 0.76, rampDownPower = 0.88
01-14 13:29:52.826  8089  8347 I global  :  RENO - ChassisWith4Motors.setPowerWithPIDControl(ChassisWith4Motors.java:555): power = 0.76, correction = 0.01, global angle = -0.267, last angle = -0.34
01-14 13:29:52.847  8089  8347 I global  :  RENO - ChassisWith4Motors.setPowerWithPIDControl(ChassisWith4Motors.java:549): tDistance = 57.00, currLocation = 8.64
01-14 13:29:52.848  8089  8347 I global  :  RENO - ChassisWith4Motors.setPowerWithPIDControl(ChassisWith4Motors.java:550): rampUpPower = 0.81, rampDownPower = 0.88
01-14 13:29:52.855  8089  8347 I global  :  RENO - ChassisWith4Motors.setPowerWithPIDControl(ChassisWith4Motors.java:555): power = 0.81, correction = 0.01, global angle = -0.304, last angle = -0.37
01-14 13:29:52.870  8089  8347 I global  :  RENO - ChassisWith4Motors.setPowerWithPIDControl(ChassisWith4Motors.java:549): tDistance = 57.00, currLocation = 9.38
01-14 13:29:52.871  8089  8347 I global  :  RENO - ChassisWith4Motors.setPowerWithPIDControl(ChassisWith4Motors.java:550): rampUpPower = 0.85, rampDownPower = 0.88
01-14 13:29:52.878  8089  8347 I global  :  RENO - ChassisWith4Motors.setPowerWithPIDControl(ChassisWith4Motors.java:555): power = 0.85, correction = 0.01, global angle = -0.312, last angle = -0.38
01-14 13:29:52.892  8089  8347 I global  :  RENO - ChassisWith4Motors.setPowerWithPIDControl(ChassisWith4Motors.java:549): tDistance = 57.00, currLocation = 10.18
01-14 13:29:52.894  8089  8347 I global  :  RENO - ChassisWith4Motors.setPowerWithPIDControl(ChassisWith4Motors.java:550): rampUpPower = 0.88, rampDownPower = 0.88
01-14 13:29:52.900  8089  8347 I global  :  RENO - ChassisWith4Motors.setPowerWithPIDControl(ChassisWith4Motors.java:555): power = 0.88, correction = 0.01, global angle = -0.286, last angle = -0.35
01-14 13:29:52.917  8089  8347 I global  :  RENO - ChassisWith4Motors.setPowerWithPIDControl(ChassisWith4Motors.java:549): tDistance = 57.00, currLocation = 11.02
01-14 13:29:52.918  8089  8347 I global  :  RENO - ChassisWith4Motors.setPowerWithPIDControl(ChassisWith4Motors.java:550): rampUpPower = 0.88, rampDownPower = 0.88
01-14 13:29:52.925  8089  8347 I global  :  RENO - ChassisWith4Motors.setPowerWithPIDControl(ChassisWith4Motors.java:555): power = 0.88, correction = 0.01, global angle = -0.263, last angle = -0.33
01-14 13:29:52.940  8089  8347 I global  :  RENO - ChassisWith4Motors.setPowerWithPIDControl(ChassisWith4Motors.java:549): tDistance = 57.00, currLocation = 11.91
01-14 13:29:52.941  8089  8347 I global  :  RENO - ChassisWith4Motors.setPowerWithPIDControl(ChassisWith4Motors.java:550): rampUpPower = 0.88, rampDownPower = 0.88
01-14 13:29:52.948  8089  8347 I global  :  RENO - ChassisWith4Motors.setPowerWithPIDControl(ChassisWith4Motors.java:555): power = 0.88, correction = 0.01, global angle = -0.216, last angle = -0.28
01-14 13:29:52.964  8089  8347 I global  :  RENO - ChassisWith4Motors.setPowerWithPIDControl(ChassisWith4Motors.java:549): tDistance = 57.00, currLocation = 12.91
01-14 13:29:52.965  8089  8347 I global  :  RENO - ChassisWith4Motors.setPowerWithPIDControl(ChassisWith4Motors.java:550): rampUpPower = 0.88, rampDownPower = 0.88
01-14 13:29:52.972  8089  8347 I global  :  RENO - ChassisWith4Motors.setPowerWithPIDControl(ChassisWith4Motors.java:555): power = 0.88, correction = 0.01, global angle = -0.156, last angle = -0.22
01-14 13:29:52.988  8089  8347 I global  :  RENO - ChassisWith4Motors.setPowerWithPIDControl(ChassisWith4Motors.java:549): tDistance = 57.00, currLocation = 13.84
01-14 13:29:52.989  8089  8347 I global  :  RENO - ChassisWith4Motors.setPowerWithPIDControl(ChassisWith4Motors.java:550): rampUpPower = 0.88, rampDownPower = 0.88
01-14 13:29:52.996  8089  8347 I global  :  RENO - ChassisWith4Motors.setPowerWithPIDControl(ChassisWith4Motors.java:555): power = 0.88, correction = 0.01, global angle = -0.139, last angle = -0.21
01-14 13:29:53.011  8089  8347 I global  :  RENO - ChassisWith4Motors.setPowerWithPIDControl(ChassisWith4Motors.java:549): tDistance = 57.00, currLocation = 14.85
01-14 13:29:53.012  8089  8347 I global  :  RENO - ChassisWith4Motors.setPowerWithPIDControl(ChassisWith4Motors.java:550): rampUpPower = 0.88, rampDownPower = 0.88
01-14 13:29:53.018  8089  8347 I global  :  RENO - ChassisWith4Motors.setPowerWithPIDControl(ChassisWith4Motors.java:555): power = 0.88, correction = 0.00, global angle = -0.101, last angle = -0.17
01-14 13:29:53.033  8089  8347 I global  :  RENO - ChassisWith4Motors.setPowerWithPIDControl(ChassisWith4Motors.java:549): tDistance = 57.00, currLocation = 15.82
01-14 13:29:53.034  8089  8347 I global  :  RENO - ChassisWith4Motors.setPowerWithPIDControl(ChassisWith4Motors.java:550): rampUpPower = 0.88, rampDownPower = 0.88
01-14 13:29:53.041  8089  8347 I global  :  RENO - ChassisWith4Motors.setPowerWithPIDControl(ChassisWith4Motors.java:555): power = 0.88, correction = 0.00, global angle = -0.032, last angle = -0.10
01-14 13:29:53.057  8089  8347 I global  :  RENO - ChassisWith4Motors.setPowerWithPIDControl(ChassisWith4Motors.java:549): tDistance = 57.00, currLocation = 16.82
01-14 13:29:53.059  8089  8347 I global  :  RENO - ChassisWith4Motors.setPowerWithPIDControl(ChassisWith4Motors.java:550): rampUpPower = 0.88, rampDownPower = 0.88
01-14 13:29:53.066  8089  8347 I global  :  RENO - ChassisWith4Motors.setPowerWithPIDControl(ChassisWith4Motors.java:555): power = 0.88, correction = -0.00, global angle = 0.054, last angle = -0.01
01-14 13:29:53.086  8089  8347 I global  :  RENO - ChassisWith4Motors.setPowerWithPIDControl(ChassisWith4Motors.java:549): tDistance = 57.00, currLocation = 18.00
01-14 13:29:53.087  8089  8347 I global  :  RENO - ChassisWith4Motors.setPowerWithPIDControl(ChassisWith4Motors.java:550): rampUpPower = 0.88, rampDownPower = 0.88
01-14 13:29:53.096  8089  8347 I global  :  RENO - ChassisWith4Motors.setPowerWithPIDControl(ChassisWith4Motors.java:555): power = 0.88, correction = -0.00, global angle = 0.121, last angle = 0.05
01-14 13:29:53.112  8089  8347 I global  :  RENO - ChassisWith4Motors.setPowerWithPIDControl(ChassisWith4Motors.java:549): tDistance = 57.00, currLocation = 19.33
01-14 13:29:53.113  8089  8347 I global  :  RENO - ChassisWith4Motors.setPowerWithPIDControl(ChassisWith4Motors.java:550): rampUpPower = 0.88, rampDownPower = 0.88
01-14 13:29:53.121  8089  8347 I global  :  RENO - ChassisWith4Motors.setPowerWithPIDControl(ChassisWith4Motors.java:555): power = 0.88, correction = -0.01, global angle = 0.126, last angle = 0.06
01-14 13:29:53.136  8089  8347 I global  :  RENO - ChassisWith4Motors.setPowerWithPIDControl(ChassisWith4Motors.java:549): tDistance = 57.00, currLocation = 20.45
01-14 13:29:53.138  8089  8347 I global  :  RENO - ChassisWith4Motors.setPowerWithPIDControl(ChassisWith4Motors.java:550): rampUpPower = 0.88, rampDownPower = 0.88
01-14 13:29:53.145  8089  8347 I global  :  RENO - ChassisWith4Motors.setPowerWithPIDControl(ChassisWith4Motors.java:555): power = 0.88, correction = -0.00, global angle = 0.100, last angle = 0.03
01-14 13:29:53.160  8089  8347 I global  :  RENO - ChassisWith4Motors.setPowerWithPIDControl(ChassisWith4Motors.java:549): tDistance = 57.00, currLocation = 21.56
01-14 13:29:53.162  8089  8347 I global  :  RENO - ChassisWith4Motors.setPowerWithPIDControl(ChassisWith4Motors.java:550): rampUpPower = 0.88, rampDownPower = 0.88
01-14 13:29:53.168  8089  8347 I global  :  RENO - ChassisWith4Motors.setPowerWithPIDControl(ChassisWith4Motors.java:555): power = 0.88, correction = -0.00, global angle = 0.059, last angle = -0.01
01-14 13:29:53.184  8089  8347 I global  :  RENO - ChassisWith4Motors.setPowerWithPIDControl(ChassisWith4Motors.java:549): tDistance = 57.00, currLocation = 22.66
01-14 13:29:53.186  8089  8347 I global  :  RENO - ChassisWith4Motors.setPowerWithPIDControl(ChassisWith4Motors.java:550): rampUpPower = 0.88, rampDownPower = 0.88
01-14 13:29:53.193  8089  8347 I global  :  RENO - ChassisWith4Motors.setPowerWithPIDControl(ChassisWith4Motors.java:555): power = 0.88, correction = 0.00, global angle = -0.036, last angle = -0.10
01-14 13:29:53.209  8089  8347 I global  :  RENO - ChassisWith4Motors.setPowerWithPIDControl(ChassisWith4Motors.java:549): tDistance = 57.00, currLocation = 23.85
01-14 13:29:53.211  8089  8347 I global  :  RENO - ChassisWith4Motors.setPowerWithPIDControl(ChassisWith4Motors.java:550): rampUpPower = 0.88, rampDownPower = 0.88
01-14 13:29:53.218  8089  8347 I global  :  RENO - ChassisWith4Motors.setPowerWithPIDControl(ChassisWith4Motors.java:555): power = 0.88, correction = 0.00, global angle = -0.058, last angle = -0.13
01-14 13:29:53.234  8089  8347 I global  :  RENO - ChassisWith4Motors.setPowerWithPIDControl(ChassisWith4Motors.java:549): tDistance = 57.00, currLocation = 25.01
01-14 13:29:53.235  8089  8347 I global  :  RENO - ChassisWith4Motors.setPowerWithPIDControl(ChassisWith4Motors.java:550): rampUpPower = 0.88, rampDownPower = 0.88
01-14 13:29:53.243  8089  8347 I global  :  RENO - ChassisWith4Motors.setPowerWithPIDControl(ChassisWith4Motors.java:555): power = 0.88, correction = 0.00, global angle = -0.074, last angle = -0.14
01-14 13:29:53.258  8089  8347 I global  :  RENO - ChassisWith4Motors.setPowerWithPIDControl(ChassisWith4Motors.java:549): tDistance = 57.00, currLocation = 26.13
01-14 13:29:53.259  8089  8347 I global  :  RENO - ChassisWith4Motors.setPowerWithPIDControl(ChassisWith4Motors.java:550): rampUpPower = 0.88, rampDownPower = 0.88
01-14 13:29:53.266  8089  8347 I global  :  RENO - ChassisWith4Motors.setPowerWithPIDControl(ChassisWith4Motors.java:555): power = 0.88, correction = 0.00, global angle = -0.044, last angle = -0.11
01-14 13:29:53.282  8089  8347 I global  :  RENO - ChassisWith4Motors.setPowerWithPIDControl(ChassisWith4Motors.java:549): tDistance = 57.00, currLocation = 27.23
01-14 13:29:53.283  8089  8347 I global  :  RENO - ChassisWith4Motors.setPowerWithPIDControl(ChassisWith4Motors.java:550): rampUpPower = 0.88, rampDownPower = 0.88
01-14 13:29:53.290  8089  8347 I global  :  RENO - ChassisWith4Motors.setPowerWithPIDControl(ChassisWith4Motors.java:555): power = 0.88, correction = 0.00, global angle = 0.015, last angle = -0.05
01-14 13:29:53.306  8089  8347 I global  :  RENO - ChassisWith4Motors.setPowerWithPIDControl(ChassisWith4Motors.java:549): tDistance = 57.00, currLocation = 28.38
01-14 13:29:53.307  8089  8347 I global  :  RENO - ChassisWith4Motors.setPowerWithPIDControl(ChassisWith4Motors.java:550): rampUpPower = 0.88, rampDownPower = 0.88
01-14 13:29:53.314  8089  8347 I global  :  RENO - ChassisWith4Motors.setPowerWithPIDControl(ChassisWith4Motors.java:555): power = 0.88, correction = -0.00, global angle = 0.131, last angle = 0.06
01-14 13:29:53.336  8089  8347 I global  :  RENO - ChassisWith4Motors.setPowerWithPIDControl(ChassisWith4Motors.java:549): tDistance = 57.00, currLocation = 29.83
01-14 13:29:53.339  8089  8347 I global  :  RENO - ChassisWith4Motors.setPowerWithPIDControl(ChassisWith4Motors.java:550): rampUpPower = 0.88, rampDownPower = 0.88
01-14 13:29:53.348  8089  8347 I global  :  RENO - ChassisWith4Motors.setPowerWithPIDControl(ChassisWith4Motors.java:555): power = 0.88, correction = -0.01, global angle = 0.207, last angle = 0.14
01-14 13:29:53.368  8089  8347 I global  :  RENO - ChassisWith4Motors.setPowerWithPIDControl(ChassisWith4Motors.java:549): tDistance = 57.00, currLocation = 31.35
01-14 13:29:53.369  8089  8347 I global  :  RENO - ChassisWith4Motors.setPowerWithPIDControl(ChassisWith4Motors.java:550): rampUpPower = 0.88, rampDownPower = 0.88
01-14 13:29:53.376  8089  8347 I global  :  RENO - ChassisWith4Motors.setPowerWithPIDControl(ChassisWith4Motors.java:555): power = 0.88, correction = -0.01, global angle = 0.324, last angle = 0.26
01-14 13:29:53.392  8089  8347 I global  :  RENO - ChassisWith4Motors.setPowerWithPIDControl(ChassisWith4Motors.java:549): tDistance = 57.00, currLocation = 32.51
01-14 13:29:53.394  8089  8347 I global  :  RENO - ChassisWith4Motors.setPowerWithPIDControl(ChassisWith4Motors.java:550): rampUpPower = 0.88, rampDownPower = 0.88
01-14 13:29:53.402  8089  8347 I global  :  RENO - ChassisWith4Motors.setPowerWithPIDControl(ChassisWith4Motors.java:555): power = 0.88, correction = -0.01, global angle = 0.358, last angle = 0.29
01-14 13:29:53.418  8089  8347 I global  :  RENO - ChassisWith4Motors.setPowerWithPIDControl(ChassisWith4Motors.java:549): tDistance = 57.00, currLocation = 33.71
01-14 13:29:53.419  8089  8347 I global  :  RENO - ChassisWith4Motors.setPowerWithPIDControl(ChassisWith4Motors.java:550): rampUpPower = 0.88, rampDownPower = 0.88
01-14 13:29:53.426  8089  8347 I global  :  RENO - ChassisWith4Motors.setPowerWithPIDControl(ChassisWith4Motors.java:555): power = 0.88, correction = -0.01, global angle = 0.361, last angle = 0.29
01-14 13:29:53.442  8089  8347 I global  :  RENO - ChassisWith4Motors.setPowerWithPIDControl(ChassisWith4Motors.java:549): tDistance = 57.00, currLocation = 34.86
01-14 13:29:53.443  8089  8347 I global  :  RENO - ChassisWith4Motors.setPowerWithPIDControl(ChassisWith4Motors.java:550): rampUpPower = 0.88, rampDownPower = 0.88
01-14 13:29:53.450  8089  8347 I global  :  RENO - ChassisWith4Motors.setPowerWithPIDControl(ChassisWith4Motors.java:555): power = 0.88, correction = -0.01, global angle = 0.341, last angle = 0.27
01-14 13:29:53.466  8089  8347 I global  :  RENO - ChassisWith4Motors.setPowerWithPIDControl(ChassisWith4Motors.java:549): tDistance = 57.00, currLocation = 36.07
01-14 13:29:53.467  8089  8347 I global  :  RENO - ChassisWith4Motors.setPowerWithPIDControl(ChassisWith4Motors.java:550): rampUpPower = 0.88, rampDownPower = 0.88
01-14 13:29:53.473  8089  8347 I global  :  RENO - ChassisWith4Motors.setPowerWithPIDControl(ChassisWith4Motors.java:555): power = 0.88, correction = -0.01, global angle = 0.315, last angle = 0.25
01-14 13:29:53.489  8089  8347 I global  :  RENO - ChassisWith4Motors.setPowerWithPIDControl(ChassisWith4Motors.java:549): tDistance = 57.00, currLocation = 37.18
