12-04 11:29:35.881  4580  7317 E LynxModule: 	at com.qualcomm.hardware.lynx.commands.LynxRespondable.send(LynxRespondable.java:233)
12-04 11:29:35.881  4580  4711 W LynxModule: Attempted use of a closed LynxModule instance
12-04 11:29:35.882  4580  4711 E LynxModule: java.lang.RuntimeException
12-04 11:29:35.883  4580  4711 E LynxModule: 	at com.qualcomm.hardware.lynx.LynxModule.warnIfClosed(LynxModule.java:509)
12-04 11:29:35.884  4580  4711 E LynxModule: 	at com.qualcomm.hardware.lynx.LynxModule.getGlobalWarnings(LynxModule.java:635)
12-04 11:29:35.884  4580  4711 E LynxModule: 	at com.qualcomm.hardware.lynx.LynxUsbDeviceImpl.composeGlobalWarning(LynxUsbDeviceImpl.java:535)
12-04 11:29:35.885  4580  4711 E LynxModule: 	at org.firstinspires.ftc.robotcore.internal.hardware.usb.ArmableUsbDevice.getGlobalWarning(ArmableUsbDevice.java:178)
12-04 11:29:35.886  4580  4711 E LynxModule: 	at com.qualcomm.robotcore.util.RobotLog.getGlobalWarningMessage(RobotLog.java:454)
12-04 11:29:35.886  4580  4711 E LynxModule: 	at com.qualcomm.robotcore.eventloop.EventLoopManager.refreshSystemTelemetry(EventLoopManager.java:409)
12-04 11:29:35.888  4580  7317 E LynxModule: 	at com.qualcomm.hardware.lynx.LynxDcMotorController.internalSetZeroPowerBehavior(LynxDcMotorController.java:510)
12-04 11:29:35.888  4580  7317 E LynxModule: 	at com.qualcomm.hardware.lynx.LynxDcMotorController.setMotorPowerFloat(LynxDcMotorController.java:671)
12-04 11:29:35.889  4580  7317 E LynxModule: 	at com.qualcomm.hardware.lynx.LynxDcMotorController.floatHardware(LynxDcMotorController.java:1055)
12-04 11:29:35.889  4580  7317 E LynxModule: 	at com.qualcomm.hardware.lynx.LynxController.close(LynxController.java:179)
12-04 11:29:35.890  4580  7317 E LynxModule: 	at com.qualcomm.hardware.lynx.LynxModule.close(LynxModule.java:349)
12-04 11:29:35.890  4580  7317 E LynxModule: 	at com.qualcomm.hardware.lynx.LynxUsbDeviceImpl.closeModules(LynxUsbDeviceImpl.java:422)
12-04 11:29:35.891  4580  7317 E LynxModule: 	at com.qualcomm.hardware.lynx.LynxUsbDeviceImpl.doCloseFromArmed(LynxUsbDeviceImpl.java:408)
12-04 11:29:35.893  4580  7317 E LynxModule: 	at org.firstinspires.ftc.robotcore.internal.hardware.usb.ArmableUsbDevice$4.run(ArmableUsbDevice.java:591)
12-04 11:29:35.893  4580  7317 E LynxModule: 	at org.firstinspires.ftc.robotcore.internal.system.Tracer.trace(Tracer.java:161)
12-04 11:29:35.894  4580  7317 E LynxModule: 	at org.firstinspires.ftc.robotcore.internal.hardware.usb.ArmableUsbDevice.doClose(ArmableUsbDevice.java:577)
12-04 11:29:35.895  4580  7317 E LynxModule: 	at com.qualcomm.hardware.lynx.LynxUsbDeviceImpl.doClose(LynxUsbDeviceImpl.java:219)
12-04 11:29:35.895  4580  7317 E LynxModule: 	at org.firstinspires.ftc.robotcore.internal.hardware.usb.ArmableUsbDevice.releaseRef(ArmableUsbDevice.java:549)
12-04 11:29:35.895  4580  4711 E LynxModule: 	at com.qualcomm.robotcore.eventloop.EventLoopManager.packetReceived(EventLoopManager.java:257)
12-04 11:29:35.896  4580  7317 E LynxModule: 	at com.qualcomm.hardware.lynx.LynxUsbDeviceDelegate.close(LynxUsbDeviceDelegate.java:92)
12-04 11:29:35.896  4580  4711 E LynxModule: 	at org.firstinspires.ftc.robotcore.internal.network.NetworkConnectionHandler$RecvLoopCallbackChainer.packetReceived(NetworkConnectionHandler.java:746)
12-04 11:29:35.896  4580  7317 E LynxModule: 	at com.qualcomm.ftccommon.FtcEventLoopHandler.closeAutoCloseOnTeardown(FtcEventLoopHandler.java:535)
12-04 11:29:35.897  4580  4711 E LynxModule: 	at org.firstinspires.ftc.robotcore.internal.network.RecvLoopRunnable$PacketProcessor.run(RecvLoopRunnable.java:106)
12-04 11:29:35.900  4580  7317 E LynxModule: 	at com.qualcomm.ftccommon.FtcEventLoopHandler.closeHardwareMap(FtcEventLoopHandler.java:167)
12-04 11:29:35.900  4580  4711 E LynxModule: 	at java.util.concurrent.ThreadPoolExecutor.runWorker(ThreadPoolExecutor.java:1133)
12-04 11:29:35.900  4580  7317 E LynxModule: 	at com.qualcomm.ftccommon.FtcEventLoopHandler.close(FtcEventLoopHandler.java:148)
12-04 11:29:35.900  4580  4711 E LynxModule: 	at java.util.concurrent.ThreadPoolExecutor$Worker.run(ThreadPoolExecutor.java:607)
12-04 11:29:35.901  4580  7317 E LynxModule: 	at com.qualcomm.ftccommon.FtcEventLoopBase.teardown(FtcEventLoopBase.java:233)
12-04 11:29:35.901  4580  4711 E LynxModule: 	at com.qualcomm.robotcore.util.ThreadPool$ThreadFactoryImpl$1.run(ThreadPool.java:793)
12-04 11:29:35.901  4580  4711 E LynxModule: 	at java.lang.Thread.run(Thread.java:761)
12-04 11:29:35.901  4580  7317 E LynxModule: 	at com.qualcomm.ftccommon.FtcEventLoop.teardown(FtcEventLoop.java:286)
12-04 11:29:35.901  4580  4711 W LynxModule: Attempted use of a closed LynxModule instance
12-04 11:29:35.901  4580  7317 E LynxModule: 	at com.qualcomm.robotcore.eventloop.EventLoopManager$EventLoopRunnable$1.run(EventLoopManager.java:371)
12-04 11:29:35.902  4580  4711 E LynxModule: java.lang.RuntimeException
12-04 11:29:35.902  4580  7317 E LynxModule: 	at com.qualcomm.robotcore.util.ThreadPool.logThreadLifeCycle(ThreadPool.java:737)
12-04 11:29:35.903  4580  4711 E LynxModule: 	at com.qualcomm.hardware.lynx.LynxModule.warnIfClosed(LynxModule.java:509)
12-04 11:29:35.903  4580  7317 E LynxModule: 	at com.qualcomm.robotcore.eventloop.EventLoopManager$EventLoopRunnable.run(EventLoopManager.java:267)
12-04 11:29:35.903  4580  4711 E LynxModule: 	at com.qualcomm.hardware.lynx.LynxModule.isNotResponding(LynxModule.java:501)
12-04 11:29:35.903  4580  7317 E LynxModule: 	at com.qualcomm.robotcore.eventloop.EventLoopManager$1.run(EventLoopManager.java:606)
12-04 11:29:35.904  4580  7317 E LynxModule: 	at java.util.concurrent.ThreadPoolExecutor.runWorker(ThreadPoolExecutor.java:1133)
12-04 11:29:35.904  4580  4711 E LynxModule: 	at com.qualcomm.hardware.lynx.LynxModuleWarningManager$UnresponsiveStatus.conditionCurrentlyTrue(LynxModuleWarningManager.java:236)
12-04 11:29:35.904  4580  7317 E LynxModule: 	at java.util.concurrent.ThreadPoolExecutor$Worker.run(ThreadPoolExecutor.java:607)
12-04 11:29:35.904  4580  4711 E LynxModule: 	at com.qualcomm.hardware.lynx.LynxModuleWarningManager$ConditionStatus.hasChangedSinceLastCheck(LynxModuleWarningManager.java:224)
12-04 11:29:35.905  4580  7317 E LynxModule: 	at com.qualcomm.robotcore.util.ThreadPool$ThreadFactoryImpl$1.run(ThreadPool.java:793)
12-04 11:29:35.905  4580  4711 E LynxModule: 	at com.qualcomm.hardware.lynx.LynxModuleWarningManager$LynxModuleWarningSource.getGlobalWarning(LynxModuleWarningManager.java:278)
12-04 11:29:35.905  4580  7317 E LynxModule: 	at java.lang.Thread.run(Thread.java:761)
12-04 11:29:35.905  4580  4711 E LynxModule: 	at com.qualcomm.robotcore.util.RobotLog.getGlobalWarningMessage(RobotLog.java:454)
12-04 11:29:35.906  4580  7317 W LynxModule: Attempted use of a closed LynxModule instance
12-04 11:29:35.906  4580  4711 E LynxModule: 	at com.qualcomm.robotcore.eventloop.EventLoopManager.refreshSystemTelemetry(EventLoopManager.java:409)
12-04 11:29:35.906  4580  7317 E LynxModule: java.lang.RuntimeException
12-04 11:29:35.906  4580  4711 E LynxModule: 	at com.qualcomm.robotcore.eventloop.EventLoopManager.packetReceived(EventLoopManager.java:257)
12-04 11:29:35.907  4580  4711 E LynxModule: 	at org.firstinspires.ftc.robotcore.internal.network.NetworkConnectionHandler$RecvLoopCallbackChainer.packetReceived(NetworkConnectionHandler.java:746)
12-04 11:29:35.908  4580  7317 E LynxModule: 	at com.qualcomm.hardware.lynx.LynxModule.warnIfClosed(LynxModule.java:509)
12-04 11:29:35.908  4580  4711 E LynxModule: 	at org.firstinspires.ftc.robotcore.internal.network.RecvLoopRunnable$PacketProcessor.run(RecvLoopRunnable.java:106)
12-04 11:29:35.908  4580  7317 E LynxModule: 	at com.qualcomm.hardware.lynx.LynxModule.acquireNetworkTransmissionLock(LynxModule.java:1861)
12-04 11:29:35.908  4580  4711 E LynxModule: 	at java.util.concurrent.ThreadPoolExecutor.runWorker(ThreadPoolExecutor.java:1133)
12-04 11:29:35.909  4580  7317 E LynxModule: 	at com.qualcomm.hardware.lynx.commands.LynxMessage.acquireNetworkLock(LynxMessage.java:125)
12-04 11:29:35.909  4580  4711 E LynxModule: 	at java.util.concurrent.ThreadPoolExecutor$Worker.run(ThreadPoolExecutor.java:607)
12-04 11:29:35.909  4580  7317 E LynxModule: 	at com.qualcomm.hardware.lynx.commands.LynxRespondable.sendReceive(LynxRespondable.java:260)
12-04 11:29:35.909  4580  4711 E LynxModule: 	at com.qualcomm.robotcore.util.ThreadPool$ThreadFactoryImpl$1.run(ThreadPool.java:793)
12-04 11:29:35.910  4580  7317 E LynxModule: 	at com.qualcomm.hardware.lynx.LynxDcMotorController.internalGetPublicMotorMode(LynxDcMotorController.java:427)
12-04 11:29:35.910  4580  4711 E LynxModule: 	at java.lang.Thread.run(Thread.java:761)
12-04 11:29:35.910  4580  4711 W LynxModule: Attempted use of a closed LynxModule instance
12-04 11:29:35.910  4580  7317 E LynxModule: 	at com.qualcomm.hardware.lynx.LynxDcMotorController.internalSetMotorPower(LynxDcMotorController.java:530)
12-04 11:29:35.911  4580  7317 E LynxModule: 	at com.qualcomm.hardware.lynx.LynxDcMotorController.internalSetMotorPower(LynxDcMotorController.java:521)
12-04 11:29:35.911  4580  4711 E LynxModule: java.lang.RuntimeException
12-04 11:29:35.911  4580  7317 E LynxModule: 	at com.qualcomm.hardware.lynx.LynxDcMotorController.setMotorPowerFloat(LynxDcMotorController.java:672)
12-04 11:29:35.912  4580  4711 E LynxModule: 	at com.qualcomm.hardware.lynx.LynxModule.warnIfClosed(LynxModule.java:509)
12-04 11:29:35.912  4580  7317 E LynxModule: 	at com.qualcomm.hardware.lynx.LynxDcMotorController.floatHardware(LynxDcMotorController.java:1055)
12-04 11:29:35.913  4580  4711 E LynxModule: 	at com.qualcomm.hardware.lynx.LynxModule.getGlobalWarnings(LynxModule.java:635)
12-04 11:29:35.913  4580  7317 E LynxModule: 	at com.qualcomm.hardware.lynx.LynxController.close(LynxController.java:179)
12-04 11:29:35.913  4580  7317 E LynxModule: 	at com.qualcomm.hardware.lynx.LynxModule.close(LynxModule.java:349)
12-04 11:29:35.913  4580  4711 E LynxModule: 	at com.qualcomm.hardware.lynx.LynxUsbDeviceImpl.composeGlobalWarning(LynxUsbDeviceImpl.java:535)
12-04 11:29:35.914  4580  7317 E LynxModule: 	at com.qualcomm.hardware.lynx.LynxUsbDeviceImpl.closeModules(LynxUsbDeviceImpl.java:422)
12-04 11:29:35.914  4580  4711 E LynxModule: 	at org.firstinspires.ftc.robotcore.internal.hardware.usb.ArmableUsbDevice.getGlobalWarning(ArmableUsbDevice.java:178)
12-04 11:29:35.914  4580  7317 E LynxModule: 	at com.qualcomm.hardware.lynx.LynxUsbDeviceImpl.doCloseFromArmed(LynxUsbDeviceImpl.java:408)
12-04 11:29:35.914  4580  4711 E LynxModule: 	at com.qualcomm.robotcore.util.RobotLog.getGlobalWarningMessage(RobotLog.java:454)
12-04 11:29:35.915  4580  4711 E LynxModule: 	at com.qualcomm.robotcore.eventloop.EventLoopManager.refreshSystemTelemetry(EventLoopManager.java:409)
12-04 11:29:35.915  4580  7317 E LynxModule: 	at org.firstinspires.ftc.robotcore.internal.hardware.usb.ArmableUsbDevice$4.run(ArmableUsbDevice.java:591)
12-04 11:29:35.915  4580  7317 E LynxModule: 	at org.firstinspires.ftc.robotcore.internal.system.Tracer.trace(Tracer.java:161)
12-04 11:29:35.915  4580  4711 E LynxModule: 	at com.qualcomm.robotcore.eventloop.EventLoopManager.packetReceived(EventLoopManager.java:257)
12-04 11:29:35.916  4580  7317 E LynxModule: 	at org.firstinspires.ftc.robotcore.internal.hardware.usb.ArmableUsbDevice.doClose(ArmableUsbDevice.java:577)
12-04 11:29:35.916  4580  4711 E LynxModule: 	at org.firstinspires.ftc.robotcore.internal.network.NetworkConnectionHandler$RecvLoopCallbackChainer.packetReceived(NetworkConnectionHandler.java:746)
12-04 11:29:35.916  4580  7317 E LynxModule: 	at com.qualcomm.hardware.lynx.LynxUsbDeviceImpl.doClose(LynxUsbDeviceImpl.java:219)
12-04 11:29:35.916  4580  4711 E LynxModule: 	at org.firstinspires.ftc.robotcore.internal.network.RecvLoopRunnable$PacketProcessor.run(RecvLoopRunnable.java:106)
12-04 11:29:35.917  4580  7317 E LynxModule: 	at org.firstinspires.ftc.robotcore.internal.hardware.usb.ArmableUsbDevice.releaseRef(ArmableUsbDevice.java:549)
12-04 11:29:35.917  4580  4711 E LynxModule: 	at java.util.concurrent.ThreadPoolExecutor.runWorker(ThreadPoolExecutor.java:1133)
12-04 11:29:35.917  4580  7317 E LynxModule: 	at com.qualcomm.hardware.lynx.LynxUsbDeviceDelegate.close(LynxUsbDeviceDelegate.java:92)
12-04 11:29:35.917  4580  4711 E LynxModule: 	at java.util.concurrent.ThreadPoolExecutor$Worker.run(ThreadPoolExecutor.java:607)
12-04 11:29:35.917  4580  7317 E LynxModule: 	at com.qualcomm.ftccommon.FtcEventLoopHandler.closeAutoCloseOnTeardown(FtcEventLoopHandler.java:535)
12-04 11:29:35.917  4580  4711 E LynxModule: 	at com.qualcomm.robotcore.util.ThreadPool$ThreadFactoryImpl$1.run(ThreadPool.java:793)
12-04 11:29:35.918  4580  4711 E LynxModule: 	at java.lang.Thread.run(Thread.java:761)
12-04 11:29:35.918  4580  7317 E LynxModule: 	at com.qualcomm.ftccommon.FtcEventLoopHandler.closeHardwareMap(FtcEventLoopHandler.java:167)
12-04 11:29:35.918  4580  4711 W LynxModule: Attempted use of a closed LynxModule instance
12-04 11:29:35.918  4580  7317 E LynxModule: 	at com.qualcomm.ftccommon.FtcEventLoopHandler.close(FtcEventLoopHandler.java:148)
12-04 11:29:35.919  4580  7317 E LynxModule: 	at com.qualcomm.ftccommon.FtcEventLoopBase.teardown(FtcEventLoopBase.java:233)
12-04 11:29:35.919  4580  4711 E LynxModule: java.lang.RuntimeException
12-04 11:29:35.919  4580  7317 E LynxModule: 	at com.qualcomm.ftccommon.FtcEventLoop.teardown(FtcEventLoop.java:286)
12-04 11:29:35.920  4580  4711 E LynxModule: 	at com.qualcomm.hardware.lynx.LynxModule.warnIfClosed(LynxModule.java:509)
12-04 11:29:35.920  4580  7317 E LynxModule: 	at com.qualcomm.robotcore.eventloop.EventLoopManager$EventLoopRunnable$1.run(EventLoopManager.java:371)
12-04 11:29:35.920  4580  4711 E LynxModule: 	at com.qualcomm.hardware.lynx.LynxModule.isNotResponding(LynxModule.java:501)
12-04 11:29:35.920  4580  7317 E LynxModule: 	at com.qualcomm.robotcore.util.ThreadPool.logThreadLifeCycle(ThreadPool.java:737)
12-04 11:29:35.921  4580  7317 E LynxModule: 	at com.qualcomm.robotcore.eventloop.EventLoopManager$EventLoopRunnable.run(EventLoopManager.java:267)
12-04 11:29:35.921  4580  4711 E LynxModule: 	at com.qualcomm.hardware.lynx.LynxModuleWarningManager$UnresponsiveStatus.conditionCurrentlyTrue(LynxModuleWarningManager.java:236)
12-04 11:29:35.921  4580  7317 E LynxModule: 	at com.qualcomm.robotcore.eventloop.EventLoopManager$1.run(EventLoopManager.java:606)
12-04 11:29:35.921  4580  4711 E LynxModule: 	at com.qualcomm.hardware.lynx.LynxModuleWarningManager$ConditionStatus.hasChangedSinceLastCheck(LynxModuleWarningManager.java:224)
12-04 11:29:35.922  4580  4711 E LynxModule: 	at com.qualcomm.hardware.lynx.LynxModuleWarningManager$LynxModuleWarningSource.getGlobalWarning(LynxModuleWarningManager.java:278)
12-04 11:29:35.922  4580  7317 E LynxModule: 	at java.util.concurrent.ThreadPoolExecutor.runWorker(ThreadPoolExecutor.java:1133)
12-04 11:29:35.923  4580  4711 E LynxModule: 	at com.qualcomm.robotcore.util.RobotLog.getGlobalWarningMessage(RobotLog.java:454)
12-04 11:29:35.923  4580  7317 E LynxModule: 	at java.util.concurrent.ThreadPoolExecutor$Worker.run(ThreadPoolExecutor.java:607)
12-04 11:29:35.923  4580  7317 E LynxModule: 	at com.qualcomm.robotcore.util.ThreadPool$ThreadFactoryImpl$1.run(ThreadPool.java:793)
12-04 11:29:35.923  4580  4711 E LynxModule: 	at com.qualcomm.robotcore.eventloop.EventLoopManager.refreshSystemTelemetry(EventLoopManager.java:409)
12-04 11:29:35.924  4580  7317 E LynxModule: 	at java.lang.Thread.run(Thread.java:761)
12-04 11:29:35.924  4580  4711 E LynxModule: 	at com.qualcomm.robotcore.eventloop.EventLoopManager.packetReceived(EventLoopManager.java:257)
12-04 11:29:35.924  4580  7317 W LynxModule: Attempted use of a closed LynxModule instance
12-04 11:29:35.924  4580  4711 E LynxModule: 	at org.firstinspires.ftc.robotcore.internal.network.NetworkConnectionHandler$RecvLoopCallbackChainer.packetReceived(NetworkConnectionHandler.java:746)
12-04 11:29:35.925  4580  7317 E LynxModule: java.lang.RuntimeException
12-04 11:29:35.925  4580  4711 E LynxModule: 	at org.firstinspires.ftc.robotcore.internal.network.RecvLoopRunnable$PacketProcessor.run(RecvLoopRunnable.java:106)
12-04 11:29:35.925  4580  4711 E LynxModule: 	at java.util.concurrent.ThreadPoolExecutor.runWorker(ThreadPoolExecutor.java:1133)
12-04 11:29:35.926  4580  7317 E LynxModule: 	at com.qualcomm.hardware.lynx.LynxModule.warnIfClosed(LynxModule.java:509)
12-04 11:29:35.926  4580  4711 E LynxModule: 	at java.util.concurrent.ThreadPoolExecutor$Worker.run(ThreadPoolExecutor.java:607)
12-04 11:29:35.926  4580  7317 E LynxModule: 	at com.qualcomm.hardware.lynx.LynxModule.acquireNetworkTransmissionLock(LynxModule.java:1861)
12-04 11:29:35.926  4580  4711 E LynxModule: 	at com.qualcomm.robotcore.util.ThreadPool$ThreadFactoryImpl$1.run(ThreadPool.java:793)
12-04 11:29:35.927  4580  7317 E LynxModule: 	at com.qualcomm.hardware.lynx.commands.LynxMessage.acquireNetworkLock(LynxMessage.java:125)
12-04 11:29:35.927  4580  4711 E LynxModule: 	at java.lang.Thread.run(Thread.java:761)
12-04 11:29:35.927  4580  7317 E LynxModule: 	at com.qualcomm.hardware.lynx.commands.LynxRespondable.send(LynxRespondable.java:233)
12-04 11:29:35.928  4580  7317 E LynxModule: 	at com.qualcomm.hardware.lynx.LynxDcMotorController.internalSetMotorPower(LynxDcMotorController.java:562)
12-04 11:29:35.928  4580  7317 E LynxModule: 	at com.qualcomm.hardware.lynx.LynxDcMotorController.internalSetMotorPower(LynxDcMotorController.java:521)
12-04 11:29:35.929  4580  7317 E LynxModule: 	at com.qualcomm.hardware.lynx.LynxDcMotorController.setMotorPowerFloat(LynxDcMotorController.java:672)
12-04 11:29:35.929  4580  7317 E LynxModule: 	at com.qualcomm.hardware.lynx.LynxDcMotorController.floatHardware(LynxDcMotorController.java:1055)
12-04 11:29:35.930  4580  7317 E LynxModule: 	at com.qualcomm.hardware.lynx.LynxController.close(LynxController.java:179)
12-04 11:29:35.930  4580  7317 E LynxModule: 	at com.qualcomm.hardware.lynx.LynxModule.close(LynxModule.java:349)
12-04 11:29:35.931  4580  7317 E LynxModule: 	at com.qualcomm.hardware.lynx.LynxUsbDeviceImpl.closeModules(LynxUsbDeviceImpl.java:422)
12-04 11:29:35.932  4580  7317 E LynxModule: 	at com.qualcomm.hardware.lynx.LynxUsbDeviceImpl.doCloseFromArmed(LynxUsbDeviceImpl.java:408)
12-04 11:29:35.933  4580  7317 E LynxModule: 	at org.firstinspires.ftc.robotcore.internal.hardware.usb.ArmableUsbDevice$4.run(ArmableUsbDevice.java:591)
12-04 11:29:35.933  4580  7317 E LynxModule: 	at org.firstinspires.ftc.robotcore.internal.system.Tracer.trace(Tracer.java:161)
12-04 11:29:35.934  4580  7317 E LynxModule: 	at org.firstinspires.ftc.robotcore.internal.hardware.usb.ArmableUsbDevice.doClose(ArmableUsbDevice.java:577)
12-04 11:29:35.934  4580  7317 E LynxModule: 	at com.qualcomm.hardware.lynx.LynxUsbDeviceImpl.doClose(LynxUsbDeviceImpl.java:219)
12-04 11:29:35.935  4580  7317 E LynxModule: 	at org.firstinspires.ftc.robotcore.internal.hardware.usb.ArmableUsbDevice.releaseRef(ArmableUsbDevice.java:549)
12-04 11:29:35.935  4580  7317 E LynxModule: 	at com.qualcomm.hardware.lynx.LynxUsbDeviceDelegate.close(LynxUsbDeviceDelegate.java:92)
12-04 11:29:35.936  4580  7317 E LynxModule: 	at com.qualcomm.ftccommon.FtcEventLoopHandler.closeAutoCloseOnTeardown(FtcEventLoopHandler.java:535)
12-04 11:29:35.937  4580  7317 E LynxModule: 	at com.qualcomm.ftccommon.FtcEventLoopHandler.closeHardwareMap(FtcEventLoopHandler.java:167)
12-04 11:29:35.937  4580  4711 W LynxModule: Attempted use of a closed LynxModule instance
12-04 11:29:35.937  4580  7317 E LynxModule: 	at com.qualcomm.ftccommon.FtcEventLoopHandler.close(FtcEventLoopHandler.java:148)
12-04 11:29:35.938  4580  7317 E LynxModule: 	at com.qualcomm.ftccommon.FtcEventLoopBase.teardown(FtcEventLoopBase.java:233)
12-04 11:29:35.938  4580  4711 E LynxModule: java.lang.RuntimeException
12-04 11:29:35.938  4580  7317 E LynxModule: 	at com.qualcomm.ftccommon.FtcEventLoop.teardown(FtcEventLoop.java:286)
12-04 11:29:35.938  4580  7317 E LynxModule: 	at com.qualcomm.robotcore.eventloop.EventLoopManager$EventLoopRunnable$1.run(EventLoopManager.java:371)
12-04 11:29:35.938  4580  4711 E LynxModule: 	at com.qualcomm.hardware.lynx.LynxModule.warnIfClosed(LynxModule.java:509)
12-04 11:29:35.939  4580  7317 E LynxModule: 	at com.qualcomm.robotcore.util.ThreadPool.logThreadLifeCycle(ThreadPool.java:737)
12-04 11:29:35.939  4580  4711 E LynxModule: 	at com.qualcomm.hardware.lynx.LynxModule.getGlobalWarnings(LynxModule.java:635)
12-04 11:29:35.939  4580  7317 E LynxModule: 	at com.qualcomm.robotcore.eventloop.EventLoopManager$EventLoopRunnable.run(EventLoopManager.java:267)
12-04 11:29:35.939  4580  4711 E LynxModule: 	at com.qualcomm.hardware.lynx.LynxUsbDeviceImpl.composeGlobalWarning(LynxUsbDeviceImpl.java:535)
12-04 11:29:35.940  4580  7317 E LynxModule: 	at com.qualcomm.robotcore.eventloop.EventLoopManager$1.run(EventLoopManager.java:606)
12-04 11:29:35.940  4580  4711 E LynxModule: 	at org.firstinspires.ftc.robotcore.internal.hardware.usb.ArmableUsbDevice.getGlobalWarning(ArmableUsbDevice.java:178)
12-04 11:29:35.940  4580  7317 E LynxModule: 	at java.util.concurrent.ThreadPoolExecutor.runWorker(ThreadPoolExecutor.java:1133)
12-04 11:29:35.940  4580  4711 E LynxModule: 	at com.qualcomm.robotcore.util.RobotLog.getGlobalWarningMessage(RobotLog.java:454)
12-04 11:29:35.941  4580  7317 E LynxModule: 	at java.util.concurrent.ThreadPoolExecutor$Worker.run(ThreadPoolExecutor.java:607)
12-04 11:29:35.941  4580  4711 E LynxModule: 	at com.qualcomm.robotcore.eventloop.EventLoopManager.refreshSystemTelemetry(EventLoopManager.java:409)
12-04 11:29:35.942  4580  7317 E LynxModule: 	at com.qualcomm.robotcore.util.ThreadPool$ThreadFactoryImpl$1.run(ThreadPool.java:793)
12-04 11:29:35.942  4580  4711 E LynxModule: 	at com.qualcomm.robotcore.eventloop.EventLoopManager.packetReceived(EventLoopManager.java:257)
12-04 11:29:35.942  4580  7317 E LynxModule: 	at java.lang.Thread.run(Thread.java:761)
12-04 11:29:35.942  4580  4711 E LynxModule: 	at org.firstinspires.ftc.robotcore.internal.network.NetworkConnectionHandler$RecvLoopCallbackChainer.packetReceived(NetworkConnectionHandler.java:746)
12-04 11:29:35.943  4580  7317 W LynxModule: Attempted use of a closed LynxModule instance
12-04 11:29:35.943  4580  4711 E LynxModule: 	at org.firstinspires.ftc.robotcore.internal.network.RecvLoopRunnable$PacketProcessor.run(RecvLoopRunnable.java:106)
12-04 11:29:35.943  4580  7317 E LynxModule: java.lang.RuntimeException
12-04 11:29:35.943  4580  4711 E LynxModule: 	at java.util.concurrent.ThreadPoolExecutor.runWorker(ThreadPoolExecutor.java:1133)
12-04 11:29:35.944  4580  4711 E LynxModule: 	at java.util.concurrent.ThreadPoolExecutor$Worker.run(ThreadPoolExecutor.java:607)
12-04 11:29:35.944  4580  7317 E LynxModule: 	at com.qualcomm.hardware.lynx.LynxModule.warnIfClosed(LynxModule.java:509)
12-04 11:29:35.944  4580  4711 E LynxModule: 	at com.qualcomm.robotcore.util.ThreadPool$ThreadFactoryImpl$1.run(ThreadPool.java:793)
12-04 11:29:35.945  4580  4711 E LynxModule: 	at java.lang.Thread.run(Thread.java:761)
12-04 11:29:35.945  4580  7317 E LynxModule: 	at com.qualcomm.hardware.lynx.LynxModule.acquireNetworkTransmissionLock(LynxModule.java:1861)
12-04 11:29:35.945  4580  4711 W LynxModule: Attempted use of a closed LynxModule instance
12-04 11:29:35.945  4580  7317 E LynxModule: 	at com.qualcomm.hardware.lynx.commands.LynxMessage.acquireNetworkLock(LynxMessage.java:125)
12-04 11:29:35.946  4580  7317 E LynxModule: 	at com.qualcomm.hardware.lynx.commands.LynxRespondable.sendReceive(LynxRespondable.java:260)
12-04 11:29:35.946  4580  4711 E LynxModule: java.lang.RuntimeException
12-04 11:29:35.946  4580  7317 E LynxModule: 	at com.qualcomm.hardware.lynx.LynxDcMotorController.internalGetMotorChannelMode(LynxDcMotorController.java:454)
12-04 11:29:35.947  4580  4711 E LynxModule: 	at com.qualcomm.hardware.lynx.LynxModule.warnIfClosed(LynxModule.java:509)
12-04 11:29:35.947  4580  7317 E LynxModule: 	at com.qualcomm.hardware.lynx.LynxDcMotorController.internalSetZeroPowerBehavior(LynxDcMotorController.java:505)
12-04 11:29:35.947  4580  4711 E LynxModule: 	at com.qualcomm.hardware.lynx.LynxModule.isNotResponding(LynxModule.java:501)
12-04 11:29:35.948  4580  7317 E LynxModule: 	at com.qualcomm.hardware.lynx.LynxDcMotorController.setMotorPowerFloat(LynxDcMotorController.java:671)
12-04 11:29:35.948  4580  4711 E LynxModule: 	at com.qualcomm.hardware.lynx.LynxModuleWarningManager$UnresponsiveStatus.conditionCurrentlyTrue(LynxModuleWarningManager.java:236)
12-04 11:29:35.948  4580  7317 E LynxModule: 	at com.qualcomm.hardware.lynx.LynxDcMotorController.floatHardware(LynxDcMotorController.java:1055)
12-04 11:29:35.949  4580  7317 E LynxModule: 	at com.qualcomm.hardware.lynx.LynxController.close(LynxController.java:179)
12-04 11:29:35.949  4580  4711 E LynxModule: 	at com.qualcomm.hardware.lynx.LynxModuleWarningManager$ConditionStatus.hasChangedSinceLastCheck(LynxModuleWarningManager.java:224)
12-04 11:29:35.949  4580  7317 E LynxModule: 	at com.qualcomm.hardware.lynx.LynxModule.close(LynxModule.java:349)
12-04 11:29:35.949  4580  4711 E LynxModule: 	at com.qualcomm.hardware.lynx.LynxModuleWarningManager$LynxModuleWarningSource.getGlobalWarning(LynxModuleWarningManager.java:278)
12-04 11:29:35.950  4580  7317 E LynxModule: 	at com.qualcomm.hardware.lynx.LynxUsbDeviceImpl.closeModules(LynxUsbDeviceImpl.java:422)
12-04 11:29:35.950  4580  4711 E LynxModule: 	at com.qualcomm.robotcore.util.RobotLog.getGlobalWarningMessage(RobotLog.java:454)
12-04 11:29:35.950  4580  4711 E LynxModule: 	at com.qualcomm.robotcore.eventloop.EventLoopManager.refreshSystemTelemetry(EventLoopManager.java:409)
12-04 11:29:35.951  4580  7317 E LynxModule: 	at com.qualcomm.hardware.lynx.LynxUsbDeviceImpl.doCloseFromArmed(LynxUsbDeviceImpl.java:408)
12-04 11:29:35.951  4580  4711 E LynxModule: 	at com.qualcomm.robotcore.eventloop.EventLoopManager.packetReceived(EventLoopManager.java:257)
12-04 11:29:35.951  4580  7317 E LynxModule: 	at org.firstinspires.ftc.robotcore.internal.hardware.usb.ArmableUsbDevice$4.run(ArmableUsbDevice.java:591)
12-04 11:29:35.952  4580  4711 E LynxModule: 	at org.firstinspires.ftc.robotcore.internal.network.NetworkConnectionHandler$RecvLoopCallbackChainer.packetReceived(NetworkConnectionHandler.java:746)
12-04 11:29:35.952  4580  7317 E LynxModule: 	at org.firstinspires.ftc.robotcore.internal.system.Tracer.trace(Tracer.java:161)
12-04 11:29:35.952  4580  4711 E LynxModule: 	at org.firstinspires.ftc.robotcore.internal.network.RecvLoopRunnable$PacketProcessor.run(RecvLoopRunnable.java:106)
12-04 11:29:35.952  4580  7317 E LynxModule: 	at org.firstinspires.ftc.robotcore.internal.hardware.usb.ArmableUsbDevice.doClose(ArmableUsbDevice.java:577)
12-04 11:29:35.953  4580  7317 E LynxModule: 	at com.qualcomm.hardware.lynx.LynxUsbDeviceImpl.doClose(LynxUsbDeviceImpl.java:219)
12-04 11:29:35.953  4580  4711 E LynxModule: 	at java.util.concurrent.ThreadPoolExecutor.runWorker(ThreadPoolExecutor.java:1133)
12-04 11:29:35.953  4580  4711 E LynxModule: 	at java.util.concurrent.ThreadPoolExecutor$Worker.run(ThreadPoolExecutor.java:607)
12-04 11:29:35.953  4580  7317 E LynxModule: 	at org.firstinspires.ftc.robotcore.internal.hardware.usb.ArmableUsbDevice.releaseRef(ArmableUsbDevice.java:549)
12-04 11:29:35.954  4580  7317 E LynxModule: 	at com.qualcomm.hardware.lynx.LynxUsbDeviceDelegate.close(LynxUsbDeviceDelegate.java:92)
12-04 11:29:35.954  4580  4711 E LynxModule: 	at com.qualcomm.robotcore.util.ThreadPool$ThreadFactoryImpl$1.run(ThreadPool.java:793)
12-04 11:29:35.954  4580  4711 E LynxModule: 	at java.lang.Thread.run(Thread.java:761)
12-04 11:29:35.954  4580  7317 E LynxModule: 	at com.qualcomm.ftccommon.FtcEventLoopHandler.closeAutoCloseOnTeardown(FtcEventLoopHandler.java:535)
12-04 11:29:35.955  4580  7317 E LynxModule: 	at com.qualcomm.ftccommon.FtcEventLoopHandler.closeHardwareMap(FtcEventLoopHandler.java:167)
12-04 11:29:35.955  4580  7317 E LynxModule: 	at com.qualcomm.ftccommon.FtcEventLoopHandler.close(FtcEventLoopHandler.java:148)
12-04 11:29:35.956  4580  7317 E LynxModule: 	at com.qualcomm.ftccommon.FtcEventLoopBase.teardown(FtcEventLoopBase.java:233)
12-04 11:29:35.956  4580  7317 E LynxModule: 	at com.qualcomm.ftccommon.FtcEventLoop.teardown(FtcEventLoop.java:286)
12-04 11:29:35.957  4580  7317 E LynxModule: 	at com.qualcomm.robotcore.eventloop.EventLoopManager$EventLoopRunnable$1.run(EventLoopManager.java:371)
12-04 11:29:35.957  4580  7317 E LynxModule: 	at com.qualcomm.robotcore.util.ThreadPool.logThreadLifeCycle(ThreadPool.java:737)
12-04 11:29:35.958  4580  7317 E LynxModule: 	at com.qualcomm.robotcore.eventloop.EventLoopManager$EventLoopRunnable.run(EventLoopManager.java:267)
12-04 11:29:35.959  4580  7317 E LynxModule: 	at com.qualcomm.robotcore.eventloop.EventLoopManager$1.run(EventLoopManager.java:606)
12-04 11:29:35.959  4580  7317 E LynxModule: 	at java.util.concurrent.ThreadPoolExecutor.runWorker(ThreadPoolExecutor.java:1133)
12-04 11:29:35.960  4580  7317 E LynxModule: 	at java.util.concurrent.ThreadPoolExecutor$Worker.run(ThreadPoolExecutor.java:607)
12-04 11:29:35.960  4580  7317 E LynxModule: 	at com.qualcomm.robotcore.util.ThreadPool$ThreadFactoryImpl$1.run(ThreadPool.java:793)
12-04 11:29:35.960  4580  7317 E LynxModule: 	at java.lang.Thread.run(Thread.java:761)
12-04 11:29:35.961  4580  7317 W LynxModule: Attempted use of a closed LynxModule instance
12-04 11:29:35.962  4580  7317 E LynxModule: java.lang.RuntimeException
12-04 11:29:35.962  4580  7317 E LynxModule: 	at com.qualcomm.hardware.lynx.LynxModule.warnIfClosed(LynxModule.java:509)
12-04 11:29:35.963  4580  7317 E LynxModule: 	at com.qualcomm.hardware.lynx.LynxModule.acquireNetworkTransmissionLock(LynxModule.java:1861)
12-04 11:29:35.964  4580  7317 E LynxModule: 	at com.qualcomm.hardware.lynx.commands.LynxMessage.acquireNetworkLock(LynxMessage.java:125)
12-04 11:29:35.964  4580  7317 E LynxModule: 	at com.qualcomm.hardware.lynx.commands.LynxRespondable.send(LynxRespondable.java:233)
12-04 11:29:35.965  4580  7317 E LynxModule: 	at com.qualcomm.hardware.lynx.LynxDcMotorController.internalSetZeroPowerBehavior(LynxDcMotorController.java:510)
12-04 11:29:35.965  4580  7317 E LynxModule: 	at com.qualcomm.hardware.lynx.LynxDcMotorController.setMotorPowerFloat(LynxDcMotorController.java:671)
12-04 11:29:35.966  4580  7317 E LynxModule: 	at com.qualcomm.hardware.lynx.LynxDcMotorController.floatHardware(LynxDcMotorController.java:1055)
12-04 11:29:35.966  4580  7317 E LynxModule: 	at com.qualcomm.hardware.lynx.LynxController.close(LynxController.java:179)
12-04 11:29:35.967  4580  7317 E LynxModule: 	at com.qualcomm.hardware.lynx.LynxModule.close(LynxModule.java:349)
12-04 11:29:35.967  4580  7317 E LynxModule: 	at com.qualcomm.hardware.lynx.LynxUsbDeviceImpl.closeModules(LynxUsbDeviceImpl.java:422)
12-04 11:29:35.968  4580  7317 E LynxModule: 	at com.qualcomm.hardware.lynx.LynxUsbDeviceImpl.doCloseFromArmed(LynxUsbDeviceImpl.java:408)
12-04 11:29:35.969  4580  7317 E LynxModule: 	at org.firstinspires.ftc.robotcore.internal.hardware.usb.ArmableUsbDevice$4.run(ArmableUsbDevice.java:591)
12-04 11:29:35.969  4580  7317 E LynxModule: 	at org.firstinspires.ftc.robotcore.internal.system.Tracer.trace(Tracer.java:161)
12-04 11:29:35.970  4580  7317 E LynxModule: 	at org.firstinspires.ftc.robotcore.internal.hardware.usb.ArmableUsbDevice.doClose(ArmableUsbDevice.java:577)
12-04 11:29:35.970  4580  7317 E LynxModule: 	at com.qualcomm.hardware.lynx.LynxUsbDeviceImpl.doClose(LynxUsbDeviceImpl.java:219)
12-04 11:29:35.971  4580  7317 E LynxModule: 	at org.firstinspires.ftc.robotcore.internal.hardware.usb.ArmableUsbDevice.releaseRef(ArmableUsbDevice.java:549)
12-04 11:29:35.971  4580  7317 E LynxModule: 	at com.qualcomm.hardware.lynx.LynxUsbDeviceDelegate.close(LynxUsbDeviceDelegate.java:92)
12-04 11:29:35.971  4580  7317 E LynxModule: 	at com.qualcomm.ftccommon.FtcEventLoopHandler.closeAutoCloseOnTeardown(FtcEventLoopHandler.java:535)
12-04 11:29:35.972  4580  7317 E LynxModule: 	at com.qualcomm.ftccommon.FtcEventLoopHandler.closeHardwareMap(FtcEventLoopHandler.java:167)
12-04 11:29:35.972  4580  7317 E LynxModule: 	at com.qualcomm.ftccommon.FtcEventLoopHandler.close(FtcEventLoopHandler.java:148)
12-04 11:29:35.973  4580  7317 E LynxModule: 	at com.qualcomm.ftccommon.FtcEventLoopBase.teardown(FtcEventLoopBase.java:233)
12-04 11:29:35.974  4580  7317 E LynxModule: 	at com.qualcomm.ftccommon.FtcEventLoop.teardown(FtcEventLoop.java:286)
12-04 11:29:35.974  4580  7317 E LynxModule: 	at com.qualcomm.robotcore.eventloop.EventLoopManager$EventLoopRunnable$1.run(EventLoopManager.java:371)
12-04 11:29:35.975  4580  7317 E LynxModule: 	at com.qualcomm.robotcore.util.ThreadPool.logThreadLifeCycle(ThreadPool.java:737)
12-04 11:29:35.975  4580  7317 E LynxModule: 	at com.qualcomm.robotcore.eventloop.EventLoopManager$EventLoopRunnable.run(EventLoopManager.java:267)
12-04 11:29:35.976  4580  7317 E LynxModule: 	at com.qualcomm.robotcore.eventloop.EventLoopManager$1.run(EventLoopManager.java:606)
12-04 11:29:35.976  4580  7317 E LynxModule: 	at java.util.concurrent.ThreadPoolExecutor.runWorker(ThreadPoolExecutor.java:1133)
12-04 11:29:35.976  4580  4713 W LynxModule: Attempted use of a closed LynxModule instance
12-04 11:29:35.977  4580  7317 E LynxModule: 	at java.util.concurrent.ThreadPoolExecutor$Worker.run(ThreadPoolExecutor.java:607)
12-04 11:29:35.977  4580  7317 E LynxModule: 	at com.qualcomm.robotcore.util.ThreadPool$ThreadFactoryImpl$1.run(ThreadPool.java:793)
12-04 11:29:35.977  4580  4713 E LynxModule: java.lang.RuntimeException
12-04 11:29:35.977  4580  7317 E LynxModule: 	at java.lang.Thread.run(Thread.java:761)
12-04 11:29:35.978  4580  4713 E LynxModule: 	at com.qualcomm.hardware.lynx.LynxModule.warnIfClosed(LynxModule.java:509)
12-04 11:29:35.978  4580  7317 W LynxModule: Attempted use of a closed LynxModule instance
12-04 11:29:35.978  4580  4713 E LynxModule: 	at com.qualcomm.hardware.lynx.LynxModule.getGlobalWarnings(LynxModule.java:635)
12-04 11:29:35.978  4580  7317 E LynxModule: java.lang.RuntimeException
12-04 11:29:35.979  4580  4713 E LynxModule: 	at com.qualcomm.hardware.lynx.LynxUsbDeviceImpl.composeGlobalWarning(LynxUsbDeviceImpl.java:535)
12-04 11:29:35.979  4580  4713 E LynxModule: 	at org.firstinspires.ftc.robotcore.internal.hardware.usb.ArmableUsbDevice.getGlobalWarning(ArmableUsbDevice.java:178)
12-04 11:29:35.979  4580  7317 E LynxModule: 	at com.qualcomm.hardware.lynx.LynxModule.warnIfClosed(LynxModule.java:509)
12-04 11:29:35.980  4580  4713 E LynxModule: 	at com.qualcomm.robotcore.util.RobotLog.getGlobalWarningMessage(RobotLog.java:454)
12-04 11:29:35.980  4580  7317 E LynxModule: 	at com.qualcomm.hardware.lynx.LynxModule.acquireNetworkTransmissionLock(LynxModule.java:1861)
12-04 11:29:35.981  4580  4713 E LynxModule: 	at com.qualcomm.robotcore.eventloop.EventLoopManager.refreshSystemTelemetry(EventLoopManager.java:409)
12-04 11:29:35.981  4580  7317 E LynxModule: 	at com.qualcomm.hardware.lynx.commands.LynxMessage.acquireNetworkLock(LynxMessage.java:125)
12-04 11:29:35.981  4580  7317 E LynxModule: 	at com.qualcomm.hardware.lynx.commands.LynxRespondable.sendReceive(LynxRespondable.java:260)
12-04 11:29:35.981  4580  4713 E LynxModule: 	at com.qualcomm.robotcore.eventloop.EventLoopManager.packetReceived(EventLoopManager.java:257)
12-04 11:29:35.982  4580  7317 E LynxModule: 	at com.qualcomm.hardware.lynx.LynxDcMotorController.internalGetPublicMotorMode(LynxDcMotorController.java:427)
12-04 11:29:35.982  4580  4713 E LynxModule: 	at org.firstinspires.ftc.robotcore.internal.network.NetworkConnectionHandler$RecvLoopCallbackChainer.packetReceived(NetworkConnectionHandler.java:746)
12-04 11:29:35.982  4580  7317 E LynxModule: 	at com.qualcomm.hardware.lynx.LynxDcMotorController.internalSetMotorPower(LynxDcMotorController.java:530)
12-04 11:29:35.983  4580  7317 E LynxModule: 	at com.qualcomm.hardware.lynx.LynxDcMotorController.internalSetMotorPower(LynxDcMotorController.java:521)
12-04 11:29:35.983  4580  4713 E LynxModule: 	at org.firstinspires.ftc.robotcore.internal.network.RecvLoopRunnable$1.run(RecvLoopRunnable.java:249)
12-04 11:29:35.983  4580  7317 E LynxModule: 	at com.qualcomm.hardware.lynx.LynxDcMotorController.setMotorPowerFloat(LynxDcMotorController.java:672)
12-04 11:29:35.983  4580  4713 E LynxModule: 	at com.qualcomm.robotcore.util.ThreadPool.logThreadLifeCycle(ThreadPool.java:737)
12-04 11:29:35.984  4580  7317 E LynxModule: 	at com.qualcomm.hardware.lynx.LynxDcMotorController.floatHardware(LynxDcMotorController.java:1055)
12-04 11:29:35.984  4580  4713 E LynxModule: 	at org.firstinspires.ftc.robotcore.internal.network.RecvLoopRunnable.run(RecvLoopRunnable.java:210)
12-04 11:29:35.985  4580  7317 E LynxModule: 	at com.qualcomm.hardware.lynx.LynxController.close(LynxController.java:179)
12-04 11:29:35.984  4580  4713 E LynxModule: 	at java.util.concurrent.ThreadPoolExecutor.runWorker(ThreadPoolExecutor.java:1133)
12-04 11:29:35.985  4580  7317 E LynxModule: 	at com.qualcomm.hardware.lynx.LynxModule.close(LynxModule.java:349)
12-04 11:29:35.985  4580  4713 E LynxModule: 	at java.util.concurrent.ThreadPoolExecutor$Worker.run(ThreadPoolExecutor.java:607)
12-04 11:29:35.986  4580  7317 E LynxModule: 	at com.qualcomm.hardware.lynx.LynxUsbDeviceImpl.closeModules(LynxUsbDeviceImpl.java:422)
12-04 11:29:35.986  4580  4713 E LynxModule: 	at com.qualcomm.robotcore.util.ThreadPool$ThreadFactoryImpl$1.run(ThreadPool.java:793)
12-04 11:29:35.986  4580  7317 E LynxModule: 	at com.qualcomm.hardware.lynx.LynxUsbDeviceImpl.doCloseFromArmed(LynxUsbDeviceImpl.java:408)
12-04 11:29:35.986  4580  4713 E LynxModule: 	at java.lang.Thread.run(Thread.java:761)
12-04 11:29:35.987  4580  4713 W LynxModule: Attempted use of a closed LynxModule instance
12-04 11:29:35.987  4580  7317 E LynxModule: 	at org.firstinspires.ftc.robotcore.internal.hardware.usb.ArmableUsbDevice$4.run(ArmableUsbDevice.java:591)
12-04 11:29:35.988  4580  7317 E LynxModule: 	at org.firstinspires.ftc.robotcore.internal.system.Tracer.trace(Tracer.java:161)
12-04 11:29:35.988  4580  4713 E LynxModule: java.lang.RuntimeException
12-04 11:29:35.988  4580  7317 E LynxModule: 	at org.firstinspires.ftc.robotcore.internal.hardware.usb.ArmableUsbDevice.doClose(ArmableUsbDevice.java:577)
12-04 11:29:35.989  4580  4713 E LynxModule: 	at com.qualcomm.hardware.lynx.LynxModule.warnIfClosed(LynxModule.java:509)
12-04 11:29:35.989  4580  7317 E LynxModule: 	at com.qualcomm.hardware.lynx.LynxUsbDeviceImpl.doClose(LynxUsbDeviceImpl.java:219)
12-04 11:29:35.989  4580  7317 E LynxModule: 	at org.firstinspires.ftc.robotcore.internal.hardware.usb.ArmableUsbDevice.releaseRef(ArmableUsbDevice.java:549)
12-04 11:29:35.989  4580  4713 E LynxModule: 	at com.qualcomm.hardware.lynx.LynxModule.isNotResponding(LynxModule.java:501)
12-04 11:29:35.990  4580  7317 E LynxModule: 	at com.qualcomm.hardware.lynx.LynxUsbDeviceDelegate.close(LynxUsbDeviceDelegate.java:92)
12-04 11:29:35.990  4580  4713 E LynxModule: 	at com.qualcomm.hardware.lynx.LynxModuleWarningManager$UnresponsiveStatus.conditionCurrentlyTrue(LynxModuleWarningManager.java:236)
12-04 11:29:35.991  4580  7317 E LynxModule: 	at com.qualcomm.ftccommon.FtcEventLoopHandler.closeAutoCloseOnTeardown(FtcEventLoopHandler.java:535)
12-04 11:29:35.991  4580  4713 E LynxModule: 	at com.qualcomm.hardware.lynx.LynxModuleWarningManager$ConditionStatus.hasChangedSinceLastCheck(LynxModuleWarningManager.java:224)
12-04 11:29:35.991  4580  7317 E LynxModule: 	at com.qualcomm.ftccommon.FtcEventLoopHandler.closeHardwareMap(FtcEventLoopHandler.java:167)
12-04 11:29:35.991  4580  4713 E LynxModule: 	at com.qualcomm.hardware.lynx.LynxModuleWarningManager$LynxModuleWarningSource.getGlobalWarning(LynxModuleWarningManager.java:278)
12-04 11:29:35.992  4580  7317 E LynxModule: 	at com.qualcomm.ftccommon.FtcEventLoopHandler.close(FtcEventLoopHandler.java:148)
12-04 11:29:35.992  4580  4713 E LynxModule: 	at com.qualcomm.robotcore.util.RobotLog.getGlobalWarningMessage(RobotLog.java:454)
12-04 11:29:35.992  4580  7317 E LynxModule: 	at com.qualcomm.ftccommon.FtcEventLoopBase.teardown(FtcEventLoopBase.java:233)
12-04 11:29:35.993  4580  4713 E LynxModule: 	at com.qualcomm.robotcore.eventloop.EventLoopManager.refreshSystemTelemetry(EventLoopManager.java:409)
12-04 11:29:35.992  4580  7317 E LynxModule: 	at com.qualcomm.ftccommon.FtcEventLoop.teardown(FtcEventLoop.java:286)
12-04 11:29:35.993  4580  4713 E LynxModule: 	at com.qualcomm.robotcore.eventloop.EventLoopManager.packetReceived(EventLoopManager.java:257)
12-04 11:29:35.993  4580  7317 E LynxModule: 	at com.qualcomm.robotcore.eventloop.EventLoopManager$EventLoopRunnable$1.run(EventLoopManager.java:371)
12-04 11:29:35.994  4580  7317 E LynxModule: 	at com.qualcomm.robotcore.util.ThreadPool.logThreadLifeCycle(ThreadPool.java:737)
12-04 11:29:35.994  4580  4713 E LynxModule: 	at org.firstinspires.ftc.robotcore.internal.network.NetworkConnectionHandler$RecvLoopCallbackChainer.packetReceived(NetworkConnectionHandler.java:746)
12-04 11:29:35.994  4580  7317 E LynxModule: 	at com.qualcomm.robotcore.eventloop.EventLoopManager$EventLoopRunnable.run(EventLoopManager.java:267)
12-04 11:29:35.994  4580  4713 E LynxModule: 	at org.firstinspires.ftc.robotcore.internal.network.RecvLoopRunnable$1.run(RecvLoopRunnable.java:249)
12-04 11:29:35.994  4580  7317 E LynxModule: 	at com.qualcomm.robotcore.eventloop.EventLoopManager$1.run(EventLoopManager.java:606)
12-04 11:29:35.995  4580  4713 E LynxModule: 	at com.qualcomm.robotcore.util.ThreadPool.logThreadLifeCycle(ThreadPool.java:737)
12-04 11:29:35.995  4580  7317 E LynxModule: 	at java.util.concurrent.ThreadPoolExecutor.runWorker(ThreadPoolExecutor.java:1133)
12-04 11:29:35.995  4580  4713 E LynxModule: 	at org.firstinspires.ftc.robotcore.internal.network.RecvLoopRunnable.run(RecvLoopRunnable.java:210)
12-04 11:29:35.995  4580  7317 E LynxModule: 	at java.util.concurrent.ThreadPoolExecutor$Worker.run(ThreadPoolExecutor.java:607)
12-04 11:29:35.995  4580  4713 E LynxModule: 	at java.util.concurrent.ThreadPoolExecutor.runWorker(ThreadPoolExecutor.java:1133)
12-04 11:29:35.996  4580  7317 E LynxModule: 	at com.qualcomm.robotcore.util.ThreadPool$ThreadFactoryImpl$1.run(ThreadPool.java:793)
12-04 11:29:35.996  4580  4713 E LynxModule: 	at java.util.concurrent.ThreadPoolExecutor$Worker.run(ThreadPoolExecutor.java:607)
12-04 11:29:35.996  4580  7317 E LynxModule: 	at java.lang.Thread.run(Thread.java:761)
12-04 11:29:35.996  4580  4713 E LynxModule: 	at com.qualcomm.robotcore.util.ThreadPool$ThreadFactoryImpl$1.run(ThreadPool.java:793)
12-04 11:29:35.997  4580  7317 W LynxModule: Attempted use of a closed LynxModule instance
12-04 11:29:35.997  4580  4713 E LynxModule: 	at java.lang.Thread.run(Thread.java:761)
12-04 11:29:35.997  4580  7317 E LynxModule: java.lang.RuntimeException
12-04 11:29:35.998  4580  4711 W LynxModule: Attempted use of a closed LynxModule instance
12-04 11:29:35.999  4580  7317 E LynxModule: 	at com.qualcomm.hardware.lynx.LynxModule.warnIfClosed(LynxModule.java:509)
12-04 11:29:35.999  4580  4711 E LynxModule: java.lang.RuntimeException
12-04 11:29:35.999  4580  7317 E LynxModule: 	at com.qualcomm.hardware.lynx.LynxModule.acquireNetworkTransmissionLock(LynxModule.java:1861)
12-04 11:29:36.000  4580  7317 E LynxModule: 	at com.qualcomm.hardware.lynx.commands.LynxMessage.acquireNetworkLock(LynxMessage.java:125)
12-04 11:29:36.000  4580  4711 E LynxModule: 	at com.qualcomm.hardware.lynx.LynxModule.warnIfClosed(LynxModule.java:509)
12-04 11:29:36.000  4580  4711 E LynxModule: 	at com.qualcomm.hardware.lynx.LynxModule.getGlobalWarnings(LynxModule.java:635)
12-04 11:29:36.000  4580  7317 E LynxModule: 	at com.qualcomm.hardware.lynx.commands.LynxRespondable.send(LynxRespondable.java:233)
12-04 11:29:36.000  4580  4711 E LynxModule: 	at com.qualcomm.hardware.lynx.LynxUsbDeviceImpl.composeGlobalWarning(LynxUsbDeviceImpl.java:535)
12-04 11:29:36.000  4580  7317 E LynxModule: 	at com.qualcomm.hardware.lynx.LynxDcMotorController.internalSetMotorPower(LynxDcMotorController.java:562)
12-04 11:29:36.001  4580  7317 E LynxModule: 	at com.qualcomm.hardware.lynx.LynxDcMotorController.internalSetMotorPower(LynxDcMotorController.java:521)
12-04 11:29:36.001  4580  4711 E LynxModule: 	at org.firstinspires.ftc.robotcore.internal.hardware.usb.ArmableUsbDevice.getGlobalWarning(ArmableUsbDevice.java:178)
12-04 11:29:36.001  4580  4711 E LynxModule: 	at com.qualcomm.robotcore.util.RobotLog.getGlobalWarningMessage(RobotLog.java:454)
12-04 11:29:36.001  4580  7317 E LynxModule: 	at com.qualcomm.hardware.lynx.LynxDcMotorController.setMotorPowerFloat(LynxDcMotorController.java:672)
12-04 11:29:36.002  4580  4711 E LynxModule: 	at com.qualcomm.robotcore.eventloop.EventLoopManager.refreshSystemTelemetry(EventLoopManager.java:409)
12-04 11:29:36.002  4580  7317 E LynxModule: 	at com.qualcomm.hardware.lynx.LynxDcMotorController.floatHardware(LynxDcMotorController.java:1055)
12-04 11:29:36.002  4580  4711 E LynxModule: 	at com.qualcomm.robotcore.eventloop.EventLoopManager.packetReceived(EventLoopManager.java:257)
12-04 11:29:36.003  4580  7317 E LynxModule: 	at com.qualcomm.hardware.lynx.LynxController.close(LynxController.java:179)
12-04 11:29:36.003  4580  7317 E LynxModule: 	at com.qualcomm.hardware.lynx.LynxModule.close(LynxModule.java:349)
12-04 11:29:36.003  4580  4711 E LynxModule: 	at org.firstinspires.ftc.robotcore.internal.network.NetworkConnectionHandler$RecvLoopCallbackChainer.packetReceived(NetworkConnectionHandler.java:746)
12-04 11:29:36.004  4580  7317 E LynxModule: 	at com.qualcomm.hardware.lynx.LynxUsbDeviceImpl.closeModules(LynxUsbDeviceImpl.java:422)
12-04 11:29:36.004  4580  4711 E LynxModule: 	at org.firstinspires.ftc.robotcore.internal.network.RecvLoopRunnable$PacketProcessor.run(RecvLoopRunnable.java:106)
12-04 11:29:36.004  4580  7317 E LynxModule: 	at com.qualcomm.hardware.lynx.LynxUsbDeviceImpl.doCloseFromArmed(LynxUsbDeviceImpl.java:408)
12-04 11:29:36.004  4580  4711 E LynxModule: 	at java.util.concurrent.ThreadPoolExecutor.runWorker(ThreadPoolExecutor.java:1133)
12-04 11:29:36.005  4580  4711 E LynxModule: 	at java.util.concurrent.ThreadPoolExecutor$Worker.run(ThreadPoolExecutor.java:607)
12-04 11:29:36.005  4580  7317 E LynxModule: 	at org.firstinspires.ftc.robotcore.internal.hardware.usb.ArmableUsbDevice$4.run(ArmableUsbDevice.java:591)
12-04 11:29:36.005  4580  7317 E LynxModule: 	at org.firstinspires.ftc.robotcore.internal.system.Tracer.trace(Tracer.java:161)
12-04 11:29:36.005  4580  4711 E LynxModule: 	at com.qualcomm.robotcore.util.ThreadPool$ThreadFactoryImpl$1.run(ThreadPool.java:793)
12-04 11:29:36.006  4580  4711 E LynxModule: 	at java.lang.Thread.run(Thread.java:761)
12-04 11:29:36.006  4580  7317 E LynxModule: 	at org.firstinspires.ftc.robotcore.internal.hardware.usb.ArmableUsbDevice.doClose(ArmableUsbDevice.java:577)
12-04 11:29:36.006  4580  4711 W LynxModule: Attempted use of a closed LynxModule instance
12-04 11:29:36.006  4580  7317 E LynxModule: 	at com.qualcomm.hardware.lynx.LynxUsbDeviceImpl.doClose(LynxUsbDeviceImpl.java:219)
12-04 11:29:36.007  4580  4711 E LynxModule: java.lang.RuntimeException
12-04 11:29:36.007  4580  7317 E LynxModule: 	at org.firstinspires.ftc.robotcore.internal.hardware.usb.ArmableUsbDevice.releaseRef(ArmableUsbDevice.java:549)
12-04 11:29:36.007  4580  7317 E LynxModule: 	at com.qualcomm.hardware.lynx.LynxUsbDeviceDelegate.close(LynxUsbDeviceDelegate.java:92)
12-04 11:29:36.007  4580  4711 E LynxModule: 	at com.qualcomm.hardware.lynx.LynxModule.warnIfClosed(LynxModule.java:509)
12-04 11:29:36.008  4580  7317 E LynxModule: 	at com.qualcomm.ftccommon.FtcEventLoopHandler.closeAutoCloseOnTeardown(FtcEventLoopHandler.java:535)
12-04 11:29:36.008  4580  4711 E LynxModule: 	at com.qualcomm.hardware.lynx.LynxModule.isNotResponding(LynxModule.java:501)
12-04 11:29:36.008  4580  7317 E LynxModule: 	at com.qualcomm.ftccommon.FtcEventLoopHandler.closeHardwareMap(FtcEventLoopHandler.java:167)
12-04 11:29:36.009  4580  4711 E LynxModule: 	at com.qualcomm.hardware.lynx.LynxModuleWarningManager$UnresponsiveStatus.conditionCurrentlyTrue(LynxModuleWarningManager.java:236)
12-04 11:29:36.009  4580  7317 E LynxModule: 	at com.qualcomm.ftccommon.FtcEventLoopHandler.close(FtcEventLoopHandler.java:148)
12-04 11:29:36.009  4580  4711 E LynxModule: 	at com.qualcomm.hardware.lynx.LynxModuleWarningManager$ConditionStatus.hasChangedSinceLastCheck(LynxModuleWarningManager.java:224)
12-04 11:29:36.009  4580  7317 E LynxModule: 	at com.qualcomm.ftccommon.FtcEventLoopBase.teardown(FtcEventLoopBase.java:233)
12-04 11:29:36.010  4580  7317 E LynxModule: 	at com.qualcomm.ftccommon.FtcEventLoop.teardown(FtcEventLoop.java:286)
12-04 11:29:36.010  4580  4711 E LynxModule: 	at com.qualcomm.hardware.lynx.LynxModuleWarningManager$LynxModuleWarningSource.getGlobalWarning(LynxModuleWarningManager.java:278)
12-04 11:29:36.010  4580  4711 E LynxModule: 	at com.qualcomm.robotcore.util.RobotLog.getGlobalWarningMessage(RobotLog.java:454)
12-04 11:29:36.010  4580  7317 E LynxModule: 	at com.qualcomm.robotcore.eventloop.EventLoopManager$EventLoopRunnable$1.run(EventLoopManager.java:371)
12-04 11:29:36.011  4580  4711 E LynxModule: 	at com.qualcomm.robotcore.eventloop.EventLoopManager.refreshSystemTelemetry(EventLoopManager.java:409)
12-04 11:29:36.011  4580  7317 E LynxModule: 	at com.qualcomm.robotcore.util.ThreadPool.logThreadLifeCycle(ThreadPool.java:737)
12-04 11:29:36.011  4580  7317 E LynxModule: 	at com.qualcomm.robotcore.eventloop.EventLoopManager$EventLoopRunnable.run(EventLoopManager.java:267)
12-04 11:29:36.011  4580  4711 E LynxModule: 	at com.qualcomm.robotcore.eventloop.EventLoopManager.packetReceived(EventLoopManager.java:257)
