11-27 17:21:35.844  5106  5832 I global  :  RENO - ObjectDetection.conePositionDetect(ObjectDetection.java:213): Pixel values(0, 82) = 28752.52
11-27 17:21:35.845  5106  5832 I global  :  RENO - ObjectDetection.conePositionDetect(ObjectDetection.java:213): Pixel values(0, 83) = 28711.83
11-27 17:21:35.846  5106  5832 I global  :  RENO - ObjectDetection.conePositionDetect(ObjectDetection.java:213): Pixel values(0, 84) = 28659.17
11-27 17:21:35.847  5106  5832 I global  :  RENO - ObjectDetection.conePositionDetect(ObjectDetection.java:213): Pixel values(0, 85) = 28594.51
11-27 17:21:35.848  5106  5832 I global  :  RENO - ObjectDetection.conePositionDetect(ObjectDetection.java:213): Pixel values(0, 86) = 28517.92
11-27 17:21:35.849  5106  5832 I global  :  RENO - ObjectDetection.conePositionDetect(ObjectDetection.java:213): Pixel values(0, 87) = 28440.11
11-27 17:21:35.850  5106  5832 I global  :  RENO - ObjectDetection.conePositionDetect(ObjectDetection.java:213): Pixel values(0, 88) = 28359.13
11-27 17:21:35.850  5106  5822 I global  :  RENO - ChassisWith4Motors.rotate(ChassisWith4Motors.java:362): Positions: FL = 385, FR = 381, BL = 397, BR = 399
11-27 17:21:35.851  5106  5832 I global  :  RENO - ObjectDetection.conePositionDetect(ObjectDetection.java:213): Pixel values(0, 89) = 28257.94
11-27 17:21:35.851  5106  5822 I global  :  RENO - ChassisWith4Motors.rotate(ChassisWith4Motors.java:364): Powers: FL = -0.23, FR = 0.23, BL = -0.15, BR = 0.13
11-27 17:21:35.852  5106  5832 I global  :  RENO - ObjectDetection.conePositionDetect(ObjectDetection.java:213): Pixel values(0, 90) = 28141.14
11-27 17:21:35.853  5106  5832 I global  :  RENO - ObjectDetection.conePositionDetect(ObjectDetection.java:213): Pixel values(0, 91) = 28012.78
11-27 17:21:35.854  5106  5832 I global  :  RENO - ObjectDetection.conePositionDetect(ObjectDetection.java:213): Pixel values(0, 92) = 27886.78
11-27 17:21:35.855  5106  5832 I global  :  RENO - ObjectDetection.conePositionDetect(ObjectDetection.java:213): Pixel values(0, 93) = 27753.65
11-27 17:21:35.856  5106  5832 I global  :  RENO - ObjectDetection.conePositionDetect(ObjectDetection.java:213): Pixel values(0, 94) = 27599.40
11-27 17:21:35.857  5106  5832 I global  :  RENO - ObjectDetection.conePositionDetect(ObjectDetection.java:213): Pixel values(0, 95) = 27423.89
11-27 17:21:35.858  5106  5832 I global  :  RENO - ObjectDetection.conePositionDetect(ObjectDetection.java:213): Pixel values(0, 96) = 27232.71
11-27 17:21:35.859  5106  5832 I global  :  RENO - ObjectDetection.conePositionDetect(ObjectDetection.java:213): Pixel values(0, 97) = 27030.29
11-27 17:21:35.860  5106  5832 I global  :  RENO - ObjectDetection.conePositionDetect(ObjectDetection.java:213): Pixel values(0, 98) = 26819.09
11-27 17:21:35.861  5106  5832 I global  :  RENO - ObjectDetection.conePositionDetect(ObjectDetection.java:213): Pixel values(0, 99) = 26597.23
11-27 17:21:35.862  5106  5832 I global  :  RENO - ObjectDetection.conePositionDetect(ObjectDetection.java:213): Pixel values(0, 100) = 26368.74
11-27 17:21:35.863  5106  5832 I global  :  RENO - ObjectDetection.conePositionDetect(ObjectDetection.java:213): Pixel values(0, 101) = 26138.71
11-27 17:21:35.864  5106  5832 I global  :  RENO - ObjectDetection.conePositionDetect(ObjectDetection.java:213): Pixel values(0, 102) = 25907.83
11-27 17:21:35.865  5106  5832 I global  :  RENO - ObjectDetection.conePositionDetect(ObjectDetection.java:213): Pixel values(0, 103) = 25690.71
11-27 17:21:35.866  5106  5832 I global  :  RENO - ObjectDetection.conePositionDetect(ObjectDetection.java:213): Pixel values(0, 104) = 25498.85
11-27 17:21:35.867  5106  5822 I global  :  RENO - ChassisWith4Motors.rotate(ChassisWith4Motors.java:362): Positions: FL = 390, FR = 383, BL = 401, BR = 402
11-27 17:21:35.867  5106  5832 I global  :  RENO - ObjectDetection.conePositionDetect(ObjectDetection.java:213): Pixel values(0, 105) = 25334.86
11-27 17:21:35.867  5106  5822 I global  :  RENO - ChassisWith4Motors.rotate(ChassisWith4Motors.java:364): Powers: FL = -0.23, FR = 0.23, BL = -0.15, BR = 0.14
11-27 17:21:35.868  5106  5832 I global  :  RENO - ObjectDetection.conePositionDetect(ObjectDetection.java:213): Pixel values(0, 106) = 25185.93
11-27 17:21:35.869  5106  5832 I global  :  RENO - ObjectDetection.conePositionDetect(ObjectDetection.java:213): Pixel values(0, 107) = 25048.68
11-27 17:21:35.870  5106  5832 I global  :  RENO - ObjectDetection.conePositionDetect(ObjectDetection.java:213): Pixel values(0, 108) = 24921.05
11-27 17:21:35.871  5106  5832 I global  :  RENO - ObjectDetection.conePositionDetect(ObjectDetection.java:213): Pixel values(0, 109) = 24799.52
11-27 17:21:35.873  5106  5832 I global  :  RENO - ObjectDetection.conePositionDetect(ObjectDetection.java:213): Pixel values(0, 110) = 24684.39
11-27 17:21:35.874  5106  5832 I global  :  RENO - ObjectDetection.conePositionDetect(ObjectDetection.java:213): Pixel values(0, 111) = 24579.87
11-27 17:21:35.875  5106  5832 I global  :  RENO - ObjectDetection.conePositionDetect(ObjectDetection.java:213): Pixel values(0, 112) = 24487.98
11-27 17:21:35.876  5106  5832 I global  :  RENO - ObjectDetection.conePositionDetect(ObjectDetection.java:213): Pixel values(0, 113) = 24402.48
11-27 17:21:35.877  5106  5832 I global  :  RENO - ObjectDetection.conePositionDetect(ObjectDetection.java:213): Pixel values(0, 114) = 24345.75
11-27 17:21:35.878  5106  5832 I global  :  RENO - ObjectDetection.conePositionDetect(ObjectDetection.java:213): Pixel values(0, 115) = 24329.46
11-27 17:21:35.879  5106  5832 I global  :  RENO - ObjectDetection.conePositionDetect(ObjectDetection.java:213): Pixel values(0, 116) = 24331.97
11-27 17:21:35.880  5106  5832 I global  :  RENO - ObjectDetection.conePositionDetect(ObjectDetection.java:213): Pixel values(0, 117) = 24345.55
11-27 17:21:35.881  5106  5832 I global  :  RENO - ObjectDetection.conePositionDetect(ObjectDetection.java:213): Pixel values(0, 118) = 24372.26
11-27 17:21:35.881  5106  5832 I global  :  RENO - ObjectDetection.conePositionDetect(ObjectDetection.java:213): Pixel values(0, 119) = 24404.98
11-27 17:21:35.883  5106  5832 I global  :  RENO - ObjectDetection.conePositionDetect(ObjectDetection.java:213): Pixel values(0, 120) = 24443.63
11-27 17:21:35.883  5106  5822 I global  :  RENO - ChassisWith4Motors.rotate(ChassisWith4Motors.java:362): Positions: FL = 396, FR = 386, BL = 404, BR = 404
11-27 17:21:35.883  5106  5832 I global  :  RENO - ObjectDetection.conePositionDetect(ObjectDetection.java:213): Pixel values(0, 121) = 24493.21
11-27 17:21:35.884  5106  5822 I global  :  RENO - ChassisWith4Motors.rotate(ChassisWith4Motors.java:364): Powers: FL = -0.22, FR = 0.23, BL = -0.15, BR = 0.15
11-27 17:21:35.884  5106  5832 I global  :  RENO - ObjectDetection.conePositionDetect(ObjectDetection.java:213): Pixel values(0, 122) = 24550.13
11-27 17:21:35.886  5106  5832 I global  :  RENO - ObjectDetection.conePositionDetect(ObjectDetection.java:213): Pixel values(0, 123) = 24613.09
11-27 17:21:35.887  5106  5832 I global  :  RENO - ObjectDetection.conePositionDetect(ObjectDetection.java:213): Pixel values(0, 124) = 24683.16
11-27 17:21:35.887  5106  5832 I global  :  RENO - ObjectDetection.conePositionDetect(ObjectDetection.java:213): Pixel values(0, 125) = 24761.54
11-27 17:21:35.888  5106  5832 I global  :  RENO - ObjectDetection.conePositionDetect(ObjectDetection.java:213): Pixel values(0, 126) = 24851.02
11-27 17:21:35.889  5106  5832 I global  :  RENO - ObjectDetection.conePositionDetect(ObjectDetection.java:213): Pixel values(0, 127) = 24949.49
11-27 17:21:35.890  5106  5832 I global  :  RENO - ObjectDetection.conePositionDetect(ObjectDetection.java:213): Pixel values(0, 128) = 25060.86
11-27 17:21:35.891  5106  5832 I global  :  RENO - ObjectDetection.conePositionDetect(ObjectDetection.java:213): Pixel values(0, 129) = 25180.00
11-27 17:21:35.892  5106  5832 I global  :  RENO - ObjectDetection.conePositionDetect(ObjectDetection.java:213): Pixel values(0, 130) = 25307.45
11-27 17:21:35.893  5106  5832 I global  :  RENO - ObjectDetection.conePositionDetect(ObjectDetection.java:213): Pixel values(0, 131) = 25445.80
11-27 17:21:35.894  5106  5832 I global  :  RENO - ObjectDetection.conePositionDetect(ObjectDetection.java:213): Pixel values(0, 132) = 25592.91
11-27 17:21:35.895  5106  5832 I global  :  RENO - ObjectDetection.conePositionDetect(ObjectDetection.java:213): Pixel values(0, 133) = 25743.37
11-27 17:21:35.896  5106  5832 I global  :  RENO - ObjectDetection.conePositionDetect(ObjectDetection.java:213): Pixel values(0, 134) = 25900.73
11-27 17:21:35.897  5106  5832 I global  :  RENO - ObjectDetection.conePositionDetect(ObjectDetection.java:213): Pixel values(0, 135) = 26060.06
11-27 17:21:35.898  5106  5832 I global  :  RENO - ObjectDetection.conePositionDetect(ObjectDetection.java:213): Pixel values(0, 136) = 26223.71
11-27 17:21:35.900  5106  5832 I global  :  RENO - ObjectDetection.conePositionDetect(ObjectDetection.java:213): Pixel values(0, 137) = 26391.32
11-27 17:21:35.900  5106  5832 I global  :  RENO - ObjectDetection.conePositionDetect(ObjectDetection.java:213): Pixel values(0, 138) = 26561.41
11-27 17:21:35.901  5106  5832 I global  :  RENO - ObjectDetection.conePositionDetect(ObjectDetection.java:213): Pixel values(0, 139) = 26732.36
11-27 17:21:35.903  5106  5832 I global  :  RENO - ObjectDetection.conePositionDetect(ObjectDetection.java:213): Pixel values(0, 140) = 26905.52
11-27 17:21:35.903  5106  5822 I global  :  RENO - ChassisWith4Motors.rotate(ChassisWith4Motors.java:362): Positions: FL = 402, FR = 391, BL = 409, BR = 407
11-27 17:21:35.903  5106  5832 I global  :  RENO - ObjectDetection.conePositionDetect(ObjectDetection.java:213): Pixel values(0, 141) = 27079.95
11-27 17:21:35.904  5106  5822 I global  :  RENO - ChassisWith4Motors.rotate(ChassisWith4Motors.java:364): Powers: FL = -0.21, FR = 0.23, BL = -0.15, BR = 0.17
11-27 17:21:35.904  5106  5832 I global  :  RENO - ObjectDetection.conePositionDetect(ObjectDetection.java:213): Pixel values(0, 142) = 27253.91
11-27 17:21:35.905  5106  5832 I global  :  RENO - ObjectDetection.conePositionDetect(ObjectDetection.java:213): Pixel values(0, 143) = 27420.03
11-27 17:21:35.906  5106  5832 I global  :  RENO - ObjectDetection.conePositionDetect(ObjectDetection.java:213): Pixel values(0, 144) = 27577.62
11-27 17:21:35.907  5106  5832 I global  :  RENO - ObjectDetection.conePositionDetect(ObjectDetection.java:213): Pixel values(0, 145) = 27729.26
11-27 17:21:35.908  5106  5832 I global  :  RENO - ObjectDetection.conePositionDetect(ObjectDetection.java:213): Pixel values(0, 146) = 27857.65
11-27 17:21:35.909  5106  5832 I global  :  RENO - ObjectDetection.conePositionDetect(ObjectDetection.java:213): Pixel values(0, 147) = 27949.40
11-27 17:21:35.910  5106  5832 I global  :  RENO - ObjectDetection.conePositionDetect(ObjectDetection.java:213): Pixel values(0, 148) = 28024.17
11-27 17:21:35.911  5106  5832 I global  :  RENO - ObjectDetection.conePositionDetect(ObjectDetection.java:213): Pixel values(0, 149) = 28090.96
11-27 17:21:35.912  5106  5832 I global  :  RENO - ObjectDetection.conePositionDetect(ObjectDetection.java:213): Pixel values(0, 150) = 28149.38
11-27 17:21:35.914  5106  5832 I global  :  RENO - ObjectDetection.conePositionDetect(ObjectDetection.java:213): Pixel values(0, 151) = 28204.74
11-27 17:21:35.915  5106  5832 I global  :  RENO - ObjectDetection.conePositionDetect(ObjectDetection.java:213): Pixel values(0, 152) = 28254.97
11-27 17:21:35.916  5106  5832 I global  :  RENO - ObjectDetection.conePositionDetect(ObjectDetection.java:213): Pixel values(0, 153) = 28297.83
11-27 17:21:35.917  5106  5832 I global  :  RENO - ObjectDetection.conePositionDetect(ObjectDetection.java:213): Pixel values(0, 154) = 28334.11
11-27 17:21:35.918  5106  5832 I global  :  RENO - ObjectDetection.conePositionDetect(ObjectDetection.java:213): Pixel values(0, 155) = 28366.85
11-27 17:21:35.919  5106  5832 I global  :  RENO - ObjectDetection.conePositionDetect(ObjectDetection.java:213): Pixel values(0, 156) = 28390.77
11-27 17:21:35.920  5106  5832 I global  :  RENO - ObjectDetection.conePositionDetect(ObjectDetection.java:213): Pixel values(0, 157) = 28406.02
11-27 17:21:35.921  5106  5832 I global  :  RENO - ObjectDetection.conePositionDetect(ObjectDetection.java:213): Pixel values(0, 158) = 28416.12
11-27 17:21:35.921  5106  5822 I global  :  RENO - ChassisWith4Motors.rotate(ChassisWith4Motors.java:362): Positions: FL = 408, FR = 395, BL = 413, BR = 411
11-27 17:21:35.922  5106  5832 I global  :  RENO - ObjectDetection.conePositionDetect(ObjectDetection.java:213): Pixel values(0, 159) = 28425.83
11-27 17:21:35.923  5106  5832 I global  :  RENO - ObjectDetection.conePositionDetect(ObjectDetection.java:213): Pixel values(0, 160) = 28429.04
11-27 17:21:35.923  5106  5822 I global  :  RENO - ChassisWith4Motors.rotate(ChassisWith4Motors.java:364): Powers: FL = -0.19, FR = 0.23, BL = -0.15, BR = 0.17
11-27 17:21:35.924  5106  5832 I global  :  RENO - ObjectDetection.conePositionDetect(ObjectDetection.java:213): Pixel values(0, 161) = 28427.56
11-27 17:21:35.925  5106  5832 I global  :  RENO - ObjectDetection.conePositionDetect(ObjectDetection.java:213): Pixel values(0, 162) = 28419.45
11-27 17:21:35.925  5106  5832 I global  :  RENO - ObjectDetection.conePositionDetect(ObjectDetection.java:213): Pixel values(0, 163) = 28406.34
11-27 17:21:35.926  5106  5832 I global  :  RENO - ObjectDetection.conePositionDetect(ObjectDetection.java:213): Pixel values(0, 164) = 28387.99
11-27 17:21:35.927  5106  5832 I global  :  RENO - ObjectDetection.conePositionDetect(ObjectDetection.java:213): Pixel values(0, 165) = 28368.63
11-27 17:21:35.928  5106  5832 I global  :  RENO - ObjectDetection.conePositionDetect(ObjectDetection.java:213): Pixel values(0, 166) = 28343.01
11-27 17:21:35.930  5106  5832 I global  :  RENO - ObjectDetection.conePositionDetect(ObjectDetection.java:213): Pixel values(0, 167) = 28312.60
11-27 17:21:35.931  5106  5832 I global  :  RENO - ObjectDetection.conePositionDetect(ObjectDetection.java:213): Pixel values(0, 168) = 28279.94
11-27 17:21:35.931  5106  5832 I global  :  RENO - ObjectDetection.conePositionDetect(ObjectDetection.java:213): Pixel values(0, 169) = 28243.99
11-27 17:21:35.933  5106  5832 I global  :  RENO - ObjectDetection.conePositionDetect(ObjectDetection.java:213): Pixel values(0, 170) = 28203.69
11-27 17:21:35.934  5106  5832 I global  :  RENO - ObjectDetection.conePositionDetect(ObjectDetection.java:213): Pixel values(0, 171) = 28163.20
11-27 17:21:35.935  5106  5832 I global  :  RENO - ObjectDetection.conePositionDetect(ObjectDetection.java:213): Pixel values(0, 172) = 28123.72
11-27 17:21:35.936  5106  5832 I global  :  RENO - ObjectDetection.conePositionDetect(ObjectDetection.java:213): Pixel values(0, 173) = 28083.51
11-27 17:21:35.937  5106  5832 I global  :  RENO - ObjectDetection.conePositionDetect(ObjectDetection.java:213): Pixel values(0, 174) = 28045.48
11-27 17:21:35.937  5106  5822 I global  :  RENO - ChassisWith4Motors.rotate(ChassisWith4Motors.java:362): Positions: FL = 414, FR = 400, BL = 419, BR = 415
11-27 17:21:35.938  5106  5832 I global  :  RENO - ObjectDetection.conePositionDetect(ObjectDetection.java:213): Pixel values(0, 175) = 28013.78
11-27 17:21:35.938  5106  5832 I global  :  RENO - ObjectDetection.conePositionDetect(ObjectDetection.java:213): Pixel values(0, 176) = 27986.61
11-27 17:21:35.938  5106  5822 I global  :  RENO - ChassisWith4Motors.rotate(ChassisWith4Motors.java:364): Powers: FL = -0.19, FR = 0.23, BL = -0.15, BR = 0.18
11-27 17:21:35.939  5106  5832 I global  :  RENO - ObjectDetection.conePositionDetect(ObjectDetection.java:213): Pixel values(0, 177) = 27961.49
11-27 17:21:35.940  5106  5832 I global  :  RENO - ObjectDetection.conePositionDetect(ObjectDetection.java:213): Pixel values(0, 178) = 27940.57
11-27 17:21:35.941  5106  5832 I global  :  RENO - ObjectDetection.conePositionDetect(ObjectDetection.java:213): Pixel values(0, 179) = 27923.72
11-27 17:21:35.942  5106  5832 I global  :  RENO - ObjectDetection.conePositionDetect(ObjectDetection.java:213): Pixel values(0, 180) = 27911.41
11-27 17:21:35.943  5106  5832 I global  :  RENO - ObjectDetection.conePositionDetect(ObjectDetection.java:213): Pixel values(0, 181) = 27905.53
11-27 17:21:35.944  5106  5832 I global  :  RENO - ObjectDetection.conePositionDetect(ObjectDetection.java:213): Pixel values(0, 182) = 27903.23
11-27 17:21:35.945  5106  5832 I global  :  RENO - ObjectDetection.conePositionDetect(ObjectDetection.java:213): Pixel values(0, 183) = 27898.89
11-27 17:21:35.946  5106  5832 I global  :  RENO - ObjectDetection.conePositionDetect(ObjectDetection.java:213): Pixel values(0, 184) = 27897.58
11-27 17:21:35.947  5106  5832 I global  :  RENO - ObjectDetection.conePositionDetect(ObjectDetection.java:213): Pixel values(0, 185) = 27901.97
11-27 17:21:35.948  5106  5832 I global  :  RENO - ObjectDetection.conePositionDetect(ObjectDetection.java:213): Pixel values(0, 186) = 27914.96
11-27 17:21:35.949  5106  5832 I global  :  RENO - ObjectDetection.conePositionDetect(ObjectDetection.java:213): Pixel values(0, 187) = 27934.98
11-27 17:21:35.950  5106  5832 I global  :  RENO - ObjectDetection.conePositionDetect(ObjectDetection.java:213): Pixel values(0, 188) = 27962.14
11-27 17:21:35.951  5106  5832 I global  :  RENO - ObjectDetection.conePositionDetect(ObjectDetection.java:213): Pixel values(0, 189) = 27997.45
11-27 17:21:35.952  5106  5832 I global  :  RENO - ObjectDetection.conePositionDetect(ObjectDetection.java:213): Pixel values(0, 190) = 28033.54
11-27 17:21:35.953  5106  5832 I global  :  RENO - ObjectDetection.conePositionDetect(ObjectDetection.java:213): Pixel values(0, 191) = 28067.68
11-27 17:21:35.953  5106  5822 I global  :  RENO - ChassisWith4Motors.rotate(ChassisWith4Motors.java:362): Positions: FL = 418, FR = 404, BL = 423, BR = 419
11-27 17:21:35.954  5106  5832 I global  :  RENO - ObjectDetection.conePositionDetect(ObjectDetection.java:213): Pixel values(0, 192) = 28103.55
11-27 17:21:35.954  5106  5822 I global  :  RENO - ChassisWith4Motors.rotate(ChassisWith4Motors.java:364): Powers: FL = -0.19, FR = 0.23, BL = -0.15, BR = 0.18
11-27 17:21:35.957  5106  5832 I global  :  RENO - ObjectDetection.conePositionDetect(ObjectDetection.java:213): Pixel values(0, 193) = 28137.83
11-27 17:21:35.958  5106  5832 I global  :  RENO - ObjectDetection.conePositionDetect(ObjectDetection.java:213): Pixel values(0, 194) = 28174.64
11-27 17:21:35.959  5106  5832 I global  :  RENO - ObjectDetection.conePositionDetect(ObjectDetection.java:213): Pixel values(0, 195) = 28212.64
11-27 17:21:35.960  5106  5832 I global  :  RENO - ObjectDetection.conePositionDetect(ObjectDetection.java:213): Pixel values(0, 196) = 28249.74
11-27 17:21:35.961  5106  5832 I global  :  RENO - ObjectDetection.conePositionDetect(ObjectDetection.java:213): Pixel values(0, 197) = 28285.68
11-27 17:21:35.962  5106  5832 I global  :  RENO - ObjectDetection.conePositionDetect(ObjectDetection.java:213): Pixel values(0, 198) = 28327.23
11-27 17:21:35.963  5106  5832 I global  :  RENO - ObjectDetection.conePositionDetect(ObjectDetection.java:213): Pixel values(0, 199) = 28380.80
11-27 17:21:35.964  5106  5832 I global  :  RENO - ObjectDetection.conePositionDetect(ObjectDetection.java:213): Pixel values(0, 200) = 28441.61
11-27 17:21:35.965  5106  5832 I global  :  RENO - ObjectDetection.conePositionDetect(ObjectDetection.java:213): Pixel values(0, 201) = 28515.72
11-27 17:21:35.966  5106  5832 I global  :  RENO - ObjectDetection.conePositionDetect(ObjectDetection.java:213): Pixel values(0, 202) = 28599.15
11-27 17:21:35.967  5106  5832 I global  :  RENO - ObjectDetection.conePositionDetect(ObjectDetection.java:213): Pixel values(0, 203) = 28681.96
11-27 17:21:35.967  5106  5832 I global  :  RENO - ObjectDetection.conePositionDetect(ObjectDetection.java:213): Pixel values(0, 204) = 28761.82
11-27 17:21:35.968  5106  5832 I global  :  RENO - ObjectDetection.conePositionDetect(ObjectDetection.java:213): Pixel values(0, 205) = 28837.11
11-27 17:21:35.970  5106  5832 I global  :  RENO - ObjectDetection.conePositionDetect(ObjectDetection.java:213): Pixel values(0, 206) = 28908.92
11-27 17:21:35.973  5106  5822 I global  :  RENO - ChassisWith4Motors.rotate(ChassisWith4Motors.java:362): Positions: FL = 424, FR = 409, BL = 429, BR = 424
11-27 17:21:35.973  5106  5832 I global  :  RENO - ObjectDetection.conePositionDetect(ObjectDetection.java:213): Pixel values(0, 207) = 28974.19
11-27 17:21:35.974  5106  5832 I global  :  RENO - ObjectDetection.conePositionDetect(ObjectDetection.java:213): Pixel values(0, 208) = 29033.04
11-27 17:21:35.974  5106  5822 I global  :  RENO - ChassisWith4Motors.rotate(ChassisWith4Motors.java:364): Powers: FL = -0.18, FR = 0.23, BL = -0.14, BR = 0.18
11-27 17:21:35.974  5106  5832 I global  :  RENO - ObjectDetection.conePositionDetect(ObjectDetection.java:213): Pixel values(0, 209) = 29089.41
11-27 17:21:35.975  5106  5832 I global  :  RENO - ObjectDetection.conePositionDetect(ObjectDetection.java:213): Pixel values(0, 210) = 29138.66
11-27 17:21:35.977  5106  5832 I global  :  RENO - ObjectDetection.conePositionDetect(ObjectDetection.java:213): Pixel values(0, 211) = 29185.54
11-27 17:21:35.977  5106  5832 I global  :  RENO - ObjectDetection.conePositionDetect(ObjectDetection.java:213): Pixel values(0, 212) = 29230.37
11-27 17:21:35.978  5106  5832 I global  :  RENO - ObjectDetection.conePositionDetect(ObjectDetection.java:213): Pixel values(0, 213) = 29271.54
11-27 17:21:35.979  5106  5832 I global  :  RENO - ObjectDetection.conePositionDetect(ObjectDetection.java:213): Pixel values(0, 214) = 29308.56
11-27 17:21:35.980  5106  5832 I global  :  RENO - ObjectDetection.conePositionDetect(ObjectDetection.java:213): Pixel values(0, 215) = 29345.33
11-27 17:21:35.981  5106  5832 I global  :  RENO - ObjectDetection.conePositionDetect(ObjectDetection.java:213): Pixel values(0, 216) = 29381.79
11-27 17:21:35.982  5106  5832 I global  :  RENO - ObjectDetection.conePositionDetect(ObjectDetection.java:213): Pixel values(0, 217) = 29416.22
11-27 17:21:35.984  5106  5832 I global  :  RENO - ObjectDetection.conePositionDetect(ObjectDetection.java:213): Pixel values(0, 218) = 29445.80
11-27 17:21:35.985  5106  5832 I global  :  RENO - ObjectDetection.conePositionDetect(ObjectDetection.java:213): Pixel values(0, 219) = 29471.33
11-27 17:21:35.986  5106  5832 I global  :  RENO - ObjectDetection.conePositionDetect(ObjectDetection.java:213): Pixel values(0, 220) = 29496.60
11-27 17:21:35.989  5106  5832 I global  :  RENO - ObjectDetection.conePositionDetect(ObjectDetection.java:213): Pixel values(0, 221) = 29522.12
11-27 17:21:35.990  5106  5832 I global  :  RENO - ObjectDetection.conePositionDetect(ObjectDetection.java:213): Pixel values(0, 222) = 29555.64
11-27 17:21:35.992  5106  5832 I global  :  RENO - ObjectDetection.conePositionDetect(ObjectDetection.java:213): Pixel values(0, 223) = 29598.97
11-27 17:21:35.993  5106  5832 I global  :  RENO - ObjectDetection.conePositionDetect(ObjectDetection.java:213): Pixel values(0, 224) = 29648.21
11-27 17:21:35.994  5106  5822 I global  :  RENO - ChassisWith4Motors.rotate(ChassisWith4Motors.java:362): Positions: FL = 430, FR = 414, BL = 434, BR = 427
11-27 17:21:35.994  5106  5832 I global  :  RENO - ObjectDetection.conePositionDetect(ObjectDetection.java:213): Pixel values(0, 225) = 29699.86
11-27 17:21:35.995  5106  5832 I global  :  RENO - ObjectDetection.conePositionDetect(ObjectDetection.java:213): Pixel values(0, 226) = 29755.46
11-27 17:21:35.995  5106  5822 I global  :  RENO - ChassisWith4Motors.rotate(ChassisWith4Motors.java:364): Powers: FL = -0.18, FR = 0.23, BL = -0.14, BR = 0.20
11-27 17:21:35.996  5106  5832 I global  :  RENO - ObjectDetection.conePositionDetect(ObjectDetection.java:213): Pixel values(0, 227) = 29812.53
11-27 17:21:35.997  5106  5832 I global  :  RENO - ObjectDetection.conePositionDetect(ObjectDetection.java:213): Pixel values(0, 228) = 29876.93
11-27 17:21:35.998  5106  5832 I global  :  RENO - ObjectDetection.conePositionDetect(ObjectDetection.java:213): Pixel values(0, 229) = 29944.76
11-27 17:21:35.999  5106  5832 I global  :  RENO - ObjectDetection.conePositionDetect(ObjectDetection.java:213): Pixel values(0, 230) = 30012.42
11-27 17:21:36.001  5106  5832 I global  :  RENO - ObjectDetection.conePositionDetect(ObjectDetection.java:213): Pixel values(0, 231) = 30070.72
11-27 17:21:36.002  5106  5832 I global  :  RENO - ObjectDetection.conePositionDetect(ObjectDetection.java:213): Pixel values(0, 232) = 30123.30
11-27 17:21:36.003  5106  5832 I global  :  RENO - ObjectDetection.conePositionDetect(ObjectDetection.java:213): Pixel values(0, 233) = 30167.99
11-27 17:21:36.004  5106  5832 I global  :  RENO - ObjectDetection.conePositionDetect(ObjectDetection.java:213): Pixel values(0, 234) = 30207.73
11-27 17:21:36.005  5106  5832 I global  :  RENO - ObjectDetection.conePositionDetect(ObjectDetection.java:213): Pixel values(0, 235) = 30253.90
11-27 17:21:36.006  5106  5832 I global  :  RENO - ObjectDetection.conePositionDetect(ObjectDetection.java:213): Pixel values(0, 236) = 30312.72
11-27 17:21:36.007  5106  5832 I global  :  RENO - ObjectDetection.conePositionDetect(ObjectDetection.java:213): Pixel values(0, 237) = 30425.06
11-27 17:21:36.009  5106  5832 I global  :  RENO - ObjectDetection.conePositionDetect(ObjectDetection.java:213): Pixel values(0, 238) = 30580.91
11-27 17:21:36.010  5106  5832 I global  :  RENO - ObjectDetection.conePositionDetect(ObjectDetection.java:213): Pixel values(0, 239) = 30786.71
11-27 17:21:36.011  5106  5832 I global  :  RENO - ObjectDetection.conePositionDetect(ObjectDetection.java:213): Pixel values(0, 240) = 31011.84
11-27 17:21:36.012  5106  5832 I global  :  RENO - ObjectDetection.conePositionDetect(ObjectDetection.java:213): Pixel values(0, 241) = 31279.77
11-27 17:21:36.012  5106  5822 I global  :  RENO - ChassisWith4Motors.rotate(ChassisWith4Motors.java:362): Positions: FL = 438, FR = 421, BL = 439, BR = 432
11-27 17:21:36.013  5106  5832 I global  :  RENO - ObjectDetection.conePositionDetect(ObjectDetection.java:213): Pixel values(0, 242) = 31561.82
11-27 17:21:36.013  5106  5822 I global  :  RENO - ChassisWith4Motors.rotate(ChassisWith4Motors.java:364): Powers: FL = -0.16, FR = 0.23, BL = -0.15, BR = 0.21
11-27 17:21:36.014  5106  5832 I global  :  RENO - ObjectDetection.conePositionDetect(ObjectDetection.java:213): Pixel values(0, 243) = 31838.91
11-27 17:21:36.015  5106  5832 I global  :  RENO - ObjectDetection.conePositionDetect(ObjectDetection.java:213): Pixel values(0, 244) = 32113.46
11-27 17:21:36.016  5106  5832 I global  :  RENO - ObjectDetection.conePositionDetect(ObjectDetection.java:213): Pixel values(0, 245) = 32381.74
11-27 17:21:36.017  5106  5832 I global  :  RENO - ObjectDetection.conePositionDetect(ObjectDetection.java:213): Pixel values(0, 246) = 32642.65
11-27 17:21:36.018  5106  5832 I global  :  RENO - ObjectDetection.conePositionDetect(ObjectDetection.java:213): Pixel values(0, 247) = 32902.26
11-27 17:21:36.019  5106  5832 I global  :  RENO - ObjectDetection.conePositionDetect(ObjectDetection.java:213): Pixel values(0, 248) = 33153.72
11-27 17:21:36.021  5106  5832 I global  :  RENO - ObjectDetection.conePositionDetect(ObjectDetection.java:213): Pixel values(0, 249) = 33403.77
11-27 17:21:36.022  5106  5832 I global  :  RENO - ObjectDetection.conePositionDetect(ObjectDetection.java:213): Pixel values(0, 250) = 33651.12
11-27 17:21:36.023  5106  5832 I global  :  RENO - ObjectDetection.conePositionDetect(ObjectDetection.java:213): Pixel values(0, 251) = 33898.56
11-27 17:21:36.024  5106  5832 I global  :  RENO - ObjectDetection.conePositionDetect(ObjectDetection.java:213): Pixel values(0, 252) = 34142.09
11-27 17:21:36.025  5106  5832 I global  :  RENO - ObjectDetection.conePositionDetect(ObjectDetection.java:213): Pixel values(0, 253) = 34367.75
11-27 17:21:36.026  5106  5832 I global  :  RENO - ObjectDetection.conePositionDetect(ObjectDetection.java:213): Pixel values(0, 254) = 34588.00
11-27 17:21:36.027  5106  5832 I global  :  RENO - ObjectDetection.conePositionDetect(ObjectDetection.java:213): Pixel values(0, 255) = 34794.74
11-27 17:21:36.028  5106  5832 I global  :  RENO - ObjectDetection.conePositionDetect(ObjectDetection.java:213): Pixel values(0, 256) = 34998.57
11-27 17:21:36.028  5106  5822 I global  :  RENO - ChassisWith4Motors.rotate(ChassisWith4Motors.java:362): Positions: FL = 445, FR = 426, BL = 443, BR = 436
11-27 17:21:36.029  5106  5822 I global  :  RENO - ChassisWith4Motors.rotate(ChassisWith4Motors.java:364): Powers: FL = -0.14, FR = 0.23, BL = -0.16, BR = 0.22
11-27 17:21:36.029  5106  5832 I global  :  RENO - ObjectDetection.conePositionDetect(ObjectDetection.java:213): Pixel values(0, 257) = 35196.97
11-27 17:21:36.030  5106  5832 I global  :  RENO - ObjectDetection.conePositionDetect(ObjectDetection.java:213): Pixel values(0, 258) = 35392.30
11-27 17:21:36.031  5106  5832 I global  :  RENO - ObjectDetection.conePositionDetect(ObjectDetection.java:213): Pixel values(0, 259) = 35580.80
11-27 17:21:36.033  5106  5832 I global  :  RENO - ObjectDetection.conePositionDetect(ObjectDetection.java:213): Pixel values(0, 260) = 35766.91
11-27 17:21:36.033  5106  5832 I global  :  RENO - ObjectDetection.conePositionDetect(ObjectDetection.java:213): Pixel values(0, 261) = 35947.90
11-27 17:21:36.034  5106  5832 I global  :  RENO - ObjectDetection.conePositionDetect(ObjectDetection.java:213): Pixel values(0, 262) = 36126.07
11-27 17:21:36.036  5106  5832 I global  :  RENO - ObjectDetection.conePositionDetect(ObjectDetection.java:213): Pixel values(0, 263) = 36304.91
11-27 17:21:36.037  5106  5832 I global  :  RENO - ObjectDetection.conePositionDetect(ObjectDetection.java:213): Pixel values(0, 264) = 36478.58
11-27 17:21:36.038  5106  5832 I global  :  RENO - ObjectDetection.conePositionDetect(ObjectDetection.java:213): Pixel values(0, 265) = 36647.50
11-27 17:21:36.039  5106  5832 I global  :  RENO - ObjectDetection.conePositionDetect(ObjectDetection.java:213): Pixel values(0, 266) = 36812.59
11-27 17:21:36.040  5106  5832 I global  :  RENO - ObjectDetection.conePositionDetect(ObjectDetection.java:213): Pixel values(0, 267) = 36968.12
11-27 17:21:36.041  5106  5832 I global  :  RENO - ObjectDetection.conePositionDetect(ObjectDetection.java:213): Pixel values(0, 268) = 37112.28
11-27 17:21:36.042  5106  5832 I global  :  RENO - ObjectDetection.conePositionDetect(ObjectDetection.java:213): Pixel values(0, 269) = 37206.28
11-27 17:21:36.043  5106  5832 I global  :  RENO - ObjectDetection.conePositionDetect(ObjectDetection.java:213): Pixel values(0, 270) = 37255.90
11-27 17:21:36.044  5106  5822 I global  :  RENO - ChassisWith4Motors.rotate(ChassisWith4Motors.java:380): Required turning degrees: 47.25.
11-27 17:21:36.044  5106  5832 I global  :  RENO - ObjectDetection.conePositionDetect(ObjectDetection.java:213): Pixel values(0, 271) = 37255.51
11-27 17:21:36.045  5106  5822 I global  :  RENO - ChassisWith4Motors.rotate(ChassisWith4Motors.java:381): IMU angle before turn stop 44.50.
11-27 17:21:36.045  5106  5832 I global  :  RENO - ObjectDetection.conePositionDetect(ObjectDetection.java:213): Pixel values(0, 272) = 37235.07
11-27 17:21:36.046  5106  5822 I global  :  RENO - ChassisWith4Motors.rotate(ChassisWith4Motors.java:382): Rotated angle is 46.75.
11-27 17:21:36.046  5106  5832 I global  :  RENO - ObjectDetection.conePositionDetect(ObjectDetection.java:213): Pixel values(0, 273) = 37168.00
11-27 17:21:36.047  5106  5832 I global  :  RENO - ObjectDetection.conePositionDetect(ObjectDetection.java:213): Pixel values(0, 274) = 37089.46
11-27 17:21:36.048  5106  5832 I global  :  RENO - ObjectDetection.conePositionDetect(ObjectDetection.java:213): Pixel values(0, 275) = 37014.03
11-27 17:21:36.049  5106  5832 I global  :  RENO - ObjectDetection.conePositionDetect(ObjectDetection.java:213): Pixel values(0, 276) = 36941.80
11-27 17:21:36.050  5106  5832 I global  :  RENO - ObjectDetection.conePositionDetect(ObjectDetection.java:213): Pixel values(0, 277) = 36873.90
11-27 17:21:36.051  5106  5832 I global  :  RENO - ObjectDetection.conePositionDetect(ObjectDetection.java:213): Pixel values(0, 278) = 36815.64
11-27 17:21:36.053  5106  5832 I global  :  RENO - ObjectDetection.conePositionDetect(ObjectDetection.java:213): Pixel values(0, 279) = 36759.10
11-27 17:21:36.054  5106  5832 I global  :  RENO - ObjectDetection.conePositionDetect(ObjectDetection.java:213): Pixel values(0, 280) = 36710.41
11-27 17:21:36.055  5106  5832 I global  :  RENO - ObjectDetection.conePositionDetect(ObjectDetection.java:213): Pixel values(0, 281) = 36663.14
11-27 17:21:36.056  5106  5832 I global  :  RENO - ObjectDetection.conePositionDetect(ObjectDetection.java:213): Pixel values(0, 282) = 36617.93
11-27 17:21:36.057  5106  5822 I global  :  RENO - ChassisWith4Motors.rotate(ChassisWith4Motors.java:392): IMU angle after turning stop is 44.50.
11-27 17:21:36.057  5106  5832 I global  :  RENO - ObjectDetection.conePositionDetect(ObjectDetection.java:213): Pixel values(0, 283) = 36565.79
11-27 17:21:36.057  5106  5822 I global  :  RENO - ChassisWith4Motors.rotateIMUTargetAngle(ChassisWith4Motors.java:303): imu angle before rotation: -2.25
11-27 17:21:36.057  5106  5832 I global  :  RENO - ObjectDetection.conePositionDetect(ObjectDetection.java:213): Pixel values(0, 284) = 36513.17
11-27 17:21:36.058  5106  5832 I global  :  RENO - ObjectDetection.conePositionDetect(ObjectDetection.java:213): Pixel values(0, 285) = 36473.73
11-27 17:21:36.059  5106  5832 I global  :  RENO - ObjectDetection.conePositionDetect(ObjectDetection.java:213): Pixel values(0, 286) = 36432.44
11-27 17:21:36.060  5106  5832 I global  :  RENO - ObjectDetection.conePositionDetect(ObjectDetection.java:213): Pixel values(0, 287) = 36393.59
11-27 17:21:36.061  5106  5832 I global  :  RENO - ObjectDetection.conePositionDetect(ObjectDetection.java:213): Pixel values(0, 288) = 36352.14
11-27 17:21:36.062  5106  5832 I global  :  RENO - ObjectDetection.conePositionDetect(ObjectDetection.java:213): Pixel values(0, 289) = 36312.62
11-27 17:21:36.063  5106  5832 I global  :  RENO - ObjectDetection.conePositionDetect(ObjectDetection.java:213): Pixel values(0, 290) = 36272.41
11-27 17:21:36.064  5106  5832 I global  :  RENO - ObjectDetection.conePositionDetect(ObjectDetection.java:213): Pixel values(0, 291) = 36231.77
11-27 17:21:36.065  5106  5832 I global  :  RENO - ObjectDetection.conePositionDetect(ObjectDetection.java:213): Pixel values(0, 292) = 36185.53
11-27 17:21:36.066  5106  5832 I global  :  RENO - ObjectDetection.conePositionDetect(ObjectDetection.java:213): Pixel values(0, 293) = 36137.20
11-27 17:21:36.067  5106  5832 I global  :  RENO - ObjectDetection.conePositionDetect(ObjectDetection.java:213): Pixel values(0, 294) = 36087.73
11-27 17:21:36.068  5106  5832 I global  :  RENO - ObjectDetection.conePositionDetect(ObjectDetection.java:213): Pixel values(0, 295) = 36033.30
11-27 17:21:36.069  5106  5832 I global  :  RENO - ObjectDetection.conePositionDetect(ObjectDetection.java:213): Pixel values(0, 296) = 35978.52
11-27 17:21:36.070  5106  5832 I global  :  RENO - ObjectDetection.conePositionDetect(ObjectDetection.java:213): Pixel values(0, 297) = 35921.75
11-27 17:21:36.071  5106  5832 I global  :  RENO - ObjectDetection.conePositionDetect(ObjectDetection.java:213): Pixel values(0, 298) = 35858.76
11-27 17:21:36.072  5106  5832 I global  :  RENO - ObjectDetection.conePositionDetect(ObjectDetection.java:213): Pixel values(0, 299) = 35783.12
11-27 17:21:36.073  5106  5832 I global  :  RENO - ObjectDetection.conePositionDetect(ObjectDetection.java:213): Pixel values(0, 300) = 35698.92
11-27 17:21:36.074  5106  5832 I global  :  RENO - ObjectDetection.conePositionDetect(ObjectDetection.java:213): Pixel values(0, 301) = 35608.95
11-27 17:21:36.075  5106  5832 I global  :  RENO - ObjectDetection.conePositionDetect(ObjectDetection.java:213): Pixel values(0, 302) = 35512.70
11-27 17:21:36.076  5106  5832 I global  :  RENO - ObjectDetection.conePositionDetect(ObjectDetection.java:213): Pixel values(0, 303) = 35407.22
11-27 17:21:36.077  5106  5832 I global  :  RENO - ObjectDetection.conePositionDetect(ObjectDetection.java:213): Pixel values(0, 304) = 35295.87
11-27 17:21:36.078  5106  5832 I global  :  RENO - ObjectDetection.conePositionDetect(ObjectDetection.java:213): Pixel values(0, 305) = 35194.55
11-27 17:21:36.079  5106  5832 I global  :  RENO - ObjectDetection.conePositionDetect(ObjectDetection.java:213): Pixel values(0, 306) = 35102.02
11-27 17:21:36.080  5106  5832 I global  :  RENO - ObjectDetection.conePositionDetect(ObjectDetection.java:213): Pixel values(0, 307) = 35016.06
11-27 17:21:36.081  5106  5832 I global  :  RENO - ObjectDetection.conePositionDetect(ObjectDetection.java:213): Pixel values(0, 308) = 34936.07
11-27 17:21:36.082  5106  5832 I global  :  RENO - ObjectDetection.conePositionDetect(ObjectDetection.java:213): Pixel values(0, 309) = 34863.33
11-27 17:21:36.083  5106  5832 I global  :  RENO - ObjectDetection.conePositionDetect(ObjectDetection.java:213): Pixel values(0, 310) = 34803.01
11-27 17:21:36.084  5106  5832 I global  :  RENO - ObjectDetection.conePositionDetect(ObjectDetection.java:213): Pixel values(0, 311) = 34753.10
11-27 17:21:36.085  5106  5832 I global  :  RENO - ObjectDetection.conePositionDetect(ObjectDetection.java:213): Pixel values(0, 312) = 34707.31
11-27 17:21:36.086  5106  5832 I global  :  RENO - ObjectDetection.conePositionDetect(ObjectDetection.java:213): Pixel values(0, 313) = 34664.46
11-27 17:21:36.087  5106  5832 I global  :  RENO - ObjectDetection.conePositionDetect(ObjectDetection.java:213): Pixel values(0, 314) = 34627.37
11-27 17:21:36.088  5106  5832 I global  :  RENO - ObjectDetection.conePositionDetect(ObjectDetection.java:213): Pixel values(0, 315) = 34596.85
11-27 17:21:36.089  5106  5832 I global  :  RENO - ObjectDetection.conePositionDetect(ObjectDetection.java:213): Pixel values(0, 316) = 34572.78
11-27 17:21:36.090  5106  5832 I global  :  RENO - ObjectDetection.conePositionDetect(ObjectDetection.java:213): Pixel values(0, 317) = 34554.22
11-27 17:21:36.091  5106  5832 I global  :  RENO - ObjectDetection.conePositionDetect(ObjectDetection.java:213): Pixel values(0, 318) = 34543.20
11-27 17:21:36.092  5106  5832 I global  :  RENO - ObjectDetection.conePositionDetect(ObjectDetection.java:213): Pixel values(0, 319) = 34536.50
11-27 17:21:36.093  5106  5832 I global  :  RENO - ObjectDetection.verifyObjectDetected(ObjectDetection.java:315): per [0] = 0.698, cone location = 270
11-27 17:21:36.094  5106  5832 I global  :  RENO - ObjectDetection.verifyObjectDetected(ObjectDetection.java:315): per [1] = 0.752, cone location = 270
11-27 17:21:36.095  5106  5832 I global  :  RENO - ObjectDetection.verifyObjectDetected(ObjectDetection.java:315): per [2] = 0.883, cone location = 270
11-27 17:21:36.096  5106  5832 I global  :  RENO - ObjectDetection.conePositionDetect(ObjectDetection.java:227):  location pixel is 270, distance is 0.00
11-27 17:21:36.100  5106  5832 I global  :  RENO - ObjectDetection.processFrame(ObjectDetection.java:83): Start Opcv process to detect sleeve color.
11-27 17:21:36.101  5106  5832 I global  :  RENO - ObjectDetection.sleeveColorDetect(ObjectDetection.java:121): Start Opcv process to detect sleeve color.
11-27 17:21:36.102  5106  5832 I global  :  RENO - ObjectDetection.sleeveColorDetect(ObjectDetection.java:128): Sleeve max color = 896457.00, 926320.00, 815078.00
11-27 17:21:36.103  5106  5832 I global  :  RENO - ObjectDetection.sleeveColorDetect(ObjectDetection.java:147): Sleeve position: CENTER
11-27 17:21:36.104  5106  5832 I global  :  RENO - ObjectDetection.processFrame(ObjectDetection.java:86): Start Opcv process to detect cone.
11-27 17:21:36.439  5106  5832 I global  :  RENO - ObjectDetection.conePositionDetect(ObjectDetection.java:213): Pixel values(0, 0) = 41501.86
11-27 17:21:36.440  5106  5832 I global  :  RENO - ObjectDetection.conePositionDetect(ObjectDetection.java:213): Pixel values(0, 1) = 41501.86
11-27 17:21:36.441  5106  5832 I global  :  RENO - ObjectDetection.conePositionDetect(ObjectDetection.java:213): Pixel values(0, 2) = 41492.55
11-27 17:21:36.442  5106  5832 I global  :  RENO - ObjectDetection.conePositionDetect(ObjectDetection.java:213): Pixel values(0, 3) = 41462.92
11-27 17:21:36.443  5106  5832 I global  :  RENO - ObjectDetection.conePositionDetect(ObjectDetection.java:213): Pixel values(0, 4) = 41432.15
11-27 17:21:36.444  5106  5832 I global  :  RENO - ObjectDetection.conePositionDetect(ObjectDetection.java:213): Pixel values(0, 5) = 41396.61
11-27 17:21:36.445  5106  5832 I global  :  RENO - ObjectDetection.conePositionDetect(ObjectDetection.java:213): Pixel values(0, 6) = 41355.55
11-27 17:21:36.446  5106  5832 I global  :  RENO - ObjectDetection.conePositionDetect(ObjectDetection.java:213): Pixel values(0, 7) = 41315.20
11-27 17:21:36.447  5106  5832 I global  :  RENO - ObjectDetection.conePositionDetect(ObjectDetection.java:213): Pixel values(0, 8) = 41268.54
11-27 17:21:36.448  5106  5832 I global  :  RENO - ObjectDetection.conePositionDetect(ObjectDetection.java:213): Pixel values(0, 9) = 41220.65
11-27 17:21:36.449  5106  5832 I global  :  RENO - ObjectDetection.conePositionDetect(ObjectDetection.java:213): Pixel values(0, 10) = 41172.70
11-27 17:21:36.450  5106  5832 I global  :  RENO - ObjectDetection.conePositionDetect(ObjectDetection.java:213): Pixel values(0, 11) = 41108.30
11-27 17:21:36.451  5106  5832 I global  :  RENO - ObjectDetection.conePositionDetect(ObjectDetection.java:213): Pixel values(0, 12) = 41043.09
11-27 17:21:36.452  5106  5832 I global  :  RENO - ObjectDetection.conePositionDetect(ObjectDetection.java:213): Pixel values(0, 13) = 40963.67
11-27 17:21:36.453  5106  5832 I global  :  RENO - ObjectDetection.conePositionDetect(ObjectDetection.java:213): Pixel values(0, 14) = 40870.77
11-27 17:21:36.455  5106  5832 I global  :  RENO - ObjectDetection.conePositionDetect(ObjectDetection.java:213): Pixel values(0, 15) = 40766.96
11-27 17:21:36.456  5106  5832 I global  :  RENO - ObjectDetection.conePositionDetect(ObjectDetection.java:213): Pixel values(0, 16) = 40649.62
11-27 17:21:36.457  5106  5832 I global  :  RENO - ObjectDetection.conePositionDetect(ObjectDetection.java:213): Pixel values(0, 17) = 40518.43
11-27 17:21:36.458  5106  5832 I global  :  RENO - ObjectDetection.conePositionDetect(ObjectDetection.java:213): Pixel values(0, 18) = 40397.74
11-27 17:21:36.459  5106  5832 I global  :  RENO - ObjectDetection.conePositionDetect(ObjectDetection.java:213): Pixel values(0, 19) = 40289.56
11-27 17:21:36.460  5106  5832 I global  :  RENO - ObjectDetection.conePositionDetect(ObjectDetection.java:213): Pixel values(0, 20) = 40193.55
11-27 17:21:36.461  5106  5832 I global  :  RENO - ObjectDetection.conePositionDetect(ObjectDetection.java:213): Pixel values(0, 21) = 40116.75
11-27 17:21:36.462  5106  5832 I global  :  RENO - ObjectDetection.conePositionDetect(ObjectDetection.java:213): Pixel values(0, 22) = 40043.33
11-27 17:21:36.464  5106  5832 I global  :  RENO - ObjectDetection.conePositionDetect(ObjectDetection.java:213): Pixel values(0, 23) = 39980.92
11-27 17:21:36.465  5106  5832 I global  :  RENO - ObjectDetection.conePositionDetect(ObjectDetection.java:213): Pixel values(0, 24) = 39921.92
11-27 17:21:36.466  5106  5832 I global  :  RENO - ObjectDetection.conePositionDetect(ObjectDetection.java:213): Pixel values(0, 25) = 39866.18
11-27 17:21:36.467  5106  5832 I global  :  RENO - ObjectDetection.conePositionDetect(ObjectDetection.java:213): Pixel values(0, 26) = 39812.61
11-27 17:21:36.468  5106  5832 I global  :  RENO - ObjectDetection.conePositionDetect(ObjectDetection.java:213): Pixel values(0, 27) = 39771.35
11-27 17:21:36.469  5106  5832 I global  :  RENO - ObjectDetection.conePositionDetect(ObjectDetection.java:213): Pixel values(0, 28) = 39729.59
11-27 17:21:36.470  5106  5832 I global  :  RENO - ObjectDetection.conePositionDetect(ObjectDetection.java:213): Pixel values(0, 29) = 39693.41
11-27 17:21:36.471  5106  5832 I global  :  RENO - ObjectDetection.conePositionDetect(ObjectDetection.java:213): Pixel values(0, 30) = 39653.90
11-27 17:21:36.472  5106  5832 I global  :  RENO - ObjectDetection.conePositionDetect(ObjectDetection.java:213): Pixel values(0, 31) = 39614.95
11-27 17:21:36.473  5106  5832 I global  :  RENO - ObjectDetection.conePositionDetect(ObjectDetection.java:213): Pixel values(0, 32) = 39574.03
11-27 17:21:36.475  5106  5832 I global  :  RENO - ObjectDetection.conePositionDetect(ObjectDetection.java:213): Pixel values(0, 33) = 39540.84
11-27 17:21:36.476  5106  5832 I global  :  RENO - ObjectDetection.conePositionDetect(ObjectDetection.java:213): Pixel values(0, 34) = 39505.67
11-27 17:21:36.477  5106  5832 I global  :  RENO - ObjectDetection.conePositionDetect(ObjectDetection.java:213): Pixel values(0, 35) = 39484.95
11-27 17:21:36.478  5106  5832 I global  :  RENO - ObjectDetection.conePositionDetect(ObjectDetection.java:213): Pixel values(0, 36) = 39457.61
11-27 17:21:36.479  5106  5832 I global  :  RENO - ObjectDetection.conePositionDetect(ObjectDetection.java:213): Pixel values(0, 37) = 39429.61
11-27 17:21:36.480  5106  5832 I global  :  RENO - ObjectDetection.conePositionDetect(ObjectDetection.java:213): Pixel values(0, 38) = 39396.34
11-27 17:21:36.481  5106  5832 I global  :  RENO - ObjectDetection.conePositionDetect(ObjectDetection.java:213): Pixel values(0, 39) = 39360.05
11-27 17:21:36.482  5106  5832 I global  :  RENO - ObjectDetection.conePositionDetect(ObjectDetection.java:213): Pixel values(0, 40) = 39317.36
11-27 17:21:36.483  5106  5832 I global  :  RENO - ObjectDetection.conePositionDetect(ObjectDetection.java:213): Pixel values(0, 41) = 39272.83
11-27 17:21:36.484  5106  5832 I global  :  RENO - ObjectDetection.conePositionDetect(ObjectDetection.java:213): Pixel values(0, 42) = 39223.77
11-27 17:21:36.485  5106  5832 I global  :  RENO - ObjectDetection.conePositionDetect(ObjectDetection.java:213): Pixel values(0, 43) = 39185.13
11-27 17:21:36.488  5106  5832 I global  :  RENO - ObjectDetection.conePositionDetect(ObjectDetection.java:213): Pixel values(0, 44) = 39139.69
11-27 17:21:36.489  5106  5832 I global  :  RENO - ObjectDetection.conePositionDetect(ObjectDetection.java:213): Pixel values(0, 45) = 39103.15
11-27 17:21:36.491  5106  5832 I global  :  RENO - ObjectDetection.conePositionDetect(ObjectDetection.java:213): Pixel values(0, 46) = 39059.89
11-27 17:21:36.492  5106  5832 I global  :  RENO - ObjectDetection.conePositionDetect(ObjectDetection.java:213): Pixel values(0, 47) = 39015.30
11-27 17:21:36.493  5106  5832 I global  :  RENO - ObjectDetection.conePositionDetect(ObjectDetection.java:213): Pixel values(0, 48) = 38969.28
11-27 17:21:36.495  5106  5832 I global  :  RENO - ObjectDetection.conePositionDetect(ObjectDetection.java:213): Pixel values(0, 49) = 38935.52
11-27 17:21:36.496  5106  5832 I global  :  RENO - ObjectDetection.conePositionDetect(ObjectDetection.java:213): Pixel values(0, 50) = 38904.09
11-27 17:21:36.497  5106  5832 I global  :  RENO - ObjectDetection.conePositionDetect(ObjectDetection.java:213): Pixel values(0, 51) = 38883.70
11-27 17:21:36.498  5106  5832 I global  :  RENO - ObjectDetection.conePositionDetect(ObjectDetection.java:213): Pixel values(0, 52) = 38863.90
11-27 17:21:36.499  5106  5832 I global  :  RENO - ObjectDetection.conePositionDetect(ObjectDetection.java:213): Pixel values(0, 53) = 38844.21
11-27 17:21:36.500  5106  5832 I global  :  RENO - ObjectDetection.conePositionDetect(ObjectDetection.java:213): Pixel values(0, 54) = 38828.16
11-27 17:21:36.501  5106  5832 I global  :  RENO - ObjectDetection.conePositionDetect(ObjectDetection.java:213): Pixel values(0, 55) = 38813.23
11-27 17:21:36.501  5106  5832 I global  :  RENO - ObjectDetection.conePositionDetect(ObjectDetection.java:213): Pixel values(0, 56) = 38797.16
11-27 17:21:36.502  5106  5832 I global  :  RENO - ObjectDetection.conePositionDetect(ObjectDetection.java:213): Pixel values(0, 57) = 38779.61
11-27 17:21:36.504  5106  5832 I global  :  RENO - ObjectDetection.conePositionDetect(ObjectDetection.java:213): Pixel values(0, 58) = 38758.96
11-27 17:21:36.505  5106  5832 I global  :  RENO - ObjectDetection.conePositionDetect(ObjectDetection.java:213): Pixel values(0, 59) = 38734.88
11-27 17:21:36.506  5106  5832 I global  :  RENO - ObjectDetection.conePositionDetect(ObjectDetection.java:213): Pixel values(0, 60) = 38705.53
11-27 17:21:36.507  5106  5832 I global  :  RENO - ObjectDetection.conePositionDetect(ObjectDetection.java:213): Pixel values(0, 61) = 38676.76
11-27 17:21:36.508  5106  5832 I global  :  RENO - ObjectDetection.conePositionDetect(ObjectDetection.java:213): Pixel values(0, 62) = 38648.10
11-27 17:21:36.512  5106  5832 I global  :  RENO - ObjectDetection.conePositionDetect(ObjectDetection.java:213): Pixel values(0, 63) = 38616.27
11-27 17:21:36.513  5106  5832 I global  :  RENO - ObjectDetection.conePositionDetect(ObjectDetection.java:213): Pixel values(0, 64) = 38586.97
11-27 17:21:36.514  5106  5832 I global  :  RENO - ObjectDetection.conePositionDetect(ObjectDetection.java:213): Pixel values(0, 65) = 38559.35
11-27 17:21:36.515  5106  5832 I global  :  RENO - ObjectDetection.conePositionDetect(ObjectDetection.java:213): Pixel values(0, 66) = 38531.76
11-27 17:21:36.516  5106  5832 I global  :  RENO - ObjectDetection.conePositionDetect(ObjectDetection.java:213): Pixel values(0, 67) = 38515.67
11-27 17:21:36.517  5106  5822 I global  :  RENO - ChassisWith4Motors.driveWithPIDControl(ChassisWith4Motors.java:481): tDistance = 15.00, currLocation = 0.02
