01-20 18:36:20.193 17568 17568 W art     : Before Android 4.1, method long java.util.concurrent.ThreadLocalRandom.internalNextLong(long, long) would have incorrectly overridden the package-private method in java.util.Random
01-20 18:36:20.228 17568 17568 V FTCService: onBind()
01-20 18:36:20.254 17568 17568 V CoreRobotWebServer: creating NanoHTTPD(8080)
01-20 18:36:20.259 17568 17568 V WebSocketManager: Registered broadcast-only namespace progress
01-20 18:36:20.266 17568 17568 V WebSocketManager: Registered handler for namespace ControlHubUpdater
01-20 18:36:20.267 17568 17568 V RobotCore: Getting network assistant of type: RCWIRELESSAP
01-20 18:36:20.269 17568 17568 I RobotControllerAccessPointAssistant: Enabling network services
01-20 18:36:20.271 17568 17568 I RobotControllerAccessPointAssistant: Sending SSID and password to AP service
01-20 18:36:20.272 17568 17568 I RobotCore: ftc21180
01-20 18:36:20.273 17568 17568 D RobotControllerAccessPointAssistant: setNetworkProperties(deviceName=21180-RC, password=ftc21180, ApChannel=null) sendSettingsIndividually=false
01-20 18:36:20.273 17568 17568 I NetDiscover_ControlHubNameManager: Robot controller name: 21180-RC
01-20 18:36:20.273 17568 17568 I ControlHubPasswordManager: Robot controller password: ftc21180
01-20 18:36:20.273 17568 17568 D RobotControllerAccessPointAssistant: Sending bulk settings broadcast intent
01-20 18:36:20.332 17568 17636 I OpenGLRenderer: Initialized EGL, version 1.4
01-20 18:36:20.332 17568 17636 D OpenGLRenderer: Swap behavior 1
01-20 18:36:20.337 17568 17568 I RobotControllerAccessPointAssistant: Wi-Fi state change:, wifiApState: 13
01-20 18:36:20.337 17568 17568 I FTCService: onNetworkConnectionEvent: CONNECTION_INFO_AVAILABLE
01-20 18:36:20.338 17568 17568 I RobotCore: ftc21180
01-20 18:36:20.338 17568 17568 I FTCService: Network Connection Passphrase: ftc21180
01-20 18:36:20.338 17568 17568 V CoreRobotWebServer: starting port=8080
01-20 18:36:20.350 17568 17568 V RobotCore: Getting network assistant of type: RCWIRELESSAP
01-20 18:36:20.351 17568 17568 V CoreRobotWebServer: started port=8080
01-20 18:36:20.352 17568 17568 V FTCService: RCActivity.controllerService=bound
01-20 18:36:20.352 17568 17568 V UpdateUI: Network: active, disconnected
01-20 18:36:20.354 17568 17568 V RobotCore: Robot Status: stopped
01-20 18:36:20.362 17568 17642 V TooTallWebSocketServer: Started WebSocket server on port 8081
01-20 18:36:20.366 17568 17645 V RobotCore: thread: 'RobotSetupRunnable.run()' starting...
01-20 18:36:20.366 17568 17645 V FTCService: Processing robot setup
01-20 18:36:20.367 17568 17645 V RobotCore: Robot Status: stopped, scanning for USB devices
01-20 18:36:20.368 17568 17645 I AppAliveNotifier: Telling the OS to set the RC alive notification timeout to 10 seconds
01-20 18:36:20.393 17568 17568 V WebSocketManager: Registered handler for namespace ONBOTJAVA
01-20 18:36:20.402 17568 17636 I [Gralloc]:  ion device open success! fd = 91
01-20 18:36:20.468 17568 17568 V AppUtil : rootActivity=PermissionValidatorWrapper destroyed
01-20 18:36:20.469 17568 17568 V AppUtil : rootActivity=FtcRobotControllerActivity
01-20 18:36:20.469 17568 17568 I PermissionValidatorActivity: Lifecycle onDestroy : 6a70b24
01-20 18:36:20.705 17568 17644 V FtcWebSocket: Opening websocket (ip=192.168.43.107/192.168.43.107 port=8081)
01-20 18:36:20.714 17568 17644 V WebSocketManager: Subscribed websocket (ip=192.168.43.107/192.168.43.107 port=8081) to namespace (progress)
01-20 18:36:20.715 17568 17644 V WebSocketManager: Subscribed websocket (ip=192.168.43.107/192.168.43.107 port=8081) to namespace (ControlHubUpdater)
01-20 18:36:25.377 17568 17645 V RobotCore: EventLoopManager state is NOT_STARTED
01-20 18:36:25.377 17568 17645 V FTCService: Waiting for a connection to a Wi-Fi service
01-20 18:36:25.377 17568 17645 V RobotCore: Robot Status: stopped, waiting for network to become active
01-20 18:36:25.379 17568 17645 I RobotControllerAccessPointAssistant: Wi-Fi AP is enabled
01-20 18:36:25.379 17568 17645 V CoreRobotWebServer: Asked an already running WebServer to start
01-20 18:36:25.380 17568 17645 V RobotCore: Robot Status: stopped, starting robot
01-20 18:36:25.380 17568 17645 V Robocol : EventLoopManager.start()
01-20 18:36:25.380 17568 17645 V RobotCore: Getting network assistant of type: RCWIRELESSAP
01-20 18:36:25.381 17568 17645 I RobotControllerAccessPointAssistant: Wi-Fi AP is enabled
01-20 18:36:25.381 17568 17645 V Robocol : Spoofing a Network Connection event...
01-20 18:36:25.381 17568 17645 I EventLoopManager: onNetworkConnectionEvent: CONNECTION_INFO_AVAILABLE
01-20 18:36:25.382 17568 17645 I Robocol : Received network connection event
01-20 18:36:25.382 17568 17645 I RobotControllerAccessPointAssistant: Wi-Fi AP is enabled
01-20 18:36:25.383 17568 17645 I NetworkConnectionHandler: Handling new network connection infomation, connected: true setup needed: true
01-20 18:36:25.383 17568 17645 I RobotControllerAccessPointAssistant: Wi-Fi AP is enabled
01-20 18:36:28.406 17568 17687 V RobotCore: thread: 'SetupRunnable.run()' starting...
01-20 18:36:28.406 17568 17645 V RobotCore: EventLoopManager state is STOPPED
01-20 18:36:28.408 17568 17645 V Robocol : eventLoop=FtcEventLoop
01-20 18:36:28.408 17568 17645 V RobotCore: EventLoopManager state is INIT
01-20 18:36:28.410 17568 17645 V RobotCore: Robot Status: initializing, starting robot
01-20 18:36:28.411 17568 17645 I FtcEventLoop: ======= INIT START =======
01-20 18:36:28.413 17568 17645 V OpmodeRegistration: registered {DefaultOpMode} as {$Stop$Robot$}
01-20 18:36:28.423 17568 17687 D Robocol : RobocolDatagramSocket listening addr=/192.168.43.1:20884 cbRec=65520 cbSend=106496 msRecTO=300
01-20 18:36:28.425 17568 17687 V Robocol : RecvLoopRunnable created
01-20 18:36:28.430 17568 17689 V Robocol : CommandProcessor started
01-20 18:36:28.430 17568 17688 V Robocol : PacketProcessor started
01-20 18:36:28.432 17568 17690 V RobotCore: thread: 'RecvLoopRunnable.run()' starting...
01-20 18:36:28.435 17568 17687 V PeerDiscovery: Starting peer discovery remote: /192.168.43.1 local: /192.168.43.1
01-20 18:36:28.435 17568 17687 V PeerDiscovery: No need for initiating peer discovery, we are the Robot Controller
01-20 18:36:28.435 17568 17687 V RobotCore: Setup complete
01-20 18:36:28.435 17568 17687 V RobotCore: thread: ...terminating 'SetupRunnable.run()'
01-20 18:36:28.685 17568 17645 V MD5     : Calculated digest: 9d9a9ed11665dc92c91c475aad54ef94
01-20 18:36:28.685 17568 17645 V MD5     : Provided digest: 9d9a9ed11665dc92c91c475aad54ef94
01-20 18:36:28.734 17568 17690 E Robocol : exception SocketTimeoutException(Receive timed out): no packet received [java.net.PlainDatagramSocketImpl.receive0(Native Method)]
01-20 18:36:28.888 17568 17688 D RobotCore: system telemetry: key=$System$None$ msg=""
01-20 18:36:28.889 17568 17688 V PeerDiscovery: new remote peer discovered: 192.168.43.230
01-20 18:36:28.889 17568 17688 V NetworkConnectionHandler: starting sending loop
01-20 18:36:28.890 17568 17703 V Robocol : sending CMD_NOTIFY_ROBOT_STATE(9), attempt: 0
01-20 18:36:28.891 17568 17703 V Robocol : sending CMD_NOTIFY_ROBOT_STATE(10), attempt: 0
01-20 18:36:28.892 17568 17703 V Robocol : sending CMD_NOTIFY_ROBOT_STATE(11), attempt: 0
01-20 18:36:28.909 17568 17688 V UpdateUI: Network: active, connected
01-20 18:36:28.910 17568 17688 D FTCService: Sending user device types and preferences to driver station
01-20 18:36:28.981 17568 17706 V SoundInfo: construct(0x0568c5a9)
01-20 18:36:28.987 17568 17688 V NetDiscover_prefremrc: sendAllPreferences()
01-20 18:36:28.988 17568 17688 V NetDiscover_prefremrc: sending RC pref name=pref_wifip2p_remote_channel_change_works value=false
01-20 18:36:28.991 17568 17705 E WVMExtractor: Failed to open libwvm.so: dlopen failed: library "libwvm.so" not found
01-20 18:36:28.993 17568 17688 V NetDiscover_prefremrc: sending RC pref name=pref_device_name value=21180-RC
01-20 18:36:28.993 17568 17688 V NetDiscover_prefremrc: sending RC pref name=pref_warn_about_incorrect_clocks value=true
01-20 18:36:28.994 17568 17688 V NetDiscover_prefremrc: sending RC pref name=pref_warn_about_obsolete_software value=true
01-20 18:36:28.995 17568 17688 V NetDiscover_prefremrc: sending RC pref name=pref_has_speaker value=false
01-20 18:36:28.995 17568 17688 V NetDiscover_prefremrc: sending RC pref name=pref_warn_about_2_4_ghz_band value=true
01-20 18:36:28.996 17568 17688 V NetDiscover_prefremrc: sending RC pref name=pref_has_independent_phone_battery value=false
01-20 18:36:28.996 17568 17688 V NetDiscover_prefremrc: sending RC pref name=pref_app_theme value=red
01-20 18:36:28.997 17568 17688 V NetDiscover_prefremrc: sending RC pref name=pref_warn_about_mismatched_app_versions value=true
01-20 18:36:28.998 17568 17688 V NetDiscover_prefremrc: sending RC pref name=pref_sound_on_off value=false
01-20 18:36:28.998 17568 17688 V NetworkConnectionHandler: Peer connection established
01-20 18:36:29.001 17568 17688 V Robocol : packet processing took 113.0ms: type=PEER_DISCOVERY
01-20 18:36:29.010 17568 17703 V Robocol : sending CMD_NOTIFY_USER_DEVICE_LIST(15), attempt: 0
01-20 18:36:29.012 17568 17703 V Robocol : sending CMD_ROBOT_CONTROLLER_PREFERENCE(16), attempt: 0
01-20 18:36:29.013 17568 17703 V Robocol : sending CMD_ROBOT_CONTROLLER_PREFERENCE(17), attempt: 0
01-20 18:36:29.014 17568 17703 V Robocol : sending CMD_ROBOT_CONTROLLER_PREFERENCE(18), attempt: 0
01-20 18:36:29.014 17568 17703 V Robocol : sending CMD_ROBOT_CONTROLLER_PREFERENCE(19), attempt: 0
01-20 18:36:29.015 17568 17703 V Robocol : sending CMD_ROBOT_CONTROLLER_PREFERENCE(20), attempt: 0
01-20 18:36:29.016 17568 17705 I MediaCodec: callingProcessName:com.qualcomm.ftcrobotcontroller
01-20 18:36:29.016 17568 17703 V Robocol : sending CMD_ROBOT_CONTROLLER_PREFERENCE(21), attempt: 0
01-20 18:36:29.017 17568 17703 V Robocol : sending CMD_ROBOT_CONTROLLER_PREFERENCE(22), attempt: 0
01-20 18:36:29.018 17568 17703 V Robocol : sending CMD_ROBOT_CONTROLLER_PREFERENCE(23), attempt: 0
01-20 18:36:29.019 17568 17703 V Robocol : sending CMD_ROBOT_CONTROLLER_PREFERENCE(24), attempt: 0
01-20 18:36:29.019 17568 17703 V Robocol : sending CMD_ROBOT_CONTROLLER_PREFERENCE(25), attempt: 0
01-20 18:36:29.020 17568 17712 I ACodec  : onAllocateComponent:6752 mSoftCodecPref:0 componentName:
01-20 18:36:29.021 17568 17712 I ACodec  : onAllocateComponent:6783 mSoftCodecPref:0 componentName:OMX.google.raw.decoder
01-20 18:36:29.039 17568 17690 V EventLoopManager: Setting authoritative wall clock based on connected DS.
01-20 18:36:29.039 17568 17690 D Uvc     : [time.cpp:64] Java_org_firstinspires_ftc_robotcore_internal_system_AppUtil_nativeSetCurrentTimeMillis()...
01-20 18:36:29.026 17568 17690 I JniTime : [time.cpp:83] settimeofday() succeeded
01-20 18:36:29.026 17568 17690 D Uvc     : [time.cpp:64] ...Java_org_firstinspires_ftc_robotcore_internal_system_AppUtil_nativeSetCurrentTimeMillis()
01-20 18:36:29.027 17568 17690 V AppUtil : attempted to set timezone: before=America/Chicago after=America/Chicago
01-20 18:36:29.029 17568 17688 V Robocol : received command: CMD_REQUEST_ACTIVE_CONFIG(10001) 
01-20 18:36:29.030 17568 17688 V Robocol : received command: CMD_REQUEST_USER_DEVICE_TYPES(10002) 
01-20 18:36:29.031 17568 17688 V Robocol : received command: CMD_REQUEST_OP_MODE_LIST(10003) 
01-20 18:36:29.031 17568 17688 V Robocol : received command: CMD_ROBOT_CONTROLLER_PREFERENCE(10004) {"booleanValue":true,"prefName":"pref_ds_supports_5_ghz"}
01-20 18:36:29.032 17568 17688 V Robocol : received command: CMD_ROBOT_CONTROLLER_PREFERENCE(10005) {"intValue":21,"prefName":"pref_dh_os_version_code"}
01-20 18:36:29.051 17568 17613 D SoundPlayer: onLoadComplete(samp=1|ms=757, samp=1)=0
01-20 18:36:29.054 17568 17706 W AudioTrack: AUDIO_OUTPUT_FLAG_FAST denied by client; transfer 4, track 48000 Hz, output 44100 Hz
01-20 18:36:29.061 17568 17706 D SoundPlayer: playing volume=0.000000 samp=1|ms=757
01-20 18:36:29.076 17568 17703 V Robocol : sending CMD_PLAY_SOUND(43), attempt: 0
01-20 18:36:29.116 17568 17703 V Robocol : sending CMD_NOTIFY_ROBOT_STATE(9), attempt: 1
01-20 18:36:29.116 17568 17703 V Robocol : sending CMD_NOTIFY_ROBOT_STATE(10), attempt: 1
01-20 18:36:29.117 17568 17703 V Robocol : sending CMD_NOTIFY_ROBOT_STATE(11), attempt: 1
01-20 18:36:29.394 17568 17645 V OpmodeRegistration: registered {AutoFlipRight} as {Auto Flip Right}
01-20 18:36:29.395 17568 17645 V OpmodeRegistration: registered {AutonomousRight} as {Autonomous_Right}
01-20 18:36:29.395 17568 17645 V OpmodeRegistration: registered {AutonomousLeft} as {Autonomous_Left}
01-20 18:36:29.396 17568 17645 V OpmodeRegistration: registered {TeleopDualDrivers} as {Teleop_DualDrivers}
01-20 18:36:29.419 17568 17645 V FtcEventLoop: Ensuring that the embedded Control Hub module is set up correctly
01-20 18:36:29.425 17568 17645 V RobotCore: Creating REV Robotics USB Expansion Hub Portal [(embedded)]
01-20 18:36:29.426 17568 17645 V LynxUsb : creating new [(embedded)]: 0x0f01c6db
01-20 18:36:29.429 17568 17568 I pRunnable.run(): type=1400 audit(0.0:592): avc: denied { read } for name="ttyS1" dev="tmpfs" ino=1168 scontext=u:r:untrusted_app:s0:c512,c768 tcontext=u:object_r:serial_device:s0 tclass=chr_file permissive=1
01-20 18:36:29.429 17568 17568 I pRunnable.run(): type=1400 audit(0.0:593): avc: denied { write } for name="ttyS1" dev="tmpfs" ino=1168 scontext=u:r:untrusted_app:s0:c512,c768 tcontext=u:object_r:serial_device:s0 tclass=chr_file permissive=1
01-20 18:36:29.430 17568 17645 V FtDeviceManager: createDeviceInfoList(): 0 USB devices
01-20 18:36:29.430 17568 17645 V RobotUsbManagerCombining: FTDI driver failed to open USB device with serial number (embedded) (returned null device)
01-20 18:36:29.429 17568 17568 I pRunnable.run(): type=1400 audit(0.0:594): avc: denied { open } for path="/dev/ttyS1" dev="tmpfs" ino=1168 scontext=u:r:untrusted_app:s0:c512,c768 tcontext=u:object_r:serial_device:s0 tclass=chr_file permissive=1
01-20 18:36:29.429 17568 17568 I pRunnable.run(): type=1400 audit(0.0:595): avc: denied { ioctl } for path="/dev/ttyS1" dev="tmpfs" ino=1168 ioctlcmd=5401 scontext=u:r:untrusted_app:s0:c512,c768 tcontext=u:object_r:serial_device:s0 tclass=chr_file permissive=1
01-20 18:36:29.429 17568 17568 I pRunnable.run(): type=1400 audit(0.0:596): avc: denied { read } for name="value" dev="sysfs" ino=13327 scontext=u:r:untrusted_app:s0:c512,c768 tcontext=u:object_r:sysfs:s0 tclass=file permissive=1
01-20 18:36:29.429 17568 17568 I pRunnable.run(): type=1400 audit(0.0:597): avc: denied { open } for path="/sys/devices/pinctrl.26/gpio/gpio50/value" dev="sysfs" ino=13327 scontext=u:r:untrusted_app:s0:c512,c768 tcontext=u:object_r:sysfs:s0 tclass=file permissive=1
01-20 18:36:29.429 17568 17568 I pRunnable.run(): type=1400 audit(0.0:598): avc: denied { getattr } for path="/sys/devices/pinctrl.26/gpio/gpio50/value" dev="sysfs" ino=13327 scontext=u:r:untrusted_app:s0:c512,c768 tcontext=u:object_r:sysfs:s0 tclass=file permissive=1
01-20 18:36:29.431 17568 17645 V SerialPortNative: [SerialPort.cpp:150] opened(/dev/ttyS1): fd=89
01-20 18:36:29.432 17568 17645 V RobotUsbDeviceTTY: opening serial=(embedded) file=/dev/ttyS1
01-20 18:36:29.433 17568 17645 V LynxUsb : armDevice() serial=(embedded)...
01-20 18:36:29.433 17568 17645 V LynxUsb : resetDevice() serial=(embedded)
01-20 18:36:29.434 17568 17645 V LynxModule: resetting embedded usb device: isPresent: was=true
01-20 18:36:29.436 17568 17703 V Robocol : sending CMD_NOTIFY_ACTIVE_CONFIGURATION(51), attempt: 0
01-20 18:36:29.436 17568 17568 I pRunnable.run(): type=1400 audit(0.0:599): avc: denied { write } for name="value" dev="sysfs" ino=16645 scontext=u:r:untrusted_app:s0:c512,c768 tcontext=u:object_r:sysfs:s0 tclass=file permissive=1
01-20 18:36:29.437 17568 17703 V Robocol : sending CMD_NOTIFY_USER_DEVICE_LIST(52), attempt: 0
01-20 18:36:29.439 17568 17703 V Robocol : sending CMD_NOTIFY_OP_MODE_LIST(53), attempt: 0
01-20 18:36:29.797 17568 17645 V LynxUsb : ...done armDevice()
01-20 18:36:29.798 17568 17719 V RobotCore: thread: 'lynx incoming datagrams' starting...
01-20 18:36:29.798 17568 17645 V LynxUsb : 0x0a3d94b6 on 0x0f01c6db: new delegate to [(embedded)]
01-20 18:36:29.806 17568 17645 V LynxUsb : addConfiguredModule() module#=173
01-20 18:36:29.807 17568 17645 V LynxModule: pingAndQueryKnownInterfaces mod=173
01-20 18:36:29.810 17568 17719 V LynxUsb : synchronization gained: serial=(embedded)
01-20 18:36:29.832 17568 17645 V LynxModule: mod#=173 queryInterface(DEKA)=54 commands starting at 4096
01-20 18:36:29.846 17568 17645 V LynxModule: sending LynxFtdiResetControlCommand(true) wasInterrupted=false
01-20 18:36:29.852 17568 17645 V LynxModule: sendLEDPatternSteps(): steps=[Step(color=65280, msDuration=1000)]
01-20 18:36:29.858 17568 17645 V LynxModule: setAsControlHubEmbeddedModule(mod=173)
01-20 18:36:29.858 17568 17645 V EmbeddedControlHubModule: setting embedded module
01-20 18:36:29.858 17568 17645 V LynxModule: sending LynxFtdiResetControlCommand(false) wasInterrupted=false
01-20 18:36:29.861 17568 17645 V LynxModule: close(#173)
01-20 18:36:29.862 17568 17645 V LynxUsb : Verified that the embedded Control Hub module has the correct address
01-20 18:36:29.864 17568 17645 V LynxUsb : addConfiguredModule() module#=173
01-20 18:36:29.864 17568 17645 V LynxModule: pingAndQueryKnownInterfaces mod=173
01-20 18:36:29.879 17568 17645 V LynxModule: mod#=173 queryInterface(DEKA)=54 commands starting at 4096
01-20 18:36:29.889 17568 17645 V LynxModule: sending LynxFtdiResetControlCommand(true) wasInterrupted=false
01-20 18:36:29.893 17568 17645 V LynxModule: sendLEDPatternSteps(): steps=[Step(color=65280, msDuration=1000)]
01-20 18:36:29.897 17568 17645 V LynxModule: setAsControlHubEmbeddedModule(mod=173)
01-20 18:36:29.897 17568 17645 V EmbeddedControlHubModule: setting embedded module
01-20 18:36:29.897 17568 17645 I RobotCore: LynxFirmwareVersionManager: LynxI2cDeviceSynchV2
01-20 18:36:29.898 17568 17645 V LynxI2cDeviceSynch: initializeHardware() mod#=173
01-20 18:36:29.898 17568 17645 V BHI260IMU: Suppressing I2C warnings while we check for a BHI260AP IMU
01-20 18:36:29.903 17568 17645 V BHI260IMU: No BHI260AP IMU found
01-20 18:36:29.904 17568 17645 V BNO055  : Suppressing I2C warnings while we check for a BNO055 IMU
01-20 18:36:29.909 17568 17645 V BNO055  : Found BNO055 IMU
01-20 18:36:29.909 17568 17645 V LynxModule: sending LynxFtdiResetControlCommand(false) wasInterrupted=false
01-20 18:36:29.911 17568 17645 V LynxModule: close(#173)
01-20 18:36:29.912 17568 17645 V HardwareFactory: createHardwareMap()
01-20 18:36:29.912 17568 17645 V EmbeddedControlHubModule: clearing embedded module
01-20 18:36:29.925 17568 17645 V ReadXMLFileHandler: embedded lynx USB device is already present
01-20 18:36:29.926 17568 17645 V RobotCore: Creating REV Robotics USB Expansion Hub Portal [(embedded)]
01-20 18:36:29.926 17568 17645 V LynxUsb : using existing [(embedded)]: 0x0f01c6db
01-20 18:36:29.927 17568 17645 V LynxUsb : 0x008d3757 on 0x0f01c6db: new delegate to [(embedded)]
01-20 18:36:29.928 17568 17645 V RobotCore: Creating Lynx Module - mod=173 parent=true
01-20 18:36:29.929 17568 17645 V RobotCore: Creating Lynx Module - mod=2 parent=false
01-20 18:36:29.931 17568 17645 V LynxUsb : addConfiguredModule() module#=173
01-20 18:36:29.931 17568 17645 V LynxModule: pingAndQueryKnownInterfaces mod=173
01-20 18:36:29.942 17568 17645 V LynxModule: mod#=173 queryInterface(DEKA)=54 commands starting at 4096
01-20 18:36:29.950 17568 17645 V LynxModule: sending LynxFtdiResetControlCommand(true) wasInterrupted=false
01-20 18:36:29.955 17568 17722 V LynxModule: received status: LynxGetModuleStatusResponse(status=0x02 alerts=0x00: Reset)
01-20 18:36:29.956 17568 17722 W HubPowerCycle: Expansion Hub 173 regained power after a complete power loss. No user Op Mode was running.
01-20 18:36:29.956 17568 17722 V LynxModule: resendCurrentPattern()
01-20 18:36:29.956 17568 17722 V LynxModule: sendLEDPatternSteps(): steps=[]
01-20 18:36:29.959 17568 17645 V LynxModule: sendLEDPatternSteps(): steps=[Step(color=65280, msDuration=1000)]
01-20 18:36:29.968 17568 17645 V LynxModule: setAsControlHubEmbeddedModule(mod=173)
01-20 18:36:29.968 17568 17645 V EmbeddedControlHubModule: setting embedded module
01-20 18:36:29.968 17568 17645 V LynxUsb : addConfiguredModule() module#=2
01-20 18:36:29.968 17568 17645 V LynxModule: pingAndQueryKnownInterfaces mod=2
01-20 18:36:29.980 17568 17645 V LynxModule: mod#=2 queryInterface(DEKA)=54 commands starting at 4096
01-20 18:36:29.988 17568 17645 V LynxModule: sending LynxFtdiResetControlCommand(true) wasInterrupted=false
01-20 18:36:29.994 17568 17645 V LynxModule: sendLEDPatternSteps(): steps=[Step(color=65280, msDuration=4500), Step(color=0, msDuration=500), Step(color=255, msDuration=500), Step(color=0, msDuration=500), Step(color=255, msDuration=500), Step(color=0, msDuration=500)]
01-20 18:36:29.996 17568 17723 V LynxModule: received status: LynxGetModuleStatusResponse(status=0x05 alerts=0x00: KeepAliveTimeout|FailSafe)
01-20 18:36:29.996 17568 17723 V LynxModule: resendCurrentPattern()
01-20 18:36:29.997 17568 17723 V LynxModule: sendLEDPatternSteps(): steps=[Step(color=65280, msDuration=4500), Step(color=0, msDuration=500), Step(color=255, msDuration=500), Step(color=0, msDuration=500), Step(color=255, msDuration=500), Step(color=0, msDuration=500)]
01-20 18:36:30.005 17568 17645 V LynxMotor: initializeHardware() mod#=173
01-20 18:36:30.046 17568 17645 V RobotCore: DcMotorImpl(type=goBILDA5202SeriesMotor)
01-20 18:36:30.046 17568 17645 V RobotCore: DcMotorImpl(type=goBILDA5202SeriesMotor)
01-20 18:36:30.047 17568 17645 V RobotCore: DcMotorImpl(type=goBILDA5202SeriesMotor)
01-20 18:36:30.047 17568 17645 V RobotCore: DcMotorImpl(type=goBILDA5202SeriesMotor)
01-20 18:36:30.048 17568 17645 V LynxServoController: initializeHardware() mod#=173
01-20 18:36:30.072 17568 17645 V LynxVoltageSensor: initializeHardware() mod#=173
01-20 18:36:30.072 17568 17645 V LynxAnalogInputController: initializeHardware() mod#=173
01-20 18:36:30.073 17568 17645 V LynxDigitalChannelController: initializeHardware() mod#=173
01-20 18:36:30.088 17568 17645 V RobotCore: Creating user sensor REV internal IMU (BNO055) - on Lynx module=173 bus=0
01-20 18:36:30.089 17568 17645 I RobotCore: LynxFirmwareVersionManager: LynxI2cDeviceSynchV2
01-20 18:36:30.089 17568 17645 V LynxI2cDeviceSynch: initializeHardware() mod#=173
01-20 18:36:30.091 17568 17645 V BNO055  : Suppressing I2C warnings while we check for a BNO055 IMU
01-20 18:36:30.095 17568 17645 V BNO055  : Found BNO055 IMU
01-20 18:36:30.095 17568 17645 V BNO055  : Suppressing I2C warnings while we check for a BNO055 IMU
01-20 18:36:30.099 17568 17645 V BNO055  : Found BNO055 IMU
01-20 18:36:30.250 17568 17645 I RobotCore: LynxFirmwareVersionManager: LynxI2cDeviceSynchV2
01-20 18:36:30.252 17568 17645 V LynxI2cDeviceSynch: initializeHardware() mod#=173
01-20 18:36:30.259 17568 17645 V LynxMotor: initializeHardware() mod#=2
01-20 18:36:30.327 17568 17645 V RobotCore: DcMotorImpl(type=goBILDA5202SeriesMotor)
01-20 18:36:30.328 17568 17645 V RobotCore: DcMotorImpl(type=goBILDA5202SeriesMotor)
01-20 18:36:30.329 17568 17645 V LynxServoController: initializeHardware() mod#=2
01-20 18:36:30.368 17568 17645 V LynxVoltageSensor: initializeHardware() mod#=2
01-20 18:36:30.369 17568 17645 V LynxAnalogInputController: initializeHardware() mod#=2
01-20 18:36:30.370 17568 17645 V LynxDigitalChannelController: initializeHardware() mod#=2
01-20 18:36:30.395 17568 17645 V RobotCore: Creating user sensor REV 2M Distance Sensor - on Lynx module=2 bus=1
01-20 18:36:30.396 17568 17645 I RobotCore: LynxFirmwareVersionManager: LynxI2cDeviceSynchV2
01-20 18:36:30.397 17568 17645 V LynxI2cDeviceSynch: initializeHardware() mod#=2
01-20 18:36:30.398 17568 17645 V RobotCore: Creating user sensor REV 2M Distance Sensor - on Lynx module=2 bus=2
01-20 18:36:30.399 17568 17645 I RobotCore: LynxFirmwareVersionManager: LynxI2cDeviceSynchV2
01-20 18:36:30.400 17568 17645 V LynxI2cDeviceSynch: initializeHardware() mod#=2
01-20 18:36:30.402 17568 17645 V RobotCore: Creating Webcam [D5386480]
01-20 18:36:30.404 17568 17645 V CameraManager: construct(hash=0x03e0b80d|inst#=0)
01-20 18:36:30.405 17568 17645 D libusb  : [ 0.000222] [000044ed] libusb: debug [op_init] sysfs(/sys/bus/usb/devices) available
01-20 18:36:30.405 17568 17645 D libusb  : [ 0.000346] [000044ed] libusb: debug [op_init] sysfs can relate devices
01-20 18:36:30.405 17568 17645 D libusb  : [ 0.000382] [000044ed] libusb: debug [op_init] sysfs has complete descriptors
01-20 18:36:30.405 17568 17645 D libusb  : [ 0.000419] [000044ed] libusb: debug [op_init] sysfs has serial numbers
01-20 18:36:30.406 17568 17645 V UvcContext: construct(pointer=0xce3efa20|inst#=0)
01-20 18:36:30.402 17568 17568 I pRunnable.run(): type=1400 audit(0.0:601): avc: denied { open } for path="/sys/bus/usb/devices" dev="sysfs" ino=7258 scontext=u:r:untrusted_app:s0:c512,c768 tcontext=u:object_r:sysfs:s0 tclass=dir permissive=1
01-20 18:36:30.415 17568 17645 I RobotCore: ========= Device Information ===================================================
01-20 18:36:30.415 17568 17645 I RobotCore: Type                                               Name                           Connection
01-20 18:36:30.416 17568 17645 I RobotCore: Motor                                              RightSlider                    USB (embedded); module 2; port 0
01-20 18:36:30.417 17568 17645 I RobotCore: Motor                                              LeftSlider                     USB (embedded); module 2; port 1
01-20 18:36:30.418 17568 17645 I RobotCore: REV 2M ToF Distance Sensor                         fcds                           USB (embedded); module 2; bus 1; addr7=0x29
01-20 18:36:30.418 17568 17645 I RobotCore: REV 2M ToF Distance Sensor                         bcds                           USB (embedded); module 2; bus 2; addr7=0x29
01-20 18:36:30.419 17568 17645 I RobotCore: REV Robotics USB Expansion Hub Portal              Control Hub Portal             USB (embedded)
01-20 18:36:30.419 17568 17645 I RobotCore: Motor                                              FrontLeft                      USB (embedded); module 173; port 0
01-20 18:36:30.420 17568 17645 I RobotCore: Motor                                              BackRight                      USB (embedded); module 173; port 3
01-20 18:36:30.421 17568 17645 I RobotCore: Expansion Hub DC Motor Controller                  Expansion Hub 2                USB (embedded); module 2
01-20 18:36:30.421 17568 17645 I RobotCore: Expansion Hub Servo Controller                     Expansion Hub 2                USB (embedded); module 2
01-20 18:36:30.422 17568 17645 I RobotCore: Expansion Hub Voltage Sensor                       Expansion Hub 2                USB (embedded); module 2
01-20 18:36:30.422 17568 17645 I RobotCore: Expansion Hub Analog Input Controller              Expansion Hub 2                USB (embedded); module 2
01-20 18:36:30.423 17568 17645 I RobotCore: Expansion Hub Digital Channel Controller           Expansion Hub 2                USB (embedded); module 2
01-20 18:36:30.428 17568 17645 I RobotCore: Expansion Hub (HW: 20, Maj: 1, Min: 8, Eng: 2)     Expansion Hub 2                USB (embedded); module 2
01-20 18:36:30.428 17568 17645 I RobotCore: REV internal IMU (BNO055)                          imu                            USB (embedded); module 173; bus 0; addr7=0x28
01-20 18:36:30.429 17568 17645 I RobotCore: REV internal IMU (BNO055)                          imu                            USB (embedded); module 173; bus 0; addr7=0x28
01-20 18:36:30.436 17568 17645 I RobotCore: Logitech C270 HD WEBCAM                            Webcam 1                       USB (D5386480)
01-20 18:36:30.437 17568 17645 I RobotCore: Expansion Hub DC Motor Controller                  Control Hub                    USB (embedded); module 173
01-20 18:36:30.438 17568 17645 I RobotCore: Expansion Hub Servo Controller                     Control Hub                    USB (embedded); module 173
01-20 18:36:30.438 17568 17645 I RobotCore: Expansion Hub Voltage Sensor                       Control Hub                    USB (embedded); module 173
01-20 18:36:30.438 17568 17645 I RobotCore: Expansion Hub Analog Input Controller              Control Hub                    USB (embedded); module 173
01-20 18:36:30.439 17568 17645 I RobotCore: Expansion Hub Digital Channel Controller           Control Hub                    USB (embedded); module 173
01-20 18:36:30.442 17568 17645 I RobotCore: Expansion Hub (HW: 20, Maj: 1, Min: 8, Eng: 2)     Control Hub                    USB (embedded); module 173
01-20 18:36:30.443 17568 17645 I RobotCore: Servo                                              ClawServo                      USB (embedded); module 173; port 0
01-20 18:36:30.443 17568 17645 I RobotCore: Motor                                              FrontRight                     USB (embedded); module 173; port 1
01-20 18:36:30.444 17568 17645 I RobotCore: Motor                                              BackLeft                       USB (embedded); module 173; port 2
01-20 18:36:30.444 17568 17645 I RobotCore: Servo                                              ArmServo                       USB (embedded); module 173; port 1
01-20 18:36:30.450 17568 17645 I RobotCore: LynxFirmwareVersionManager: LynxI2cDeviceSynchV2
01-20 18:36:30.450 17568 17645 V LynxI2cDeviceSynch: initializeHardware() mod#=2
01-20 18:36:30.450 17568 17645 V BNO055  : Suppressing I2C warnings while we check for a BNO055 IMU
01-20 18:36:30.456 17568 17645 V BNO055  : Found BNO055 IMU
01-20 18:36:30.459 17568 17645 I RobotCore: LynxFirmwareVersionManager: LynxI2cDeviceSynchV2
01-20 18:36:30.460 17568 17645 V LynxI2cDeviceSynch: initializeHardware() mod#=173
01-20 18:36:30.460 17568 17645 V BHI260IMU: Suppressing I2C warnings while we check for a BHI260AP IMU
01-20 18:36:30.464 17568 17645 V BHI260IMU: No BHI260AP IMU found
01-20 18:36:30.464 17568 17645 V BNO055  : Suppressing I2C warnings while we check for a BNO055 IMU
01-20 18:36:30.468 17568 17645 V BNO055  : Found BNO055 IMU
01-20 18:36:30.478 17568 17645 V LynxUsb : 0x0a3d94b6 on 0x0f01c6db: releasing delegate to [(embedded)]
01-20 18:36:30.478 17568 17645 I FtcEventLoop: ======= INIT FINISH =======
01-20 18:36:30.478 17568 17645 V RobotCore: EventLoopManager state is RUNNING
01-20 18:36:30.478 17568 17689 W art     : Long monitor contention with owner RobotSetupRunnable.run() (17645) at int libcore.io.Posix.write(java.io.FileDescriptor, byte[], int, int)(Posix.java:273) waiters=0 in org.firstinspires.ftc.robotcore.internal.network.CallbackResult com.qualcomm.robotcore.eventloop.EventLoopManager.commandEvent(com.qualcomm.robotcore.robocol.Command) for 1.446s
01-20 18:36:30.478 17568 17645 V RobotCore: Robot Status: running, starting robot
01-20 18:36:30.479 17568 17645 V RobotCore: Robot Status: running
01-20 18:36:30.483 17568 17728 V RobotCore: thread: 'EventLoop' starting...
01-20 18:36:30.483 17568 17645 D FTCService: Detecting Wi-Fi reset
01-20 18:36:30.484 17568 17645 D RobotControllerAccessPointAssistant: detectWifiReset button=false
01-20 18:36:30.485 17568 17645 V RobotCore: thread: ...terminating 'RobotSetupRunnable.run()'
01-20 18:36:30.489 17568 17689 E Robocol : command processing took 1457 ms: command=CMD_REQUEST_ACTIVE_CONFIG
01-20 18:36:30.516 17568 17703 V Robocol : sending CMD_NOTIFY_ROBOT_STATE(68), attempt: 0
01-20 18:36:30.517 17568 17703 V Robocol : sending CMD_SHOW_TOAST(70), attempt: 0
01-20 18:36:30.520 17568 17703 V Robocol : sending CMD_NOTIFY_ACTIVE_CONFIGURATION(72), attempt: 0
01-20 18:36:30.556 17568 17703 V Robocol : sending CMD_NOTIFY_USER_DEVICE_LIST(75), attempt: 0
01-20 18:36:30.558 17568 17703 V Robocol : sending CMD_NOTIFY_OP_MODE_LIST(78), attempt: 0
01-20 18:36:30.594 17568 17706 V SoundInfo: construct(0x0ef05ce6)
01-20 18:36:30.645 17568 17705 I MediaCodec: callingProcessName:com.qualcomm.ftcrobotcontroller
01-20 18:36:30.647 17568 17742 I ACodec  : onAllocateComponent:6752 mSoftCodecPref:0 componentName:
01-20 18:36:30.649 17568 17742 I ACodec  : onAllocateComponent:6783 mSoftCodecPref:0 componentName:OMX.google.raw.decoder
01-20 18:36:30.697 17568 17613 D SoundPlayer: onLoadComplete(samp=2|ms=4506, samp=2)=0
01-20 18:36:30.699 17568 17706 W AudioTrack: AUDIO_OUTPUT_FLAG_FAST denied by client; transfer 4, track 48000 Hz, output 44100 Hz
01-20 18:36:30.724 17568 17706 D SoundPlayer: playing volume=0.000000 samp=2|ms=4506
01-20 18:36:30.756 17568 17703 V Robocol : sending CMD_PLAY_SOUND(91), attempt: 0
01-20 18:36:30.998 17568 17728 I RobotCore: Attempting to switch to op mode $Stop$Robot$
01-20 18:36:31.001 17568 17728 D HardwareMap: Clearing which device instances have been retrieved
01-20 18:36:31.001 17568 17728 D HardwareMap: Clearing which device instances have been retrieved
01-20 18:36:31.008 17568 17746 V RobotCore: thread: 'OpModeThread' starting...
01-20 18:36:31.036 17568 17703 V Robocol : sending CMD_NOTIFY_INIT_OP_MODE(102), attempt: 0
01-20 18:36:55.348 17568 17688 V Robocol : received command: CMD_INIT_OP_MODE(10394) $Stop$Robot$
01-20 18:36:55.369 17568 17746 V RobotCore: thread: ...terminating 'OpModeThread'
01-20 18:36:55.371 17568 17728 I RobotCore: Attempting to switch to op mode $Stop$Robot$
01-20 18:36:55.373 17568 17728 D HardwareMap: Clearing which device instances have been retrieved
01-20 18:36:55.373 17568 17728 D HardwareMap: Clearing which device instances have been retrieved
01-20 18:36:55.378 17568 17880 V RobotCore: thread: 'OpModeThread' starting...
01-20 18:36:55.396 17568 17703 V Robocol : sending CMD_NOTIFY_INIT_OP_MODE(442), attempt: 0
01-20 18:37:00.268 17568 17688 V Robocol : received command: CMD_SET_MATCH_NUMBER(10467) 0
01-20 18:37:00.271 17568 17688 V Robocol : received command: CMD_INIT_OP_MODE(10468) Autonomous_Right
01-20 18:37:00.296 17568 17689 I RobotCore: ******************** START - OPMODE Autonomous_Right ********************
01-20 18:37:00.301 17568 17880 V RobotCore: thread: ...terminating 'OpModeThread'
01-20 18:37:00.305 17568 17728 I RobotCore: Attempting to switch to op mode Autonomous_Right
01-20 18:37:00.505 17568 17728 D HardwareMap: Clearing which device instances have been retrieved
01-20 18:37:00.505 17568 17728 D HardwareMap: Clearing which device instances have been retrieved
01-20 18:37:00.509 17568 17906 V RobotCore: thread: 'OpModeThread' starting...
01-20 18:37:00.512 17568 17906 I global  :  RENO - AutonomousRight.runOpMode(AutonomousRight.java:117): Status - Initialized
01-20 18:37:00.516 17568 17703 V Robocol : sending CMD_NOTIFY_INIT_OP_MODE(526), attempt: 0
01-20 18:37:00.529 17568 17906 I System.out: OpenCvCameraBase ctor: EasyOpenCV version 1.5.2
01-20 18:37:00.539 17568 17906 I global  :  RENO - SlidersWith2Motors.init(SlidersWith2Motors.java:78): init slider motors.
01-20 18:37:00.540 17568 17908 D CameraManager: doOpenCamera()...
01-20 18:37:00.541 17568 17908 D CameraManager: requesting permission for camera: Webcam(D5386480)
01-20 18:37:00.562 17568 17703 V Robocol : sending CMD_STREAM_CHANGE(527), attempt: 0
01-20 18:37:00.567 17568 17908 D WebcamNameImpl: requesting permission for /dev/bus/usb/003/004
01-20 18:37:00.567 17568 17908 V WebcamNameImpl: asyncRequestUsbPermission()...
01-20 18:37:00.569 17568 17568 D OpenCvViewport: surfaceCreated()
01-20 18:37:00.569 17568 17568 D OpenCvViewport: ...surfaceCreated()
01-20 18:37:00.569 17568 17568 D OpenCvViewport: surfaceChanged()
01-20 18:37:00.569 17568 17568 D OpenCvViewport: CheckState(): user requested that we deactivate
01-20 18:37:00.570 17568 17568 D OpenCvViewport: CheckState(): already deactivated
01-20 18:37:00.570 17568 17568 D OpenCvViewport: ...surfaceChanged()
01-20 18:37:00.573 17568 17908 D WebcamNameImpl: permission already available for /dev/bus/usb/003/004
01-20 18:37:00.575 17568 17908 V WebcamNameImpl: ...asyncRequestUsbPermission()
01-20 18:37:00.575 17568 17908 D ContinuationSynchronizer: awaiting(camera open)...
01-20 18:37:00.575 17568 17913 D WebcamNameImpl: permission for /dev/bus/usb/003/004=true
01-20 18:37:00.575 17568 17913 D CameraManager: permission granted for camera: Webcam(D5386480)
01-20 18:37:00.576 17568 17913 D CameraManager: asyncOpenCamera(Webcam(D5386480))...
01-20 18:37:00.577 17568 17913 D CameraManager: asyncOpenWebcam(Webcam(D5386480))...
01-20 18:37:00.579 17568 17913 V UsbResiliantWebcam: construct(0x09677e9c)
01-20 18:37:00.581 17568 17913 D UsbResiliantWebcam: openAssumingPermission()...
01-20 18:37:00.588 17568 17913 D UvcContext: found webcam: usbPath=/dev/bus/usb/003/004 vid=0x46D pid=0x825 serial=D5386480 product=C270 HD WEBCAM
01-20 18:37:00.589 17568 17913 D Uvc     : [jni_context.cpp:120] Java_org_firstinspires_ftc_robotcore_internal_camera_libuvc_nativeobject_UvcContext_nativeCreateUvcDevice()...
01-20 18:37:00.589 17568 17913 V Uvc     : API: Java_org_firstinspires_ftc_robotcore_internal_camera_libuvc_nativeobject_UvcContext_nativeCreateUvcDevice: enter...
01-20 18:37:00.591 17568 17913 D libusb  : [30.186895] [000045f9] libusb: debug [op_create] op_create: szUsbPath=/dev/bus/usb/003/004 szSysfsDir=3-1.4
01-20 18:37:00.593 17568 17913 D libusb  : [30.188090] [000045f9] libusb: debug [initialize_device] initialize_device(szUsbPath=/dev/bus/usb/003/004 szSysfsDir=3-1.4)
01-20 18:37:00.593 17568 17913 D libusb  : [30.188812] [000045f9] libusb: debug [initialize_device] initialize_device(szUsbPath=(null) szSysfsDir=3-1)
01-20 18:37:00.594 17568 17913 E libusb  : [30.189573] [000045f9] libusb: error [initialize_device] unable to open serial number sysfs; error ignored
01-20 18:37:00.594 17568 17913 D libusb  : [30.189948] [000045f9] libusb: debug [initialize_device] initialize_device(szUsbPath=(null) szSysfsDir=usb3)
01-20 18:37:00.595 17568 17913 D Uvc     : [device.cpp:613] uvc_create_uvc_device()...
01-20 18:37:00.595 17568 17913 D Uvc     : [libuvc/libuvc_internal.h:346] uvc_device::uvc_device()...
01-20 18:37:00.595 17568 17913 D Uvc     : [libuvc/libuvc_internal.h:375] acquired vid=1133 & pid=2085
01-20 18:37:00.595 17568 17913 D Uvc     : [libuvc/libuvc_internal.h:346] ...uvc_device::uvc_device()
01-20 18:37:00.595 17568 17913 D Uvc     : [device.cpp:613] ...uvc_create_uvc_device() rc=0
01-20 18:37:00.595 17568 17913 V Uvc     : API: Java_org_firstinspires_ftc_robotcore_internal_camera_libuvc_nativeobject_UvcContext_nativeCreateUvcDevice: ...exit
01-20 18:37:00.595 17568 17913 D Uvc     : [jni_context.cpp:120] ...Java_org_firstinspires_ftc_robotcore_internal_camera_libuvc_nativeobject_UvcContext_nativeCreateUvcDevice()
01-20 18:37:00.596 17568 17913 V UvcDevice: construct(pointer=0xce09f800|null)
01-20 18:37:00.597 17568 17913 D Uvc     : [jni_device.cpp:108] Java_org_firstinspires_ftc_robotcore_internal_camera_libuvc_nativeobject_UvcDevice_nativeGetLibUsbDevice()...
01-20 18:37:00.597 17568 17913 D Uvc     : [jni_device.cpp:108] ...Java_org_firstinspires_ftc_robotcore_internal_camera_libuvc_nativeobject_UvcDevice_nativeGetLibUsbDevice()
01-20 18:37:00.597 17568 17913 V LibUsbDevice: construct(pointer=0xd252b560)
01-20 18:37:00.598 17568 17913 D UvcContext: usb device is *not* UVC compatible, /dev/bus/usb/003/003
01-20 18:37:00.604 17568 17913 D UvcDevice: open()...
01-20 18:37:00.613 17568 17906 I global  :  RENO - ChassisWith4Motors.init(ChassisWith4Motors.java:127): init driving motors.
01-20 18:37:00.662 17568 17906 I I2C     : Automatically initializing I2C device LynxEmbeddedBNO055IMUNew (USB (embedded); module 173; bus 0; addr7=0x28)
01-20 18:37:00.662 17568 17906 V BNO055  : Suppressing I2C warnings while we check for a BNO055 IMU
01-20 18:37:00.662 17568 17913 D Uvc     : [jni_device.cpp:50] Java_org_firstinspires_ftc_robotcore_internal_camera_libuvc_nativeobject_UvcDevice_nativeSetUsbDeviceInfo()...
01-20 18:37:00.662 17568 17913 D Uvc     : [jni_device.cpp:50] ...Java_org_firstinspires_ftc_robotcore_internal_camera_libuvc_nativeobject_UvcDevice_nativeSetUsbDeviceInfo()
01-20 18:37:00.663 17568 17913 D Uvc     : [jni_device.cpp:233] Java_org_firstinspires_ftc_robotcore_internal_camera_libuvc_nativeobject_UvcDevice_nativeOpenDeviceHandle()...
01-20 18:37:00.663 17568 17913 V Uvc     : API: Java_org_firstinspires_ftc_robotcore_internal_camera_libuvc_nativeobject_UvcDevice_nativeOpenDeviceHandle: enter...
01-20 18:37:00.663 17568 17913 D Uvc     : [device.cpp:279] uvc_open()...
01-20 18:37:00.664 17568 17913 D Uvc     : [libuvc/libuvc_internal.h:356] uvc_device::open()...
01-20 18:37:00.664 17568 17913 D libusb  : [30.259066] [000045f9] libusb: debug [op_open] op_open: szUsbPath=/dev/bus/usb/003/004
01-20 18:37:00.664 17568 17913 D Uvc     : [libuvc/libuvc_internal.h:356] ...uvc_device::open() rc=0
01-20 18:37:00.664 17568 17913 D Uvc     : [device.cpp:295] calling libusb_reset_device()...
01-20 18:37:00.669 17568 17906 V BNO055  : Found BNO055 IMU
01-20 18:37:00.742 17568 17906 V BNO055  : Suppressing I2C warnings while we check for a BNO055 IMU
01-20 18:37:00.746 17568 17906 V BNO055  : Found BNO055 IMU
01-20 18:37:00.905 17568 17906 I I2C     : Automatically initializing I2C device Rev2mDistanceSensor (USB (embedded); module 2; bus 1; addr7=0x29)
01-20 18:37:00.905 17568 17906 D STMicroVL53L0X: : Checking to see if it's really a VL53L0X sensor...
01-20 18:37:00.911 17568 17906 D STMicroVL53L0X: : Reg 0xC0 = ee (should be 0xEE)
01-20 18:37:00.916 17568 17906 D STMicroVL53L0X: : Reg 0xC1 = aa (should be 0xAA)
01-20 18:37:00.921 17568 17906 D STMicroVL53L0X: : Reg 0xC2 = 10 (should be 0x10)
01-20 18:37:00.926 17568 17906 D STMicroVL53L0X: : Reg 0x51 = 0 (should be 0x0099)
01-20 18:37:00.932 17568 17906 D STMicroVL53L0X: : Reg 0x61 = 0 (should be 0x0000)
01-20 18:37:00.970 17568 17906 D STMicroVL53L0X: : initial sig rate lim (MCPS) 0.250000
01-20 18:37:00.979 17568 17906 D STMicroVL53L0X: : adjusted sig rate lim (MCPS) 0.250000
01-20 18:37:01.231 17568 17913 D Uvc     : [device.cpp:303] ...libusb_reset_device() called
01-20 18:37:01.231 17568 17913 D Uvc     : [device.cpp:311] libusb_open() = 0
01-20 18:37:01.231 17568 17913 D Uvc     : [libuvc/libuvc_internal.h:732] uvc_device_handle::uvc_device_handle()...
01-20 18:37:01.231 17568 17913 D Uvc     : [libuvc/libuvc_internal.h:732] ...uvc_device_handle::uvc_device_handle()
01-20 18:37:01.231 17568 17913 D Uvc     : [device.cpp:386] uvc_get_device_info()...
01-20 18:37:01.231 17568 17913 D libusb  : [30.826733] [000045f9] libusb: debug [op_get_config_descriptor] op_get_config_descriptor: config_index=0
01-20 18:37:01.231 17568 17913 D libusb  : [30.826895] [000045f9] libusb: debug [op_get_config_descriptor] op_get_config_descriptor: config_index=0
01-20 18:37:01.232 17568 17913 D Uvc     : [device.cpp:986] uvc_scan_control()...
01-20 18:37:01.232 17568 17913 D Uvc     : [device.cpp:1041] uvc_parse_vc_header()...
01-20 18:37:01.232 17568 17913 D Uvc     : [device.cpp:1284] uvc_scan_streaming()...
01-20 18:37:01.232 17568 17913 D Uvc     : [device.cpp:1340] uvc_parse_vs_input_header()...
01-20 18:37:01.232 17568 17913 D Uvc     : [device.cpp:1340] ...uvc_parse_vs_input_header() rc=0
01-20 18:37:01.232 17568 17913 D Uvc     : [device.cpp:1389] uvc_parse_vs_format_uncompressed()...
01-20 18:37:01.232 17568 17913 D Uvc     : [device.cpp:1389] ...uvc_parse_vs_format_uncompressed() rc=0
01-20 18:37:01.236 17568 17913 V Uvc     : [device.cpp:1630] unsupported descriptor subtype: 13 UVC_VS_COLORFORMAT
01-20 18:37:01.236 17568 17913 D Uvc     : [device.cpp:1449] uvc_parse_vs_format_mjpeg()...
01-20 18:37:01.236 17568 17913 D Uvc     : [device.cpp:1449] ...uvc_parse_vs_format_mjpeg() rc=0
01-20 18:37:01.237 17568 17913 V Uvc     : [device.cpp:1630] unsupported descriptor subtype: 13 UVC_VS_COLORFORMAT
01-20 18:37:01.237 17568 17913 D Uvc     : [device.cpp:1284] ...uvc_scan_streaming() rc=0
01-20 18:37:01.237 17568 17913 D Uvc     : [device.cpp:1041] ...uvc_parse_vc_header() rc=0
01-20 18:37:01.237 17568 17913 D Uvc     : [device.cpp:1083] uvc_parse_vc_input_terminal()...
01-20 18:37:01.237 17568 17913 D Uvc     : [device.cpp:1083] ...uvc_parse_vc_input_terminal() rc=0
01-20 18:37:01.237 17568 17913 D Uvc     : [device.cpp:1156] uvc_parse_vc_processing_unit()...
01-20 18:37:01.237 17568 17913 D Uvc     : [device.cpp:1156] ...uvc_parse_vc_processing_unit() rc=0
01-20 18:37:01.238 17568 17913 D Uvc     : [device.cpp:986] ...uvc_scan_control() rc=0
01-20 18:37:01.238 17568 17913 D Uvc     : [device.cpp:386] ...uvc_get_device_info() rc=0
01-20 18:37:01.238 17568 17913 D Uvc     : [device.cpp:326] claiming control interface 0
01-20 18:37:01.238 17568 17913 D Uvc     : [libuvc/libuvc_internal.h:770] uvc_device_handle::claimInterface(idx=0)...
01-20 18:37:01.238 17568 17913 D UvcDevice: claimInterface(0)
01-20 18:37:01.239 17568 17913 D UvcDevice: claimInterface(0) succeeded
01-20 18:37:01.240 17568 17913 D Uvc     : [libuvc/libuvc_internal.h:783] claimInterface(0) succeeded
01-20 18:37:01.240 17568 17913 D Uvc     : [libuvc/libuvc_internal.h:770] ...uvc_device_handle::claimInterface() rc=0
01-20 18:37:01.240 17568 17913 D Uvc     : [device.cpp:279] ...uvc_open() rc=0
01-20 18:37:01.240 17568 17913 V Uvc     : API: Java_org_firstinspires_ftc_robotcore_internal_camera_libuvc_nativeobject_UvcDevice_nativeOpenDeviceHandle: ...exit
01-20 18:37:01.240 17568 17913 D Uvc     : [jni_device.cpp:233] ...Java_org_firstinspires_ftc_robotcore_internal_camera_libuvc_nativeobject_UvcDevice_nativeOpenDeviceHandle()
01-20 18:37:01.241 17568 17913 V UvcDeviceHandle: construct(pointer=0xce0ba470)
01-20 18:37:01.243 17568 17913 V CameraImpl: construct(0x0830dc7a)
01-20 18:37:01.245 17568 17913 D UsbResiliantWebcam.InterveningStateCallback: onOpened() camera=CameraImpl(UvcDeviceHandle(pointer=0xce0ba470|UvcDevice(/dev/bus/usb/003/004)))...
01-20 18:37:01.247 17568 17913 D UsbResiliantWebcam: changeDelegatedCamera(null->CameraImpl(UvcDeviceHandle(pointer=0xce0ba470|UvcDevice(/dev/bus/usb/003/004))))...
01-20 18:37:01.248 17568 17913 D UvcApiFocusControl: isModeSupported(Auto)...
01-20 18:37:01.250 17568 17913 D UvcApiFocusControl: ...isModeSupported(Auto): false
01-20 18:37:01.251 17568 17913 D UvcApiFocusControl: isModeSupported(ContinuousAuto)...
01-20 18:37:01.251 17568 17913 D UvcApiFocusControl: ...isModeSupported(ContinuousAuto): false
01-20 18:37:01.252 17568 17913 D UvcApiFocusControl: isModeSupported(Macro)...
01-20 18:37:01.252 17568 17913 D UvcApiFocusControl: ...isModeSupported(Macro): false
01-20 18:37:01.253 17568 17913 D UvcApiFocusControl: isModeSupported(Infinity)...
01-20 18:37:01.253 17568 17913 D UvcApiFocusControl: ...isModeSupported(Infinity): false
01-20 18:37:01.253 17568 17913 D UvcApiFocusControl: isModeSupported(Fixed)...
01-20 18:37:01.254 17568 17913 D UvcApiFocusControl: ...isModeSupported(Fixed): true
01-20 18:37:01.255 17568 17913 D UvcApiFocusControl: isFocusLengthSupported...
01-20 18:37:01.257 17568 17913 D UvcApiFocusControl: ...isFocusLengthSupported: false
01-20 18:37:01.262 17568 17913 D CachingExposureControl: onCameraChanged(null->CameraImpl(UvcDeviceHandle(pointer=0xce0ba470|UvcDevice(/dev/bus/usb/003/004))))...
01-20 18:37:01.262 17568 17913 D UvcApiExposureControl: isModeSupported(Auto)...
01-20 18:37:01.266 17568 17913 D UvcApiExposureControl: ...isModeSupported(Auto): false
01-20 18:37:01.266 17568 17913 D UvcApiExposureControl: isModeSupported(ContinuousAuto)...
01-20 18:37:01.268 17568 17913 D UvcApiExposureControl: ...isModeSupported(ContinuousAuto): false
01-20 18:37:01.269 17568 17913 D UvcApiExposureControl: isModeSupported(Manual)...
01-20 18:37:01.270 17568 17913 D UvcApiExposureControl: ...isModeSupported(Manual): true
01-20 18:37:01.271 17568 17913 D UvcApiExposureControl: isModeSupported(ShutterPriority)...
01-20 18:37:01.272 17568 17913 D UvcApiExposureControl: ...isModeSupported(ShutterPriority): false
01-20 18:37:01.273 17568 17913 D UvcApiExposureControl: isModeSupported(AperturePriority)...
01-20 18:37:01.275 17568 17913 D UvcApiExposureControl: ...isModeSupported(AperturePriority): true
01-20 18:37:01.275 17568 17913 D UvcApiExposureControl: isExposureSupported()...
01-20 18:37:01.276 17568 17913 D UvcApiExposureControl: ...isExposureSupported(): true
01-20 18:37:01.277 17568 17913 D UvcApiExposureControl: getMinExposure(NANOSECONDS)...
01-20 18:37:01.278 17568 17913 D Uvc     : [jni_devicehandle.cpp:645] Java_org_firstinspires_ftc_robotcore_internal_camera_libuvc_nativeobject_UvcDeviceHandle_nativeGetMinExposure()...
01-20 18:37:01.280 17568 17913 D Uvc     : [jni_devicehandle.cpp:645] ...Java_org_firstinspires_ftc_robotcore_internal_camera_libuvc_nativeobject_UvcDeviceHandle_nativeGetMinExposure()
01-20 18:37:01.280 17568 17913 D UvcApiExposureControl: ...getMinExposure(NANOSECONDS): 100000
01-20 18:37:01.283 17568 17913 D UvcApiExposureControl: getMaxExposure(NANOSECONDS)...
01-20 18:37:01.286 17568 17913 D UvcApiExposureControl: ...getMaxExposure(NANOSECONDS): 1000000000
01-20 18:37:01.286 17568 17913 D UvcApiExposureControl: setAePriority()...
01-20 18:37:01.289 17568 17913 D UvcApiExposureControl: ...setAePriority()
01-20 18:37:01.290 17568 17913 D UvcApiExposureControl: getMode()...
01-20 18:37:01.291 17568 17913 D Uvc     : [jni_devicehandle.cpp:493] Java_org_firstinspires_ftc_robotcore_internal_camera_libuvc_nativeobject_UvcDeviceHandle_nativeGetVuforiaExposureMode()...
01-20 18:37:01.292 17568 17913 D Uvc     : [jni_devicehandle.cpp:493] ...Java_org_firstinspires_ftc_robotcore_internal_camera_libuvc_nativeobject_UvcDeviceHandle_nativeGetVuforiaExposureMode()
01-20 18:37:01.292 17568 17913 D UvcApiExposureControl: ...getMode(): AperturePriority
01-20 18:37:01.296 17568 17913 D CachingExposureControl: ...onCameraChanged(null->CameraImpl(UvcDeviceHandle(pointer=0xce0ba470|UvcDevice(/dev/bus/usb/003/004))))
