01-03 21:08:49.876 19225 19490 I global  :  RENO - ObjectDetection.sleeveColorDetect(ObjectDetection.java:151): Sleeve position: LEFT
01-03 21:08:49.938 19225 19490 I global  :  RENO - ObjectDetection.sleeveColorDetect(ObjectDetection.java:125): Start Opcv process to detect sleeve color.
01-03 21:08:49.939 19225 19490 I global  :  RENO - ObjectDetection.sleeveColorDetect(ObjectDetection.java:132): Sleeve max color = 50442.00, 30229.00, 29174.00
01-03 21:08:49.940 19225 19490 I global  :  RENO - ObjectDetection.sleeveColorDetect(ObjectDetection.java:151): Sleeve position: LEFT
01-03 21:08:50.006 19225 19490 I global  :  RENO - ObjectDetection.sleeveColorDetect(ObjectDetection.java:125): Start Opcv process to detect sleeve color.
01-03 21:08:50.007 19225 19490 I global  :  RENO - ObjectDetection.sleeveColorDetect(ObjectDetection.java:132): Sleeve max color = 50042.00, 30530.00, 28642.00
01-03 21:08:50.008 19225 19490 I global  :  RENO - ObjectDetection.sleeveColorDetect(ObjectDetection.java:151): Sleeve position: LEFT
01-03 21:08:50.074 19225 19490 I global  :  RENO - ObjectDetection.sleeveColorDetect(ObjectDetection.java:125): Start Opcv process to detect sleeve color.
01-03 21:08:50.075 19225 19490 I global  :  RENO - ObjectDetection.sleeveColorDetect(ObjectDetection.java:132): Sleeve max color = 50179.00, 30501.00, 28720.00
01-03 21:08:50.076 19225 19490 I global  :  RENO - ObjectDetection.sleeveColorDetect(ObjectDetection.java:151): Sleeve position: LEFT
01-03 21:08:50.138 19225 19490 I global  :  RENO - ObjectDetection.sleeveColorDetect(ObjectDetection.java:125): Start Opcv process to detect sleeve color.
01-03 21:08:50.139 19225 19490 I global  :  RENO - ObjectDetection.sleeveColorDetect(ObjectDetection.java:132): Sleeve max color = 49911.00, 30265.00, 29271.00
01-03 21:08:50.140 19225 19490 I global  :  RENO - ObjectDetection.sleeveColorDetect(ObjectDetection.java:151): Sleeve position: LEFT
01-03 21:08:50.206 19225 19490 I global  :  RENO - ObjectDetection.sleeveColorDetect(ObjectDetection.java:125): Start Opcv process to detect sleeve color.
01-03 21:08:50.207 19225 19490 I global  :  RENO - ObjectDetection.sleeveColorDetect(ObjectDetection.java:132): Sleeve max color = 50522.00, 30104.00, 29575.00
01-03 21:08:50.208 19225 19490 I global  :  RENO - ObjectDetection.sleeveColorDetect(ObjectDetection.java:151): Sleeve position: LEFT
01-03 21:08:50.274 19225 19490 I global  :  RENO - ObjectDetection.sleeveColorDetect(ObjectDetection.java:125): Start Opcv process to detect sleeve color.
01-03 21:08:50.275 19225 19490 I global  :  RENO - ObjectDetection.sleeveColorDetect(ObjectDetection.java:132): Sleeve max color = 50311.00, 30185.00, 29262.00
01-03 21:08:50.275 19225 19490 I global  :  RENO - ObjectDetection.sleeveColorDetect(ObjectDetection.java:151): Sleeve position: LEFT
01-03 21:08:50.342 19225 19490 I global  :  RENO - ObjectDetection.sleeveColorDetect(ObjectDetection.java:125): Start Opcv process to detect sleeve color.
01-03 21:08:50.343 19225 19490 I global  :  RENO - ObjectDetection.sleeveColorDetect(ObjectDetection.java:132): Sleeve max color = 50145.00, 30397.00, 29493.00
01-03 21:08:50.344 19225 19490 I global  :  RENO - ObjectDetection.sleeveColorDetect(ObjectDetection.java:151): Sleeve position: LEFT
01-03 21:08:50.406 19225 19490 I global  :  RENO - ObjectDetection.sleeveColorDetect(ObjectDetection.java:125): Start Opcv process to detect sleeve color.
01-03 21:08:50.407 19225 19490 I global  :  RENO - ObjectDetection.sleeveColorDetect(ObjectDetection.java:132): Sleeve max color = 50146.00, 30174.00, 29465.00
01-03 21:08:50.408 19225 19490 I global  :  RENO - ObjectDetection.sleeveColorDetect(ObjectDetection.java:151): Sleeve position: LEFT
01-03 21:08:50.474 19225 19490 I global  :  RENO - ObjectDetection.sleeveColorDetect(ObjectDetection.java:125): Start Opcv process to detect sleeve color.
01-03 21:08:50.475 19225 19490 I global  :  RENO - ObjectDetection.sleeveColorDetect(ObjectDetection.java:132): Sleeve max color = 49987.00, 30497.00, 28076.00
01-03 21:08:50.476 19225 19490 I global  :  RENO - ObjectDetection.sleeveColorDetect(ObjectDetection.java:151): Sleeve position: LEFT
01-03 21:08:50.542 19225 19490 I global  :  RENO - ObjectDetection.sleeveColorDetect(ObjectDetection.java:125): Start Opcv process to detect sleeve color.
01-03 21:08:50.543 19225 19490 I global  :  RENO - ObjectDetection.sleeveColorDetect(ObjectDetection.java:132): Sleeve max color = 49773.00, 30445.00, 29233.00
01-03 21:08:50.544 19225 19490 I global  :  RENO - ObjectDetection.sleeveColorDetect(ObjectDetection.java:151): Sleeve position: LEFT
01-03 21:08:50.610 19225 19490 I global  :  RENO - ObjectDetection.sleeveColorDetect(ObjectDetection.java:125): Start Opcv process to detect sleeve color.
01-03 21:08:50.611 19225 19490 I global  :  RENO - ObjectDetection.sleeveColorDetect(ObjectDetection.java:132): Sleeve max color = 49739.00, 30466.00, 29760.00
01-03 21:08:50.612 19225 19490 I global  :  RENO - ObjectDetection.sleeveColorDetect(ObjectDetection.java:151): Sleeve position: LEFT
01-03 21:08:50.674 19225 19490 I global  :  RENO - ObjectDetection.sleeveColorDetect(ObjectDetection.java:125): Start Opcv process to detect sleeve color.
01-03 21:08:50.675 19225 19490 I global  :  RENO - ObjectDetection.sleeveColorDetect(ObjectDetection.java:132): Sleeve max color = 49980.00, 30382.00, 29563.00
01-03 21:08:50.676 19225 19490 I global  :  RENO - ObjectDetection.sleeveColorDetect(ObjectDetection.java:151): Sleeve position: LEFT
01-03 21:08:50.742 19225 19490 I global  :  RENO - ObjectDetection.sleeveColorDetect(ObjectDetection.java:125): Start Opcv process to detect sleeve color.
01-03 21:08:50.743 19225 19490 I global  :  RENO - ObjectDetection.sleeveColorDetect(ObjectDetection.java:132): Sleeve max color = 50414.00, 30188.00, 29333.00
01-03 21:08:50.743 19225 19490 I global  :  RENO - ObjectDetection.sleeveColorDetect(ObjectDetection.java:151): Sleeve position: LEFT
01-03 21:08:50.810 19225 19490 I global  :  RENO - ObjectDetection.sleeveColorDetect(ObjectDetection.java:125): Start Opcv process to detect sleeve color.
01-03 21:08:50.811 19225 19490 I global  :  RENO - ObjectDetection.sleeveColorDetect(ObjectDetection.java:132): Sleeve max color = 50150.00, 30298.00, 29310.00
01-03 21:08:50.812 19225 19490 I global  :  RENO - ObjectDetection.sleeveColorDetect(ObjectDetection.java:151): Sleeve position: LEFT
01-03 21:08:50.874 19225 19490 I global  :  RENO - ObjectDetection.sleeveColorDetect(ObjectDetection.java:125): Start Opcv process to detect sleeve color.
01-03 21:08:50.875 19225 19490 I global  :  RENO - ObjectDetection.sleeveColorDetect(ObjectDetection.java:132): Sleeve max color = 49931.00, 30304.00, 29106.00
01-03 21:08:50.876 19225 19490 I global  :  RENO - ObjectDetection.sleeveColorDetect(ObjectDetection.java:151): Sleeve position: LEFT
01-03 21:08:50.942 19225 19490 I global  :  RENO - ObjectDetection.sleeveColorDetect(ObjectDetection.java:125): Start Opcv process to detect sleeve color.
01-03 21:08:50.943 19225 19490 I global  :  RENO - ObjectDetection.sleeveColorDetect(ObjectDetection.java:132): Sleeve max color = 50186.00, 30143.00, 29451.00
01-03 21:08:50.944 19225 19490 I global  :  RENO - ObjectDetection.sleeveColorDetect(ObjectDetection.java:151): Sleeve position: LEFT
01-03 21:08:51.010 19225 19490 I global  :  RENO - ObjectDetection.sleeveColorDetect(ObjectDetection.java:125): Start Opcv process to detect sleeve color.
01-03 21:08:51.011 19225 19490 I global  :  RENO - ObjectDetection.sleeveColorDetect(ObjectDetection.java:132): Sleeve max color = 49842.00, 30229.00, 29468.00
01-03 21:08:51.012 19225 19490 I global  :  RENO - ObjectDetection.sleeveColorDetect(ObjectDetection.java:151): Sleeve position: LEFT
01-03 21:08:51.078 19225 19490 I global  :  RENO - ObjectDetection.sleeveColorDetect(ObjectDetection.java:125): Start Opcv process to detect sleeve color.
01-03 21:08:51.079 19225 19490 I global  :  RENO - ObjectDetection.sleeveColorDetect(ObjectDetection.java:132): Sleeve max color = 50241.00, 30249.00, 28967.00
01-03 21:08:51.081 19225 19490 I global  :  RENO - ObjectDetection.sleeveColorDetect(ObjectDetection.java:151): Sleeve position: LEFT
01-03 21:08:51.143 19225 19490 I global  :  RENO - ObjectDetection.sleeveColorDetect(ObjectDetection.java:125): Start Opcv process to detect sleeve color.
01-03 21:08:51.144 19225 19490 I global  :  RENO - ObjectDetection.sleeveColorDetect(ObjectDetection.java:132): Sleeve max color = 49795.00, 30353.00, 28979.00
01-03 21:08:51.145 19225 19490 I global  :  RENO - ObjectDetection.sleeveColorDetect(ObjectDetection.java:151): Sleeve position: LEFT
01-03 21:08:51.210 19225 19490 I global  :  RENO - ObjectDetection.sleeveColorDetect(ObjectDetection.java:125): Start Opcv process to detect sleeve color.
01-03 21:08:51.211 19225 19490 I global  :  RENO - ObjectDetection.sleeveColorDetect(ObjectDetection.java:132): Sleeve max color = 50311.00, 30115.00, 29271.00
01-03 21:08:51.212 19225 19490 I global  :  RENO - ObjectDetection.sleeveColorDetect(ObjectDetection.java:151): Sleeve position: LEFT
01-03 21:08:51.278 19225 19490 I global  :  RENO - ObjectDetection.sleeveColorDetect(ObjectDetection.java:125): Start Opcv process to detect sleeve color.
01-03 21:08:51.280 19225 19490 I global  :  RENO - ObjectDetection.sleeveColorDetect(ObjectDetection.java:132): Sleeve max color = 50565.00, 30060.00, 29118.00
01-03 21:08:51.281 19225 19490 I global  :  RENO - ObjectDetection.sleeveColorDetect(ObjectDetection.java:151): Sleeve position: LEFT
01-03 21:08:51.343 19225 19490 I global  :  RENO - ObjectDetection.sleeveColorDetect(ObjectDetection.java:125): Start Opcv process to detect sleeve color.
01-03 21:08:51.345 19225 19490 I global  :  RENO - ObjectDetection.sleeveColorDetect(ObjectDetection.java:132): Sleeve max color = 50157.00, 30122.00, 28836.00
01-03 21:08:51.347 19225 19490 I global  :  RENO - ObjectDetection.sleeveColorDetect(ObjectDetection.java:151): Sleeve position: LEFT
01-03 21:08:51.410 19225 19490 I global  :  RENO - ObjectDetection.sleeveColorDetect(ObjectDetection.java:125): Start Opcv process to detect sleeve color.
01-03 21:08:51.411 19225 19490 I global  :  RENO - ObjectDetection.sleeveColorDetect(ObjectDetection.java:132): Sleeve max color = 49728.00, 30211.00, 28653.00
01-03 21:08:51.412 19225 19490 I global  :  RENO - ObjectDetection.sleeveColorDetect(ObjectDetection.java:151): Sleeve position: LEFT
01-03 21:08:51.478 19225 19490 I global  :  RENO - ObjectDetection.sleeveColorDetect(ObjectDetection.java:125): Start Opcv process to detect sleeve color.
01-03 21:08:51.479 19225 19490 I global  :  RENO - ObjectDetection.sleeveColorDetect(ObjectDetection.java:132): Sleeve max color = 50007.00, 30231.00, 28669.00
01-03 21:08:51.480 19225 19490 I global  :  RENO - ObjectDetection.sleeveColorDetect(ObjectDetection.java:151): Sleeve position: LEFT
01-03 21:08:51.546 19225 19490 I global  :  RENO - ObjectDetection.sleeveColorDetect(ObjectDetection.java:125): Start Opcv process to detect sleeve color.
01-03 21:08:51.547 19225 19490 I global  :  RENO - ObjectDetection.sleeveColorDetect(ObjectDetection.java:132): Sleeve max color = 49803.00, 30295.00, 28919.00
01-03 21:08:51.548 19225 19490 I global  :  RENO - ObjectDetection.sleeveColorDetect(ObjectDetection.java:151): Sleeve position: LEFT
01-03 21:08:51.610 19225 19490 I global  :  RENO - ObjectDetection.sleeveColorDetect(ObjectDetection.java:125): Start Opcv process to detect sleeve color.
01-03 21:08:51.611 19225 19490 I global  :  RENO - ObjectDetection.sleeveColorDetect(ObjectDetection.java:132): Sleeve max color = 50119.00, 30235.00, 29291.00
01-03 21:08:51.612 19225 19490 I global  :  RENO - ObjectDetection.sleeveColorDetect(ObjectDetection.java:151): Sleeve position: LEFT
01-03 21:08:51.678 19225 19490 I global  :  RENO - ObjectDetection.sleeveColorDetect(ObjectDetection.java:125): Start Opcv process to detect sleeve color.
01-03 21:08:51.679 19225 19490 I global  :  RENO - ObjectDetection.sleeveColorDetect(ObjectDetection.java:132): Sleeve max color = 50518.00, 30152.00, 29257.00
01-03 21:08:51.680 19225 19490 I global  :  RENO - ObjectDetection.sleeveColorDetect(ObjectDetection.java:151): Sleeve position: LEFT
01-03 21:08:51.746 19225 19490 I global  :  RENO - ObjectDetection.sleeveColorDetect(ObjectDetection.java:125): Start Opcv process to detect sleeve color.
01-03 21:08:51.747 19225 19490 I global  :  RENO - ObjectDetection.sleeveColorDetect(ObjectDetection.java:132): Sleeve max color = 50504.00, 29971.00, 29684.00
01-03 21:08:51.747 19225 19490 I global  :  RENO - ObjectDetection.sleeveColorDetect(ObjectDetection.java:151): Sleeve position: LEFT
01-03 21:08:51.814 19225 19490 I global  :  RENO - ObjectDetection.sleeveColorDetect(ObjectDetection.java:125): Start Opcv process to detect sleeve color.
01-03 21:08:51.815 19225 19490 I global  :  RENO - ObjectDetection.sleeveColorDetect(ObjectDetection.java:132): Sleeve max color = 50222.00, 30374.00, 29159.00
01-03 21:08:51.816 19225 19490 I global  :  RENO - ObjectDetection.sleeveColorDetect(ObjectDetection.java:151): Sleeve position: LEFT
01-03 21:08:51.878 19225 19490 I global  :  RENO - ObjectDetection.sleeveColorDetect(ObjectDetection.java:125): Start Opcv process to detect sleeve color.
01-03 21:08:51.879 19225 19490 I global  :  RENO - ObjectDetection.sleeveColorDetect(ObjectDetection.java:132): Sleeve max color = 50164.00, 30369.00, 29084.00
01-03 21:08:51.880 19225 19490 I global  :  RENO - ObjectDetection.sleeveColorDetect(ObjectDetection.java:151): Sleeve position: LEFT
01-03 21:08:51.946 19225 19490 I global  :  RENO - ObjectDetection.sleeveColorDetect(ObjectDetection.java:125): Start Opcv process to detect sleeve color.
01-03 21:08:51.947 19225 19490 I global  :  RENO - ObjectDetection.sleeveColorDetect(ObjectDetection.java:132): Sleeve max color = 50513.00, 30273.00, 29419.00
01-03 21:08:51.948 19225 19490 I global  :  RENO - ObjectDetection.sleeveColorDetect(ObjectDetection.java:151): Sleeve position: LEFT
01-03 21:08:52.014 19225 19490 I global  :  RENO - ObjectDetection.sleeveColorDetect(ObjectDetection.java:125): Start Opcv process to detect sleeve color.
01-03 21:08:52.015 19225 19490 I global  :  RENO - ObjectDetection.sleeveColorDetect(ObjectDetection.java:132): Sleeve max color = 50552.00, 30457.00, 29489.00
01-03 21:08:52.016 19225 19490 I global  :  RENO - ObjectDetection.sleeveColorDetect(ObjectDetection.java:151): Sleeve position: LEFT
01-03 21:08:52.078 19225 19490 I global  :  RENO - ObjectDetection.sleeveColorDetect(ObjectDetection.java:125): Start Opcv process to detect sleeve color.
01-03 21:08:52.079 19225 19490 I global  :  RENO - ObjectDetection.sleeveColorDetect(ObjectDetection.java:132): Sleeve max color = 50428.00, 30459.00, 28913.00
01-03 21:08:52.080 19225 19490 I global  :  RENO - ObjectDetection.sleeveColorDetect(ObjectDetection.java:151): Sleeve position: LEFT
01-03 21:08:52.146 19225 19490 I global  :  RENO - ObjectDetection.sleeveColorDetect(ObjectDetection.java:125): Start Opcv process to detect sleeve color.
01-03 21:08:52.147 19225 19490 I global  :  RENO - ObjectDetection.sleeveColorDetect(ObjectDetection.java:132): Sleeve max color = 50479.00, 30645.00, 29189.00
01-03 21:08:52.149 19225 19490 I global  :  RENO - ObjectDetection.sleeveColorDetect(ObjectDetection.java:151): Sleeve position: LEFT
01-03 21:08:52.214 19225 19490 I global  :  RENO - ObjectDetection.sleeveColorDetect(ObjectDetection.java:125): Start Opcv process to detect sleeve color.
01-03 21:08:52.216 19225 19490 I global  :  RENO - ObjectDetection.sleeveColorDetect(ObjectDetection.java:132): Sleeve max color = 50584.00, 30505.00, 29483.00
01-03 21:08:52.217 19225 19490 I global  :  RENO - ObjectDetection.sleeveColorDetect(ObjectDetection.java:151): Sleeve position: LEFT
01-03 21:08:52.282 19225 19490 I global  :  RENO - ObjectDetection.sleeveColorDetect(ObjectDetection.java:125): Start Opcv process to detect sleeve color.
01-03 21:08:52.283 19225 19490 I global  :  RENO - ObjectDetection.sleeveColorDetect(ObjectDetection.java:132): Sleeve max color = 50824.00, 30580.00, 29394.00
01-03 21:08:52.284 19225 19490 I global  :  RENO - ObjectDetection.sleeveColorDetect(ObjectDetection.java:151): Sleeve position: LEFT
01-03 21:08:52.346 19225 19490 I global  :  RENO - ObjectDetection.sleeveColorDetect(ObjectDetection.java:125): Start Opcv process to detect sleeve color.
01-03 21:08:52.347 19225 19490 I global  :  RENO - ObjectDetection.sleeveColorDetect(ObjectDetection.java:132): Sleeve max color = 50824.00, 30534.00, 29207.00
01-03 21:08:52.348 19225 19490 I global  :  RENO - ObjectDetection.sleeveColorDetect(ObjectDetection.java:151): Sleeve position: LEFT
01-03 21:08:52.414 19225 19490 I global  :  RENO - ObjectDetection.sleeveColorDetect(ObjectDetection.java:125): Start Opcv process to detect sleeve color.
01-03 21:08:52.415 19225 19490 I global  :  RENO - ObjectDetection.sleeveColorDetect(ObjectDetection.java:132): Sleeve max color = 50958.00, 30733.00, 29487.00
01-03 21:08:52.416 19225 19490 I global  :  RENO - ObjectDetection.sleeveColorDetect(ObjectDetection.java:151): Sleeve position: LEFT
01-03 21:08:52.482 19225 19490 I global  :  RENO - ObjectDetection.sleeveColorDetect(ObjectDetection.java:125): Start Opcv process to detect sleeve color.
01-03 21:08:52.483 19225 19490 I global  :  RENO - ObjectDetection.sleeveColorDetect(ObjectDetection.java:132): Sleeve max color = 51074.00, 30916.00, 29676.00
01-03 21:08:52.483 19225 19490 I global  :  RENO - ObjectDetection.sleeveColorDetect(ObjectDetection.java:151): Sleeve position: LEFT
01-03 21:08:52.546 19225 19490 I global  :  RENO - ObjectDetection.sleeveColorDetect(ObjectDetection.java:125): Start Opcv process to detect sleeve color.
01-03 21:08:52.547 19225 19490 I global  :  RENO - ObjectDetection.sleeveColorDetect(ObjectDetection.java:132): Sleeve max color = 50873.00, 30937.00, 29148.00
01-03 21:08:52.547 19225 19490 I global  :  RENO - ObjectDetection.sleeveColorDetect(ObjectDetection.java:151): Sleeve position: LEFT
01-03 21:08:52.614 19225 19490 I global  :  RENO - ObjectDetection.sleeveColorDetect(ObjectDetection.java:125): Start Opcv process to detect sleeve color.
01-03 21:08:52.615 19225 19490 I global  :  RENO - ObjectDetection.sleeveColorDetect(ObjectDetection.java:132): Sleeve max color = 51029.00, 30750.00, 30183.00
01-03 21:08:52.616 19225 19490 I global  :  RENO - ObjectDetection.sleeveColorDetect(ObjectDetection.java:151): Sleeve position: LEFT
01-03 21:08:52.682 19225 19490 I global  :  RENO - ObjectDetection.sleeveColorDetect(ObjectDetection.java:125): Start Opcv process to detect sleeve color.
01-03 21:08:52.683 19225 19490 I global  :  RENO - ObjectDetection.sleeveColorDetect(ObjectDetection.java:132): Sleeve max color = 51023.00, 30699.00, 29825.00
01-03 21:08:52.684 19225 19490 I global  :  RENO - ObjectDetection.sleeveColorDetect(ObjectDetection.java:151): Sleeve position: LEFT
01-03 21:08:52.750 19225 19490 I global  :  RENO - ObjectDetection.sleeveColorDetect(ObjectDetection.java:125): Start Opcv process to detect sleeve color.
01-03 21:08:52.751 19225 19490 I global  :  RENO - ObjectDetection.sleeveColorDetect(ObjectDetection.java:132): Sleeve max color = 50863.00, 30641.00, 29875.00
01-03 21:08:52.752 19225 19490 I global  :  RENO - ObjectDetection.sleeveColorDetect(ObjectDetection.java:151): Sleeve position: LEFT
01-03 21:08:52.814 19225 19490 I global  :  RENO - ObjectDetection.sleeveColorDetect(ObjectDetection.java:125): Start Opcv process to detect sleeve color.
01-03 21:08:52.815 19225 19490 I global  :  RENO - ObjectDetection.sleeveColorDetect(ObjectDetection.java:132): Sleeve max color = 51230.00, 30672.00, 30354.00
01-03 21:08:52.816 19225 19490 I global  :  RENO - ObjectDetection.sleeveColorDetect(ObjectDetection.java:151): Sleeve position: LEFT
01-03 21:08:52.882 19225 19490 I global  :  RENO - ObjectDetection.sleeveColorDetect(ObjectDetection.java:125): Start Opcv process to detect sleeve color.
01-03 21:08:52.883 19225 19490 I global  :  RENO - ObjectDetection.sleeveColorDetect(ObjectDetection.java:132): Sleeve max color = 50974.00, 30946.00, 30171.00
01-03 21:08:52.884 19225 19490 I global  :  RENO - ObjectDetection.sleeveColorDetect(ObjectDetection.java:151): Sleeve position: LEFT
01-03 21:08:52.950 19225 19490 I global  :  RENO - ObjectDetection.sleeveColorDetect(ObjectDetection.java:125): Start Opcv process to detect sleeve color.
01-03 21:08:52.951 19225 19490 I global  :  RENO - ObjectDetection.sleeveColorDetect(ObjectDetection.java:132): Sleeve max color = 51300.00, 30734.00, 29613.00
01-03 21:08:52.952 19225 19490 I global  :  RENO - ObjectDetection.sleeveColorDetect(ObjectDetection.java:151): Sleeve position: LEFT
01-03 21:08:53.018 19225 19490 I global  :  RENO - ObjectDetection.sleeveColorDetect(ObjectDetection.java:125): Start Opcv process to detect sleeve color.
01-03 21:08:53.020 19225 19490 I global  :  RENO - ObjectDetection.sleeveColorDetect(ObjectDetection.java:132): Sleeve max color = 50839.00, 31018.00, 29858.00
01-03 21:08:53.021 19225 19490 I global  :  RENO - ObjectDetection.sleeveColorDetect(ObjectDetection.java:151): Sleeve position: LEFT
01-03 21:08:53.082 19225 19490 I global  :  RENO - ObjectDetection.sleeveColorDetect(ObjectDetection.java:125): Start Opcv process to detect sleeve color.
01-03 21:08:53.083 19225 19490 I global  :  RENO - ObjectDetection.sleeveColorDetect(ObjectDetection.java:132): Sleeve max color = 50995.00, 30812.00, 30216.00
01-03 21:08:53.084 19225 19490 I global  :  RENO - ObjectDetection.sleeveColorDetect(ObjectDetection.java:151): Sleeve position: LEFT
01-03 21:08:53.150 19225 19490 I global  :  RENO - ObjectDetection.sleeveColorDetect(ObjectDetection.java:125): Start Opcv process to detect sleeve color.
01-03 21:08:53.151 19225 19490 I global  :  RENO - ObjectDetection.sleeveColorDetect(ObjectDetection.java:132): Sleeve max color = 51214.00, 30842.00, 29121.00
01-03 21:08:53.152 19225 19490 I global  :  RENO - ObjectDetection.sleeveColorDetect(ObjectDetection.java:151): Sleeve position: LEFT
01-03 21:08:53.218 19225 19490 I global  :  RENO - ObjectDetection.sleeveColorDetect(ObjectDetection.java:125): Start Opcv process to detect sleeve color.
01-03 21:08:53.219 19225 19490 I global  :  RENO - ObjectDetection.sleeveColorDetect(ObjectDetection.java:132): Sleeve max color = 50950.00, 30799.00, 29674.00
01-03 21:08:53.220 19225 19490 I global  :  RENO - ObjectDetection.sleeveColorDetect(ObjectDetection.java:151): Sleeve position: LEFT
01-03 21:08:53.282 19225 19490 I global  :  RENO - ObjectDetection.sleeveColorDetect(ObjectDetection.java:125): Start Opcv process to detect sleeve color.
01-03 21:08:53.283 19225 19490 I global  :  RENO - ObjectDetection.sleeveColorDetect(ObjectDetection.java:132): Sleeve max color = 51253.00, 30429.00, 30987.00
01-03 21:08:53.284 19225 19490 I global  :  RENO - ObjectDetection.sleeveColorDetect(ObjectDetection.java:151): Sleeve position: LEFT
01-03 21:08:53.353 19225 19490 I global  :  RENO - ObjectDetection.sleeveColorDetect(ObjectDetection.java:125): Start Opcv process to detect sleeve color.
01-03 21:08:53.354 19225 19490 I global  :  RENO - ObjectDetection.sleeveColorDetect(ObjectDetection.java:132): Sleeve max color = 51114.00, 30941.00, 30000.00
01-03 21:08:53.355 19225 19490 I global  :  RENO - ObjectDetection.sleeveColorDetect(ObjectDetection.java:151): Sleeve position: LEFT
01-03 21:08:53.420 19225 19490 I global  :  RENO - ObjectDetection.sleeveColorDetect(ObjectDetection.java:125): Start Opcv process to detect sleeve color.
01-03 21:08:53.421 19225 19490 I global  :  RENO - ObjectDetection.sleeveColorDetect(ObjectDetection.java:132): Sleeve max color = 50757.00, 30767.00, 31138.00
01-03 21:08:53.422 19225 19490 I global  :  RENO - ObjectDetection.sleeveColorDetect(ObjectDetection.java:151): Sleeve position: LEFT
01-03 21:08:53.486 19225 19490 I global  :  RENO - ObjectDetection.sleeveColorDetect(ObjectDetection.java:125): Start Opcv process to detect sleeve color.
01-03 21:08:53.487 19225 19490 I global  :  RENO - ObjectDetection.sleeveColorDetect(ObjectDetection.java:132): Sleeve max color = 50905.00, 30918.00, 29873.00
01-03 21:08:53.488 19225 19490 I global  :  RENO - ObjectDetection.sleeveColorDetect(ObjectDetection.java:151): Sleeve position: LEFT
01-03 21:08:53.550 19225 19490 I global  :  RENO - ObjectDetection.sleeveColorDetect(ObjectDetection.java:125): Start Opcv process to detect sleeve color.
01-03 21:08:53.551 19225 19490 I global  :  RENO - ObjectDetection.sleeveColorDetect(ObjectDetection.java:132): Sleeve max color = 51060.00, 30877.00, 29338.00
01-03 21:08:53.552 19225 19490 I global  :  RENO - ObjectDetection.sleeveColorDetect(ObjectDetection.java:151): Sleeve position: LEFT
01-03 21:08:53.618 19225 19490 I global  :  RENO - ObjectDetection.sleeveColorDetect(ObjectDetection.java:125): Start Opcv process to detect sleeve color.
01-03 21:08:53.619 19225 19490 I global  :  RENO - ObjectDetection.sleeveColorDetect(ObjectDetection.java:132): Sleeve max color = 50999.00, 30662.00, 30112.00
01-03 21:08:53.622 19225 19490 I global  :  RENO - ObjectDetection.sleeveColorDetect(ObjectDetection.java:151): Sleeve position: LEFT
01-03 21:08:53.631 19225 19335 V Robocol : received command: CMD_RUN_OP_MODE(11058) Autonomous_Right
01-03 21:08:53.639 19225 19480 I System.out: stopRecordingPipeline()
01-03 21:08:53.639 19225 19480 I System.out: ...stopRecordingPipeline()
01-03 21:08:53.640 19225 19480 D UsbResiliantWebcam|DelCaptureSession: stopCapture()...
01-03 21:08:53.640 19225 19480 D UsbResiliantWebcam|DelCaptureSequence: undoStreaming()...
01-03 21:08:53.640 19225 19480 D UvcApiCaptureSession: stopCapture()...
01-03 21:08:53.640 19225 19480 D Uvc     : [jni_streamhandle.cpp:184] Java_org_firstinspires_ftc_robotcore_internal_camera_libuvc_nativeobject_UvcStreamHandle_nativeStopStreaming()...
01-03 21:08:53.640 19225 19480 V Uvc     : API: Java_org_firstinspires_ftc_robotcore_internal_camera_libuvc_nativeobject_UvcStreamHandle_nativeStopStreaming: enter...
01-03 21:08:53.640 19225 19480 D Uvc     : [stream.cpp:1514] uvc_stream_stop()...
01-03 21:08:53.640 19225 19480 D UvcStream: [stream.cpp:1542] cancelling extant transfers
01-03 21:08:53.643 19225 19225 D OpenCvViewport: surfaceDestroyed()
01-03 21:08:53.643 19225 19225 D OpenCvViewport: CheckState(): lifecycle mandates deactivation regardless of user
01-03 21:08:53.643 19225 19225 D OpenCvViewport: CheckState(): deactivating viewport
01-03 21:08:53.643 19225 19488 W System.err: java.lang.InterruptedException
01-03 21:08:53.643 19225 19488 W System.err: 	at java.lang.Object.wait(Native Method)
01-03 21:08:53.644 19225 19488 W System.err: 	at org.firstinspires.ftc.robotcore.internal.collections.EvictingBlockingQueue.take(EvictingBlockingQueue.java:143)
01-03 21:08:53.644 19225 19488 W System.err: 	at org.openftc.easyopencv.OpenCvViewport$RenderThread.run(OpenCvViewport.java:554)
01-03 21:08:53.644 19225 19488 D OpenCvViewportRenderThread: About to exit
01-03 21:08:53.644 19225 19225 D OpenCvViewport: ...surfaceDestroyed()
01-03 21:08:53.669 19225 19338 V Robocol : sending CMD_NOTIFY_RUN_OP_MODE(1111), attempt: 0
01-03 21:08:53.680 19225 19480 D Uvc     : [stream.cpp:1471] (waitForAllTransfers(waiting for cancelled transfers))...
01-03 21:08:53.681 19225 19480 D UvcStream: [stream.cpp:1485] no extant active transfers: continuing
01-03 21:08:53.682 19225 19480 D Uvc     : [stream.cpp:1471] ...()
01-03 21:08:53.682 19225 19480 D Uvc     : [stream.cpp:1189] uvc_stream_handle::stopIsochronousStreaming()...
01-03 21:08:53.682 19225 19480 D Uvc     : [libuvc/libuvc_internal.h:825] uvc_device_handle::setInterfaceAltSetting(setInterfaceAltSetting(intf=1 alt=0))...
01-03 21:08:53.682 19225 19480 D UvcDevice: setInterfaceAltSetting(1,0)
01-03 21:08:53.682 19225 19480 D UvcDevice: setInterfaceAltSetting(1,0) succeeded
01-03 21:08:53.682 19225 19480 D Uvc     : [libuvc/libuvc_internal.h:825] ...uvc_device_handle::setInterfaceAltSetting() rc=0
01-03 21:08:53.682 19225 19480 D Uvc     : [stream.cpp:1189] ...uvc_stream_handle::stopIsochronousStreaming() rc=0
01-03 21:08:53.682 19225 19480 D UvcStream: [stream.cpp:1558] awakening user thread
01-03 21:08:53.683 19225 19490 D UvcStream: [stream.cpp:1329] user callback thread stopped
01-03 21:08:53.683 19225 19480 D UvcStream: [stream.cpp:1567] waiting for user callback thread to finish
01-03 21:08:53.683 19225 19480 D Uvc     : [stream.cpp:1514] ...uvc_stream_stop() rc=0
01-03 21:08:53.683 19225 19480 V Uvc     : API: Java_org_firstinspires_ftc_robotcore_internal_camera_libuvc_nativeobject_UvcStreamHandle_nativeStopStreaming: ...exit
01-03 21:08:53.683 19225 19480 D Uvc     : [jni_streamhandle.cpp:184] ...Java_org_firstinspires_ftc_robotcore_internal_camera_libuvc_nativeobject_UvcStreamHandle_nativeStopStreaming()
01-03 21:08:53.683 19225 19480 V UvcFrameCallback: destroy(hash=0x0aa6cbaf)
01-03 21:08:53.683 19225 19480 V UvcFrameCallbackData: destroy(pointer=0xc6c1edf8)
01-03 21:08:53.685 19225 19480 V Uvc     : API: Java_org_firstinspires_ftc_robotcore_internal_camera_libuvc_nativeobject_UvcFrameCallback_nativeReleaseCallbackState: enter...
01-03 21:08:53.685 19225 19480 V Uvc     : API: Java_org_firstinspires_ftc_robotcore_internal_camera_libuvc_nativeobject_UvcFrameCallback_nativeReleaseCallbackState: ...exit
01-03 21:08:53.685 19225 19480 V UvcStreamHandle: destroy(pointer=0xcb9a45c0)
01-03 21:08:53.685 19225 19480 D Uvc     : [jni_streamhandle.cpp:184] Java_org_firstinspires_ftc_robotcore_internal_camera_libuvc_nativeobject_UvcStreamHandle_nativeStopStreaming()...
01-03 21:08:53.685 19225 19480 V Uvc     : API: Java_org_firstinspires_ftc_robotcore_internal_camera_libuvc_nativeobject_UvcStreamHandle_nativeStopStreaming: enter...
01-03 21:08:53.685 19225 19480 D Uvc     : [stream.cpp:1514] uvc_stream_stop()...
01-03 21:08:53.685 19225 19480 D Uvc     : [stream.cpp:1514] ...uvc_stream_stop() rc=0
01-03 21:08:53.685 19225 19480 V Uvc     : API: Java_org_firstinspires_ftc_robotcore_internal_camera_libuvc_nativeobject_UvcStreamHandle_nativeStopStreaming: ...exit
01-03 21:08:53.685 19225 19480 D Uvc     : [jni_streamhandle.cpp:184] ...Java_org_firstinspires_ftc_robotcore_internal_camera_libuvc_nativeobject_UvcStreamHandle_nativeStopStreaming()
01-03 21:08:53.686 19225 19480 D Uvc     : [jni_streamhandle.cpp:200] Java_org_firstinspires_ftc_robotcore_internal_camera_libuvc_nativeobject_UvcStreamHandle_nativeCloseStreamHandle()...
01-03 21:08:53.686 19225 19480 V Uvc     : API: Java_org_firstinspires_ftc_robotcore_internal_camera_libuvc_nativeobject_UvcStreamHandle_nativeCloseStreamHandle: enter...
01-03 21:08:53.686 19225 19480 D Uvc     : [stream.cpp:1584] uvc_stream_close()...
01-03 21:08:53.687 19225 19480 D Uvc     : [streamhandle.cpp:45] uvc_stream_handle::~uvc_stream_handle()...
01-03 21:08:53.687 19225 19480 D Uvc     : [streamhandle.cpp:66] uvc_stream_handle::releaseInterface()...
01-03 21:08:53.687 19225 19480 D Uvc     : [libuvc/libuvc_internal.h:793] uvc_device_handle::releaseInterface()...
01-03 21:08:53.687 19225 19480 D UvcDevice: releaseInterface(1)
01-03 21:08:53.687 19225 19480 D UvcDevice: releaseInterface(1) succeeded
01-03 21:08:53.687 19225 19480 D Uvc     : [libuvc/libuvc_internal.h:793] ...uvc_device_handle::releaseInterface() rc=0
01-03 21:08:53.688 19225 19480 D Uvc     : [streamhandle.cpp:66] ...uvc_stream_handle::releaseInterface()
01-03 21:08:53.688 19225 19480 D Uvc     : [streamhandle.cpp:45] ...uvc_stream_handle::~uvc_stream_handle()
01-03 21:08:53.688 19225 19480 D Uvc     : [stream.cpp:1584] ...uvc_stream_close()
01-03 21:08:53.688 19225 19480 V Uvc     : API: Java_org_firstinspires_ftc_robotcore_internal_camera_libuvc_nativeobject_UvcStreamHandle_nativeCloseStreamHandle: ...exit
01-03 21:08:53.688 19225 19480 D Uvc     : [jni_streamhandle.cpp:200] ...Java_org_firstinspires_ftc_robotcore_internal_camera_libuvc_nativeobject_UvcStreamHandle_nativeCloseStreamHandle()
01-03 21:08:53.689 19225 19489 D RobotCore: capture sequence DelegatingCaptureSequenceId(1) reports completed: lastFrame=359
01-03 21:08:53.690 19225 19480 V UvcApiCameraCaptureSequence: destroy(hash=0x09f51b89)
01-03 21:08:53.690 19225 19480 D UvcApiCaptureSession: ...stopCapture()
01-03 21:08:53.690 19225 19480 D UvcApiCaptureSession: doClose()...
01-03 21:08:53.691 19225 19480 D UvcApiCaptureSession: ...doClose()
01-03 21:08:53.691 19225 19487 D UsbResiliantWebcam|DelCaptureSession: camera session is closed: Webcam(D5386480)
01-03 21:08:53.691 19225 19480 D UsbResiliantWebcam|DelCaptureSequence: ...undoStreaming()
01-03 21:08:53.691 19225 19487 V UvcApiCaptureSession: destroy(hash=0x0e734690)
01-03 21:08:53.691 19225 19487 D UvcApiCaptureSession: destructor...
01-03 21:08:53.692 19225 19487 D UvcApiCaptureSession: ...destructor
01-03 21:08:53.692 19225 19489 D RobotCore: capture sequence DelegatingCaptureSequenceId(1) reports completed: lastFrame=359
01-03 21:08:53.693 19225 19480 V UsbResiliantWebcam|DelCaptureSequence: destroy(hash=0x0fc8ad53)
01-03 21:08:53.693 19225 19480 D UsbResiliantWebcam|DelCaptureSession: ...stopCapture()
01-03 21:08:53.693 19225 19480 D UsbResiliantWebcam|DelCaptureSession: doClose()...
01-03 21:08:53.694 19225 19480 D UsbResiliantWebcam|DelCaptureSession: ...doClose()
01-03 21:08:53.694 19225 19480 V UsbResiliantWebcam|DelCaptureSession: destroy(hash=0x0d31d38d)
01-03 21:08:53.695 19225 19480 D UsbResiliantWebcam|DelCaptureSession: destructor()...
01-03 21:08:53.695 19225 19480 D UsbResiliantWebcam|DelCaptureSession: ...destructor()
01-03 21:08:53.695 19225 19480 V CameraImpl: destroy(hash=0x0c0857b6)
01-03 21:08:53.696 19225 19480 D UsbResiliantWebcam: CameraImpl.destructor()...
01-03 21:08:53.696 19225 19480 D UsbResiliantWebcam: externalDestructor()...
01-03 21:08:53.696 19225 19480 V CameraImpl: destroy(hash=0x096ebdf4)
01-03 21:08:53.696 19225 19487 D CameraManager: camera reports closed: CameraImpl(UsbResiliantWebcam(Webcam(D5386480)))
01-03 21:08:53.696 19225 19480 D UvcDeviceHandle: CameraImpl.destructor()...
01-03 21:08:53.696 19225 19480 D UvcDeviceHandle: externalDestructor()...
01-03 21:08:53.697 19225 19480 D UsbResiliantWebcam: changeDelegatedCamera(CameraImpl(UvcDeviceHandle(pointer=0xc6e46a50|UvcDevice(/dev/bus/usb/003/004)))->null)...
01-03 21:08:53.698 19225 19480 D CachingExposureControl: onCameraChanged(CameraImpl(UvcDeviceHandle(pointer=0xc6e46a50|UvcDevice(/dev/bus/usb/003/004)))->null)...
01-03 21:08:53.699 19225 19480 D CachingExposureControl: ...onCameraChanged(CameraImpl(UvcDeviceHandle(pointer=0xc6e46a50|UvcDevice(/dev/bus/usb/003/004)))->null)
01-03 21:08:53.699 19225 19480 D UsbResiliantWebcam: ...changeDelegatedCamera(CameraImpl(UvcDeviceHandle(pointer=0xc6e46a50|UvcDevice(/dev/bus/usb/003/004)))->null)
01-03 21:08:53.699 19225 19480 D UvcDeviceHandle: ...externalDestructor()
01-03 21:08:53.699 19225 19480 V UvcDeviceHandle: destroy(pointer=0xc6e46a50)
01-03 21:08:53.699 19225 19480 D UvcDeviceHandle: destructor...
01-03 21:08:53.701 19225 19480 D Uvc     : [jni_devicehandle.cpp:87] Java_org_firstinspires_ftc_robotcore_internal_camera_libuvc_nativeobject_UvcDeviceHandle_nativeReleaseRefDeviceHandle()...
01-03 21:08:53.701 19225 19480 V Uvc     : API: Java_org_firstinspires_ftc_robotcore_internal_camera_libuvc_nativeobject_UvcDeviceHandle_nativeReleaseRefDeviceHandle: enter...
01-03 21:08:53.701 19225 19480 D Uvc     : [libuvc/libuvc_internal.h:872] uvc_device_handle::~uvc_device_handle()...
01-03 21:08:53.701 19225 19480 D Uvc     : [libuvc/libuvc_internal.h:840] uvc_device_handle::deconstruct()...
01-03 21:08:53.701 19225 19480 D Uvc     : [libuvc/libuvc_internal.h:751] uvc_device_handle::stop()...
01-03 21:08:53.701 19225 19480 D Uvc     : [libuvc/libuvc_internal.h:751] ...uvc_device_handle::stop()
01-03 21:08:53.701 19225 19480 D Uvc     : [libuvc/libuvc_internal.h:865] uvc_device_handle::close()...
01-03 21:08:53.701 19225 19480 E libusb  : [73.660955] [00004c18] libusb: error [do_close] Device handle closed while transfer was still being processed, but the device is still connected as far as we know
01-03 21:08:53.701 19225 19480 E libusb  : [73.661030] [00004c18] libusb: error [do_close] A cancellation hasn't even been scheduled on the transfer for which the device is closing
01-03 21:08:53.701 19225 19480 D Uvc     : [libuvc/libuvc_internal.h:865] ...uvc_device_handle::close()
01-03 21:08:53.701 19225 19480 D Uvc     : [libuvc/libuvc_internal.h:840] ...uvc_device_handle::deconstruct()
01-03 21:08:53.701 19225 19480 D Uvc     : [device.cpp:433] uvc_free_device_info()...
01-03 21:08:53.701 19225 19480 D Uvc     : [device.cpp:433] ...uvc_free_device_info()
01-03 21:08:53.701 19225 19480 D Uvc     : [libuvc/libuvc_internal.h:872] ...uvc_device_handle::~uvc_device_handle()
01-03 21:08:53.701 19225 19480 V Uvc     : API: Java_org_firstinspires_ftc_robotcore_internal_camera_libuvc_nativeobject_UvcDeviceHandle_nativeReleaseRefDeviceHandle: ...exit
01-03 21:08:53.701 19225 19480 D Uvc     : [jni_devicehandle.cpp:87] ...Java_org_firstinspires_ftc_robotcore_internal_camera_libuvc_nativeobject_UvcDeviceHandle_nativeReleaseRefDeviceHandle()
01-03 21:08:53.702 19225 19480 V UvcDevice: destroy(pointer=0xc70a7bc0|/dev/bus/usb/003/004)
01-03 21:08:53.702 19225 19480 D UsbDeviceConnectionJNI: close
01-03 21:08:53.702 19225 19480 D Uvc     : [jni_device.cpp:126] Java_org_firstinspires_ftc_robotcore_internal_camera_libuvc_nativeobject_UvcDevice_nativeReleaseRefDevice()...
01-03 21:08:53.702 19225 19480 V Uvc     : API: Java_org_firstinspires_ftc_robotcore_internal_camera_libuvc_nativeobject_UvcDevice_nativeReleaseRefDevice: enter...
01-03 21:08:53.702 19225 19480 D Uvc     : [device.cpp:882] uvc_unref_device()...
01-03 21:08:53.705 19225 19480 D Uvc     : [device.cpp:882] ...uvc_unref_device()
01-03 21:08:53.705 19225 19480 V Uvc     : API: Java_org_firstinspires_ftc_robotcore_internal_camera_libuvc_nativeobject_UvcDevice_nativeReleaseRefDevice: ...exit
01-03 21:08:53.705 19225 19480 D Uvc     : [jni_device.cpp:126] ...Java_org_firstinspires_ftc_robotcore_internal_camera_libuvc_nativeobject_UvcDevice_nativeReleaseRefDevice()
01-03 21:08:53.706 19225 19480 V LibUsbDevice: destroy(pointer=0xcb9b4560)
01-03 21:08:53.706 19225 19480 D Uvc     : [jni_libusb_device.cpp:64] Java_org_firstinspires_ftc_robotcore_internal_camera_libuvc_nativeobject_LibUsbDevice_nativeReleaseRefDevice()...
01-03 21:08:53.706 19225 19480 D Uvc     : [jni_libusb_device.cpp:64] ...Java_org_firstinspires_ftc_robotcore_internal_camera_libuvc_nativeobject_LibUsbDevice_nativeReleaseRefDevice()
01-03 21:08:53.706 19225 19480 D UvcDeviceHandle: ...destructor
01-03 21:08:53.706 19225 19480 D UvcDeviceHandle: ...CameraImpl.destructor()
01-03 21:08:53.706 19225 19480 D UsbResiliantWebcam: ...externalDestructor()
01-03 21:08:53.706 19225 19480 V UsbResiliantWebcam: destroy(hash=0x028fa106)
01-03 21:08:53.707 19225 19480 D UsbResiliantWebcam: destructor()...
01-03 21:08:53.707 19225 19480 D UsbResiliantWebcam: ...destructor()
01-03 21:08:53.707 19225 19480 D UsbResiliantWebcam: ...CameraImpl.destructor()
01-03 21:08:53.768 19225 19480 I global  :  RENO - ChassisWith4Motors.setPowerWithPIDControl(ChassisWith4Motors.java:545): tDistance = 56.00, currLocation = 0.00
01-03 21:08:53.769 19225 19480 I global  :  RENO - ChassisWith4Motors.setPowerWithPIDControl(ChassisWith4Motors.java:546): rampUpPower = 0.35, rampDownPower = 0.88
01-03 21:08:53.776 19225 19480 I global  :  RENO - ChassisWith4Motors.setPowerWithPIDControl(ChassisWith4Motors.java:551): power = 0.35, correction = 0.00, global angle = -0.022, last angle = -0.07
01-03 21:08:53.790 19225 19480 I global  :  RENO - ChassisWith4Motors.setPowerWithPIDControl(ChassisWith4Motors.java:545): tDistance = 56.00, currLocation = 0.00
01-03 21:08:53.791 19225 19480 I global  :  RENO - ChassisWith4Motors.setPowerWithPIDControl(ChassisWith4Motors.java:546): rampUpPower = 0.35, rampDownPower = 0.88
01-03 21:08:53.797 19225 19480 I global  :  RENO - ChassisWith4Motors.setPowerWithPIDControl(ChassisWith4Motors.java:551): power = 0.35, correction = 0.00, global angle = -0.022, last angle = -0.07
01-03 21:08:53.807 19225 19480 I global  :  RENO - ChassisWith4Motors.setPowerWithPIDControl(ChassisWith4Motors.java:545): tDistance = 56.00, currLocation = 0.00
01-03 21:08:53.808 19225 19480 I global  :  RENO - ChassisWith4Motors.setPowerWithPIDControl(ChassisWith4Motors.java:546): rampUpPower = 0.35, rampDownPower = 0.88
01-03 21:08:53.815 19225 19480 I global  :  RENO - ChassisWith4Motors.setPowerWithPIDControl(ChassisWith4Motors.java:551): power = 0.35, correction = 0.00, global angle = -0.015, last angle = -0.06
01-03 21:08:53.825 19225 19480 I global  :  RENO - ChassisWith4Motors.setPowerWithPIDControl(ChassisWith4Motors.java:545): tDistance = 56.00, currLocation = 0.06
01-03 21:08:53.826 19225 19480 I global  :  RENO - ChassisWith4Motors.setPowerWithPIDControl(ChassisWith4Motors.java:546): rampUpPower = 0.35, rampDownPower = 0.88
01-03 21:08:53.833 19225 19480 I global  :  RENO - ChassisWith4Motors.setPowerWithPIDControl(ChassisWith4Motors.java:551): power = 0.35, correction = 0.00, global angle = -0.011, last angle = -0.05
01-03 21:08:53.848 19225 19480 I global  :  RENO - ChassisWith4Motors.setPowerWithPIDControl(ChassisWith4Motors.java:545): tDistance = 56.00, currLocation = 0.20
01-03 21:08:53.849 19225 19480 I global  :  RENO - ChassisWith4Motors.setPowerWithPIDControl(ChassisWith4Motors.java:546): rampUpPower = 0.36, rampDownPower = 0.88
01-03 21:08:53.856 19225 19480 I global  :  RENO - ChassisWith4Motors.setPowerWithPIDControl(ChassisWith4Motors.java:551): power = 0.36, correction = -0.00, global angle = -0.019, last angle = -0.06
01-03 21:08:53.872 19225 19480 I global  :  RENO - ChassisWith4Motors.setPowerWithPIDControl(ChassisWith4Motors.java:545): tDistance = 56.00, currLocation = 0.33
01-03 21:08:53.873 19225 19480 I global  :  RENO - ChassisWith4Motors.setPowerWithPIDControl(ChassisWith4Motors.java:546): rampUpPower = 0.37, rampDownPower = 0.88
01-03 21:08:53.880 19225 19480 I global  :  RENO - ChassisWith4Motors.setPowerWithPIDControl(ChassisWith4Motors.java:551): power = 0.37, correction = 0.00, global angle = -0.071, last angle = -0.11
01-03 21:08:53.895 19225 19480 I global  :  RENO - ChassisWith4Motors.setPowerWithPIDControl(ChassisWith4Motors.java:545): tDistance = 56.00, currLocation = 0.47
01-03 21:08:53.896 19225 19480 I global  :  RENO - ChassisWith4Motors.setPowerWithPIDControl(ChassisWith4Motors.java:546): rampUpPower = 0.38, rampDownPower = 0.88
01-03 21:08:53.903 19225 19480 I global  :  RENO - ChassisWith4Motors.setPowerWithPIDControl(ChassisWith4Motors.java:551): power = 0.38, correction = 0.00, global angle = -0.103, last angle = -0.15
01-03 21:08:53.918 19225 19480 I global  :  RENO - ChassisWith4Motors.setPowerWithPIDControl(ChassisWith4Motors.java:545): tDistance = 56.00, currLocation = 0.67
01-03 21:08:53.919 19225 19480 I global  :  RENO - ChassisWith4Motors.setPowerWithPIDControl(ChassisWith4Motors.java:546): rampUpPower = 0.39, rampDownPower = 0.88
01-03 21:08:53.926 19225 19480 I global  :  RENO - ChassisWith4Motors.setPowerWithPIDControl(ChassisWith4Motors.java:551): power = 0.39, correction = 0.00, global angle = -0.131, last angle = -0.17
01-03 21:08:53.942 19225 19480 I global  :  RENO - ChassisWith4Motors.setPowerWithPIDControl(ChassisWith4Motors.java:545): tDistance = 56.00, currLocation = 0.93
01-03 21:08:53.943 19225 19480 I global  :  RENO - ChassisWith4Motors.setPowerWithPIDControl(ChassisWith4Motors.java:546): rampUpPower = 0.40, rampDownPower = 0.88
01-03 21:08:53.949 19225 19480 I global  :  RENO - ChassisWith4Motors.setPowerWithPIDControl(ChassisWith4Motors.java:551): power = 0.40, correction = 0.00, global angle = -0.088, last angle = -0.13
01-03 21:08:53.965 19225 19480 I global  :  RENO - ChassisWith4Motors.setPowerWithPIDControl(ChassisWith4Motors.java:545): tDistance = 56.00, currLocation = 1.20
01-03 21:08:53.966 19225 19480 I global  :  RENO - ChassisWith4Motors.setPowerWithPIDControl(ChassisWith4Motors.java:546): rampUpPower = 0.41, rampDownPower = 0.88
01-03 21:08:53.972 19225 19480 I global  :  RENO - ChassisWith4Motors.setPowerWithPIDControl(ChassisWith4Motors.java:551): power = 0.41, correction = 0.00, global angle = -0.057, last angle = -0.10
01-03 21:08:53.988 19225 19480 I global  :  RENO - ChassisWith4Motors.setPowerWithPIDControl(ChassisWith4Motors.java:545): tDistance = 56.00, currLocation = 1.50
01-03 21:08:53.989 19225 19480 I global  :  RENO - ChassisWith4Motors.setPowerWithPIDControl(ChassisWith4Motors.java:546): rampUpPower = 0.43, rampDownPower = 0.88
01-03 21:08:53.995 19225 19480 I global  :  RENO - ChassisWith4Motors.setPowerWithPIDControl(ChassisWith4Motors.java:551): power = 0.43, correction = 0.00, global angle = -0.053, last angle = -0.10
01-03 21:08:54.011 19225 19480 I global  :  RENO - ChassisWith4Motors.setPowerWithPIDControl(ChassisWith4Motors.java:545): tDistance = 56.00, currLocation = 1.82
01-03 21:08:54.012 19225 19480 I global  :  RENO - ChassisWith4Motors.setPowerWithPIDControl(ChassisWith4Motors.java:546): rampUpPower = 0.45, rampDownPower = 0.88
01-03 21:08:54.020 19225 19480 I global  :  RENO - ChassisWith4Motors.setPowerWithPIDControl(ChassisWith4Motors.java:551): power = 0.45, correction = 0.00, global angle = -0.035, last angle = -0.08
01-03 21:08:54.037 19225 19480 I global  :  RENO - ChassisWith4Motors.setPowerWithPIDControl(ChassisWith4Motors.java:545): tDistance = 56.00, currLocation = 2.22
01-03 21:08:54.038 19225 19480 I global  :  RENO - ChassisWith4Motors.setPowerWithPIDControl(ChassisWith4Motors.java:546): rampUpPower = 0.47, rampDownPower = 0.88
01-03 21:08:54.045 19225 19480 I global  :  RENO - ChassisWith4Motors.setPowerWithPIDControl(ChassisWith4Motors.java:551): power = 0.47, correction = 0.00, global angle = -0.041, last angle = -0.08
01-03 21:08:54.064 19225 19480 I global  :  RENO - ChassisWith4Motors.setPowerWithPIDControl(ChassisWith4Motors.java:545): tDistance = 56.00, currLocation = 2.63
01-03 21:08:54.066 19225 19480 I global  :  RENO - ChassisWith4Motors.setPowerWithPIDControl(ChassisWith4Motors.java:546): rampUpPower = 0.49, rampDownPower = 0.88
01-03 21:08:54.076 19225 19480 I global  :  RENO - ChassisWith4Motors.setPowerWithPIDControl(ChassisWith4Motors.java:551): power = 0.49, correction = 0.00, global angle = -0.055, last angle = -0.10
01-03 21:08:54.093 19225 19480 I global  :  RENO - ChassisWith4Motors.setPowerWithPIDControl(ChassisWith4Motors.java:545): tDistance = 56.00, currLocation = 3.20
01-03 21:08:54.095 19225 19480 I global  :  RENO - ChassisWith4Motors.setPowerWithPIDControl(ChassisWith4Motors.java:546): rampUpPower = 0.52, rampDownPower = 0.88
01-03 21:08:54.102 19225 19480 I global  :  RENO - ChassisWith4Motors.setPowerWithPIDControl(ChassisWith4Motors.java:551): power = 0.52, correction = 0.00, global angle = -0.113, last angle = -0.16
01-03 21:08:54.118 19225 19480 I global  :  RENO - ChassisWith4Motors.setPowerWithPIDControl(ChassisWith4Motors.java:545): tDistance = 56.00, currLocation = 3.67
01-03 21:08:54.119 19225 19480 I global  :  RENO - ChassisWith4Motors.setPowerWithPIDControl(ChassisWith4Motors.java:546): rampUpPower = 0.54, rampDownPower = 0.88
01-03 21:08:54.127 19225 19480 I global  :  RENO - ChassisWith4Motors.setPowerWithPIDControl(ChassisWith4Motors.java:551): power = 0.54, correction = 0.01, global angle = -0.203, last angle = -0.25
01-03 21:08:54.143 19225 19480 I global  :  RENO - ChassisWith4Motors.setPowerWithPIDControl(ChassisWith4Motors.java:545): tDistance = 56.00, currLocation = 4.19
01-03 21:08:54.143 19225 19480 I global  :  RENO - ChassisWith4Motors.setPowerWithPIDControl(ChassisWith4Motors.java:546): rampUpPower = 0.57, rampDownPower = 0.88
01-03 21:08:54.150 19225 19480 I global  :  RENO - ChassisWith4Motors.setPowerWithPIDControl(ChassisWith4Motors.java:551): power = 0.57, correction = 0.01, global angle = -0.220, last angle = -0.26
01-03 21:08:54.167 19225 19480 I global  :  RENO - ChassisWith4Motors.setPowerWithPIDControl(ChassisWith4Motors.java:545): tDistance = 56.00, currLocation = 4.69
01-03 21:08:54.168 19225 19480 I global  :  RENO - ChassisWith4Motors.setPowerWithPIDControl(ChassisWith4Motors.java:546): rampUpPower = 0.60, rampDownPower = 0.88
01-03 21:08:54.175 19225 19480 I global  :  RENO - ChassisWith4Motors.setPowerWithPIDControl(ChassisWith4Motors.java:551): power = 0.60, correction = 0.01, global angle = -0.215, last angle = -0.26
01-03 21:08:54.192 19225 19480 I global  :  RENO - ChassisWith4Motors.setPowerWithPIDControl(ChassisWith4Motors.java:545): tDistance = 56.00, currLocation = 5.26
01-03 21:08:54.193 19225 19480 I global  :  RENO - ChassisWith4Motors.setPowerWithPIDControl(ChassisWith4Motors.java:546): rampUpPower = 0.63, rampDownPower = 0.88
01-03 21:08:54.201 19225 19480 I global  :  RENO - ChassisWith4Motors.setPowerWithPIDControl(ChassisWith4Motors.java:551): power = 0.63, correction = 0.01, global angle = -0.203, last angle = -0.25
01-03 21:08:54.217 19225 19480 I global  :  RENO - ChassisWith4Motors.setPowerWithPIDControl(ChassisWith4Motors.java:545): tDistance = 56.00, currLocation = 5.88
01-03 21:08:54.218 19225 19480 I global  :  RENO - ChassisWith4Motors.setPowerWithPIDControl(ChassisWith4Motors.java:546): rampUpPower = 0.66, rampDownPower = 0.88
01-03 21:08:54.225 19225 19480 I global  :  RENO - ChassisWith4Motors.setPowerWithPIDControl(ChassisWith4Motors.java:551): power = 0.66, correction = 0.01, global angle = -0.170, last angle = -0.21
01-03 21:08:54.246 19225 19480 I global  :  RENO - ChassisWith4Motors.setPowerWithPIDControl(ChassisWith4Motors.java:545): tDistance = 56.00, currLocation = 6.64
