11-27 14:21:01.312 10870 11496 I global  :  RENO - ChassisWith4Motors.driveWithPIDControl(ChassisWith4Motors.java:481): tDistance = -26.00, currLocation = 10.21
11-27 14:21:01.313 10870 11496 I global  :  RENO - ChassisWith4Motors.driveWithPIDControl(ChassisWith4Motors.java:482): rampUpPower = 0.88, rampDownPower = 0.88
11-27 14:21:01.319 10870 11496 I global  :  RENO - ChassisWith4Motors.driveWithPIDControl(ChassisWith4Motors.java:488): power = 0.88, correction = -0.01, global angle = 0.313, last angle = -89.19
11-27 14:21:01.335 10870 11496 I global  :  RENO - ChassisWith4Motors.driveWithPIDControl(ChassisWith4Motors.java:481): tDistance = -26.00, currLocation = 11.03
11-27 14:21:01.335 10870 11496 I global  :  RENO - ChassisWith4Motors.driveWithPIDControl(ChassisWith4Motors.java:482): rampUpPower = 0.88, rampDownPower = 0.88
11-27 14:21:01.339 10870 11496 I global  :  RENO - ChassisWith4Motors.driveWithPIDControl(ChassisWith4Motors.java:488): power = 0.88, correction = -0.01, global angle = 0.375, last angle = -89.13
11-27 14:21:01.351 10870 11496 I global  :  RENO - ChassisWith4Motors.driveWithPIDControl(ChassisWith4Motors.java:481): tDistance = -26.00, currLocation = 11.64
11-27 14:21:01.352 10870 11496 I global  :  RENO - ChassisWith4Motors.driveWithPIDControl(ChassisWith4Motors.java:482): rampUpPower = 0.88, rampDownPower = 0.88
11-27 14:21:01.358 10870 11496 I global  :  RENO - ChassisWith4Motors.driveWithPIDControl(ChassisWith4Motors.java:488): power = 0.88, correction = -0.02, global angle = 0.375, last angle = -89.13
11-27 14:21:01.375 10870 11496 I global  :  RENO - ChassisWith4Motors.driveWithPIDControl(ChassisWith4Motors.java:481): tDistance = -26.00, currLocation = 12.57
11-27 14:21:01.376 10870 11496 I global  :  RENO - ChassisWith4Motors.driveWithPIDControl(ChassisWith4Motors.java:482): rampUpPower = 0.88, rampDownPower = 0.88
11-27 14:21:01.381 10870 11496 I global  :  RENO - ChassisWith4Motors.driveWithPIDControl(ChassisWith4Motors.java:488): power = 0.88, correction = -0.02, global angle = 0.375, last angle = -89.13
11-27 14:21:01.392 10870 11496 I global  :  RENO - ChassisWith4Motors.driveWithPIDControl(ChassisWith4Motors.java:481): tDistance = -26.00, currLocation = 13.25
11-27 14:21:01.393 10870 11496 I global  :  RENO - ChassisWith4Motors.driveWithPIDControl(ChassisWith4Motors.java:482): rampUpPower = 0.88, rampDownPower = 0.88
11-27 14:21:01.399 10870 11496 I global  :  RENO - ChassisWith4Motors.driveWithPIDControl(ChassisWith4Motors.java:488): power = 0.88, correction = -0.02, global angle = 0.375, last angle = -89.13
11-27 14:21:01.412 10870 11496 I global  :  RENO - ChassisWith4Motors.driveWithPIDControl(ChassisWith4Motors.java:481): tDistance = -26.00, currLocation = 14.00
11-27 14:21:01.413 10870 11496 I global  :  RENO - ChassisWith4Motors.driveWithPIDControl(ChassisWith4Motors.java:482): rampUpPower = 0.88, rampDownPower = 0.88
11-27 14:21:01.419 10870 11496 I global  :  RENO - ChassisWith4Motors.driveWithPIDControl(ChassisWith4Motors.java:488): power = 0.88, correction = -0.01, global angle = 0.313, last angle = -89.19
11-27 14:21:01.436 10870 11496 I global  :  RENO - ChassisWith4Motors.driveWithPIDControl(ChassisWith4Motors.java:481): tDistance = -26.00, currLocation = 15.03
11-27 14:21:01.437 10870 11496 I global  :  RENO - ChassisWith4Motors.driveWithPIDControl(ChassisWith4Motors.java:482): rampUpPower = 0.88, rampDownPower = 0.88
11-27 14:21:01.442 10870 11496 I global  :  RENO - ChassisWith4Motors.driveWithPIDControl(ChassisWith4Motors.java:488): power = 0.88, correction = -0.01, global angle = 0.375, last angle = -89.13
11-27 14:21:01.455 10870 11496 I global  :  RENO - ChassisWith4Motors.driveWithPIDControl(ChassisWith4Motors.java:481): tDistance = -26.00, currLocation = 15.80
11-27 14:21:01.456 10870 11496 I global  :  RENO - ChassisWith4Motors.driveWithPIDControl(ChassisWith4Motors.java:482): rampUpPower = 0.88, rampDownPower = 0.88
11-27 14:21:01.461 10870 11496 I global  :  RENO - ChassisWith4Motors.driveWithPIDControl(ChassisWith4Motors.java:488): power = 0.88, correction = -0.01, global angle = 0.313, last angle = -89.19
11-27 14:21:01.472 10870 11496 I global  :  RENO - ChassisWith4Motors.driveWithPIDControl(ChassisWith4Motors.java:481): tDistance = -26.00, currLocation = 16.52
11-27 14:21:01.474 10870 11496 I global  :  RENO - ChassisWith4Motors.driveWithPIDControl(ChassisWith4Motors.java:482): rampUpPower = 0.88, rampDownPower = 0.88
11-27 14:21:01.481 10870 11496 I global  :  RENO - ChassisWith4Motors.driveWithPIDControl(ChassisWith4Motors.java:488): power = 0.88, correction = -0.01, global angle = 0.313, last angle = -89.19
11-27 14:21:01.492 10870 11496 I global  :  RENO - ChassisWith4Motors.driveWithPIDControl(ChassisWith4Motors.java:481): tDistance = -26.00, currLocation = 17.43
11-27 14:21:01.493 10870 11496 I global  :  RENO - ChassisWith4Motors.driveWithPIDControl(ChassisWith4Motors.java:482): rampUpPower = 0.88, rampDownPower = 0.29
11-27 14:21:01.499 10870 11496 I global  :  RENO - ChassisWith4Motors.driveWithPIDControl(ChassisWith4Motors.java:488): power = 0.29, correction = -0.02, global angle = 0.375, last angle = -89.13
11-27 14:21:01.518 10870 11496 I global  :  RENO - ChassisWith4Motors.driveWithPIDControl(ChassisWith4Motors.java:481): tDistance = -26.00, currLocation = 18.53
11-27 14:21:01.519 10870 11496 I global  :  RENO - ChassisWith4Motors.driveWithPIDControl(ChassisWith4Motors.java:482): rampUpPower = 0.88, rampDownPower = 0.28
11-27 14:21:01.525 10870 11496 I global  :  RENO - ChassisWith4Motors.driveWithPIDControl(ChassisWith4Motors.java:488): power = 0.28, correction = -0.01, global angle = 0.375, last angle = -89.13
11-27 14:21:01.541 10870 11496 I global  :  RENO - ChassisWith4Motors.driveWithPIDControl(ChassisWith4Motors.java:481): tDistance = -26.00, currLocation = 19.44
11-27 14:21:01.542 10870 11496 I global  :  RENO - ChassisWith4Motors.driveWithPIDControl(ChassisWith4Motors.java:482): rampUpPower = 0.88, rampDownPower = 0.27
11-27 14:21:01.547 10870 11496 I global  :  RENO - ChassisWith4Motors.driveWithPIDControl(ChassisWith4Motors.java:488): power = 0.27, correction = -0.02, global angle = 0.313, last angle = -89.19
11-27 14:21:01.565 10870 11496 I global  :  RENO - ChassisWith4Motors.driveWithPIDControl(ChassisWith4Motors.java:481): tDistance = -26.00, currLocation = 20.38
11-27 14:21:01.567 10870 11496 I global  :  RENO - ChassisWith4Motors.driveWithPIDControl(ChassisWith4Motors.java:482): rampUpPower = 0.88, rampDownPower = 0.26
11-27 14:21:01.571 10870 11496 I global  :  RENO - ChassisWith4Motors.driveWithPIDControl(ChassisWith4Motors.java:488): power = 0.26, correction = -0.01, global angle = 0.000, last angle = -89.50
11-27 14:21:01.589 10870 11496 I global  :  RENO - ChassisWith4Motors.driveWithPIDControl(ChassisWith4Motors.java:481): tDistance = -26.00, currLocation = 21.27
11-27 14:21:01.591 10870 11496 I global  :  RENO - ChassisWith4Motors.driveWithPIDControl(ChassisWith4Motors.java:482): rampUpPower = 0.88, rampDownPower = 0.25
11-27 14:21:01.596 10870 11496 I global  :  RENO - ChassisWith4Motors.driveWithPIDControl(ChassisWith4Motors.java:488): power = 0.25, correction = 0.00, global angle = -0.188, last angle = -89.69
11-27 14:21:01.614 10870 11496 I global  :  RENO - ChassisWith4Motors.driveWithPIDControl(ChassisWith4Motors.java:481): tDistance = -26.00, currLocation = 22.18
11-27 14:21:01.615 10870 11496 I global  :  RENO - ChassisWith4Motors.driveWithPIDControl(ChassisWith4Motors.java:482): rampUpPower = 0.88, rampDownPower = 0.24
11-27 14:21:01.621 10870 11496 I global  :  RENO - ChassisWith4Motors.driveWithPIDControl(ChassisWith4Motors.java:488): power = 0.24, correction = 0.03, global angle = -0.625, last angle = -90.13
11-27 14:21:01.638 10870 11496 I global  :  RENO - ChassisWith4Motors.driveWithPIDControl(ChassisWith4Motors.java:481): tDistance = -26.00, currLocation = 23.07
11-27 14:21:01.639 10870 11496 I global  :  RENO - ChassisWith4Motors.driveWithPIDControl(ChassisWith4Motors.java:482): rampUpPower = 0.88, rampDownPower = 0.23
11-27 14:21:01.645 10870 11496 I global  :  RENO - ChassisWith4Motors.driveWithPIDControl(ChassisWith4Motors.java:488): power = 0.23, correction = 0.05, global angle = -1.188, last angle = -90.69
11-27 14:21:01.654 10870 11504 I global  :  RENO - ObjectDetection.verifyObjectDetected(ObjectDetection.java:314): per [0] = 0.796
11-27 14:21:01.655 10870 11504 I global  :  RENO - ObjectDetection.verifyObjectDetected(ObjectDetection.java:314): per [1] = 0.805
11-27 14:21:01.656 10870 11504 I global  :  RENO - ObjectDetection.verifyObjectDetected(ObjectDetection.java:314): per [2] = 0.802
11-27 14:21:01.659 10870 11504 I global  :  RENO - ObjectDetection.processFrame(ObjectDetection.java:83): Start Opcv process to detect sleeve color.
11-27 14:21:01.660 10870 11504 I global  :  RENO - ObjectDetection.sleeveColorDetect(ObjectDetection.java:121): Start Opcv process to detect sleeve color.
11-27 14:21:01.661 10870 11504 I global  :  RENO - ObjectDetection.sleeveColorDetect(ObjectDetection.java:128): Sleeve max color = 213856.00, 224391.00, 242049.00
11-27 14:21:01.662 10870 11504 I global  :  RENO - ObjectDetection.sleeveColorDetect(ObjectDetection.java:147): Sleeve position: RIGHT
11-27 14:21:01.663 10870 11504 I global  :  RENO - ObjectDetection.processFrame(ObjectDetection.java:86): Start Opcv process to detect cone.
11-27 14:21:01.664 10870 11496 I global  :  RENO - ChassisWith4Motors.driveWithPIDControl(ChassisWith4Motors.java:481): tDistance = -26.00, currLocation = 23.88
11-27 14:21:01.665 10870 11496 I global  :  RENO - ChassisWith4Motors.driveWithPIDControl(ChassisWith4Motors.java:482): rampUpPower = 0.88, rampDownPower = 0.22
11-27 14:21:01.671 10870 11496 I global  :  RENO - ChassisWith4Motors.driveWithPIDControl(ChassisWith4Motors.java:488): power = 0.22, correction = 0.07, global angle = -1.750, last angle = -91.25
11-27 14:21:01.685 10870 11496 I global  :  RENO - ChassisWith4Motors.driveWithPIDControl(ChassisWith4Motors.java:481): tDistance = -26.00, currLocation = 24.14
11-27 14:21:01.686 10870 11496 I global  :  RENO - ChassisWith4Motors.driveWithPIDControl(ChassisWith4Motors.java:482): rampUpPower = 0.88, rampDownPower = 0.22
11-27 14:21:01.691 10870 11496 I global  :  RENO - ChassisWith4Motors.driveWithPIDControl(ChassisWith4Motors.java:488): power = 0.22, correction = 0.10, global angle = -2.563, last angle = -92.06
11-27 14:21:01.708 10870 11496 I global  :  RENO - ChassisWith4Motors.driveWithPIDControl(ChassisWith4Motors.java:481): tDistance = -26.00, currLocation = 24.21
11-27 14:21:01.709 10870 11496 I global  :  RENO - ChassisWith4Motors.driveWithPIDControl(ChassisWith4Motors.java:482): rampUpPower = 0.88, rampDownPower = 0.22
11-27 14:21:01.715 10870 11496 I global  :  RENO - ChassisWith4Motors.driveWithPIDControl(ChassisWith4Motors.java:488): power = 0.22, correction = 0.12, global angle = -3.563, last angle = -93.06
11-27 14:21:01.735 10870 11496 I global  :  RENO - ChassisWith4Motors.driveWithPIDControl(ChassisWith4Motors.java:481): tDistance = -26.00, currLocation = 24.40
11-27 14:21:01.738 10870 11496 I global  :  RENO - ChassisWith4Motors.driveWithPIDControl(ChassisWith4Motors.java:482): rampUpPower = 0.88, rampDownPower = 0.22
11-27 14:21:01.742 10870 11496 I global  :  RENO - ChassisWith4Motors.driveWithPIDControl(ChassisWith4Motors.java:488): power = 0.22, correction = 0.12, global angle = -3.875, last angle = -93.38
11-27 14:21:01.769 10870 11496 I global  :  RENO - ChassisWith4Motors.driveWithPIDControl(ChassisWith4Motors.java:501): Autonomous -power = 0.22, global angle = -3.563
11-27 14:21:01.786 10870 11496 I global  :  RENO - ChassisWith4Motors.runToPosition(ChassisWith4Motors.java:579): Required moving distance -26.00.
11-27 14:21:01.787 10870 11496 I global  :  RENO - ChassisWith4Motors.runToPosition(ChassisWith4Motors.java:580): Target Position = -1112
11-27 14:21:01.788 10870 11496 I global  :  RENO - ChassisWith4Motors.runToPosition(ChassisWith4Motors.java:581): PID = -1
11-27 14:21:01.794 10870 11496 I global  :  RENO - ChassisWith4Motors.runToPosition(ChassisWith4Motors.java:582): Current Position after moving, FL = -1081, FR= -1060, BL = -1127, BR = -1098
11-27 14:21:01.795 10870 11496 I global  :  RENO - AutonomousRight.autonomousCore(AutonomousRight.java:302): Autonomous - Robot arrived the mat center near high junction.
11-27 14:21:01.832 10870 11496 I global  :  RENO - ChassisWith4Motors.rotate(ChassisWith4Motors.java:362): Positions: FL = 1, FR = 4, BL = 7, BR = 6
11-27 14:21:01.833 10870 11496 I global  :  RENO - ChassisWith4Motors.rotate(ChassisWith4Motors.java:364): Powers: FL = -0.90, FR = 0.90, BL = -0.90, BR = 0.90
11-27 14:21:01.847 10870 11496 I global  :  RENO - ChassisWith4Motors.rotate(ChassisWith4Motors.java:362): Positions: FL = 3, FR = 7, BL = 14, BR = 11
11-27 14:21:01.848 10870 11496 I global  :  RENO - ChassisWith4Motors.rotate(ChassisWith4Motors.java:364): Powers: FL = -0.90, FR = 0.90, BL = -0.90, BR = 0.90
11-27 14:21:01.860 10870 11496 I global  :  RENO - ChassisWith4Motors.rotate(ChassisWith4Motors.java:362): Positions: FL = 11, FR = 3, BL = 26, BR = 10
11-27 14:21:01.861 10870 11496 I global  :  RENO - ChassisWith4Motors.rotate(ChassisWith4Motors.java:364): Powers: FL = -0.90, FR = 0.90, BL = -0.90, BR = 0.90
11-27 14:21:01.872 10870 11496 I global  :  RENO - ChassisWith4Motors.rotate(ChassisWith4Motors.java:362): Positions: FL = 26, FR = 8, BL = 44, BR = 6
11-27 14:21:01.874 10870 11496 I global  :  RENO - ChassisWith4Motors.rotate(ChassisWith4Motors.java:364): Powers: FL = -0.90, FR = 0.90, BL = -0.90, BR = 0.90
11-27 14:21:01.884 10870 11496 I global  :  RENO - ChassisWith4Motors.rotate(ChassisWith4Motors.java:362): Positions: FL = 44, FR = 22, BL = 61, BR = 0
11-27 14:21:01.886 10870 11496 I global  :  RENO - ChassisWith4Motors.rotate(ChassisWith4Motors.java:364): Powers: FL = -0.90, FR = 0.90, BL = -0.90, BR = 0.90
11-27 14:21:01.898 10870 11496 I global  :  RENO - ChassisWith4Motors.rotate(ChassisWith4Motors.java:362): Positions: FL = 64, FR = 40, BL = 82, BR = 11
11-27 14:21:01.900 10870 11496 I global  :  RENO - ChassisWith4Motors.rotate(ChassisWith4Motors.java:364): Powers: FL = -0.90, FR = 0.90, BL = -0.90, BR = 0.90
11-27 14:21:01.912 10870 11496 I global  :  RENO - ChassisWith4Motors.rotate(ChassisWith4Motors.java:362): Positions: FL = 88, FR = 62, BL = 106, BR = 25
11-27 14:21:01.913 10870 11496 I global  :  RENO - ChassisWith4Motors.rotate(ChassisWith4Motors.java:364): Powers: FL = -0.00, FR = 0.99, BL = -0.00, BR = 0.99
11-27 14:21:01.929 10870 11496 I global  :  RENO - ChassisWith4Motors.rotate(ChassisWith4Motors.java:362): Positions: FL = 119, FR = 90, BL = 138, BR = 46
11-27 14:21:01.931 10870 11496 I global  :  RENO - ChassisWith4Motors.rotate(ChassisWith4Motors.java:364): Powers: FL = -0.13, FR = 0.99, BL = -0.00, BR = 0.99
11-27 14:21:01.942 10870 11496 I global  :  RENO - ChassisWith4Motors.rotate(ChassisWith4Motors.java:362): Positions: FL = 134, FR = 110, BL = 153, BR = 67
11-27 14:21:01.944 10870 11496 I global  :  RENO - ChassisWith4Motors.rotate(ChassisWith4Motors.java:364): Powers: FL = -0.34, FR = 0.99, BL = -0.00, BR = 0.99
11-27 14:21:01.958 10870 11496 I global  :  RENO - ChassisWith4Motors.rotate(ChassisWith4Motors.java:362): Positions: FL = 147, FR = 131, BL = 163, BR = 92
11-27 14:21:01.959 10870 11496 I global  :  RENO - ChassisWith4Motors.rotate(ChassisWith4Motors.java:364): Powers: FL = -0.52, FR = 0.95, BL = -0.09, BR = 0.99
11-27 14:21:01.975 10870 11496 I global  :  RENO - ChassisWith4Motors.rotate(ChassisWith4Motors.java:362): Positions: FL = 165, FR = 160, BL = 172, BR = 123
11-27 14:21:01.977 10870 11496 I global  :  RENO - ChassisWith4Motors.rotate(ChassisWith4Motors.java:364): Powers: FL = -0.67, FR = 0.78, BL = -0.51, BR = 0.99
11-27 14:21:01.994 10870 11496 I global  :  RENO - ChassisWith4Motors.rotate(ChassisWith4Motors.java:362): Positions: FL = 185, FR = 192, BL = 184, BR = 153
11-27 14:21:01.996 10870 11496 I global  :  RENO - ChassisWith4Motors.rotate(ChassisWith4Motors.java:364): Powers: FL = -0.76, FR = 0.62, BL = -0.78, BR = 0.99
11-27 14:21:02.013 10870 11496 I global  :  RENO - ChassisWith4Motors.rotate(ChassisWith4Motors.java:362): Positions: FL = 212, FR = 227, BL = 210, BR = 188
11-27 14:21:02.014 10870 11496 I global  :  RENO - ChassisWith4Motors.rotate(ChassisWith4Motors.java:364): Powers: FL = -0.85, FR = 0.59, BL = -0.88, BR = 0.99
11-27 14:21:02.028 10870 11504 I global  :  RENO - ObjectDetection.verifyObjectDetected(ObjectDetection.java:314): per [0] = 0.977
11-27 14:21:02.030 10870 11504 I global  :  RENO - ObjectDetection.verifyObjectDetected(ObjectDetection.java:314): per [1] = 0.973
11-27 14:21:02.030 10870 11496 I global  :  RENO - ChassisWith4Motors.rotate(ChassisWith4Motors.java:362): Positions: FL = 241, FR = 258, BL = 238, BR = 217
11-27 14:21:02.031 10870 11504 I global  :  RENO - ObjectDetection.verifyObjectDetected(ObjectDetection.java:314): per [2] = 1.030
11-27 14:21:02.031 10870 11496 I global  :  RENO - ChassisWith4Motors.rotate(ChassisWith4Motors.java:364): Powers: FL = -0.85, FR = 0.60, BL = -0.90, BR = 0.99
11-27 14:21:02.037 10870 11504 I global  :  RENO - ObjectDetection.processFrame(ObjectDetection.java:83): Start Opcv process to detect sleeve color.
11-27 14:21:02.038 10870 11504 I global  :  RENO - ObjectDetection.sleeveColorDetect(ObjectDetection.java:121): Start Opcv process to detect sleeve color.
11-27 14:21:02.039 10870 11504 I global  :  RENO - ObjectDetection.sleeveColorDetect(ObjectDetection.java:128): Sleeve max color = 232779.00, 256911.00, 292371.00
11-27 14:21:02.040 10870 11504 I global  :  RENO - ObjectDetection.sleeveColorDetect(ObjectDetection.java:147): Sleeve position: RIGHT
11-27 14:21:02.041 10870 11504 I global  :  RENO - ObjectDetection.processFrame(ObjectDetection.java:86): Start Opcv process to detect cone.
11-27 14:21:02.048 10870 11496 I global  :  RENO - ChassisWith4Motors.rotate(ChassisWith4Motors.java:362): Positions: FL = 269, FR = 285, BL = 268, BR = 248
11-27 14:21:02.049 10870 11496 I global  :  RENO - ChassisWith4Motors.rotate(ChassisWith4Motors.java:364): Powers: FL = -0.87, FR = 0.66, BL = -0.89, BR = 0.99
11-27 14:21:02.064 10870 11496 I global  :  RENO - ChassisWith4Motors.rotate(ChassisWith4Motors.java:362): Positions: FL = 300, FR = 311, BL = 296, BR = 276
11-27 14:21:02.065 10870 11496 I global  :  RENO - ChassisWith4Motors.rotate(ChassisWith4Motors.java:364): Powers: FL = -0.84, FR = 0.70, BL = -0.89, BR = 0.99
11-27 14:21:02.081 10870 11496 I global  :  RENO - ChassisWith4Motors.rotate(ChassisWith4Motors.java:362): Positions: FL = 333, FR = 338, BL = 330, BR = 310
11-27 14:21:02.083 10870 11496 I global  :  RENO - ChassisWith4Motors.rotate(ChassisWith4Motors.java:364): Powers: FL = -0.83, FR = 0.78, BL = -0.87, BR = 0.99
11-27 14:21:02.098 10870 11496 I global  :  RENO - ChassisWith4Motors.rotate(ChassisWith4Motors.java:362): Positions: FL = 366, FR = 368, BL = 365, BR = 345
11-27 14:21:02.099 10870 11496 I global  :  RENO - ChassisWith4Motors.rotate(ChassisWith4Motors.java:364): Powers: FL = -0.85, FR = 0.83, BL = -0.86, BR = 0.99
11-27 14:21:02.115 10870 11496 I global  :  RENO - ChassisWith4Motors.rotate(ChassisWith4Motors.java:362): Positions: FL = 397, FR = 399, BL = 401, BR = 383
11-27 14:21:02.116 10870 11496 I global  :  RENO - ChassisWith4Motors.rotate(ChassisWith4Motors.java:364): Powers: FL = -0.88, FR = 0.86, BL = -0.85, BR = 0.99
11-27 14:21:02.131 10870 11496 I global  :  RENO - ChassisWith4Motors.rotate(ChassisWith4Motors.java:362): Positions: FL = 424, FR = 427, BL = 432, BR = 420
11-27 14:21:02.132 10870 11496 I global  :  RENO - ChassisWith4Motors.rotate(ChassisWith4Motors.java:364): Powers: FL = -0.91, FR = 0.88, BL = -0.84, BR = 0.94
11-27 14:21:02.149 10870 11496 I global  :  RENO - ChassisWith4Motors.rotate(ChassisWith4Motors.java:362): Positions: FL = 456, FR = 461, BL = 469, BR = 461
11-27 14:21:02.150 10870 11496 I global  :  RENO - ChassisWith4Motors.rotate(ChassisWith4Motors.java:364): Powers: FL = -0.94, FR = 0.90, BL = -0.84, BR = 0.90
11-27 14:21:02.165 10870 11496 I global  :  RENO - ChassisWith4Motors.rotate(ChassisWith4Motors.java:362): Positions: FL = 487, FR = 493, BL = 502, BR = 498
11-27 14:21:02.166 10870 11496 I global  :  RENO - ChassisWith4Motors.rotate(ChassisWith4Motors.java:364): Powers: FL = -0.96, FR = 0.91, BL = -0.85, BR = 0.88
11-27 14:21:02.182 10870 11496 I global  :  RENO - ChassisWith4Motors.rotate(ChassisWith4Motors.java:362): Positions: FL = 521, FR = 528, BL = 536, BR = 536
11-27 14:21:02.183 10870 11496 I global  :  RENO - ChassisWith4Motors.rotate(ChassisWith4Motors.java:364): Powers: FL = -0.96, FR = 0.91, BL = -0.86, BR = 0.86
11-27 14:21:02.199 10870 11496 I global  :  RENO - ChassisWith4Motors.rotate(ChassisWith4Motors.java:362): Positions: FL = 554, FR = 561, BL = 571, BR = 573
11-27 14:21:02.200 10870 11496 I global  :  RENO - ChassisWith4Motors.rotate(ChassisWith4Motors.java:364): Powers: FL = -0.96, FR = 0.92, BL = -0.86, BR = 0.84
11-27 14:21:02.215 10870 11496 I global  :  RENO - ChassisWith4Motors.rotate(ChassisWith4Motors.java:362): Positions: FL = 592, FR = 597, BL = 607, BR = 609
11-27 14:21:02.216 10870 11496 I global  :  RENO - ChassisWith4Motors.rotate(ChassisWith4Motors.java:364): Powers: FL = -0.95, FR = 0.92, BL = -0.86, BR = 0.85
11-27 14:21:02.241 10870 11496 I global  :  RENO - ChassisWith4Motors.rotate(ChassisWith4Motors.java:362): Positions: FL = 626, FR = 641, BL = 652, BR = 653
11-27 14:21:02.243 10870 11496 I global  :  RENO - ChassisWith4Motors.rotate(ChassisWith4Motors.java:364): Powers: FL = -0.99, FR = 0.91, BL = -0.85, BR = 0.84
11-27 14:21:02.259 10870 11496 I global  :  RENO - ChassisWith4Motors.rotate(ChassisWith4Motors.java:362): Positions: FL = 684, FR = 682, BL = 696, BR = 694
11-27 14:21:02.260 10870 11496 I global  :  RENO - ChassisWith4Motors.rotate(ChassisWith4Motors.java:364): Powers: FL = -0.93, FR = 0.94, BL = -0.86, BR = 0.87
11-27 14:21:02.281 10870 11496 I global  :  RENO - ChassisWith4Motors.rotate(ChassisWith4Motors.java:362): Positions: FL = 734, FR = 726, BL = 746, BR = 741
11-27 14:21:02.283 10870 11496 I global  :  RENO - ChassisWith4Motors.rotate(ChassisWith4Motors.java:364): Powers: FL = -0.91, FR = 0.95, BL = -0.85, BR = 0.88
11-27 14:21:02.300 10870 11496 I global  :  RENO - ChassisWith4Motors.rotate(ChassisWith4Motors.java:362): Positions: FL = 775, FR = 765, BL = 786, BR = 779
11-27 14:21:02.301 10870 11496 I global  :  RENO - ChassisWith4Motors.rotate(ChassisWith4Motors.java:364): Powers: FL = -0.84, FR = 0.88, BL = -0.79, BR = 0.82
11-27 14:21:02.314 10870 11496 I global  :  RENO - ChassisWith4Motors.rotate(ChassisWith4Motors.java:362): Positions: FL = 811, FR = 801, BL = 822, BR = 814
11-27 14:21:02.316 10870 11496 I global  :  RENO - ChassisWith4Motors.rotate(ChassisWith4Motors.java:364): Powers: FL = -0.77, FR = 0.82, BL = -0.72, BR = 0.76
11-27 14:21:02.335 10870 11496 I global  :  RENO - ChassisWith4Motors.rotate(ChassisWith4Motors.java:362): Positions: FL = 853, FR = 842, BL = 867, BR = 859
11-27 14:21:02.336 10870 11496 I global  :  RENO - ChassisWith4Motors.rotate(ChassisWith4Motors.java:364): Powers: FL = -0.71, FR = 0.76, BL = -0.65, BR = 0.69
11-27 14:21:02.351 10870 11496 I global  :  RENO - ChassisWith4Motors.rotate(ChassisWith4Motors.java:362): Positions: FL = 882, FR = 871, BL = 897, BR = 889
11-27 14:21:02.352 10870 11496 I global  :  RENO - ChassisWith4Motors.rotate(ChassisWith4Motors.java:364): Powers: FL = -0.68, FR = 0.73, BL = -0.62, BR = 0.65
11-27 14:21:02.367 10870 11496 I global  :  RENO - ChassisWith4Motors.rotate(ChassisWith4Motors.java:362): Positions: FL = 913, FR = 901, BL = 931, BR = 922
11-27 14:21:02.368 10870 11496 I global  :  RENO - ChassisWith4Motors.rotate(ChassisWith4Motors.java:364): Powers: FL = -0.62, FR = 0.67, BL = -0.55, BR = 0.59
11-27 14:21:02.384 10870 11496 I global  :  RENO - ChassisWith4Motors.rotate(ChassisWith4Motors.java:362): Positions: FL = 944, FR = 930, BL = 966, BR = 957
11-27 14:21:02.385 10870 11496 I global  :  RENO - ChassisWith4Motors.rotate(ChassisWith4Motors.java:364): Powers: FL = -0.57, FR = 0.60, BL = -0.48, BR = 0.52
11-27 14:21:02.400 10870 11496 I global  :  RENO - ChassisWith4Motors.rotate(ChassisWith4Motors.java:362): Positions: FL = 975, FR = 960, BL = 997, BR = 988
11-27 14:21:02.401 10870 11504 I global  :  RENO - ObjectDetection.verifyObjectDetected(ObjectDetection.java:314): per [0] = 0.877
11-27 14:21:02.401 10870 11496 I global  :  RENO - ChassisWith4Motors.rotate(ChassisWith4Motors.java:364): Powers: FL = -0.54, FR = 0.57, BL = -0.46, BR = 0.49
11-27 14:21:02.402 10870 11504 I global  :  RENO - ObjectDetection.verifyObjectDetected(ObjectDetection.java:314): per [1] = 0.893
11-27 14:21:02.403 10870 11504 I global  :  RENO - ObjectDetection.verifyObjectDetected(ObjectDetection.java:314): per [2] = 0.891
11-27 14:21:02.410 10870 11504 I global  :  RENO - ObjectDetection.processFrame(ObjectDetection.java:83): Start Opcv process to detect sleeve color.
11-27 14:21:02.412 10870 11504 I global  :  RENO - ObjectDetection.sleeveColorDetect(ObjectDetection.java:121): Start Opcv process to detect sleeve color.
11-27 14:21:02.413 10870 11504 I global  :  RENO - ObjectDetection.sleeveColorDetect(ObjectDetection.java:128): Sleeve max color = 118419.00, 115612.00, 159322.00
11-27 14:21:02.414 10870 11504 I global  :  RENO - ObjectDetection.sleeveColorDetect(ObjectDetection.java:147): Sleeve position: RIGHT
11-27 14:21:02.415 10870 11504 I global  :  RENO - ObjectDetection.processFrame(ObjectDetection.java:86): Start Opcv process to detect cone.
11-27 14:21:02.421 10870 11496 I global  :  RENO - ChassisWith4Motors.rotate(ChassisWith4Motors.java:362): Positions: FL = 1008, FR = 992, BL = 1035, BR = 1025
11-27 14:21:02.422 10870 11496 I global  :  RENO - ChassisWith4Motors.rotate(ChassisWith4Motors.java:364): Powers: FL = -0.48, FR = 0.50, BL = -0.39, BR = 0.42
11-27 14:21:02.435 10870 11496 I global  :  RENO - ChassisWith4Motors.rotate(ChassisWith4Motors.java:362): Positions: FL = 1040, FR = 1022, BL = 1069, BR = 1056
11-27 14:21:02.436 10870 11496 I global  :  RENO - ChassisWith4Motors.rotate(ChassisWith4Motors.java:364): Powers: FL = -0.42, FR = 0.44, BL = -0.32, BR = 0.37
11-27 14:21:02.452 10870 11496 I global  :  RENO - ChassisWith4Motors.rotate(ChassisWith4Motors.java:362): Positions: FL = 1068, FR = 1047, BL = 1100, BR = 1085
11-27 14:21:02.453 10870 11496 I global  :  RENO - ChassisWith4Motors.rotate(ChassisWith4Motors.java:364): Powers: FL = -0.39, FR = 0.41, BL = -0.29, BR = 0.34
11-27 14:21:02.470 10870 11496 I global  :  RENO - ChassisWith4Motors.rotate(ChassisWith4Motors.java:362): Positions: FL = 1100, FR = 1076, BL = 1134, BR = 1116
11-27 14:21:02.471 10870 11496 I global  :  RENO - ChassisWith4Motors.rotate(ChassisWith4Motors.java:364): Powers: FL = -0.33, FR = 0.35, BL = -0.22, BR = 0.28
11-27 14:21:02.489 10870 11496 I global  :  RENO - ChassisWith4Motors.rotate(ChassisWith4Motors.java:362): Positions: FL = 1131, FR = 1104, BL = 1168, BR = 1150
11-27 14:21:02.490 10870 11496 I global  :  RENO - ChassisWith4Motors.rotate(ChassisWith4Motors.java:364): Powers: FL = -0.29, FR = 0.29, BL = -0.17, BR = 0.23
11-27 14:21:02.507 10870 11496 I global  :  RENO - ChassisWith4Motors.rotate(ChassisWith4Motors.java:362): Positions: FL = 1163, FR = 1131, BL = 1200, BR = 1180
11-27 14:21:02.508 10870 11496 I global  :  RENO - ChassisWith4Motors.rotate(ChassisWith4Motors.java:364): Powers: FL = -0.23, FR = 0.23, BL = -0.11, BR = 0.17
11-27 14:21:02.525 10870 11496 I global  :  RENO - ChassisWith4Motors.rotate(ChassisWith4Motors.java:362): Positions: FL = 1189, FR = 1153, BL = 1228, BR = 1208
11-27 14:21:02.526 10870 11496 I global  :  RENO - ChassisWith4Motors.rotate(ChassisWith4Motors.java:364): Powers: FL = -0.23, FR = 0.23, BL = -0.11, BR = 0.17
11-27 14:21:02.544 10870 11496 I global  :  RENO - ChassisWith4Motors.rotate(ChassisWith4Motors.java:362): Positions: FL = 1218, FR = 1178, BL = 1257, BR = 1235
11-27 14:21:02.546 10870 11496 I global  :  RENO - ChassisWith4Motors.rotate(ChassisWith4Motors.java:364): Powers: FL = -0.22, FR = 0.23, BL = -0.11, BR = 0.17
11-27 14:21:02.560 10870 11496 I global  :  RENO - ChassisWith4Motors.rotate(ChassisWith4Motors.java:362): Positions: FL = 1243, FR = 1201, BL = 1283, BR = 1260
11-27 14:21:02.561 10870 11496 I global  :  RENO - ChassisWith4Motors.rotate(ChassisWith4Motors.java:364): Powers: FL = -0.22, FR = 0.23, BL = -0.10, BR = 0.17
11-27 14:21:02.575 10870 11496 I global  :  RENO - ChassisWith4Motors.rotate(ChassisWith4Motors.java:362): Positions: FL = 1265, FR = 1221, BL = 1306, BR = 1281
11-27 14:21:02.577 10870 11496 I global  :  RENO - ChassisWith4Motors.rotate(ChassisWith4Motors.java:364): Powers: FL = -0.22, FR = 0.23, BL = -0.10, BR = 0.17
11-27 14:21:02.590 10870 11496 I global  :  RENO - ChassisWith4Motors.rotate(ChassisWith4Motors.java:362): Positions: FL = 1285, FR = 1240, BL = 1328, BR = 1301
11-27 14:21:02.592 10870 11496 I global  :  RENO - ChassisWith4Motors.rotate(ChassisWith4Motors.java:364): Powers: FL = -0.22, FR = 0.23, BL = -0.10, BR = 0.17
11-27 14:21:02.606 10870 11496 I global  :  RENO - ChassisWith4Motors.rotate(ChassisWith4Motors.java:362): Positions: FL = 1305, FR = 1258, BL = 1350, BR = 1321
11-27 14:21:02.607 10870 11496 I global  :  RENO - ChassisWith4Motors.rotate(ChassisWith4Motors.java:364): Powers: FL = -0.22, FR = 0.23, BL = -0.09, BR = 0.17
11-27 14:21:02.622 10870 11496 I global  :  RENO - ChassisWith4Motors.rotate(ChassisWith4Motors.java:380): Required turning degrees: 136.81.
11-27 14:21:02.622 10870 11496 I global  :  RENO - ChassisWith4Motors.rotate(ChassisWith4Motors.java:381): IMU angle before turn stop 47.94.
11-27 14:21:02.623 10870 11496 I global  :  RENO - ChassisWith4Motors.rotate(ChassisWith4Motors.java:382): Rotated angle is 139.75.
11-27 14:21:02.632 10870 11496 I global  :  RENO - ChassisWith4Motors.rotate(ChassisWith4Motors.java:392): IMU angle after turning stop is 49.38.
11-27 14:21:02.633 10870 11496 I global  :  RENO - ChassisWith4Motors.rotateIMUTargetAngle(ChassisWith4Motors.java:303): imu angle before rotation: -91.81
11-27 14:21:02.775 10870 11496 I global  :  RENO - ChassisWith4Motors.rotate(ChassisWith4Motors.java:362): Positions: FL = 1, FR = 0, BL = 0, BR = 0
11-27 14:21:02.776 10870 11496 I global  :  RENO - ChassisWith4Motors.rotate(ChassisWith4Motors.java:364): Powers: FL = 0.21, FR = -0.21, BL = 0.21, BR = -0.21
11-27 14:21:02.788 10870 11504 I global  :  RENO - ObjectDetection.verifyObjectDetected(ObjectDetection.java:314): per [0] = 0.576
11-27 14:21:02.790 10870 11504 I global  :  RENO - ObjectDetection.verifyObjectDetected(ObjectDetection.java:314): per [1] = 0.602
11-27 14:21:02.791 10870 11504 I global  :  RENO - ObjectDetection.verifyObjectDetected(ObjectDetection.java:314): per [2] = 0.781
11-27 14:21:02.798 10870 11504 I global  :  RENO - ObjectDetection.processFrame(ObjectDetection.java:83): Start Opcv process to detect sleeve color.
11-27 14:21:02.799 10870 11504 I global  :  RENO - ObjectDetection.sleeveColorDetect(ObjectDetection.java:121): Start Opcv process to detect sleeve color.
11-27 14:21:02.799 10870 11496 I global  :  RENO - ChassisWith4Motors.rotate(ChassisWith4Motors.java:362): Positions: FL = 2, FR = 2, BL = 1, BR = 1
11-27 14:21:02.800 10870 11504 I global  :  RENO - ObjectDetection.sleeveColorDetect(ObjectDetection.java:128): Sleeve max color = 173308.00, 154467.00, 141345.00
11-27 14:21:02.800 10870 11496 I global  :  RENO - ChassisWith4Motors.rotate(ChassisWith4Motors.java:364): Powers: FL = 0.21, FR = -0.21, BL = 0.21, BR = -0.21
11-27 14:21:02.801 10870 11504 I global  :  RENO - ObjectDetection.sleeveColorDetect(ObjectDetection.java:147): Sleeve position: LEFT
11-27 14:21:02.803 10870 11504 I global  :  RENO - ObjectDetection.processFrame(ObjectDetection.java:86): Start Opcv process to detect cone.
11-27 14:21:02.815 10870 11496 I global  :  RENO - ChassisWith4Motors.rotate(ChassisWith4Motors.java:362): Positions: FL = 4, FR = 7, BL = 4, BR = 5
11-27 14:21:02.816 10870 11496 I global  :  RENO - ChassisWith4Motors.rotate(ChassisWith4Motors.java:364): Powers: FL = 0.21, FR = -0.21, BL = 0.21, BR = -0.21
11-27 14:21:02.826 10870 11496 I global  :  RENO - ChassisWith4Motors.rotate(ChassisWith4Motors.java:362): Positions: FL = 8, FR = 9, BL = 6, BR = 10
11-27 14:21:02.827 10870 11496 I global  :  RENO - ChassisWith4Motors.rotate(ChassisWith4Motors.java:364): Powers: FL = 0.21, FR = -0.21, BL = 0.21, BR = -0.21
11-27 14:21:02.836 10870 11496 I global  :  RENO - ChassisWith4Motors.rotate(ChassisWith4Motors.java:362): Positions: FL = 11, FR = 12, BL = 9, BR = 14
11-27 14:21:02.837 10870 11496 I global  :  RENO - ChassisWith4Motors.rotate(ChassisWith4Motors.java:364): Powers: FL = 0.21, FR = -0.21, BL = 0.21, BR = -0.21
11-27 14:21:02.848 10870 11496 I global  :  RENO - ChassisWith4Motors.rotate(ChassisWith4Motors.java:362): Positions: FL = 15, FR = 14, BL = 12, BR = 18
11-27 14:21:02.849 10870 11496 I global  :  RENO - ChassisWith4Motors.rotate(ChassisWith4Motors.java:364): Powers: FL = 0.21, FR = -0.21, BL = 0.21, BR = -0.21
11-27 14:21:02.860 10870 11496 I global  :  RENO - ChassisWith4Motors.rotate(ChassisWith4Motors.java:362): Positions: FL = 19, FR = 17, BL = 16, BR = 22
11-27 14:21:02.862 10870 11496 I global  :  RENO - ChassisWith4Motors.rotate(ChassisWith4Motors.java:364): Powers: FL = 0.21, FR = -0.21, BL = 0.21, BR = -0.21
11-27 14:21:02.874 10870 11496 I global  :  RENO - ChassisWith4Motors.rotate(ChassisWith4Motors.java:362): Positions: FL = 25, FR = 21, BL = 22, BR = 27
11-27 14:21:02.875 10870 11496 I global  :  RENO - ChassisWith4Motors.rotate(ChassisWith4Motors.java:364): Powers: FL = 0.21, FR = -0.21, BL = 0.21, BR = -0.21
11-27 14:21:02.887 10870 11496 I global  :  RENO - ChassisWith4Motors.rotate(ChassisWith4Motors.java:362): Positions: FL = 30, FR = 26, BL = 26, BR = 30
11-27 14:21:02.888 10870 11496 I global  :  RENO - ChassisWith4Motors.rotate(ChassisWith4Motors.java:364): Powers: FL = 0.21, FR = -0.21, BL = 0.21, BR = -0.21
11-27 14:21:02.898 10870 11496 I global  :  RENO - ChassisWith4Motors.rotate(ChassisWith4Motors.java:362): Positions: FL = 36, FR = 30, BL = 32, BR = 34
11-27 14:21:02.900 10870 11496 I global  :  RENO - ChassisWith4Motors.rotate(ChassisWith4Motors.java:364): Powers: FL = 0.21, FR = -0.21, BL = 0.21, BR = -0.21
11-27 14:21:02.910 10870 11496 I global  :  RENO - ChassisWith4Motors.rotate(ChassisWith4Motors.java:362): Positions: FL = 41, FR = 35, BL = 36, BR = 39
11-27 14:21:02.911 10870 11496 I global  :  RENO - ChassisWith4Motors.rotate(ChassisWith4Motors.java:364): Powers: FL = 0.21, FR = -0.21, BL = 0.21, BR = -0.21
11-27 14:21:02.921 10870 11496 I global  :  RENO - ChassisWith4Motors.rotate(ChassisWith4Motors.java:362): Positions: FL = 46, FR = 39, BL = 41, BR = 44
11-27 14:21:02.922 10870 11496 I global  :  RENO - ChassisWith4Motors.rotate(ChassisWith4Motors.java:364): Powers: FL = 0.21, FR = -0.21, BL = 0.21, BR = -0.21
11-27 14:21:02.933 10870 11496 I global  :  RENO - ChassisWith4Motors.rotate(ChassisWith4Motors.java:362): Positions: FL = 50, FR = 44, BL = 46, BR = 49
11-27 14:21:02.934 10870 11496 I global  :  RENO - ChassisWith4Motors.rotate(ChassisWith4Motors.java:364): Powers: FL = 0.21, FR = -0.21, BL = 0.21, BR = -0.21
11-27 14:21:02.944 10870 11496 I global  :  RENO - ChassisWith4Motors.rotate(ChassisWith4Motors.java:362): Positions: FL = 55, FR = 49, BL = 50, BR = 54
11-27 14:21:02.945 10870 11496 I global  :  RENO - ChassisWith4Motors.rotate(ChassisWith4Motors.java:364): Powers: FL = 0.00, FR = -0.23, BL = 0.23, BR = -0.07
11-27 14:21:02.961 10870 11496 I global  :  RENO - ChassisWith4Motors.rotate(ChassisWith4Motors.java:362): Positions: FL = 62, FR = 56, BL = 58, BR = 62
11-27 14:21:02.962 10870 11496 I global  :  RENO - ChassisWith4Motors.rotate(ChassisWith4Motors.java:364): Powers: FL = 0.03, FR = -0.23, BL = 0.23, BR = -0.03
11-27 14:21:02.974 10870 11496 I global  :  RENO - ChassisWith4Motors.rotate(ChassisWith4Motors.java:362): Positions: FL = 68, FR = 62, BL = 65, BR = 68
11-27 14:21:02.977 10870 11496 I global  :  RENO - ChassisWith4Motors.rotate(ChassisWith4Motors.java:364): Powers: FL = 0.04, FR = -0.23, BL = 0.21, BR = -0.04
11-27 14:21:02.991 10870 11496 I global  :  RENO - ChassisWith4Motors.rotate(ChassisWith4Motors.java:362): Positions: FL = 74, FR = 68, BL = 73, BR = 75
11-27 14:21:02.994 10870 11496 I global  :  RENO - ChassisWith4Motors.rotate(ChassisWith4Motors.java:364): Powers: FL = 0.11, FR = -0.23, BL = 0.16, BR = -0.06
11-27 14:21:03.010 10870 11496 I global  :  RENO - ChassisWith4Motors.rotate(ChassisWith4Motors.java:362): Positions: FL = 80, FR = 76, BL = 82, BR = 81
11-27 14:21:03.013 10870 11496 I global  :  RENO - ChassisWith4Motors.rotate(ChassisWith4Motors.java:364): Powers: FL = 0.16, FR = -0.23, BL = 0.07, BR = -0.12
11-27 14:21:03.026 10870 11496 I global  :  RENO - ChassisWith4Motors.rotate(ChassisWith4Motors.java:362): Positions: FL = 86, FR = 81, BL = 89, BR = 86
11-27 14:21:03.027 10870 11496 I global  :  RENO - ChassisWith4Motors.rotate(ChassisWith4Motors.java:364): Powers: FL = 0.17, FR = -0.23, BL = 0.04, BR = -0.17
11-27 14:21:03.041 10870 11496 I global  :  RENO - ChassisWith4Motors.rotate(ChassisWith4Motors.java:362): Positions: FL = 92, FR = 86, BL = 94, BR = 91
11-27 14:21:03.042 10870 11496 I global  :  RENO - ChassisWith4Motors.rotate(ChassisWith4Motors.java:364): Powers: FL = 0.13, FR = -0.23, BL = 0.05, BR = -0.17
11-27 14:21:03.057 10870 11496 I global  :  RENO - ChassisWith4Motors.rotate(ChassisWith4Motors.java:362): Positions: FL = 98, FR = 92, BL = 99, BR = 95
11-27 14:21:03.058 10870 11496 I global  :  RENO - ChassisWith4Motors.rotate(ChassisWith4Motors.java:364): Powers: FL = 0.14, FR = -0.23, BL = 0.10, BR = -0.23
11-27 14:21:03.073 10870 11496 I global  :  RENO - ChassisWith4Motors.rotate(ChassisWith4Motors.java:362): Positions: FL = 104, FR = 98, BL = 103, BR = 101
11-27 14:21:03.074 10870 11496 I global  :  RENO - ChassisWith4Motors.rotate(ChassisWith4Motors.java:364): Powers: FL = 0.10, FR = -0.23, BL = 0.14, BR = -0.21
11-27 14:21:03.088 10870 11496 I global  :  RENO - ChassisWith4Motors.rotate(ChassisWith4Motors.java:380): Required turning degrees: -11.75.
11-27 14:21:03.088 10870 11496 I global  :  RENO - ChassisWith4Motors.rotate(ChassisWith4Motors.java:381): IMU angle before turn stop 45.50.
11-27 14:21:03.089 10870 11496 I global  :  RENO - ChassisWith4Motors.rotate(ChassisWith4Motors.java:382): Rotated angle is -11.25.
11-27 14:21:03.101 10870 11496 I global  :  RENO - ChassisWith4Motors.rotate(ChassisWith4Motors.java:392): IMU angle after turning stop is 45.50.
11-27 14:21:03.102 10870 11496 I global  :  RENO - ChassisWith4Motors.rotateIMUTargetAngle(ChassisWith4Motors.java:303): imu angle before rotation: 56.75
11-27 14:21:03.104 10870 11496 I global  :  RENO - AutonomousRight.autonomousCore(AutonomousRight.java:316): Cone position: 9.02
11-27 14:21:03.148 10870 11504 I global  :  RENO - ObjectDetection.verifyObjectDetected(ObjectDetection.java:314): per [0] = 0.654
11-27 14:21:03.149 10870 11504 I global  :  RENO - ObjectDetection.verifyObjectDetected(ObjectDetection.java:314): per [1] = 0.555
11-27 14:21:03.150 10870 11504 I global  :  RENO - ObjectDetection.verifyObjectDetected(ObjectDetection.java:314): per [2] = 0.443
11-27 14:21:03.158 10870 11496 I global  :  RENO - ChassisWith4Motors.driveWithPIDControl(ChassisWith4Motors.java:481): tDistance = 9.02, currLocation = 0.07
11-27 14:21:03.159 10870 11504 I global  :  RENO - ObjectDetection.processFrame(ObjectDetection.java:83): Start Opcv process to detect sleeve color.
11-27 14:21:03.159 10870 11496 I global  :  RENO - ChassisWith4Motors.driveWithPIDControl(ChassisWith4Motors.java:482): rampUpPower = 0.35, rampDownPower = 0.29
11-27 14:21:03.160 10870 11504 I global  :  RENO - ObjectDetection.sleeveColorDetect(ObjectDetection.java:121): Start Opcv process to detect sleeve color.
11-27 14:21:03.162 10870 11504 I global  :  RENO - ObjectDetection.sleeveColorDetect(ObjectDetection.java:128): Sleeve max color = 194497.00, 174453.00, 157017.00
11-27 14:21:03.164 10870 11504 I global  :  RENO - ObjectDetection.sleeveColorDetect(ObjectDetection.java:147): Sleeve position: LEFT
11-27 14:21:03.164 10870 11496 I global  :  RENO - ChassisWith4Motors.driveWithPIDControl(ChassisWith4Motors.java:488): power = 0.29, correction = 0.07, global angle = -1.750, last angle = 43.75
11-27 14:21:03.165 10870 11504 I global  :  RENO - ObjectDetection.processFrame(ObjectDetection.java:86): Start Opcv process to detect cone.
11-27 14:21:03.180 10870 11496 I global  :  RENO - ChassisWith4Motors.driveWithPIDControl(ChassisWith4Motors.java:481): tDistance = 9.02, currLocation = 0.19
11-27 14:21:03.182 10870 11496 I global  :  RENO - ChassisWith4Motors.driveWithPIDControl(ChassisWith4Motors.java:482): rampUpPower = 0.36, rampDownPower = 0.29
11-27 14:21:03.188 10870 11496 I global  :  RENO - ChassisWith4Motors.driveWithPIDControl(ChassisWith4Motors.java:488): power = 0.29, correction = 0.07, global angle = -1.813, last angle = 43.69
11-27 14:21:03.204 10870 11496 I global  :  RENO - ChassisWith4Motors.driveWithPIDControl(ChassisWith4Motors.java:481): tDistance = 9.02, currLocation = 0.37
11-27 14:21:03.205 10870 11496 I global  :  RENO - ChassisWith4Motors.driveWithPIDControl(ChassisWith4Motors.java:482): rampUpPower = 0.37, rampDownPower = 0.29
11-27 14:21:03.212 10870 11496 I global  :  RENO - ChassisWith4Motors.driveWithPIDControl(ChassisWith4Motors.java:488): power = 0.29, correction = 0.07, global angle = -1.625, last angle = 43.88
11-27 14:21:03.228 10870 11496 I global  :  RENO - ChassisWith4Motors.driveWithPIDControl(ChassisWith4Motors.java:481): tDistance = 9.02, currLocation = 0.54
11-27 14:21:03.229 10870 11496 I global  :  RENO - ChassisWith4Motors.driveWithPIDControl(ChassisWith4Motors.java:482): rampUpPower = 0.38, rampDownPower = 0.29
11-27 14:21:03.236 10870 11496 I global  :  RENO - ChassisWith4Motors.driveWithPIDControl(ChassisWith4Motors.java:488): power = 0.29, correction = 0.06, global angle = -1.500, last angle = 44.00
11-27 14:21:03.253 10870 11496 I global  :  RENO - ChassisWith4Motors.driveWithPIDControl(ChassisWith4Motors.java:481): tDistance = 9.02, currLocation = 0.61
11-27 14:21:03.254 10870 11496 I global  :  RENO - ChassisWith4Motors.driveWithPIDControl(ChassisWith4Motors.java:482): rampUpPower = 0.38, rampDownPower = 0.29
11-27 14:21:03.261 10870 11496 I global  :  RENO - ChassisWith4Motors.driveWithPIDControl(ChassisWith4Motors.java:488): power = 0.29, correction = 0.05, global angle = -1.188, last angle = 44.31
11-27 14:21:03.279 10870 11496 I global  :  RENO - ChassisWith4Motors.driveWithPIDControl(ChassisWith4Motors.java:481): tDistance = 9.02, currLocation = 0.65
11-27 14:21:03.284 10870 11496 I global  :  RENO - ChassisWith4Motors.driveWithPIDControl(ChassisWith4Motors.java:482): rampUpPower = 0.38, rampDownPower = 0.29
11-27 14:21:03.288 10870 11496 I global  :  RENO - ChassisWith4Motors.driveWithPIDControl(ChassisWith4Motors.java:488): power = 0.29, correction = 0.04, global angle = -0.563, last angle = 44.94
11-27 14:21:03.310 10870 11496 I global  :  RENO - ChassisWith4Motors.driveWithPIDControl(ChassisWith4Motors.java:481): tDistance = 9.02, currLocation = 0.77
11-27 14:21:03.312 10870 11496 I global  :  RENO - ChassisWith4Motors.driveWithPIDControl(ChassisWith4Motors.java:482): rampUpPower = 0.39, rampDownPower = 0.29
11-27 14:21:03.318 10870 11496 I global  :  RENO - ChassisWith4Motors.driveWithPIDControl(ChassisWith4Motors.java:488): power = 0.29, correction = 0.02, global angle = -0.188, last angle = 45.31
11-27 14:21:03.341 10870 11496 I global  :  RENO - ChassisWith4Motors.driveWithPIDControl(ChassisWith4Motors.java:481): tDistance = 9.02, currLocation = 0.96
11-27 14:21:03.342 10870 11496 I global  :  RENO - ChassisWith4Motors.driveWithPIDControl(ChassisWith4Motors.java:482): rampUpPower = 0.40, rampDownPower = 0.28
11-27 14:21:03.348 10870 11496 I global  :  RENO - ChassisWith4Motors.driveWithPIDControl(ChassisWith4Motors.java:488): power = 0.28, correction = -0.01, global angle = 0.250, last angle = 45.75
11-27 14:21:03.367 10870 11496 I global  :  RENO - ChassisWith4Motors.driveWithPIDControl(ChassisWith4Motors.java:481): tDistance = 9.02, currLocation = 1.15
11-27 14:21:03.368 10870 11496 I global  :  RENO - ChassisWith4Motors.driveWithPIDControl(ChassisWith4Motors.java:482): rampUpPower = 0.41, rampDownPower = 0.28
11-27 14:21:03.376 10870 11496 I global  :  RENO - ChassisWith4Motors.driveWithPIDControl(ChassisWith4Motors.java:488): power = 0.28, correction = -0.02, global angle = 0.500, last angle = 46.00
11-27 14:21:03.393 10870 11496 I global  :  RENO - ChassisWith4Motors.driveWithPIDControl(ChassisWith4Motors.java:481): tDistance = 9.02, currLocation = 1.38
11-27 14:21:03.394 10870 11496 I global  :  RENO - ChassisWith4Motors.driveWithPIDControl(ChassisWith4Motors.java:482): rampUpPower = 0.42, rampDownPower = 0.28
11-27 14:21:03.430 10870 11496 I global  :  RENO - ChassisWith4Motors.driveWithPIDControl(ChassisWith4Motors.java:488): power = 0.28, correction = -0.02, global angle = 0.625, last angle = 46.13
11-27 14:21:03.446 10870 11496 I global  :  RENO - ChassisWith4Motors.driveWithPIDControl(ChassisWith4Motors.java:481): tDistance = 9.02, currLocation = 2.01
11-27 14:21:03.448 10870 11496 I global  :  RENO - ChassisWith4Motors.driveWithPIDControl(ChassisWith4Motors.java:482): rampUpPower = 0.46, rampDownPower = 0.27
11-27 14:21:03.453 10870 11496 I global  :  RENO - ChassisWith4Motors.driveWithPIDControl(ChassisWith4Motors.java:488): power = 0.27, correction = -0.03, global angle = 0.625, last angle = 46.13
11-27 14:21:03.469 10870 11496 I global  :  RENO - ChassisWith4Motors.driveWithPIDControl(ChassisWith4Motors.java:481): tDistance = 9.02, currLocation = 2.27
11-27 14:21:03.470 10870 11496 I global  :  RENO - ChassisWith4Motors.driveWithPIDControl(ChassisWith4Motors.java:482): rampUpPower = 0.47, rampDownPower = 0.27
11-27 14:21:03.475 10870 11496 I global  :  RENO - ChassisWith4Motors.driveWithPIDControl(ChassisWith4Motors.java:488): power = 0.27, correction = -0.03, global angle = 0.563, last angle = 46.06
11-27 14:21:03.492 10870 11496 I global  :  RENO - ChassisWith4Motors.driveWithPIDControl(ChassisWith4Motors.java:481): tDistance = 9.02, currLocation = 2.52
11-27 14:21:03.494 10870 11496 I global  :  RENO - ChassisWith4Motors.driveWithPIDControl(ChassisWith4Motors.java:482): rampUpPower = 0.48, rampDownPower = 0.27
11-27 14:21:03.501 10870 11496 I global  :  RENO - ChassisWith4Motors.driveWithPIDControl(ChassisWith4Motors.java:488): power = 0.27, correction = -0.02, global angle = 0.563, last angle = 46.06
11-27 14:21:03.518 10870 11496 I global  :  RENO - ChassisWith4Motors.driveWithPIDControl(ChassisWith4Motors.java:481): tDistance = 9.02, currLocation = 2.85
11-27 14:21:03.520 10870 11496 I global  :  RENO - ChassisWith4Motors.driveWithPIDControl(ChassisWith4Motors.java:482): rampUpPower = 0.50, rampDownPower = 0.26
11-27 14:21:03.526 10870 11496 I global  :  RENO - ChassisWith4Motors.driveWithPIDControl(ChassisWith4Motors.java:488): power = 0.26, correction = -0.02, global angle = 0.438, last angle = 45.94
11-27 14:21:03.542 10870 11504 I global  :  RENO - ObjectDetection.verifyObjectDetected(ObjectDetection.java:314): per [0] = 0.659
11-27 14:21:03.542 10870 11496 I global  :  RENO - ChassisWith4Motors.driveWithPIDControl(ChassisWith4Motors.java:481): tDistance = 9.02, currLocation = 3.20
11-27 14:21:03.543 10870 11496 I global  :  RENO - ChassisWith4Motors.driveWithPIDControl(ChassisWith4Motors.java:482): rampUpPower = 0.52, rampDownPower = 0.26
11-27 14:21:03.543 10870 11504 I global  :  RENO - ObjectDetection.verifyObjectDetected(ObjectDetection.java:314): per [1] = 0.597
11-27 14:21:03.544 10870 11504 I global  :  RENO - ObjectDetection.verifyObjectDetected(ObjectDetection.java:314): per [2] = 0.567
11-27 14:21:03.545 10870 11504 I System.out: GC probably ran
11-27 14:21:03.549 10870 11504 I global  :  RENO - ObjectDetection.processFrame(ObjectDetection.java:83): Start Opcv process to detect sleeve color.
11-27 14:21:03.549 10870 11496 I global  :  RENO - ChassisWith4Motors.driveWithPIDControl(ChassisWith4Motors.java:488): power = 0.26, correction = -0.01, global angle = 0.313, last angle = 45.81
11-27 14:21:03.550 10870 11504 I global  :  RENO - ObjectDetection.sleeveColorDetect(ObjectDetection.java:121): Start Opcv process to detect sleeve color.
11-27 14:21:03.551 10870 11504 I global  :  RENO - ObjectDetection.sleeveColorDetect(ObjectDetection.java:128): Sleeve max color = 210783.00, 192066.00, 171062.00
11-27 14:21:03.552 10870 11504 I global  :  RENO - ObjectDetection.sleeveColorDetect(ObjectDetection.java:147): Sleeve position: LEFT
11-27 14:21:03.553 10870 11504 I global  :  RENO - ObjectDetection.processFrame(ObjectDetection.java:86): Start Opcv process to detect cone.
11-27 14:21:03.568 10870 11496 I global  :  RENO - ChassisWith4Motors.driveWithPIDControl(ChassisWith4Motors.java:481): tDistance = 9.02, currLocation = 3.53
11-27 14:21:03.569 10870 11496 I global  :  RENO - ChassisWith4Motors.driveWithPIDControl(ChassisWith4Motors.java:482): rampUpPower = 0.54, rampDownPower = 0.26
11-27 14:21:03.575 10870 11496 I global  :  RENO - ChassisWith4Motors.driveWithPIDControl(ChassisWith4Motors.java:488): power = 0.26, correction = -0.01, global angle = 0.250, last angle = 45.75
11-27 14:21:03.592 10870 11496 I global  :  RENO - ChassisWith4Motors.driveWithPIDControl(ChassisWith4Motors.java:481): tDistance = 9.02, currLocation = 3.83
