11-17 20:25:34.324  8754  9069 V CameraImpl: construct(0x0b742364)
11-17 20:25:34.327  8754  9069 D UsbResiliantWebcam.InterveningStateCallback: onOpened() camera=CameraImpl(UvcDeviceHandle(pointer=0xcd4bce00|UvcDevice(/dev/bus/usb/003/004)))...
11-17 20:25:34.327  8754  9069 D UsbResiliantWebcam: changeDelegatedCamera(null->CameraImpl(UvcDeviceHandle(pointer=0xcd4bce00|UvcDevice(/dev/bus/usb/003/004))))...
11-17 20:25:34.328  8754  9069 D UvcApiFocusControl: isModeSupported(Auto)...
11-17 20:25:34.329  8754  9069 D UvcApiFocusControl: ...isModeSupported(Auto): false
11-17 20:25:34.329  8754  9069 D UvcApiFocusControl: isModeSupported(ContinuousAuto)...
11-17 20:25:34.330  8754  9069 D UvcApiFocusControl: ...isModeSupported(ContinuousAuto): false
11-17 20:25:34.330  8754  9069 D UvcApiFocusControl: isModeSupported(Macro)...
11-17 20:25:34.330  8754  9069 D UvcApiFocusControl: ...isModeSupported(Macro): false
11-17 20:25:34.331  8754  9069 D UvcApiFocusControl: isModeSupported(Infinity)...
11-17 20:25:34.331  8754  9069 D UvcApiFocusControl: ...isModeSupported(Infinity): false
11-17 20:25:34.331  8754  9069 D UvcApiFocusControl: isModeSupported(Fixed)...
11-17 20:25:34.331  8754  9069 D UvcApiFocusControl: ...isModeSupported(Fixed): true
11-17 20:25:34.332  8754  9069 D UvcApiFocusControl: isFocusLengthSupported...
11-17 20:25:34.332  8754  9069 D UvcApiFocusControl: ...isFocusLengthSupported: false
11-17 20:25:34.336  8754  9069 D CachingExposureControl: onCameraChanged(null->CameraImpl(UvcDeviceHandle(pointer=0xcd4bce00|UvcDevice(/dev/bus/usb/003/004))))...
11-17 20:25:34.336  8754  9069 D UvcApiExposureControl: isModeSupported(Auto)...
11-17 20:25:34.339  8754  9069 D UvcApiExposureControl: ...isModeSupported(Auto): false
11-17 20:25:34.339  8754  9069 D UvcApiExposureControl: isModeSupported(ContinuousAuto)...
11-17 20:25:34.341  8754  9069 D UvcApiExposureControl: ...isModeSupported(ContinuousAuto): false
11-17 20:25:34.341  8754  9069 D UvcApiExposureControl: isModeSupported(Manual)...
11-17 20:25:34.343  8754  9069 D UvcApiExposureControl: ...isModeSupported(Manual): true
11-17 20:25:34.343  8754  9069 D UvcApiExposureControl: isModeSupported(ShutterPriority)...
11-17 20:25:34.345  8754  9069 D UvcApiExposureControl: ...isModeSupported(ShutterPriority): false
11-17 20:25:34.345  8754  9069 D UvcApiExposureControl: isModeSupported(AperturePriority)...
11-17 20:25:34.347  8754  9069 D UvcApiExposureControl: ...isModeSupported(AperturePriority): true
11-17 20:25:34.347  8754  9069 D UvcApiExposureControl: isExposureSupported()...
11-17 20:25:34.348  8754  9069 D UvcApiExposureControl: ...isExposureSupported(): true
11-17 20:25:34.348  8754  9069 D UvcApiExposureControl: getMinExposure(NANOSECONDS)...
11-17 20:25:34.348  8754  9069 D Uvc     : [jni_devicehandle.cpp:645] Java_org_firstinspires_ftc_robotcore_internal_camera_libuvc_nativeobject_UvcDeviceHandle_nativeGetMinExposure()...
11-17 20:25:34.350  8754  9069 D Uvc     : [jni_devicehandle.cpp:645] ...Java_org_firstinspires_ftc_robotcore_internal_camera_libuvc_nativeobject_UvcDeviceHandle_nativeGetMinExposure()
11-17 20:25:34.350  8754  9069 D UvcApiExposureControl: ...getMinExposure(NANOSECONDS): 100000
11-17 20:25:34.350  8754  9069 D UvcApiExposureControl: getMaxExposure(NANOSECONDS)...
11-17 20:25:34.352  8754  9069 D UvcApiExposureControl: ...getMaxExposure(NANOSECONDS): 1000000000
11-17 20:25:34.353  8754  9069 D UvcApiExposureControl: setAePriority()...
11-17 20:25:34.354  8754  9069 D UvcApiExposureControl: ...setAePriority()
11-17 20:25:34.355  8754  9069 D UvcApiExposureControl: getMode()...
11-17 20:25:34.355  8754  9069 D Uvc     : [jni_devicehandle.cpp:493] Java_org_firstinspires_ftc_robotcore_internal_camera_libuvc_nativeobject_UvcDeviceHandle_nativeGetVuforiaExposureMode()...
11-17 20:25:34.356  8754  9069 D Uvc     : [jni_devicehandle.cpp:493] ...Java_org_firstinspires_ftc_robotcore_internal_camera_libuvc_nativeobject_UvcDeviceHandle_nativeGetVuforiaExposureMode()
11-17 20:25:34.357  8754  9069 D UvcApiExposureControl: ...getMode(): AperturePriority
11-17 20:25:34.359  8754  9069 D CachingExposureControl: ...onCameraChanged(null->CameraImpl(UvcDeviceHandle(pointer=0xcd4bce00|UvcDevice(/dev/bus/usb/003/004))))
11-17 20:25:34.359  8754  9069 D UvcApiPtzControl: getMinZoom()...
11-17 20:25:34.360  8754  9069 E UvcDeviceHandle: [jni_devicehandle.cpp:219] Failed to get min zoom : error -9
11-17 20:25:34.360  8754  9069 D UvcApiPtzControl: ...getMinZoom(): 0
11-17 20:25:34.361  8754  9069 D UvcApiPtzControl: getMaxZoom()...
11-17 20:25:34.362  8754  9069 E UvcDeviceHandle: [jni_devicehandle.cpp:242] Failed to get max zoom : error -9
11-17 20:25:34.362  8754  9069 D UvcApiPtzControl: ...getMaxZoom(): 0
11-17 20:25:34.362  8754  9069 D UvcApiPtzControl: getMinPanTilt()...
11-17 20:25:34.363  8754  9069 E UvcDeviceHandle: [jni_devicehandle.cpp:365] Failed to get min pan/tilt : error -9
11-17 20:25:34.364  8754  9069 D UvcApiPtzControl: ...getMinPanTilt(): org.firstinspires.ftc.robotcore.external.hardware.camera.controls.PtzControl$PanTiltHolder@98e2c0b
11-17 20:25:34.364  8754  9069 D UvcApiPtzControl: getMaxPanTilt()...
11-17 20:25:34.365  8754  9069 E UvcDeviceHandle: [jni_devicehandle.cpp:333] Failed to get max pan/tilt : error -9
11-17 20:25:34.365  8754  9069 D UvcApiPtzControl: ...getMaxPanTilt(): org.firstinspires.ftc.robotcore.external.hardware.camera.controls.PtzControl$PanTiltHolder@e764ae8
11-17 20:25:34.366  8754  9069 D UvcApiPtzControl: getZoom()...
11-17 20:25:34.367  8754  9069 E UvcDeviceHandle: [jni_devicehandle.cpp:196] Failed to get zoom : error -9
11-17 20:25:34.367  8754  9069 D UvcApiPtzControl: ...getZoom(): 0
11-17 20:25:34.367  8754  9069 D UvcApiPtzControl: getPanTilt()...
11-17 20:25:34.369  8754  9069 E UvcDeviceHandle: [jni_devicehandle.cpp:301] Failed to get pan/tilt : error -9
11-17 20:25:34.369  8754  9069 D UvcApiPtzControl: ...getPanTilt(): org.firstinspires.ftc.robotcore.external.hardware.camera.controls.PtzControl$PanTiltHolder@aa0c501
11-17 20:25:34.369  8754  9069 D UvcApiGainControl: getMinGain()...
11-17 20:25:34.369  8754  9069 D Uvc     : [jni_devicehandle.cpp:894] Java_org_firstinspires_ftc_robotcore_internal_camera_libuvc_nativeobject_UvcDeviceHandle_nativeGetMinGain()...
11-17 20:25:34.371  8754  9069 D Uvc     : [jni_devicehandle.cpp:894] ...Java_org_firstinspires_ftc_robotcore_internal_camera_libuvc_nativeobject_UvcDeviceHandle_nativeGetMinGain()
11-17 20:25:34.371  8754  9069 D UvcApiGainControl: ...getMinGain(): 0
11-17 20:25:34.372  8754  9069 D UvcApiGainControl: getMaxGain()...
11-17 20:25:34.372  8754  9069 D Uvc     : [jni_devicehandle.cpp:917] Java_org_firstinspires_ftc_robotcore_internal_camera_libuvc_nativeobject_UvcDeviceHandle_nativeGetMaxGain()...
11-17 20:25:34.373  8754  9069 D Uvc     : [jni_devicehandle.cpp:917] ...Java_org_firstinspires_ftc_robotcore_internal_camera_libuvc_nativeobject_UvcDeviceHandle_nativeGetMaxGain()
11-17 20:25:34.374  8754  9069 D UvcApiGainControl: ...getMaxGain(): 255
11-17 20:25:34.374  8754  9069 D UvcApiGainControl: getGain()...
11-17 20:25:34.374  8754  9069 D Uvc     : [jni_devicehandle.cpp:940] Java_org_firstinspires_ftc_robotcore_internal_camera_libuvc_nativeobject_UvcDeviceHandle_nativeGetGain()...
11-17 20:25:34.376  8754  9069 D Uvc     : [jni_devicehandle.cpp:940] ...Java_org_firstinspires_ftc_robotcore_internal_camera_libuvc_nativeobject_UvcDeviceHandle_nativeGetGain()
11-17 20:25:34.376  8754  9069 D UvcApiGainControl: ...getGain(): 0
11-17 20:25:34.376  8754  9069 D UvcApiWhiteBalanceControl: getMinWhiteBalanceTemperature()...
11-17 20:25:34.376  8754  9069 D Uvc     : [jni_devicehandle.cpp:726] Java_org_firstinspires_ftc_robotcore_internal_camera_libuvc_nativeobject_UvcDeviceHandle_nativeGetMinWhiteBalanceTemperature()...
11-17 20:25:34.378  8754  9069 D Uvc     : [jni_devicehandle.cpp:726] ...Java_org_firstinspires_ftc_robotcore_internal_camera_libuvc_nativeobject_UvcDeviceHandle_nativeGetMinWhiteBalanceTemperature()
11-17 20:25:34.378  8754  9069 D UvcApiWhiteBalanceControl: ...getMinWhiteBalanceTemperature(): 0
11-17 20:25:34.378  8754  9069 D UvcApiWhiteBalanceControl: getMaxWhiteBalanceTemperature()...
11-17 20:25:34.379  8754  9069 D Uvc     : [jni_devicehandle.cpp:748] Java_org_firstinspires_ftc_robotcore_internal_camera_libuvc_nativeobject_UvcDeviceHandle_nativeGetMaxWhiteBalanceTemperature()...
11-17 20:25:34.380  8754  9069 D Uvc     : [jni_devicehandle.cpp:748] ...Java_org_firstinspires_ftc_robotcore_internal_camera_libuvc_nativeobject_UvcDeviceHandle_nativeGetMaxWhiteBalanceTemperature()
11-17 20:25:34.381  8754  9069 D UvcApiWhiteBalanceControl: ...getMaxWhiteBalanceTemperature(): 10000
11-17 20:25:34.381  8754  9069 D UvcApiWhiteBalanceControl: getWhiteBalanceTemperature()...
11-17 20:25:34.381  8754  9069 D Uvc     : [jni_devicehandle.cpp:793] Java_org_firstinspires_ftc_robotcore_internal_camera_libuvc_nativeobject_UvcDeviceHandle_nativeGetWhiteBalanceTemperature()...
11-17 20:25:34.383  8754  9069 D Uvc     : [jni_devicehandle.cpp:793] ...Java_org_firstinspires_ftc_robotcore_internal_camera_libuvc_nativeobject_UvcDeviceHandle_nativeGetWhiteBalanceTemperature()
11-17 20:25:34.383  8754  9069 D UvcApiWhiteBalanceControl: ...getWhiteBalanceTemperature(): 4000
11-17 20:25:34.383  8754  9069 D UsbResiliantWebcam: ...changeDelegatedCamera(null->CameraImpl(UvcDeviceHandle(pointer=0xcd4bce00|UvcDevice(/dev/bus/usb/003/004))))
11-17 20:25:34.383  8754  9069 D UsbResiliantWebcam: openSelfAndReport()...
11-17 20:25:34.384  8754  9069 V CameraImpl: construct(0x02405fa6)
11-17 20:25:34.385  8754  9069 D UsbResiliantWebcam: ...openSelfAndReport()
11-17 20:25:34.386  8754  9069 D UsbResiliantWebcam.InterveningStateCallback: ...onOpened() camera=CameraImpl(UvcDeviceHandle(pointer=0xcd4bce00|UvcDevice(/dev/bus/usb/003/004)))
11-17 20:25:34.386  8754  9069 D UvcDevice: ...open()
11-17 20:25:34.386  8754  9069 D UsbResiliantWebcam: ...openAssumingPermission()
11-17 20:25:34.386  8754  9069 D CameraManager: ...asyncOpenWebcam(Webcam(D5386480))
11-17 20:25:34.386  8754  9069 D CameraManager: ...asyncOpenCamera(Webcam(D5386480))
11-17 20:25:34.386  8754  9073 D CameraManager: camera reports opened: CameraImpl(UsbResiliantWebcam(Webcam(D5386480)))
11-17 20:25:34.387  8754  9073 D ContinuationSynchronizer: finish("camera reports opened: Webcam(D5386480)": CameraImpl(UsbResiliantWebcam(Webcam(D5386480))))...
11-17 20:25:34.387  8754  9065 D ContinuationSynchronizer: ...awaiting(camera open)
11-17 20:25:34.387  8754  9065 D CameraManager: ...doOpenCamera()
11-17 20:25:34.388  8754  9073 D ContinuationSynchronizer: ...finish("camera reports opened: Webcam(D5386480)": CameraImpl(UsbResiliantWebcam(Webcam(D5386480))))
11-17 20:25:34.392  8754  9065 D UvcContext: found webcam: usbPath=/dev/bus/usb/003/004 vid=0x46D pid=0x825 serial=D5386480 product=C270 HD WEBCAM
11-17 20:25:34.392  8754  9065 D Uvc     : [jni_context.cpp:120] Java_org_firstinspires_ftc_robotcore_internal_camera_libuvc_nativeobject_UvcContext_nativeCreateUvcDevice()...
11-17 20:25:34.392  8754  9065 V Uvc     : API: Java_org_firstinspires_ftc_robotcore_internal_camera_libuvc_nativeobject_UvcContext_nativeCreateUvcDevice: enter...
11-17 20:25:34.394  8754  9065 D libusb  : [60.718419] [00002369] libusb: debug [op_create] op_create: szUsbPath=/dev/bus/usb/003/004 szSysfsDir=3-1.4
11-17 20:25:34.394  8754  9065 D Uvc     : [device.cpp:613] uvc_create_uvc_device()...
11-17 20:25:34.394  8754  9065 D Uvc     : [libuvc/libuvc_internal.h:346] uvc_device::uvc_device()...
11-17 20:25:34.394  8754  9065 D Uvc     : [libuvc/libuvc_internal.h:375] acquired vid=1133 & pid=2085
11-17 20:25:34.394  8754  9065 D Uvc     : [libuvc/libuvc_internal.h:346] ...uvc_device::uvc_device()
11-17 20:25:34.394  8754  9065 D Uvc     : [device.cpp:613] ...uvc_create_uvc_device() rc=0
11-17 20:25:34.394  8754  9065 V Uvc     : API: Java_org_firstinspires_ftc_robotcore_internal_camera_libuvc_nativeobject_UvcContext_nativeCreateUvcDevice: ...exit
11-17 20:25:34.394  8754  9065 D Uvc     : [jni_context.cpp:120] ...Java_org_firstinspires_ftc_robotcore_internal_camera_libuvc_nativeobject_UvcContext_nativeCreateUvcDevice()
11-17 20:25:34.395  8754  9065 V UvcDevice: construct(pointer=0xcd7065a0|null)
11-17 20:25:34.395  8754  9065 D Uvc     : [jni_device.cpp:108] Java_org_firstinspires_ftc_robotcore_internal_camera_libuvc_nativeobject_UvcDevice_nativeGetLibUsbDevice()...
11-17 20:25:34.395  8754  9065 D Uvc     : [jni_device.cpp:108] ...Java_org_firstinspires_ftc_robotcore_internal_camera_libuvc_nativeobject_UvcDevice_nativeGetLibUsbDevice()
11-17 20:25:34.395  8754  9065 V LibUsbDevice: construct(pointer=0xd19b65c0)
11-17 20:25:34.396  8754  9065 D UvcContext: usb device is *not* UVC compatible, /dev/bus/usb/003/003
11-17 20:25:34.397  8754  9065 V UvcApiCameraCharacteristicsBuilder: construct(0x0cd92d94)
11-17 20:25:34.397  8754  9065 D Uvc     : [jni_device.cpp:289] Java_org_firstinspires_ftc_robotcore_internal_camera_libuvc_nativeobject_UvcDevice_nativeGetDeviceInfo()...
11-17 20:25:34.397  8754  9065 V Uvc     : API: Java_org_firstinspires_ftc_robotcore_internal_camera_libuvc_nativeobject_UvcDevice_nativeGetDeviceInfo: enter...
11-17 20:25:34.397  8754  9065 D Uvc     : [device.cpp:386] uvc_get_device_info()...
11-17 20:25:34.397  8754  9065 D libusb  : [60.722238] [00002369] libusb: debug [op_get_config_descriptor] op_get_config_descriptor: config_index=0
11-17 20:25:34.397  8754  9065 D libusb  : [60.722301] [00002369] libusb: debug [op_get_config_descriptor] op_get_config_descriptor: config_index=0
11-17 20:25:34.398  8754  9065 D Uvc     : [device.cpp:986] uvc_scan_control()...
11-17 20:25:34.398  8754  9065 D Uvc     : [device.cpp:1041] uvc_parse_vc_header()...
11-17 20:25:34.398  8754  9065 D Uvc     : [device.cpp:1284] uvc_scan_streaming()...
11-17 20:25:34.398  8754  9065 D Uvc     : [device.cpp:1340] uvc_parse_vs_input_header()...
11-17 20:25:34.398  8754  9065 D Uvc     : [device.cpp:1340] ...uvc_parse_vs_input_header() rc=0
11-17 20:25:34.398  8754  9065 D Uvc     : [device.cpp:1389] uvc_parse_vs_format_uncompressed()...
11-17 20:25:34.398  8754  9065 D Uvc     : [device.cpp:1389] ...uvc_parse_vs_format_uncompressed() rc=0
11-17 20:25:34.398  8754  9065 V Uvc     : [device.cpp:1630] unsupported descriptor subtype: 13 UVC_VS_COLORFORMAT
11-17 20:25:34.398  8754  9065 D Uvc     : [device.cpp:1449] uvc_parse_vs_format_mjpeg()...
11-17 20:25:34.398  8754  9065 D Uvc     : [device.cpp:1449] ...uvc_parse_vs_format_mjpeg() rc=0
11-17 20:25:34.399  8754  9065 V Uvc     : [device.cpp:1630] unsupported descriptor subtype: 13 UVC_VS_COLORFORMAT
11-17 20:25:34.399  8754  9065 D Uvc     : [device.cpp:1284] ...uvc_scan_streaming() rc=0
11-17 20:25:34.399  8754  9065 D Uvc     : [device.cpp:1041] ...uvc_parse_vc_header() rc=0
11-17 20:25:34.399  8754  9065 D Uvc     : [device.cpp:1083] uvc_parse_vc_input_terminal()...
11-17 20:25:34.399  8754  9065 D Uvc     : [device.cpp:1083] ...uvc_parse_vc_input_terminal() rc=0
11-17 20:25:34.399  8754  9065 D Uvc     : [device.cpp:1156] uvc_parse_vc_processing_unit()...
11-17 20:25:34.399  8754  9065 D Uvc     : [device.cpp:1156] ...uvc_parse_vc_processing_unit() rc=0
11-17 20:25:34.399  8754  9065 D Uvc     : [device.cpp:986] ...uvc_scan_control() rc=0
11-17 20:25:34.399  8754  9065 D Uvc     : [device.cpp:386] ...uvc_get_device_info() rc=0
11-17 20:25:34.399  8754  9065 V Uvc     : API: Java_org_firstinspires_ftc_robotcore_internal_camera_libuvc_nativeobject_UvcDevice_nativeGetDeviceInfo: ...exit
11-17 20:25:34.399  8754  9065 D Uvc     : [jni_device.cpp:289] ...Java_org_firstinspires_ftc_robotcore_internal_camera_libuvc_nativeobject_UvcDevice_nativeGetDeviceInfo()
11-17 20:25:34.400  8754  9065 V UvcDeviceInfo: construct(pointer=0xccb04140)
11-17 20:25:34.401  8754  9065 V UvcStreamingInterface: construct(pointer=0xccbff220)
11-17 20:25:34.495  8754  9065 V UvcStreamingInterface: destroy(pointer=0xccbff220)
11-17 20:25:34.496  8754  9065 V UvcDeviceInfo: destroy(pointer=0xccb04140)
11-17 20:25:34.496  8754  9065 D Uvc     : [jni_deviceinfo.cpp:63] Java_org_firstinspires_ftc_robotcore_internal_camera_libuvc_nativeobject_UvcDeviceInfo_nativeFreeDeviceInfo()...
11-17 20:25:34.496  8754  9065 V Uvc     : API: Java_org_firstinspires_ftc_robotcore_internal_camera_libuvc_nativeobject_UvcDeviceInfo_nativeFreeDeviceInfo: enter...
11-17 20:25:34.496  8754  9065 D Uvc     : [device.cpp:433] uvc_free_device_info()...
11-17 20:25:34.496  8754  9065 D Uvc     : [device.cpp:433] ...uvc_free_device_info()
11-17 20:25:34.496  8754  9065 V Uvc     : API: Java_org_firstinspires_ftc_robotcore_internal_camera_libuvc_nativeobject_UvcDeviceInfo_nativeFreeDeviceInfo: ...exit
11-17 20:25:34.496  8754  9065 D Uvc     : [jni_deviceinfo.cpp:63] ...Java_org_firstinspires_ftc_robotcore_internal_camera_libuvc_nativeobject_UvcDeviceInfo_nativeFreeDeviceInfo()
11-17 20:25:34.496  8754  9065 V UvcApiCameraCharacteristicsBuilder: destroy(hash=0x0cd92d94)
11-17 20:25:34.497  8754  9065 V UvcDevice: destroy(pointer=0xcd7065a0|/dev/bus/usb/003/004)
11-17 20:25:34.497  8754  9065 D Uvc     : [jni_device.cpp:126] Java_org_firstinspires_ftc_robotcore_internal_camera_libuvc_nativeobject_UvcDevice_nativeReleaseRefDevice()...
11-17 20:25:34.497  8754  9065 V Uvc     : API: Java_org_firstinspires_ftc_robotcore_internal_camera_libuvc_nativeobject_UvcDevice_nativeReleaseRefDevice: enter...
11-17 20:25:34.497  8754  9065 D Uvc     : [device.cpp:882] uvc_unref_device()...
11-17 20:25:34.497  8754  9065 D Uvc     : [device.cpp:882] ...uvc_unref_device()
11-17 20:25:34.497  8754  9065 V Uvc     : API: Java_org_firstinspires_ftc_robotcore_internal_camera_libuvc_nativeobject_UvcDevice_nativeReleaseRefDevice: ...exit
11-17 20:25:34.497  8754  9065 D Uvc     : [jni_device.cpp:126] ...Java_org_firstinspires_ftc_robotcore_internal_camera_libuvc_nativeobject_UvcDevice_nativeReleaseRefDevice()
11-17 20:25:34.498  8754  9065 V LibUsbDevice: destroy(pointer=0xd19b65c0)
11-17 20:25:34.498  8754  9065 D Uvc     : [jni_libusb_device.cpp:64] Java_org_firstinspires_ftc_robotcore_internal_camera_libuvc_nativeobject_LibUsbDevice_nativeReleaseRefDevice()...
11-17 20:25:34.498  8754  9065 D Uvc     : [jni_libusb_device.cpp:64] ...Java_org_firstinspires_ftc_robotcore_internal_camera_libuvc_nativeobject_LibUsbDevice_nativeReleaseRefDevice()
11-17 20:25:34.499  8754  9065 D UsbResiliantWebcam: createCaptureSession()...
11-17 20:25:34.499  8754  9065 V DelCaptureSession: construct(0x08d3b03d)
11-17 20:25:34.501  8754  9065 D UsbResiliantWebcam|DelCaptureSession: onCameraChange(null->CameraImpl(UvcDeviceHandle(pointer=0xcd4bce00|UvcDevice(/dev/bus/usb/003/004))))...
11-17 20:25:34.501  8754  9065 D UsbResiliantWebcam|DelCaptureSession: ...onCameraChange(null->CameraImpl(UvcDeviceHandle(pointer=0xcd4bce00|UvcDevice(/dev/bus/usb/003/004))))
11-17 20:25:34.503  8754  9065 D CachingExposureControl: onCameraChanged(CameraImpl(UvcDeviceHandle(pointer=0xcd4bce00|UvcDevice(/dev/bus/usb/003/004)))->CameraImpl(UvcDeviceHandle(pointer=0xcd4bce00|UvcDevice(/dev/bus/usb/003/004))))...
11-17 20:25:34.503  8754  9065 D CachingExposureControl: ...onCameraChanged(CameraImpl(UvcDeviceHandle(pointer=0xcd4bce00|UvcDevice(/dev/bus/usb/003/004)))->CameraImpl(UvcDeviceHandle(pointer=0xcd4bce00|UvcDevice(/dev/bus/usb/003/004))))
11-17 20:25:34.503  8754  9065 D UsbResiliantWebcam: ...createCaptureSession()
11-17 20:25:34.504  8754  8793 D UsbResiliantWebcam|DelCaptureSession: startCapture()...
11-17 20:25:34.504  8754  8793 V DelCaptureSequence: construct(0x0e02d032)
11-17 20:25:34.506  8754  8793 D UsbResiliantWebcam|DelCaptureSequence: onCameraChange(null->CameraImpl(UvcDeviceHandle(pointer=0xcd4bce00|UvcDevice(/dev/bus/usb/003/004))))...
11-17 20:25:34.506  8754  8793 D UsbResiliantWebcam|DelCaptureSequence: pauseStreaming(Stopped)...
11-17 20:25:34.507  8754  8793 D UsbResiliantWebcam|DelCaptureSequence: ...pauseStreaming(Stopped)
11-17 20:25:34.507  8754  8793 D UsbResiliantWebcam|DelCaptureSequence: resumeStreaming(Stopped)...
11-17 20:25:34.507  8754  8793 D UsbResiliantWebcam|DelCaptureSequence: ...resumeStreaming(Stopped)
11-17 20:25:34.507  8754  8793 D UsbResiliantWebcam|DelCaptureSequence: ...onCameraChange(null->CameraImpl(UvcDeviceHandle(pointer=0xcd4bce00|UvcDevice(/dev/bus/usb/003/004))))
11-17 20:25:34.507  8754  8793 D UsbResiliantWebcam|DelCaptureSequence: startStreaming(Stopped)...
11-17 20:25:34.508  8754  8793 D UsbResiliantWebcam|DelCaptureSequence: doStreaming()...
11-17 20:25:34.508  8754  8793 V UvcApiCaptureSession: construct(0x0b4e1183)
11-17 20:25:34.509  8754  9073 D UsbResiliantWebcam|DelCaptureSession: camera session is configured: Webcam(D5386480)
11-17 20:25:34.510  8754  8793 V UvcApiCameraCaptureSequence: construct(0x07e58f00)
11-17 20:25:34.511  8754  8793 D UvcDeviceHandle: getStreamControl(640x480 30)...
11-17 20:25:34.512  8754  8793 V UvcStreamCtrl: construct(0x08501339)
11-17 20:25:34.512  8754  8793 D Uvc     : [jni_devicehandle.cpp:115] Java_org_firstinspires_ftc_robotcore_internal_camera_libuvc_nativeobject_UvcDeviceHandle_nativeGetStreamControlFormatSize()...
11-17 20:25:34.512  8754  8793 V Uvc     : API: Java_org_firstinspires_ftc_robotcore_internal_camera_libuvc_nativeobject_UvcDeviceHandle_nativeGetStreamControlFormatSize: enter...
11-17 20:25:34.512  8754  8793 D Uvc     : [stream.cpp:373] uvc_get_stream_ctrl_format_size()...
11-17 20:25:34.512  8754  8793 D Uvc     : [libuvc/libuvc_internal.h:770] uvc_device_handle::claimInterface(idx=1)...
11-17 20:25:34.512  8754  8793 D UvcDevice: claimInterface(1)
11-17 20:25:34.513  8754  8793 D UvcDevice: claimInterface(1) succeeded
11-17 20:25:34.513  8754  8793 D Uvc     : [libuvc/libuvc_internal.h:783] claimInterface(1) succeeded
11-17 20:25:34.513  8754  8793 D Uvc     : [libuvc/libuvc_internal.h:770] ...uvc_device_handle::claimInterface() rc=0
11-17 20:25:34.513  8754  8793 D UvcStream: [stream.cpp:412] 640x480 30fps
11-17 20:25:34.513  8754  8793 D Uvc     : [stream.cpp:162] uvc_query_stream_ctrl()...
11-17 20:25:34.517  8754  8793 D Uvc     : [stream.cpp:162] ...uvc_query_stream_ctrl() rc=0
11-17 20:25:34.517  8754  8793 D Uvc     : [libuvc/libuvc_internal.h:793] uvc_device_handle::releaseInterface()...
11-17 20:25:34.517  8754  8793 D UvcDevice: releaseInterface(1)
11-17 20:25:34.518  8754  8793 D UvcDevice: releaseInterface(1) succeeded
11-17 20:25:34.518  8754  8793 D Uvc     : [libuvc/libuvc_internal.h:793] ...uvc_device_handle::releaseInterface() rc=0
11-17 20:25:34.518  8754  8793 D Uvc     : [stream.cpp:523] uvc_probe_stream_ctrl()...
11-17 20:25:34.518  8754  8793 D Uvc     : [libuvc/libuvc_internal.h:770] uvc_device_handle::claimInterface(idx=1)...
11-17 20:25:34.519  8754  8793 D UvcDevice: claimInterface(1)
11-17 20:25:34.519  8754  8793 D UvcDevice: claimInterface(1) succeeded
11-17 20:25:34.519  8754  8793 D Uvc     : [libuvc/libuvc_internal.h:783] claimInterface(1) succeeded
11-17 20:25:34.519  8754  8793 D Uvc     : [libuvc/libuvc_internal.h:770] ...uvc_device_handle::claimInterface() rc=0
11-17 20:25:34.519  8754  8793 D Uvc     : [stream.cpp:162] uvc_query_stream_ctrl()...
11-17 20:25:34.523  8754  8793 D Uvc     : [stream.cpp:162] ...uvc_query_stream_ctrl() rc=0
11-17 20:25:34.523  8754  8793 D Uvc     : [stream.cpp:162] uvc_query_stream_ctrl()...
11-17 20:25:34.527  8754  8793 D Uvc     : [stream.cpp:162] ...uvc_query_stream_ctrl() rc=0
11-17 20:25:34.527  8754  8793 D Uvc     : [stream.cpp:523] ...uvc_probe_stream_ctrl() rc=0
11-17 20:25:34.527  8754  8793 D Uvc     : [stream.cpp:373] ...uvc_get_stream_ctrl_format_size() rc=0
11-17 20:25:34.527  8754  8793 V Uvc     : API: Java_org_firstinspires_ftc_robotcore_internal_camera_libuvc_nativeobject_UvcDeviceHandle_nativeGetStreamControlFormatSize: ...exit
11-17 20:25:34.527  8754  8793 D Uvc     : [jni_devicehandle.cpp:115] ...Java_org_firstinspires_ftc_robotcore_internal_camera_libuvc_nativeobject_UvcDeviceHandle_nativeGetStreamControlFormatSize()
11-17 20:25:34.527  8754  8793 D UvcDeviceHandle: ...getStreamControl(640x480 30)
11-17 20:25:34.527  8754  8793 D Uvc     : [jni_streamcontrol.cpp:101] Java_org_firstinspires_ftc_robotcore_internal_camera_libuvc_nativeobject_UvcStreamCtrl_nativeOpen()...
11-17 20:25:34.527  8754  8793 V Uvc     : API: Java_org_firstinspires_ftc_robotcore_internal_camera_libuvc_nativeobject_UvcStreamCtrl_nativeOpen: enter...
11-17 20:25:34.527  8754  8793 D Uvc     : [devicehandle.cpp:46] uvc_device_handle::openStreamControl()...
11-17 20:25:34.527  8754  8793 D Uvc     : [streamhandle.cpp:58] uvc_stream_handle::claimInterface()...
11-17 20:25:34.527  8754  8793 D Uvc     : [libuvc/libuvc_internal.h:770] uvc_device_handle::claimInterface(idx=1)...
11-17 20:25:34.528  8754  8793 D UvcDevice: claimInterface(1)
11-17 20:25:34.528  8754  8793 D UvcDevice: claimInterface(1) succeeded
11-17 20:25:34.528  8754  8793 D Uvc     : [libuvc/libuvc_internal.h:783] claimInterface(1) succeeded
11-17 20:25:34.528  8754  8793 D Uvc     : [libuvc/libuvc_internal.h:770] ...uvc_device_handle::claimInterface() rc=0
11-17 20:25:34.528  8754  8793 D Uvc     : [streamhandle.cpp:58] ...uvc_stream_handle::claimInterface() rc=0
11-17 20:25:34.528  8754  8793 D Uvc     : [stream.cpp:162] uvc_query_stream_ctrl()...
11-17 20:25:34.532  8754  8793 D Uvc     : [stream.cpp:162] ...uvc_query_stream_ctrl() rc=0
11-17 20:25:34.532  8754  8793 D Uvc     : [devicehandle.cpp:46] ...uvc_device_handle::openStreamControl() rc=0
11-17 20:25:34.532  8754  8793 V Uvc     : API: Java_org_firstinspires_ftc_robotcore_internal_camera_libuvc_nativeobject_UvcStreamCtrl_nativeOpen: ...exit
11-17 20:25:34.532  8754  8793 D Uvc     : [jni_streamcontrol.cpp:101] ...Java_org_firstinspires_ftc_robotcore_internal_camera_libuvc_nativeobject_UvcStreamCtrl_nativeOpen()
11-17 20:25:34.532  8754  8793 V UvcStreamHandle: construct(pointer=0xd19ac780)
11-17 20:25:34.533  8754  8793 D Uvc     : [jni_streamhandle.cpp:184] Java_org_firstinspires_ftc_robotcore_internal_camera_libuvc_nativeobject_UvcStreamHandle_nativeStopStreaming()...
11-17 20:25:34.533  8754  8793 V Uvc     : API: Java_org_firstinspires_ftc_robotcore_internal_camera_libuvc_nativeobject_UvcStreamHandle_nativeStopStreaming: enter...
11-17 20:25:34.533  8754  8793 D Uvc     : [stream.cpp:1514] uvc_stream_stop()...
11-17 20:25:34.533  8754  8793 D Uvc     : [stream.cpp:1514] ...uvc_stream_stop() rc=0
11-17 20:25:34.533  8754  8793 V Uvc     : API: Java_org_firstinspires_ftc_robotcore_internal_camera_libuvc_nativeobject_UvcStreamHandle_nativeStopStreaming: ...exit
11-17 20:25:34.533  8754  8793 D Uvc     : [jni_streamhandle.cpp:184] ...Java_org_firstinspires_ftc_robotcore_internal_camera_libuvc_nativeobject_UvcStreamHandle_nativeStopStreaming()
11-17 20:25:34.533  8754  8793 V UvcFrameCallback: construct(0x0709bd7e)
11-17 20:25:34.534  8754  8793 V UvcFrameCallbackData: construct(pointer=0xcc2b9be8)
11-17 20:25:34.534  8754  8793 V Uvc     : API: Java_org_firstinspires_ftc_robotcore_internal_camera_libuvc_nativeobject_UvcStreamHandle_nativeStartStreaming: enter...
11-17 20:25:34.534  8754  8793 D Uvc     : [stream.cpp:970] uvc_stream_start_bandwidth()...
11-17 20:25:34.534  8754  8793 D Uvc     : [stream.cpp:1173] uvc_stream_handle::startIsochronousStreaming()...
11-17 20:25:34.534  8754  8793 D Uvc     : [libuvc/libuvc_internal.h:825] uvc_device_handle::setInterfaceAltSetting(setInterfaceAltSetting(intf=1 alt=11))...
11-17 20:25:34.535  8754  8793 D UvcDevice: setInterfaceAltSetting(1,11)
11-17 20:25:34.535  8754  8793 D UvcDevice: setInterfaceAltSetting(1,11) succeeded
11-17 20:25:34.535  8754  8793 D Uvc     : [libuvc/libuvc_internal.h:825] ...uvc_device_handle::setInterfaceAltSetting() rc=0
11-17 20:25:34.535  8754  8793 D Uvc     : [stream.cpp:1173] ...uvc_stream_handle::startIsochronousStreaming() rc=0
11-17 20:25:34.535  8754  8793 D Uvc     : [stream.cpp:1201] uvc_stream_handle::startUserCallbackThread()...
11-17 20:25:34.536  8754  9074 D UvcStream: [stream.cpp:1265] User Callback thread started
11-17 20:25:34.536  8754  8793 D Uvc     : [stream.cpp:1201] ...uvc_stream_handle::startUserCallbackThread() rc=0
11-17 20:25:34.536  8754  8793 D Uvc     : [stream.cpp:1221] uvc_stream_handle::submitTransfers()...
11-17 20:25:34.537  8754  8793 D Uvc     : [stream.cpp:1221] ...uvc_stream_handle::submitTransfers() rc=0
11-17 20:25:34.537  8754  8793 D Uvc     : [stream.cpp:970] ...uvc_stream_start_bandwidth() rc=0
11-17 20:25:34.537  8754  8793 D UvcStreamHandle: [jni_streamhandle.cpp:150] successfully started streaming
11-17 20:25:34.537  8754  8793 V Uvc     : API: Java_org_firstinspires_ftc_robotcore_internal_camera_libuvc_nativeobject_UvcStreamHandle_nativeStartStreaming: ...exit
11-17 20:25:34.538  8754  8793 V UvcStreamCtrl: destroy(pointer=0xcd41d840)
11-17 20:25:34.538  8754  8793 D UsbResiliantWebcam|DelCaptureSequence: ...doStreaming()
11-17 20:25:34.538  8754  8793 D UsbResiliantWebcam|DelCaptureSequence: ...startStreaming(Stopped)
11-17 20:25:34.538  8754  8793 D UsbResiliantWebcam|DelCaptureSession: ...startCapture()
11-17 20:25:34.539  8754  8793 D ContinuationSynchronizer: finish(DelegatingCaptureSession(1))...
11-17 20:25:34.539  8754  8793 D ContinuationSynchronizer: ...finish(DelegatingCaptureSession(1))
11-17 20:25:34.544  8754  8908 D UvcStream: [stream.cpp:729] this is the UVC processTransfer() stream processing thread
11-17 20:25:35.751  8754  8885 V Robocol : received command: CMD_RUN_OP_MODE(10894) AutonomousRight
11-17 20:25:35.766  8754  8888 V Robocol : sending CMD_NOTIFY_RUN_OP_MODE(932), attempt: 0
11-17 20:25:35.771  8754  9065 I global  :  RENO - SleeveIdentification.captureSleeveSignal(SleeveIdentification.java:142): picture found 0
11-17 20:25:35.772  8754  9065 I global  :  RENO - SleeveIdentification.captureSleeveSignal(SleeveIdentification.java:143): green color 0
11-17 20:25:35.773  8754  9065 I global  :  RENO - SleeveIdentification.captureSleeveSignal(SleeveIdentification.java:144): red color 0
11-17 20:25:35.775  8754  9065 I global  :  RENO - SleeveIdentification.captureSleeveSignal(SleeveIdentification.java:145): blue color 0
11-17 20:25:35.775  8754  9065 D UsbResiliantWebcam|DelCaptureSession: stopCapture()...
11-17 20:25:35.776  8754  9065 D UsbResiliantWebcam|DelCaptureSequence: undoStreaming()...
11-17 20:25:35.776  8754  9065 D UvcApiCaptureSession: stopCapture()...
11-17 20:25:35.776  8754  9065 D Uvc     : [jni_streamhandle.cpp:184] Java_org_firstinspires_ftc_robotcore_internal_camera_libuvc_nativeobject_UvcStreamHandle_nativeStopStreaming()...
11-17 20:25:35.776  8754  9065 V Uvc     : API: Java_org_firstinspires_ftc_robotcore_internal_camera_libuvc_nativeobject_UvcStreamHandle_nativeStopStreaming: enter...
11-17 20:25:35.776  8754  9065 D Uvc     : [stream.cpp:1514] uvc_stream_stop()...
11-17 20:25:35.776  8754  9065 D UvcStream: [stream.cpp:1542] cancelling extant transfers
11-17 20:25:35.812  8754  9065 D Uvc     : [stream.cpp:1471] (waitForAllTransfers(waiting for cancelled transfers))...
11-17 20:25:35.815  8754  9065 D UvcStream: [stream.cpp:1485] no extant active transfers: continuing
11-17 20:25:35.815  8754  9065 D Uvc     : [stream.cpp:1471] ...()
11-17 20:25:35.815  8754  9065 D Uvc     : [stream.cpp:1189] uvc_stream_handle::stopIsochronousStreaming()...
11-17 20:25:35.815  8754  9065 D Uvc     : [libuvc/libuvc_internal.h:825] uvc_device_handle::setInterfaceAltSetting(setInterfaceAltSetting(intf=1 alt=0))...
11-17 20:25:35.816  8754  9065 D UvcDevice: setInterfaceAltSetting(1,0)
11-17 20:25:35.816  8754  9065 D UvcDevice: setInterfaceAltSetting(1,0) succeeded
11-17 20:25:35.817  8754  9065 D Uvc     : [libuvc/libuvc_internal.h:825] ...uvc_device_handle::setInterfaceAltSetting() rc=0
11-17 20:25:35.817  8754  9065 D Uvc     : [stream.cpp:1189] ...uvc_stream_handle::stopIsochronousStreaming() rc=0
11-17 20:25:35.817  8754  9065 D UvcStream: [stream.cpp:1558] awakening user thread
11-17 20:25:35.817  8754  9065 D UvcStream: [stream.cpp:1567] waiting for user callback thread to finish
11-17 20:25:35.817  8754  9074 D UvcStream: [stream.cpp:1329] user callback thread stopped
11-17 20:25:35.818  8754  9065 D Uvc     : [stream.cpp:1514] ...uvc_stream_stop() rc=0
11-17 20:25:35.818  8754  9065 V Uvc     : API: Java_org_firstinspires_ftc_robotcore_internal_camera_libuvc_nativeobject_UvcStreamHandle_nativeStopStreaming: ...exit
11-17 20:25:35.818  8754  9065 D Uvc     : [jni_streamhandle.cpp:184] ...Java_org_firstinspires_ftc_robotcore_internal_camera_libuvc_nativeobject_UvcStreamHandle_nativeStopStreaming()
11-17 20:25:35.819  8754  9065 V UvcFrameCallback: destroy(hash=0x0709bd7e)
11-17 20:25:35.819  8754  9065 V UvcFrameCallbackData: destroy(pointer=0xcc2b9be8)
11-17 20:25:35.820  8754  9065 V Uvc     : API: Java_org_firstinspires_ftc_robotcore_internal_camera_libuvc_nativeobject_UvcFrameCallback_nativeReleaseCallbackState: enter...
11-17 20:25:35.820  8754  9065 V Uvc     : API: Java_org_firstinspires_ftc_robotcore_internal_camera_libuvc_nativeobject_UvcFrameCallback_nativeReleaseCallbackState: ...exit
11-17 20:25:35.821  8754  9065 V UvcStreamHandle: destroy(pointer=0xd19ac780)
11-17 20:25:35.821  8754  9065 D Uvc     : [jni_streamhandle.cpp:184] Java_org_firstinspires_ftc_robotcore_internal_camera_libuvc_nativeobject_UvcStreamHandle_nativeStopStreaming()...
11-17 20:25:35.821  8754  9065 V Uvc     : API: Java_org_firstinspires_ftc_robotcore_internal_camera_libuvc_nativeobject_UvcStreamHandle_nativeStopStreaming: enter...
11-17 20:25:35.821  8754  9065 D Uvc     : [stream.cpp:1514] uvc_stream_stop()...
11-17 20:25:35.821  8754  9065 D Uvc     : [stream.cpp:1514] ...uvc_stream_stop() rc=0
11-17 20:25:35.821  8754  9065 V Uvc     : API: Java_org_firstinspires_ftc_robotcore_internal_camera_libuvc_nativeobject_UvcStreamHandle_nativeStopStreaming: ...exit
11-17 20:25:35.821  8754  9065 D Uvc     : [jni_streamhandle.cpp:184] ...Java_org_firstinspires_ftc_robotcore_internal_camera_libuvc_nativeobject_UvcStreamHandle_nativeStopStreaming()
11-17 20:25:35.821  8754  9065 D Uvc     : [jni_streamhandle.cpp:200] Java_org_firstinspires_ftc_robotcore_internal_camera_libuvc_nativeobject_UvcStreamHandle_nativeCloseStreamHandle()...
11-17 20:25:35.821  8754  9065 V Uvc     : API: Java_org_firstinspires_ftc_robotcore_internal_camera_libuvc_nativeobject_UvcStreamHandle_nativeCloseStreamHandle: enter...
11-17 20:25:35.822  8754  9065 D Uvc     : [stream.cpp:1584] uvc_stream_close()...
11-17 20:25:35.822  8754  9065 D Uvc     : [streamhandle.cpp:45] uvc_stream_handle::~uvc_stream_handle()...
11-17 20:25:35.822  8754  9065 D Uvc     : [streamhandle.cpp:66] uvc_stream_handle::releaseInterface()...
11-17 20:25:35.822  8754  9065 D Uvc     : [libuvc/libuvc_internal.h:793] uvc_device_handle::releaseInterface()...
11-17 20:25:35.822  8754  9065 D UvcDevice: releaseInterface(1)
11-17 20:25:35.823  8754  9065 D UvcDevice: releaseInterface(1) succeeded
11-17 20:25:35.823  8754  9065 D Uvc     : [libuvc/libuvc_internal.h:793] ...uvc_device_handle::releaseInterface() rc=0
11-17 20:25:35.823  8754  9065 D Uvc     : [streamhandle.cpp:66] ...uvc_stream_handle::releaseInterface()
11-17 20:25:35.824  8754  9065 D Uvc     : [streamhandle.cpp:45] ...uvc_stream_handle::~uvc_stream_handle()
11-17 20:25:35.824  8754  9065 D Uvc     : [stream.cpp:1584] ...uvc_stream_close()
11-17 20:25:35.824  8754  9065 V Uvc     : API: Java_org_firstinspires_ftc_robotcore_internal_camera_libuvc_nativeobject_UvcStreamHandle_nativeCloseStreamHandle: ...exit
11-17 20:25:35.824  8754  9065 D Uvc     : [jni_streamhandle.cpp:200] ...Java_org_firstinspires_ftc_robotcore_internal_camera_libuvc_nativeobject_UvcStreamHandle_nativeCloseStreamHandle()
11-17 20:25:35.826  8754  8793 I Webcam Sample: capture sequence DelegatingCaptureSequenceId(1) reports completed: lastFrame=14
11-17 20:25:35.827  8754  9065 V UvcApiCameraCaptureSequence: destroy(hash=0x07e58f00)
11-17 20:25:35.827  8754  9065 D UvcApiCaptureSession: ...stopCapture()
11-17 20:25:35.828  8754  9065 D UvcApiCaptureSession: doClose()...
11-17 20:25:35.828  8754  9065 D UvcApiCaptureSession: ...doClose()
11-17 20:25:35.828  8754  9073 D UsbResiliantWebcam|DelCaptureSession: camera session is closed: Webcam(D5386480)
11-17 20:25:35.828  8754  9065 D UsbResiliantWebcam|DelCaptureSequence: ...undoStreaming()
11-17 20:25:35.829  8754  9073 V UvcApiCaptureSession: destroy(hash=0x0b4e1183)
11-17 20:25:35.829  8754  9073 D UvcApiCaptureSession: destructor...
11-17 20:25:35.830  8754  9073 D UvcApiCaptureSession: ...destructor
11-17 20:25:35.830  8754  8793 I Webcam Sample: capture sequence DelegatingCaptureSequenceId(1) reports completed: lastFrame=14
11-17 20:25:35.831  8754  9065 V UsbResiliantWebcam|DelCaptureSequence: destroy(hash=0x0e02d032)
11-17 20:25:35.831  8754  9065 D UsbResiliantWebcam|DelCaptureSession: ...stopCapture()
11-17 20:25:35.832  8754  9065 D UsbResiliantWebcam|DelCaptureSession: doClose()...
11-17 20:25:35.833  8754  9065 D UsbResiliantWebcam|DelCaptureSession: ...doClose()
11-17 20:25:35.833  8754  9065 V UsbResiliantWebcam|DelCaptureSession: destroy(hash=0x08d3b03d)
11-17 20:25:35.834  8754  9065 D UsbResiliantWebcam|DelCaptureSession: destructor()...
11-17 20:25:35.834  8754  9065 D UsbResiliantWebcam|DelCaptureSession: ...destructor()
11-17 20:25:35.835  8754  9065 V CameraImpl: destroy(hash=0x02405fa6)
11-17 20:25:35.836  8754  9065 D UsbResiliantWebcam: CameraImpl.destructor()...
11-17 20:25:35.836  8754  9065 D UsbResiliantWebcam: externalDestructor()...
11-17 20:25:35.837  8754  9065 V CameraImpl: destroy(hash=0x0b742364)
11-17 20:25:35.837  8754  9073 D CameraManager: camera reports closed: CameraImpl(UsbResiliantWebcam(Webcam(D5386480)))
11-17 20:25:35.837  8754  9065 D UvcDeviceHandle: CameraImpl.destructor()...
11-17 20:25:35.837  8754  9065 D UvcDeviceHandle: externalDestructor()...
11-17 20:25:35.839  8754  9065 D UsbResiliantWebcam: changeDelegatedCamera(CameraImpl(UvcDeviceHandle(pointer=0xcd4bce00|UvcDevice(/dev/bus/usb/003/004)))->null)...
11-17 20:25:35.840  8754  9065 D CachingExposureControl: onCameraChanged(CameraImpl(UvcDeviceHandle(pointer=0xcd4bce00|UvcDevice(/dev/bus/usb/003/004)))->null)...
11-17 20:25:35.840  8754  9065 D CachingExposureControl: ...onCameraChanged(CameraImpl(UvcDeviceHandle(pointer=0xcd4bce00|UvcDevice(/dev/bus/usb/003/004)))->null)
11-17 20:25:35.841  8754  9065 D UsbResiliantWebcam: ...changeDelegatedCamera(CameraImpl(UvcDeviceHandle(pointer=0xcd4bce00|UvcDevice(/dev/bus/usb/003/004)))->null)
11-17 20:25:35.841  8754  9065 D UvcDeviceHandle: ...externalDestructor()
11-17 20:25:35.841  8754  9065 V UvcDeviceHandle: destroy(pointer=0xcd4bce00)
11-17 20:25:35.842  8754  9065 D UvcDeviceHandle: destructor...
11-17 20:25:35.842  8754  9065 D Uvc     : [jni_devicehandle.cpp:87] Java_org_firstinspires_ftc_robotcore_internal_camera_libuvc_nativeobject_UvcDeviceHandle_nativeReleaseRefDeviceHandle()...
11-17 20:25:35.842  8754  9065 V Uvc     : API: Java_org_firstinspires_ftc_robotcore_internal_camera_libuvc_nativeobject_UvcDeviceHandle_nativeReleaseRefDeviceHandle: enter...
11-17 20:25:35.843  8754  9065 D Uvc     : [libuvc/libuvc_internal.h:872] uvc_device_handle::~uvc_device_handle()...
11-17 20:25:35.843  8754  9065 D Uvc     : [libuvc/libuvc_internal.h:840] uvc_device_handle::deconstruct()...
11-17 20:25:35.843  8754  9065 D Uvc     : [libuvc/libuvc_internal.h:751] uvc_device_handle::stop()...
11-17 20:25:35.843  8754  9065 D Uvc     : [libuvc/libuvc_internal.h:751] ...uvc_device_handle::stop()
11-17 20:25:35.843  8754  9065 D Uvc     : [libuvc/libuvc_internal.h:865] uvc_device_handle::close()...
11-17 20:25:35.843  8754  9065 E libusb  : [62.168113] [00002369] libusb: error [do_close] Device handle closed while transfer was still being processed, but the device is still connected as far as we know
11-17 20:25:35.843  8754  9065 E libusb  : [62.168233] [00002369] libusb: error [do_close] A cancellation hasn't even been scheduled on the transfer for which the device is closing
11-17 20:25:35.844  8754  9065 D Uvc     : [libuvc/libuvc_internal.h:865] ...uvc_device_handle::close()
11-17 20:25:35.844  8754  9065 D Uvc     : [libuvc/libuvc_internal.h:840] ...uvc_device_handle::deconstruct()
11-17 20:25:35.844  8754  9065 D Uvc     : [device.cpp:433] uvc_free_device_info()...
11-17 20:25:35.844  8754  9065 D Uvc     : [device.cpp:433] ...uvc_free_device_info()
11-17 20:25:35.844  8754  9065 D Uvc     : [libuvc/libuvc_internal.h:872] ...uvc_device_handle::~uvc_device_handle()
11-17 20:25:35.844  8754  9065 V Uvc     : API: Java_org_firstinspires_ftc_robotcore_internal_camera_libuvc_nativeobject_UvcDeviceHandle_nativeReleaseRefDeviceHandle: ...exit
11-17 20:25:35.844  8754  9065 D Uvc     : [jni_devicehandle.cpp:87] ...Java_org_firstinspires_ftc_robotcore_internal_camera_libuvc_nativeobject_UvcDeviceHandle_nativeReleaseRefDeviceHandle()
11-17 20:25:35.845  8754  9065 V UvcDevice: destroy(pointer=0xcd7060f0|/dev/bus/usb/003/004)
11-17 20:25:35.845  8754  9065 D UsbDeviceConnectionJNI: close
11-17 20:25:35.845  8754  9065 D Uvc     : [jni_device.cpp:126] Java_org_firstinspires_ftc_robotcore_internal_camera_libuvc_nativeobject_UvcDevice_nativeReleaseRefDevice()...
11-17 20:25:35.846  8754  9065 V Uvc     : API: Java_org_firstinspires_ftc_robotcore_internal_camera_libuvc_nativeobject_UvcDevice_nativeReleaseRefDevice: enter...
11-17 20:25:35.846  8754  9065 D Uvc     : [device.cpp:882] uvc_unref_device()...
11-17 20:25:35.849  8754  9065 D Uvc     : [device.cpp:882] ...uvc_unref_device()
11-17 20:25:35.849  8754  9065 V Uvc     : API: Java_org_firstinspires_ftc_robotcore_internal_camera_libuvc_nativeobject_UvcDevice_nativeReleaseRefDevice: ...exit
11-17 20:25:35.849  8754  9065 D Uvc     : [jni_device.cpp:126] ...Java_org_firstinspires_ftc_robotcore_internal_camera_libuvc_nativeobject_UvcDevice_nativeReleaseRefDevice()
11-17 20:25:35.850  8754  9065 V LibUsbDevice: destroy(pointer=0xd19b65c0)
11-17 20:25:35.850  8754  9065 D Uvc     : [jni_libusb_device.cpp:64] Java_org_firstinspires_ftc_robotcore_internal_camera_libuvc_nativeobject_LibUsbDevice_nativeReleaseRefDevice()...
11-17 20:25:35.850  8754  9065 D Uvc     : [jni_libusb_device.cpp:64] ...Java_org_firstinspires_ftc_robotcore_internal_camera_libuvc_nativeobject_LibUsbDevice_nativeReleaseRefDevice()
11-17 20:25:35.850  8754  9065 D UvcDeviceHandle: ...destructor
11-17 20:25:35.850  8754  9065 D UvcDeviceHandle: ...CameraImpl.destructor()
11-17 20:25:35.851  8754  9065 D UsbResiliantWebcam: ...externalDestructor()
11-17 20:25:35.851  8754  9065 V UsbResiliantWebcam: destroy(hash=0x086cccf6)
11-17 20:25:35.851  8754  9065 D UsbResiliantWebcam: destructor()...
11-17 20:25:35.851  8754  9065 D UsbResiliantWebcam: ...destructor()
11-17 20:25:35.852  8754  9065 D UsbResiliantWebcam: ...CameraImpl.destructor()
11-17 20:25:35.853  8754  9065 I global  :  RENO - AutonomousRight.autonomousCore(AutonomousRight.java:665): Autonomous - complete color read from camera.
11-17 20:25:36.411  8754  9065 I global  :  RENO - AutonomousRight.readColorSensor(AutonomousRight.java:906): Autonomous - Red: 21, green: 43, blue: 37
11-17 20:25:36.412  8754  9065 I global  :  RENO - AutonomousRight.readColorSensor(AutonomousRight.java:907): Autonomous - Red: 0.21, green: 0.43, blue: 0.37
11-17 20:25:36.413  8754  9065 I global  :  RENO - AutonomousRight.autonomousCore(AutonomousRight.java:678): Autonomous - complete background color read.
11-17 20:25:36.415  8754  9065 I global  :  RENO - AutonomousRight.robotRunToPosition(AutonomousRight.java:349): Autonomous - Required moving distance 21.50.
11-17 20:25:36.422  8754  9065 I global  :  RENO - AutonomousRight.robotRunToPosition(AutonomousRight.java:358): Autonomous - Target Position = 967
11-17 20:25:36.465  8754  9065 I global  :  RENO - AutonomousRight.robotRunToPosition(AutonomousRight.java:364): Autonomous - PID = 1, power = 1.00
11-17 20:25:36.531  8754  9065 I global  :  RENO - AutonomousRight.robotDriveWithPIDControl(AutonomousRight.java:613): Autonomous -power = 1.00, global angle = -0.250
11-17 20:25:37.193  8754  9065 I global  :  RENO - AutonomousRight.robotDriveWithPIDControl(AutonomousRight.java:639): Autonomous -power = 0.25, global angle = 1.188
11-17 20:25:37.223  8754  9065 I global  :  RENO - AutonomousRight.robotRunToPosition(AutonomousRight.java:367): Autonomous - Current Position after moving, FL = 960, FR= 987, BL = 900, BR = 829
11-17 20:25:37.263  8754  9065 I global  :  RENO - AutonomousRight.readColorSensor(AutonomousRight.java:906): Autonomous - Red: 20, green: 42, blue: 37
11-17 20:25:37.265  8754  9065 I global  :  RENO - AutonomousRight.readColorSensor(AutonomousRight.java:907): Autonomous - Red: 0.20, green: 0.43, blue: 0.37
11-17 20:25:37.266  8754  9065 I global  :  RENO - AutonomousRight.autonomousCore(AutonomousRight.java:682): Autonomous - complete Sleeve color read.
11-17 20:25:37.268  8754  9065 I global  :  RENO - AutonomousRight.robotRunToPosition(AutonomousRight.java:349): Autonomous - Required moving distance 44.00.
11-17 20:25:37.276  8754  9065 I global  :  RENO - AutonomousRight.robotRunToPosition(AutonomousRight.java:358): Autonomous - Target Position = 1980
11-17 20:25:37.296  8754  9065 I global  :  RENO - AutonomousRight.robotRunToPosition(AutonomousRight.java:364): Autonomous - PID = 1, power = 1.00
11-17 20:25:37.363  8754  9065 I global  :  RENO - AutonomousRight.robotDriveWithPIDControl(AutonomousRight.java:613): Autonomous -power = 1.00, global angle = 1.000
11-17 20:25:38.482  8754  9065 I global  :  RENO - AutonomousRight.robotDriveWithPIDControl(AutonomousRight.java:639): Autonomous -power = 0.25, global angle = -0.563
11-17 20:25:38.505  8754  9065 I global  :  RENO - AutonomousRight.robotRunToPosition(AutonomousRight.java:367): Autonomous - Current Position after moving, FL = 2005, FR= 2005, BL = 1950, BR = 1933
11-17 20:25:38.506  8754  9065 I global  :  RENO - AutonomousRight.calculateParkingLocation(AutonomousRight.java:877): Autonomous - channel = 1, max value = 1.010
11-17 20:25:38.508  8754  9065 I global  :  RENO - AutonomousRight.calculateParkingLocation(AutonomousRight.java:878): Autonomous - Sleeve color from color sensor is green
11-17 20:25:38.511  8754  9065 I global  :  RENO - AutonomousRight.autonomousCore(AutonomousRight.java:687): Autonomous - parking lot aisle location: 0.00
11-17 20:25:38.517  8754  9065 I global  :  RENO - AutonomousRight.robotRunToPosition(AutonomousRight.java:349): Autonomous - Required moving distance -14.50.
11-17 20:25:38.523  8754  9065 I global  :  RENO - AutonomousRight.robotRunToPosition(AutonomousRight.java:358): Autonomous - Target Position = -652
11-17 20:25:38.542  8754  9065 I global  :  RENO - AutonomousRight.robotRunToPosition(AutonomousRight.java:364): Autonomous - PID = -1, power = 1.00
11-17 20:25:38.608  8754  9065 I global  :  RENO - AutonomousRight.robotDriveWithPIDControl(AutonomousRight.java:613): Autonomous -power = 1.00, global angle = -2.625
11-17 20:25:39.141  8754  9065 I global  :  RENO - AutonomousRight.robotDriveWithPIDControl(AutonomousRight.java:639): Autonomous -power = 0.25, global angle = -1.625
11-17 20:25:39.163  8754  9065 I global  :  RENO - AutonomousRight.robotRunToPosition(AutonomousRight.java:367): Autonomous - Current Position after moving, FL = -631, FR= -613, BL = -669, BR = -680
11-17 20:25:39.169  8754  9065 I global  :  RENO - AutonomousRight.autonomousCore(AutonomousRight.java:695): Autonomous - imu angle before 45 turning: -2.19
11-17 20:25:39.196  8754  9065 I global  :  RENO - AutonomousRight.rotate(AutonomousRight.java:520): Autonomous - Positions: FL = -2, FR = -2, BL = -9, BR = -11
11-17 20:25:39.200  8754  9065 I global  :  RENO - AutonomousRight.rotate(AutonomousRight.java:531): Autonomous - Powers: FL = -0.66, FR = 0.66, BL = -0.66, BR = 0.66
11-17 20:25:39.213  8754  9065 I global  :  RENO - AutonomousRight.rotate(AutonomousRight.java:520): Autonomous - Positions: FL = -4, FR = -3, BL = -15, BR = -16
11-17 20:25:39.220  8754  9065 I global  :  RENO - AutonomousRight.rotate(AutonomousRight.java:531): Autonomous - Powers: FL = -0.66, FR = 0.66, BL = -0.66, BR = 0.66
11-17 20:25:39.235  8754  9065 I global  :  RENO - AutonomousRight.rotate(AutonomousRight.java:520): Autonomous - Positions: FL = -19, FR = 10, BL = -31, BR = -12
11-17 20:25:39.240  8754  9065 I global  :  RENO - AutonomousRight.rotate(AutonomousRight.java:531): Autonomous - Powers: FL = -0.67, FR = 0.67, BL = -0.67, BR = 0.67
11-17 20:25:39.254  8754  9065 I global  :  RENO - AutonomousRight.rotate(AutonomousRight.java:520): Autonomous - Positions: FL = -44, FR = 33, BL = -50, BR = -4
11-17 20:25:39.261  8754  9065 I global  :  RENO - AutonomousRight.rotate(AutonomousRight.java:531): Autonomous - Powers: FL = -0.67, FR = 0.67, BL = -0.67, BR = 0.67
11-17 20:25:39.268  8754  9065 I global  :  RENO - AutonomousRight.rotate(AutonomousRight.java:520): Autonomous - Positions: FL = -66, FR = 53, BL = -68, BR = 6
11-17 20:25:39.276  8754  9065 I global  :  RENO - AutonomousRight.rotate(AutonomousRight.java:531): Autonomous - Powers: FL = -0.66, FR = 0.66, BL = -0.66, BR = 0.66
11-17 20:25:39.291  8754  9065 I global  :  RENO - AutonomousRight.rotate(AutonomousRight.java:520): Autonomous - Positions: FL = -97, FR = 81, BL = -100, BR = 23
11-17 20:25:39.298  8754  9065 I global  :  RENO - AutonomousRight.rotate(AutonomousRight.java:531): Autonomous - Powers: FL = -0.00, FR = 0.34, BL = -0.00, BR = 0.69
11-17 20:25:39.311  8754  9065 I global  :  RENO - AutonomousRight.rotate(AutonomousRight.java:520): Autonomous - Positions: FL = -124, FR = 102, BL = -128, BR = 42
11-17 20:25:39.318  8754  9065 I global  :  RENO - AutonomousRight.rotate(AutonomousRight.java:531): Autonomous - Powers: FL = -0.00, FR = 0.49, BL = -0.00, BR = 0.66
