11-30 15:56:10.915   991   991 I pRunnable.run(): type=1400 audit(0.0:100): avc: denied { read } for name="ttyS1" dev="tmpfs" ino=6650 scontext=u:r:untrusted_app:s0:c512,c768 tcontext=u:object_r:serial_device:s0 tclass=chr_file permissive=1
11-30 15:56:10.921   991  1173 V Robocol : sending CMD_NOTIFY_OP_MODE_LIST(29), attempt: 0
11-30 15:56:10.921   991  1133 V SerialPortNative: [SerialPort.cpp:150] opened(/dev/ttyS1): fd=99
11-30 15:56:10.915   991   991 I pRunnable.run(): type=1400 audit(0.0:101): avc: denied { write } for name="ttyS1" dev="tmpfs" ino=6650 scontext=u:r:untrusted_app:s0:c512,c768 tcontext=u:object_r:serial_device:s0 tclass=chr_file permissive=1
11-30 15:56:10.918   991   991 I pRunnable.run(): type=1400 audit(0.0:102): avc: denied { open } for path="/dev/ttyS1" dev="tmpfs" ino=6650 scontext=u:r:untrusted_app:s0:c512,c768 tcontext=u:object_r:serial_device:s0 tclass=chr_file permissive=1
11-30 15:56:10.918   991   991 I pRunnable.run(): type=1400 audit(0.0:103): avc: denied { ioctl } for path="/dev/ttyS1" dev="tmpfs" ino=6650 ioctlcmd=5401 scontext=u:r:untrusted_app:s0:c512,c768 tcontext=u:object_r:serial_device:s0 tclass=chr_file permissive=1
11-30 15:56:10.922   991  1133 V RobotUsbDeviceTTY: opening serial=(embedded) file=/dev/ttyS1
11-30 15:56:10.922   991  1133 V LynxUsb : armDevice() serial=(embedded)...
11-30 15:56:10.923   991  1133 V LynxUsb : resetDevice() serial=(embedded)
11-30 15:56:10.918   991   991 I pRunnable.run(): type=1400 audit(0.0:104): avc: denied { read } for name="value" dev="sysfs" ino=13327 scontext=u:r:untrusted_app:s0:c512,c768 tcontext=u:object_r:sysfs:s0 tclass=file permissive=1
11-30 15:56:10.918   991   991 I pRunnable.run(): type=1400 audit(0.0:105): avc: denied { open } for path="/sys/devices/pinctrl.26/gpio/gpio50/value" dev="sysfs" ino=13327 scontext=u:r:untrusted_app:s0:c512,c768 tcontext=u:object_r:sysfs:s0 tclass=file permissive=1
11-30 15:56:10.918   991   991 I pRunnable.run(): type=1400 audit(0.0:106): avc: denied { getattr } for path="/sys/devices/pinctrl.26/gpio/gpio50/value" dev="sysfs" ino=13327 scontext=u:r:untrusted_app:s0:c512,c768 tcontext=u:object_r:sysfs:s0 tclass=file permissive=1
11-30 15:56:10.925   991  1133 V LynxModule: resetting embedded usb device: isPresent: was=true
11-30 15:56:10.922   991   991 I pRunnable.run(): type=1400 audit(0.0:107): avc: denied { write } for name="value" dev="sysfs" ino=16645 scontext=u:r:untrusted_app:s0:c512,c768 tcontext=u:object_r:sysfs:s0 tclass=file permissive=1
11-30 15:56:10.936   991  1176 V SoundInfo: construct(0x03cd9da9)
11-30 15:56:10.944   991  1170 V Robocol : received command: CMD_REQUEST_ACTIVE_CONFIG(10006) 
11-30 15:56:10.945   991  1170 V Robocol : received command: CMD_REQUEST_USER_DEVICE_TYPES(10007) 
11-30 15:56:10.946   991  1170 V Robocol : received command: CMD_REQUEST_OP_MODE_LIST(10008) 
11-30 15:56:10.947   991  1170 V Robocol : received command: CMD_ROBOT_CONTROLLER_PREFERENCE(10009) {"booleanValue":true,"prefName":"pref_ds_supports_5_ghz"}
11-30 15:56:10.949   991  1170 V Robocol : received command: CMD_ROBOT_CONTROLLER_PREFERENCE(10010) {"intValue":21,"prefName":"pref_dh_os_version_code"}
11-30 15:56:10.951   991  1175 E WVMExtractor: Failed to open libwvm.so: dlopen failed: library "libwvm.so" not found
11-30 15:56:10.970   991  1175 I MediaCodec: callingProcessName:com.qualcomm.ftcrobotcontroller
11-30 15:56:10.973   991  1184 I ACodec  : onAllocateComponent:6752 mSoftCodecPref:0 componentName:
11-30 15:56:10.974   991  1184 I ACodec  : onAllocateComponent:6783 mSoftCodecPref:0 componentName:OMX.google.raw.decoder
11-30 15:56:10.999   991  1091 D SoundPlayer: onLoadComplete(samp=1|ms=757, samp=1)=0
11-30 15:56:11.002   991  1176 W AudioTrack: AUDIO_OUTPUT_FLAG_FAST denied by client; transfer 4, track 48000 Hz, output 44100 Hz
11-30 15:56:11.026   991  1173 V Robocol : sending CMD_NOTIFY_ROBOT_STATE(9), attempt: 1
11-30 15:56:11.026   991  1173 V Robocol : sending CMD_NOTIFY_ROBOT_STATE(10), attempt: 1
11-30 15:56:11.027   991  1173 V Robocol : sending CMD_NOTIFY_ROBOT_STATE(11), attempt: 1
11-30 15:56:11.176   991  1176 D SoundPlayer: playing volume=0.000000 samp=1|ms=757
11-30 15:56:11.186   991  1173 V Robocol : sending CMD_PLAY_SOUND(58), attempt: 0
11-30 15:56:11.284   991  1133 V LynxUsb : ...done armDevice()
11-30 15:56:11.284   991  1188 V RobotCore: thread: 'lynx incoming datagrams' starting...
11-30 15:56:11.285   991  1133 V LynxUsb : 0x02cc4248 on 0x0971fd30: new delegate to [(embedded)]
11-30 15:56:11.292   991  1133 V LynxUsb : addConfiguredModule() module#=173
11-30 15:56:11.293   991  1133 V LynxModule: pingAndQueryKnownInterfaces mod=173
11-30 15:56:11.295   991  1188 V LynxUsb : synchronization gained: serial=(embedded)
11-30 15:56:11.320   991  1133 V LynxModule: mod#=173 queryInterface(DEKA)=54 commands starting at 4096
11-30 15:56:11.333   991  1133 V LynxModule: sending LynxFtdiResetControlCommand(true) wasInterrupted=false
11-30 15:56:11.339   991  1133 V LynxModule: sendLEDPatternSteps(): steps=[Step(color=65280, msDuration=1000)]
11-30 15:56:11.345   991  1133 V LynxModule: setAsControlHubEmbeddedModule(mod=173)
11-30 15:56:11.345   991  1133 V EmbeddedControlHubModule: setting embedded module
11-30 15:56:11.345   991  1133 V LynxModule: sending LynxFtdiResetControlCommand(false) wasInterrupted=false
11-30 15:56:11.348   991  1133 V LynxModule: close(#173)
11-30 15:56:11.352   991  1133 V LynxUsb : Verified that the embedded Control Hub module has the correct address
11-30 15:56:11.353   991  1133 V LynxUsb : addConfiguredModule() module#=173
11-30 15:56:11.354   991  1133 V LynxModule: pingAndQueryKnownInterfaces mod=173
11-30 15:56:11.370   991  1133 V LynxModule: mod#=173 queryInterface(DEKA)=54 commands starting at 4096
11-30 15:56:11.381   991  1133 V LynxModule: sending LynxFtdiResetControlCommand(true) wasInterrupted=false
11-30 15:56:11.386   991  1133 V LynxModule: sendLEDPatternSteps(): steps=[Step(color=65280, msDuration=1000)]
11-30 15:56:11.391   991  1133 V LynxModule: setAsControlHubEmbeddedModule(mod=173)
11-30 15:56:11.391   991  1133 V EmbeddedControlHubModule: setting embedded module
11-30 15:56:11.391   991  1133 I RobotCore: LynxFirmwareVersionManager: LynxI2cDeviceSynchV2
11-30 15:56:11.392   991  1133 V LynxI2cDeviceSynch: initializeHardware() mod#=173
11-30 15:56:11.393   991  1133 V BHI260IMU: Suppressing I2C warnings while we check for a BHI260AP IMU
11-30 15:56:11.397   991  1133 V BHI260IMU: No BHI260AP IMU found
11-30 15:56:11.399   991  1133 V BNO055  : Suppressing I2C warnings while we check for a BNO055 IMU
11-30 15:56:11.403   991  1133 V BNO055  : Found BNO055 IMU
11-30 15:56:11.403   991  1133 V LynxModule: sending LynxFtdiResetControlCommand(false) wasInterrupted=false
11-30 15:56:11.405   991  1133 V LynxModule: close(#173)
11-30 15:56:11.407   991  1133 V HardwareFactory: createHardwareMap()
11-30 15:56:11.407   991  1133 V EmbeddedControlHubModule: clearing embedded module
11-30 15:56:11.421   991  1133 V ReadXMLFileHandler: embedded lynx USB device is already present
11-30 15:56:11.422   991  1133 V RobotCore: Creating REV Robotics USB Expansion Hub Portal [(embedded)]
11-30 15:56:11.422   991  1133 V LynxUsb : using existing [(embedded)]: 0x0971fd30
11-30 15:56:11.423   991  1133 V LynxUsb : 0x0ee9b181 on 0x0971fd30: new delegate to [(embedded)]
11-30 15:56:11.423   991  1133 V RobotCore: Creating Lynx Module - mod=173 parent=true
11-30 15:56:11.425   991  1133 V RobotCore: Creating Lynx Module - mod=2 parent=false
11-30 15:56:11.427   991  1133 V LynxUsb : addConfiguredModule() module#=173
11-30 15:56:11.427   991  1133 V LynxModule: pingAndQueryKnownInterfaces mod=173
11-30 15:56:11.440   991  1133 V LynxModule: mod#=173 queryInterface(DEKA)=54 commands starting at 4096
11-30 15:56:11.451   991  1133 V LynxModule: sending LynxFtdiResetControlCommand(true) wasInterrupted=false
11-30 15:56:11.456   991  1191 V LynxModule: received status: LynxGetModuleStatusResponse(status=0x02 alerts=0x00: Reset)
11-30 15:56:11.458   991  1133 V LynxModule: sendLEDPatternSteps(): steps=[Step(color=65280, msDuration=1000)]
11-30 15:56:11.463   991  1133 V LynxModule: setAsControlHubEmbeddedModule(mod=173)
11-30 15:56:11.463   991  1133 V EmbeddedControlHubModule: setting embedded module
11-30 15:56:11.463   991  1133 V LynxUsb : addConfiguredModule() module#=2
11-30 15:56:11.463   991  1133 V LynxModule: pingAndQueryKnownInterfaces mod=2
11-30 15:56:11.470   991  1191 W HubPowerCycle: Expansion Hub 173 regained power after a complete power loss. No user Op Mode was running.
11-30 15:56:11.470   991  1191 V LynxModule: resendCurrentPattern()
11-30 15:56:11.470   991  1191 V LynxModule: sendLEDPatternSteps(): steps=[Step(color=65280, msDuration=1000)]
11-30 15:56:11.482   991  1133 V LynxModule: mod#=2 queryInterface(DEKA)=54 commands starting at 4096
11-30 15:56:11.492   991  1133 V LynxModule: sending LynxFtdiResetControlCommand(true) wasInterrupted=false
11-30 15:56:11.493   991  1132 V FtcWebSocket: Opening websocket (ip=192.168.43.110/192.168.43.110 port=8081)
11-30 15:56:11.498   991  1192 V LynxModule: received status: LynxGetModuleStatusResponse(status=0x02 alerts=0x00: Reset)
11-30 15:56:11.498   991  1132 V WebSocketManager: Subscribed websocket (ip=192.168.43.110/192.168.43.110 port=8081) to namespace (progress)
11-30 15:56:11.498   991  1192 W HubPowerCycle: Expansion Hub 2 regained power after a complete power loss. No user Op Mode was running.
11-30 15:56:11.498   991  1192 V LynxModule: resendCurrentPattern()
11-30 15:56:11.499   991  1192 V LynxModule: sendLEDPatternSteps(): steps=[]
11-30 15:56:11.499   991  1132 V WebSocketManager: Subscribed websocket (ip=192.168.43.110/192.168.43.110 port=8081) to namespace (ControlHubUpdater)
11-30 15:56:11.503   991  1133 V LynxModule: sendLEDPatternSteps(): steps=[Step(color=65280, msDuration=4500), Step(color=0, msDuration=500), Step(color=255, msDuration=500), Step(color=0, msDuration=500), Step(color=255, msDuration=500), Step(color=0, msDuration=500)]
11-30 15:56:11.513   991  1133 V LynxMotor: initializeHardware() mod#=173
11-30 15:56:11.547   991  1133 V RobotCore: DcMotorImpl(type=goBILDA5202SeriesMotor)
11-30 15:56:11.548   991  1133 V RobotCore: DcMotorImpl(type=goBILDA5202SeriesMotor)
11-30 15:56:11.548   991  1133 V RobotCore: DcMotorImpl(type=goBILDA5202SeriesMotor)
11-30 15:56:11.548   991  1133 V RobotCore: DcMotorImpl(type=goBILDA5202SeriesMotor)
11-30 15:56:11.549   991  1133 V LynxServoController: initializeHardware() mod#=173
11-30 15:56:11.574   991  1133 V LynxVoltageSensor: initializeHardware() mod#=173
11-30 15:56:11.575   991  1133 V LynxAnalogInputController: initializeHardware() mod#=173
11-30 15:56:11.575   991  1133 V LynxDigitalChannelController: initializeHardware() mod#=173
11-30 15:56:11.605   991  1133 V RobotCore: Creating user sensor REV internal IMU (BNO055) - on Lynx module=173 bus=0
11-30 15:56:11.606   991  1133 I RobotCore: LynxFirmwareVersionManager: LynxI2cDeviceSynchV2
11-30 15:56:11.606   991  1133 V LynxI2cDeviceSynch: initializeHardware() mod#=173
11-30 15:56:11.618   991  1133 V BNO055  : Suppressing I2C warnings while we check for a BNO055 IMU
11-30 15:56:11.633   991  1133 V BNO055  : Found BNO055 IMU
11-30 15:56:11.634   991  1133 V BNO055  : Suppressing I2C warnings while we check for a BNO055 IMU
11-30 15:56:11.642   991  1133 V BNO055  : Found BNO055 IMU
11-30 15:56:11.773   991  1133 I RobotCore: LynxFirmwareVersionManager: LynxI2cDeviceSynchV2
11-30 15:56:11.773   991  1133 V LynxI2cDeviceSynch: initializeHardware() mod#=173
11-30 15:56:11.775   991  1133 V LynxMotor: initializeHardware() mod#=2
11-30 15:56:11.823   991  1197 I RobotCore: password
11-30 15:56:11.838   991  1133 V RobotCore: DcMotorImpl(type=goBILDA5202SeriesMotor)
11-30 15:56:11.839   991  1133 V RobotCore: DcMotorImpl(type=goBILDA5202SeriesMotor)
11-30 15:56:11.840   991  1133 V LynxServoController: initializeHardware() mod#=2
11-30 15:56:11.884   991  1133 V LynxVoltageSensor: initializeHardware() mod#=2
11-30 15:56:11.885   991  1133 V LynxAnalogInputController: initializeHardware() mod#=2
11-30 15:56:11.886   991  1133 V LynxDigitalChannelController: initializeHardware() mod#=2
11-30 15:56:11.913   991  1133 V RobotCore: Creating Webcam [D5386480]
11-30 15:56:11.914   991  1133 V CameraManager: construct(hash=0x04cea009|inst#=0)
11-30 15:56:11.912   991   991 I pRunnable.run(): type=1400 audit(0.0:117): avc: denied { read } for name="devices" dev="sysfs" ino=7258 scontext=u:r:untrusted_app:s0:c512,c768 tcontext=u:object_r:sysfs:s0 tclass=dir permissive=1
11-30 15:56:11.912   991   991 I pRunnable.run(): type=1400 audit(0.0:118): avc: denied { open } for path="/sys/bus/usb/devices" dev="sysfs" ino=7258 scontext=u:r:untrusted_app:s0:c512,c768 tcontext=u:object_r:sysfs:s0 tclass=dir permissive=1
11-30 15:56:11.915   991  1133 D libusb  : [ 0.000279] [0000046d] libusb: debug [op_init] sysfs can relate devices
11-30 15:56:11.915   991  1133 D libusb  : [ 0.000311] [0000046d] libusb: debug [op_init] sysfs has complete descriptors
11-30 15:56:11.915   991  1133 D libusb  : [ 0.000335] [0000046d] libusb: debug [op_init] sysfs has serial numbers
11-30 15:56:11.917   991  1133 V UvcContext: construct(pointer=0xcce118a0|inst#=0)
11-30 15:56:11.924   991  1194 V ProgrammingModeManager: serve uri=/css/colors.less
11-30 15:56:11.927   991  1133 I RobotCore: ========= Device Information ===================================================
11-30 15:56:11.929   991  1133 I RobotCore: Type                                               Name                           Connection
11-30 15:56:11.930   991  1133 I RobotCore: Motor                                              FrontLeft                      USB (embedded); module 173; port 0
11-30 15:56:11.931   991  1133 I RobotCore: Expansion Hub DC Motor Controller                  Expansion Hub 2                USB (embedded); module 2
11-30 15:56:11.932   991  1133 I RobotCore: Expansion Hub Servo Controller                     Expansion Hub 2                USB (embedded); module 2
11-30 15:56:11.933   991  1133 I RobotCore: Expansion Hub Voltage Sensor                       Expansion Hub 2                USB (embedded); module 2
11-30 15:56:11.935   991  1133 I RobotCore: Expansion Hub Analog Input Controller              Expansion Hub 2                USB (embedded); module 2
11-30 15:56:11.936   991  1133 I RobotCore: Expansion Hub Digital Channel Controller           Expansion Hub 2                USB (embedded); module 2
11-30 15:56:11.942   991  1133 I RobotCore: Expansion Hub (HW: 20, Maj: 1, Min: 8, Eng: 2)     Expansion Hub 2                USB (embedded); module 2
11-30 15:56:11.943   991  1133 I RobotCore: Motor                                              BackRight                      USB (embedded); module 173; port 3
11-30 15:56:11.944   991  1133 I RobotCore: REV internal IMU (BNO055)                          imu                            USB (embedded); module 173; bus 0; addr7=0x28
11-30 15:56:11.944   991  1133 I RobotCore: REV internal IMU (BNO055)                          imu                            USB (embedded); module 173; bus 0; addr7=0x28
11-30 15:56:11.951   991  1133 I RobotCore: Logitech C270 HD WEBCAM                            Webcam 1                       USB (D5386480)
11-30 15:56:11.952   991  1133 I RobotCore: Motor                                              LeftSlider                     USB (embedded); module 2; port 1
11-30 15:56:11.952   991  1133 I RobotCore: Motor                                              RightSlider                    USB (embedded); module 2; port 0
11-30 15:56:11.953   991  1133 I RobotCore: Expansion Hub DC Motor Controller                  Control Hub                    USB (embedded); module 173
11-30 15:56:11.953   991  1133 I RobotCore: Expansion Hub Servo Controller                     Control Hub                    USB (embedded); module 173
11-30 15:56:11.954   991  1133 I RobotCore: Expansion Hub Voltage Sensor                       Control Hub                    USB (embedded); module 173
11-30 15:56:11.955   991  1133 I RobotCore: Expansion Hub Analog Input Controller              Control Hub                    USB (embedded); module 173
11-30 15:56:11.955   991  1133 I RobotCore: Expansion Hub Digital Channel Controller           Control Hub                    USB (embedded); module 173
11-30 15:56:11.959   991  1133 I RobotCore: Expansion Hub (HW: 20, Maj: 1, Min: 8, Eng: 2)     Control Hub                    USB (embedded); module 173
11-30 15:56:11.960   991  1133 I RobotCore: Servo                                              ClawServo                      USB (embedded); module 173; port 0
11-30 15:56:11.960   991  1133 I RobotCore: Motor                                              FrontRight                     USB (embedded); module 173; port 1
11-30 15:56:11.961   991  1133 I RobotCore: REV Robotics USB Expansion Hub Portal              Control Hub Portal             USB (embedded)
11-30 15:56:11.961   991  1133 I RobotCore: Servo                                              ArmServo                       USB (embedded); module 173; port 1
11-30 15:56:11.962   991  1133 I RobotCore: Motor                                              BackLeft                       USB (embedded); module 173; port 2
11-30 15:56:11.966   991  1133 I RobotCore: LynxFirmwareVersionManager: LynxI2cDeviceSynchV2
11-30 15:56:11.967   991  1133 V LynxI2cDeviceSynch: initializeHardware() mod#=173
11-30 15:56:11.967   991  1133 V BHI260IMU: Suppressing I2C warnings while we check for a BHI260AP IMU
11-30 15:56:11.970   991  1133 V BHI260IMU: No BHI260AP IMU found
11-30 15:56:11.970   991  1133 V BNO055  : Suppressing I2C warnings while we check for a BNO055 IMU
11-30 15:56:11.975   991  1133 V BNO055  : Found BNO055 IMU
11-30 15:56:11.981   991  1133 I RobotCore: LynxFirmwareVersionManager: LynxI2cDeviceSynchV2
11-30 15:56:11.982   991  1133 V LynxI2cDeviceSynch: initializeHardware() mod#=2
11-30 15:56:11.982   991  1133 V BNO055  : Suppressing I2C warnings while we check for a BNO055 IMU
11-30 15:56:11.988   991  1133 V BNO055  : Found BNO055 IMU
11-30 15:56:12.008   991  1133 V LynxUsb : 0x02cc4248 on 0x0971fd30: releasing delegate to [(embedded)]
11-30 15:56:12.008   991  1133 I FtcEventLoop: ======= INIT FINISH =======
11-30 15:56:12.008   991  1133 V RobotCore: EventLoopManager state is RUNNING
11-30 15:56:12.010   991  1133 V RobotCore: Robot Status: running, starting robot
11-30 15:56:12.014   991  1133 V RobotCore: Robot Status: running
11-30 15:56:12.019   991  1171 W art     : Long monitor contention with owner RobotSetupRunnable.run() (1133) at java.util.Formatter$Flags java.util.Formatter$FormatSpecifier.flags(java.lang.String)(Formatter.java:2680) waiters=0 in org.firstinspires.ftc.robotcore.internal.network.CallbackResult com.qualcomm.robotcore.eventloop.EventLoopManager.commandEvent(com.qualcomm.robotcore.robocol.Command) for 1.094s
11-30 15:56:12.020   991  1133 D FTCService: Detecting Wi-Fi reset
11-30 15:56:12.027   991  1173 V Robocol : sending CMD_NOTIFY_ROBOT_STATE(68), attempt: 0
11-30 15:56:12.032   991  1173 V Robocol : sending CMD_SHOW_TOAST(69), attempt: 0
11-30 15:56:12.035   991  1133 D RobotControllerAccessPointAssistant: detectWifiReset button=false
11-30 15:56:12.037   991  1133 V RobotCore: thread: ...terminating 'RobotSetupRunnable.run()'
11-30 15:56:12.039   991  1235 V RobotCore: thread: 'EventLoop' starting...
11-30 15:56:12.043   991  1171 E Robocol : command processing took 1129 ms: command=CMD_REQUEST_ACTIVE_CONFIG
11-30 15:56:12.067   991  1173 V Robocol : sending CMD_NOTIFY_ACTIVE_CONFIGURATION(72), attempt: 0
11-30 15:56:12.109   991  1173 V Robocol : sending CMD_NOTIFY_USER_DEVICE_LIST(77), attempt: 0
11-30 15:56:12.118   991  1173 V Robocol : sending CMD_NOTIFY_OP_MODE_LIST(81), attempt: 0
11-30 15:56:12.138   991  1176 V SoundInfo: construct(0x0d0d24ca)
11-30 15:56:12.146   991  1173 V Robocol : sending CMD_NOTIFY_ACTIVE_CONFIGURATION(86), attempt: 0
11-30 15:56:12.167   991  1242 V SessionCookie: added SessionCookie: cookie=9fbda5c1-ab6c-4e16-89cf-4b010d6be2b4 uri='/js/rcInfo.json'
11-30 15:56:12.168   991  1242 I RobotCore: password
11-30 15:56:12.183   991  1201 I RobotCore: password
11-30 15:56:12.186   991  1173 V Robocol : sending CMD_NOTIFY_USER_DEVICE_LIST(91), attempt: 0
11-30 15:56:12.189   991  1173 V Robocol : sending CMD_NOTIFY_OP_MODE_LIST(94), attempt: 0
11-30 15:56:12.205   991  1244 V SessionCookie: added SessionCookie: cookie=172948cc-8ef3-4c7a-a77a-057d9a06880d uri='/revHubsAvailableForUpdate'
11-30 15:56:12.206   991  1244 V Robocol : locally injecting CMD_GET_USB_ACCESSIBLE_LYNX_MODULES
11-30 15:56:12.221   991  1175 I MediaCodec: callingProcessName:com.qualcomm.ftcrobotcontroller
11-30 15:56:12.224   991  1246 I ACodec  : onAllocateComponent:6752 mSoftCodecPref:0 componentName:
11-30 15:56:12.226   991  1246 I ACodec  : onAllocateComponent:6783 mSoftCodecPref:0 componentName:OMX.google.raw.decoder
11-30 15:56:12.230   991  1133 V FtcEventLoop: getUSBAccessibleLynxDevices(includeModuleAddresses=true)...
11-30 15:56:12.235   991  1249 V FtcConfigTag: scanning USB bus...
11-30 15:56:12.238   991  1249 V FtDeviceManager: createDeviceInfoList(): 0 USB devices
11-30 15:56:12.239   991  1249 V USBScan : device count=1
11-30 15:56:12.242   991  1250 V USBScan : opening (embedded)...
11-30 15:56:12.243   991  1250 V RobotUsbManagerCombining: FTDI driver failed to open USB device with serial number (embedded) (returned null device)
11-30 15:56:12.244   991  1250 V RobotUsbManagerCombining: (embedded) is already open: unable to open second time
11-30 15:56:12.247   991  1250 V USBScan : RobotCoreException(Unable to open USB device (embedded): Combiner unable to open device with serialNumber = (embedded)) exception while opening (embedded)
11-30 15:56:12.248   991  1250 V USBScan : ... done opening (embedded)
11-30 15:56:12.249   991  1249 V USBScan : added extant device (embedded) type=LYNX_USB_DEVICE
11-30 15:56:12.253   991  1249 D UvcContext: usb device is *not* UVC compatible, /dev/bus/usb/003/004
11-30 15:56:12.253   991  1249 D UvcContext: found webcam: usbPath=/dev/bus/usb/003/003 vid=0x46D pid=0x825 serial=D5386480 product=C270 HD WEBCAM
11-30 15:56:12.254   991  1249 D Uvc     : [jni_context.cpp:120] Java_org_firstinspires_ftc_robotcore_internal_camera_libuvc_nativeobject_UvcContext_nativeCreateUvcDevice()...
11-30 15:56:12.254   991  1249 V Uvc     : API: Java_org_firstinspires_ftc_robotcore_internal_camera_libuvc_nativeobject_UvcContext_nativeCreateUvcDevice: enter...
11-30 15:56:12.256   991  1249 D libusb  : [ 0.341278] [000004e1] libusb: debug [op_create] op_create: szUsbPath=/dev/bus/usb/003/003 szSysfsDir=3-1.4
11-30 15:56:12.256   991  1249 D libusb  : [ 0.341547] [000004e1] libusb: debug [initialize_device] initialize_device(szUsbPath=/dev/bus/usb/003/003 szSysfsDir=3-1.4)
11-30 15:56:12.257   991  1249 D libusb  : [ 0.342085] [000004e1] libusb: debug [initialize_device] initialize_device(szUsbPath=(null) szSysfsDir=3-1)
11-30 15:56:12.257   991  1249 E libusb  : [ 0.342377] [000004e1] libusb: error [initialize_device] unable to open serial number sysfs; error ignored
11-30 15:56:12.257   991  1249 D libusb  : [ 0.342640] [000004e1] libusb: debug [initialize_device] initialize_device(szUsbPath=(null) szSysfsDir=usb3)
11-30 15:56:12.258   991  1249 D Uvc     : [device.cpp:613] uvc_create_uvc_device()...
11-30 15:56:12.258   991  1249 D Uvc     : [libuvc/libuvc_internal.h:346] uvc_device::uvc_device()...
11-30 15:56:12.258   991  1249 D Uvc     : [libuvc/libuvc_internal.h:375] acquired vid=1133 & pid=2085
11-30 15:56:12.258   991  1249 D Uvc     : [libuvc/libuvc_internal.h:346] ...uvc_device::uvc_device()
11-30 15:56:12.258   991  1249 D Uvc     : [device.cpp:613] ...uvc_create_uvc_device() rc=0
11-30 15:56:12.258   991  1249 V Uvc     : API: Java_org_firstinspires_ftc_robotcore_internal_camera_libuvc_nativeobject_UvcContext_nativeCreateUvcDevice: ...exit
11-30 15:56:12.258   991  1249 D Uvc     : [jni_context.cpp:120] ...Java_org_firstinspires_ftc_robotcore_internal_camera_libuvc_nativeobject_UvcContext_nativeCreateUvcDevice()
11-30 15:56:12.258   991  1249 V UvcDevice: construct(pointer=0xea5b6ee0|null)
11-30 15:56:12.259   991  1249 D Uvc     : [jni_device.cpp:108] Java_org_firstinspires_ftc_robotcore_internal_camera_libuvc_nativeobject_UvcDevice_nativeGetLibUsbDevice()...
11-30 15:56:12.259   991  1249 D Uvc     : [jni_device.cpp:108] ...Java_org_firstinspires_ftc_robotcore_internal_camera_libuvc_nativeobject_UvcDevice_nativeGetLibUsbDevice()
11-30 15:56:12.259   991  1249 V LibUsbDevice: construct(pointer=0xcf2afda0)
11-30 15:56:12.260   991  1249 V UvcDevice: destroy(pointer=0xea5b6ee0|/dev/bus/usb/003/003)
11-30 15:56:12.260   991  1249 D Uvc     : [jni_device.cpp:126] Java_org_firstinspires_ftc_robotcore_internal_camera_libuvc_nativeobject_UvcDevice_nativeReleaseRefDevice()...
11-30 15:56:12.260   991  1249 V Uvc     : API: Java_org_firstinspires_ftc_robotcore_internal_camera_libuvc_nativeobject_UvcDevice_nativeReleaseRefDevice: enter...
11-30 15:56:12.260   991  1249 D Uvc     : [device.cpp:882] uvc_unref_device()...
11-30 15:56:12.260   991  1249 D Uvc     : [device.cpp:882] ...uvc_unref_device()
11-30 15:56:12.260   991  1249 V Uvc     : API: Java_org_firstinspires_ftc_robotcore_internal_camera_libuvc_nativeobject_UvcDevice_nativeReleaseRefDevice: ...exit
11-30 15:56:12.260   991  1249 D Uvc     : [jni_device.cpp:126] ...Java_org_firstinspires_ftc_robotcore_internal_camera_libuvc_nativeobject_UvcDevice_nativeReleaseRefDevice()
11-30 15:56:12.261   991  1249 V LibUsbDevice: destroy(pointer=0xcf2afda0)
11-30 15:56:12.261   991  1249 D Uvc     : [jni_libusb_device.cpp:64] Java_org_firstinspires_ftc_robotcore_internal_camera_libuvc_nativeobject_LibUsbDevice_nativeReleaseRefDevice()...
11-30 15:56:12.261   991  1249 D Uvc     : [jni_libusb_device.cpp:64] ...Java_org_firstinspires_ftc_robotcore_internal_camera_libuvc_nativeobject_LibUsbDevice_nativeReleaseRefDevice()
11-30 15:56:12.261   991  1249 V HardwareDeviceManager: scanned webcam serial=D5386480
11-30 15:56:12.262   991  1249 V USBScan : scanForUsbDevices() took 26ms count=2
11-30 15:56:12.262   991  1249 V FtcConfigTag: .. scanning complete: [(embedded), D5386480]
11-30 15:56:12.263   991  1133 V FtcEventLoop: getUSBAccessibleLynxDevices: found serial=(embedded)
11-30 15:56:12.263   991  1133 V FtcEventLoop: finding module addresses and current firmware versions
11-30 15:56:12.263   991  1133 V FtcEventLoop: getUSBAccessibleLynxDevices: finding module address for usbModule (embedded)
11-30 15:56:12.264   991  1133 V RobotCore: Creating REV Robotics USB Expansion Hub Portal [(embedded)]
11-30 15:56:12.264   991  1133 V LynxUsb : using existing [(embedded)]: 0x0971fd30
11-30 15:56:12.265   991  1133 V LynxUsb : 0x017161b3 on 0x0971fd30: new delegate to [(embedded)]
11-30 15:56:12.265   991  1133 V LynxUsb : lynx discovery beginning...transmitting LynxDiscoveryCommand()...
11-30 15:56:12.268   991  1133 V LynxUsb : discovery waiting 1012ms and 0ns
11-30 15:56:12.268   991  1188 V LynxUsb : onLynxDiscoveryResponseReceived()... module#=173 isParent=true
11-30 15:56:12.268   991  1188 V LynxUsb : discovered lynx module#=173 isParent=true
11-30 15:56:12.269   991  1188 V LynxUsb : ...onLynxDiscoveryResponseReceived()
11-30 15:56:12.272   991  1188 V LynxUsb : onLynxDiscoveryResponseReceived()... module#=2 isParent=false
11-30 15:56:12.272   991  1188 V LynxUsb : discovered lynx module#=2 isParent=false
11-30 15:56:12.273   991  1188 V LynxUsb : ...onLynxDiscoveryResponseReceived()
11-30 15:56:12.290   991  1091 D SoundPlayer: onLoadComplete(samp=2|ms=4506, samp=2)=0
11-30 15:56:12.293   991  1176 W AudioTrack: AUDIO_OUTPUT_FLAG_FAST denied by client; transfer 4, track 48000 Hz, output 44100 Hz
11-30 15:56:12.317   991  1176 D SoundPlayer: playing volume=0.000000 samp=2|ms=4506
11-30 15:56:12.346   991  1173 V Robocol : sending CMD_PLAY_SOUND(107), attempt: 0
11-30 15:56:12.368   991  1194 V ProgrammingModeManager: serve uri=/css/colors.less
11-30 15:56:12.552   991  1235 I RobotCore: Attempting to switch to op mode $Stop$Robot$
11-30 15:56:12.555   991  1235 D HardwareMap: Clearing which device instances have been retrieved
11-30 15:56:12.555   991  1235 D HardwareMap: Clearing which device instances have been retrieved
11-30 15:56:12.560   991  1253 V RobotCore: thread: 'OpModeThread' starting...
11-30 15:56:12.586   991  1173 V Robocol : sending CMD_NOTIFY_INIT_OP_MODE(117), attempt: 0
11-30 15:56:12.706   991  1192 V LynxModule: retransmitting: mod=2 cmd=0x7f03 msg#=69 ref#=0 
11-30 15:56:12.807   991  1192 V LynxModule: retransmitting: mod=2 cmd=0x7f03 msg#=69 ref#=0 
11-30 15:56:12.856   991  1192 V LynxModule: retransmitting: mod=2 cmd=0x7f03 msg#=69 ref#=0 
11-30 15:56:12.858   991  1192 E LynxModule: timeout: abandoning waiting 250ms for response: cmd=LynxGetModuleStatusCommand mod=2 msg#=69
11-30 15:56:12.858   991  1192 E LynxModule: Marking module #2 as unresponsive until we receive some data back
11-30 15:56:12.858   991  1192 W RobotCore: Expansion Hub 2 is currently unresponsive.
11-30 15:56:12.860   991  1235 D RobotCore: system telemetry: key=$System$Warning$ msg="Expansion Hub 2 not currently responding to commands."
11-30 15:56:12.870   991  1188 V LynxModule: REV Hub #2 has reconnected
11-30 15:56:12.871   991  1188 E LynxModule: unable to find originating command for packetid=0x9007 msg#=71 ref#=70
11-30 15:56:12.873   991  1235 D RobotCore: system telemetry: key=$System$None$ msg=""
11-30 15:56:12.958   991  1176 V SoundInfo: construct(0x0ca42088)
11-30 15:56:13.005   991  1175 I MediaCodec: callingProcessName:com.qualcomm.ftcrobotcontroller
11-30 15:56:13.008   991  1259 I ACodec  : onAllocateComponent:6752 mSoftCodecPref:0 componentName:
11-30 15:56:13.009   991  1259 I ACodec  : onAllocateComponent:6783 mSoftCodecPref:0 componentName:OMX.google.raw.decoder
11-30 15:56:13.051   991  1091 D SoundPlayer: onLoadComplete(samp=3|ms=2509, samp=3)=0
11-30 15:56:13.281   991  1133 V LynxUsb : discovery waiting complete: #modules=2
11-30 15:56:13.281   991  1133 V LynxModule: close(#0)
11-30 15:56:13.283   991  1133 V LynxUsb : ...lynx discovery completed
11-30 15:56:13.285   991  1133 V FtcEventLoop: assessing LynxModuleMeta(#2,false,ImuType.unknown)
11-30 15:56:13.286   991  1133 V FtcEventLoop: assessing LynxModuleMeta(#173,true,ImuType.unknown)
11-30 15:56:13.289   991  1133 V LynxUsb : addConfiguredModule() module#=173
11-30 15:56:13.290   991  1133 V LynxUsb : addConfiguredModule() module#=173: already exists
11-30 15:56:13.296   991  1133 V LynxUsb : 0x017161b3 on 0x0971fd30: releasing delegate to [(embedded)]
11-30 15:56:13.296   991  1133 V FtcEventLoop: getUSBAccessibleLynxDevices(): 1 modules found
11-30 15:56:13.296   991  1133 V FtcEventLoop: ...getUSBAccessibleLynxDevices()
11-30 15:56:13.310   991  1133 V Robocol : locally injecting CMD_GET_USB_ACCESSIBLE_LYNX_MODULES_RESP
11-30 15:56:13.365   991  1132 V FtcWebSocket: Opening websocket (ip=192.168.43.110/192.168.43.110 port=8081)
11-30 15:56:13.382   991  1132 V WebSocketManager: Subscribed websocket (ip=192.168.43.110/192.168.43.110 port=8081) to namespace (progress)
11-30 15:56:15.667   991  1173 V UpdateUI: Network: active, disconnected
11-30 15:56:15.668   991  1173 I EventLoopManager: Lost connection while running op mode: $Stop$Robot$
11-30 15:56:15.668   991  1173 V NetworkConnectionHandler: Peer connection lost
11-30 15:56:15.791   991  1176 V SoundInfo: construct(0x0eff9e1b)
11-30 15:56:15.795   991  1253 V LynxModule: retransmitting: mod=2 cmd=0x7f05 msg#=120 ref#=0 
11-30 15:56:15.814   991  1175 I MediaCodec: callingProcessName:com.qualcomm.ftcrobotcontroller
11-30 15:56:15.816   991  1291 I ACodec  : onAllocateComponent:6752 mSoftCodecPref:0 componentName:
11-30 15:56:15.817   991  1291 I ACodec  : onAllocateComponent:6783 mSoftCodecPref:0 componentName:OMX.google.raw.decoder
11-30 15:56:15.847   991  1091 D SoundPlayer: onLoadComplete(samp=4|ms=901, samp=4)=0
11-30 15:56:15.896   991  1253 V LynxModule: retransmitting: mod=2 cmd=0x7f05 msg#=120 ref#=0 
11-30 15:56:15.945   991  1253 V LynxModule: retransmitting: mod=2 cmd=0x7f05 msg#=120 ref#=0 
11-30 15:56:15.947   991  1253 E LynxModule: timeout: abandoning waiting 250ms for ack: cmd=LynxFailSafeCommand mod=2 msg#=120
11-30 15:56:15.947   991  1253 E LynxModule: Marking module #2 as unresponsive until we receive some data back
11-30 15:56:15.948   991  1253 W RobotCore: Expansion Hub 2 is currently unresponsive.
11-30 15:56:16.074   991  1300 I RobotCore: password
11-30 15:56:16.174   991  1188 V LynxModule: REV Hub #2 has reconnected
11-30 15:56:16.178   991  1188 E LynxModule: unable to find originating LynxRespondable for mod=2 msg#=1 ref#=123
11-30 15:56:16.186   991  1253 V RobotCore: thread: ...terminating 'OpModeThread'
11-30 15:56:16.191   991  1235 I RobotCore: Attempting to switch to op mode $Stop$Robot$
11-30 15:56:16.192   991  1235 D HardwareMap: Clearing which device instances have been retrieved
11-30 15:56:16.192   991  1235 D HardwareMap: Clearing which device instances have been retrieved
11-30 15:56:16.198   991  1304 V RobotCore: thread: 'OpModeThread' starting...
11-30 15:56:16.241   991  1192 V LynxModule: received status: LynxGetModuleStatusResponse(status=0x06 alerts=0x00: Reset|FailSafe)
11-30 15:56:16.241   991  1192 W HubPowerCycle: Expansion Hub 2 regained power after a complete power loss. No user Op Mode was running.
11-30 15:56:16.241   991  1192 V LynxModule: resendCurrentPattern()
11-30 15:56:16.243   991  1192 V LynxModule: sendLEDPatternSteps(): steps=[Step(color=65280, msDuration=4500), Step(color=0, msDuration=500), Step(color=255, msDuration=500), Step(color=0, msDuration=500), Step(color=255, msDuration=500), Step(color=0, msDuration=500)]
11-30 15:56:16.450   991  1304 V LynxModule: retransmitting: mod=2 cmd=0x7f05 msg#=132 ref#=0 
11-30 15:56:16.551   991  1304 V LynxModule: retransmitting: mod=2 cmd=0x7f05 msg#=132 ref#=0 
11-30 15:56:16.599   991  1304 V LynxModule: retransmitting: mod=2 cmd=0x7f05 msg#=132 ref#=0 
11-30 15:56:16.601   991  1304 E LynxModule: timeout: abandoning waiting 250ms for ack: cmd=LynxFailSafeCommand mod=2 msg#=132
11-30 15:56:16.602   991  1304 E LynxModule: Marking module #2 as unresponsive until we receive some data back
11-30 15:56:16.700   991  1235 D RobotCore: system telemetry: key=$System$Warning$ msg="Expansion Hub 2 not currently responding to commands."
11-30 15:56:16.799   991  1262 W AudioTrack: AUDIO_OUTPUT_FLAG_FAST denied by client; transfer 4, track 48000 Hz, output 44100 Hz
11-30 15:56:16.804   991  1262 D SoundPlayer: playing volume=0.000000 samp=3|ms=2509
11-30 15:56:16.808   991  1262 W AudioTrack: AUDIO_OUTPUT_FLAG_FAST denied by client; transfer 4, track 48000 Hz, output 44100 Hz
11-30 15:56:16.812   991  1262 D SoundPlayer: playing volume=0.000000 samp=4|ms=901
11-30 15:56:16.816   991  1174 W AudioTrack: AUDIO_OUTPUT_FLAG_FAST denied by client; transfer 4, track 48000 Hz, output 44100 Hz
11-30 15:56:16.817   991  1262 D SoundPlayer: playing volume=0.000000 samp=3|ms=2509
11-30 15:56:18.037   991  1304 W RobotCore: Expansion Hub 2 is currently unresponsive.
11-30 15:56:18.404   991  1172 V EventLoopManager: Setting authoritative wall clock based on connected DS.
11-30 15:56:18.405   991  1172 D Uvc     : [time.cpp:64] Java_org_firstinspires_ftc_robotcore_internal_system_AppUtil_nativeSetCurrentTimeMillis()...
11-30 15:56:13.781   991  1172 I JniTime : [time.cpp:83] settimeofday() succeeded
11-30 15:56:13.781   991  1172 D Uvc     : [time.cpp:64] ...Java_org_firstinspires_ftc_robotcore_internal_system_AppUtil_nativeSetCurrentTimeMillis()
11-30 15:56:13.784   991  1172 V AppUtil : attempted to set timezone: before=America/Chicago after=America/Chicago
11-30 15:56:13.789   991  1170 V UpdateUI: Network: active, connected
11-30 15:56:13.789   991  1170 D FTCService: Sending user device types and preferences to driver station
11-30 15:56:13.802   991  1173 V Robocol : sending CMD_NOTIFY_INIT_OP_MODE(156), attempt: 0
11-30 15:56:13.803   991  1173 V Robocol : Giving up on command CMD_PLAY_SOUND(159) after 0 attempts
11-30 15:56:13.804   991  1173 V Robocol : Giving up on command CMD_PLAY_SOUND(160) after 0 attempts
11-30 15:56:13.804   991  1173 V Robocol : Giving up on command CMD_PLAY_SOUND(161) after 0 attempts
11-30 15:56:13.814   991  1170 V NetDiscover_prefremrc: sendAllPreferences()
11-30 15:56:13.815   991  1170 V NetDiscover_prefremrc: sending RC pref name=pref_wifip2p_remote_channel_change_works value=false
11-30 15:56:13.817   991  1170 V NetDiscover_prefremrc: sending RC pref name=pref_device_name value=FTC-eE8w
11-30 15:56:13.818   991  1170 V NetDiscover_prefremrc: sending RC pref name=pref_warn_about_incorrect_clocks value=true
11-30 15:56:13.819   991  1170 V NetDiscover_prefremrc: sending RC pref name=pref_warn_about_obsolete_software value=true
11-30 15:56:13.819   991  1170 V NetDiscover_prefremrc: sending RC pref name=pref_has_speaker value=false
11-30 15:56:13.820   991  1170 V NetDiscover_prefremrc: sending RC pref name=pref_warn_about_2_4_ghz_band value=true
11-30 15:56:13.821   991  1170 V NetDiscover_prefremrc: sending RC pref name=pref_has_independent_phone_battery value=false
11-30 15:56:13.821   991  1170 V NetDiscover_prefremrc: sending RC pref name=pref_app_theme value=red
11-30 15:56:13.822   991  1170 V NetDiscover_prefremrc: sending RC pref name=pref_warn_about_mismatched_app_versions value=true
11-30 15:56:13.823   991  1170 V NetDiscover_prefremrc: sending RC pref name=pref_sound_on_off value=false
11-30 15:56:13.823   991  1170 V NetworkConnectionHandler: Peer connection established
11-30 15:56:13.842   991  1173 V Robocol : sending CMD_NOTIFY_USER_DEVICE_LIST(181), attempt: 0
11-30 15:56:13.844   991  1173 V Robocol : sending CMD_ROBOT_CONTROLLER_PREFERENCE(183), attempt: 0
11-30 15:56:13.845   991  1173 V Robocol : sending CMD_ROBOT_CONTROLLER_PREFERENCE(185), attempt: 0
11-30 15:56:13.846   991  1173 V Robocol : sending CMD_ROBOT_CONTROLLER_PREFERENCE(186), attempt: 0
11-30 15:56:13.847   991  1173 V Robocol : sending CMD_ROBOT_CONTROLLER_PREFERENCE(187), attempt: 0
11-30 15:56:13.848   991  1173 V Robocol : sending CMD_ROBOT_CONTROLLER_PREFERENCE(189), attempt: 0
11-30 15:56:13.850   991  1173 V Robocol : sending CMD_ROBOT_CONTROLLER_PREFERENCE(190), attempt: 0
11-30 15:56:13.851   991  1173 V Robocol : sending CMD_ROBOT_CONTROLLER_PREFERENCE(192), attempt: 0
11-30 15:56:13.852   991  1173 V Robocol : sending CMD_ROBOT_CONTROLLER_PREFERENCE(193), attempt: 0
11-30 15:56:13.852   991  1173 V Robocol : sending CMD_ROBOT_CONTROLLER_PREFERENCE(195), attempt: 0
11-30 15:56:13.854   991  1173 V Robocol : sending CMD_ROBOT_CONTROLLER_PREFERENCE(196), attempt: 0
11-30 15:56:13.880   991  1170 V Robocol : received command: CMD_REQUEST_ACTIVE_CONFIG(10001) 
11-30 15:56:13.885   991  1170 V Robocol : received command: CMD_REQUEST_USER_DEVICE_TYPES(10002) 
11-30 15:56:13.887   991  1170 V Robocol : received command: CMD_REQUEST_OP_MODE_LIST(10003) 
11-30 15:56:13.889   991  1170 V Robocol : received command: CMD_ROBOT_CONTROLLER_PREFERENCE(10004) {"booleanValue":true,"prefName":"pref_ds_supports_5_ghz"}
11-30 15:56:13.890   991  1170 V Robocol : received command: CMD_ROBOT_CONTROLLER_PREFERENCE(10005) {"intValue":21,"prefName":"pref_dh_os_version_code"}
11-30 15:56:13.924   991  1173 V Robocol : sending CMD_NOTIFY_ACTIVE_CONFIGURATION(210), attempt: 0
11-30 15:56:13.924   991  1173 V Robocol : sending CMD_NOTIFY_USER_DEVICE_LIST(223), attempt: 0
11-30 15:56:13.961   991  1173 V Robocol : sending CMD_NOTIFY_OP_MODE_LIST(226), attempt: 0
11-30 15:56:14.042   991  1173 V Robocol : sending CMD_NOTIFY_INIT_OP_MODE(156), attempt: 1
11-30 15:56:15.462   991  1304 W RobotCore: Expansion Hub 2 is currently unresponsive.
11-30 15:56:17.525   991  1304 W RobotCore: Expansion Hub 2 is currently unresponsive.
11-30 15:56:19.326   991  1262 W AudioTrack: AUDIO_OUTPUT_FLAG_FAST denied by client; transfer 4, track 48000 Hz, output 44100 Hz
11-30 15:56:19.334   991  1262 D SoundPlayer: playing volume=0.000000 samp=1|ms=757
11-30 15:56:19.362   991  1173 V Robocol : sending CMD_PLAY_SOUND(309), attempt: 0
11-30 15:56:19.591   991  1304 W RobotCore: Expansion Hub 2 is currently unresponsive.
11-30 15:56:20.133   991  1188 V LynxModule: REV Hub #2 has reconnected
11-30 15:56:20.133   991  1188 E LynxModule: unable to find originating LynxRespondable for mod=2 msg#=1 ref#=214
11-30 15:56:20.138   991  1235 D RobotCore: system telemetry: key=$System$None$ msg=""
11-30 15:56:20.245   991  1192 V LynxModule: received status: LynxGetModuleStatusResponse(status=0x06 alerts=0x00: Reset|FailSafe)
11-30 15:56:20.246   991  1192 W HubPowerCycle: Expansion Hub 2 regained power after a complete power loss. No user Op Mode was running.
11-30 15:56:20.246   991  1192 V LynxModule: resendCurrentPattern()
11-30 15:56:20.248   991  1192 V LynxModule: sendLEDPatternSteps(): steps=[Step(color=65280, msDuration=4500), Step(color=0, msDuration=500), Step(color=255, msDuration=500), Step(color=0, msDuration=500), Step(color=255, msDuration=500), Step(color=0, msDuration=500)]
11-30 15:56:58.292   991  1192 V LynxModule: retransmitting: mod=2 cmd=0x7f03 msg#=156 ref#=0 
11-30 15:56:58.393   991  1192 V LynxModule: retransmitting: mod=2 cmd=0x7f03 msg#=156 ref#=0 
11-30 15:56:58.442   991  1192 V LynxModule: retransmitting: mod=2 cmd=0x7f03 msg#=156 ref#=0 
11-30 15:56:58.443   991  1192 E LynxModule: timeout: abandoning waiting 250ms for response: cmd=LynxGetModuleStatusCommand mod=2 msg#=156
11-30 15:56:58.443   991  1192 E LynxModule: Marking module #2 as unresponsive until we receive some data back
11-30 15:56:58.443   991  1192 W RobotCore: Expansion Hub 2 is currently unresponsive.
11-30 15:56:58.449   991  1235 D RobotCore: system telemetry: key=$System$Warning$ msg="Expansion Hub 2 not currently responding to commands."
11-30 15:56:58.460   991  1176 D SoundPlayer: playing volume=0.000000 samp=3|ms=2509
11-30 15:56:58.482   991  1173 V Robocol : sending CMD_PLAY_SOUND(840), attempt: 0
11-30 15:57:00.466   991  1304 W RobotCore: Expansion Hub 2 is currently unresponsive.
11-30 15:57:02.472   991  1304 W RobotCore: Expansion Hub 2 is currently unresponsive.
11-30 15:57:04.481   991  1304 W RobotCore: Expansion Hub 2 is currently unresponsive.
11-30 15:57:06.494   991  1304 W RobotCore: Expansion Hub 2 is currently unresponsive.
11-30 15:57:08.514   991  1304 W RobotCore: Expansion Hub 2 is currently unresponsive.
11-30 15:57:10.530   991  1304 W RobotCore: Expansion Hub 2 is currently unresponsive.
11-30 15:57:12.333   991  1188 V LynxModule: REV Hub #2 has reconnected
11-30 15:57:12.334   991  1188 E LynxModule: unable to find originating LynxRespondable for mod=2 msg#=1 ref#=37
11-30 15:57:12.336   991  1235 D RobotCore: system telemetry: key=$System$None$ msg=""
11-30 15:57:12.447   991  1192 V LynxModule: received status: LynxGetModuleStatusResponse(status=0x06 alerts=0x00: Reset|FailSafe)
11-30 15:57:12.448   991  1192 W HubPowerCycle: Expansion Hub 2 regained power after a complete power loss. No user Op Mode was running.
11-30 15:57:12.448   991  1192 V LynxModule: resendCurrentPattern()
11-30 15:57:12.450   991  1192 V LynxModule: sendLEDPatternSteps(): steps=[Step(color=65280, msDuration=4500), Step(color=0, msDuration=500), Step(color=255, msDuration=500), Step(color=0, msDuration=500), Step(color=255, msDuration=500), Step(color=0, msDuration=500)]
--------- beginning of main
12-31 18:00:14.478   978   978 V OnBotJava: ctor()...
12-31 18:00:14.480   978   978 V OnBotJava: ...ctor()
12-31 18:00:14.485   978   978 V RCActivity: Permissions validated already
12-31 18:00:14.485   978   978 V RCActivity: onCreate()
12-31 18:00:14.486   978   978 I robotcontroller: type=1400 audit(0.0:87): avc: denied { read } for name="direction" dev="sysfs" ino=16602 scontext=u:r:untrusted_app:s0:c512,c768 tcontext=u:object_r:sysfs:s0 tclass=file permissive=1
12-31 18:00:14.486   978   978 I robotcontroller: type=1400 audit(0.0:88): avc: denied { open } for path="/sys/devices/pinctrl.26/gpio/gpio50/direction" dev="sysfs" ino=16602 scontext=u:r:untrusted_app:s0:c512,c768 tcontext=u:object_r:sysfs:s0 tclass=file permissive=1
12-31 18:00:14.488   978   978 V RCActivity: rootActivity is of class PermissionValidatorWrapper
12-31 18:00:14.489   978   978 V RCActivity: launchActivity is of class class org.firstinspires.ftc.robotcontroller.internal.PermissionValidatorWrapper
12-31 18:00:14.486   978   978 I robotcontroller: type=1400 audit(0.0:89): avc: denied { getattr } for path="/sys/devices/pinctrl.26/gpio/gpio50/direction" dev="sysfs" ino=16602 scontext=u:r:untrusted_app:s0:c512,c768 tcontext=u:object_r:sysfs:s0 tclass=file permissive=1
12-31 18:00:14.490   978   978 I robotcontroller: type=1400 audit(0.0:90): avc: denied { write } for name="value" dev="sysfs" ino=13327 scontext=u:r:untrusted_app:s0:c512,c768 tcontext=u:object_r:sysfs:s0 tclass=file permissive=1
12-31 18:00:14.497   978  1087 V CallbackLooper: thread=30
12-31 18:00:14.529   978   978 V NetDiscover_wifiDirectAgent: doStart()...
12-31 18:00:14.535   978   978 V NetDiscover_wifiDirectAgent: ...doStart()
12-31 18:00:14.535   978   978 V NetDiscover_prefremrc: ----- all preferences -----
12-31 18:00:14.535   978   978 V NetDiscover_prefremrc: name='android.permission.READ_PHONE_STATE' value=false
12-31 18:00:14.536   978   978 V NetDiscover_prefremrc: name='pref_autostarted_robot_controller' value=true
12-31 18:00:14.536   978   978 V NetDiscover_prefremrc: name='pref_warn_about_obsolete_software' value=true
12-31 18:00:14.536   978   978 V NetDiscover_prefremrc: name='pref_has_independent_phone_battery' value=false
12-31 18:00:14.536   978   978 V NetDiscover_prefremrc: name='android.permission.CAMERA' value=false
12-31 18:00:14.536   978   978 V NetDiscover_prefremrc: name='pref_wifip2p_remote_channel_change_works' value=false
12-31 18:00:14.536   978   978 V NetDiscover_prefremrc: name='pref_hardware_config_filename' value={"isDirty":false,"location":"LOCAL_STORAGE","name":"ServoCamera6Motor","resourceId":0}
12-31 18:00:14.537   978   978 V NetDiscover_prefremrc: name='pref_sound_on_off' value=false
12-31 18:00:14.537   978   978 V NetDiscover_prefremrc: name='pref_warn_about_mismatched_app_versions' value=true
12-31 18:00:14.537   978   978 V NetDiscover_prefremrc: name='pref_ftc_season_year_of_current_rc_new' value=2022
12-31 18:00:14.537   978   978 V NetDiscover_prefremrc: name='App Restrictions' value=AAAAAA==
12-31 18:00:14.537   978   978 V NetDiscover_prefremrc:     
12-31 18:00:14.537   978   978 V NetDiscover_prefremrc: name='pref_warn_about_incorrect_clocks' value=true
12-31 18:00:14.537   978   978 V NetDiscover_prefremrc: name='android.permission.ACCESS_COARSE_LOCATION' value=false
12-31 18:00:14.537   978   978 V NetDiscover_prefremrc: name='pref_ftc_season_year_of_current_rc' value=2022
12-31 18:00:14.537   978   978 V NetDiscover_prefremrc: name='pref_has_speaker' value=false
12-31 18:00:14.538   978   978 V NetDiscover_prefremrc: name='android.permission.WRITE_EXTERNAL_STORAGE' value=false
12-31 18:00:14.538   978   978 V NetDiscover_prefremrc: name='pref_connection_owner_password' value=password
12-31 18:00:14.538   978   978 V NetDiscover_prefremrc: name='pref_pairing_kind' value=RCWIRELESSAP
12-31 18:00:14.538   978   978 V NetDiscover_prefremrc: name='android.permission.ACCESS_FINE_LOCATION' value=false
12-31 18:00:14.538   978   978 V NetDiscover_prefremrc: name='pref_app_theme' value=red
12-31 18:00:14.538   978   978 V NetDiscover_prefremrc: name='pref_device_name_internal' value=FTC-eE8w
12-31 18:00:14.538   978   978 V NetDiscover_prefremrc: name='pref_device_name' value=FTC-eE8w
12-31 18:00:14.538   978   978 V NetDiscover_prefremrc: name='pref_warn_about_2_4_ghz_band' value=true
12-31 18:00:14.539   978   978 V NetDiscover_prefremrc: name='pref_device_name_tracking' value=WIFIAP
12-31 18:00:14.539   978   978 V NetDiscover_prefremrc: name='android.permission.READ_EXTERNAL_STORAGE' value=false
12-31 18:00:14.539   978   978 V NetDiscover_prefremrc: name='pref_rc_connected' value=true
12-31 18:00:14.544   978   978 V Robocol : SendOnceRunnable created
12-31 18:00:14.547   978   978 V NetDiscover_prefremrc: doStart()...
12-31 18:00:14.547   978   978 V NetDiscover_prefremrc: ...doStart()
12-31 18:00:14.589   978   978 W System  : ClassLoader referenced unknown path: /system/app/webview/lib/arm
12-31 18:00:14.591   978   978 D ApplicationLoaders: ignored Vulkan layer search path /system/app/webview/lib/arm:/system/app/webview/webview.apk!/lib/armeabi-v7a:/system/lib:/vendor/lib for namespace 0xeccbb090
12-31 18:00:14.594   978   978 I WebViewFactory: Loading com.android.webview version 52.0.2743.100 (code 275610050)
12-31 18:00:14.706   978   978 I cr_LibraryLoader: Time to load native libraries: 82 ms (timestamps 4623-4705)
12-31 18:00:14.706   978   978 I cr_LibraryLoader: Expected native library version number "52.0.2743.100", actual native library version number "52.0.2743.100"
12-31 18:00:14.728   978   978 V WebViewChromiumFactoryProvider: Binding Chromium to main looper Looper (main, tid 1) {e8dc9b9}
12-31 18:00:14.729   978   978 I cr_LibraryLoader: Expected native library version number "52.0.2743.100", actual native library version number "52.0.2743.100"
12-31 18:00:14.753   978   978 I chromium: [INFO:library_loader_hooks.cc(143)] Chromium logging enabled: level = 0, default verbosity = 0
12-31 18:00:14.772   978   978 I cr_BrowserStartup: Initializing chromium process, singleProcess=true
