01-13 11:31:14.721  8216  8492 I global  :  RENO - ObjectDetection.sleeveColorDetect(ObjectDetection.java:132): Sleeve max color = 176442.00, 181158.00, 179078.00
01-13 11:31:14.723  8216  8492 I global  :  RENO - ObjectDetection.sleeveColorDetect(ObjectDetection.java:151): Sleeve position: CENTER
01-13 11:31:14.755  8216  8492 I global  :  RENO - ObjectDetection.sleeveColorDetect(ObjectDetection.java:125): Start Opcv process to detect sleeve color.
01-13 11:31:14.757  8216  8492 I global  :  RENO - ObjectDetection.sleeveColorDetect(ObjectDetection.java:132): Sleeve max color = 176089.00, 181379.00, 179430.00
01-13 11:31:14.758  8216  8492 I global  :  RENO - ObjectDetection.sleeveColorDetect(ObjectDetection.java:151): Sleeve position: CENTER
01-13 11:31:14.788  8216  8492 I global  :  RENO - ObjectDetection.sleeveColorDetect(ObjectDetection.java:125): Start Opcv process to detect sleeve color.
01-13 11:31:14.789  8216  8492 I global  :  RENO - ObjectDetection.sleeveColorDetect(ObjectDetection.java:132): Sleeve max color = 176247.00, 181259.00, 179714.00
01-13 11:31:14.790  8216  8492 I global  :  RENO - ObjectDetection.sleeveColorDetect(ObjectDetection.java:151): Sleeve position: CENTER
01-13 11:31:14.821  8216  8492 I global  :  RENO - ObjectDetection.sleeveColorDetect(ObjectDetection.java:125): Start Opcv process to detect sleeve color.
01-13 11:31:14.823  8216  8492 I global  :  RENO - ObjectDetection.sleeveColorDetect(ObjectDetection.java:132): Sleeve max color = 176260.00, 181179.00, 180081.00
01-13 11:31:14.824  8216  8492 I global  :  RENO - ObjectDetection.sleeveColorDetect(ObjectDetection.java:151): Sleeve position: CENTER
01-13 11:31:14.856  8216  8492 I global  :  RENO - ObjectDetection.sleeveColorDetect(ObjectDetection.java:125): Start Opcv process to detect sleeve color.
01-13 11:31:14.857  8216  8492 I global  :  RENO - ObjectDetection.sleeveColorDetect(ObjectDetection.java:132): Sleeve max color = 175928.00, 181606.00, 179291.00
01-13 11:31:14.858  8216  8492 I global  :  RENO - ObjectDetection.sleeveColorDetect(ObjectDetection.java:151): Sleeve position: CENTER
01-13 11:31:14.888  8216  8492 I global  :  RENO - ObjectDetection.sleeveColorDetect(ObjectDetection.java:125): Start Opcv process to detect sleeve color.
01-13 11:31:14.889  8216  8492 I global  :  RENO - ObjectDetection.sleeveColorDetect(ObjectDetection.java:132): Sleeve max color = 175895.00, 181528.00, 179696.00
01-13 11:31:14.890  8216  8492 I global  :  RENO - ObjectDetection.sleeveColorDetect(ObjectDetection.java:151): Sleeve position: CENTER
01-13 11:31:14.920  8216  8492 I global  :  RENO - ObjectDetection.sleeveColorDetect(ObjectDetection.java:125): Start Opcv process to detect sleeve color.
01-13 11:31:14.922  8216  8492 I global  :  RENO - ObjectDetection.sleeveColorDetect(ObjectDetection.java:132): Sleeve max color = 176352.00, 181291.00, 179204.00
01-13 11:31:14.924  8216  8492 I global  :  RENO - ObjectDetection.sleeveColorDetect(ObjectDetection.java:151): Sleeve position: CENTER
01-13 11:31:14.956  8216  8492 I global  :  RENO - ObjectDetection.sleeveColorDetect(ObjectDetection.java:125): Start Opcv process to detect sleeve color.
01-13 11:31:14.958  8216  8492 I global  :  RENO - ObjectDetection.sleeveColorDetect(ObjectDetection.java:132): Sleeve max color = 176709.00, 180925.00, 180111.00
01-13 11:31:14.959  8216  8492 I global  :  RENO - ObjectDetection.sleeveColorDetect(ObjectDetection.java:151): Sleeve position: CENTER
01-13 11:31:14.988  8216  8492 I global  :  RENO - ObjectDetection.sleeveColorDetect(ObjectDetection.java:125): Start Opcv process to detect sleeve color.
01-13 11:31:14.990  8216  8492 I global  :  RENO - ObjectDetection.sleeveColorDetect(ObjectDetection.java:132): Sleeve max color = 176232.00, 181373.00, 179629.00
01-13 11:31:14.991  8216  8492 I global  :  RENO - ObjectDetection.sleeveColorDetect(ObjectDetection.java:151): Sleeve position: CENTER
01-13 11:31:15.020  8216  8492 I global  :  RENO - ObjectDetection.sleeveColorDetect(ObjectDetection.java:125): Start Opcv process to detect sleeve color.
01-13 11:31:15.022  8216  8492 I global  :  RENO - ObjectDetection.sleeveColorDetect(ObjectDetection.java:132): Sleeve max color = 176080.00, 181388.00, 179814.00
01-13 11:31:15.024  8216  8492 I global  :  RENO - ObjectDetection.sleeveColorDetect(ObjectDetection.java:151): Sleeve position: CENTER
01-13 11:31:15.058  8216  8492 I global  :  RENO - ObjectDetection.sleeveColorDetect(ObjectDetection.java:125): Start Opcv process to detect sleeve color.
01-13 11:31:15.061  8216  8492 I global  :  RENO - ObjectDetection.sleeveColorDetect(ObjectDetection.java:132): Sleeve max color = 176010.00, 181648.00, 179467.00
01-13 11:31:15.063  8216  8492 I global  :  RENO - ObjectDetection.sleeveColorDetect(ObjectDetection.java:151): Sleeve position: CENTER
01-13 11:31:15.092  8216  8492 I global  :  RENO - ObjectDetection.sleeveColorDetect(ObjectDetection.java:125): Start Opcv process to detect sleeve color.
01-13 11:31:15.094  8216  8492 I global  :  RENO - ObjectDetection.sleeveColorDetect(ObjectDetection.java:132): Sleeve max color = 176208.00, 181387.00, 180034.00
01-13 11:31:15.096  8216  8492 I global  :  RENO - ObjectDetection.sleeveColorDetect(ObjectDetection.java:151): Sleeve position: CENTER
01-13 11:31:15.125  8216  8492 I global  :  RENO - ObjectDetection.sleeveColorDetect(ObjectDetection.java:125): Start Opcv process to detect sleeve color.
01-13 11:31:15.127  8216  8492 I global  :  RENO - ObjectDetection.sleeveColorDetect(ObjectDetection.java:132): Sleeve max color = 175966.00, 181654.00, 179262.00
01-13 11:31:15.128  8216  8492 I global  :  RENO - ObjectDetection.sleeveColorDetect(ObjectDetection.java:151): Sleeve position: CENTER
01-13 11:31:15.158  8216  8492 I global  :  RENO - ObjectDetection.sleeveColorDetect(ObjectDetection.java:125): Start Opcv process to detect sleeve color.
01-13 11:31:15.160  8216  8492 I global  :  RENO - ObjectDetection.sleeveColorDetect(ObjectDetection.java:132): Sleeve max color = 176186.00, 181334.00, 179038.00
01-13 11:31:15.162  8216  8492 I global  :  RENO - ObjectDetection.sleeveColorDetect(ObjectDetection.java:151): Sleeve position: CENTER
01-13 11:31:15.189  8216  8492 I global  :  RENO - ObjectDetection.sleeveColorDetect(ObjectDetection.java:125): Start Opcv process to detect sleeve color.
01-13 11:31:15.191  8216  8492 I global  :  RENO - ObjectDetection.sleeveColorDetect(ObjectDetection.java:132): Sleeve max color = 175886.00, 181000.00, 178770.00
01-13 11:31:15.192  8216  8492 I global  :  RENO - ObjectDetection.sleeveColorDetect(ObjectDetection.java:151): Sleeve position: CENTER
01-13 11:31:15.220  8216  8492 I global  :  RENO - ObjectDetection.sleeveColorDetect(ObjectDetection.java:125): Start Opcv process to detect sleeve color.
01-13 11:31:15.222  8216  8492 I global  :  RENO - ObjectDetection.sleeveColorDetect(ObjectDetection.java:132): Sleeve max color = 175563.00, 180971.00, 178724.00
01-13 11:31:15.223  8216  8492 I global  :  RENO - ObjectDetection.sleeveColorDetect(ObjectDetection.java:151): Sleeve position: CENTER
01-13 11:31:15.256  8216  8492 I global  :  RENO - ObjectDetection.sleeveColorDetect(ObjectDetection.java:125): Start Opcv process to detect sleeve color.
01-13 11:31:15.257  8216  8492 I global  :  RENO - ObjectDetection.sleeveColorDetect(ObjectDetection.java:132): Sleeve max color = 176345.00, 180982.00, 179049.00
01-13 11:31:15.258  8216  8492 I global  :  RENO - ObjectDetection.sleeveColorDetect(ObjectDetection.java:151): Sleeve position: CENTER
01-13 11:31:15.288  8216  8492 I global  :  RENO - ObjectDetection.sleeveColorDetect(ObjectDetection.java:125): Start Opcv process to detect sleeve color.
01-13 11:31:15.289  8216  8492 I global  :  RENO - ObjectDetection.sleeveColorDetect(ObjectDetection.java:132): Sleeve max color = 176075.00, 181173.00, 179705.00
01-13 11:31:15.290  8216  8492 I global  :  RENO - ObjectDetection.sleeveColorDetect(ObjectDetection.java:151): Sleeve position: CENTER
01-13 11:31:15.320  8216  8492 I global  :  RENO - ObjectDetection.sleeveColorDetect(ObjectDetection.java:125): Start Opcv process to detect sleeve color.
01-13 11:31:15.321  8216  8492 I global  :  RENO - ObjectDetection.sleeveColorDetect(ObjectDetection.java:132): Sleeve max color = 175872.00, 181215.00, 179579.00
01-13 11:31:15.322  8216  8492 I global  :  RENO - ObjectDetection.sleeveColorDetect(ObjectDetection.java:151): Sleeve position: CENTER
01-13 11:31:15.356  8216  8492 I global  :  RENO - ObjectDetection.sleeveColorDetect(ObjectDetection.java:125): Start Opcv process to detect sleeve color.
01-13 11:31:15.357  8216  8492 I global  :  RENO - ObjectDetection.sleeveColorDetect(ObjectDetection.java:132): Sleeve max color = 175975.00, 181253.00, 179562.00
01-13 11:31:15.358  8216  8492 I global  :  RENO - ObjectDetection.sleeveColorDetect(ObjectDetection.java:151): Sleeve position: CENTER
01-13 11:31:15.387  8216  8492 I global  :  RENO - ObjectDetection.sleeveColorDetect(ObjectDetection.java:125): Start Opcv process to detect sleeve color.
01-13 11:31:15.389  8216  8492 I global  :  RENO - ObjectDetection.sleeveColorDetect(ObjectDetection.java:132): Sleeve max color = 175772.00, 181376.00, 179431.00
01-13 11:31:15.390  8216  8492 I global  :  RENO - ObjectDetection.sleeveColorDetect(ObjectDetection.java:151): Sleeve position: CENTER
01-13 11:31:15.419  8216  8492 I global  :  RENO - ObjectDetection.sleeveColorDetect(ObjectDetection.java:125): Start Opcv process to detect sleeve color.
01-13 11:31:15.421  8216  8492 I global  :  RENO - ObjectDetection.sleeveColorDetect(ObjectDetection.java:132): Sleeve max color = 176058.00, 181518.00, 179535.00
01-13 11:31:15.422  8216  8492 I global  :  RENO - ObjectDetection.sleeveColorDetect(ObjectDetection.java:151): Sleeve position: CENTER
01-13 11:31:15.455  8216  8492 I global  :  RENO - ObjectDetection.sleeveColorDetect(ObjectDetection.java:125): Start Opcv process to detect sleeve color.
01-13 11:31:15.457  8216  8492 I global  :  RENO - ObjectDetection.sleeveColorDetect(ObjectDetection.java:132): Sleeve max color = 175889.00, 181494.00, 178856.00
01-13 11:31:15.458  8216  8492 I global  :  RENO - ObjectDetection.sleeveColorDetect(ObjectDetection.java:151): Sleeve position: CENTER
01-13 11:31:15.488  8216  8492 I global  :  RENO - ObjectDetection.sleeveColorDetect(ObjectDetection.java:125): Start Opcv process to detect sleeve color.
01-13 11:31:15.489  8216  8492 I global  :  RENO - ObjectDetection.sleeveColorDetect(ObjectDetection.java:132): Sleeve max color = 176354.00, 181270.00, 179424.00
01-13 11:31:15.491  8216  8492 I global  :  RENO - ObjectDetection.sleeveColorDetect(ObjectDetection.java:151): Sleeve position: CENTER
01-13 11:31:15.520  8216  8492 I global  :  RENO - ObjectDetection.sleeveColorDetect(ObjectDetection.java:125): Start Opcv process to detect sleeve color.
01-13 11:31:15.522  8216  8492 I global  :  RENO - ObjectDetection.sleeveColorDetect(ObjectDetection.java:132): Sleeve max color = 176206.00, 181485.00, 179196.00
01-13 11:31:15.524  8216  8492 I global  :  RENO - ObjectDetection.sleeveColorDetect(ObjectDetection.java:151): Sleeve position: CENTER
01-13 11:31:15.556  8216  8492 I global  :  RENO - ObjectDetection.sleeveColorDetect(ObjectDetection.java:125): Start Opcv process to detect sleeve color.
01-13 11:31:15.558  8216  8492 I global  :  RENO - ObjectDetection.sleeveColorDetect(ObjectDetection.java:132): Sleeve max color = 175943.00, 181444.00, 179196.00
01-13 11:31:15.559  8216  8492 I global  :  RENO - ObjectDetection.sleeveColorDetect(ObjectDetection.java:151): Sleeve position: CENTER
01-13 11:31:15.588  8216  8492 I global  :  RENO - ObjectDetection.sleeveColorDetect(ObjectDetection.java:125): Start Opcv process to detect sleeve color.
01-13 11:31:15.589  8216  8492 I global  :  RENO - ObjectDetection.sleeveColorDetect(ObjectDetection.java:132): Sleeve max color = 175904.00, 181409.00, 179318.00
01-13 11:31:15.590  8216  8492 I global  :  RENO - ObjectDetection.sleeveColorDetect(ObjectDetection.java:151): Sleeve position: CENTER
01-13 11:31:15.619  8216  8492 I global  :  RENO - ObjectDetection.sleeveColorDetect(ObjectDetection.java:125): Start Opcv process to detect sleeve color.
01-13 11:31:15.621  8216  8492 I global  :  RENO - ObjectDetection.sleeveColorDetect(ObjectDetection.java:132): Sleeve max color = 175762.00, 181534.00, 179429.00
01-13 11:31:15.622  8216  8492 I global  :  RENO - ObjectDetection.sleeveColorDetect(ObjectDetection.java:151): Sleeve position: CENTER
01-13 11:31:15.656  8216  8492 I global  :  RENO - ObjectDetection.sleeveColorDetect(ObjectDetection.java:125): Start Opcv process to detect sleeve color.
01-13 11:31:15.657  8216  8492 I global  :  RENO - ObjectDetection.sleeveColorDetect(ObjectDetection.java:132): Sleeve max color = 176063.00, 181247.00, 179628.00
01-13 11:31:15.659  8216  8492 I global  :  RENO - ObjectDetection.sleeveColorDetect(ObjectDetection.java:151): Sleeve position: CENTER
01-13 11:31:15.691  8216  8492 I global  :  RENO - ObjectDetection.sleeveColorDetect(ObjectDetection.java:125): Start Opcv process to detect sleeve color.
01-13 11:31:15.696  8216  8492 I global  :  RENO - ObjectDetection.sleeveColorDetect(ObjectDetection.java:132): Sleeve max color = 175965.00, 181274.00, 179848.00
01-13 11:31:15.699  8216  8492 I global  :  RENO - ObjectDetection.sleeveColorDetect(ObjectDetection.java:151): Sleeve position: CENTER
01-13 11:31:15.723  8216  8492 I global  :  RENO - ObjectDetection.sleeveColorDetect(ObjectDetection.java:125): Start Opcv process to detect sleeve color.
01-13 11:31:15.724  8216  8492 I global  :  RENO - ObjectDetection.sleeveColorDetect(ObjectDetection.java:132): Sleeve max color = 176249.00, 181266.00, 179831.00
01-13 11:31:15.725  8216  8492 I global  :  RENO - ObjectDetection.sleeveColorDetect(ObjectDetection.java:151): Sleeve position: CENTER
01-13 11:31:15.755  8216  8492 I global  :  RENO - ObjectDetection.sleeveColorDetect(ObjectDetection.java:125): Start Opcv process to detect sleeve color.
01-13 11:31:15.758  8216  8492 I global  :  RENO - ObjectDetection.sleeveColorDetect(ObjectDetection.java:132): Sleeve max color = 175725.00, 181475.00, 179860.00
01-13 11:31:15.759  8216  8492 I global  :  RENO - ObjectDetection.sleeveColorDetect(ObjectDetection.java:151): Sleeve position: CENTER
01-13 11:31:15.788  8216  8492 I global  :  RENO - ObjectDetection.sleeveColorDetect(ObjectDetection.java:125): Start Opcv process to detect sleeve color.
01-13 11:31:15.789  8216  8492 I global  :  RENO - ObjectDetection.sleeveColorDetect(ObjectDetection.java:132): Sleeve max color = 176072.00, 181358.00, 179485.00
01-13 11:31:15.790  8216  8492 I global  :  RENO - ObjectDetection.sleeveColorDetect(ObjectDetection.java:151): Sleeve position: CENTER
01-13 11:31:15.820  8216  8492 I global  :  RENO - ObjectDetection.sleeveColorDetect(ObjectDetection.java:125): Start Opcv process to detect sleeve color.
01-13 11:31:15.821  8216  8492 I global  :  RENO - ObjectDetection.sleeveColorDetect(ObjectDetection.java:132): Sleeve max color = 176018.00, 181437.00, 179595.00
01-13 11:31:15.823  8216  8492 I global  :  RENO - ObjectDetection.sleeveColorDetect(ObjectDetection.java:151): Sleeve position: CENTER
01-13 11:31:15.856  8216  8492 I global  :  RENO - ObjectDetection.sleeveColorDetect(ObjectDetection.java:125): Start Opcv process to detect sleeve color.
01-13 11:31:15.857  8216  8492 I global  :  RENO - ObjectDetection.sleeveColorDetect(ObjectDetection.java:132): Sleeve max color = 175710.00, 181478.00, 179288.00
01-13 11:31:15.858  8216  8492 I global  :  RENO - ObjectDetection.sleeveColorDetect(ObjectDetection.java:151): Sleeve position: CENTER
01-13 11:31:15.890  8216  8492 I global  :  RENO - ObjectDetection.sleeveColorDetect(ObjectDetection.java:125): Start Opcv process to detect sleeve color.
01-13 11:31:15.892  8216  8492 I global  :  RENO - ObjectDetection.sleeveColorDetect(ObjectDetection.java:132): Sleeve max color = 176358.00, 181358.00, 178940.00
01-13 11:31:15.895  8216  8492 I global  :  RENO - ObjectDetection.sleeveColorDetect(ObjectDetection.java:151): Sleeve position: CENTER
01-13 11:31:15.924  8216  8492 I global  :  RENO - ObjectDetection.sleeveColorDetect(ObjectDetection.java:125): Start Opcv process to detect sleeve color.
01-13 11:31:15.926  8216  8492 I global  :  RENO - ObjectDetection.sleeveColorDetect(ObjectDetection.java:132): Sleeve max color = 176050.00, 181289.00, 179570.00
01-13 11:31:15.928  8216  8492 I global  :  RENO - ObjectDetection.sleeveColorDetect(ObjectDetection.java:151): Sleeve position: CENTER
01-13 11:31:15.956  8216  8492 I global  :  RENO - ObjectDetection.sleeveColorDetect(ObjectDetection.java:125): Start Opcv process to detect sleeve color.
01-13 11:31:15.958  8216  8492 I global  :  RENO - ObjectDetection.sleeveColorDetect(ObjectDetection.java:132): Sleeve max color = 175785.00, 181492.00, 179835.00
01-13 11:31:15.959  8216  8492 I global  :  RENO - ObjectDetection.sleeveColorDetect(ObjectDetection.java:151): Sleeve position: CENTER
01-13 11:31:15.989  8216  8492 I global  :  RENO - ObjectDetection.sleeveColorDetect(ObjectDetection.java:125): Start Opcv process to detect sleeve color.
01-13 11:31:15.991  8216  8492 I global  :  RENO - ObjectDetection.sleeveColorDetect(ObjectDetection.java:132): Sleeve max color = 175956.00, 181564.00, 179734.00
01-13 11:31:15.992  8216  8492 I global  :  RENO - ObjectDetection.sleeveColorDetect(ObjectDetection.java:151): Sleeve position: CENTER
01-13 11:31:16.019  8216  8492 I global  :  RENO - ObjectDetection.sleeveColorDetect(ObjectDetection.java:125): Start Opcv process to detect sleeve color.
01-13 11:31:16.021  8216  8492 I global  :  RENO - ObjectDetection.sleeveColorDetect(ObjectDetection.java:132): Sleeve max color = 176171.00, 181460.00, 179542.00
01-13 11:31:16.023  8216  8492 I global  :  RENO - ObjectDetection.sleeveColorDetect(ObjectDetection.java:151): Sleeve position: CENTER
01-13 11:31:16.056  8216  8492 I global  :  RENO - ObjectDetection.sleeveColorDetect(ObjectDetection.java:125): Start Opcv process to detect sleeve color.
01-13 11:31:16.057  8216  8492 I global  :  RENO - ObjectDetection.sleeveColorDetect(ObjectDetection.java:132): Sleeve max color = 176270.00, 181459.00, 179251.00
01-13 11:31:16.058  8216  8492 I global  :  RENO - ObjectDetection.sleeveColorDetect(ObjectDetection.java:151): Sleeve position: CENTER
01-13 11:31:16.088  8216  8492 I global  :  RENO - ObjectDetection.sleeveColorDetect(ObjectDetection.java:125): Start Opcv process to detect sleeve color.
01-13 11:31:16.089  8216  8492 I global  :  RENO - ObjectDetection.sleeveColorDetect(ObjectDetection.java:132): Sleeve max color = 176027.00, 181569.00, 179452.00
01-13 11:31:16.090  8216  8492 I global  :  RENO - ObjectDetection.sleeveColorDetect(ObjectDetection.java:151): Sleeve position: CENTER
01-13 11:31:16.120  8216  8492 I global  :  RENO - ObjectDetection.sleeveColorDetect(ObjectDetection.java:125): Start Opcv process to detect sleeve color.
01-13 11:31:16.122  8216  8492 I global  :  RENO - ObjectDetection.sleeveColorDetect(ObjectDetection.java:132): Sleeve max color = 175943.00, 181621.00, 179668.00
01-13 11:31:16.124  8216  8492 I global  :  RENO - ObjectDetection.sleeveColorDetect(ObjectDetection.java:151): Sleeve position: CENTER
01-13 11:31:16.156  8216  8492 I global  :  RENO - ObjectDetection.sleeveColorDetect(ObjectDetection.java:125): Start Opcv process to detect sleeve color.
01-13 11:31:16.158  8216  8492 I global  :  RENO - ObjectDetection.sleeveColorDetect(ObjectDetection.java:132): Sleeve max color = 175728.00, 181762.00, 179411.00
01-13 11:31:16.160  8216  8492 I global  :  RENO - ObjectDetection.sleeveColorDetect(ObjectDetection.java:151): Sleeve position: CENTER
01-13 11:31:16.188  8216  8492 I global  :  RENO - ObjectDetection.sleeveColorDetect(ObjectDetection.java:125): Start Opcv process to detect sleeve color.
01-13 11:31:16.189  8216  8492 I global  :  RENO - ObjectDetection.sleeveColorDetect(ObjectDetection.java:132): Sleeve max color = 175841.00, 181574.00, 179375.00
01-13 11:31:16.190  8216  8492 I global  :  RENO - ObjectDetection.sleeveColorDetect(ObjectDetection.java:151): Sleeve position: CENTER
01-13 11:31:16.220  8216  8492 I global  :  RENO - ObjectDetection.sleeveColorDetect(ObjectDetection.java:125): Start Opcv process to detect sleeve color.
01-13 11:31:16.221  8216  8492 I global  :  RENO - ObjectDetection.sleeveColorDetect(ObjectDetection.java:132): Sleeve max color = 176075.00, 181384.00, 179276.00
01-13 11:31:16.222  8216  8492 I global  :  RENO - ObjectDetection.sleeveColorDetect(ObjectDetection.java:151): Sleeve position: CENTER
01-13 11:31:16.256  8216  8492 I global  :  RENO - ObjectDetection.sleeveColorDetect(ObjectDetection.java:125): Start Opcv process to detect sleeve color.
01-13 11:31:16.258  8216  8492 I global  :  RENO - ObjectDetection.sleeveColorDetect(ObjectDetection.java:132): Sleeve max color = 176121.00, 181380.00, 179384.00
01-13 11:31:16.259  8216  8492 I global  :  RENO - ObjectDetection.sleeveColorDetect(ObjectDetection.java:151): Sleeve position: CENTER
01-13 11:31:16.288  8216  8492 I global  :  RENO - ObjectDetection.sleeveColorDetect(ObjectDetection.java:125): Start Opcv process to detect sleeve color.
01-13 11:31:16.290  8216  8492 I global  :  RENO - ObjectDetection.sleeveColorDetect(ObjectDetection.java:132): Sleeve max color = 175881.00, 181510.00, 179478.00
01-13 11:31:16.292  8216  8492 I global  :  RENO - ObjectDetection.sleeveColorDetect(ObjectDetection.java:151): Sleeve position: CENTER
01-13 11:31:16.320  8216  8492 I global  :  RENO - ObjectDetection.sleeveColorDetect(ObjectDetection.java:125): Start Opcv process to detect sleeve color.
01-13 11:31:16.321  8216  8492 I global  :  RENO - ObjectDetection.sleeveColorDetect(ObjectDetection.java:132): Sleeve max color = 175665.00, 181609.00, 179497.00
01-13 11:31:16.323  8216  8492 I global  :  RENO - ObjectDetection.sleeveColorDetect(ObjectDetection.java:151): Sleeve position: CENTER
01-13 11:31:16.356  8216  8492 I global  :  RENO - ObjectDetection.sleeveColorDetect(ObjectDetection.java:125): Start Opcv process to detect sleeve color.
01-13 11:31:16.357  8216  8492 I global  :  RENO - ObjectDetection.sleeveColorDetect(ObjectDetection.java:132): Sleeve max color = 175881.00, 181546.00, 179426.00
01-13 11:31:16.358  8216  8492 I global  :  RENO - ObjectDetection.sleeveColorDetect(ObjectDetection.java:151): Sleeve position: CENTER
01-13 11:31:16.388  8216  8492 I global  :  RENO - ObjectDetection.sleeveColorDetect(ObjectDetection.java:125): Start Opcv process to detect sleeve color.
01-13 11:31:16.389  8216  8492 I global  :  RENO - ObjectDetection.sleeveColorDetect(ObjectDetection.java:132): Sleeve max color = 175656.00, 181767.00, 179327.00
01-13 11:31:16.390  8216  8492 I global  :  RENO - ObjectDetection.sleeveColorDetect(ObjectDetection.java:151): Sleeve position: CENTER
01-13 11:31:16.421  8216  8492 I global  :  RENO - ObjectDetection.sleeveColorDetect(ObjectDetection.java:125): Start Opcv process to detect sleeve color.
01-13 11:31:16.422  8216  8492 I global  :  RENO - ObjectDetection.sleeveColorDetect(ObjectDetection.java:132): Sleeve max color = 176288.00, 181329.00, 179203.00
01-13 11:31:16.423  8216  8492 I global  :  RENO - ObjectDetection.sleeveColorDetect(ObjectDetection.java:151): Sleeve position: CENTER
01-13 11:31:16.456  8216  8492 I global  :  RENO - ObjectDetection.sleeveColorDetect(ObjectDetection.java:125): Start Opcv process to detect sleeve color.
01-13 11:31:16.458  8216  8492 I global  :  RENO - ObjectDetection.sleeveColorDetect(ObjectDetection.java:132): Sleeve max color = 175859.00, 181613.00, 179159.00
01-13 11:31:16.459  8216  8492 I global  :  RENO - ObjectDetection.sleeveColorDetect(ObjectDetection.java:151): Sleeve position: CENTER
01-13 11:31:16.488  8216  8492 I global  :  RENO - ObjectDetection.sleeveColorDetect(ObjectDetection.java:125): Start Opcv process to detect sleeve color.
01-13 11:31:16.490  8216  8492 I global  :  RENO - ObjectDetection.sleeveColorDetect(ObjectDetection.java:132): Sleeve max color = 176127.00, 181342.00, 180021.00
01-13 11:31:16.491  8216  8492 I global  :  RENO - ObjectDetection.sleeveColorDetect(ObjectDetection.java:151): Sleeve position: CENTER
01-13 11:31:16.520  8216  8492 I global  :  RENO - ObjectDetection.sleeveColorDetect(ObjectDetection.java:125): Start Opcv process to detect sleeve color.
01-13 11:31:16.521  8216  8492 I global  :  RENO - ObjectDetection.sleeveColorDetect(ObjectDetection.java:132): Sleeve max color = 175711.00, 181676.00, 179249.00
01-13 11:31:16.522  8216  8492 I global  :  RENO - ObjectDetection.sleeveColorDetect(ObjectDetection.java:151): Sleeve position: CENTER
01-13 11:31:16.556  8216  8492 I global  :  RENO - ObjectDetection.sleeveColorDetect(ObjectDetection.java:125): Start Opcv process to detect sleeve color.
01-13 11:31:16.557  8216  8492 I global  :  RENO - ObjectDetection.sleeveColorDetect(ObjectDetection.java:132): Sleeve max color = 176339.00, 181551.00, 179021.00
01-13 11:31:16.559  8216  8492 I global  :  RENO - ObjectDetection.sleeveColorDetect(ObjectDetection.java:151): Sleeve position: CENTER
01-13 11:31:16.589  8216  8492 I global  :  RENO - ObjectDetection.sleeveColorDetect(ObjectDetection.java:125): Start Opcv process to detect sleeve color.
01-13 11:31:16.590  8216  8492 I global  :  RENO - ObjectDetection.sleeveColorDetect(ObjectDetection.java:132): Sleeve max color = 176119.00, 181544.00, 179751.00
01-13 11:31:16.591  8216  8492 I global  :  RENO - ObjectDetection.sleeveColorDetect(ObjectDetection.java:151): Sleeve position: CENTER
01-13 11:31:16.619  8216  8492 I global  :  RENO - ObjectDetection.sleeveColorDetect(ObjectDetection.java:125): Start Opcv process to detect sleeve color.
01-13 11:31:16.621  8216  8492 I global  :  RENO - ObjectDetection.sleeveColorDetect(ObjectDetection.java:132): Sleeve max color = 175962.00, 181599.00, 179798.00
01-13 11:31:16.622  8216  8492 I global  :  RENO - ObjectDetection.sleeveColorDetect(ObjectDetection.java:151): Sleeve position: CENTER
01-13 11:31:16.655  8216  8492 I global  :  RENO - ObjectDetection.sleeveColorDetect(ObjectDetection.java:125): Start Opcv process to detect sleeve color.
01-13 11:31:16.657  8216  8492 I global  :  RENO - ObjectDetection.sleeveColorDetect(ObjectDetection.java:132): Sleeve max color = 176141.00, 181518.00, 179385.00
01-13 11:31:16.658  8216  8492 I global  :  RENO - ObjectDetection.sleeveColorDetect(ObjectDetection.java:151): Sleeve position: CENTER
01-13 11:31:16.687  8216  8492 I global  :  RENO - ObjectDetection.sleeveColorDetect(ObjectDetection.java:125): Start Opcv process to detect sleeve color.
01-13 11:31:16.689  8216  8492 I global  :  RENO - ObjectDetection.sleeveColorDetect(ObjectDetection.java:132): Sleeve max color = 175969.00, 181530.00, 179217.00
01-13 11:31:16.690  8216  8492 I global  :  RENO - ObjectDetection.sleeveColorDetect(ObjectDetection.java:151): Sleeve position: CENTER
01-13 11:31:16.719  8216  8492 I global  :  RENO - ObjectDetection.sleeveColorDetect(ObjectDetection.java:125): Start Opcv process to detect sleeve color.
01-13 11:31:16.721  8216  8492 I global  :  RENO - ObjectDetection.sleeveColorDetect(ObjectDetection.java:132): Sleeve max color = 175995.00, 181579.00, 179733.00
01-13 11:31:16.722  8216  8492 I global  :  RENO - ObjectDetection.sleeveColorDetect(ObjectDetection.java:151): Sleeve position: CENTER
01-13 11:31:16.755  8216  8492 I global  :  RENO - ObjectDetection.sleeveColorDetect(ObjectDetection.java:125): Start Opcv process to detect sleeve color.
01-13 11:31:16.757  8216  8492 I global  :  RENO - ObjectDetection.sleeveColorDetect(ObjectDetection.java:132): Sleeve max color = 176053.00, 181411.00, 179445.00
01-13 11:31:16.758  8216  8492 I global  :  RENO - ObjectDetection.sleeveColorDetect(ObjectDetection.java:151): Sleeve position: CENTER
01-13 11:31:16.788  8216  8492 I global  :  RENO - ObjectDetection.sleeveColorDetect(ObjectDetection.java:125): Start Opcv process to detect sleeve color.
01-13 11:31:16.790  8216  8492 I global  :  RENO - ObjectDetection.sleeveColorDetect(ObjectDetection.java:132): Sleeve max color = 176098.00, 181462.00, 179312.00
01-13 11:31:16.791  8216  8492 I global  :  RENO - ObjectDetection.sleeveColorDetect(ObjectDetection.java:151): Sleeve position: CENTER
01-13 11:31:16.819  8216  8492 I global  :  RENO - ObjectDetection.sleeveColorDetect(ObjectDetection.java:125): Start Opcv process to detect sleeve color.
01-13 11:31:16.821  8216  8492 I global  :  RENO - ObjectDetection.sleeveColorDetect(ObjectDetection.java:132): Sleeve max color = 176137.00, 181438.00, 179516.00
01-13 11:31:16.822  8216  8492 I global  :  RENO - ObjectDetection.sleeveColorDetect(ObjectDetection.java:151): Sleeve position: CENTER
01-13 11:31:16.855  8216  8492 I global  :  RENO - ObjectDetection.sleeveColorDetect(ObjectDetection.java:125): Start Opcv process to detect sleeve color.
01-13 11:31:16.857  8216  8492 I global  :  RENO - ObjectDetection.sleeveColorDetect(ObjectDetection.java:132): Sleeve max color = 176090.00, 181498.00, 179631.00
01-13 11:31:16.858  8216  8492 I global  :  RENO - ObjectDetection.sleeveColorDetect(ObjectDetection.java:151): Sleeve position: CENTER
01-13 11:31:16.888  8216  8492 I global  :  RENO - ObjectDetection.sleeveColorDetect(ObjectDetection.java:125): Start Opcv process to detect sleeve color.
01-13 11:31:16.889  8216  8492 I global  :  RENO - ObjectDetection.sleeveColorDetect(ObjectDetection.java:132): Sleeve max color = 176056.00, 181620.00, 179278.00
01-13 11:31:16.890  8216  8492 I global  :  RENO - ObjectDetection.sleeveColorDetect(ObjectDetection.java:151): Sleeve position: CENTER
01-13 11:31:16.920  8216  8492 I global  :  RENO - ObjectDetection.sleeveColorDetect(ObjectDetection.java:125): Start Opcv process to detect sleeve color.
01-13 11:31:16.921  8216  8492 I global  :  RENO - ObjectDetection.sleeveColorDetect(ObjectDetection.java:132): Sleeve max color = 176074.00, 181434.00, 179458.00
01-13 11:31:16.922  8216  8492 I global  :  RENO - ObjectDetection.sleeveColorDetect(ObjectDetection.java:151): Sleeve position: CENTER
01-13 11:31:16.956  8216  8492 I global  :  RENO - ObjectDetection.sleeveColorDetect(ObjectDetection.java:125): Start Opcv process to detect sleeve color.
01-13 11:31:16.957  8216  8492 I global  :  RENO - ObjectDetection.sleeveColorDetect(ObjectDetection.java:132): Sleeve max color = 176181.00, 181529.00, 179271.00
01-13 11:31:16.959  8216  8492 I global  :  RENO - ObjectDetection.sleeveColorDetect(ObjectDetection.java:151): Sleeve position: CENTER
01-13 11:31:16.987  8216  8492 I global  :  RENO - ObjectDetection.sleeveColorDetect(ObjectDetection.java:125): Start Opcv process to detect sleeve color.
01-13 11:31:16.989  8216  8492 I global  :  RENO - ObjectDetection.sleeveColorDetect(ObjectDetection.java:132): Sleeve max color = 175714.00, 181498.00, 179897.00
01-13 11:31:16.990  8216  8492 I global  :  RENO - ObjectDetection.sleeveColorDetect(ObjectDetection.java:151): Sleeve position: CENTER
01-13 11:31:17.019  8216  8492 I global  :  RENO - ObjectDetection.sleeveColorDetect(ObjectDetection.java:125): Start Opcv process to detect sleeve color.
01-13 11:31:17.021  8216  8492 I global  :  RENO - ObjectDetection.sleeveColorDetect(ObjectDetection.java:132): Sleeve max color = 176470.00, 181159.00, 180012.00
01-13 11:31:17.022  8216  8492 I global  :  RENO - ObjectDetection.sleeveColorDetect(ObjectDetection.java:151): Sleeve position: CENTER
01-13 11:31:17.037  8216  8324 V Robocol : received command: CMD_RUN_OP_MODE(11035) Autonomous_Right
01-13 11:31:17.051  8216  8489 I System.out: stopRecordingPipeline()
01-13 11:31:17.051  8216  8489 I System.out: ...stopRecordingPipeline()
01-13 11:31:17.052  8216  8327 V Robocol : sending CMD_NOTIFY_RUN_OP_MODE(1113), attempt: 0
01-13 11:31:17.053  8216  8489 D UsbResiliantWebcam|DelCaptureSession: stopCapture()...
01-13 11:31:17.053  8216  8489 D UsbResiliantWebcam|DelCaptureSequence: undoStreaming()...
01-13 11:31:17.054  8216  8489 D UvcApiCaptureSession: stopCapture()...
01-13 11:31:17.054  8216  8489 D Uvc     : [jni_streamhandle.cpp:184] Java_org_firstinspires_ftc_robotcore_internal_camera_libuvc_nativeobject_UvcStreamHandle_nativeStopStreaming()...
01-13 11:31:17.054  8216  8489 V Uvc     : API: Java_org_firstinspires_ftc_robotcore_internal_camera_libuvc_nativeobject_UvcStreamHandle_nativeStopStreaming: enter...
01-13 11:31:17.054  8216  8489 D Uvc     : [stream.cpp:1514] uvc_stream_stop()...
01-13 11:31:17.054  8216  8216 D OpenCvViewport: surfaceDestroyed()
01-13 11:31:17.054  8216  8216 D OpenCvViewport: CheckState(): lifecycle mandates deactivation regardless of user
01-13 11:31:17.054  8216  8216 D OpenCvViewport: CheckState(): deactivating viewport
01-13 11:31:17.055  8216  8491 W System.err: java.lang.InterruptedException
01-13 11:31:17.055  8216  8489 D UvcStream: [stream.cpp:1542] cancelling extant transfers
01-13 11:31:17.055  8216  8491 W System.err: 	at java.lang.Object.wait(Native Method)
01-13 11:31:17.055  8216  8491 W System.err: 	at org.firstinspires.ftc.robotcore.internal.collections.EvictingBlockingQueue.take(EvictingBlockingQueue.java:143)
01-13 11:31:17.055  8216  8491 W System.err: 	at org.openftc.easyopencv.OpenCvViewport$RenderThread.run(OpenCvViewport.java:554)
01-13 11:31:17.055  8216  8491 D OpenCvViewportRenderThread: About to exit
01-13 11:31:17.056  8216  8216 D OpenCvViewport: ...surfaceDestroyed()
01-13 11:31:17.093  8216  8489 D Uvc     : [stream.cpp:1471] (waitForAllTransfers(waiting for cancelled transfers))...
01-13 11:31:17.095  8216  8489 D UvcStream: [stream.cpp:1485] no extant active transfers: continuing
01-13 11:31:17.095  8216  8489 D Uvc     : [stream.cpp:1471] ...()
01-13 11:31:17.095  8216  8489 D Uvc     : [stream.cpp:1189] uvc_stream_handle::stopIsochronousStreaming()...
01-13 11:31:17.095  8216  8489 D Uvc     : [libuvc/libuvc_internal.h:825] uvc_device_handle::setInterfaceAltSetting(setInterfaceAltSetting(intf=1 alt=0))...
01-13 11:31:17.095  8216  8489 D UvcDevice: setInterfaceAltSetting(1,0)
01-13 11:31:17.096  8216  8489 D UvcDevice: setInterfaceAltSetting(1,0) succeeded
01-13 11:31:17.096  8216  8489 D Uvc     : [libuvc/libuvc_internal.h:825] ...uvc_device_handle::setInterfaceAltSetting() rc=0
01-13 11:31:17.096  8216  8489 D Uvc     : [stream.cpp:1189] ...uvc_stream_handle::stopIsochronousStreaming() rc=0
01-13 11:31:17.096  8216  8489 D UvcStream: [stream.cpp:1558] awakening user thread
01-13 11:31:17.096  8216  8489 D UvcStream: [stream.cpp:1567] waiting for user callback thread to finish
01-13 11:31:17.096  8216  8489 D Uvc     : [stream.cpp:1514] ...uvc_stream_stop() rc=0
01-13 11:31:17.096  8216  8492 D UvcStream: [stream.cpp:1329] user callback thread stopped
01-13 11:31:17.096  8216  8489 V Uvc     : API: Java_org_firstinspires_ftc_robotcore_internal_camera_libuvc_nativeobject_UvcStreamHandle_nativeStopStreaming: ...exit
01-13 11:31:17.096  8216  8489 D Uvc     : [jni_streamhandle.cpp:184] ...Java_org_firstinspires_ftc_robotcore_internal_camera_libuvc_nativeobject_UvcStreamHandle_nativeStopStreaming()
01-13 11:31:17.097  8216  8489 V UvcFrameCallback: destroy(hash=0x042c554d)
01-13 11:31:17.097  8216  8489 V UvcFrameCallbackData: destroy(pointer=0xcb806780)
01-13 11:31:17.097  8216  8489 V Uvc     : API: Java_org_firstinspires_ftc_robotcore_internal_camera_libuvc_nativeobject_UvcFrameCallback_nativeReleaseCallbackState: enter...
01-13 11:31:17.097  8216  8489 V Uvc     : API: Java_org_firstinspires_ftc_robotcore_internal_camera_libuvc_nativeobject_UvcFrameCallback_nativeReleaseCallbackState: ...exit
01-13 11:31:17.097  8216  8489 V UvcStreamHandle: destroy(pointer=0xd06259e0)
01-13 11:31:17.097  8216  8489 D Uvc     : [jni_streamhandle.cpp:184] Java_org_firstinspires_ftc_robotcore_internal_camera_libuvc_nativeobject_UvcStreamHandle_nativeStopStreaming()...
01-13 11:31:17.098  8216  8489 V Uvc     : API: Java_org_firstinspires_ftc_robotcore_internal_camera_libuvc_nativeobject_UvcStreamHandle_nativeStopStreaming: enter...
01-13 11:31:17.098  8216  8489 D Uvc     : [stream.cpp:1514] uvc_stream_stop()...
01-13 11:31:17.098  8216  8489 D Uvc     : [stream.cpp:1514] ...uvc_stream_stop() rc=0
01-13 11:31:17.098  8216  8489 V Uvc     : API: Java_org_firstinspires_ftc_robotcore_internal_camera_libuvc_nativeobject_UvcStreamHandle_nativeStopStreaming: ...exit
01-13 11:31:17.098  8216  8489 D Uvc     : [jni_streamhandle.cpp:184] ...Java_org_firstinspires_ftc_robotcore_internal_camera_libuvc_nativeobject_UvcStreamHandle_nativeStopStreaming()
01-13 11:31:17.098  8216  8489 D Uvc     : [jni_streamhandle.cpp:200] Java_org_firstinspires_ftc_robotcore_internal_camera_libuvc_nativeobject_UvcStreamHandle_nativeCloseStreamHandle()...
01-13 11:31:17.098  8216  8489 V Uvc     : API: Java_org_firstinspires_ftc_robotcore_internal_camera_libuvc_nativeobject_UvcStreamHandle_nativeCloseStreamHandle: enter...
01-13 11:31:17.098  8216  8489 D Uvc     : [stream.cpp:1584] uvc_stream_close()...
01-13 11:31:17.098  8216  8489 D Uvc     : [streamhandle.cpp:45] uvc_stream_handle::~uvc_stream_handle()...
01-13 11:31:17.098  8216  8489 D Uvc     : [streamhandle.cpp:66] uvc_stream_handle::releaseInterface()...
01-13 11:31:17.098  8216  8489 D Uvc     : [libuvc/libuvc_internal.h:793] uvc_device_handle::releaseInterface()...
01-13 11:31:17.098  8216  8489 D UvcDevice: releaseInterface(1)
01-13 11:31:17.099  8216  8489 D UvcDevice: releaseInterface(1) succeeded
01-13 11:31:17.099  8216  8489 D Uvc     : [libuvc/libuvc_internal.h:793] ...uvc_device_handle::releaseInterface() rc=0
01-13 11:31:17.099  8216  8489 D Uvc     : [streamhandle.cpp:66] ...uvc_stream_handle::releaseInterface()
01-13 11:31:17.099  8216  8489 D Uvc     : [streamhandle.cpp:45] ...uvc_stream_handle::~uvc_stream_handle()
01-13 11:31:17.099  8216  8489 D Uvc     : [stream.cpp:1584] ...uvc_stream_close()
01-13 11:31:17.099  8216  8489 V Uvc     : API: Java_org_firstinspires_ftc_robotcore_internal_camera_libuvc_nativeobject_UvcStreamHandle_nativeCloseStreamHandle: ...exit
01-13 11:31:17.099  8216  8489 D Uvc     : [jni_streamhandle.cpp:200] ...Java_org_firstinspires_ftc_robotcore_internal_camera_libuvc_nativeobject_UvcStreamHandle_nativeCloseStreamHandle()
01-13 11:31:17.100  8216  8385 D RobotCore: capture sequence DelegatingCaptureSequenceId(1) reports completed: lastFrame=358
01-13 11:31:17.101  8216  8489 V UvcApiCameraCaptureSequence: destroy(hash=0x0be7b877)
01-13 11:31:17.104  8216  8489 D UvcApiCaptureSession: ...stopCapture()
01-13 11:31:17.104  8216  8489 D UvcApiCaptureSession: doClose()...
01-13 11:31:17.105  8216  8489 D UvcApiCaptureSession: ...doClose()
01-13 11:31:17.105  8216  8489 D UsbResiliantWebcam|DelCaptureSequence: ...undoStreaming()
01-13 11:31:17.105  8216  8464 D UsbResiliantWebcam|DelCaptureSession: camera session is closed: Webcam(D5386480)
01-13 11:31:17.105  8216  8464 V UvcApiCaptureSession: destroy(hash=0x0537aa76)
01-13 11:31:17.106  8216  8464 D UvcApiCaptureSession: destructor...
01-13 11:31:17.106  8216  8464 D UvcApiCaptureSession: ...destructor
01-13 11:31:17.106  8216  8385 D RobotCore: capture sequence DelegatingCaptureSequenceId(1) reports completed: lastFrame=358
01-13 11:31:17.107  8216  8489 V UsbResiliantWebcam|DelCaptureSequence: destroy(hash=0x082e3911)
01-13 11:31:17.107  8216  8489 D UsbResiliantWebcam|DelCaptureSession: ...stopCapture()
01-13 11:31:17.107  8216  8489 D UsbResiliantWebcam|DelCaptureSession: doClose()...
01-13 11:31:17.109  8216  8489 D UsbResiliantWebcam|DelCaptureSession: ...doClose()
01-13 11:31:17.109  8216  8489 V UsbResiliantWebcam|DelCaptureSession: destroy(hash=0x005fc538)
01-13 11:31:17.109  8216  8489 D UsbResiliantWebcam|DelCaptureSession: destructor()...
01-13 11:31:17.110  8216  8489 D UsbResiliantWebcam|DelCaptureSession: ...destructor()
01-13 11:31:17.110  8216  8489 V CameraImpl: destroy(hash=0x0ec95daa)
01-13 11:31:17.111  8216  8489 D UsbResiliantWebcam: CameraImpl.destructor()...
01-13 11:31:17.111  8216  8489 D UsbResiliantWebcam: externalDestructor()...
01-13 11:31:17.112  8216  8489 V CameraImpl: destroy(hash=0x067e859e)
01-13 11:31:17.112  8216  8464 D CameraManager: camera reports closed: CameraImpl(UsbResiliantWebcam(Webcam(D5386480)))
01-13 11:31:17.113  8216  8489 D UvcDeviceHandle: CameraImpl.destructor()...
01-13 11:31:17.113  8216  8489 D UvcDeviceHandle: externalDestructor()...
01-13 11:31:17.118  8216  8489 D UsbResiliantWebcam: changeDelegatedCamera(CameraImpl(UvcDeviceHandle(pointer=0xcbc75590|UvcDevice(/dev/bus/usb/003/004)))->null)...
01-13 11:31:17.119  8216  8489 D CachingExposureControl: onCameraChanged(CameraImpl(UvcDeviceHandle(pointer=0xcbc75590|UvcDevice(/dev/bus/usb/003/004)))->null)...
01-13 11:31:17.119  8216  8489 D CachingExposureControl: ...onCameraChanged(CameraImpl(UvcDeviceHandle(pointer=0xcbc75590|UvcDevice(/dev/bus/usb/003/004)))->null)
01-13 11:31:17.120  8216  8489 D UsbResiliantWebcam: ...changeDelegatedCamera(CameraImpl(UvcDeviceHandle(pointer=0xcbc75590|UvcDevice(/dev/bus/usb/003/004)))->null)
01-13 11:31:17.121  8216  8489 D UvcDeviceHandle: ...externalDestructor()
01-13 11:31:17.122  8216  8489 V UvcDeviceHandle: destroy(pointer=0xcbc75590)
01-13 11:31:17.122  8216  8489 D UvcDeviceHandle: destructor...
01-13 11:31:17.122  8216  8489 D Uvc     : [jni_devicehandle.cpp:87] Java_org_firstinspires_ftc_robotcore_internal_camera_libuvc_nativeobject_UvcDeviceHandle_nativeReleaseRefDeviceHandle()...
01-13 11:31:17.122  8216  8489 V Uvc     : API: Java_org_firstinspires_ftc_robotcore_internal_camera_libuvc_nativeobject_UvcDeviceHandle_nativeReleaseRefDeviceHandle: enter...
01-13 11:31:17.122  8216  8489 D Uvc     : [libuvc/libuvc_internal.h:872] uvc_device_handle::~uvc_device_handle()...
01-13 11:31:17.122  8216  8489 D Uvc     : [libuvc/libuvc_internal.h:840] uvc_device_handle::deconstruct()...
01-13 11:31:17.122  8216  8489 D Uvc     : [libuvc/libuvc_internal.h:751] uvc_device_handle::stop()...
01-13 11:31:17.122  8216  8489 D Uvc     : [libuvc/libuvc_internal.h:751] ...uvc_device_handle::stop()
01-13 11:31:17.122  8216  8489 D Uvc     : [libuvc/libuvc_internal.h:865] uvc_device_handle::close()...
01-13 11:31:17.123  8216  8489 E libusb  : [69.480783] [00002129] libusb: error [do_close] Device handle closed while transfer was still being processed, but the device is still connected as far as we know
01-13 11:31:17.123  8216  8489 E libusb  : [69.481449] [00002129] libusb: error [do_close] A cancellation hasn't even been scheduled on the transfer for which the device is closing
01-13 11:31:17.124  8216  8489 D Uvc     : [libuvc/libuvc_internal.h:865] ...uvc_device_handle::close()
01-13 11:31:17.124  8216  8489 D Uvc     : [libuvc/libuvc_internal.h:840] ...uvc_device_handle::deconstruct()
01-13 11:31:17.124  8216  8489 D Uvc     : [device.cpp:433] uvc_free_device_info()...
01-13 11:31:17.124  8216  8489 D Uvc     : [device.cpp:433] ...uvc_free_device_info()
01-13 11:31:17.124  8216  8489 D Uvc     : [libuvc/libuvc_internal.h:872] ...uvc_device_handle::~uvc_device_handle()
01-13 11:31:17.124  8216  8489 V Uvc     : API: Java_org_firstinspires_ftc_robotcore_internal_camera_libuvc_nativeobject_UvcDeviceHandle_nativeReleaseRefDeviceHandle: ...exit
01-13 11:31:17.124  8216  8489 D Uvc     : [jni_devicehandle.cpp:87] ...Java_org_firstinspires_ftc_robotcore_internal_camera_libuvc_nativeobject_UvcDeviceHandle_nativeReleaseRefDeviceHandle()
01-13 11:31:17.125  8216  8489 V UvcDevice: destroy(pointer=0xcbd9ffd0|/dev/bus/usb/003/004)
01-13 11:31:17.125  8216  8489 D UsbDeviceConnectionJNI: close
01-13 11:31:17.125  8216  8489 D Uvc     : [jni_device.cpp:126] Java_org_firstinspires_ftc_robotcore_internal_camera_libuvc_nativeobject_UvcDevice_nativeReleaseRefDevice()...
01-13 11:31:17.126  8216  8489 V Uvc     : API: Java_org_firstinspires_ftc_robotcore_internal_camera_libuvc_nativeobject_UvcDevice_nativeReleaseRefDevice: enter...
01-13 11:31:17.126  8216  8489 D Uvc     : [device.cpp:882] uvc_unref_device()...
01-13 11:31:17.128  8216  8489 D Uvc     : [device.cpp:882] ...uvc_unref_device()
01-13 11:31:17.128  8216  8489 V Uvc     : API: Java_org_firstinspires_ftc_robotcore_internal_camera_libuvc_nativeobject_UvcDevice_nativeReleaseRefDevice: ...exit
01-13 11:31:17.128  8216  8489 D Uvc     : [jni_device.cpp:126] ...Java_org_firstinspires_ftc_robotcore_internal_camera_libuvc_nativeobject_UvcDevice_nativeReleaseRefDevice()
01-13 11:31:17.129  8216  8489 V LibUsbDevice: destroy(pointer=0xd062f380)
01-13 11:31:17.129  8216  8489 D Uvc     : [jni_libusb_device.cpp:64] Java_org_firstinspires_ftc_robotcore_internal_camera_libuvc_nativeobject_LibUsbDevice_nativeReleaseRefDevice()...
01-13 11:31:17.129  8216  8489 D Uvc     : [jni_libusb_device.cpp:64] ...Java_org_firstinspires_ftc_robotcore_internal_camera_libuvc_nativeobject_LibUsbDevice_nativeReleaseRefDevice()
01-13 11:31:17.129  8216  8489 D UvcDeviceHandle: ...destructor
01-13 11:31:17.129  8216  8489 D UvcDeviceHandle: ...CameraImpl.destructor()
01-13 11:31:17.129  8216  8489 D UsbResiliantWebcam: ...externalDestructor()
01-13 11:31:17.130  8216  8489 V UsbResiliantWebcam: destroy(hash=0x07ddd220)
01-13 11:31:17.130  8216  8489 D UsbResiliantWebcam: destructor()...
01-13 11:31:17.130  8216  8489 D UsbResiliantWebcam: ...destructor()
01-13 11:31:17.131  8216  8489 D UsbResiliantWebcam: ...CameraImpl.destructor()
01-13 11:31:17.199  8216  8489 I global  :  RENO - ChassisWith4Motors.setPowerWithPIDControl(ChassisWith4Motors.java:549): tDistance = 57.00, currLocation = 0.00
01-13 11:31:17.200  8216  8489 I global  :  RENO - ChassisWith4Motors.setPowerWithPIDControl(ChassisWith4Motors.java:550): rampUpPower = 0.40, rampDownPower = 0.88
01-13 11:31:17.207  8216  8489 I global  :  RENO - ChassisWith4Motors.setPowerWithPIDControl(ChassisWith4Motors.java:555): power = 0.40, correction = -0.00, global angle = 0.029, last angle = -0.03
01-13 11:31:17.221  8216  8489 I global  :  RENO - ChassisWith4Motors.setPowerWithPIDControl(ChassisWith4Motors.java:549): tDistance = 57.00, currLocation = 0.00
01-13 11:31:17.222  8216  8489 I global  :  RENO - ChassisWith4Motors.setPowerWithPIDControl(ChassisWith4Motors.java:550): rampUpPower = 0.40, rampDownPower = 0.88
01-13 11:31:17.230  8216  8489 I global  :  RENO - ChassisWith4Motors.setPowerWithPIDControl(ChassisWith4Motors.java:555): power = 0.40, correction = -0.00, global angle = 0.030, last angle = -0.03
01-13 11:31:17.240  8216  8489 I global  :  RENO - ChassisWith4Motors.setPowerWithPIDControl(ChassisWith4Motors.java:549): tDistance = 57.00, currLocation = 0.00
01-13 11:31:17.241  8216  8489 I global  :  RENO - ChassisWith4Motors.setPowerWithPIDControl(ChassisWith4Motors.java:550): rampUpPower = 0.40, rampDownPower = 0.88
01-13 11:31:17.248  8216  8489 I global  :  RENO - ChassisWith4Motors.setPowerWithPIDControl(ChassisWith4Motors.java:555): power = 0.40, correction = -0.00, global angle = 0.066, last angle = 0.01
01-13 11:31:17.263  8216  8489 I global  :  RENO - ChassisWith4Motors.setPowerWithPIDControl(ChassisWith4Motors.java:549): tDistance = 57.00, currLocation = 0.15
01-13 11:31:17.264  8216  8489 I global  :  RENO - ChassisWith4Motors.setPowerWithPIDControl(ChassisWith4Motors.java:550): rampUpPower = 0.41, rampDownPower = 0.88
01-13 11:31:17.270  8216  8489 I global  :  RENO - ChassisWith4Motors.setPowerWithPIDControl(ChassisWith4Motors.java:555): power = 0.41, correction = -0.00, global angle = 0.081, last angle = 0.02
01-13 11:31:17.286  8216  8489 I global  :  RENO - ChassisWith4Motors.setPowerWithPIDControl(ChassisWith4Motors.java:549): tDistance = 57.00, currLocation = 0.32
01-13 11:31:17.287  8216  8489 I global  :  RENO - ChassisWith4Motors.setPowerWithPIDControl(ChassisWith4Motors.java:550): rampUpPower = 0.42, rampDownPower = 0.88
01-13 11:31:17.294  8216  8489 I global  :  RENO - ChassisWith4Motors.setPowerWithPIDControl(ChassisWith4Motors.java:555): power = 0.42, correction = -0.01, global angle = 0.270, last angle = 0.21
01-13 11:31:17.307  8216  8489 I global  :  RENO - ChassisWith4Motors.setPowerWithPIDControl(ChassisWith4Motors.java:549): tDistance = 57.00, currLocation = 0.49
01-13 11:31:17.308  8216  8489 I global  :  RENO - ChassisWith4Motors.setPowerWithPIDControl(ChassisWith4Motors.java:550): rampUpPower = 0.42, rampDownPower = 0.88
01-13 11:31:17.314  8216  8489 I global  :  RENO - ChassisWith4Motors.setPowerWithPIDControl(ChassisWith4Motors.java:555): power = 0.42, correction = -0.01, global angle = 0.278, last angle = 0.22
01-13 11:31:17.328  8216  8489 I global  :  RENO - ChassisWith4Motors.setPowerWithPIDControl(ChassisWith4Motors.java:549): tDistance = 57.00, currLocation = 0.65
01-13 11:31:17.329  8216  8489 I global  :  RENO - ChassisWith4Motors.setPowerWithPIDControl(ChassisWith4Motors.java:550): rampUpPower = 0.43, rampDownPower = 0.88
01-13 11:31:17.335  8216  8489 I global  :  RENO - ChassisWith4Motors.setPowerWithPIDControl(ChassisWith4Motors.java:555): power = 0.43, correction = -0.01, global angle = 0.197, last angle = 0.14
01-13 11:31:17.348  8216  8489 I global  :  RENO - ChassisWith4Motors.setPowerWithPIDControl(ChassisWith4Motors.java:549): tDistance = 57.00, currLocation = 0.86
01-13 11:31:17.350  8216  8489 I global  :  RENO - ChassisWith4Motors.setPowerWithPIDControl(ChassisWith4Motors.java:550): rampUpPower = 0.44, rampDownPower = 0.88
01-13 11:31:17.356  8216  8489 I global  :  RENO - ChassisWith4Motors.setPowerWithPIDControl(ChassisWith4Motors.java:555): power = 0.44, correction = -0.01, global angle = 0.182, last angle = 0.12
01-13 11:31:17.371  8216  8489 I global  :  RENO - ChassisWith4Motors.setPowerWithPIDControl(ChassisWith4Motors.java:549): tDistance = 57.00, currLocation = 1.13
