12-24 15:29:37.294   974  1308 I global  :  RENO - ChassisWith4Motors.setPowerWithPIDControl(ChassisWith4Motors.java:532): tDistance = -37.50, currLocation = 0.00
12-24 15:29:37.295   974  1308 I global  :  RENO - ChassisWith4Motors.setPowerWithPIDControl(ChassisWith4Motors.java:533): rampUpPower = 0.35, rampDownPower = 0.88
12-24 15:29:37.297   974  1308 I global  :  RENO - ChassisWith4Motors.setPowerWithPIDControl(ChassisWith4Motors.java:539): power = 0.35, correction = -0.02, global angle = 0.563, last angle = -0.00
12-24 15:29:37.299   974  1308 I global  :  RENO - ChassisWith4Motors.setPowerWithPIDControl(ChassisWith4Motors.java:532): tDistance = -37.50, currLocation = 0.00
12-24 15:29:37.300   974  1308 I global  :  RENO - ChassisWith4Motors.setPowerWithPIDControl(ChassisWith4Motors.java:533): rampUpPower = 0.35, rampDownPower = 0.88
12-24 15:29:37.301   974  1308 I global  :  RENO - ChassisWith4Motors.setPowerWithPIDControl(ChassisWith4Motors.java:539): power = 0.35, correction = -0.02, global angle = 0.563, last angle = -0.00
12-24 15:29:37.304   974  1308 I global  :  RENO - ChassisWith4Motors.setPowerWithPIDControl(ChassisWith4Motors.java:532): tDistance = -37.50, currLocation = 0.00
12-24 15:29:37.305   974  1308 I global  :  RENO - ChassisWith4Motors.setPowerWithPIDControl(ChassisWith4Motors.java:533): rampUpPower = 0.35, rampDownPower = 0.88
12-24 15:29:37.306   974  1308 I global  :  RENO - ChassisWith4Motors.setPowerWithPIDControl(ChassisWith4Motors.java:539): power = 0.35, correction = -0.02, global angle = 0.563, last angle = -0.00
12-24 15:29:37.308   974  1308 I global  :  RENO - ChassisWith4Motors.setPowerWithPIDControl(ChassisWith4Motors.java:532): tDistance = -37.50, currLocation = 0.00
12-24 15:29:37.309   974  1308 I global  :  RENO - ChassisWith4Motors.setPowerWithPIDControl(ChassisWith4Motors.java:533): rampUpPower = 0.35, rampDownPower = 0.88
12-24 15:29:37.311   974  1308 I global  :  RENO - ChassisWith4Motors.setPowerWithPIDControl(ChassisWith4Motors.java:539): power = 0.35, correction = -0.02, global angle = 0.563, last angle = -0.00
12-24 15:29:37.313   974  1308 I global  :  RENO - ChassisWith4Motors.setPowerWithPIDControl(ChassisWith4Motors.java:532): tDistance = -37.50, currLocation = 0.00
12-24 15:29:37.314   974  1308 I global  :  RENO - ChassisWith4Motors.setPowerWithPIDControl(ChassisWith4Motors.java:533): rampUpPower = 0.35, rampDownPower = 0.88
12-24 15:29:37.315   974  1308 I global  :  RENO - ChassisWith4Motors.setPowerWithPIDControl(ChassisWith4Motors.java:539): power = 0.35, correction = -0.02, global angle = 0.563, last angle = -0.00
12-24 15:29:37.318   974  1308 I global  :  RENO - ChassisWith4Motors.setPowerWithPIDControl(ChassisWith4Motors.java:532): tDistance = -37.50, currLocation = 0.00
12-24 15:29:37.319   974  1308 I global  :  RENO - ChassisWith4Motors.setPowerWithPIDControl(ChassisWith4Motors.java:533): rampUpPower = 0.35, rampDownPower = 0.88
12-24 15:29:37.321   974  1308 I global  :  RENO - ChassisWith4Motors.setPowerWithPIDControl(ChassisWith4Motors.java:539): power = 0.35, correction = -0.02, global angle = 0.563, last angle = -0.00
12-24 15:29:37.323   974  1308 I global  :  RENO - ChassisWith4Motors.setPowerWithPIDControl(ChassisWith4Motors.java:532): tDistance = -37.50, currLocation = 0.00
12-24 15:29:37.324   974  1308 I global  :  RENO - ChassisWith4Motors.setPowerWithPIDControl(ChassisWith4Motors.java:533): rampUpPower = 0.35, rampDownPower = 0.88
12-24 15:29:37.325   974  1308 I global  :  RENO - ChassisWith4Motors.setPowerWithPIDControl(ChassisWith4Motors.java:539): power = 0.35, correction = -0.02, global angle = 0.563, last angle = -0.00
12-24 15:29:37.328   974  1308 I global  :  RENO - ChassisWith4Motors.setPowerWithPIDControl(ChassisWith4Motors.java:532): tDistance = -37.50, currLocation = 0.00
12-24 15:29:37.329   974  1308 I global  :  RENO - ChassisWith4Motors.setPowerWithPIDControl(ChassisWith4Motors.java:533): rampUpPower = 0.35, rampDownPower = 0.88
12-24 15:29:37.330   974  1308 I global  :  RENO - ChassisWith4Motors.setPowerWithPIDControl(ChassisWith4Motors.java:539): power = 0.35, correction = -0.02, global angle = 0.563, last angle = -0.00
12-24 15:29:37.332   974  1308 I global  :  RENO - ChassisWith4Motors.setPowerWithPIDControl(ChassisWith4Motors.java:532): tDistance = -37.50, currLocation = 0.00
12-24 15:29:37.333   974  1308 I global  :  RENO - ChassisWith4Motors.setPowerWithPIDControl(ChassisWith4Motors.java:533): rampUpPower = 0.35, rampDownPower = 0.88
12-24 15:29:37.335   974  1308 I global  :  RENO - ChassisWith4Motors.setPowerWithPIDControl(ChassisWith4Motors.java:539): power = 0.35, correction = -0.02, global angle = 0.563, last angle = -0.00
12-24 15:29:37.337   974  1308 I global  :  RENO - ChassisWith4Motors.setPowerWithPIDControl(ChassisWith4Motors.java:532): tDistance = -37.50, currLocation = 0.00
12-24 15:29:37.338   974  1308 I global  :  RENO - ChassisWith4Motors.setPowerWithPIDControl(ChassisWith4Motors.java:533): rampUpPower = 0.35, rampDownPower = 0.88
12-24 15:29:37.339   974  1308 I global  :  RENO - ChassisWith4Motors.setPowerWithPIDControl(ChassisWith4Motors.java:539): power = 0.35, correction = -0.02, global angle = 0.563, last angle = -0.00
12-24 15:29:37.342   974  1308 I global  :  RENO - ChassisWith4Motors.setPowerWithPIDControl(ChassisWith4Motors.java:532): tDistance = -37.50, currLocation = 0.00
12-24 15:29:37.343   974  1308 I global  :  RENO - ChassisWith4Motors.setPowerWithPIDControl(ChassisWith4Motors.java:533): rampUpPower = 0.35, rampDownPower = 0.88
12-24 15:29:37.344   974  1308 I global  :  RENO - ChassisWith4Motors.setPowerWithPIDControl(ChassisWith4Motors.java:539): power = 0.35, correction = -0.02, global angle = 0.563, last angle = -0.00
12-24 15:29:37.347   974  1308 I global  :  RENO - ChassisWith4Motors.setPowerWithPIDControl(ChassisWith4Motors.java:532): tDistance = -37.50, currLocation = 0.00
12-24 15:29:37.348   974  1308 I global  :  RENO - ChassisWith4Motors.setPowerWithPIDControl(ChassisWith4Motors.java:533): rampUpPower = 0.35, rampDownPower = 0.88
12-24 15:29:37.349   974  1308 I global  :  RENO - ChassisWith4Motors.setPowerWithPIDControl(ChassisWith4Motors.java:539): power = 0.35, correction = -0.02, global angle = 0.563, last angle = -0.00
12-24 15:29:37.351   974  1308 I global  :  RENO - ChassisWith4Motors.setPowerWithPIDControl(ChassisWith4Motors.java:532): tDistance = -37.50, currLocation = 0.00
12-24 15:29:37.352   974  1308 I global  :  RENO - ChassisWith4Motors.setPowerWithPIDControl(ChassisWith4Motors.java:533): rampUpPower = 0.35, rampDownPower = 0.88
12-24 15:29:37.354   974  1308 I global  :  RENO - ChassisWith4Motors.setPowerWithPIDControl(ChassisWith4Motors.java:539): power = 0.35, correction = -0.02, global angle = 0.563, last angle = -0.00
12-24 15:29:37.356   974  1308 I global  :  RENO - ChassisWith4Motors.setPowerWithPIDControl(ChassisWith4Motors.java:532): tDistance = -37.50, currLocation = 0.00
12-24 15:29:37.357   974  1308 I global  :  RENO - ChassisWith4Motors.setPowerWithPIDControl(ChassisWith4Motors.java:533): rampUpPower = 0.35, rampDownPower = 0.88
12-24 15:29:37.358   974  1308 I global  :  RENO - ChassisWith4Motors.setPowerWithPIDControl(ChassisWith4Motors.java:539): power = 0.35, correction = -0.02, global angle = 0.563, last angle = -0.00
12-24 15:29:37.361   974  1308 I global  :  RENO - ChassisWith4Motors.setPowerWithPIDControl(ChassisWith4Motors.java:532): tDistance = -37.50, currLocation = 0.00
12-24 15:29:37.361   974  1308 I global  :  RENO - ChassisWith4Motors.setPowerWithPIDControl(ChassisWith4Motors.java:533): rampUpPower = 0.35, rampDownPower = 0.88
12-24 15:29:37.363   974  1308 I global  :  RENO - ChassisWith4Motors.setPowerWithPIDControl(ChassisWith4Motors.java:539): power = 0.35, correction = -0.02, global angle = 0.563, last angle = -0.00
12-24 15:29:37.365   974  1308 I global  :  RENO - ChassisWith4Motors.setPowerWithPIDControl(ChassisWith4Motors.java:532): tDistance = -37.50, currLocation = 0.00
12-24 15:29:37.366   974  1308 I global  :  RENO - ChassisWith4Motors.setPowerWithPIDControl(ChassisWith4Motors.java:533): rampUpPower = 0.35, rampDownPower = 0.88
12-24 15:29:37.367   974  1308 I global  :  RENO - ChassisWith4Motors.setPowerWithPIDControl(ChassisWith4Motors.java:539): power = 0.35, correction = -0.02, global angle = 0.563, last angle = -0.00
12-24 15:29:37.370   974  1308 I global  :  RENO - ChassisWith4Motors.setPowerWithPIDControl(ChassisWith4Motors.java:532): tDistance = -37.50, currLocation = 0.00
12-24 15:29:37.371   974  1308 I global  :  RENO - ChassisWith4Motors.setPowerWithPIDControl(ChassisWith4Motors.java:533): rampUpPower = 0.35, rampDownPower = 0.88
12-24 15:29:37.372   974  1308 I global  :  RENO - ChassisWith4Motors.setPowerWithPIDControl(ChassisWith4Motors.java:539): power = 0.35, correction = -0.02, global angle = 0.563, last angle = -0.00
12-24 15:29:37.375   974  1308 I global  :  RENO - ChassisWith4Motors.setPowerWithPIDControl(ChassisWith4Motors.java:532): tDistance = -37.50, currLocation = 0.00
12-24 15:29:37.375   974  1308 I global  :  RENO - ChassisWith4Motors.setPowerWithPIDControl(ChassisWith4Motors.java:533): rampUpPower = 0.35, rampDownPower = 0.88
12-24 15:29:37.377   974  1308 I global  :  RENO - ChassisWith4Motors.setPowerWithPIDControl(ChassisWith4Motors.java:539): power = 0.35, correction = -0.02, global angle = 0.563, last angle = -0.00
12-24 15:29:37.379   974  1308 I global  :  RENO - ChassisWith4Motors.setPowerWithPIDControl(ChassisWith4Motors.java:532): tDistance = -37.50, currLocation = 0.00
12-24 15:29:37.380   974  1308 I global  :  RENO - ChassisWith4Motors.setPowerWithPIDControl(ChassisWith4Motors.java:533): rampUpPower = 0.35, rampDownPower = 0.88
12-24 15:29:37.381   974  1308 I global  :  RENO - ChassisWith4Motors.setPowerWithPIDControl(ChassisWith4Motors.java:539): power = 0.35, correction = -0.02, global angle = 0.563, last angle = -0.00
12-24 15:29:37.384   974  1308 I global  :  RENO - ChassisWith4Motors.setPowerWithPIDControl(ChassisWith4Motors.java:532): tDistance = -37.50, currLocation = 0.00
12-24 15:29:37.385   974  1308 I global  :  RENO - ChassisWith4Motors.setPowerWithPIDControl(ChassisWith4Motors.java:533): rampUpPower = 0.35, rampDownPower = 0.88
12-24 15:29:37.386   974  1308 I global  :  RENO - ChassisWith4Motors.setPowerWithPIDControl(ChassisWith4Motors.java:539): power = 0.35, correction = -0.02, global angle = 0.563, last angle = -0.00
12-24 15:29:37.389   974  1308 I global  :  RENO - ChassisWith4Motors.setPowerWithPIDControl(ChassisWith4Motors.java:532): tDistance = -37.50, currLocation = 0.00
12-24 15:29:37.390   974  1308 I global  :  RENO - ChassisWith4Motors.setPowerWithPIDControl(ChassisWith4Motors.java:533): rampUpPower = 0.35, rampDownPower = 0.88
12-24 15:29:37.390   974  1308 V RobotCore: thread: ...terminating 'OpModeThread'
12-24 15:29:37.462   974  1191 I RobotCore: Attempting to switch to op mode $Stop$Robot$
12-24 15:29:37.463   974  1191 D HardwareMap: Clearing which device instances have been retrieved
12-24 15:29:37.463   974  1191 D HardwareMap: Clearing which device instances have been retrieved
12-24 15:29:37.466   974  1351 V RobotCore: thread: 'OpModeThread' starting...
12-24 15:29:37.467   974  1351 E RobotCore: lynx xmit lock: #### abandoning lock: old=LynxI2cReadStatusQueryCommand(131)
12-24 15:29:37.467   974  1351 E RobotCore: lynx xmit lock:                       new=LynxGetMotorChannelModeCommand(0)
12-24 15:29:37.472   974  1170 V Robocol : sending CMD_SHOW_DIALOG(826), attempt: 0
12-24 15:29:37.473   974  1170 V Robocol : sending CMD_STREAM_CHANGE(827), attempt: 0
12-24 15:29:37.474   974  1170 V Robocol : sending CMD_NOTIFY_INIT_OP_MODE(832), attempt: 0
12-24 15:29:37.533   974   974 V AppUtil : dialog shown: uuid=e6313795-aa64-446a-abc9-93271bb16180
12-24 15:29:37.590   974  1167 V Robocol : received command: CMD_RUN_OP_MODE(10768) $Stop$Robot$
12-24 15:29:37.632   974  1170 V Robocol : sending CMD_NOTIFY_RUN_OP_MODE(841), attempt: 0
12-24 15:29:40.766   974  1167 V Robocol : received command: CMD_DISMISS_DIALOG(10815) {"uuidString":"e6313795-aa64-446a-abc9-93271bb16180"}
12-24 15:29:40.805   974   974 V AppUtil : dialog dismissed: uuid=e6313795-aa64-446a-abc9-93271bb16180
12-24 15:30:15.114   974  1127 V FtcWebSocket: Opening websocket (ip=192.168.43.107/192.168.43.107 port=8081)
12-24 15:30:15.121   974  1127 V WebSocketManager: Subscribed websocket (ip=192.168.43.107/192.168.43.107 port=8081) to namespace (ControlHubUpdater)
12-24 15:30:15.123   974  1127 V WebSocketManager: Subscribed websocket (ip=192.168.43.107/192.168.43.107 port=8081) to namespace (progress)
12-24 15:30:15.124   974  1449 I RobotCore: ftc21180
12-24 15:30:15.242   974  1426 V ProgrammingModeManager: serve uri=/css/colors.less
12-24 15:41:21.626   974  1167 V Robocol : received command: CMD_SET_MATCH_NUMBER(20275) 0
12-24 15:41:21.629   974  1167 V Robocol : received command: CMD_INIT_OP_MODE(20276) Autonomous V2 Right
12-24 15:41:21.649   974  1168 I RobotCore: ******************** START - OPMODE Autonomous V2 Right ********************
12-24 15:41:21.654   974  1351 V RobotCore: thread: ...terminating 'OpModeThread'
12-24 15:41:21.658   974  1191 I RobotCore: Attempting to switch to op mode Autonomous V2 Right
12-24 15:41:21.847   974  1191 D HardwareMap: Clearing which device instances have been retrieved
12-24 15:41:21.847   974  1191 D HardwareMap: Clearing which device instances have been retrieved
12-24 15:41:21.850   974  3597 V RobotCore: thread: 'OpModeThread' starting...
12-24 15:41:21.851   974  3597 I global  :  RENO - AutonomousRight.runOpMode(AutonomousRight.java:117): Status - Initialized
12-24 15:41:21.852   974  3597 I System.out: OpenCvCameraBase ctor: EasyOpenCV version 1.5.2
12-24 15:41:21.867   974  3598 D CameraManager: doOpenCamera()...
12-24 15:41:21.868   974  3598 D CameraManager: requesting permission for camera: Webcam(D5386480)
12-24 15:41:21.868   974  3597 I global  :  RENO - SlidersWith2Motors.init(SlidersWith2Motors.java:78): init slider motors.
12-24 15:41:21.872   974  1170 V Robocol : sending CMD_NOTIFY_INIT_OP_MODE(10360), attempt: 0
12-24 15:41:21.873   974  1170 V Robocol : sending CMD_STREAM_CHANGE(10361), attempt: 0
12-24 15:41:21.877   974  3598 D WebcamNameImpl: requesting permission for /dev/bus/usb/003/004
12-24 15:41:21.877   974  3598 V WebcamNameImpl: asyncRequestUsbPermission()...
12-24 15:41:21.880   974  3598 D WebcamNameImpl: permission already available for /dev/bus/usb/003/004
12-24 15:41:21.882   974  3598 V WebcamNameImpl: ...asyncRequestUsbPermission()
12-24 15:41:21.883   974  3599 D WebcamNameImpl: permission for /dev/bus/usb/003/004=true
12-24 15:41:21.883   974  3598 D ContinuationSynchronizer: awaiting(camera open)...
12-24 15:41:21.883   974  3599 D CameraManager: permission granted for camera: Webcam(D5386480)
12-24 15:41:21.884   974  3599 D CameraManager: asyncOpenCamera(Webcam(D5386480))...
12-24 15:41:21.884   974  3599 D CameraManager: asyncOpenWebcam(Webcam(D5386480))...
12-24 15:41:21.884   974  3599 V UsbResiliantWebcam: construct(0x01e5901c)
12-24 15:41:21.885   974  3599 D UsbResiliantWebcam: openAssumingPermission()...
12-24 15:41:21.891   974  3599 D UvcContext: found webcam: usbPath=/dev/bus/usb/003/004 vid=0x46D pid=0x825 serial=D5386480 product=C270 HD WEBCAM
12-24 15:41:21.891   974  3599 D Uvc     : [jni_context.cpp:120] Java_org_firstinspires_ftc_robotcore_internal_camera_libuvc_nativeobject_UvcContext_nativeCreateUvcDevice()...
12-24 15:41:21.891   974  3599 V Uvc     : API: Java_org_firstinspires_ftc_robotcore_internal_camera_libuvc_nativeobject_UvcContext_nativeCreateUvcDevice: enter...
12-24 15:41:21.893   974  3599 D libusb  : [756.301344] [00000e0f] libusb: debug [op_create] op_create: szUsbPath=/dev/bus/usb/003/004 szSysfsDir=3-1.4
12-24 15:41:21.894   974  3599 D Uvc     : [device.cpp:613] uvc_create_uvc_device()...
12-24 15:41:21.894   974  3599 D Uvc     : [libuvc/libuvc_internal.h:346] uvc_device::uvc_device()...
12-24 15:41:21.894   974  3599 D Uvc     : [libuvc/libuvc_internal.h:375] acquired vid=1133 & pid=2085
12-24 15:41:21.894   974  3599 D Uvc     : [libuvc/libuvc_internal.h:346] ...uvc_device::uvc_device()
12-24 15:41:21.894   974  3599 D Uvc     : [device.cpp:613] ...uvc_create_uvc_device() rc=0
12-24 15:41:21.894   974  3599 V Uvc     : API: Java_org_firstinspires_ftc_robotcore_internal_camera_libuvc_nativeobject_UvcContext_nativeCreateUvcDevice: ...exit
12-24 15:41:21.894   974  3599 D Uvc     : [jni_context.cpp:120] ...Java_org_firstinspires_ftc_robotcore_internal_camera_libuvc_nativeobject_UvcContext_nativeCreateUvcDevice()
12-24 15:41:21.895   974  3599 V UvcDevice: construct(pointer=0xcc27d9e0|null)
12-24 15:41:21.896   974  3599 D Uvc     : [jni_device.cpp:108] Java_org_firstinspires_ftc_robotcore_internal_camera_libuvc_nativeobject_UvcDevice_nativeGetLibUsbDevice()...
12-24 15:41:21.896   974  3599 D Uvc     : [jni_device.cpp:108] ...Java_org_firstinspires_ftc_robotcore_internal_camera_libuvc_nativeobject_UvcDevice_nativeGetLibUsbDevice()
12-24 15:41:21.897   974  3599 V LibUsbDevice: construct(pointer=0xd042f380)
12-24 15:41:21.897   974  3599 D UvcContext: usb device is *not* UVC compatible, /dev/bus/usb/003/003
12-24 15:41:21.902   974   974 D OpenCvViewport: surfaceCreated()
12-24 15:41:21.902   974   974 D OpenCvViewport: ...surfaceCreated()
12-24 15:41:21.902   974   974 D OpenCvViewport: surfaceChanged()
12-24 15:41:21.902   974   974 D OpenCvViewport: CheckState(): user requested that we deactivate
12-24 15:41:21.902   974   974 D OpenCvViewport: CheckState(): already deactivated
12-24 15:41:21.902   974   974 D OpenCvViewport: ...surfaceChanged()
12-24 15:41:21.905   974  3599 D UvcDevice: open()...
12-24 15:41:21.916   974  3597 I global  :  RENO - ChassisWith4Motors.init(ChassisWith4Motors.java:121): init driving motors.
12-24 15:41:21.956   974  3597 V BNO055  : Suppressing I2C warnings while we check for a BNO055 IMU
12-24 15:41:21.958   974  3597 V BNO055  : Found BNO055 IMU
12-24 15:41:21.964   974  3599 D Uvc     : [jni_device.cpp:50] Java_org_firstinspires_ftc_robotcore_internal_camera_libuvc_nativeobject_UvcDevice_nativeSetUsbDeviceInfo()...
12-24 15:41:21.964   974  3599 D Uvc     : [jni_device.cpp:50] ...Java_org_firstinspires_ftc_robotcore_internal_camera_libuvc_nativeobject_UvcDevice_nativeSetUsbDeviceInfo()
12-24 15:41:21.964   974  3599 D Uvc     : [jni_device.cpp:233] Java_org_firstinspires_ftc_robotcore_internal_camera_libuvc_nativeobject_UvcDevice_nativeOpenDeviceHandle()...
12-24 15:41:21.964   974  3599 V Uvc     : API: Java_org_firstinspires_ftc_robotcore_internal_camera_libuvc_nativeobject_UvcDevice_nativeOpenDeviceHandle: enter...
12-24 15:41:21.964   974  3599 D Uvc     : [device.cpp:279] uvc_open()...
12-24 15:41:21.964   974  3599 D Uvc     : [libuvc/libuvc_internal.h:356] uvc_device::open()...
12-24 15:41:21.964   974  3599 D libusb  : [756.371967] [00000e0f] libusb: debug [op_open] op_open: szUsbPath=/dev/bus/usb/003/004
12-24 15:41:21.964   974  3599 D Uvc     : [libuvc/libuvc_internal.h:356] ...uvc_device::open() rc=0
12-24 15:41:21.964   974  3599 D Uvc     : [device.cpp:295] calling libusb_reset_device()...
12-24 15:41:22.391   974  3597 V BNO055IMU: Now polling until IMU comes out of reset. It is normal to see I2C failures below
12-24 15:41:22.395   974  3597 V RobotCore: addr=false data=true arb=false clock=false
12-24 15:41:22.396   974  3597 E LynxI2cDeviceSynch: readStatusQuery: cbExpected=1 cbRead=0
12-24 15:41:22.396   974  3597 E LynxI2cDeviceSynch: placeholder: readStatusQuery
12-24 15:41:22.460   974  3597 V RobotCore: addr=false data=true arb=false clock=false
12-24 15:41:22.461   974  3597 E LynxI2cDeviceSynch: readStatusQuery: cbExpected=1 cbRead=0
12-24 15:41:22.539   974  3599 D Uvc     : [device.cpp:303] ...libusb_reset_device() called
12-24 15:41:22.539   974  3599 D Uvc     : [device.cpp:311] libusb_open() = 0
12-24 15:41:22.539   974  3599 D Uvc     : [libuvc/libuvc_internal.h:732] uvc_device_handle::uvc_device_handle()...
12-24 15:41:22.539   974  3599 D Uvc     : [libuvc/libuvc_internal.h:732] ...uvc_device_handle::uvc_device_handle()
12-24 15:41:22.539   974  3599 D Uvc     : [device.cpp:386] uvc_get_device_info()...
12-24 15:41:22.540   974  3599 D libusb  : [756.947494] [00000e0f] libusb: debug [op_get_config_descriptor] op_get_config_descriptor: config_index=0
12-24 15:41:22.540   974  3599 D libusb  : [756.947620] [00000e0f] libusb: debug [op_get_config_descriptor] op_get_config_descriptor: config_index=0
12-24 15:41:22.540   974  3599 D Uvc     : [device.cpp:986] uvc_scan_control()...
12-24 15:41:22.540   974  3599 D Uvc     : [device.cpp:1041] uvc_parse_vc_header()...
12-24 15:41:22.540   974  3599 D Uvc     : [device.cpp:1284] uvc_scan_streaming()...
12-24 15:41:22.540   974  3599 D Uvc     : [device.cpp:1340] uvc_parse_vs_input_header()...
12-24 15:41:22.540   974  3599 D Uvc     : [device.cpp:1340] ...uvc_parse_vs_input_header() rc=0
12-24 15:41:22.540   974  3599 D Uvc     : [device.cpp:1389] uvc_parse_vs_format_uncompressed()...
12-24 15:41:22.540   974  3599 D Uvc     : [device.cpp:1389] ...uvc_parse_vs_format_uncompressed() rc=0
12-24 15:41:22.541   974  3599 V Uvc     : [device.cpp:1630] unsupported descriptor subtype: 13 UVC_VS_COLORFORMAT
12-24 15:41:22.541   974  3599 D Uvc     : [device.cpp:1449] uvc_parse_vs_format_mjpeg()...
12-24 15:41:22.541   974  3599 D Uvc     : [device.cpp:1449] ...uvc_parse_vs_format_mjpeg() rc=0
12-24 15:41:22.542   974  3599 V Uvc     : [device.cpp:1630] unsupported descriptor subtype: 13 UVC_VS_COLORFORMAT
12-24 15:41:22.542   974  3599 D Uvc     : [device.cpp:1284] ...uvc_scan_streaming() rc=0
12-24 15:41:22.542   974  3599 D Uvc     : [device.cpp:1041] ...uvc_parse_vc_header() rc=0
12-24 15:41:22.542   974  3599 D Uvc     : [device.cpp:1083] uvc_parse_vc_input_terminal()...
12-24 15:41:22.542   974  3599 D Uvc     : [device.cpp:1083] ...uvc_parse_vc_input_terminal() rc=0
12-24 15:41:22.542   974  3599 D Uvc     : [device.cpp:1156] uvc_parse_vc_processing_unit()...
12-24 15:41:22.542   974  3599 D Uvc     : [device.cpp:1156] ...uvc_parse_vc_processing_unit() rc=0
12-24 15:41:22.543   974  3599 D Uvc     : [device.cpp:986] ...uvc_scan_control() rc=0
12-24 15:41:22.543   974  3599 D Uvc     : [device.cpp:386] ...uvc_get_device_info() rc=0
12-24 15:41:22.543   974  3599 D Uvc     : [device.cpp:326] claiming control interface 0
12-24 15:41:22.543   974  3599 D Uvc     : [libuvc/libuvc_internal.h:770] uvc_device_handle::claimInterface(idx=0)...
12-24 15:41:22.543   974  3599 D UvcDevice: claimInterface(0)
12-24 15:41:22.544   974  3599 D UvcDevice: claimInterface(0) succeeded
12-24 15:41:22.544   974  3599 D Uvc     : [libuvc/libuvc_internal.h:783] claimInterface(0) succeeded
12-24 15:41:22.544   974  3599 D Uvc     : [libuvc/libuvc_internal.h:770] ...uvc_device_handle::claimInterface() rc=0
12-24 15:41:22.544   974  3599 D Uvc     : [device.cpp:279] ...uvc_open() rc=0
12-24 15:41:22.544   974  3599 V Uvc     : API: Java_org_firstinspires_ftc_robotcore_internal_camera_libuvc_nativeobject_UvcDevice_nativeOpenDeviceHandle: ...exit
12-24 15:41:22.545   974  3599 D Uvc     : [jni_device.cpp:233] ...Java_org_firstinspires_ftc_robotcore_internal_camera_libuvc_nativeobject_UvcDevice_nativeOpenDeviceHandle()
12-24 15:41:22.545   974  3599 V UvcDeviceHandle: construct(pointer=0xc67db450)
12-24 15:41:22.546   974  3599 V CameraImpl: construct(0x0d6d09fa)
12-24 15:41:22.548   974  3599 D UsbResiliantWebcam.InterveningStateCallback: onOpened() camera=CameraImpl(UvcDeviceHandle(pointer=0xc67db450|UvcDevice(/dev/bus/usb/003/004)))...
12-24 15:41:22.549   974  3599 D UsbResiliantWebcam: changeDelegatedCamera(null->CameraImpl(UvcDeviceHandle(pointer=0xc67db450|UvcDevice(/dev/bus/usb/003/004))))...
12-24 15:41:22.550   974  3599 D UvcApiFocusControl: isModeSupported(Auto)...
12-24 15:41:22.550   974  3599 D UvcApiFocusControl: ...isModeSupported(Auto): false
12-24 15:41:22.551   974  3599 D UvcApiFocusControl: isModeSupported(ContinuousAuto)...
12-24 15:41:22.551   974  3599 D UvcApiFocusControl: ...isModeSupported(ContinuousAuto): false
12-24 15:41:22.552   974  3599 D UvcApiFocusControl: isModeSupported(Macro)...
12-24 15:41:22.552   974  3599 D UvcApiFocusControl: ...isModeSupported(Macro): false
12-24 15:41:22.553   974  3599 D UvcApiFocusControl: isModeSupported(Infinity)...
12-24 15:41:22.553   974  3599 D UvcApiFocusControl: ...isModeSupported(Infinity): false
12-24 15:41:22.554   974  3599 D UvcApiFocusControl: isModeSupported(Fixed)...
12-24 15:41:22.554   974  3599 D UvcApiFocusControl: ...isModeSupported(Fixed): true
12-24 15:41:22.554   974  3599 D UvcApiFocusControl: isFocusLengthSupported...
12-24 15:41:22.555   974  3599 D UvcApiFocusControl: ...isFocusLengthSupported: false
12-24 15:41:22.558   974  3599 D CachingExposureControl: onCameraChanged(null->CameraImpl(UvcDeviceHandle(pointer=0xc67db450|UvcDevice(/dev/bus/usb/003/004))))...
12-24 15:41:22.558   974  3599 D UvcApiExposureControl: isModeSupported(Auto)...
12-24 15:41:22.560   974  3599 D UvcApiExposureControl: ...isModeSupported(Auto): false
12-24 15:41:22.561   974  3599 D UvcApiExposureControl: isModeSupported(ContinuousAuto)...
12-24 15:41:22.563   974  3599 D UvcApiExposureControl: ...isModeSupported(ContinuousAuto): false
12-24 15:41:22.563   974  3599 D UvcApiExposureControl: isModeSupported(Manual)...
12-24 15:41:22.565   974  3599 D UvcApiExposureControl: ...isModeSupported(Manual): true
12-24 15:41:22.565   974  3599 D UvcApiExposureControl: isModeSupported(ShutterPriority)...
12-24 15:41:22.567   974  3599 D UvcApiExposureControl: ...isModeSupported(ShutterPriority): false
12-24 15:41:22.568   974  3599 D UvcApiExposureControl: isModeSupported(AperturePriority)...
12-24 15:41:22.569   974  3599 D UvcApiExposureControl: ...isModeSupported(AperturePriority): true
12-24 15:41:22.570   974  3599 D UvcApiExposureControl: isExposureSupported()...
12-24 15:41:22.570   974  3599 D UvcApiExposureControl: ...isExposureSupported(): true
12-24 15:41:22.570   974  3599 D UvcApiExposureControl: getMinExposure(NANOSECONDS)...
12-24 15:41:22.570   974  3599 D Uvc     : [jni_devicehandle.cpp:645] Java_org_firstinspires_ftc_robotcore_internal_camera_libuvc_nativeobject_UvcDeviceHandle_nativeGetMinExposure()...
12-24 15:41:22.572   974  3599 D Uvc     : [jni_devicehandle.cpp:645] ...Java_org_firstinspires_ftc_robotcore_internal_camera_libuvc_nativeobject_UvcDeviceHandle_nativeGetMinExposure()
12-24 15:41:22.573   974  3599 D UvcApiExposureControl: ...getMinExposure(NANOSECONDS): 100000
12-24 15:41:22.573   974  3599 D UvcApiExposureControl: getMaxExposure(NANOSECONDS)...
12-24 15:41:22.575   974  3599 D UvcApiExposureControl: ...getMaxExposure(NANOSECONDS): 1000000000
12-24 15:41:22.575   974  3599 D UvcApiExposureControl: setAePriority()...
12-24 15:41:22.577   974  3599 D UvcApiExposureControl: ...setAePriority()
12-24 15:41:22.577   974  3599 D UvcApiExposureControl: getMode()...
12-24 15:41:22.578   974  3599 D Uvc     : [jni_devicehandle.cpp:493] Java_org_firstinspires_ftc_robotcore_internal_camera_libuvc_nativeobject_UvcDeviceHandle_nativeGetVuforiaExposureMode()...
12-24 15:41:22.579   974  3599 D Uvc     : [jni_devicehandle.cpp:493] ...Java_org_firstinspires_ftc_robotcore_internal_camera_libuvc_nativeobject_UvcDeviceHandle_nativeGetVuforiaExposureMode()
12-24 15:41:22.580   974  3599 D UvcApiExposureControl: ...getMode(): AperturePriority
12-24 15:41:22.582   974  3599 D CachingExposureControl: ...onCameraChanged(null->CameraImpl(UvcDeviceHandle(pointer=0xc67db450|UvcDevice(/dev/bus/usb/003/004))))
12-24 15:41:22.582   974  3599 D UvcApiPtzControl: getMinZoom()...
12-24 15:41:22.584   974  3599 E UvcDeviceHandle: [jni_devicehandle.cpp:219] Failed to get min zoom : error -9
12-24 15:41:22.584   974  3599 D UvcApiPtzControl: ...getMinZoom(): 0
12-24 15:41:22.584   974  3599 D UvcApiPtzControl: getMaxZoom()...
12-24 15:41:22.586   974  3599 E UvcDeviceHandle: [jni_devicehandle.cpp:242] Failed to get max zoom : error -9
12-24 15:41:22.586   974  3599 D UvcApiPtzControl: ...getMaxZoom(): 0
12-24 15:41:22.586   974  3599 D UvcApiPtzControl: getMinPanTilt()...
12-24 15:41:22.588   974  3599 E UvcDeviceHandle: [jni_devicehandle.cpp:365] Failed to get min pan/tilt : error -9
12-24 15:41:22.588   974  3599 D UvcApiPtzControl: ...getMinPanTilt(): org.firstinspires.ftc.robotcore.external.hardware.camera.controls.PtzControl$PanTiltHolder@1d39bab
12-24 15:41:22.588   974  3599 D UvcApiPtzControl: getMaxPanTilt()...
12-24 15:41:22.590   974  3599 E UvcDeviceHandle: [jni_devicehandle.cpp:333] Failed to get max pan/tilt : error -9
12-24 15:41:22.590   974  3599 D UvcApiPtzControl: ...getMaxPanTilt(): org.firstinspires.ftc.robotcore.external.hardware.camera.controls.PtzControl$PanTiltHolder@1c99208
12-24 15:41:22.590   974  3599 D UvcApiPtzControl: getZoom()...
12-24 15:41:22.591   974  3599 E UvcDeviceHandle: [jni_devicehandle.cpp:196] Failed to get zoom : error -9
12-24 15:41:22.592   974  3599 D UvcApiPtzControl: ...getZoom(): 0
12-24 15:41:22.592   974  3599 D UvcApiPtzControl: getPanTilt()...
12-24 15:41:22.593   974  3599 E UvcDeviceHandle: [jni_devicehandle.cpp:301] Failed to get pan/tilt : error -9
12-24 15:41:22.594   974  3599 D UvcApiPtzControl: ...getPanTilt(): org.firstinspires.ftc.robotcore.external.hardware.camera.controls.PtzControl$PanTiltHolder@781cda1
12-24 15:41:22.594   974  3599 D UvcApiGainControl: getMinGain()...
12-24 15:41:22.594   974  3599 D Uvc     : [jni_devicehandle.cpp:894] Java_org_firstinspires_ftc_robotcore_internal_camera_libuvc_nativeobject_UvcDeviceHandle_nativeGetMinGain()...
12-24 15:41:22.596   974  3599 D Uvc     : [jni_devicehandle.cpp:894] ...Java_org_firstinspires_ftc_robotcore_internal_camera_libuvc_nativeobject_UvcDeviceHandle_nativeGetMinGain()
12-24 15:41:22.596   974  3599 D UvcApiGainControl: ...getMinGain(): 0
12-24 15:41:22.596   974  3599 D UvcApiGainControl: getMaxGain()...
12-24 15:41:22.597   974  3599 D Uvc     : [jni_devicehandle.cpp:917] Java_org_firstinspires_ftc_robotcore_internal_camera_libuvc_nativeobject_UvcDeviceHandle_nativeGetMaxGain()...
12-24 15:41:22.598   974  3599 D Uvc     : [jni_devicehandle.cpp:917] ...Java_org_firstinspires_ftc_robotcore_internal_camera_libuvc_nativeobject_UvcDeviceHandle_nativeGetMaxGain()
12-24 15:41:22.598   974  3599 D UvcApiGainControl: ...getMaxGain(): 255
12-24 15:41:22.599   974  3599 D UvcApiGainControl: getGain()...
12-24 15:41:22.599   974  3599 D Uvc     : [jni_devicehandle.cpp:940] Java_org_firstinspires_ftc_robotcore_internal_camera_libuvc_nativeobject_UvcDeviceHandle_nativeGetGain()...
12-24 15:41:22.601   974  3599 D Uvc     : [jni_devicehandle.cpp:940] ...Java_org_firstinspires_ftc_robotcore_internal_camera_libuvc_nativeobject_UvcDeviceHandle_nativeGetGain()
12-24 15:41:22.601   974  3599 D UvcApiGainControl: ...getGain(): 0
12-24 15:41:22.601   974  3599 D UvcApiWhiteBalanceControl: getMinWhiteBalanceTemperature()...
12-24 15:41:22.601   974  3599 D Uvc     : [jni_devicehandle.cpp:726] Java_org_firstinspires_ftc_robotcore_internal_camera_libuvc_nativeobject_UvcDeviceHandle_nativeGetMinWhiteBalanceTemperature()...
12-24 15:41:22.603   974  3599 D Uvc     : [jni_devicehandle.cpp:726] ...Java_org_firstinspires_ftc_robotcore_internal_camera_libuvc_nativeobject_UvcDeviceHandle_nativeGetMinWhiteBalanceTemperature()
12-24 15:41:22.603   974  3599 D UvcApiWhiteBalanceControl: ...getMinWhiteBalanceTemperature(): 0
12-24 15:41:22.604   974  3599 D UvcApiWhiteBalanceControl: getMaxWhiteBalanceTemperature()...
12-24 15:41:22.604   974  3599 D Uvc     : [jni_devicehandle.cpp:748] Java_org_firstinspires_ftc_robotcore_internal_camera_libuvc_nativeobject_UvcDeviceHandle_nativeGetMaxWhiteBalanceTemperature()...
12-24 15:41:22.605   974  3599 D Uvc     : [jni_devicehandle.cpp:748] ...Java_org_firstinspires_ftc_robotcore_internal_camera_libuvc_nativeobject_UvcDeviceHandle_nativeGetMaxWhiteBalanceTemperature()
12-24 15:41:22.606   974  3599 D UvcApiWhiteBalanceControl: ...getMaxWhiteBalanceTemperature(): 10000
12-24 15:41:22.606   974  3599 D UvcApiWhiteBalanceControl: getWhiteBalanceTemperature()...
12-24 15:41:22.606   974  3599 D Uvc     : [jni_devicehandle.cpp:793] Java_org_firstinspires_ftc_robotcore_internal_camera_libuvc_nativeobject_UvcDeviceHandle_nativeGetWhiteBalanceTemperature()...
12-24 15:41:22.609   974  3599 D Uvc     : [jni_devicehandle.cpp:793] ...Java_org_firstinspires_ftc_robotcore_internal_camera_libuvc_nativeobject_UvcDeviceHandle_nativeGetWhiteBalanceTemperature()
12-24 15:41:22.610   974  3599 D UvcApiWhiteBalanceControl: ...getWhiteBalanceTemperature(): 4000
12-24 15:41:22.610   974  3599 D UsbResiliantWebcam: ...changeDelegatedCamera(null->CameraImpl(UvcDeviceHandle(pointer=0xc67db450|UvcDevice(/dev/bus/usb/003/004))))
12-24 15:41:22.610   974  3599 D UsbResiliantWebcam: openSelfAndReport()...
12-24 15:41:22.611   974  3599 V CameraImpl: construct(0x0a71cbc6)
12-24 15:41:22.613   974  3599 D UsbResiliantWebcam: ...openSelfAndReport()
12-24 15:41:22.613   974  3599 D UsbResiliantWebcam.InterveningStateCallback: ...onOpened() camera=CameraImpl(UvcDeviceHandle(pointer=0xc67db450|UvcDevice(/dev/bus/usb/003/004)))
12-24 15:41:22.613   974  3599 D UvcDevice: ...open()
12-24 15:41:22.613   974  3599 D UsbResiliantWebcam: ...openAssumingPermission()
12-24 15:41:22.613   974  3603 D CameraManager: camera reports opened: CameraImpl(UsbResiliantWebcam(Webcam(D5386480)))
12-24 15:41:22.613   974  3599 D CameraManager: ...asyncOpenWebcam(Webcam(D5386480))
12-24 15:41:22.614   974  3599 D CameraManager: ...asyncOpenCamera(Webcam(D5386480))
12-24 15:41:22.614   974  3603 D ContinuationSynchronizer: finish("camera reports opened: Webcam(D5386480)": CameraImpl(UsbResiliantWebcam(Webcam(D5386480))))...
12-24 15:41:22.614   974  3603 D ContinuationSynchronizer: ...finish("camera reports opened: Webcam(D5386480)": CameraImpl(UsbResiliantWebcam(Webcam(D5386480))))
12-24 15:41:22.614   974  3598 D ContinuationSynchronizer: ...awaiting(camera open)
12-24 15:41:22.615   974  3598 D CameraManager: ...doOpenCamera()
12-24 15:41:22.620   974  3598 D UvcContext: found webcam: usbPath=/dev/bus/usb/003/004 vid=0x46D pid=0x825 serial=D5386480 product=C270 HD WEBCAM
12-24 15:41:22.621   974  3598 D Uvc     : [jni_context.cpp:120] Java_org_firstinspires_ftc_robotcore_internal_camera_libuvc_nativeobject_UvcContext_nativeCreateUvcDevice()...
12-24 15:41:22.621   974  3598 V Uvc     : API: Java_org_firstinspires_ftc_robotcore_internal_camera_libuvc_nativeobject_UvcContext_nativeCreateUvcDevice: enter...
12-24 15:41:22.623   974  3598 D libusb  : [757.030495] [00000e0e] libusb: debug [op_create] op_create: szUsbPath=/dev/bus/usb/003/004 szSysfsDir=3-1.4
12-24 15:41:22.623   974  3598 D Uvc     : [device.cpp:613] uvc_create_uvc_device()...
12-24 15:41:22.623   974  3598 D Uvc     : [libuvc/libuvc_internal.h:346] uvc_device::uvc_device()...
12-24 15:41:22.623   974  3598 D Uvc     : [libuvc/libuvc_internal.h:375] acquired vid=1133 & pid=2085
12-24 15:41:22.623   974  3598 D Uvc     : [libuvc/libuvc_internal.h:346] ...uvc_device::uvc_device()
12-24 15:41:22.623   974  3598 D Uvc     : [device.cpp:613] ...uvc_create_uvc_device() rc=0
12-24 15:41:22.623   974  3598 V Uvc     : API: Java_org_firstinspires_ftc_robotcore_internal_camera_libuvc_nativeobject_UvcContext_nativeCreateUvcDevice: ...exit
12-24 15:41:22.623   974  3598 D Uvc     : [jni_context.cpp:120] ...Java_org_firstinspires_ftc_robotcore_internal_camera_libuvc_nativeobject_UvcContext_nativeCreateUvcDevice()
12-24 15:41:22.624   974  3598 V UvcDevice: construct(pointer=0xcc27dd78|null)
12-24 15:41:22.625   974  3598 D Uvc     : [jni_device.cpp:108] Java_org_firstinspires_ftc_robotcore_internal_camera_libuvc_nativeobject_UvcDevice_nativeGetLibUsbDevice()...
12-24 15:41:22.625   974  3598 D Uvc     : [jni_device.cpp:108] ...Java_org_firstinspires_ftc_robotcore_internal_camera_libuvc_nativeobject_UvcDevice_nativeGetLibUsbDevice()
12-24 15:41:22.625   974  3598 V LibUsbDevice: construct(pointer=0xd042f380)
12-24 15:41:22.626   974  3597 V BNO055IMU: IMU has come out of reset. No more I2C failures should occur.
12-24 15:41:22.626   974  3598 D UvcContext: usb device is *not* UVC compatible, /dev/bus/usb/003/003
12-24 15:41:22.628   974  3598 V UvcApiCameraCharacteristicsBuilder: construct(0x0069c6b4)
12-24 15:41:22.628   974  3598 D Uvc     : [jni_device.cpp:289] Java_org_firstinspires_ftc_robotcore_internal_camera_libuvc_nativeobject_UvcDevice_nativeGetDeviceInfo()...
12-24 15:41:22.628   974  3598 V Uvc     : API: Java_org_firstinspires_ftc_robotcore_internal_camera_libuvc_nativeobject_UvcDevice_nativeGetDeviceInfo: enter...
12-24 15:41:22.628   974  3598 D Uvc     : [device.cpp:386] uvc_get_device_info()...
12-24 15:41:22.628   974  3598 D libusb  : [757.036420] [00000e0e] libusb: debug [op_get_config_descriptor] op_get_config_descriptor: config_index=0
12-24 15:41:22.629   974  3598 D libusb  : [757.036519] [00000e0e] libusb: debug [op_get_config_descriptor] op_get_config_descriptor: config_index=0
12-24 15:41:22.629   974  3598 D Uvc     : [device.cpp:986] uvc_scan_control()...
12-24 15:41:22.629   974  3598 D Uvc     : [device.cpp:1041] uvc_parse_vc_header()...
12-24 15:41:22.629   974  3598 D Uvc     : [device.cpp:1284] uvc_scan_streaming()...
12-24 15:41:22.629   974  3598 D Uvc     : [device.cpp:1340] uvc_parse_vs_input_header()...
12-24 15:41:22.629   974  3598 D Uvc     : [device.cpp:1340] ...uvc_parse_vs_input_header() rc=0
12-24 15:41:22.629   974  3598 D Uvc     : [device.cpp:1389] uvc_parse_vs_format_uncompressed()...
12-24 15:41:22.629   974  3598 D Uvc     : [device.cpp:1389] ...uvc_parse_vs_format_uncompressed() rc=0
12-24 15:41:22.630   974  3598 V Uvc     : [device.cpp:1630] unsupported descriptor subtype: 13 UVC_VS_COLORFORMAT
12-24 15:41:22.630   974  3598 D Uvc     : [device.cpp:1449] uvc_parse_vs_format_mjpeg()...
12-24 15:41:22.630   974  3598 D Uvc     : [device.cpp:1449] ...uvc_parse_vs_format_mjpeg() rc=0
12-24 15:41:22.630   974  3598 V Uvc     : [device.cpp:1630] unsupported descriptor subtype: 13 UVC_VS_COLORFORMAT
12-24 15:41:22.630   974  3598 D Uvc     : [device.cpp:1284] ...uvc_scan_streaming() rc=0
12-24 15:41:22.631   974  3598 D Uvc     : [device.cpp:1041] ...uvc_parse_vc_header() rc=0
12-24 15:41:22.631   974  3598 D Uvc     : [device.cpp:1083] uvc_parse_vc_input_terminal()...
12-24 15:41:22.631   974  3598 D Uvc     : [device.cpp:1083] ...uvc_parse_vc_input_terminal() rc=0
12-24 15:41:22.631   974  3598 D Uvc     : [device.cpp:1156] uvc_parse_vc_processing_unit()...
12-24 15:41:22.631   974  3598 D Uvc     : [device.cpp:1156] ...uvc_parse_vc_processing_unit() rc=0
12-24 15:41:22.631   974  3598 D Uvc     : [device.cpp:986] ...uvc_scan_control() rc=0
12-24 15:41:22.631   974  3598 D Uvc     : [device.cpp:386] ...uvc_get_device_info() rc=0
12-24 15:41:22.631   974  3598 V Uvc     : API: Java_org_firstinspires_ftc_robotcore_internal_camera_libuvc_nativeobject_UvcDevice_nativeGetDeviceInfo: ...exit
12-24 15:41:22.631   974  3598 D Uvc     : [jni_device.cpp:289] ...Java_org_firstinspires_ftc_robotcore_internal_camera_libuvc_nativeobject_UvcDevice_nativeGetDeviceInfo()
12-24 15:41:22.632   974  3598 V UvcDeviceInfo: construct(pointer=0xcc21bef0)
12-24 15:41:22.633   974  3598 V UvcStreamingInterface: construct(pointer=0xc67f2740)
12-24 15:41:22.704   974  3598 V UvcStreamingInterface: destroy(pointer=0xc67f2740)
12-24 15:41:22.705   974  3598 V UvcDeviceInfo: destroy(pointer=0xcc21bef0)
12-24 15:41:22.705   974  3598 D Uvc     : [jni_deviceinfo.cpp:63] Java_org_firstinspires_ftc_robotcore_internal_camera_libuvc_nativeobject_UvcDeviceInfo_nativeFreeDeviceInfo()...
12-24 15:41:22.705   974  3598 V Uvc     : API: Java_org_firstinspires_ftc_robotcore_internal_camera_libuvc_nativeobject_UvcDeviceInfo_nativeFreeDeviceInfo: enter...
12-24 15:41:22.705   974  3598 D Uvc     : [device.cpp:433] uvc_free_device_info()...
12-24 15:41:22.705   974  3598 D Uvc     : [device.cpp:433] ...uvc_free_device_info()
12-24 15:41:22.705   974  3598 V Uvc     : API: Java_org_firstinspires_ftc_robotcore_internal_camera_libuvc_nativeobject_UvcDeviceInfo_nativeFreeDeviceInfo: ...exit
12-24 15:41:22.705   974  3598 D Uvc     : [jni_deviceinfo.cpp:63] ...Java_org_firstinspires_ftc_robotcore_internal_camera_libuvc_nativeobject_UvcDeviceInfo_nativeFreeDeviceInfo()
12-24 15:41:22.706   974  3598 V UvcApiCameraCharacteristicsBuilder: destroy(hash=0x0069c6b4)
12-24 15:41:22.707   974  3598 V UvcDevice: destroy(pointer=0xcc27dd78|/dev/bus/usb/003/004)
12-24 15:41:22.707   974  3598 D Uvc     : [jni_device.cpp:126] Java_org_firstinspires_ftc_robotcore_internal_camera_libuvc_nativeobject_UvcDevice_nativeReleaseRefDevice()...
12-24 15:41:22.707   974  3598 V Uvc     : API: Java_org_firstinspires_ftc_robotcore_internal_camera_libuvc_nativeobject_UvcDevice_nativeReleaseRefDevice: enter...
12-24 15:41:22.707   974  3598 D Uvc     : [device.cpp:882] uvc_unref_device()...
12-24 15:41:22.707   974  3598 D Uvc     : [device.cpp:882] ...uvc_unref_device()
12-24 15:41:22.707   974  3598 V Uvc     : API: Java_org_firstinspires_ftc_robotcore_internal_camera_libuvc_nativeobject_UvcDevice_nativeReleaseRefDevice: ...exit
12-24 15:41:22.707   974  3598 D Uvc     : [jni_device.cpp:126] ...Java_org_firstinspires_ftc_robotcore_internal_camera_libuvc_nativeobject_UvcDevice_nativeReleaseRefDevice()
12-24 15:41:22.708   974  3598 V LibUsbDevice: destroy(pointer=0xd042f380)
12-24 15:41:22.708   974  3598 D Uvc     : [jni_libusb_device.cpp:64] Java_org_firstinspires_ftc_robotcore_internal_camera_libuvc_nativeobject_LibUsbDevice_nativeReleaseRefDevice()...
12-24 15:41:22.708   974  3598 D Uvc     : [jni_libusb_device.cpp:64] ...Java_org_firstinspires_ftc_robotcore_internal_camera_libuvc_nativeobject_LibUsbDevice_nativeReleaseRefDevice()
12-24 15:41:22.711   974  3598 D OpenCvViewport: CheckState(): user requested that we activate
12-24 15:41:22.711   974  3598 D OpenCvViewport: CheckState(): activating viewport
12-24 15:41:22.712   974  3604 D OpenCvViewportRenderThread: Render thread is up!
12-24 15:41:22.713   974  3598 D UsbResiliantWebcam: createCaptureSession()...
12-24 15:41:22.714   974  3598 V DelCaptureSession: construct(0x0acca2dd)
12-24 15:41:22.715   974  3598 D UsbResiliantWebcam|DelCaptureSession: onCameraChange(null->CameraImpl(UvcDeviceHandle(pointer=0xc67db450|UvcDevice(/dev/bus/usb/003/004))))...
12-24 15:41:22.715   974  3598 D UsbResiliantWebcam|DelCaptureSession: ...onCameraChange(null->CameraImpl(UvcDeviceHandle(pointer=0xc67db450|UvcDevice(/dev/bus/usb/003/004))))
12-24 15:41:22.717   974  3598 D CachingExposureControl: onCameraChanged(CameraImpl(UvcDeviceHandle(pointer=0xc67db450|UvcDevice(/dev/bus/usb/003/004)))->CameraImpl(UvcDeviceHandle(pointer=0xc67db450|UvcDevice(/dev/bus/usb/003/004))))...
12-24 15:41:22.717   974  3598 D CachingExposureControl: ...onCameraChanged(CameraImpl(UvcDeviceHandle(pointer=0xc67db450|UvcDevice(/dev/bus/usb/003/004)))->CameraImpl(UvcDeviceHandle(pointer=0xc67db450|UvcDevice(/dev/bus/usb/003/004))))
12-24 15:41:22.717   974  3598 D UsbResiliantWebcam: ...createCaptureSession()
12-24 15:41:22.717   974  1223 D UsbResiliantWebcam|DelCaptureSession: startCapture()...
12-24 15:41:22.718   974  1223 V DelCaptureSequence: construct(0x06aede52)
12-24 15:41:22.719   974  1223 D UsbResiliantWebcam|DelCaptureSequence: onCameraChange(null->CameraImpl(UvcDeviceHandle(pointer=0xc67db450|UvcDevice(/dev/bus/usb/003/004))))...
12-24 15:41:22.719   974  1223 D UsbResiliantWebcam|DelCaptureSequence: pauseStreaming(Stopped)...
12-24 15:41:22.719   974  1223 D UsbResiliantWebcam|DelCaptureSequence: ...pauseStreaming(Stopped)
12-24 15:41:22.720   974  1223 D UsbResiliantWebcam|DelCaptureSequence: resumeStreaming(Stopped)...
12-24 15:41:22.720   974  1223 D UsbResiliantWebcam|DelCaptureSequence: ...resumeStreaming(Stopped)
12-24 15:41:22.720   974  1223 D UsbResiliantWebcam|DelCaptureSequence: ...onCameraChange(null->CameraImpl(UvcDeviceHandle(pointer=0xc67db450|UvcDevice(/dev/bus/usb/003/004))))
12-24 15:41:22.720   974  1223 D UsbResiliantWebcam|DelCaptureSequence: startStreaming(Stopped)...
12-24 15:41:22.720   974  1223 D UsbResiliantWebcam|DelCaptureSequence: doStreaming()...
12-24 15:41:22.721   974  1223 V UvcApiCaptureSession: construct(0x059dd523)
12-24 15:41:22.721   974  3603 D UsbResiliantWebcam|DelCaptureSession: camera session is configured: Webcam(D5386480)
12-24 15:41:22.722   974  1223 V UvcApiCameraCaptureSequence: construct(0x07369a20)
12-24 15:41:22.722   974  1223 D UvcDeviceHandle: getStreamControl(320x240 30)...
12-24 15:41:22.725   974  1223 V UvcStreamCtrl: construct(0x09f58fd9)
12-24 15:41:22.725   974  1223 D Uvc     : [jni_devicehandle.cpp:115] Java_org_firstinspires_ftc_robotcore_internal_camera_libuvc_nativeobject_UvcDeviceHandle_nativeGetStreamControlFormatSize()...
12-24 15:41:22.725   974  1223 V Uvc     : API: Java_org_firstinspires_ftc_robotcore_internal_camera_libuvc_nativeobject_UvcDeviceHandle_nativeGetStreamControlFormatSize: enter...
12-24 15:41:22.725   974  1223 D Uvc     : [stream.cpp:373] uvc_get_stream_ctrl_format_size()...
12-24 15:41:22.725   974  1223 D Uvc     : [libuvc/libuvc_internal.h:770] uvc_device_handle::claimInterface(idx=1)...
12-24 15:41:22.725   974  1223 D UvcDevice: claimInterface(1)
12-24 15:41:22.725   974  1223 D UvcDevice: claimInterface(1) succeeded
12-24 15:41:22.725   974  1223 D Uvc     : [libuvc/libuvc_internal.h:783] claimInterface(1) succeeded
12-24 15:41:22.725   974  1223 D Uvc     : [libuvc/libuvc_internal.h:770] ...uvc_device_handle::claimInterface() rc=0
12-24 15:41:22.725   974  1223 D UvcStream: [stream.cpp:412] 320x240 30fps
12-24 15:41:22.725   974  1223 D Uvc     : [stream.cpp:162] uvc_query_stream_ctrl()...
12-24 15:41:22.729   974  1223 D Uvc     : [stream.cpp:162] ...uvc_query_stream_ctrl() rc=0
12-24 15:41:22.729   974  1223 D Uvc     : [libuvc/libuvc_internal.h:793] uvc_device_handle::releaseInterface()...
12-24 15:41:22.730   974  1223 D UvcDevice: releaseInterface(1)
12-24 15:41:22.730   974  1223 D UvcDevice: releaseInterface(1) succeeded
12-24 15:41:22.730   974  1223 D Uvc     : [libuvc/libuvc_internal.h:793] ...uvc_device_handle::releaseInterface() rc=0
12-24 15:41:22.730   974  1223 D Uvc     : [stream.cpp:523] uvc_probe_stream_ctrl()...
12-24 15:41:22.730   974  1223 D Uvc     : [libuvc/libuvc_internal.h:770] uvc_device_handle::claimInterface(idx=1)...
12-24 15:41:22.731   974  1223 D UvcDevice: claimInterface(1)
12-24 15:41:22.731   974  1223 D UvcDevice: claimInterface(1) succeeded
12-24 15:41:22.731   974  1223 D Uvc     : [libuvc/libuvc_internal.h:783] claimInterface(1) succeeded
12-24 15:41:22.731   974  1223 D Uvc     : [libuvc/libuvc_internal.h:770] ...uvc_device_handle::claimInterface() rc=0
12-24 15:41:22.731   974  1223 D Uvc     : [stream.cpp:162] uvc_query_stream_ctrl()...
12-24 15:41:22.734   974  1223 D Uvc     : [stream.cpp:162] ...uvc_query_stream_ctrl() rc=0
12-24 15:41:22.735   974  1223 D Uvc     : [stream.cpp:162] uvc_query_stream_ctrl()...
12-24 15:41:22.738   974  1223 D Uvc     : [stream.cpp:162] ...uvc_query_stream_ctrl() rc=0
12-24 15:41:22.738   974  1223 D Uvc     : [stream.cpp:523] ...uvc_probe_stream_ctrl() rc=0
12-24 15:41:22.738   974  1223 D Uvc     : [stream.cpp:373] ...uvc_get_stream_ctrl_format_size() rc=0
12-24 15:41:22.738   974  1223 V Uvc     : API: Java_org_firstinspires_ftc_robotcore_internal_camera_libuvc_nativeobject_UvcDeviceHandle_nativeGetStreamControlFormatSize: ...exit
12-24 15:41:22.738   974  1223 D Uvc     : [jni_devicehandle.cpp:115] ...Java_org_firstinspires_ftc_robotcore_internal_camera_libuvc_nativeobject_UvcDeviceHandle_nativeGetStreamControlFormatSize()
12-24 15:41:22.739   974  1223 D UvcDeviceHandle: ...getStreamControl(320x240 30)
12-24 15:41:22.739   974  1223 D Uvc     : [jni_streamcontrol.cpp:101] Java_org_firstinspires_ftc_robotcore_internal_camera_libuvc_nativeobject_UvcStreamCtrl_nativeOpen()...
12-24 15:41:22.739   974  1223 V Uvc     : API: Java_org_firstinspires_ftc_robotcore_internal_camera_libuvc_nativeobject_UvcStreamCtrl_nativeOpen: enter...
12-24 15:41:22.739   974  1223 D Uvc     : [devicehandle.cpp:46] uvc_device_handle::openStreamControl()...
12-24 15:41:22.739   974  1223 D Uvc     : [streamhandle.cpp:58] uvc_stream_handle::claimInterface()...
12-24 15:41:22.739   974  1223 D Uvc     : [libuvc/libuvc_internal.h:770] uvc_device_handle::claimInterface(idx=1)...
12-24 15:41:22.739   974  1223 D UvcDevice: claimInterface(1)
12-24 15:41:22.739   974  1223 D UvcDevice: claimInterface(1) succeeded
12-24 15:41:22.739   974  1223 D Uvc     : [libuvc/libuvc_internal.h:783] claimInterface(1) succeeded
12-24 15:41:22.739   974  1223 D Uvc     : [libuvc/libuvc_internal.h:770] ...uvc_device_handle::claimInterface() rc=0
12-24 15:41:22.739   974  1223 D Uvc     : [streamhandle.cpp:58] ...uvc_stream_handle::claimInterface() rc=0
12-24 15:41:22.740   974  1223 D Uvc     : [stream.cpp:162] uvc_query_stream_ctrl()...
12-24 15:41:22.743   974  1223 D Uvc     : [stream.cpp:162] ...uvc_query_stream_ctrl() rc=0
12-24 15:41:22.743   974  1223 D Uvc     : [devicehandle.cpp:46] ...uvc_device_handle::openStreamControl() rc=0
12-24 15:41:22.743   974  1223 V Uvc     : API: Java_org_firstinspires_ftc_robotcore_internal_camera_libuvc_nativeobject_UvcStreamCtrl_nativeOpen: ...exit
12-24 15:41:22.743   974  1223 D Uvc     : [jni_streamcontrol.cpp:101] ...Java_org_firstinspires_ftc_robotcore_internal_camera_libuvc_nativeobject_UvcStreamCtrl_nativeOpen()
12-24 15:41:22.744   974  1223 V UvcStreamHandle: construct(pointer=0xd0426ba0)
