12-04 11:29:35.746  4580  7317 E LynxModule: 	at com.qualcomm.ftccommon.FtcEventLoopBase.teardown(FtcEventLoopBase.java:233)
12-04 11:29:35.746  4580  4713 E LynxModule: 	at java.util.concurrent.ThreadPoolExecutor$Worker.run(ThreadPoolExecutor.java:607)
12-04 11:29:35.746  4580  4713 E LynxModule: 	at com.qualcomm.robotcore.util.ThreadPool$ThreadFactoryImpl$1.run(ThreadPool.java:793)
12-04 11:29:35.746  4580  7317 E LynxModule: 	at com.qualcomm.ftccommon.FtcEventLoop.teardown(FtcEventLoop.java:286)
12-04 11:29:35.747  4580  4713 E LynxModule: 	at java.lang.Thread.run(Thread.java:761)
12-04 11:29:35.747  4580  7317 E LynxModule: 	at com.qualcomm.robotcore.eventloop.EventLoopManager$EventLoopRunnable$1.run(EventLoopManager.java:371)
12-04 11:29:35.747  4580  4713 W LynxModule: Attempted use of a closed LynxModule instance
12-04 11:29:35.747  4580  7317 E LynxModule: 	at com.qualcomm.robotcore.util.ThreadPool.logThreadLifeCycle(ThreadPool.java:737)
12-04 11:29:35.748  4580  4713 E LynxModule: java.lang.RuntimeException
12-04 11:29:35.748  4580  7317 E LynxModule: 	at com.qualcomm.robotcore.eventloop.EventLoopManager$EventLoopRunnable.run(EventLoopManager.java:267)
12-04 11:29:35.749  4580  7317 E LynxModule: 	at com.qualcomm.robotcore.eventloop.EventLoopManager$1.run(EventLoopManager.java:606)
12-04 11:29:35.749  4580  4713 E LynxModule: 	at com.qualcomm.hardware.lynx.LynxModule.warnIfClosed(LynxModule.java:509)
12-04 11:29:35.749  4580  7317 E LynxModule: 	at java.util.concurrent.ThreadPoolExecutor.runWorker(ThreadPoolExecutor.java:1133)
12-04 11:29:35.749  4580  4713 E LynxModule: 	at com.qualcomm.hardware.lynx.LynxModule.isNotResponding(LynxModule.java:501)
12-04 11:29:35.749  4580  7317 E LynxModule: 	at java.util.concurrent.ThreadPoolExecutor$Worker.run(ThreadPoolExecutor.java:607)
12-04 11:29:35.750  4580  7317 E LynxModule: 	at com.qualcomm.robotcore.util.ThreadPool$ThreadFactoryImpl$1.run(ThreadPool.java:793)
12-04 11:29:35.750  4580  4713 E LynxModule: 	at com.qualcomm.hardware.lynx.LynxModuleWarningManager$UnresponsiveStatus.conditionCurrentlyTrue(LynxModuleWarningManager.java:236)
12-04 11:29:35.750  4580  7317 E LynxModule: 	at java.lang.Thread.run(Thread.java:761)
12-04 11:29:35.751  4580  7317 W LynxModule: Attempted use of a closed LynxModule instance
12-04 11:29:35.751  4580  4713 E LynxModule: 	at com.qualcomm.hardware.lynx.LynxModuleWarningManager$ConditionStatus.hasChangedSinceLastCheck(LynxModuleWarningManager.java:224)
12-04 11:29:35.751  4580  7317 E LynxModule: java.lang.RuntimeException
12-04 11:29:35.752  4580  7317 E LynxModule: 	at com.qualcomm.hardware.lynx.LynxModule.warnIfClosed(LynxModule.java:509)
12-04 11:29:35.753  4580  4713 E LynxModule: 	at com.qualcomm.hardware.lynx.LynxModuleWarningManager$LynxModuleWarningSource.getGlobalWarning(LynxModuleWarningManager.java:278)
12-04 11:29:35.753  4580  7317 E LynxModule: 	at com.qualcomm.hardware.lynx.LynxModule.acquireNetworkTransmissionLock(LynxModule.java:1861)
12-04 11:29:35.753  4580  7317 E LynxModule: 	at com.qualcomm.hardware.lynx.commands.LynxMessage.acquireNetworkLock(LynxMessage.java:125)
12-04 11:29:35.754  4580  7317 E LynxModule: 	at com.qualcomm.hardware.lynx.commands.LynxRespondable.send(LynxRespondable.java:233)
12-04 11:29:35.755  4580  4713 E LynxModule: 	at com.qualcomm.robotcore.util.RobotLog.getGlobalWarningMessage(RobotLog.java:454)
12-04 11:29:35.755  4580  7317 E LynxModule: 	at com.qualcomm.hardware.lynx.LynxServoController.internalSetPwmEnable(LynxServoController.java:218)
12-04 11:29:35.755  4580  7317 E LynxModule: 	at com.qualcomm.hardware.lynx.LynxServoController.pwmDisable(LynxServoController.java:156)
12-04 11:29:35.756  4580  7317 E LynxModule: 	at com.qualcomm.hardware.lynx.LynxServoController.floatHardware(LynxServoController.java:118)
12-04 11:29:35.756  4580  7317 E LynxModule: 	at com.qualcomm.hardware.lynx.LynxController.close(LynxController.java:179)
12-04 11:29:35.757  4580  7317 E LynxModule: 	at com.qualcomm.hardware.lynx.LynxModule.close(LynxModule.java:349)
12-04 11:29:35.757  4580  4713 E LynxModule: 	at com.qualcomm.robotcore.eventloop.EventLoopManager.refreshSystemTelemetry(EventLoopManager.java:409)
12-04 11:29:35.757  4580  7317 E LynxModule: 	at com.qualcomm.hardware.lynx.LynxUsbDeviceImpl.closeModules(LynxUsbDeviceImpl.java:422)
12-04 11:29:35.758  4580  7317 E LynxModule: 	at com.qualcomm.hardware.lynx.LynxUsbDeviceImpl.doCloseFromArmed(LynxUsbDeviceImpl.java:408)
12-04 11:29:35.758  4580  4713 E LynxModule: 	at com.qualcomm.robotcore.eventloop.EventLoopManager.packetReceived(EventLoopManager.java:257)
12-04 11:29:35.758  4580  4713 E LynxModule: 	at org.firstinspires.ftc.robotcore.internal.network.NetworkConnectionHandler$RecvLoopCallbackChainer.packetReceived(NetworkConnectionHandler.java:746)
12-04 11:29:35.758  4580  7317 E LynxModule: 	at org.firstinspires.ftc.robotcore.internal.hardware.usb.ArmableUsbDevice$4.run(ArmableUsbDevice.java:591)
12-04 11:29:35.759  4580  7317 E LynxModule: 	at org.firstinspires.ftc.robotcore.internal.system.Tracer.trace(Tracer.java:161)
12-04 11:29:35.759  4580  4713 E LynxModule: 	at org.firstinspires.ftc.robotcore.internal.network.RecvLoopRunnable$1.run(RecvLoopRunnable.java:249)
12-04 11:29:35.760  4580  4713 E LynxModule: 	at com.qualcomm.robotcore.util.ThreadPool.logThreadLifeCycle(ThreadPool.java:737)
12-04 11:29:35.760  4580  7317 E LynxModule: 	at org.firstinspires.ftc.robotcore.internal.hardware.usb.ArmableUsbDevice.doClose(ArmableUsbDevice.java:577)
12-04 11:29:35.760  4580  7317 E LynxModule: 	at com.qualcomm.hardware.lynx.LynxUsbDeviceImpl.doClose(LynxUsbDeviceImpl.java:219)
12-04 11:29:35.760  4580  4713 E LynxModule: 	at org.firstinspires.ftc.robotcore.internal.network.RecvLoopRunnable.run(RecvLoopRunnable.java:210)
12-04 11:29:35.761  4580  7317 E LynxModule: 	at org.firstinspires.ftc.robotcore.internal.hardware.usb.ArmableUsbDevice.releaseRef(ArmableUsbDevice.java:549)
12-04 11:29:35.761  4580  4713 E LynxModule: 	at java.util.concurrent.ThreadPoolExecutor.runWorker(ThreadPoolExecutor.java:1133)
12-04 11:29:35.761  4580  4713 E LynxModule: 	at java.util.concurrent.ThreadPoolExecutor$Worker.run(ThreadPoolExecutor.java:607)
12-04 11:29:35.761  4580  7317 E LynxModule: 	at com.qualcomm.hardware.lynx.LynxUsbDeviceDelegate.close(LynxUsbDeviceDelegate.java:92)
12-04 11:29:35.762  4580  7317 E LynxModule: 	at com.qualcomm.ftccommon.FtcEventLoopHandler.closeAutoCloseOnTeardown(FtcEventLoopHandler.java:535)
12-04 11:29:35.762  4580  4713 E LynxModule: 	at com.qualcomm.robotcore.util.ThreadPool$ThreadFactoryImpl$1.run(ThreadPool.java:793)
12-04 11:29:35.762  4580  4713 E LynxModule: 	at java.lang.Thread.run(Thread.java:761)
12-04 11:29:35.762  4580  7317 E LynxModule: 	at com.qualcomm.ftccommon.FtcEventLoopHandler.closeHardwareMap(FtcEventLoopHandler.java:167)
12-04 11:29:35.763  4580  7317 E LynxModule: 	at com.qualcomm.ftccommon.FtcEventLoopHandler.close(FtcEventLoopHandler.java:148)
12-04 11:29:35.763  4580  7317 E LynxModule: 	at com.qualcomm.ftccommon.FtcEventLoopBase.teardown(FtcEventLoopBase.java:233)
12-04 11:29:35.763  4580  4711 W LynxModule: Attempted use of a closed LynxModule instance
12-04 11:29:35.764  4580  7317 E LynxModule: 	at com.qualcomm.ftccommon.FtcEventLoop.teardown(FtcEventLoop.java:286)
12-04 11:29:35.764  4580  4711 E LynxModule: java.lang.RuntimeException
12-04 11:29:35.764  4580  7317 E LynxModule: 	at com.qualcomm.robotcore.eventloop.EventLoopManager$EventLoopRunnable$1.run(EventLoopManager.java:371)
12-04 11:29:35.765  4580  4711 E LynxModule: 	at com.qualcomm.hardware.lynx.LynxModule.warnIfClosed(LynxModule.java:509)
12-04 11:29:35.765  4580  7317 E LynxModule: 	at com.qualcomm.robotcore.util.ThreadPool.logThreadLifeCycle(ThreadPool.java:737)
12-04 11:29:35.765  4580  7317 E LynxModule: 	at com.qualcomm.robotcore.eventloop.EventLoopManager$EventLoopRunnable.run(EventLoopManager.java:267)
12-04 11:29:35.765  4580  4711 E LynxModule: 	at com.qualcomm.hardware.lynx.LynxModule.getGlobalWarnings(LynxModule.java:635)
12-04 11:29:35.766  4580  7317 E LynxModule: 	at com.qualcomm.robotcore.eventloop.EventLoopManager$1.run(EventLoopManager.java:606)
12-04 11:29:35.766  4580  7317 E LynxModule: 	at java.util.concurrent.ThreadPoolExecutor.runWorker(ThreadPoolExecutor.java:1133)
12-04 11:29:35.766  4580  4711 E LynxModule: 	at com.qualcomm.hardware.lynx.LynxUsbDeviceImpl.composeGlobalWarning(LynxUsbDeviceImpl.java:535)
12-04 11:29:35.767  4580  7317 E LynxModule: 	at java.util.concurrent.ThreadPoolExecutor$Worker.run(ThreadPoolExecutor.java:607)
12-04 11:29:35.767  4580  4711 E LynxModule: 	at org.firstinspires.ftc.robotcore.internal.hardware.usb.ArmableUsbDevice.getGlobalWarning(ArmableUsbDevice.java:178)
12-04 11:29:35.767  4580  7317 E LynxModule: 	at com.qualcomm.robotcore.util.ThreadPool$ThreadFactoryImpl$1.run(ThreadPool.java:793)
12-04 11:29:35.767  4580  4711 E LynxModule: 	at com.qualcomm.robotcore.util.RobotLog.getGlobalWarningMessage(RobotLog.java:454)
12-04 11:29:35.768  4580  7317 E LynxModule: 	at java.lang.Thread.run(Thread.java:761)
12-04 11:29:35.768  4580  4711 E LynxModule: 	at com.qualcomm.robotcore.eventloop.EventLoopManager.refreshSystemTelemetry(EventLoopManager.java:409)
12-04 11:29:35.769  4580  4711 E LynxModule: 	at com.qualcomm.robotcore.eventloop.EventLoopManager.packetReceived(EventLoopManager.java:257)
12-04 11:29:35.769  4580  7317 V LynxModule: sending LynxFtdiResetControlCommand(false) wasInterrupted=true
12-04 11:29:35.770  4580  4711 E LynxModule: 	at org.firstinspires.ftc.robotcore.internal.network.NetworkConnectionHandler$RecvLoopCallbackChainer.packetReceived(NetworkConnectionHandler.java:746)
12-04 11:29:35.771  4580  7317 V LynxModule: close(#173)
12-04 11:29:35.771  4580  4711 E LynxModule: 	at org.firstinspires.ftc.robotcore.internal.network.RecvLoopRunnable$PacketProcessor.run(RecvLoopRunnable.java:106)
12-04 11:29:35.771  4580  7317 W LynxModule: Attempted use of a closed LynxModule instance
12-04 11:29:35.771  4580  4711 E LynxModule: 	at java.util.concurrent.ThreadPoolExecutor.runWorker(ThreadPoolExecutor.java:1133)
12-04 11:29:35.772  4580  7317 E LynxModule: java.lang.RuntimeException
12-04 11:29:35.772  4580  4711 E LynxModule: 	at java.util.concurrent.ThreadPoolExecutor$Worker.run(ThreadPoolExecutor.java:607)
12-04 11:29:35.772  4580  4711 E LynxModule: 	at com.qualcomm.robotcore.util.ThreadPool$ThreadFactoryImpl$1.run(ThreadPool.java:793)
12-04 11:29:35.773  4580  7317 E LynxModule: 	at com.qualcomm.hardware.lynx.LynxModule.warnIfClosed(LynxModule.java:509)
12-04 11:29:35.773  4580  4711 E LynxModule: 	at java.lang.Thread.run(Thread.java:761)
12-04 11:29:35.773  4580  4711 W LynxModule: Attempted use of a closed LynxModule instance
12-04 11:29:35.773  4580  7317 E LynxModule: 	at com.qualcomm.hardware.lynx.LynxModule.acquireNetworkTransmissionLock(LynxModule.java:1861)
12-04 11:29:35.774  4580  4711 E LynxModule: java.lang.RuntimeException
12-04 11:29:35.774  4580  7317 E LynxModule: 	at com.qualcomm.hardware.lynx.commands.LynxMessage.acquireNetworkLock(LynxMessage.java:125)
12-04 11:29:35.774  4580  7317 E LynxModule: 	at com.qualcomm.hardware.lynx.commands.LynxRespondable.sendReceive(LynxRespondable.java:260)
12-04 11:29:35.775  4580  7317 E LynxModule: 	at com.qualcomm.hardware.lynx.LynxDcMotorController.internalGetMotorChannelMode(LynxDcMotorController.java:454)
12-04 11:29:35.775  4580  7317 E LynxModule: 	at com.qualcomm.hardware.lynx.LynxDcMotorController.internalSetZeroPowerBehavior(LynxDcMotorController.java:505)
12-04 11:29:35.775  4580  4711 E LynxModule: 	at com.qualcomm.hardware.lynx.LynxModule.warnIfClosed(LynxModule.java:509)
12-04 11:29:35.776  4580  7317 E LynxModule: 	at com.qualcomm.hardware.lynx.LynxDcMotorController.setMotorPowerFloat(LynxDcMotorController.java:671)
12-04 11:29:35.776  4580  4711 E LynxModule: 	at com.qualcomm.hardware.lynx.LynxModule.getGlobalWarnings(LynxModule.java:635)
12-04 11:29:35.777  4580  7317 E LynxModule: 	at com.qualcomm.hardware.lynx.LynxDcMotorController.floatHardware(LynxDcMotorController.java:1055)
12-04 11:29:35.777  4580  4711 E LynxModule: 	at com.qualcomm.hardware.lynx.LynxUsbDeviceImpl.composeGlobalWarning(LynxUsbDeviceImpl.java:535)
12-04 11:29:35.777  4580  7317 E LynxModule: 	at com.qualcomm.hardware.lynx.LynxController.close(LynxController.java:179)
12-04 11:29:35.777  4580  7317 E LynxModule: 	at com.qualcomm.hardware.lynx.LynxModule.close(LynxModule.java:349)
12-04 11:29:35.777  4580  4711 E LynxModule: 	at org.firstinspires.ftc.robotcore.internal.hardware.usb.ArmableUsbDevice.getGlobalWarning(ArmableUsbDevice.java:178)
12-04 11:29:35.778  4580  7317 E LynxModule: 	at com.qualcomm.hardware.lynx.LynxUsbDeviceImpl.closeModules(LynxUsbDeviceImpl.java:422)
12-04 11:29:35.778  4580  4711 E LynxModule: 	at com.qualcomm.robotcore.util.RobotLog.getGlobalWarningMessage(RobotLog.java:454)
12-04 11:29:35.778  4580  4711 E LynxModule: 	at com.qualcomm.robotcore.eventloop.EventLoopManager.refreshSystemTelemetry(EventLoopManager.java:409)
12-04 11:29:35.778  4580  7317 E LynxModule: 	at com.qualcomm.hardware.lynx.LynxUsbDeviceImpl.doCloseFromArmed(LynxUsbDeviceImpl.java:408)
12-04 11:29:35.779  4580  4711 E LynxModule: 	at com.qualcomm.robotcore.eventloop.EventLoopManager.packetReceived(EventLoopManager.java:257)
12-04 11:29:35.779  4580  7317 E LynxModule: 	at org.firstinspires.ftc.robotcore.internal.hardware.usb.ArmableUsbDevice$4.run(ArmableUsbDevice.java:591)
12-04 11:29:35.780  4580  7317 E LynxModule: 	at org.firstinspires.ftc.robotcore.internal.system.Tracer.trace(Tracer.java:161)
12-04 11:29:35.780  4580  4711 E LynxModule: 	at org.firstinspires.ftc.robotcore.internal.network.NetworkConnectionHandler$RecvLoopCallbackChainer.packetReceived(NetworkConnectionHandler.java:746)
12-04 11:29:35.780  4580  7317 E LynxModule: 	at org.firstinspires.ftc.robotcore.internal.hardware.usb.ArmableUsbDevice.doClose(ArmableUsbDevice.java:577)
12-04 11:29:35.780  4580  4711 E LynxModule: 	at org.firstinspires.ftc.robotcore.internal.network.RecvLoopRunnable$PacketProcessor.run(RecvLoopRunnable.java:106)
12-04 11:29:35.780  4580  7317 E LynxModule: 	at com.qualcomm.hardware.lynx.LynxUsbDeviceImpl.doClose(LynxUsbDeviceImpl.java:219)
12-04 11:29:35.781  4580  4711 E LynxModule: 	at java.util.concurrent.ThreadPoolExecutor.runWorker(ThreadPoolExecutor.java:1133)
12-04 11:29:35.781  4580  7317 E LynxModule: 	at org.firstinspires.ftc.robotcore.internal.hardware.usb.ArmableUsbDevice.releaseRef(ArmableUsbDevice.java:549)
12-04 11:29:35.781  4580  4711 E LynxModule: 	at java.util.concurrent.ThreadPoolExecutor$Worker.run(ThreadPoolExecutor.java:607)
12-04 11:29:35.781  4580  7317 E LynxModule: 	at com.qualcomm.hardware.lynx.LynxUsbDeviceDelegate.close(LynxUsbDeviceDelegate.java:92)
12-04 11:29:35.782  4580  4711 E LynxModule: 	at com.qualcomm.robotcore.util.ThreadPool$ThreadFactoryImpl$1.run(ThreadPool.java:793)
12-04 11:29:35.782  4580  7317 E LynxModule: 	at com.qualcomm.ftccommon.FtcEventLoopHandler.closeAutoCloseOnTeardown(FtcEventLoopHandler.java:535)
12-04 11:29:35.782  4580  4711 E LynxModule: 	at java.lang.Thread.run(Thread.java:761)
12-04 11:29:35.782  4580  4711 W LynxModule: Attempted use of a closed LynxModule instance
12-04 11:29:35.783  4580  7317 E LynxModule: 	at com.qualcomm.ftccommon.FtcEventLoopHandler.closeHardwareMap(FtcEventLoopHandler.java:167)
12-04 11:29:35.783  4580  7317 E LynxModule: 	at com.qualcomm.ftccommon.FtcEventLoopHandler.close(FtcEventLoopHandler.java:148)
12-04 11:29:35.783  4580  4711 E LynxModule: java.lang.RuntimeException
12-04 11:29:35.783  4580  7317 E LynxModule: 	at com.qualcomm.ftccommon.FtcEventLoopBase.teardown(FtcEventLoopBase.java:233)
12-04 11:29:35.784  4580  4711 E LynxModule: 	at com.qualcomm.hardware.lynx.LynxModule.warnIfClosed(LynxModule.java:509)
12-04 11:29:35.784  4580  7317 E LynxModule: 	at com.qualcomm.ftccommon.FtcEventLoop.teardown(FtcEventLoop.java:286)
12-04 11:29:35.784  4580  7317 E LynxModule: 	at com.qualcomm.robotcore.eventloop.EventLoopManager$EventLoopRunnable$1.run(EventLoopManager.java:371)
12-04 11:29:35.785  4580  7317 E LynxModule: 	at com.qualcomm.robotcore.util.ThreadPool.logThreadLifeCycle(ThreadPool.java:737)
12-04 11:29:35.784  4580  4711 E LynxModule: 	at com.qualcomm.hardware.lynx.LynxModule.isNotResponding(LynxModule.java:501)
12-04 11:29:35.785  4580  7317 E LynxModule: 	at com.qualcomm.robotcore.eventloop.EventLoopManager$EventLoopRunnable.run(EventLoopManager.java:267)
12-04 11:29:35.786  4580  4711 E LynxModule: 	at com.qualcomm.hardware.lynx.LynxModuleWarningManager$UnresponsiveStatus.conditionCurrentlyTrue(LynxModuleWarningManager.java:236)
12-04 11:29:35.786  4580  7317 E LynxModule: 	at com.qualcomm.robotcore.eventloop.EventLoopManager$1.run(EventLoopManager.java:606)
12-04 11:29:35.786  4580  7317 E LynxModule: 	at java.util.concurrent.ThreadPoolExecutor.runWorker(ThreadPoolExecutor.java:1133)
12-04 11:29:35.786  4580  4711 E LynxModule: 	at com.qualcomm.hardware.lynx.LynxModuleWarningManager$ConditionStatus.hasChangedSinceLastCheck(LynxModuleWarningManager.java:224)
12-04 11:29:35.787  4580  7317 E LynxModule: 	at java.util.concurrent.ThreadPoolExecutor$Worker.run(ThreadPoolExecutor.java:607)
12-04 11:29:35.787  4580  4711 E LynxModule: 	at com.qualcomm.hardware.lynx.LynxModuleWarningManager$LynxModuleWarningSource.getGlobalWarning(LynxModuleWarningManager.java:278)
12-04 11:29:35.787  4580  4711 E LynxModule: 	at com.qualcomm.robotcore.util.RobotLog.getGlobalWarningMessage(RobotLog.java:454)
12-04 11:29:35.787  4580  7317 E LynxModule: 	at com.qualcomm.robotcore.util.ThreadPool$ThreadFactoryImpl$1.run(ThreadPool.java:793)
12-04 11:29:35.788  4580  7317 E LynxModule: 	at java.lang.Thread.run(Thread.java:761)
12-04 11:29:35.788  4580  4711 E LynxModule: 	at com.qualcomm.robotcore.eventloop.EventLoopManager.refreshSystemTelemetry(EventLoopManager.java:409)
12-04 11:29:35.788  4580  7317 W LynxModule: Attempted use of a closed LynxModule instance
12-04 11:29:35.789  4580  4711 E LynxModule: 	at com.qualcomm.robotcore.eventloop.EventLoopManager.packetReceived(EventLoopManager.java:257)
12-04 11:29:35.789  4580  7317 E LynxModule: java.lang.RuntimeException
12-04 11:29:35.789  4580  4711 E LynxModule: 	at org.firstinspires.ftc.robotcore.internal.network.NetworkConnectionHandler$RecvLoopCallbackChainer.packetReceived(NetworkConnectionHandler.java:746)
12-04 11:29:35.790  4580  4711 E LynxModule: 	at org.firstinspires.ftc.robotcore.internal.network.RecvLoopRunnable$PacketProcessor.run(RecvLoopRunnable.java:106)
12-04 11:29:35.790  4580  7317 E LynxModule: 	at com.qualcomm.hardware.lynx.LynxModule.warnIfClosed(LynxModule.java:509)
12-04 11:29:35.790  4580  4711 E LynxModule: 	at java.util.concurrent.ThreadPoolExecutor.runWorker(ThreadPoolExecutor.java:1133)
12-04 11:29:35.790  4580  7317 E LynxModule: 	at com.qualcomm.hardware.lynx.LynxModule.acquireNetworkTransmissionLock(LynxModule.java:1861)
12-04 11:29:35.790  4580  4711 E LynxModule: 	at java.util.concurrent.ThreadPoolExecutor$Worker.run(ThreadPoolExecutor.java:607)
12-04 11:29:35.791  4580  7317 E LynxModule: 	at com.qualcomm.hardware.lynx.commands.LynxMessage.acquireNetworkLock(LynxMessage.java:125)
12-04 11:29:35.791  4580  4711 E LynxModule: 	at com.qualcomm.robotcore.util.ThreadPool$ThreadFactoryImpl$1.run(ThreadPool.java:793)
12-04 11:29:35.792  4580  7317 E LynxModule: 	at com.qualcomm.hardware.lynx.commands.LynxRespondable.send(LynxRespondable.java:233)
12-04 11:29:35.792  4580  4711 E LynxModule: 	at java.lang.Thread.run(Thread.java:761)
12-04 11:29:35.792  4580  4711 W LynxModule: Attempted use of a closed LynxModule instance
12-04 11:29:35.792  4580  7317 E LynxModule: 	at com.qualcomm.hardware.lynx.LynxDcMotorController.internalSetZeroPowerBehavior(LynxDcMotorController.java:510)
12-04 11:29:35.793  4580  7317 E LynxModule: 	at com.qualcomm.hardware.lynx.LynxDcMotorController.setMotorPowerFloat(LynxDcMotorController.java:671)
12-04 11:29:35.793  4580  4711 E LynxModule: java.lang.RuntimeException
12-04 11:29:35.793  4580  7317 E LynxModule: 	at com.qualcomm.hardware.lynx.LynxDcMotorController.floatHardware(LynxDcMotorController.java:1055)
12-04 11:29:35.794  4580  4711 E LynxModule: 	at com.qualcomm.hardware.lynx.LynxModule.warnIfClosed(LynxModule.java:509)
12-04 11:29:35.794  4580  7317 E LynxModule: 	at com.qualcomm.hardware.lynx.LynxController.close(LynxController.java:179)
12-04 11:29:35.794  4580  7317 E LynxModule: 	at com.qualcomm.hardware.lynx.LynxModule.close(LynxModule.java:349)
12-04 11:29:35.794  4580  4711 E LynxModule: 	at com.qualcomm.hardware.lynx.LynxModule.getGlobalWarnings(LynxModule.java:635)
12-04 11:29:35.795  4580  7317 E LynxModule: 	at com.qualcomm.hardware.lynx.LynxUsbDeviceImpl.closeModules(LynxUsbDeviceImpl.java:422)
12-04 11:29:35.795  4580  4711 E LynxModule: 	at com.qualcomm.hardware.lynx.LynxUsbDeviceImpl.composeGlobalWarning(LynxUsbDeviceImpl.java:535)
12-04 11:29:35.795  4580  7317 E LynxModule: 	at com.qualcomm.hardware.lynx.LynxUsbDeviceImpl.doCloseFromArmed(LynxUsbDeviceImpl.java:408)
12-04 11:29:35.795  4580  4711 E LynxModule: 	at org.firstinspires.ftc.robotcore.internal.hardware.usb.ArmableUsbDevice.getGlobalWarning(ArmableUsbDevice.java:178)
12-04 11:29:35.796  4580  7317 E LynxModule: 	at org.firstinspires.ftc.robotcore.internal.hardware.usb.ArmableUsbDevice$4.run(ArmableUsbDevice.java:591)
12-04 11:29:35.796  4580  4711 E LynxModule: 	at com.qualcomm.robotcore.util.RobotLog.getGlobalWarningMessage(RobotLog.java:454)
12-04 11:29:35.796  4580  7317 E LynxModule: 	at org.firstinspires.ftc.robotcore.internal.system.Tracer.trace(Tracer.java:161)
12-04 11:29:35.796  4580  4711 E LynxModule: 	at com.qualcomm.robotcore.eventloop.EventLoopManager.refreshSystemTelemetry(EventLoopManager.java:409)
12-04 11:29:35.797  4580  7317 E LynxModule: 	at org.firstinspires.ftc.robotcore.internal.hardware.usb.ArmableUsbDevice.doClose(ArmableUsbDevice.java:577)
12-04 11:29:35.797  4580  4711 E LynxModule: 	at com.qualcomm.robotcore.eventloop.EventLoopManager.packetReceived(EventLoopManager.java:257)
12-04 11:29:35.797  4580  7317 E LynxModule: 	at com.qualcomm.hardware.lynx.LynxUsbDeviceImpl.doClose(LynxUsbDeviceImpl.java:219)
12-04 11:29:35.798  4580  7317 E LynxModule: 	at org.firstinspires.ftc.robotcore.internal.hardware.usb.ArmableUsbDevice.releaseRef(ArmableUsbDevice.java:549)
12-04 11:29:35.798  4580  7317 E LynxModule: 	at com.qualcomm.hardware.lynx.LynxUsbDeviceDelegate.close(LynxUsbDeviceDelegate.java:92)
12-04 11:29:35.798  4580  4711 E LynxModule: 	at org.firstinspires.ftc.robotcore.internal.network.NetworkConnectionHandler$RecvLoopCallbackChainer.packetReceived(NetworkConnectionHandler.java:746)
12-04 11:29:35.799  4580  4711 E LynxModule: 	at org.firstinspires.ftc.robotcore.internal.network.RecvLoopRunnable$PacketProcessor.run(RecvLoopRunnable.java:106)
12-04 11:29:35.799  4580  7317 E LynxModule: 	at com.qualcomm.ftccommon.FtcEventLoopHandler.closeAutoCloseOnTeardown(FtcEventLoopHandler.java:535)
12-04 11:29:35.799  4580  4711 E LynxModule: 	at java.util.concurrent.ThreadPoolExecutor.runWorker(ThreadPoolExecutor.java:1133)
12-04 11:29:35.799  4580  7317 E LynxModule: 	at com.qualcomm.ftccommon.FtcEventLoopHandler.closeHardwareMap(FtcEventLoopHandler.java:167)
12-04 11:29:35.800  4580  4711 E LynxModule: 	at java.util.concurrent.ThreadPoolExecutor$Worker.run(ThreadPoolExecutor.java:607)
12-04 11:29:35.800  4580  7317 E LynxModule: 	at com.qualcomm.ftccommon.FtcEventLoopHandler.close(FtcEventLoopHandler.java:148)
12-04 11:29:35.800  4580  4711 E LynxModule: 	at com.qualcomm.robotcore.util.ThreadPool$ThreadFactoryImpl$1.run(ThreadPool.java:793)
12-04 11:29:35.800  4580  7317 E LynxModule: 	at com.qualcomm.ftccommon.FtcEventLoopBase.teardown(FtcEventLoopBase.java:233)
12-04 11:29:35.801  4580  7317 E LynxModule: 	at com.qualcomm.ftccommon.FtcEventLoop.teardown(FtcEventLoop.java:286)
12-04 11:29:35.801  4580  4711 E LynxModule: 	at java.lang.Thread.run(Thread.java:761)
12-04 11:29:35.801  4580  4711 W LynxModule: Attempted use of a closed LynxModule instance
12-04 11:29:35.801  4580  7317 E LynxModule: 	at com.qualcomm.robotcore.eventloop.EventLoopManager$EventLoopRunnable$1.run(EventLoopManager.java:371)
12-04 11:29:35.802  4580  7317 E LynxModule: 	at com.qualcomm.robotcore.util.ThreadPool.logThreadLifeCycle(ThreadPool.java:737)
12-04 11:29:35.802  4580  4711 E LynxModule: java.lang.RuntimeException
12-04 11:29:35.803  4580  7317 E LynxModule: 	at com.qualcomm.robotcore.eventloop.EventLoopManager$EventLoopRunnable.run(EventLoopManager.java:267)
12-04 11:29:35.803  4580  7317 E LynxModule: 	at com.qualcomm.robotcore.eventloop.EventLoopManager$1.run(EventLoopManager.java:606)
12-04 11:29:35.803  4580  4711 E LynxModule: 	at com.qualcomm.hardware.lynx.LynxModule.warnIfClosed(LynxModule.java:509)
12-04 11:29:35.804  4580  4711 E LynxModule: 	at com.qualcomm.hardware.lynx.LynxModule.isNotResponding(LynxModule.java:501)
12-04 11:29:35.804  4580  7317 E LynxModule: 	at java.util.concurrent.ThreadPoolExecutor.runWorker(ThreadPoolExecutor.java:1133)
12-04 11:29:35.804  4580  7317 E LynxModule: 	at java.util.concurrent.ThreadPoolExecutor$Worker.run(ThreadPoolExecutor.java:607)
12-04 11:29:35.805  4580  4711 E LynxModule: 	at com.qualcomm.hardware.lynx.LynxModuleWarningManager$UnresponsiveStatus.conditionCurrentlyTrue(LynxModuleWarningManager.java:236)
12-04 11:29:35.805  4580  7317 E LynxModule: 	at com.qualcomm.robotcore.util.ThreadPool$ThreadFactoryImpl$1.run(ThreadPool.java:793)
12-04 11:29:35.805  4580  7317 E LynxModule: 	at java.lang.Thread.run(Thread.java:761)
12-04 11:29:35.806  4580  7317 W LynxModule: Attempted use of a closed LynxModule instance
12-04 11:29:35.806  4580  4711 E LynxModule: 	at com.qualcomm.hardware.lynx.LynxModuleWarningManager$ConditionStatus.hasChangedSinceLastCheck(LynxModuleWarningManager.java:224)
12-04 11:29:35.806  4580  4711 E LynxModule: 	at com.qualcomm.hardware.lynx.LynxModuleWarningManager$LynxModuleWarningSource.getGlobalWarning(LynxModuleWarningManager.java:278)
12-04 11:29:35.807  4580  4711 E LynxModule: 	at com.qualcomm.robotcore.util.RobotLog.getGlobalWarningMessage(RobotLog.java:454)
12-04 11:29:35.808  4580  4711 E LynxModule: 	at com.qualcomm.robotcore.eventloop.EventLoopManager.refreshSystemTelemetry(EventLoopManager.java:409)
12-04 11:29:35.808  4580  4711 E LynxModule: 	at com.qualcomm.robotcore.eventloop.EventLoopManager.packetReceived(EventLoopManager.java:257)
12-04 11:29:35.809  4580  4711 E LynxModule: 	at org.firstinspires.ftc.robotcore.internal.network.NetworkConnectionHandler$RecvLoopCallbackChainer.packetReceived(NetworkConnectionHandler.java:746)
12-04 11:29:35.810  4580  4711 E LynxModule: 	at org.firstinspires.ftc.robotcore.internal.network.RecvLoopRunnable$PacketProcessor.run(RecvLoopRunnable.java:106)
12-04 11:29:35.810  4580  7317 E LynxModule: java.lang.RuntimeException
12-04 11:29:35.811  4580  7317 E LynxModule: 	at com.qualcomm.hardware.lynx.LynxModule.warnIfClosed(LynxModule.java:509)
12-04 11:29:35.811  4580  4711 E LynxModule: 	at java.util.concurrent.ThreadPoolExecutor.runWorker(ThreadPoolExecutor.java:1133)
12-04 11:29:35.811  4580  4711 E LynxModule: 	at java.util.concurrent.ThreadPoolExecutor$Worker.run(ThreadPoolExecutor.java:607)
12-04 11:29:35.811  4580  7317 E LynxModule: 	at com.qualcomm.hardware.lynx.LynxModule.acquireNetworkTransmissionLock(LynxModule.java:1861)
12-04 11:29:35.812  4580  4711 E LynxModule: 	at com.qualcomm.robotcore.util.ThreadPool$ThreadFactoryImpl$1.run(ThreadPool.java:793)
12-04 11:29:35.812  4580  7317 E LynxModule: 	at com.qualcomm.hardware.lynx.commands.LynxMessage.acquireNetworkLock(LynxMessage.java:125)
12-04 11:29:35.812  4580  4711 E LynxModule: 	at java.lang.Thread.run(Thread.java:761)
12-04 11:29:35.812  4580  7317 E LynxModule: 	at com.qualcomm.hardware.lynx.commands.LynxRespondable.sendReceive(LynxRespondable.java:260)
12-04 11:29:35.813  4580  7317 E LynxModule: 	at com.qualcomm.hardware.lynx.LynxDcMotorController.internalGetPublicMotorMode(LynxDcMotorController.java:427)
12-04 11:29:35.813  4580  7317 E LynxModule: 	at com.qualcomm.hardware.lynx.LynxDcMotorController.internalSetMotorPower(LynxDcMotorController.java:530)
12-04 11:29:35.814  4580  7317 E LynxModule: 	at com.qualcomm.hardware.lynx.LynxDcMotorController.internalSetMotorPower(LynxDcMotorController.java:521)
12-04 11:29:35.814  4580  7317 E LynxModule: 	at com.qualcomm.hardware.lynx.LynxDcMotorController.setMotorPowerFloat(LynxDcMotorController.java:672)
12-04 11:29:35.815  4580  7317 E LynxModule: 	at com.qualcomm.hardware.lynx.LynxDcMotorController.floatHardware(LynxDcMotorController.java:1055)
12-04 11:29:35.815  4580  7317 E LynxModule: 	at com.qualcomm.hardware.lynx.LynxController.close(LynxController.java:179)
12-04 11:29:35.816  4580  7317 E LynxModule: 	at com.qualcomm.hardware.lynx.LynxModule.close(LynxModule.java:349)
12-04 11:29:35.816  4580  7317 E LynxModule: 	at com.qualcomm.hardware.lynx.LynxUsbDeviceImpl.closeModules(LynxUsbDeviceImpl.java:422)
12-04 11:29:35.817  4580  7317 E LynxModule: 	at com.qualcomm.hardware.lynx.LynxUsbDeviceImpl.doCloseFromArmed(LynxUsbDeviceImpl.java:408)
12-04 11:29:35.817  4580  7317 E LynxModule: 	at org.firstinspires.ftc.robotcore.internal.hardware.usb.ArmableUsbDevice$4.run(ArmableUsbDevice.java:591)
12-04 11:29:35.818  4580  4711 W LynxModule: Attempted use of a closed LynxModule instance
12-04 11:29:35.818  4580  7317 E LynxModule: 	at org.firstinspires.ftc.robotcore.internal.system.Tracer.trace(Tracer.java:161)
12-04 11:29:35.821  4580  4711 E LynxModule: java.lang.RuntimeException
12-04 11:29:35.821  4580  7317 E LynxModule: 	at org.firstinspires.ftc.robotcore.internal.hardware.usb.ArmableUsbDevice.doClose(ArmableUsbDevice.java:577)
12-04 11:29:35.821  4580  7317 E LynxModule: 	at com.qualcomm.hardware.lynx.LynxUsbDeviceImpl.doClose(LynxUsbDeviceImpl.java:219)
12-04 11:29:35.822  4580  7317 E LynxModule: 	at org.firstinspires.ftc.robotcore.internal.hardware.usb.ArmableUsbDevice.releaseRef(ArmableUsbDevice.java:549)
12-04 11:29:35.822  4580  4711 E LynxModule: 	at com.qualcomm.hardware.lynx.LynxModule.warnIfClosed(LynxModule.java:509)
12-04 11:29:35.822  4580  7317 E LynxModule: 	at com.qualcomm.hardware.lynx.LynxUsbDeviceDelegate.close(LynxUsbDeviceDelegate.java:92)
12-04 11:29:35.822  4580  4711 E LynxModule: 	at com.qualcomm.hardware.lynx.LynxModule.getGlobalWarnings(LynxModule.java:635)
12-04 11:29:35.823  4580  7317 E LynxModule: 	at com.qualcomm.ftccommon.FtcEventLoopHandler.closeAutoCloseOnTeardown(FtcEventLoopHandler.java:535)
12-04 11:29:35.823  4580  4711 E LynxModule: 	at com.qualcomm.hardware.lynx.LynxUsbDeviceImpl.composeGlobalWarning(LynxUsbDeviceImpl.java:535)
12-04 11:29:35.823  4580  7317 E LynxModule: 	at com.qualcomm.ftccommon.FtcEventLoopHandler.closeHardwareMap(FtcEventLoopHandler.java:167)
12-04 11:29:35.823  4580  4711 E LynxModule: 	at org.firstinspires.ftc.robotcore.internal.hardware.usb.ArmableUsbDevice.getGlobalWarning(ArmableUsbDevice.java:178)
12-04 11:29:35.823  4580  7317 E LynxModule: 	at com.qualcomm.ftccommon.FtcEventLoopHandler.close(FtcEventLoopHandler.java:148)
12-04 11:29:35.824  4580  4711 E LynxModule: 	at com.qualcomm.robotcore.util.RobotLog.getGlobalWarningMessage(RobotLog.java:454)
12-04 11:29:35.824  4580  7317 E LynxModule: 	at com.qualcomm.ftccommon.FtcEventLoopBase.teardown(FtcEventLoopBase.java:233)
12-04 11:29:35.824  4580  4711 E LynxModule: 	at com.qualcomm.robotcore.eventloop.EventLoopManager.refreshSystemTelemetry(EventLoopManager.java:409)
12-04 11:29:35.824  4580  7317 E LynxModule: 	at com.qualcomm.ftccommon.FtcEventLoop.teardown(FtcEventLoop.java:286)
12-04 11:29:35.824  4580  4711 E LynxModule: 	at com.qualcomm.robotcore.eventloop.EventLoopManager.packetReceived(EventLoopManager.java:257)
12-04 11:29:35.825  4580  7317 E LynxModule: 	at com.qualcomm.robotcore.eventloop.EventLoopManager$EventLoopRunnable$1.run(EventLoopManager.java:371)
12-04 11:29:35.825  4580  7317 E LynxModule: 	at com.qualcomm.robotcore.util.ThreadPool.logThreadLifeCycle(ThreadPool.java:737)
12-04 11:29:35.825  4580  4711 E LynxModule: 	at org.firstinspires.ftc.robotcore.internal.network.NetworkConnectionHandler$RecvLoopCallbackChainer.packetReceived(NetworkConnectionHandler.java:746)
12-04 11:29:35.825  4580  7317 E LynxModule: 	at com.qualcomm.robotcore.eventloop.EventLoopManager$EventLoopRunnable.run(EventLoopManager.java:267)
12-04 11:29:35.826  4580  4711 E LynxModule: 	at org.firstinspires.ftc.robotcore.internal.network.RecvLoopRunnable$PacketProcessor.run(RecvLoopRunnable.java:106)
12-04 11:29:35.826  4580  7317 E LynxModule: 	at com.qualcomm.robotcore.eventloop.EventLoopManager$1.run(EventLoopManager.java:606)
12-04 11:29:35.826  4580  4711 E LynxModule: 	at java.util.concurrent.ThreadPoolExecutor.runWorker(ThreadPoolExecutor.java:1133)
12-04 11:29:35.826  4580  7317 E LynxModule: 	at java.util.concurrent.ThreadPoolExecutor.runWorker(ThreadPoolExecutor.java:1133)
12-04 11:29:35.826  4580  4711 E LynxModule: 	at java.util.concurrent.ThreadPoolExecutor$Worker.run(ThreadPoolExecutor.java:607)
12-04 11:29:35.827  4580  7317 E LynxModule: 	at java.util.concurrent.ThreadPoolExecutor$Worker.run(ThreadPoolExecutor.java:607)
12-04 11:29:35.827  4580  4711 E LynxModule: 	at com.qualcomm.robotcore.util.ThreadPool$ThreadFactoryImpl$1.run(ThreadPool.java:793)
12-04 11:29:35.827  4580  4711 E LynxModule: 	at java.lang.Thread.run(Thread.java:761)
12-04 11:29:35.828  4580  4711 W LynxModule: Attempted use of a closed LynxModule instance
12-04 11:29:35.828  4580  7317 E LynxModule: 	at com.qualcomm.robotcore.util.ThreadPool$ThreadFactoryImpl$1.run(ThreadPool.java:793)
12-04 11:29:35.828  4580  4711 E LynxModule: java.lang.RuntimeException
12-04 11:29:35.828  4580  7317 E LynxModule: 	at java.lang.Thread.run(Thread.java:761)
12-04 11:29:35.829  4580  7317 W LynxModule: Attempted use of a closed LynxModule instance
12-04 11:29:35.829  4580  4711 E LynxModule: 	at com.qualcomm.hardware.lynx.LynxModule.warnIfClosed(LynxModule.java:509)
12-04 11:29:35.829  4580  7317 E LynxModule: java.lang.RuntimeException
12-04 11:29:35.830  4580  4711 E LynxModule: 	at com.qualcomm.hardware.lynx.LynxModule.isNotResponding(LynxModule.java:501)
12-04 11:29:35.830  4580  4711 E LynxModule: 	at com.qualcomm.hardware.lynx.LynxModuleWarningManager$UnresponsiveStatus.conditionCurrentlyTrue(LynxModuleWarningManager.java:236)
12-04 11:29:35.830  4580  7317 E LynxModule: 	at com.qualcomm.hardware.lynx.LynxModule.warnIfClosed(LynxModule.java:509)
12-04 11:29:35.831  4580  7317 E LynxModule: 	at com.qualcomm.hardware.lynx.LynxModule.acquireNetworkTransmissionLock(LynxModule.java:1861)
12-04 11:29:35.831  4580  7317 E LynxModule: 	at com.qualcomm.hardware.lynx.commands.LynxMessage.acquireNetworkLock(LynxMessage.java:125)
12-04 11:29:35.832  4580  4711 E LynxModule: 	at com.qualcomm.hardware.lynx.LynxModuleWarningManager$ConditionStatus.hasChangedSinceLastCheck(LynxModuleWarningManager.java:224)
12-04 11:29:35.832  4580  7317 E LynxModule: 	at com.qualcomm.hardware.lynx.commands.LynxRespondable.send(LynxRespondable.java:233)
12-04 11:29:35.833  4580  4711 E LynxModule: 	at com.qualcomm.hardware.lynx.LynxModuleWarningManager$LynxModuleWarningSource.getGlobalWarning(LynxModuleWarningManager.java:278)
12-04 11:29:35.833  4580  7317 E LynxModule: 	at com.qualcomm.hardware.lynx.LynxDcMotorController.internalSetMotorPower(LynxDcMotorController.java:562)
12-04 11:29:35.833  4580  4711 E LynxModule: 	at com.qualcomm.robotcore.util.RobotLog.getGlobalWarningMessage(RobotLog.java:454)
12-04 11:29:35.833  4580  7317 E LynxModule: 	at com.qualcomm.hardware.lynx.LynxDcMotorController.internalSetMotorPower(LynxDcMotorController.java:521)
12-04 11:29:35.833  4580  4711 E LynxModule: 	at com.qualcomm.robotcore.eventloop.EventLoopManager.refreshSystemTelemetry(EventLoopManager.java:409)
12-04 11:29:35.834  4580  7317 E LynxModule: 	at com.qualcomm.hardware.lynx.LynxDcMotorController.setMotorPowerFloat(LynxDcMotorController.java:672)
12-04 11:29:35.834  4580  4711 E LynxModule: 	at com.qualcomm.robotcore.eventloop.EventLoopManager.packetReceived(EventLoopManager.java:257)
12-04 11:29:35.834  4580  7317 E LynxModule: 	at com.qualcomm.hardware.lynx.LynxDcMotorController.floatHardware(LynxDcMotorController.java:1055)
12-04 11:29:35.835  4580  4711 E LynxModule: 	at org.firstinspires.ftc.robotcore.internal.network.NetworkConnectionHandler$RecvLoopCallbackChainer.packetReceived(NetworkConnectionHandler.java:746)
12-04 11:29:35.835  4580  7317 E LynxModule: 	at com.qualcomm.hardware.lynx.LynxController.close(LynxController.java:179)
12-04 11:29:35.835  4580  4711 E LynxModule: 	at org.firstinspires.ftc.robotcore.internal.network.RecvLoopRunnable$PacketProcessor.run(RecvLoopRunnable.java:106)
12-04 11:29:35.835  4580  7317 E LynxModule: 	at com.qualcomm.hardware.lynx.LynxModule.close(LynxModule.java:349)
12-04 11:29:35.835  4580  4711 E LynxModule: 	at java.util.concurrent.ThreadPoolExecutor.runWorker(ThreadPoolExecutor.java:1133)
12-04 11:29:35.836  4580  4711 E LynxModule: 	at java.util.concurrent.ThreadPoolExecutor$Worker.run(ThreadPoolExecutor.java:607)
12-04 11:29:35.836  4580  7317 E LynxModule: 	at com.qualcomm.hardware.lynx.LynxUsbDeviceImpl.closeModules(LynxUsbDeviceImpl.java:422)
12-04 11:29:35.836  4580  7317 E LynxModule: 	at com.qualcomm.hardware.lynx.LynxUsbDeviceImpl.doCloseFromArmed(LynxUsbDeviceImpl.java:408)
12-04 11:29:35.836  4580  4711 E LynxModule: 	at com.qualcomm.robotcore.util.ThreadPool$ThreadFactoryImpl$1.run(ThreadPool.java:793)
12-04 11:29:35.837  4580  4711 E LynxModule: 	at java.lang.Thread.run(Thread.java:761)
12-04 11:29:35.837  4580  7317 E LynxModule: 	at org.firstinspires.ftc.robotcore.internal.hardware.usb.ArmableUsbDevice$4.run(ArmableUsbDevice.java:591)
12-04 11:29:35.837  4580  7317 E LynxModule: 	at org.firstinspires.ftc.robotcore.internal.system.Tracer.trace(Tracer.java:161)
12-04 11:29:35.838  4580  7317 E LynxModule: 	at org.firstinspires.ftc.robotcore.internal.hardware.usb.ArmableUsbDevice.doClose(ArmableUsbDevice.java:577)
12-04 11:29:35.838  4580  7317 E LynxModule: 	at com.qualcomm.hardware.lynx.LynxUsbDeviceImpl.doClose(LynxUsbDeviceImpl.java:219)
12-04 11:29:35.839  4580  7317 E LynxModule: 	at org.firstinspires.ftc.robotcore.internal.hardware.usb.ArmableUsbDevice.releaseRef(ArmableUsbDevice.java:549)
12-04 11:29:35.839  4580  7317 E LynxModule: 	at com.qualcomm.hardware.lynx.LynxUsbDeviceDelegate.close(LynxUsbDeviceDelegate.java:92)
12-04 11:29:35.840  4580  7317 E LynxModule: 	at com.qualcomm.ftccommon.FtcEventLoopHandler.closeAutoCloseOnTeardown(FtcEventLoopHandler.java:535)
12-04 11:29:35.840  4580  7317 E LynxModule: 	at com.qualcomm.ftccommon.FtcEventLoopHandler.closeHardwareMap(FtcEventLoopHandler.java:167)
12-04 11:29:35.841  4580  7317 E LynxModule: 	at com.qualcomm.ftccommon.FtcEventLoopHandler.close(FtcEventLoopHandler.java:148)
12-04 11:29:35.841  4580  7317 E LynxModule: 	at com.qualcomm.ftccommon.FtcEventLoopBase.teardown(FtcEventLoopBase.java:233)
12-04 11:29:35.842  4580  7317 E LynxModule: 	at com.qualcomm.ftccommon.FtcEventLoop.teardown(FtcEventLoop.java:286)
12-04 11:29:35.842  4580  7317 E LynxModule: 	at com.qualcomm.robotcore.eventloop.EventLoopManager$EventLoopRunnable$1.run(EventLoopManager.java:371)
12-04 11:29:35.843  4580  7317 E LynxModule: 	at com.qualcomm.robotcore.util.ThreadPool.logThreadLifeCycle(ThreadPool.java:737)
12-04 11:29:35.844  4580  7317 E LynxModule: 	at com.qualcomm.robotcore.eventloop.EventLoopManager$EventLoopRunnable.run(EventLoopManager.java:267)
12-04 11:29:35.844  4580  7317 E LynxModule: 	at com.qualcomm.robotcore.eventloop.EventLoopManager$1.run(EventLoopManager.java:606)
12-04 11:29:35.845  4580  7317 E LynxModule: 	at java.util.concurrent.ThreadPoolExecutor.runWorker(ThreadPoolExecutor.java:1133)
12-04 11:29:35.845  4580  7317 E LynxModule: 	at java.util.concurrent.ThreadPoolExecutor$Worker.run(ThreadPoolExecutor.java:607)
12-04 11:29:35.846  4580  7317 E LynxModule: 	at com.qualcomm.robotcore.util.ThreadPool$ThreadFactoryImpl$1.run(ThreadPool.java:793)
12-04 11:29:35.847  4580  7317 E LynxModule: 	at java.lang.Thread.run(Thread.java:761)
12-04 11:29:35.850  4580  7317 W LynxModule: Attempted use of a closed LynxModule instance
12-04 11:29:35.851  4580  7317 E LynxModule: java.lang.RuntimeException
12-04 11:29:35.852  4580  7317 E LynxModule: 	at com.qualcomm.hardware.lynx.LynxModule.warnIfClosed(LynxModule.java:509)
12-04 11:29:35.853  4580  7317 E LynxModule: 	at com.qualcomm.hardware.lynx.LynxModule.acquireNetworkTransmissionLock(LynxModule.java:1861)
12-04 11:29:35.854  4580  7317 E LynxModule: 	at com.qualcomm.hardware.lynx.commands.LynxMessage.acquireNetworkLock(LynxMessage.java:125)
12-04 11:29:35.855  4580  7317 E LynxModule: 	at com.qualcomm.hardware.lynx.commands.LynxRespondable.sendReceive(LynxRespondable.java:260)
12-04 11:29:35.856  4580  4713 W LynxModule: Attempted use of a closed LynxModule instance
12-04 11:29:35.857  4580  4713 E LynxModule: java.lang.RuntimeException
12-04 11:29:35.858  4580  4713 E LynxModule: 	at com.qualcomm.hardware.lynx.LynxModule.warnIfClosed(LynxModule.java:509)
12-04 11:29:35.859  4580  4713 E LynxModule: 	at com.qualcomm.hardware.lynx.LynxModule.getGlobalWarnings(LynxModule.java:635)
12-04 11:29:35.860  4580  4713 E LynxModule: 	at com.qualcomm.hardware.lynx.LynxUsbDeviceImpl.composeGlobalWarning(LynxUsbDeviceImpl.java:535)
12-04 11:29:35.861  4580  4713 E LynxModule: 	at org.firstinspires.ftc.robotcore.internal.hardware.usb.ArmableUsbDevice.getGlobalWarning(ArmableUsbDevice.java:178)
12-04 11:29:35.862  4580  4713 E LynxModule: 	at com.qualcomm.robotcore.util.RobotLog.getGlobalWarningMessage(RobotLog.java:454)
12-04 11:29:35.862  4580  7317 E LynxModule: 	at com.qualcomm.hardware.lynx.LynxDcMotorController.internalGetMotorChannelMode(LynxDcMotorController.java:454)
12-04 11:29:35.862  4580  7317 E LynxModule: 	at com.qualcomm.hardware.lynx.LynxDcMotorController.internalSetZeroPowerBehavior(LynxDcMotorController.java:505)
12-04 11:29:35.862  4580  4713 E LynxModule: 	at com.qualcomm.robotcore.eventloop.EventLoopManager.refreshSystemTelemetry(EventLoopManager.java:409)
12-04 11:29:35.863  4580  7317 E LynxModule: 	at com.qualcomm.hardware.lynx.LynxDcMotorController.setMotorPowerFloat(LynxDcMotorController.java:671)
12-04 11:29:35.863  4580  4713 E LynxModule: 	at com.qualcomm.robotcore.eventloop.EventLoopManager.packetReceived(EventLoopManager.java:257)
12-04 11:29:35.864  4580  7317 E LynxModule: 	at com.qualcomm.hardware.lynx.LynxDcMotorController.floatHardware(LynxDcMotorController.java:1055)
12-04 11:29:35.864  4580  4713 E LynxModule: 	at org.firstinspires.ftc.robotcore.internal.network.NetworkConnectionHandler$RecvLoopCallbackChainer.packetReceived(NetworkConnectionHandler.java:746)
12-04 11:29:35.864  4580  7317 E LynxModule: 	at com.qualcomm.hardware.lynx.LynxController.close(LynxController.java:179)
12-04 11:29:35.865  4580  7317 E LynxModule: 	at com.qualcomm.hardware.lynx.LynxModule.close(LynxModule.java:349)
12-04 11:29:35.865  4580  4713 E LynxModule: 	at org.firstinspires.ftc.robotcore.internal.network.RecvLoopRunnable$1.run(RecvLoopRunnable.java:249)
12-04 11:29:35.865  4580  4713 E LynxModule: 	at com.qualcomm.robotcore.util.ThreadPool.logThreadLifeCycle(ThreadPool.java:737)
12-04 11:29:35.865  4580  7317 E LynxModule: 	at com.qualcomm.hardware.lynx.LynxUsbDeviceImpl.closeModules(LynxUsbDeviceImpl.java:422)
12-04 11:29:35.866  4580  7317 E LynxModule: 	at com.qualcomm.hardware.lynx.LynxUsbDeviceImpl.doCloseFromArmed(LynxUsbDeviceImpl.java:408)
12-04 11:29:35.866  4580  4713 E LynxModule: 	at org.firstinspires.ftc.robotcore.internal.network.RecvLoopRunnable.run(RecvLoopRunnable.java:210)
12-04 11:29:35.867  4580  7317 E LynxModule: 	at org.firstinspires.ftc.robotcore.internal.hardware.usb.ArmableUsbDevice$4.run(ArmableUsbDevice.java:591)
12-04 11:29:35.867  4580  4713 E LynxModule: 	at java.util.concurrent.ThreadPoolExecutor.runWorker(ThreadPoolExecutor.java:1133)
12-04 11:29:35.867  4580  7317 E LynxModule: 	at org.firstinspires.ftc.robotcore.internal.system.Tracer.trace(Tracer.java:161)
12-04 11:29:35.867  4580  4713 E LynxModule: 	at java.util.concurrent.ThreadPoolExecutor$Worker.run(ThreadPoolExecutor.java:607)
12-04 11:29:35.868  4580  7317 E LynxModule: 	at org.firstinspires.ftc.robotcore.internal.hardware.usb.ArmableUsbDevice.doClose(ArmableUsbDevice.java:577)
12-04 11:29:35.868  4580  4713 E LynxModule: 	at com.qualcomm.robotcore.util.ThreadPool$ThreadFactoryImpl$1.run(ThreadPool.java:793)
12-04 11:29:35.868  4580  4713 E LynxModule: 	at java.lang.Thread.run(Thread.java:761)
12-04 11:29:35.868  4580  7317 E LynxModule: 	at com.qualcomm.hardware.lynx.LynxUsbDeviceImpl.doClose(LynxUsbDeviceImpl.java:219)
12-04 11:29:35.869  4580  4713 W LynxModule: Attempted use of a closed LynxModule instance
12-04 11:29:35.869  4580  7317 E LynxModule: 	at org.firstinspires.ftc.robotcore.internal.hardware.usb.ArmableUsbDevice.releaseRef(ArmableUsbDevice.java:549)
12-04 11:29:35.870  4580  7317 E LynxModule: 	at com.qualcomm.hardware.lynx.LynxUsbDeviceDelegate.close(LynxUsbDeviceDelegate.java:92)
12-04 11:29:35.870  4580  4713 E LynxModule: java.lang.RuntimeException
12-04 11:29:35.870  4580  7317 E LynxModule: 	at com.qualcomm.ftccommon.FtcEventLoopHandler.closeAutoCloseOnTeardown(FtcEventLoopHandler.java:535)
12-04 11:29:35.870  4580  4713 E LynxModule: 	at com.qualcomm.hardware.lynx.LynxModule.warnIfClosed(LynxModule.java:509)
12-04 11:29:35.871  4580  7317 E LynxModule: 	at com.qualcomm.ftccommon.FtcEventLoopHandler.closeHardwareMap(FtcEventLoopHandler.java:167)
12-04 11:29:35.871  4580  4713 E LynxModule: 	at com.qualcomm.hardware.lynx.LynxModule.isNotResponding(LynxModule.java:501)
12-04 11:29:35.871  4580  7317 E LynxModule: 	at com.qualcomm.ftccommon.FtcEventLoopHandler.close(FtcEventLoopHandler.java:148)
12-04 11:29:35.872  4580  7317 E LynxModule: 	at com.qualcomm.ftccommon.FtcEventLoopBase.teardown(FtcEventLoopBase.java:233)
12-04 11:29:35.872  4580  4713 E LynxModule: 	at com.qualcomm.hardware.lynx.LynxModuleWarningManager$UnresponsiveStatus.conditionCurrentlyTrue(LynxModuleWarningManager.java:236)
12-04 11:29:35.872  4580  7317 E LynxModule: 	at com.qualcomm.ftccommon.FtcEventLoop.teardown(FtcEventLoop.java:286)
12-04 11:29:35.872  4580  4713 E LynxModule: 	at com.qualcomm.hardware.lynx.LynxModuleWarningManager$ConditionStatus.hasChangedSinceLastCheck(LynxModuleWarningManager.java:224)
12-04 11:29:35.873  4580  7317 E LynxModule: 	at com.qualcomm.robotcore.eventloop.EventLoopManager$EventLoopRunnable$1.run(EventLoopManager.java:371)
12-04 11:29:35.873  4580  4713 E LynxModule: 	at com.qualcomm.hardware.lynx.LynxModuleWarningManager$LynxModuleWarningSource.getGlobalWarning(LynxModuleWarningManager.java:278)
12-04 11:29:35.873  4580  7317 E LynxModule: 	at com.qualcomm.robotcore.util.ThreadPool.logThreadLifeCycle(ThreadPool.java:737)
12-04 11:29:35.874  4580  4713 E LynxModule: 	at com.qualcomm.robotcore.util.RobotLog.getGlobalWarningMessage(RobotLog.java:454)
12-04 11:29:35.874  4580  7317 E LynxModule: 	at com.qualcomm.robotcore.eventloop.EventLoopManager$EventLoopRunnable.run(EventLoopManager.java:267)
12-04 11:29:35.874  4580  4713 E LynxModule: 	at com.qualcomm.robotcore.eventloop.EventLoopManager.refreshSystemTelemetry(EventLoopManager.java:409)
12-04 11:29:35.874  4580  7317 E LynxModule: 	at com.qualcomm.robotcore.eventloop.EventLoopManager$1.run(EventLoopManager.java:606)
12-04 11:29:35.875  4580  4713 E LynxModule: 	at com.qualcomm.robotcore.eventloop.EventLoopManager.packetReceived(EventLoopManager.java:257)
12-04 11:29:35.875  4580  7317 E LynxModule: 	at java.util.concurrent.ThreadPoolExecutor.runWorker(ThreadPoolExecutor.java:1133)
12-04 11:29:35.876  4580  7317 E LynxModule: 	at java.util.concurrent.ThreadPoolExecutor$Worker.run(ThreadPoolExecutor.java:607)
12-04 11:29:35.876  4580  4713 E LynxModule: 	at org.firstinspires.ftc.robotcore.internal.network.NetworkConnectionHandler$RecvLoopCallbackChainer.packetReceived(NetworkConnectionHandler.java:746)
12-04 11:29:35.876  4580  7317 E LynxModule: 	at com.qualcomm.robotcore.util.ThreadPool$ThreadFactoryImpl$1.run(ThreadPool.java:793)
12-04 11:29:35.876  4580  7317 E LynxModule: 	at java.lang.Thread.run(Thread.java:761)
12-04 11:29:35.876  4580  4713 E LynxModule: 	at org.firstinspires.ftc.robotcore.internal.network.RecvLoopRunnable$1.run(RecvLoopRunnable.java:249)
12-04 11:29:35.877  4580  7317 W LynxModule: Attempted use of a closed LynxModule instance
12-04 11:29:35.877  4580  4713 E LynxModule: 	at com.qualcomm.robotcore.util.ThreadPool.logThreadLifeCycle(ThreadPool.java:737)
12-04 11:29:35.878  4580  4713 E LynxModule: 	at org.firstinspires.ftc.robotcore.internal.network.RecvLoopRunnable.run(RecvLoopRunnable.java:210)
12-04 11:29:35.878  4580  7317 E LynxModule: java.lang.RuntimeException
12-04 11:29:35.878  4580  4713 E LynxModule: 	at java.util.concurrent.ThreadPoolExecutor.runWorker(ThreadPoolExecutor.java:1133)
12-04 11:29:35.879  4580  7317 E LynxModule: 	at com.qualcomm.hardware.lynx.LynxModule.warnIfClosed(LynxModule.java:509)
12-04 11:29:35.879  4580  4713 E LynxModule: 	at java.util.concurrent.ThreadPoolExecutor$Worker.run(ThreadPoolExecutor.java:607)
12-04 11:29:35.879  4580  7317 E LynxModule: 	at com.qualcomm.hardware.lynx.LynxModule.acquireNetworkTransmissionLock(LynxModule.java:1861)
12-04 11:29:35.880  4580  4713 E LynxModule: 	at com.qualcomm.robotcore.util.ThreadPool$ThreadFactoryImpl$1.run(ThreadPool.java:793)
12-04 11:29:35.880  4580  4713 E LynxModule: 	at java.lang.Thread.run(Thread.java:761)
12-04 11:29:35.880  4580  7317 E LynxModule: 	at com.qualcomm.hardware.lynx.commands.LynxMessage.acquireNetworkLock(LynxMessage.java:125)
