12-31 18:00:14.464  1010  1010 I PermissionValidator:     Granted: android.permission.READ_EXTERNAL_STORAGE
12-31 18:00:14.464  1010  1010 I PermissionValidator: Checking permission for android.permission.CAMERA
12-31 18:00:14.465  1010  1010 I PermissionValidator:     Granted: android.permission.CAMERA
12-31 18:00:14.465  1010  1010 I PermissionValidator: Checking permission for android.permission.ACCESS_COARSE_LOCATION
12-31 18:00:14.466  1010  1010 I PermissionValidator:     Granted: android.permission.ACCESS_COARSE_LOCATION
12-31 18:00:14.466  1010  1010 I PermissionValidator: Checking permission for android.permission.ACCESS_FINE_LOCATION
12-31 18:00:14.467  1010  1010 I PermissionValidator:     Granted: android.permission.ACCESS_FINE_LOCATION
12-31 18:00:14.467  1010  1010 I PermissionValidator: Checking permission for android.permission.READ_PHONE_STATE
12-31 18:00:14.468  1010  1010 I PermissionValidator:     Granted: android.permission.READ_PHONE_STATE
12-31 18:00:14.470  1010  1010 V ServiceStarter: attempting to start service MediaTransferProtocolMonitorService
12-31 18:00:14.472  1010  1010 V ServiceStarter: started service MediaTransferProtocolMonitorService
12-31 18:00:14.472  1010  1010 V ServiceStarter: attempting to start service OnBotJavaService
12-31 18:00:14.475  1010  1010 V ServiceStarter: started service OnBotJavaService
12-31 18:00:14.475  1010  1010 I PermissionValidatorActivity: All permissions validated.  Starting RobotController
12-31 18:00:14.489  1010  1010 V MTPMonitorService: onStartCommand() intent=Intent { cmp=com.qualcomm.ftcrobotcontroller/org.firstinspires.ftc.robotcore.internal.files.MediaTransferProtocolMonitorService } flags=0x0 startId=2
12-31 18:00:14.495  1010  1010 V MTPMonitor: observing: /storage/emulated/0
12-31 18:00:14.529  1010  1010 W FileObserverManager: upgrading mask: path=/storage/emulated/0/FIRST/java/control old=0x00000ffc new=0x00004ffc: might possibly miss event
12-31 18:00:14.548  1010  1010 V OnBotJavaService: onStartCommand() intent=Intent { cmp=com.qualcomm.ftcrobotcontroller/org.firstinspires.ftc.onbotjava.OnBotJavaService } flags=0x0 startId=2
12-31 18:00:14.548  1010  1010 V OnBotJava: ctor()...
12-31 18:00:14.548  1010  1010 W FileObserverManager: upgrading mask: path=/storage/emulated/0/FIRST/java/control/buildRequest.txt old=0x00000ffc new=0x00000ffe: might possibly miss event
12-31 18:00:14.549  1010  1010 V OnBotJava: ...ctor()
12-31 18:00:14.557  1010  1010 V RCActivity: Permissions validated already
12-31 18:00:14.557  1010  1010 V RCActivity: onCreate()
12-31 18:00:14.559  1010  1010 V RCActivity: rootActivity is of class PermissionValidatorWrapper
12-31 18:00:14.560  1010  1010 V RCActivity: launchActivity is of class class org.firstinspires.ftc.robotcontroller.internal.PermissionValidatorWrapper
12-31 18:00:14.569  1010  1096 V CallbackLooper: thread=32
12-31 18:00:14.575  1010  1010 V NetDiscover_wifiDirectAgent: doStart()...
12-31 18:00:14.581  1010  1010 V NetDiscover_wifiDirectAgent: ...doStart()
12-31 18:00:14.581  1010  1010 V NetDiscover_prefremrc: ----- all preferences -----
12-31 18:00:14.582  1010  1010 V NetDiscover_prefremrc: name='android.permission.READ_PHONE_STATE' value=false
12-31 18:00:14.582  1010  1010 V NetDiscover_prefremrc: name='pref_autostarted_robot_controller' value=true
12-31 18:00:14.582  1010  1010 V NetDiscover_prefremrc: name='pref_warn_about_obsolete_software' value=true
12-31 18:00:14.582  1010  1010 V NetDiscover_prefremrc: name='pref_has_independent_phone_battery' value=false
12-31 18:00:14.582  1010  1010 V NetDiscover_prefremrc: name='android.permission.CAMERA' value=false
12-31 18:00:14.582  1010  1010 V NetDiscover_prefremrc: name='pref_wifip2p_remote_channel_change_works' value=false
12-31 18:00:14.582  1010  1010 V NetDiscover_prefremrc: name='pref_hardware_config_filename' value={"isDirty":false,"location":"LOCAL_STORAGE","name":"Error418Test6dcCamera","resourceId":0}
12-31 18:00:14.583  1010  1010 V NetDiscover_prefremrc: name='pref_sound_on_off' value=false
12-31 18:00:14.583  1010  1010 V NetDiscover_prefremrc: name='pref_warn_about_mismatched_app_versions' value=true
12-31 18:00:14.583  1010  1010 V NetDiscover_prefremrc: name='pref_ftc_season_year_of_current_rc_new' value=2022
12-31 18:00:14.584  1010  1010 V NetDiscover_prefremrc: name='App Restrictions' value=AAAAAA==
12-31 18:00:14.584  1010  1010 V NetDiscover_prefremrc:     
12-31 18:00:14.584  1010  1010 V NetDiscover_prefremrc: name='pref_warn_about_incorrect_clocks' value=true
12-31 18:00:14.584  1010  1010 V NetDiscover_prefremrc: name='pref_has_speaker' value=false
12-31 18:00:14.584  1010  1010 V NetDiscover_prefremrc: name='pref_ftc_season_year_of_current_rc' value=2022
12-31 18:00:14.584  1010  1010 V NetDiscover_prefremrc: name='android.permission.ACCESS_COARSE_LOCATION' value=false
12-31 18:00:14.585  1010  1010 V NetDiscover_prefremrc: name='android.permission.WRITE_EXTERNAL_STORAGE' value=false
12-31 18:00:14.585  1010  1010 V NetDiscover_prefremrc: name='pref_connection_owner_password' value=password
12-31 18:00:14.585  1010  1010 V NetDiscover_prefremrc: name='pref_pairing_kind' value=RCWIRELESSAP
12-31 18:00:14.585  1010  1010 V NetDiscover_prefremrc: name='pref_device_name_internal' value=FTC-eE8w
12-31 18:00:14.585  1010  1010 V NetDiscover_prefremrc: name='pref_app_theme' value=red
12-31 18:00:14.585  1010  1010 V NetDiscover_prefremrc: name='android.permission.ACCESS_FINE_LOCATION' value=false
12-31 18:00:14.585  1010  1010 V NetDiscover_prefremrc: name='pref_device_name' value=FTC-eE8w
12-31 18:00:14.585  1010  1010 V NetDiscover_prefremrc: name='pref_warn_about_2_4_ghz_band' value=true
12-31 18:00:14.586  1010  1010 V NetDiscover_prefremrc: name='android.permission.READ_EXTERNAL_STORAGE' value=false
12-31 18:00:14.586  1010  1010 V NetDiscover_prefremrc: name='pref_device_name_tracking' value=WIFIAP
12-31 18:00:14.586  1010  1010 V NetDiscover_prefremrc: name='pref_rc_connected' value=true
12-31 18:00:14.591  1010  1010 V Robocol : SendOnceRunnable created
12-31 18:00:14.594  1010  1010 V NetDiscover_prefremrc: doStart()...
12-31 18:00:14.594  1010  1010 V NetDiscover_prefremrc: ...doStart()
12-31 18:00:14.641  1010  1010 W System  : ClassLoader referenced unknown path: /system/app/webview/lib/arm
12-31 18:00:14.642  1010  1010 D ApplicationLoaders: ignored Vulkan layer search path /system/app/webview/lib/arm:/system/app/webview/webview.apk!/lib/armeabi-v7a:/system/lib:/vendor/lib for namespace 0xebae0090
12-31 18:00:14.645  1010  1010 I WebViewFactory: Loading com.android.webview version 52.0.2743.100 (code 275610050)
12-31 18:00:14.756  1010  1010 I cr_LibraryLoader: Time to load native libraries: 81 ms (timestamps 4675-4756)
12-31 18:00:14.757  1010  1010 I cr_LibraryLoader: Expected native library version number "52.0.2743.100", actual native library version number "52.0.2743.100"
12-31 18:00:14.778  1010  1010 V WebViewChromiumFactoryProvider: Binding Chromium to main looper Looper (main, tid 1) {e53eeca}
12-31 18:00:14.778  1010  1010 I cr_LibraryLoader: Expected native library version number "52.0.2743.100", actual native library version number "52.0.2743.100"
12-31 18:00:14.803  1010  1010 I chromium: [INFO:library_loader_hooks.cc(143)] Chromium logging enabled: level = 0, default verbosity = 0
12-31 18:00:14.822  1010  1010 I cr_BrowserStartup: Initializing chromium process, singleProcess=true
12-31 18:00:14.868  1010  1010 I mali_so : [File] : hardware/rockchip/driver/./src/base/arch/arch_011_udd/base_arch_main.c; [Line] : 565; [Func] : deal_with_version_affairs_rk_ext;
12-31 18:00:14.868  1010  1010 I mali_so : arm_release_ver of this mali_so is 'r7p0-00rel1', rk_so_ver is '1@2' for 3328h_android_7.1, built at '15:47:49', on 'Jun 28 2017'.
12-31 18:00:14.868  1010  1010 I mali_so : [File] : hardware/rockchip/driver/./src/base/arch/arch_011_udd/base_arch_main.c; [Line] : 578; [Func] : deal_with_version_affairs_rk_ext;
12-31 18:00:14.868  1010  1010 I mali_so : mali_ver_property has been set to 'r7p0-00rel1-5-1@2', to return.
12-31 18:00:14.986  1010  1010 I cr_DRP  : No DRP key due to exception:java.lang.ClassNotFoundException: com.android.webview.chromium.Drp
12-31 18:00:15.043  1010  1010 W cr_AwContents: onDetachedFromWindow called when already detached. Ignoring
12-31 18:00:15.317  1010  1010 W System  : ClassLoader referenced unknown path: 
12-31 18:00:15.359  1010  1010 W ClassManager: com.journeyapps.barcodescanner.ScanContract java.lang.ClassNotFoundException: com.journeyapps.barcodescanner.ScanContract
12-31 18:00:15.364  1010  1010 E ClassManager: java.lang.ClassNotFoundException: com.journeyapps.barcodescanner.ScanContract
12-31 18:00:15.366  1010  1010 E ClassManager: 	at java.lang.Class.classForName(Native Method)
12-31 18:00:15.367  1010  1010 E ClassManager: 	at java.lang.Class.forName(Class.java:400)
12-31 18:00:15.371  1010  1010 E ClassManager: 	at org.firstinspires.ftc.robotcore.internal.opmode.ClassManager.classNamesToClasses(ClassManager.java:215)
12-31 18:00:15.372  1010  1010 E ClassManager: 	at org.firstinspires.ftc.robotcore.internal.opmode.ClassManager.processAllClasses(ClassManager.java:258)
12-31 18:00:15.373  1010  1010 E ClassManager: 	at com.qualcomm.ftccommon.ClassManagerFactory.processAllClasses(ClassManagerFactory.java:94)
12-31 18:00:15.374  1010  1010 E ClassManager: 	at org.firstinspires.ftc.robotcontroller.internal.FtcRobotControllerActivity.onCreate(FtcRobotControllerActivity.java:356)
12-31 18:00:15.375  1010  1010 E ClassManager: 	at android.app.Activity.performCreate(Activity.java:6709)
12-31 18:00:15.375  1010  1010 E ClassManager: 	at android.app.Instrumentation.callActivityOnCreate(Instrumentation.java:1118)
12-31 18:00:15.376  1010  1010 E ClassManager: 	at android.app.ActivityThread.performLaunchActivity(ActivityThread.java:2619)
12-31 18:00:15.377  1010  1010 E ClassManager: 	at android.app.ActivityThread.handleLaunchActivity(ActivityThread.java:2727)
12-31 18:00:15.377  1010  1010 E ClassManager: 	at android.app.ActivityThread.-wrap12(ActivityThread.java)
12-31 18:00:15.378  1010  1010 E ClassManager: 	at android.app.ActivityThread$H.handleMessage(ActivityThread.java:1478)
12-31 18:00:15.378  1010  1010 E ClassManager: 	at android.os.Handler.dispatchMessage(Handler.java:102)
12-31 18:00:15.379  1010  1010 E ClassManager: 	at android.os.Looper.loop(Looper.java:154)
12-31 18:00:15.380  1010  1010 E ClassManager: 	at android.app.ActivityThread.main(ActivityThread.java:6121)
12-31 18:00:15.380  1010  1010 E ClassManager: 	at java.lang.reflect.Method.invoke(Native Method)
12-31 18:00:15.381  1010  1010 E ClassManager: 	at com.android.internal.os.ZygoteInit$MethodAndArgsCaller.run(ZygoteInit.java:905)
12-31 18:00:15.381  1010  1010 E ClassManager: 	at com.android.internal.os.ZygoteInit.main(ZygoteInit.java:795)
12-31 18:00:15.384  1010  1010 E ClassManager: Caused by: java.lang.ClassNotFoundException: Didn't find class "com.journeyapps.barcodescanner.ScanContract" on path: DexPathList[[],nativeLibraryDirectories=[/system/lib, /vendor/lib]]
12-31 18:00:15.384  1010  1010 E ClassManager: 	at dalvik.system.BaseDexClassLoader.findClass(BaseDexClassLoader.java:56)
12-31 18:00:15.385  1010  1010 E ClassManager: 	at java.lang.ClassLoader.loadClass(ClassLoader.java:380)
12-31 18:00:15.386  1010  1010 E ClassManager: 	at java.lang.ClassLoader.loadClass(ClassLoader.java:312)
12-31 18:00:15.386  1010  1010 E ClassManager: 	... 18 more
12-31 18:00:17.218  1010  1010 V UpdateUI: Network: inactive, disconnected
12-31 18:00:17.218  1010  1010 V ServiceStarter: attempting to start service FtcRobotControllerWatchdogService
12-31 18:00:17.220  1010  1010 V ServiceStarter: started service FtcRobotControllerWatchdogService
12-31 18:00:17.242  1010  1010 I RobotCore: App info: version=8.0.0 appId=com.qualcomm.ftcrobotcontroller
12-31 18:00:17.242  1010  1010 I RobotCore: Android Device: maker=REV Robotics model=Control Hub v1.0 sdk=25 serial=caade241cd00a884
12-31 18:00:17.242  1010  1010 V AndroidBoard: REV Control Hub contains REV3328
12-31 18:00:17.242  1010  1010 V AndroidBoard: Communicating with embedded REV hub via /dev/ttyS1
12-31 18:00:17.244  1010  1010 V RCActivity: onStart()
12-31 18:00:17.248  1010  1010 V RCActivity: onResume()
12-31 18:00:17.271  1010  1010 V NetDiscover_prefremrc: onSharedPreferenceChanged(name=App Restrictions, value=AAAAAA==
12-31 18:00:17.271  1010  1010 V NetDiscover_prefremrc: )
12-31 18:00:17.285  1010  1010 V FtcRobotControllerWatchdogService: onCreate()
12-31 18:00:17.285  1010  1010 V FtcRobotControllerWatchdogService: onStartCommand() intent=Intent { cmp=com.qualcomm.ftcrobotcontroller/org.firstinspires.ftc.ftccommon.internal.FtcRobotControllerWatchdogService } flags=0x0 startId=1
12-31 18:00:17.286  1010  1010 V FtcRobotControllerWatchdogService: shouldAutoLauchRobotController() result=true
12-31 18:00:17.287  1010  1010 V FTCService: onCreate()
12-31 18:00:17.320  1010  1010 W art     : Before Android 4.1, method double java.util.concurrent.ThreadLocalRandom.internalNextDouble(double, double) would have incorrectly overridden the package-private method in java.util.Random
12-31 18:00:17.320  1010  1010 W art     : Before Android 4.1, method int java.util.concurrent.ThreadLocalRandom.internalNextInt(int, int) would have incorrectly overridden the package-private method in java.util.Random
12-31 18:00:17.320  1010  1010 W art     : Before Android 4.1, method long java.util.concurrent.ThreadLocalRandom.internalNextLong(long, long) would have incorrectly overridden the package-private method in java.util.Random
12-31 18:00:17.358  1010  1010 V FTCService: onBind()
12-31 18:00:17.425  1010  1010 V CoreRobotWebServer: creating NanoHTTPD(8080)
12-31 18:00:17.437  1010  1010 V WebSocketManager: Registered broadcast-only namespace progress
12-31 18:00:17.448  1010  1010 V WebSocketManager: Registered handler for namespace ControlHubUpdater
12-31 18:00:17.450  1010  1010 V RobotCore: Getting network assistant of type: RCWIRELESSAP
12-31 18:00:17.453  1010  1010 I RobotControllerAccessPointAssistant: Enabling network services
12-31 18:00:17.456  1010  1010 I RobotControllerAccessPointAssistant: Sending SSID and password to AP service
12-31 18:00:17.457  1010  1010 I RobotCore: password
12-31 18:00:17.458  1010  1010 D RobotControllerAccessPointAssistant: setNetworkProperties(deviceName=FTC-eE8w, password=password, ApChannel=null) sendSettingsIndividually=false
12-31 18:00:17.458  1010  1010 I NetDiscover_ControlHubNameManager: Robot controller name: FTC-eE8w
12-31 18:00:17.458  1010  1010 I ControlHubPasswordManager: Robot controller password: password
12-31 18:00:17.458  1010  1010 D RobotControllerAccessPointAssistant: Sending bulk settings broadcast intent
12-31 18:00:17.534  1010  1129 I OpenGLRenderer: Initialized EGL, version 1.4
12-31 18:00:17.534  1010  1129 D OpenGLRenderer: Swap behavior 1
12-31 18:00:17.543  1010  1010 I RobotControllerAccessPointAssistant: Wi-Fi state change:, wifiApState: 13
12-31 18:00:17.543  1010  1010 I FTCService: onNetworkConnectionEvent: CONNECTION_INFO_AVAILABLE
12-31 18:00:17.544  1010  1010 I RobotCore: password
12-31 18:00:17.544  1010  1010 I FTCService: Network Connection Passphrase: password
12-31 18:00:17.544  1010  1010 V CoreRobotWebServer: starting port=8080
12-31 18:00:17.555  1010  1010 V RobotCore: Getting network assistant of type: RCWIRELESSAP
12-31 18:00:17.557  1010  1010 V CoreRobotWebServer: started port=8080
12-31 18:00:17.558  1010  1010 V FTCService: RCActivity.controllerService=bound
12-31 18:00:17.558  1010  1010 V UpdateUI: Network: active, disconnected
12-31 18:00:17.560  1010  1010 V RobotCore: Robot Status: stopped
12-31 18:00:17.567  1010  1134 V TooTallWebSocketServer: Started WebSocket server on port 8081
12-31 18:00:17.572  1010  1137 V RobotCore: thread: 'RobotSetupRunnable.run()' starting...
12-31 18:00:17.572  1010  1137 V FTCService: Processing robot setup
12-31 18:00:17.572  1010  1137 V RobotCore: Robot Status: stopped, scanning for USB devices
12-31 18:00:17.573  1010  1137 I AppAliveNotifier: Telling the OS to set the RC alive notification timeout to 10 seconds
12-31 18:00:17.597  1010  1010 V WebSocketManager: Registered handler for namespace ONBOTJAVA
12-31 18:00:17.605  1010  1129 I [Gralloc]:  ion device open success! fd = 91
12-31 18:00:17.656  1010  1010 I PermissionValidatorActivity: Lifecycle onDestroy : 3fca1b9
12-31 18:00:17.657  1010  1010 V AppUtil : rootActivity=PermissionValidatorWrapper destroyed
12-31 18:00:17.657  1010  1010 V AppUtil : rootActivity=FtcRobotControllerActivity
12-31 18:00:17.657  1010  1010 I PermissionValidatorActivity: Lifecycle onDestroy : 672e2ec
12-31 18:00:22.581  1010  1137 V RobotCore: EventLoopManager state is NOT_STARTED
12-31 18:00:22.581  1010  1137 V FTCService: Waiting for a connection to a Wi-Fi service
12-31 18:00:22.582  1010  1137 V RobotCore: Robot Status: stopped, waiting for network to become active
12-31 18:00:22.584  1010  1137 I RobotControllerAccessPointAssistant: Wi-Fi AP is enabled
12-31 18:00:22.584  1010  1137 V CoreRobotWebServer: Asked an already running WebServer to start
12-31 18:00:22.584  1010  1137 V RobotCore: Robot Status: stopped, starting robot
12-31 18:00:22.585  1010  1137 V Robocol : EventLoopManager.start()
12-31 18:00:22.585  1010  1137 V RobotCore: Getting network assistant of type: RCWIRELESSAP
12-31 18:00:22.586  1010  1137 I RobotControllerAccessPointAssistant: Wi-Fi AP is enabled
12-31 18:00:22.586  1010  1137 V Robocol : Spoofing a Network Connection event...
12-31 18:00:22.586  1010  1137 I EventLoopManager: onNetworkConnectionEvent: CONNECTION_INFO_AVAILABLE
12-31 18:00:22.586  1010  1137 I Robocol : Received network connection event
12-31 18:00:22.587  1010  1137 I RobotControllerAccessPointAssistant: Wi-Fi AP is enabled
12-31 18:00:22.588  1010  1137 I NetworkConnectionHandler: Handling new network connection infomation, connected: true setup needed: true
12-31 18:00:22.589  1010  1137 I RobotControllerAccessPointAssistant: Wi-Fi AP is enabled
12-31 18:00:25.607  1010  1176 V RobotCore: thread: 'SetupRunnable.run()' starting...
12-31 18:00:25.607  1010  1137 V RobotCore: EventLoopManager state is STOPPED
12-31 18:00:25.609  1010  1137 V Robocol : eventLoop=FtcEventLoop
12-31 18:00:25.609  1010  1137 V RobotCore: EventLoopManager state is INIT
12-31 18:00:25.611  1010  1137 V RobotCore: Robot Status: initializing, starting robot
12-31 18:00:25.611  1010  1137 I FtcEventLoop: ======= INIT START =======
12-31 18:00:25.613  1010  1137 V OpmodeRegistration: registered {DefaultOpMode} as {$Stop$Robot$}
12-31 18:00:25.621  1010  1176 D Robocol : RobocolDatagramSocket listening addr=/192.168.43.1:20884 cbRec=65520 cbSend=106496 msRecTO=300
12-31 18:00:25.623  1010  1176 V Robocol : RecvLoopRunnable created
12-31 18:00:25.626  1010  1177 V Robocol : PacketProcessor started
12-31 18:00:25.628  1010  1178 V Robocol : CommandProcessor started
12-31 18:00:25.632  1010  1179 V RobotCore: thread: 'RecvLoopRunnable.run()' starting...
12-31 18:00:25.635  1010  1176 V PeerDiscovery: Starting peer discovery remote: /192.168.43.1 local: /192.168.43.1
12-31 18:00:25.635  1010  1176 V PeerDiscovery: No need for initiating peer discovery, we are the Robot Controller
12-31 18:00:25.635  1010  1176 V RobotCore: Setup complete
12-31 18:00:25.635  1010  1176 V RobotCore: thread: ...terminating 'SetupRunnable.run()'
12-31 18:00:25.884  1010  1137 V MD5     : Calculated digest: 9d9a9ed11665dc92c91c475aad54ef94
12-31 18:00:25.884  1010  1137 V MD5     : Provided digest: 9d9a9ed11665dc92c91c475aad54ef94
12-31 18:00:25.933  1010  1179 E Robocol : exception SocketTimeoutException(Receive timed out): no packet received [java.net.PlainDatagramSocketImpl.receive0(Native Method)]
12-31 18:00:26.521  1010  1137 V OpmodeRegistration: registered {TeleopCalibration} as {TeleopCalibration}
12-31 18:00:26.522  1010  1137 V OpmodeRegistration: registered {Forward} as { Nept-Forward and Turning }
12-31 18:00:26.522  1010  1137 V OpmodeRegistration: registered {ConceptAutoDriveCalibration} as {POC: Auto Drive Calibration}
12-31 18:00:26.522  1010  1137 V OpmodeRegistration: registered {AutonomousRight} as {AutonomousRight}
12-31 18:00:26.523  1010  1137 V OpmodeRegistration: registered {PushbotAutodrive} as {Nep-TestMotor }
12-31 18:00:26.523  1010  1137 V OpmodeRegistration: registered {ConceptTensorFlowObjectDetection} as {POC: TensorFlow Object Detection}
12-31 18:00:26.524  1010  1137 V OpmodeRegistration: registered {ConceptVuforiaLocalization} as {POC - Vuforia Localization}
12-31 18:00:26.525  1010  1137 V OpmodeRegistration: registered {TensorFLowWebcam} as {Nap-Camera 2}
12-31 18:00:26.525  1010  1137 V OpmodeRegistration: registered {ConceptFieldNavigation} as {POC - Field Nav}
12-31 18:00:26.526  1010  1137 V OpmodeRegistration: registered {ConceptOpenCVSignalSleeveDetection} as {POC - OpenCV Signal Sleeve}
12-31 18:00:26.526  1010  1137 V OpmodeRegistration: registered {CameraVuforia} as {Camera}
12-31 18:00:26.527  1010  1137 V OpmodeRegistration: registered {ConceptSignalSleeveIdentification} as {POC: Signal Sleeve}
12-31 18:00:26.528  1010  1137 V OpmodeRegistration: registered {TensorFlowObjectDetectionWebcam} as {Nap: camera 3}
12-31 18:00:26.528  1010  1137 V OpmodeRegistration: registered {ConceptFieldNavigationAutoV2} as {POC - Field Nav Encoder}
12-31 18:00:26.529  1010  1137 V OpmodeRegistration: registered {ConceptBNO055IMUCalibration} as {POC: IMU Calibration}
12-31 18:00:26.529  1010  1137 V OpmodeRegistration: registered {TeleopDualDrivers} as {TeleopDualDrivers}
12-31 18:00:26.530  1010  1137 V OpmodeRegistration: registered {ConceptWebcamTest} as {nap: Webcam}
12-31 18:00:26.530  1010  1137 V OpmodeRegistration: registered {ConceptFieldNavigationAuto} as {POC - Field Nav Auto}
12-31 18:00:26.531  1010  1137 V OpmodeRegistration: registered {ConceptAutoDriveByGyro} as {POC: Drive By Gyro}
12-31 18:00:26.531  1010  1137 V OpmodeRegistration: registered {ConceptBNO055IMU} as {POC: IMU Display}
12-31 18:00:26.593  1010  1137 V FtcEventLoop: Ensuring that the embedded Control Hub module is set up correctly
12-31 18:00:26.598  1010  1137 V RobotCore: Creating REV Robotics USB Expansion Hub Portal [(embedded)]
12-31 18:00:26.599  1010  1137 V LynxUsb : creating new [(embedded)]: 0x0a2834cb
12-31 18:00:26.603  1010  1137 V FtDeviceManager: createDeviceInfoList(): 0 USB devices
12-31 18:00:26.611  1010  1137 V RobotUsbManagerCombining: FTDI driver failed to open USB device with serial number (embedded) (returned null device)
12-31 18:00:26.613  1010  1137 V SerialPortNative: [SerialPort.cpp:150] opened(/dev/ttyS1): fd=95
12-31 18:00:26.606  1010  1010 I pRunnable.run(): type=1400 audit(0.0:99): avc: denied { read } for name="ttyS1" dev="tmpfs" ino=7192 scontext=u:r:untrusted_app:s0:c512,c768 tcontext=u:object_r:serial_device:s0 tclass=chr_file permissive=1
12-31 18:00:26.606  1010  1010 I pRunnable.run(): type=1400 audit(0.0:100): avc: denied { write } for name="ttyS1" dev="tmpfs" ino=7192 scontext=u:r:untrusted_app:s0:c512,c768 tcontext=u:object_r:serial_device:s0 tclass=chr_file permissive=1
12-31 18:00:26.606  1010  1010 I pRunnable.run(): type=1400 audit(0.0:101): avc: denied { open } for path="/dev/ttyS1" dev="tmpfs" ino=7192 scontext=u:r:untrusted_app:s0:c512,c768 tcontext=u:object_r:serial_device:s0 tclass=chr_file permissive=1
12-31 18:00:26.606  1010  1010 I pRunnable.run(): type=1400 audit(0.0:102): avc: denied { ioctl } for path="/dev/ttyS1" dev="tmpfs" ino=7192 ioctlcmd=5401 scontext=u:r:untrusted_app:s0:c512,c768 tcontext=u:object_r:serial_device:s0 tclass=chr_file permissive=1
12-31 18:00:26.614  1010  1137 V RobotUsbDeviceTTY: opening serial=(embedded) file=/dev/ttyS1
12-31 18:00:26.615  1010  1137 V LynxUsb : armDevice() serial=(embedded)...
12-31 18:00:26.615  1010  1137 V LynxUsb : resetDevice() serial=(embedded)
12-31 18:00:26.613  1010  1010 I pRunnable.run(): type=1400 audit(0.0:103): avc: denied { read } for name="value" dev="sysfs" ino=13327 scontext=u:r:untrusted_app:s0:c512,c768 tcontext=u:object_r:sysfs:s0 tclass=file permissive=1
12-31 18:00:26.613  1010  1010 I pRunnable.run(): type=1400 audit(0.0:104): avc: denied { open } for path="/sys/devices/pinctrl.26/gpio/gpio50/value" dev="sysfs" ino=13327 scontext=u:r:untrusted_app:s0:c512,c768 tcontext=u:object_r:sysfs:s0 tclass=file permissive=1
12-31 18:00:26.613  1010  1010 I pRunnable.run(): type=1400 audit(0.0:105): avc: denied { getattr } for path="/sys/devices/pinctrl.26/gpio/gpio50/value" dev="sysfs" ino=13327 scontext=u:r:untrusted_app:s0:c512,c768 tcontext=u:object_r:sysfs:s0 tclass=file permissive=1
12-31 18:00:26.617  1010  1137 V LynxModule: resetting embedded usb device: isPresent: was=true
12-31 18:00:26.616  1010  1010 I pRunnable.run(): type=1400 audit(0.0:106): avc: denied { write } for name="value" dev="sysfs" ino=16645 scontext=u:r:untrusted_app:s0:c512,c768 tcontext=u:object_r:sysfs:s0 tclass=file permissive=1
12-31 18:00:26.974  1010  1137 V LynxUsb : ...done armDevice()
12-31 18:00:26.975  1010  1181 V RobotCore: thread: 'lynx incoming datagrams' starting...
12-31 18:00:26.976  1010  1137 V LynxUsb : 0x03558f66 on 0x0a2834cb: new delegate to [(embedded)]
12-31 18:00:26.984  1010  1137 V LynxUsb : addConfiguredModule() module#=173
12-31 18:00:26.984  1010  1137 V LynxModule: pingAndQueryKnownInterfaces mod=173
12-31 18:00:26.993  1010  1181 V LynxUsb : synchronization gained: serial=(embedded)
12-31 18:00:27.014  1010  1137 V LynxModule: mod#=173 queryInterface(DEKA)=54 commands starting at 4096
12-31 18:00:27.027  1010  1137 V LynxModule: sending LynxFtdiResetControlCommand(true) wasInterrupted=false
12-31 18:00:27.033  1010  1137 V LynxModule: sendLEDPatternSteps(): steps=[Step(color=65280, msDuration=1000)]
12-31 18:00:27.037  1010  1137 V LynxModule: setAsControlHubEmbeddedModule(mod=173)
12-31 18:00:27.038  1010  1137 V EmbeddedControlHubModule: setting embedded module
12-31 18:00:27.038  1010  1137 V LynxModule: sending LynxFtdiResetControlCommand(false) wasInterrupted=false
12-31 18:00:27.040  1010  1137 V LynxModule: close(#173)
12-31 18:00:27.042  1010  1137 V LynxUsb : Verified that the embedded Control Hub module has the correct address
12-31 18:00:27.043  1010  1137 V LynxUsb : addConfiguredModule() module#=173
12-31 18:00:27.043  1010  1137 V LynxModule: pingAndQueryKnownInterfaces mod=173
12-31 18:00:27.057  1010  1137 V LynxModule: mod#=173 queryInterface(DEKA)=54 commands starting at 4096
12-31 18:00:27.067  1010  1137 V LynxModule: sending LynxFtdiResetControlCommand(true) wasInterrupted=false
12-31 18:00:27.071  1010  1137 V LynxModule: sendLEDPatternSteps(): steps=[Step(color=65280, msDuration=1000)]
12-31 18:00:27.075  1010  1137 V LynxModule: setAsControlHubEmbeddedModule(mod=173)
12-31 18:00:27.075  1010  1137 V EmbeddedControlHubModule: setting embedded module
12-31 18:00:27.075  1010  1137 I RobotCore: LynxFirmwareVersionManager: LynxI2cDeviceSynchV2
12-31 18:00:27.076  1010  1137 V LynxI2cDeviceSynch: initializeHardware() mod#=173
12-31 18:00:27.077  1010  1137 V BHI260IMU: Suppressing I2C warnings while we check for a BHI260AP IMU
12-31 18:00:27.081  1010  1137 V BHI260IMU: No BHI260AP IMU found
12-31 18:00:27.081  1010  1137 V LynxModule: sending LynxFtdiResetControlCommand(false) wasInterrupted=false
12-31 18:00:27.084  1010  1137 V LynxModule: close(#173)
12-31 18:00:27.084  1010  1137 V HardwareFactory: createHardwareMap()
12-31 18:00:27.085  1010  1137 V EmbeddedControlHubModule: clearing embedded module
12-31 18:00:27.099  1010  1137 V ReadXMLFileHandler: embedded lynx USB device is already present
12-31 18:00:27.099  1010  1137 V RobotCore: Creating REV Robotics USB Expansion Hub Portal [(embedded)]
12-31 18:00:27.099  1010  1137 V LynxUsb : using existing [(embedded)]: 0x0a2834cb
12-31 18:00:27.100  1010  1137 V LynxUsb : 0x00cf9b86 on 0x0a2834cb: new delegate to [(embedded)]
12-31 18:00:27.100  1010  1137 V RobotCore: Creating Lynx Module - mod=173 parent=true
12-31 18:00:27.102  1010  1137 V RobotCore: Creating Lynx Module - mod=2 parent=false
12-31 18:00:27.103  1010  1137 V LynxUsb : addConfiguredModule() module#=173
12-31 18:00:27.103  1010  1137 V LynxModule: pingAndQueryKnownInterfaces mod=173
12-31 18:00:27.115  1010  1137 V LynxModule: mod#=173 queryInterface(DEKA)=54 commands starting at 4096
12-31 18:00:27.123  1010  1137 V LynxModule: sending LynxFtdiResetControlCommand(true) wasInterrupted=false
12-31 18:00:27.127  1010  1137 V LynxModule: sendLEDPatternSteps(): steps=[Step(color=65280, msDuration=1000)]
12-31 18:00:27.130  1010  1184 V LynxModule: received status: LynxGetModuleStatusResponse(status=0x02 alerts=0x00: Reset)
12-31 18:00:27.134  1010  1137 V LynxModule: setAsControlHubEmbeddedModule(mod=173)
12-31 18:00:27.134  1010  1137 V EmbeddedControlHubModule: setting embedded module
12-31 18:00:27.135  1010  1137 V LynxUsb : addConfiguredModule() module#=2
12-31 18:00:27.135  1010  1137 V LynxModule: pingAndQueryKnownInterfaces mod=2
12-31 18:00:27.142  1010  1184 W HubPowerCycle: Expansion Hub 173 regained power after a complete power loss. No user Op Mode was running.
12-31 18:00:27.142  1010  1184 V LynxModule: resendCurrentPattern()
12-31 18:00:27.142  1010  1184 V LynxModule: sendLEDPatternSteps(): steps=[Step(color=65280, msDuration=1000)]
12-31 18:00:27.154  1010  1137 V LynxModule: mod#=2 queryInterface(DEKA)=54 commands starting at 4096
12-31 18:00:27.162  1010  1137 V LynxModule: sending LynxFtdiResetControlCommand(true) wasInterrupted=false
12-31 18:00:27.168  1010  1185 V LynxModule: received status: LynxGetModuleStatusResponse(status=0x02 alerts=0x00: Reset)
12-31 18:00:27.168  1010  1185 W HubPowerCycle: Expansion Hub 2 regained power after a complete power loss. No user Op Mode was running.
12-31 18:00:27.169  1010  1185 V LynxModule: resendCurrentPattern()
12-31 18:00:27.169  1010  1185 V LynxModule: sendLEDPatternSteps(): steps=[]
12-31 18:00:27.171  1010  1137 V LynxModule: sendLEDPatternSteps(): steps=[Step(color=65280, msDuration=4500), Step(color=0, msDuration=500), Step(color=255, msDuration=500), Step(color=0, msDuration=500), Step(color=255, msDuration=500), Step(color=0, msDuration=500)]
12-31 18:00:27.183  1010  1137 V LynxMotor: initializeHardware() mod#=173
12-31 18:00:27.222  1010  1137 V RobotCore: DcMotorImpl(type=goBILDA5202SeriesMotor)
12-31 18:00:27.222  1010  1137 V RobotCore: DcMotorImpl(type=goBILDA5202SeriesMotor)
12-31 18:00:27.223  1010  1137 V RobotCore: DcMotorImpl(type=goBILDA5202SeriesMotor)
12-31 18:00:27.223  1010  1137 V RobotCore: DcMotorImpl(type=goBILDA5202SeriesMotor)
12-31 18:00:27.224  1010  1137 V LynxServoController: initializeHardware() mod#=173
12-31 18:00:27.252  1010  1137 V LynxVoltageSensor: initializeHardware() mod#=173
12-31 18:00:27.253  1010  1137 V LynxAnalogInputController: initializeHardware() mod#=173
12-31 18:00:27.254  1010  1137 V LynxDigitalChannelController: initializeHardware() mod#=173
12-31 18:00:27.271  1010  1137 V RobotCore: Creating user sensor REV internal IMU (BNO055) - on Lynx module=173 bus=0
12-31 18:00:27.271  1010  1137 V RobotCore: Creating I2cDeviceSynch (Lynx) - mod=173 bus=0
12-31 18:00:27.271  1010  1137 I RobotCore: LynxFirmwareVersionManager: LynxI2cDeviceSynchV2
12-31 18:00:27.272  1010  1137 V LynxI2cDeviceSynch: initializeHardware() mod#=173
12-31 18:00:27.275  1010  1137 V RobotCore: Creating user sensor REV 2M Distance Sensor - on Lynx module=173 bus=1
12-31 18:00:27.275  1010  1137 V RobotCore: Creating I2cDeviceSynch (Lynx) - mod=173 bus=1
12-31 18:00:27.275  1010  1137 I RobotCore: LynxFirmwareVersionManager: LynxI2cDeviceSynchV2
12-31 18:00:27.276  1010  1137 V LynxI2cDeviceSynch: initializeHardware() mod#=173
12-31 18:00:27.277  1010  1137 V RobotCore: Creating user sensor REV Color Sensor V3 - on Lynx module=173 bus=2
12-31 18:00:27.277  1010  1137 I RobotCore: LynxFirmwareVersionManager: LynxI2cDeviceSynchV2
12-31 18:00:27.278  1010  1137 V LynxI2cDeviceSynch: initializeHardware() mod#=173
12-31 18:00:27.279  1010  1137 I I2C     : Automatically initializing I2C device RevColorSensorV3 USB (embedded); module 173; bus 2; addr7=0x00
12-31 18:00:27.279  1010  1137 V BroadcomColorSensorImpl: internalInitialize()...
12-31 18:00:27.289  1010  1137 V BroadcomColorSensorImpl: state: 00 36 08 05 22 01 c2 
12-31 18:00:27.289  1010  1137 V BroadcomColorSensorImpl: setGain(0x01)
12-31 18:00:27.294  1010  1137 V BroadcomColorSensorImpl: setLEDParameters(0x37)
12-31 18:00:27.299  1010  1137 V BroadcomColorSensorImpl: setProximityPulseCount(0x20)
12-31 18:00:27.303  1010  1137 V BroadcomColorSensorImpl: setPSMeasRate(0x1d)
12-31 18:00:27.307  1010  1137 V BroadcomColorSensorImpl: setLSMeasRate(0x42)
12-31 18:00:27.316  1010  1137 V BroadcomColorSensorImpl: enable() enabled=0x00...
12-31 18:00:27.325  1010  1137 V BroadcomColorSensorImpl: ...enable() enabled=0x07
12-31 18:00:27.330  1010  1137 V BroadcomColorSensorImpl: state: 07 37 20 1d 42 01 c2 
12-31 18:00:27.330  1010  1137 V BroadcomColorSensorImpl: ...internalInitialize()
12-31 18:00:27.331  1010  1137 V LynxMotor: initializeHardware() mod#=2
12-31 18:00:27.390  1010  1137 V RobotCore: DcMotorImpl(type=goBILDA5202SeriesMotor)
12-31 18:00:27.391  1010  1137 V RobotCore: DcMotorImpl(type=goBILDA5202SeriesMotor)
12-31 18:00:27.392  1010  1137 V LynxServoController: initializeHardware() mod#=2
12-31 18:00:27.433  1010  1137 V LynxVoltageSensor: initializeHardware() mod#=2
12-31 18:00:27.434  1010  1137 V LynxAnalogInputController: initializeHardware() mod#=2
12-31 18:00:27.435  1010  1137 V LynxDigitalChannelController: initializeHardware() mod#=2
12-31 18:00:27.467  1010  1137 V RobotCore: Creating Webcam [D5386480]
12-31 18:00:27.469  1010  1137 V CameraManager: construct(hash=0x090354e6|inst#=0)
12-31 18:00:27.470  1010  1010 I pRunnable.run(): type=1400 audit(0.0:107): avc: denied { read } for name="devices" dev="sysfs" ino=7258 scontext=u:r:untrusted_app:s0:c512,c768 tcontext=u:object_r:sysfs:s0 tclass=dir permissive=1
12-31 18:00:27.472  1010  1137 D libusb  : [ 0.000369] [00000471] libusb: debug [op_init] sysfs(/sys/bus/usb/devices) available
12-31 18:00:27.472  1010  1137 D libusb  : [ 0.000546] [00000471] libusb: debug [op_init] sysfs can relate devices
12-31 18:00:27.472  1010  1137 D libusb  : [ 0.000619] [00000471] libusb: debug [op_init] sysfs has complete descriptors
12-31 18:00:27.470  1010  1010 I pRunnable.run(): type=1400 audit(0.0:108): avc: denied { open } for path="/sys/bus/usb/devices" dev="sysfs" ino=7258 scontext=u:r:untrusted_app:s0:c512,c768 tcontext=u:object_r:sysfs:s0 tclass=dir permissive=1
12-31 18:00:27.472  1010  1137 D libusb  : [ 0.000694] [00000471] libusb: debug [op_init] sysfs has serial numbers
12-31 18:00:27.474  1010  1137 V UvcContext: construct(pointer=0xc864bf80|inst#=0)
12-31 18:00:27.487  1010  1137 I RobotCore: ========= Device Information ===================================================
12-31 18:00:27.488  1010  1137 I RobotCore: Type                                               Name                           Connection
12-31 18:00:27.489  1010  1137 I RobotCore: Motor                                              LeftSlider                     USB (embedded); module 2; port 1
12-31 18:00:27.490  1010  1137 I RobotCore: Rev Color Sensor v3                                ColorSensor                    USB (embedded); module 173; bus 2; addr7=0x52
12-31 18:00:27.491  1010  1137 I RobotCore: Motor                                              RightSlider                    USB (embedded); module 2; port 0
12-31 18:00:27.491  1010  1137 I RobotCore: REV Robotics USB Expansion Hub Portal              Control Hub Portal             USB (embedded)
12-31 18:00:27.492  1010  1137 I RobotCore: Motor                                              FrontLeft                      USB (embedded); module 173; port 0
12-31 18:00:27.493  1010  1137 I RobotCore: Motor                                              BackRight                      USB (embedded); module 173; port 3
12-31 18:00:27.494  1010  1137 I RobotCore: Expansion Hub DC Motor Controller                  Expansion Hub 2                USB (embedded); module 2
12-31 18:00:27.495  1010  1137 I RobotCore: Expansion Hub Servo Controller                     Expansion Hub 2                USB (embedded); module 2
12-31 18:00:27.496  1010  1137 I RobotCore: Expansion Hub Voltage Sensor                       Expansion Hub 2                USB (embedded); module 2
12-31 18:00:27.497  1010  1137 I RobotCore: Expansion Hub Analog Input Controller              Expansion Hub 2                USB (embedded); module 2
12-31 18:00:27.497  1010  1137 I RobotCore: Expansion Hub Digital Channel Controller           Expansion Hub 2                USB (embedded); module 2
12-31 18:00:27.503  1010  1137 I RobotCore: Expansion Hub (HW: 20, Maj: 1, Min: 8, Eng: 2)     Expansion Hub 2                USB (embedded); module 2
12-31 18:00:27.504  1010  1137 I RobotCore: REV 2M ToF Distance Sensor                         DistanceSensor                 USB (embedded); module 173; bus 1; addr7=0x29
12-31 18:00:27.505  1010  1137 I RobotCore: REV internal IMU (BNO055)                          imu                            USB (embedded); module 173; bus 0; addr7=0x00
12-31 18:00:27.516  1010  1137 I RobotCore: Logitech C270 HD WEBCAM                            Webcam 1                       USB (D5386480)
12-31 18:00:27.517  1010  1137 I RobotCore: Expansion Hub DC Motor Controller                  Control Hub                    USB (embedded); module 173
12-31 18:00:27.518  1010  1137 I RobotCore: Expansion Hub Servo Controller                     Control Hub                    USB (embedded); module 173
12-31 18:00:27.518  1010  1137 I RobotCore: Expansion Hub Voltage Sensor                       Control Hub                    USB (embedded); module 173
12-31 18:00:27.519  1010  1137 I RobotCore: Expansion Hub Analog Input Controller              Control Hub                    USB (embedded); module 173
12-31 18:00:27.519  1010  1137 I RobotCore: Expansion Hub Digital Channel Controller           Control Hub                    USB (embedded); module 173
12-31 18:00:27.523  1010  1137 I RobotCore: Expansion Hub (HW: 20, Maj: 1, Min: 8, Eng: 2)     Control Hub                    USB (embedded); module 173
12-31 18:00:27.524  1010  1137 I RobotCore: Servo                                              ClawServo                      USB (embedded); module 173; port 0
12-31 18:00:27.525  1010  1137 I RobotCore: Motor                                              FrontRight                     USB (embedded); module 173; port 1
12-31 18:00:27.526  1010  1137 I RobotCore: Motor                                              BackLeft                       USB (embedded); module 173; port 2
12-31 18:00:27.527  1010  1137 I RobotCore: Servo                                              ArmServo                       USB (embedded); module 173; port 1
12-31 18:00:27.533  1010  1137 I RobotCore: LynxFirmwareVersionManager: LynxI2cDeviceSynchV2
12-31 18:00:27.534  1010  1137 V LynxI2cDeviceSynch: initializeHardware() mod#=2
12-31 18:00:27.534  1010  1137 V BNO055  : Suppressing I2C warnings while we check for a BNO055 IMU
12-31 18:00:27.541  1010  1137 V BNO055  : Found BNO055 IMU
12-31 18:00:27.545  1010  1137 I RobotCore: LynxFirmwareVersionManager: LynxI2cDeviceSynchV2
12-31 18:00:27.545  1010  1137 V LynxI2cDeviceSynch: initializeHardware() mod#=173
12-31 18:00:27.545  1010  1137 V BNO055  : Suppressing I2C warnings while we check for a BNO055 IMU
12-31 18:00:27.550  1010  1137 V BNO055  : Found BNO055 IMU
12-31 18:00:27.569  1010  1137 V LynxUsb : 0x03558f66 on 0x0a2834cb: releasing delegate to [(embedded)]
12-31 18:00:27.569  1010  1137 I FtcEventLoop: ======= INIT FINISH =======
12-31 18:00:27.569  1010  1137 V RobotCore: EventLoopManager state is RUNNING
12-31 18:00:27.588  1010  1137 V RobotCore: Robot Status: running, starting robot
12-31 18:00:27.590  1010  1137 V RobotCore: Robot Status: running
12-31 18:00:27.595  1010  1190 V RobotCore: thread: 'opmode loop()' starting...
12-31 18:00:27.595  1010  1137 D FTCService: Detecting Wi-Fi reset
12-31 18:00:27.596  1010  1137 D RobotControllerAccessPointAssistant: detectWifiReset button=false
12-31 18:00:27.597  1010  1137 V RobotCore: thread: ...terminating 'RobotSetupRunnable.run()'
12-31 18:00:27.602  1010  1190 D RobotCore: system telemetry: key=$System$None$ msg=""
12-31 18:00:27.745  1010  1189 V SoundInfo: construct(0x0ef582b1)
12-31 18:00:27.786  1010  1188 E WVMExtractor: Failed to open libwvm.so: dlopen failed: library "libwvm.so" not found
12-31 18:00:27.813  1010  1188 I MediaCodec: callingProcessName:com.qualcomm.ftcrobotcontroller
12-31 18:00:27.816  1010  1196 I ACodec  : onAllocateComponent:6752 mSoftCodecPref:0 componentName:
12-31 18:00:27.817  1010  1196 I ACodec  : onAllocateComponent:6783 mSoftCodecPref:0 componentName:OMX.google.raw.decoder
12-31 18:00:27.862  1010  1096 D SoundPlayer: onLoadComplete(samp=1|ms=4506, samp=1)=0
12-31 18:00:27.864  1010  1189 W AudioTrack: AUDIO_OUTPUT_FLAG_FAST denied by client; transfer 4, track 48000 Hz, output 44100 Hz
12-31 18:00:28.057  1010  1189 D SoundPlayer: playing volume=0.000000 samp=1|ms=4506
12-31 18:00:28.110  1010  1190 I RobotCore: Attempting to switch to op mode $Stop$Robot$
12-31 18:01:07.981  1010  1210 V SessionCookie: added SessionCookie: cookie=815a765c-ff2b-4f54-8ff3-278780f6d500 uri='/ping'
12-31 18:01:07.985  1010  1210 E SessionCookie: session cookie unexpectedly null uri=/ping
12-31 18:01:07.986  1010  1210 V ConnectedHttpDevice: cookie absent: using ip=192.168.43.110
12-31 18:01:08.386  1010  1235 V SessionCookie: added SessionCookie: cookie=81f01af8-6219-41f9-9ad4-325cba032301 uri='/js/rcInfo.json'
12-31 18:01:08.388  1010  1235 I RobotCore: password
12-31 18:01:08.421  1010  1237 V SessionCookie: added SessionCookie: cookie=610ac8af-ad9f-4c91-822c-54e3d1bd12b3 uri='/revHubsAvailableForUpdate'
12-31 18:01:08.423  1010  1237 V Robocol : locally injecting CMD_GET_USB_ACCESSIBLE_LYNX_MODULES
12-31 18:01:08.429  1010  1239 V FtcEventLoop: getUSBAccessibleLynxDevices(includeModuleAddresses=true)...
12-31 18:01:08.431  1010  1240 V FtcConfigTag: scanning USB bus...
12-31 18:01:08.434  1010  1240 V FtDeviceManager: createDeviceInfoList(): 0 USB devices
12-31 18:01:08.435  1010  1240 V USBScan : device count=1
12-31 18:01:08.436  1010  1241 V USBScan : opening (embedded)...
12-31 18:01:08.436  1010  1241 V RobotUsbManagerCombining: FTDI driver failed to open USB device with serial number (embedded) (returned null device)
12-31 18:01:08.437  1010  1241 V RobotUsbManagerCombining: (embedded) is already open: unable to open second time
12-31 18:01:08.437  1010  1241 V USBScan : RobotCoreException(Unable to open USB device (embedded): Combiner unable to open device with serialNumber = (embedded)) exception while opening (embedded)
12-31 18:01:08.437  1010  1241 V USBScan : ... done opening (embedded)
12-31 18:01:08.438  1010  1240 V USBScan : added extant device (embedded) type=LYNX_USB_DEVICE
12-31 18:01:08.441  1010  1240 D UvcContext: usb device is *not* UVC compatible, /dev/bus/usb/003/004
12-31 18:01:08.442  1010  1240 D UvcContext: found webcam: usbPath=/dev/bus/usb/003/003 vid=0x46D pid=0x825 serial=D5386480 product=C270 HD WEBCAM
12-31 18:01:08.442  1010  1240 D Uvc     : [jni_context.cpp:120] Java_org_firstinspires_ftc_robotcore_internal_camera_libuvc_nativeobject_UvcContext_nativeCreateUvcDevice()...
12-31 18:01:08.442  1010  1240 V Uvc     : API: Java_org_firstinspires_ftc_robotcore_internal_camera_libuvc_nativeobject_UvcContext_nativeCreateUvcDevice: enter...
12-31 18:01:08.443  1010  1240 D libusb  : [40.971652] [000004d8] libusb: debug [op_create] op_create: szUsbPath=/dev/bus/usb/003/003 szSysfsDir=3-1.4
12-31 18:01:08.443  1010  1240 D libusb  : [40.971857] [000004d8] libusb: debug [initialize_device] initialize_device(szUsbPath=/dev/bus/usb/003/003 szSysfsDir=3-1.4)
12-31 18:01:08.444  1010  1240 D libusb  : [40.972292] [000004d8] libusb: debug [initialize_device] initialize_device(szUsbPath=(null) szSysfsDir=3-1)
12-31 18:01:08.444  1010  1240 E libusb  : [40.972516] [000004d8] libusb: error [initialize_device] unable to open serial number sysfs; error ignored
12-31 18:01:08.444  1010  1240 D libusb  : [40.972662] [000004d8] libusb: debug [initialize_device] initialize_device(szUsbPath=(null) szSysfsDir=usb3)
12-31 18:01:08.444  1010  1240 D Uvc     : [device.cpp:613] uvc_create_uvc_device()...
12-31 18:01:08.444  1010  1240 D Uvc     : [libuvc/libuvc_internal.h:346] uvc_device::uvc_device()...
12-31 18:01:08.444  1010  1240 D Uvc     : [libuvc/libuvc_internal.h:375] acquired vid=1133 & pid=2085
12-31 18:01:08.444  1010  1240 D Uvc     : [libuvc/libuvc_internal.h:346] ...uvc_device::uvc_device()
12-31 18:01:08.444  1010  1240 D Uvc     : [device.cpp:613] ...uvc_create_uvc_device() rc=0
12-31 18:01:08.444  1010  1240 V Uvc     : API: Java_org_firstinspires_ftc_robotcore_internal_camera_libuvc_nativeobject_UvcContext_nativeCreateUvcDevice: ...exit
12-31 18:01:08.444  1010  1240 D Uvc     : [jni_context.cpp:120] ...Java_org_firstinspires_ftc_robotcore_internal_camera_libuvc_nativeobject_UvcContext_nativeCreateUvcDevice()
12-31 18:01:08.445  1010  1240 V UvcDevice: construct(pointer=0xc8615f40|null)
12-31 18:01:08.445  1010  1240 D Uvc     : [jni_device.cpp:108] Java_org_firstinspires_ftc_robotcore_internal_camera_libuvc_nativeobject_UvcDevice_nativeGetLibUsbDevice()...
12-31 18:01:08.445  1010  1240 D Uvc     : [jni_device.cpp:108] ...Java_org_firstinspires_ftc_robotcore_internal_camera_libuvc_nativeobject_UvcDevice_nativeGetLibUsbDevice()
12-31 18:01:08.446  1010  1240 V LibUsbDevice: construct(pointer=0xcd427ba0)
12-31 18:01:08.447  1010  1240 V UvcDevice: destroy(pointer=0xc8615f40|/dev/bus/usb/003/003)
12-31 18:01:08.447  1010  1240 D Uvc     : [jni_device.cpp:126] Java_org_firstinspires_ftc_robotcore_internal_camera_libuvc_nativeobject_UvcDevice_nativeReleaseRefDevice()...
12-31 18:01:08.447  1010  1240 V Uvc     : API: Java_org_firstinspires_ftc_robotcore_internal_camera_libuvc_nativeobject_UvcDevice_nativeReleaseRefDevice: enter...
12-31 18:01:08.447  1010  1240 D Uvc     : [device.cpp:882] uvc_unref_device()...
12-31 18:01:08.447  1010  1240 D Uvc     : [device.cpp:882] ...uvc_unref_device()
12-31 18:01:08.447  1010  1240 V Uvc     : API: Java_org_firstinspires_ftc_robotcore_internal_camera_libuvc_nativeobject_UvcDevice_nativeReleaseRefDevice: ...exit
12-31 18:01:08.447  1010  1240 D Uvc     : [jni_device.cpp:126] ...Java_org_firstinspires_ftc_robotcore_internal_camera_libuvc_nativeobject_UvcDevice_nativeReleaseRefDevice()
12-31 18:01:08.447  1010  1240 V LibUsbDevice: destroy(pointer=0xcd427ba0)
12-31 18:01:08.448  1010  1240 D Uvc     : [jni_libusb_device.cpp:64] Java_org_firstinspires_ftc_robotcore_internal_camera_libuvc_nativeobject_LibUsbDevice_nativeReleaseRefDevice()...
12-31 18:01:08.448  1010  1240 D Uvc     : [jni_libusb_device.cpp:64] ...Java_org_firstinspires_ftc_robotcore_internal_camera_libuvc_nativeobject_LibUsbDevice_nativeReleaseRefDevice()
12-31 18:01:08.448  1010  1240 V HardwareDeviceManager: scanned webcam serial=D5386480
12-31 18:01:08.448  1010  1240 V USBScan : scanForUsbDevices() took 17ms count=2
12-31 18:01:08.448  1010  1240 V FtcConfigTag: .. scanning complete: [(embedded), D5386480]
12-31 18:01:08.449  1010  1239 V FtcEventLoop: getUSBAccessibleLynxDevices: found serial=(embedded)
12-31 18:01:08.449  1010  1239 V FtcEventLoop: finding module addresses and current firmware versions
12-31 18:01:08.449  1010  1239 V FtcEventLoop: getUSBAccessibleLynxDevices: finding module address for usbModule (embedded)
12-31 18:01:08.450  1010  1239 V RobotCore: Creating REV Robotics USB Expansion Hub Portal [(embedded)]
12-31 18:01:08.450  1010  1239 V LynxUsb : using existing [(embedded)]: 0x0a2834cb
12-31 18:01:08.450  1010  1239 V LynxUsb : 0x0d05db64 on 0x0a2834cb: new delegate to [(embedded)]
12-31 18:01:08.450  1010  1239 V LynxUsb : lynx discovery beginning...transmitting LynxDiscoveryCommand()...
12-31 18:01:08.453  1010  1181 V LynxUsb : onLynxDiscoveryResponseReceived()... module#=173 isParent=true
12-31 18:01:08.453  1010  1181 V LynxUsb : discovered lynx module#=173 isParent=true
12-31 18:01:08.453  1010  1181 V LynxUsb : ...onLynxDiscoveryResponseReceived()
12-31 18:01:08.453  1010  1239 V LynxUsb : discovery waiting 1012ms and 0ns
12-31 18:01:08.456  1010  1181 V LynxUsb : onLynxDiscoveryResponseReceived()... module#=2 isParent=false
12-31 18:01:08.457  1010  1181 V LynxUsb : discovered lynx module#=2 isParent=false
12-31 18:01:08.457  1010  1181 V LynxUsb : ...onLynxDiscoveryResponseReceived()
12-31 18:01:09.466  1010  1239 V LynxUsb : discovery waiting complete: #modules=2
12-31 18:01:09.466  1010  1239 V LynxModule: close(#0)
12-31 18:01:09.469  1010  1239 V LynxUsb : ...lynx discovery completed
12-31 18:01:09.470  1010  1239 V FtcEventLoop: assessing LynxModuleMeta(#2,false,ImuType.UNKNOWN)
12-31 18:01:09.470  1010  1239 V FtcEventLoop: assessing LynxModuleMeta(#173,true,ImuType.UNKNOWN)
12-31 18:01:09.473  1010  1239 V LynxUsb : addConfiguredModule() module#=173
12-31 18:01:09.473  1010  1239 V LynxUsb : addConfiguredModule() module#=173: already exists
12-31 18:01:09.479  1010  1239 V LynxUsb : 0x0d05db64 on 0x0a2834cb: releasing delegate to [(embedded)]
12-31 18:01:09.479  1010  1239 V FtcEventLoop: getUSBAccessibleLynxDevices(): 1 modules found
12-31 18:01:09.480  1010  1239 V FtcEventLoop: ...getUSBAccessibleLynxDevices()
12-31 18:01:09.491  1010  1239 V Robocol : locally injecting CMD_GET_USB_ACCESSIBLE_LYNX_MODULES_RESP
