11-17 14:11:58.744  5741  7428 D UsbResiliantWebcam: createCaptureSession()...
11-17 14:11:58.744  5741  7428 V DelCaptureSession: construct(0x00c5c871)
11-17 14:11:58.746  5741  7428 D UsbResiliantWebcam|DelCaptureSession: onCameraChange(null->CameraImpl(UvcDeviceHandle(pointer=0xce6f1170|UvcDevice(/dev/bus/usb/003/004))))...
11-17 14:11:58.746  5741  7428 D UsbResiliantWebcam|DelCaptureSession: ...onCameraChange(null->CameraImpl(UvcDeviceHandle(pointer=0xce6f1170|UvcDevice(/dev/bus/usb/003/004))))
11-17 14:11:58.747  5741  7428 D CachingExposureControl: onCameraChanged(CameraImpl(UvcDeviceHandle(pointer=0xce6f1170|UvcDevice(/dev/bus/usb/003/004)))->CameraImpl(UvcDeviceHandle(pointer=0xce6f1170|UvcDevice(/dev/bus/usb/003/004))))...
11-17 14:11:58.747  5741  7428 D CachingExposureControl: ...onCameraChanged(CameraImpl(UvcDeviceHandle(pointer=0xce6f1170|UvcDevice(/dev/bus/usb/003/004)))->CameraImpl(UvcDeviceHandle(pointer=0xce6f1170|UvcDevice(/dev/bus/usb/003/004))))
11-17 14:11:58.748  5741  7428 D UsbResiliantWebcam: ...createCaptureSession()
11-17 14:11:58.748  5741  5780 D UsbResiliantWebcam|DelCaptureSession: startCapture()...
11-17 14:11:58.749  5741  5780 V DelCaptureSequence: construct(0x0faef656)
11-17 14:11:58.750  5741  5780 D UsbResiliantWebcam|DelCaptureSequence: onCameraChange(null->CameraImpl(UvcDeviceHandle(pointer=0xce6f1170|UvcDevice(/dev/bus/usb/003/004))))...
11-17 14:11:58.750  5741  5780 D UsbResiliantWebcam|DelCaptureSequence: pauseStreaming(Stopped)...
11-17 14:11:58.751  5741  5780 D UsbResiliantWebcam|DelCaptureSequence: ...pauseStreaming(Stopped)
11-17 14:11:58.751  5741  5780 D UsbResiliantWebcam|DelCaptureSequence: resumeStreaming(Stopped)...
11-17 14:11:58.751  5741  5780 D UsbResiliantWebcam|DelCaptureSequence: ...resumeStreaming(Stopped)
11-17 14:11:58.751  5741  5780 D UsbResiliantWebcam|DelCaptureSequence: ...onCameraChange(null->CameraImpl(UvcDeviceHandle(pointer=0xce6f1170|UvcDevice(/dev/bus/usb/003/004))))
11-17 14:11:58.752  5741  5780 D UsbResiliantWebcam|DelCaptureSequence: startStreaming(Stopped)...
11-17 14:11:58.752  5741  5780 D UsbResiliantWebcam|DelCaptureSequence: doStreaming()...
11-17 14:11:58.752  5741  5780 V UvcApiCaptureSession: construct(0x091146d7)
11-17 14:11:58.753  5741  7441 D UsbResiliantWebcam|DelCaptureSession: camera session is configured: Webcam(D5386480)
11-17 14:11:58.754  5741  5780 V UvcApiCameraCaptureSequence: construct(0x013adbc4)
11-17 14:11:58.754  5741  5780 D UvcDeviceHandle: getStreamControl(640x480 30)...
11-17 14:11:58.755  5741  5780 V UvcStreamCtrl: construct(0x029d7aad)
11-17 14:11:58.755  5741  5780 D Uvc     : [jni_devicehandle.cpp:115] Java_org_firstinspires_ftc_robotcore_internal_camera_libuvc_nativeobject_UvcDeviceHandle_nativeGetStreamControlFormatSize()...
11-17 14:11:58.755  5741  5780 V Uvc     : API: Java_org_firstinspires_ftc_robotcore_internal_camera_libuvc_nativeobject_UvcDeviceHandle_nativeGetStreamControlFormatSize: enter...
11-17 14:11:58.755  5741  5780 D Uvc     : [stream.cpp:373] uvc_get_stream_ctrl_format_size()...
11-17 14:11:58.755  5741  5780 D Uvc     : [libuvc/libuvc_internal.h:770] uvc_device_handle::claimInterface(idx=1)...
11-17 14:11:58.756  5741  5780 D UvcDevice: claimInterface(1)
11-17 14:11:58.756  5741  5780 D UvcDevice: claimInterface(1) succeeded
11-17 14:11:58.756  5741  5780 D Uvc     : [libuvc/libuvc_internal.h:783] claimInterface(1) succeeded
11-17 14:11:58.756  5741  5780 D Uvc     : [libuvc/libuvc_internal.h:770] ...uvc_device_handle::claimInterface() rc=0
11-17 14:11:58.756  5741  5780 D UvcStream: [stream.cpp:412] 640x480 30fps
11-17 14:11:58.756  5741  5780 D Uvc     : [stream.cpp:162] uvc_query_stream_ctrl()...
11-17 14:11:58.760  5741  5780 D Uvc     : [stream.cpp:162] ...uvc_query_stream_ctrl() rc=0
11-17 14:11:58.760  5741  5780 D Uvc     : [libuvc/libuvc_internal.h:793] uvc_device_handle::releaseInterface()...
11-17 14:11:58.761  5741  5780 D UvcDevice: releaseInterface(1)
11-17 14:11:58.761  5741  5780 D UvcDevice: releaseInterface(1) succeeded
11-17 14:11:58.761  5741  5780 D Uvc     : [libuvc/libuvc_internal.h:793] ...uvc_device_handle::releaseInterface() rc=0
11-17 14:11:58.761  5741  5780 D Uvc     : [stream.cpp:523] uvc_probe_stream_ctrl()...
11-17 14:11:58.761  5741  5780 D Uvc     : [libuvc/libuvc_internal.h:770] uvc_device_handle::claimInterface(idx=1)...
11-17 14:11:58.761  5741  5780 D UvcDevice: claimInterface(1)
11-17 14:11:58.762  5741  5780 D UvcDevice: claimInterface(1) succeeded
11-17 14:11:58.762  5741  5780 D Uvc     : [libuvc/libuvc_internal.h:783] claimInterface(1) succeeded
11-17 14:11:58.762  5741  5780 D Uvc     : [libuvc/libuvc_internal.h:770] ...uvc_device_handle::claimInterface() rc=0
11-17 14:11:58.762  5741  5780 D Uvc     : [stream.cpp:162] uvc_query_stream_ctrl()...
11-17 14:11:58.765  5741  5780 D Uvc     : [stream.cpp:162] ...uvc_query_stream_ctrl() rc=0
11-17 14:11:58.765  5741  5780 D Uvc     : [stream.cpp:162] uvc_query_stream_ctrl()...
11-17 14:11:58.769  5741  5780 D Uvc     : [stream.cpp:162] ...uvc_query_stream_ctrl() rc=0
11-17 14:11:58.769  5741  5780 D Uvc     : [stream.cpp:523] ...uvc_probe_stream_ctrl() rc=0
11-17 14:11:58.769  5741  5780 D Uvc     : [stream.cpp:373] ...uvc_get_stream_ctrl_format_size() rc=0
11-17 14:11:58.769  5741  5780 V Uvc     : API: Java_org_firstinspires_ftc_robotcore_internal_camera_libuvc_nativeobject_UvcDeviceHandle_nativeGetStreamControlFormatSize: ...exit
11-17 14:11:58.769  5741  5780 D Uvc     : [jni_devicehandle.cpp:115] ...Java_org_firstinspires_ftc_robotcore_internal_camera_libuvc_nativeobject_UvcDeviceHandle_nativeGetStreamControlFormatSize()
11-17 14:11:58.769  5741  5780 D UvcDeviceHandle: ...getStreamControl(640x480 30)
11-17 14:11:58.769  5741  5780 D Uvc     : [jni_streamcontrol.cpp:101] Java_org_firstinspires_ftc_robotcore_internal_camera_libuvc_nativeobject_UvcStreamCtrl_nativeOpen()...
11-17 14:11:58.770  5741  5780 V Uvc     : API: Java_org_firstinspires_ftc_robotcore_internal_camera_libuvc_nativeobject_UvcStreamCtrl_nativeOpen: enter...
11-17 14:11:58.770  5741  5780 D Uvc     : [devicehandle.cpp:46] uvc_device_handle::openStreamControl()...
11-17 14:11:58.770  5741  5780 D Uvc     : [streamhandle.cpp:58] uvc_stream_handle::claimInterface()...
11-17 14:11:58.770  5741  5780 D Uvc     : [libuvc/libuvc_internal.h:770] uvc_device_handle::claimInterface(idx=1)...
11-17 14:11:58.770  5741  5780 D UvcDevice: claimInterface(1)
11-17 14:11:58.770  5741  5780 D UvcDevice: claimInterface(1) succeeded
11-17 14:11:58.770  5741  5780 D Uvc     : [libuvc/libuvc_internal.h:783] claimInterface(1) succeeded
11-17 14:11:58.770  5741  5780 D Uvc     : [libuvc/libuvc_internal.h:770] ...uvc_device_handle::claimInterface() rc=0
11-17 14:11:58.770  5741  5780 D Uvc     : [streamhandle.cpp:58] ...uvc_stream_handle::claimInterface() rc=0
11-17 14:11:58.770  5741  5780 D Uvc     : [stream.cpp:162] uvc_query_stream_ctrl()...
11-17 14:11:58.774  5741  5780 D Uvc     : [stream.cpp:162] ...uvc_query_stream_ctrl() rc=0
11-17 14:11:58.774  5741  5780 D Uvc     : [devicehandle.cpp:46] ...uvc_device_handle::openStreamControl() rc=0
11-17 14:11:58.774  5741  5780 V Uvc     : API: Java_org_firstinspires_ftc_robotcore_internal_camera_libuvc_nativeobject_UvcStreamCtrl_nativeOpen: ...exit
11-17 14:11:58.774  5741  5780 D Uvc     : [jni_streamcontrol.cpp:101] ...Java_org_firstinspires_ftc_robotcore_internal_camera_libuvc_nativeobject_UvcStreamCtrl_nativeOpen()
11-17 14:11:58.774  5741  5780 V UvcStreamHandle: construct(pointer=0xd342bbe0)
11-17 14:11:58.775  5741  5780 D Uvc     : [jni_streamhandle.cpp:184] Java_org_firstinspires_ftc_robotcore_internal_camera_libuvc_nativeobject_UvcStreamHandle_nativeStopStreaming()...
11-17 14:11:58.775  5741  5780 V Uvc     : API: Java_org_firstinspires_ftc_robotcore_internal_camera_libuvc_nativeobject_UvcStreamHandle_nativeStopStreaming: enter...
11-17 14:11:58.775  5741  5780 D Uvc     : [stream.cpp:1514] uvc_stream_stop()...
11-17 14:11:58.775  5741  5780 D Uvc     : [stream.cpp:1514] ...uvc_stream_stop() rc=0
11-17 14:11:58.775  5741  5780 V Uvc     : API: Java_org_firstinspires_ftc_robotcore_internal_camera_libuvc_nativeobject_UvcStreamHandle_nativeStopStreaming: ...exit
11-17 14:11:58.775  5741  5780 D Uvc     : [jni_streamhandle.cpp:184] ...Java_org_firstinspires_ftc_robotcore_internal_camera_libuvc_nativeobject_UvcStreamHandle_nativeStopStreaming()
11-17 14:11:58.775  5741  5780 V UvcFrameCallback: construct(0x073c21e2)
11-17 14:11:58.776  5741  5780 V UvcFrameCallbackData: construct(pointer=0xce69c970)
11-17 14:11:58.776  5741  5780 V Uvc     : API: Java_org_firstinspires_ftc_robotcore_internal_camera_libuvc_nativeobject_UvcStreamHandle_nativeStartStreaming: enter...
11-17 14:11:58.776  5741  5780 D Uvc     : [stream.cpp:970] uvc_stream_start_bandwidth()...
11-17 14:11:58.776  5741  5780 D Uvc     : [stream.cpp:1173] uvc_stream_handle::startIsochronousStreaming()...
11-17 14:11:58.776  5741  5780 D Uvc     : [libuvc/libuvc_internal.h:825] uvc_device_handle::setInterfaceAltSetting(setInterfaceAltSetting(intf=1 alt=11))...
11-17 14:11:58.777  5741  5780 D UvcDevice: setInterfaceAltSetting(1,11)
11-17 14:11:58.777  5741  5780 D UvcDevice: setInterfaceAltSetting(1,11) succeeded
11-17 14:11:58.778  5741  5780 D Uvc     : [libuvc/libuvc_internal.h:825] ...uvc_device_handle::setInterfaceAltSetting() rc=0
11-17 14:11:58.778  5741  5780 D Uvc     : [stream.cpp:1173] ...uvc_stream_handle::startIsochronousStreaming() rc=0
11-17 14:11:58.778  5741  5780 D Uvc     : [stream.cpp:1201] uvc_stream_handle::startUserCallbackThread()...
11-17 14:11:58.778  5741  7444 D UvcStream: [stream.cpp:1265] User Callback thread started
11-17 14:11:58.778  5741  5780 D Uvc     : [stream.cpp:1201] ...uvc_stream_handle::startUserCallbackThread() rc=0
11-17 14:11:58.778  5741  5780 D Uvc     : [stream.cpp:1221] uvc_stream_handle::submitTransfers()...
11-17 14:11:58.780  5741  5780 D Uvc     : [stream.cpp:1221] ...uvc_stream_handle::submitTransfers() rc=0
11-17 14:11:58.780  5741  5780 D Uvc     : [stream.cpp:970] ...uvc_stream_start_bandwidth() rc=0
11-17 14:11:58.780  5741  5780 D UvcStreamHandle: [jni_streamhandle.cpp:150] successfully started streaming
11-17 14:11:58.780  5741  5780 V Uvc     : API: Java_org_firstinspires_ftc_robotcore_internal_camera_libuvc_nativeobject_UvcStreamHandle_nativeStartStreaming: ...exit
11-17 14:11:58.780  5741  5780 V UvcStreamCtrl: destroy(pointer=0xce6b1e80)
11-17 14:11:58.781  5741  5780 D UsbResiliantWebcam|DelCaptureSequence: ...doStreaming()
11-17 14:11:58.781  5741  5780 D UsbResiliantWebcam|DelCaptureSequence: ...startStreaming(Stopped)
11-17 14:11:58.781  5741  5780 D UsbResiliantWebcam|DelCaptureSession: ...startCapture()
11-17 14:11:58.782  5741  5780 D ContinuationSynchronizer: finish(DelegatingCaptureSession(1))...
11-17 14:11:58.782  5741  5780 D ContinuationSynchronizer: ...finish(DelegatingCaptureSession(1))
11-17 14:11:58.787  5741  5936 D UvcStream: [stream.cpp:729] this is the UVC processTransfer() stream processing thread
11-17 14:12:01.654  5741  5901 V Robocol : received command: CMD_RUN_OP_MODE(15711) AutonomousRight
11-17 14:12:01.676  5741  5904 V Robocol : sending CMD_NOTIFY_RUN_OP_MODE(5749), attempt: 0
11-17 14:12:01.677  5741  7428 I global  :  RENO - SleeveIdentification.captureSleeveSignal(SleeveIdentification.java:142): picture found 0
11-17 14:12:01.678  5741  7428 I global  :  RENO - SleeveIdentification.captureSleeveSignal(SleeveIdentification.java:143): green color 0
11-17 14:12:01.679  5741  7428 I global  :  RENO - SleeveIdentification.captureSleeveSignal(SleeveIdentification.java:144): red color 0
11-17 14:12:01.681  5741  7428 I global  :  RENO - SleeveIdentification.captureSleeveSignal(SleeveIdentification.java:145): blue color 0
11-17 14:12:01.681  5741  7428 D UsbResiliantWebcam|DelCaptureSession: stopCapture()...
11-17 14:12:01.681  5741  7428 D UsbResiliantWebcam|DelCaptureSequence: undoStreaming()...
11-17 14:12:01.682  5741  7428 D UvcApiCaptureSession: stopCapture()...
11-17 14:12:01.682  5741  7428 D Uvc     : [jni_streamhandle.cpp:184] Java_org_firstinspires_ftc_robotcore_internal_camera_libuvc_nativeobject_UvcStreamHandle_nativeStopStreaming()...
11-17 14:12:01.682  5741  7428 V Uvc     : API: Java_org_firstinspires_ftc_robotcore_internal_camera_libuvc_nativeobject_UvcStreamHandle_nativeStopStreaming: enter...
11-17 14:12:01.682  5741  7428 D Uvc     : [stream.cpp:1514] uvc_stream_stop()...
11-17 14:12:01.682  5741  7428 D UvcStream: [stream.cpp:1542] cancelling extant transfers
11-17 14:12:01.719  5741  7428 D Uvc     : [stream.cpp:1471] (waitForAllTransfers(waiting for cancelled transfers))...
11-17 14:12:01.721  5741  7428 D UvcStream: [stream.cpp:1485] no extant active transfers: continuing
11-17 14:12:01.721  5741  7428 D Uvc     : [stream.cpp:1471] ...()
11-17 14:12:01.721  5741  7428 D Uvc     : [stream.cpp:1189] uvc_stream_handle::stopIsochronousStreaming()...
11-17 14:12:01.721  5741  7428 D Uvc     : [libuvc/libuvc_internal.h:825] uvc_device_handle::setInterfaceAltSetting(setInterfaceAltSetting(intf=1 alt=0))...
11-17 14:12:01.721  5741  7428 D UvcDevice: setInterfaceAltSetting(1,0)
11-17 14:12:01.722  5741  7428 D UvcDevice: setInterfaceAltSetting(1,0) succeeded
11-17 14:12:01.722  5741  7428 D Uvc     : [libuvc/libuvc_internal.h:825] ...uvc_device_handle::setInterfaceAltSetting() rc=0
11-17 14:12:01.722  5741  7428 D Uvc     : [stream.cpp:1189] ...uvc_stream_handle::stopIsochronousStreaming() rc=0
11-17 14:12:01.722  5741  7428 D UvcStream: [stream.cpp:1558] awakening user thread
11-17 14:12:01.723  5741  7444 D UvcStream: [stream.cpp:1329] user callback thread stopped
11-17 14:12:01.723  5741  7428 D UvcStream: [stream.cpp:1567] waiting for user callback thread to finish
11-17 14:12:01.723  5741  7428 D Uvc     : [stream.cpp:1514] ...uvc_stream_stop() rc=0
11-17 14:12:01.723  5741  7428 V Uvc     : API: Java_org_firstinspires_ftc_robotcore_internal_camera_libuvc_nativeobject_UvcStreamHandle_nativeStopStreaming: ...exit
11-17 14:12:01.723  5741  7428 D Uvc     : [jni_streamhandle.cpp:184] ...Java_org_firstinspires_ftc_robotcore_internal_camera_libuvc_nativeobject_UvcStreamHandle_nativeStopStreaming()
11-17 14:12:01.724  5741  7428 V UvcFrameCallback: destroy(hash=0x073c21e2)
11-17 14:12:01.724  5741  7428 V UvcFrameCallbackData: destroy(pointer=0xce69c970)
11-17 14:12:01.725  5741  7428 V Uvc     : API: Java_org_firstinspires_ftc_robotcore_internal_camera_libuvc_nativeobject_UvcFrameCallback_nativeReleaseCallbackState: enter...
11-17 14:12:01.725  5741  7428 V Uvc     : API: Java_org_firstinspires_ftc_robotcore_internal_camera_libuvc_nativeobject_UvcFrameCallback_nativeReleaseCallbackState: ...exit
11-17 14:12:01.725  5741  7428 V UvcStreamHandle: destroy(pointer=0xd342bbe0)
11-17 14:12:01.725  5741  7428 D Uvc     : [jni_streamhandle.cpp:184] Java_org_firstinspires_ftc_robotcore_internal_camera_libuvc_nativeobject_UvcStreamHandle_nativeStopStreaming()...
11-17 14:12:01.725  5741  7428 V Uvc     : API: Java_org_firstinspires_ftc_robotcore_internal_camera_libuvc_nativeobject_UvcStreamHandle_nativeStopStreaming: enter...
11-17 14:12:01.725  5741  7428 D Uvc     : [stream.cpp:1514] uvc_stream_stop()...
11-17 14:12:01.725  5741  7428 D Uvc     : [stream.cpp:1514] ...uvc_stream_stop() rc=0
11-17 14:12:01.725  5741  7428 V Uvc     : API: Java_org_firstinspires_ftc_robotcore_internal_camera_libuvc_nativeobject_UvcStreamHandle_nativeStopStreaming: ...exit
11-17 14:12:01.725  5741  7428 D Uvc     : [jni_streamhandle.cpp:184] ...Java_org_firstinspires_ftc_robotcore_internal_camera_libuvc_nativeobject_UvcStreamHandle_nativeStopStreaming()
11-17 14:12:01.726  5741  7428 D Uvc     : [jni_streamhandle.cpp:200] Java_org_firstinspires_ftc_robotcore_internal_camera_libuvc_nativeobject_UvcStreamHandle_nativeCloseStreamHandle()...
11-17 14:12:01.726  5741  7428 V Uvc     : API: Java_org_firstinspires_ftc_robotcore_internal_camera_libuvc_nativeobject_UvcStreamHandle_nativeCloseStreamHandle: enter...
11-17 14:12:01.726  5741  7428 D Uvc     : [stream.cpp:1584] uvc_stream_close()...
11-17 14:12:01.726  5741  7428 D Uvc     : [streamhandle.cpp:45] uvc_stream_handle::~uvc_stream_handle()...
11-17 14:12:01.726  5741  7428 D Uvc     : [streamhandle.cpp:66] uvc_stream_handle::releaseInterface()...
11-17 14:12:01.726  5741  7428 D Uvc     : [libuvc/libuvc_internal.h:793] uvc_device_handle::releaseInterface()...
11-17 14:12:01.726  5741  7428 D UvcDevice: releaseInterface(1)
11-17 14:12:01.728  5741  7428 D UvcDevice: releaseInterface(1) succeeded
11-17 14:12:01.728  5741  7428 D Uvc     : [libuvc/libuvc_internal.h:793] ...uvc_device_handle::releaseInterface() rc=0
11-17 14:12:01.728  5741  7428 D Uvc     : [streamhandle.cpp:66] ...uvc_stream_handle::releaseInterface()
11-17 14:12:01.728  5741  7428 D Uvc     : [streamhandle.cpp:45] ...uvc_stream_handle::~uvc_stream_handle()
11-17 14:12:01.728  5741  7428 D Uvc     : [stream.cpp:1584] ...uvc_stream_close()
11-17 14:12:01.728  5741  7428 V Uvc     : API: Java_org_firstinspires_ftc_robotcore_internal_camera_libuvc_nativeobject_UvcStreamHandle_nativeCloseStreamHandle: ...exit
11-17 14:12:01.728  5741  7428 D Uvc     : [jni_streamhandle.cpp:200] ...Java_org_firstinspires_ftc_robotcore_internal_camera_libuvc_nativeobject_UvcStreamHandle_nativeCloseStreamHandle()
11-17 14:12:01.730  5741  5780 I Webcam Sample: capture sequence DelegatingCaptureSequenceId(1) reports completed: lastFrame=81
11-17 14:12:01.731  5741  7428 V UvcApiCameraCaptureSequence: destroy(hash=0x013adbc4)
11-17 14:12:01.731  5741  7428 D UvcApiCaptureSession: ...stopCapture()
11-17 14:12:01.732  5741  7428 D UvcApiCaptureSession: doClose()...
11-17 14:12:01.732  5741  7428 D UvcApiCaptureSession: ...doClose()
11-17 14:12:01.732  5741  7428 D UsbResiliantWebcam|DelCaptureSequence: ...undoStreaming()
11-17 14:12:01.732  5741  7441 D UsbResiliantWebcam|DelCaptureSession: camera session is closed: Webcam(D5386480)
11-17 14:12:01.733  5741  7441 V UvcApiCaptureSession: destroy(hash=0x091146d7)
11-17 14:12:01.733  5741  7441 D UvcApiCaptureSession: destructor...
11-17 14:12:01.733  5741  7441 D UvcApiCaptureSession: ...destructor
11-17 14:12:01.733  5741  5780 I Webcam Sample: capture sequence DelegatingCaptureSequenceId(1) reports completed: lastFrame=81
11-17 14:12:01.735  5741  7428 V UsbResiliantWebcam|DelCaptureSequence: destroy(hash=0x0faef656)
11-17 14:12:01.735  5741  7428 D UsbResiliantWebcam|DelCaptureSession: ...stopCapture()
11-17 14:12:01.735  5741  7428 D UsbResiliantWebcam|DelCaptureSession: doClose()...
11-17 14:12:01.736  5741  7428 D UsbResiliantWebcam|DelCaptureSession: ...doClose()
11-17 14:12:01.737  5741  7428 V UsbResiliantWebcam|DelCaptureSession: destroy(hash=0x00c5c871)
11-17 14:12:01.738  5741  7428 D UsbResiliantWebcam|DelCaptureSession: destructor()...
11-17 14:12:01.738  5741  7428 D UsbResiliantWebcam|DelCaptureSession: ...destructor()
11-17 14:12:01.740  5741  7428 V CameraImpl: destroy(hash=0x0659ab8a)
11-17 14:12:01.740  5741  7428 D UsbResiliantWebcam: CameraImpl.destructor()...
11-17 14:12:01.741  5741  7428 D UsbResiliantWebcam: externalDestructor()...
11-17 14:12:01.742  5741  7428 V CameraImpl: destroy(hash=0x05da82e8)
11-17 14:12:01.742  5741  7441 D CameraManager: camera reports closed: CameraImpl(UsbResiliantWebcam(Webcam(D5386480)))
11-17 14:12:01.742  5741  7428 D UvcDeviceHandle: CameraImpl.destructor()...
11-17 14:12:01.743  5741  7428 D UvcDeviceHandle: externalDestructor()...
11-17 14:12:01.744  5741  7428 D UsbResiliantWebcam: changeDelegatedCamera(CameraImpl(UvcDeviceHandle(pointer=0xce6f1170|UvcDevice(/dev/bus/usb/003/004)))->null)...
11-17 14:12:01.746  5741  7428 D CachingExposureControl: onCameraChanged(CameraImpl(UvcDeviceHandle(pointer=0xce6f1170|UvcDevice(/dev/bus/usb/003/004)))->null)...
11-17 14:12:01.747  5741  7428 D CachingExposureControl: ...onCameraChanged(CameraImpl(UvcDeviceHandle(pointer=0xce6f1170|UvcDevice(/dev/bus/usb/003/004)))->null)
11-17 14:12:01.747  5741  7428 D UsbResiliantWebcam: ...changeDelegatedCamera(CameraImpl(UvcDeviceHandle(pointer=0xce6f1170|UvcDevice(/dev/bus/usb/003/004)))->null)
11-17 14:12:01.747  5741  7428 D UvcDeviceHandle: ...externalDestructor()
11-17 14:12:01.748  5741  7428 V UvcDeviceHandle: destroy(pointer=0xce6f1170)
11-17 14:12:01.748  5741  7428 D UvcDeviceHandle: destructor...
11-17 14:12:01.749  5741  7428 D Uvc     : [jni_devicehandle.cpp:87] Java_org_firstinspires_ftc_robotcore_internal_camera_libuvc_nativeobject_UvcDeviceHandle_nativeReleaseRefDeviceHandle()...
11-17 14:12:01.749  5741  7428 V Uvc     : API: Java_org_firstinspires_ftc_robotcore_internal_camera_libuvc_nativeobject_UvcDeviceHandle_nativeReleaseRefDeviceHandle: enter...
11-17 14:12:01.749  5741  7428 D Uvc     : [libuvc/libuvc_internal.h:872] uvc_device_handle::~uvc_device_handle()...
11-17 14:12:01.749  5741  7428 D Uvc     : [libuvc/libuvc_internal.h:840] uvc_device_handle::deconstruct()...
11-17 14:12:01.749  5741  7428 D Uvc     : [libuvc/libuvc_internal.h:751] uvc_device_handle::stop()...
11-17 14:12:01.749  5741  7428 D Uvc     : [libuvc/libuvc_internal.h:751] ...uvc_device_handle::stop()
11-17 14:12:01.749  5741  7428 D Uvc     : [libuvc/libuvc_internal.h:865] uvc_device_handle::close()...
11-17 14:12:01.749  5741  7428 E libusb  : [420.384449] [00001d04] libusb: error [do_close] Device handle closed while transfer was still being processed, but the device is still connected as far as we know
11-17 14:12:01.750  5741  7428 E libusb  : [420.384561] [00001d04] libusb: error [do_close] A cancellation hasn't even been scheduled on the transfer for which the device is closing
11-17 14:12:01.751  5741  7428 D Uvc     : [libuvc/libuvc_internal.h:865] ...uvc_device_handle::close()
11-17 14:12:01.751  5741  7428 D Uvc     : [libuvc/libuvc_internal.h:840] ...uvc_device_handle::deconstruct()
11-17 14:12:01.751  5741  7428 D Uvc     : [device.cpp:433] uvc_free_device_info()...
11-17 14:12:01.751  5741  7428 D Uvc     : [device.cpp:433] ...uvc_free_device_info()
11-17 14:12:01.751  5741  7428 D Uvc     : [libuvc/libuvc_internal.h:872] ...uvc_device_handle::~uvc_device_handle()
11-17 14:12:01.751  5741  7428 V Uvc     : API: Java_org_firstinspires_ftc_robotcore_internal_camera_libuvc_nativeobject_UvcDeviceHandle_nativeReleaseRefDeviceHandle: ...exit
11-17 14:12:01.751  5741  7428 D Uvc     : [jni_devicehandle.cpp:87] ...Java_org_firstinspires_ftc_robotcore_internal_camera_libuvc_nativeobject_UvcDeviceHandle_nativeReleaseRefDeviceHandle()
11-17 14:12:01.751  5741  7428 V UvcDevice: destroy(pointer=0xe3473cc0|/dev/bus/usb/003/004)
11-17 14:12:01.751  5741  7428 D UsbDeviceConnectionJNI: close
11-17 14:12:01.752  5741  7428 D Uvc     : [jni_device.cpp:126] Java_org_firstinspires_ftc_robotcore_internal_camera_libuvc_nativeobject_UvcDevice_nativeReleaseRefDevice()...
11-17 14:12:01.752  5741  7428 V Uvc     : API: Java_org_firstinspires_ftc_robotcore_internal_camera_libuvc_nativeobject_UvcDevice_nativeReleaseRefDevice: enter...
11-17 14:12:01.752  5741  7428 D Uvc     : [device.cpp:882] uvc_unref_device()...
11-17 14:12:01.754  5741  7428 D Uvc     : [device.cpp:882] ...uvc_unref_device()
11-17 14:12:01.754  5741  7428 V Uvc     : API: Java_org_firstinspires_ftc_robotcore_internal_camera_libuvc_nativeobject_UvcDevice_nativeReleaseRefDevice: ...exit
11-17 14:12:01.754  5741  7428 D Uvc     : [jni_device.cpp:126] ...Java_org_firstinspires_ftc_robotcore_internal_camera_libuvc_nativeobject_UvcDevice_nativeReleaseRefDevice()
11-17 14:12:01.754  5741  7428 V LibUsbDevice: destroy(pointer=0xd3435600)
11-17 14:12:01.754  5741  7428 D Uvc     : [jni_libusb_device.cpp:64] Java_org_firstinspires_ftc_robotcore_internal_camera_libuvc_nativeobject_LibUsbDevice_nativeReleaseRefDevice()...
11-17 14:12:01.754  5741  7428 D Uvc     : [jni_libusb_device.cpp:64] ...Java_org_firstinspires_ftc_robotcore_internal_camera_libuvc_nativeobject_LibUsbDevice_nativeReleaseRefDevice()
11-17 14:12:01.755  5741  7428 D UvcDeviceHandle: ...destructor
11-17 14:12:01.755  5741  7428 D UvcDeviceHandle: ...CameraImpl.destructor()
11-17 14:12:01.755  5741  7428 D UsbResiliantWebcam: ...externalDestructor()
11-17 14:12:01.755  5741  7428 V UsbResiliantWebcam: destroy(hash=0x0a7b97da)
11-17 14:12:01.756  5741  7428 D UsbResiliantWebcam: destructor()...
11-17 14:12:01.756  5741  7428 D UsbResiliantWebcam: ...destructor()
11-17 14:12:01.756  5741  7428 D UsbResiliantWebcam: ...CameraImpl.destructor()
11-17 14:12:01.757  5741  7428 I global  :  RENO - AutonomousRight.autonomousCore(AutonomousRight.java:663): Autonomous - complete color read from camera.
11-17 14:12:02.319  5741  7428 I global  :  RENO - AutonomousRight.readColorSensor(AutonomousRight.java:905): Autonomous - Red: 35, green: 64, blue: 62
11-17 14:12:02.321  5741  7428 I global  :  RENO - AutonomousRight.readColorSensor(AutonomousRight.java:906): Autonomous - Red: 0.22, green: 0.40, blue: 0.38
11-17 14:12:02.323  5741  7428 I global  :  RENO - AutonomousRight.autonomousCore(AutonomousRight.java:676): Autonomous - complete background color read.
11-17 14:12:02.325  5741  7428 I global  :  RENO - AutonomousRight.robotRunToPosition(AutonomousRight.java:349): Autonomous - Required moving distance 21.00.
11-17 14:12:02.338  5741  7428 I global  :  RENO - AutonomousRight.robotRunToPosition(AutonomousRight.java:358): Autonomous - Target Position = 945
11-17 14:12:02.392  5741  7428 I global  :  RENO - AutonomousRight.robotRunToPosition(AutonomousRight.java:364): Autonomous - PID = 1, power = 1.00
11-17 14:12:02.458  5741  7428 I global  :  RENO - AutonomousRight.robotDriveWithPIDControl(AutonomousRight.java:611): Autonomous -power = 1.00, global angle = 0.063
11-17 14:12:03.144  5741  7428 I global  :  RENO - AutonomousRight.robotDriveWithPIDControl(AutonomousRight.java:637): Autonomous -power = 0.25, global angle = 0.750
11-17 14:12:03.177  5741  7428 I global  :  RENO - AutonomousRight.robotRunToPosition(AutonomousRight.java:367): Autonomous - Current Position after moving, FL = 944, FR= 938, BL = 929, BR = 926
11-17 14:12:03.219  5741  7428 I global  :  RENO - AutonomousRight.readColorSensor(AutonomousRight.java:905): Autonomous - Red: 32, green: 58, blue: 54
11-17 14:12:03.220  5741  7428 I global  :  RENO - AutonomousRight.readColorSensor(AutonomousRight.java:906): Autonomous - Red: 0.22, green: 0.40, blue: 0.38
11-17 14:12:03.221  5741  7428 I global  :  RENO - AutonomousRight.autonomousCore(AutonomousRight.java:680): Autonomous - complete Sleeve color read.
11-17 14:12:03.222  5741  7428 I global  :  RENO - AutonomousRight.robotRunToPosition(AutonomousRight.java:349): Autonomous - Required moving distance 43.00.
11-17 14:12:03.229  5741  7428 I global  :  RENO - AutonomousRight.robotRunToPosition(AutonomousRight.java:358): Autonomous - Target Position = 1935
11-17 14:12:03.249  5741  7428 I global  :  RENO - AutonomousRight.robotRunToPosition(AutonomousRight.java:364): Autonomous - PID = 1, power = 1.00
11-17 14:12:03.311  5741  7428 I global  :  RENO - AutonomousRight.robotDriveWithPIDControl(AutonomousRight.java:611): Autonomous -power = 1.00, global angle = 3.250
11-17 14:12:04.553  5741  7428 I global  :  RENO - AutonomousRight.robotDriveWithPIDControl(AutonomousRight.java:637): Autonomous -power = 0.25, global angle = -0.750
11-17 14:12:04.578  5741  7428 I global  :  RENO - AutonomousRight.robotRunToPosition(AutonomousRight.java:367): Autonomous - Current Position after moving, FL = 1960, FR= 1950, BL = 1947, BR = 1907
11-17 14:12:04.580  5741  7428 I global  :  RENO - AutonomousRight.calculateParkingLocation(AutonomousRight.java:876): Autonomous - channel = 1, max value = 1.009
11-17 14:12:04.581  5741  7428 I global  :  RENO - AutonomousRight.calculateParkingLocation(AutonomousRight.java:877): Autonomous - Sleeve color from color sensor is green
11-17 14:12:04.583  5741  7428 I global  :  RENO - AutonomousRight.autonomousCore(AutonomousRight.java:685): Autonomous - parking lot aisle location: 0.00
11-17 14:12:04.593  5741  7428 I global  :  RENO - AutonomousRight.robotRunToPosition(AutonomousRight.java:349): Autonomous - Required moving distance -12.00.
11-17 14:12:04.602  5741  7428 I global  :  RENO - AutonomousRight.robotRunToPosition(AutonomousRight.java:358): Autonomous - Target Position = -540
11-17 14:12:04.622  5741  7428 I global  :  RENO - AutonomousRight.robotRunToPosition(AutonomousRight.java:364): Autonomous - PID = -1, power = 1.00
11-17 14:12:04.687  5741  7428 I global  :  RENO - AutonomousRight.robotDriveWithPIDControl(AutonomousRight.java:611): Autonomous -power = 1.00, global angle = 1.188
11-17 14:12:05.219  5741  7428 I global  :  RENO - AutonomousRight.robotDriveWithPIDControl(AutonomousRight.java:637): Autonomous -power = 0.25, global angle = 0.500
11-17 14:12:05.245  5741  7428 I global  :  RENO - AutonomousRight.robotRunToPosition(AutonomousRight.java:367): Autonomous - Current Position after moving, FL = -437, FR= -537, BL = -526, BR = -555
11-17 14:12:05.284  5741  7428 I global  :  RENO - AutonomousRight.rotate(AutonomousRight.java:520): Autonomous - Positions: FL = -2, FR = -4, BL = -14, BR = -13
11-17 14:12:05.290  5741  7428 I global  :  RENO - AutonomousRight.rotate(AutonomousRight.java:531): Autonomous - Powers: FL = -0.61, FR = 0.61, BL = -0.61, BR = 0.61
11-17 14:12:05.304  5741  7428 I global  :  RENO - AutonomousRight.rotate(AutonomousRight.java:520): Autonomous - Positions: FL = -4, FR = -6, BL = -24, BR = -18
11-17 14:12:05.311  5741  7428 I global  :  RENO - AutonomousRight.rotate(AutonomousRight.java:531): Autonomous - Powers: FL = -0.61, FR = 0.61, BL = -0.61, BR = 0.61
11-17 14:12:05.325  5741  7428 I global  :  RENO - AutonomousRight.rotate(AutonomousRight.java:520): Autonomous - Positions: FL = -23, FR = 6, BL = -47, BR = -12
11-17 14:12:05.330  5741  7428 I global  :  RENO - AutonomousRight.rotate(AutonomousRight.java:531): Autonomous - Powers: FL = -0.60, FR = 0.60, BL = -0.60, BR = 0.60
11-17 14:12:05.343  5741  7428 I global  :  RENO - AutonomousRight.rotate(AutonomousRight.java:520): Autonomous - Positions: FL = -46, FR = 25, BL = -68, BR = -1
11-17 14:12:05.350  5741  7428 I global  :  RENO - AutonomousRight.rotate(AutonomousRight.java:531): Autonomous - Powers: FL = -0.59, FR = 0.59, BL = -0.59, BR = 0.59
11-17 14:12:05.362  5741  7428 I global  :  RENO - AutonomousRight.rotate(AutonomousRight.java:520): Autonomous - Positions: FL = -74, FR = 48, BL = -95, BR = 14
11-17 14:12:05.363  5741  7428 I global  :  RENO - AutonomousRight.calculateRotatePowerCorrection(AutonomousRight.java:986): Calibration - Rotate power correction: -1.07 
11-17 14:12:05.364  5741  7428 I global  :  RENO - AutonomousRight.calculateRotatePowerCorrection(AutonomousRight.java:986): Calibration - Rotate power correction: 0.57 
11-17 14:12:05.365  5741  7428 I global  :  RENO - AutonomousRight.calculateRotatePowerCorrection(AutonomousRight.java:986): Calibration - Rotate power correction: -2.40 
11-17 14:12:05.367  5741  7428 I global  :  RENO - AutonomousRight.calculateRotatePowerCorrection(AutonomousRight.java:986): Calibration - Rotate power correction: 2.72 
11-17 14:12:05.372  5741  7428 I global  :  RENO - AutonomousRight.rotate(AutonomousRight.java:531): Autonomous - Powers: FL = -0.00, FR = 1.00, BL = -0.00, BR = 1.00
11-17 14:12:05.384  5741  7428 I global  :  RENO - AutonomousRight.rotate(AutonomousRight.java:520): Autonomous - Positions: FL = -105, FR = 72, BL = -128, BR = 36
11-17 14:12:05.385  5741  7428 I global  :  RENO - AutonomousRight.calculateRotatePowerCorrection(AutonomousRight.java:986): Calibration - Rotate power correction: -0.85 
11-17 14:12:05.386  5741  7428 I global  :  RENO - AutonomousRight.calculateRotatePowerCorrection(AutonomousRight.java:986): Calibration - Rotate power correction: 0.55 
11-17 14:12:05.387  5741  7428 I global  :  RENO - AutonomousRight.calculateRotatePowerCorrection(AutonomousRight.java:986): Calibration - Rotate power correction: -1.82 
11-17 14:12:05.389  5741  7428 I global  :  RENO - AutonomousRight.calculateRotatePowerCorrection(AutonomousRight.java:986): Calibration - Rotate power correction: 2.08 
11-17 14:12:05.395  5741  7428 I global  :  RENO - AutonomousRight.rotate(AutonomousRight.java:531): Autonomous - Powers: FL = -0.00, FR = 1.00, BL = -0.00, BR = 1.00
11-17 14:12:05.402  5741  7428 I global  :  RENO - AutonomousRight.rotate(AutonomousRight.java:520): Autonomous - Positions: FL = -119, FR = 98, BL = -143, BR = 63
11-17 14:12:05.403  5741  7428 I global  :  RENO - AutonomousRight.calculateRotatePowerCorrection(AutonomousRight.java:986): Calibration - Rotate power correction: -0.48 
11-17 14:12:05.404  5741  7428 I global  :  RENO - AutonomousRight.calculateRotatePowerCorrection(AutonomousRight.java:986): Calibration - Rotate power correction: 0.24 
11-17 14:12:05.405  5741  7428 I global  :  RENO - AutonomousRight.calculateRotatePowerCorrection(AutonomousRight.java:986): Calibration - Rotate power correction: -1.30 
11-17 14:12:05.406  5741  7428 I global  :  RENO - AutonomousRight.calculateRotatePowerCorrection(AutonomousRight.java:986): Calibration - Rotate power correction: 1.44 
11-17 14:12:05.411  5741  7428 I global  :  RENO - AutonomousRight.rotate(AutonomousRight.java:531): Autonomous - Powers: FL = -0.00, FR = 0.72, BL = -0.00, BR = 1.00
11-17 14:12:05.421  5741  7428 I global  :  RENO - AutonomousRight.rotate(AutonomousRight.java:520): Autonomous - Positions: FL = -127, FR = 129, BL = -152, BR = 98
11-17 14:12:05.422  5741  7428 I global  :  RENO - AutonomousRight.calculateRotatePowerCorrection(AutonomousRight.java:986): Calibration - Rotate power correction: -0.03 
11-17 14:12:05.423  5741  7428 I global  :  RENO - AutonomousRight.calculateRotatePowerCorrection(AutonomousRight.java:986): Calibration - Rotate power correction: -0.09 
11-17 14:12:05.424  5741  7428 I global  :  RENO - AutonomousRight.calculateRotatePowerCorrection(AutonomousRight.java:986): Calibration - Rotate power correction: -0.74 
11-17 14:12:05.425  5741  7428 I global  :  RENO - AutonomousRight.calculateRotatePowerCorrection(AutonomousRight.java:986): Calibration - Rotate power correction: 0.80 
11-17 14:12:05.430  5741  7428 I global  :  RENO - AutonomousRight.rotate(AutonomousRight.java:531): Autonomous - Powers: FL = -0.41, FR = 0.36, BL = -0.00, BR = 1.00
11-17 14:12:05.441  5741  7428 I global  :  RENO - AutonomousRight.rotate(AutonomousRight.java:520): Autonomous - Positions: FL = -135, FR = 159, BL = -161, BR = 139
11-17 14:12:05.442  5741  7428 I global  :  RENO - AutonomousRight.calculateRotatePowerCorrection(AutonomousRight.java:986): Calibration - Rotate power correction: 0.32 
11-17 14:12:05.443  5741  7428 I global  :  RENO - AutonomousRight.calculateRotatePowerCorrection(AutonomousRight.java:986): Calibration - Rotate power correction: -0.27 
11-17 14:12:05.444  5741  7428 I global  :  RENO - AutonomousRight.calculateRotatePowerCorrection(AutonomousRight.java:986): Calibration - Rotate power correction: -0.32 
11-17 14:12:05.446  5741  7428 I global  :  RENO - AutonomousRight.calculateRotatePowerCorrection(AutonomousRight.java:986): Calibration - Rotate power correction: 0.22 
11-17 14:12:05.450  5741  7428 I global  :  RENO - AutonomousRight.rotate(AutonomousRight.java:531): Autonomous - Powers: FL = -0.71, FR = 0.13, BL = -0.08, BR = 0.62
11-17 14:12:05.462  5741  7428 I global  :  RENO - AutonomousRight.rotate(AutonomousRight.java:520): Autonomous - Positions: FL = -150, FR = 189, BL = -172, BR = 182
11-17 14:12:05.463  5741  7428 I global  :  RENO - AutonomousRight.calculateRotatePowerCorrection(AutonomousRight.java:986): Calibration - Rotate power correction: 0.48 
11-17 14:12:05.465  5741  7428 I global  :  RENO - AutonomousRight.calculateRotatePowerCorrection(AutonomousRight.java:986): Calibration - Rotate power correction: -0.33 
11-17 14:12:05.466  5741  7428 I global  :  RENO - AutonomousRight.calculateRotatePowerCorrection(AutonomousRight.java:986): Calibration - Rotate power correction: 0.02 
11-17 14:12:05.468  5741  7428 I global  :  RENO - AutonomousRight.calculateRotatePowerCorrection(AutonomousRight.java:986): Calibration - Rotate power correction: -0.19 
11-17 14:12:05.472  5741  7428 I global  :  RENO - AutonomousRight.rotate(AutonomousRight.java:531): Autonomous - Powers: FL = -0.83, FR = 0.02, BL = -0.38, BR = 0.17
11-17 14:12:05.487  5741  7428 I global  :  RENO - AutonomousRight.rotate(AutonomousRight.java:520): Autonomous - Positions: FL = -186, FR = 222, BL = -193, BR = 220
11-17 14:12:05.488  5741  7428 I global  :  RENO - AutonomousRight.calculateRotatePowerCorrection(AutonomousRight.java:986): Calibration - Rotate power correction: 0.33 
11-17 14:12:05.489  5741  7428 I global  :  RENO - AutonomousRight.calculateRotatePowerCorrection(AutonomousRight.java:986): Calibration - Rotate power correction: -0.30 
11-17 14:12:05.490  5741  7428 I global  :  RENO - AutonomousRight.calculateRotatePowerCorrection(AutonomousRight.java:986): Calibration - Rotate power correction: 0.21 
11-17 14:12:05.491  5741  7428 I global  :  RENO - AutonomousRight.calculateRotatePowerCorrection(AutonomousRight.java:986): Calibration - Rotate power correction: -0.26 
11-17 14:12:05.498  5741  7428 I global  :  RENO - AutonomousRight.rotate(AutonomousRight.java:531): Autonomous - Powers: FL = -0.65, FR = 0.02, BL = -0.53, BR = 0.05
11-17 14:12:05.511  5741  7428 I global  :  RENO - AutonomousRight.rotate(AutonomousRight.java:520): Autonomous - Positions: FL = -231, FR = 249, BL = -217, BR = 250
11-17 14:12:05.512  5741  7428 I global  :  RENO - AutonomousRight.calculateRotatePowerCorrection(AutonomousRight.java:986): Calibration - Rotate power correction: 0.08 
11-17 14:12:05.513  5741  7428 I global  :  RENO - AutonomousRight.calculateRotatePowerCorrection(AutonomousRight.java:986): Calibration - Rotate power correction: -0.20 
11-17 14:12:05.514  5741  7428 I global  :  RENO - AutonomousRight.calculateRotatePowerCorrection(AutonomousRight.java:986): Calibration - Rotate power correction: 0.29 
11-17 14:12:05.516  5741  7428 I global  :  RENO - AutonomousRight.calculateRotatePowerCorrection(AutonomousRight.java:986): Calibration - Rotate power correction: -0.21 
11-17 14:12:05.522  5741  7428 I global  :  RENO - AutonomousRight.rotate(AutonomousRight.java:531): Autonomous - Powers: FL = -0.34, FR = 0.06, BL = -0.55, BR = 0.05
11-17 14:12:05.535  5741  7428 I global  :  RENO - AutonomousRight.rotate(AutonomousRight.java:520): Autonomous - Positions: FL = -282, FR = 276, BL = -246, BR = 280
11-17 14:12:05.537  5741  7428 I global  :  RENO - AutonomousRight.calculateRotatePowerCorrection(AutonomousRight.java:986): Calibration - Rotate power correction: -0.15 
11-17 14:12:05.539  5741  7428 I global  :  RENO - AutonomousRight.calculateRotatePowerCorrection(AutonomousRight.java:986): Calibration - Rotate power correction: -0.07 
11-17 14:12:05.540  5741  7428 I global  :  RENO - AutonomousRight.calculateRotatePowerCorrection(AutonomousRight.java:986): Calibration - Rotate power correction: 0.33 
11-17 14:12:05.542  5741  7428 I global  :  RENO - AutonomousRight.calculateRotatePowerCorrection(AutonomousRight.java:986): Calibration - Rotate power correction: -0.12 
11-17 14:12:05.548  5741  7428 I global  :  RENO - AutonomousRight.rotate(AutonomousRight.java:531): Autonomous - Powers: FL = -0.08, FR = 0.15, BL = -0.55, BR = 0.10
11-17 14:12:05.561  5741  7428 I global  :  RENO - AutonomousRight.rotate(AutonomousRight.java:520): Autonomous - Positions: FL = -330, FR = 302, BL = -277, BR = 311
11-17 14:12:05.563  5741  7428 I global  :  RENO - AutonomousRight.calculateRotatePowerCorrection(AutonomousRight.java:986): Calibration - Rotate power correction: -0.30 
11-17 14:12:05.564  5741  7428 I global  :  RENO - AutonomousRight.calculateRotatePowerCorrection(AutonomousRight.java:986): Calibration - Rotate power correction: 0.04 
11-17 14:12:05.565  5741  7428 I global  :  RENO - AutonomousRight.calculateRotatePowerCorrection(AutonomousRight.java:986): Calibration - Rotate power correction: 0.33 
11-17 14:12:05.567  5741  7428 I global  :  RENO - AutonomousRight.calculateRotatePowerCorrection(AutonomousRight.java:986): Calibration - Rotate power correction: -0.07 
11-17 14:12:05.572  5741  7428 I global  :  RENO - AutonomousRight.rotate(AutonomousRight.java:531): Autonomous - Powers: FL = -0.00, FR = 0.24, BL = -0.53, BR = 0.13
11-17 14:12:05.585  5741  7428 I global  :  RENO - AutonomousRight.rotate(AutonomousRight.java:520): Autonomous - Positions: FL = -363, FR = 331, BL = -310, BR = 339
11-17 14:12:05.586  5741  7428 I global  :  RENO - AutonomousRight.calculateRotatePowerCorrection(AutonomousRight.java:986): Calibration - Rotate power correction: -0.30 
11-17 14:12:05.587  5741  7428 I global  :  RENO - AutonomousRight.calculateRotatePowerCorrection(AutonomousRight.java:986): Calibration - Rotate power correction: 0.04 
11-17 14:12:05.589  5741  7428 I global  :  RENO - AutonomousRight.calculateRotatePowerCorrection(AutonomousRight.java:986): Calibration - Rotate power correction: 0.27 
11-17 14:12:05.590  5741  7428 I global  :  RENO - AutonomousRight.calculateRotatePowerCorrection(AutonomousRight.java:986): Calibration - Rotate power correction: -0.04 
11-17 14:12:05.597  5741  7428 I global  :  RENO - AutonomousRight.rotate(AutonomousRight.java:531): Autonomous - Powers: FL = -0.00, FR = 0.24, BL = -0.47, BR = 0.16
11-17 14:12:05.608  5741  7428 I global  :  RENO - AutonomousRight.rotate(AutonomousRight.java:520): Autonomous - Positions: FL = -377, FR = 357, BL = -343, BR = 365
11-17 14:12:05.609  5741  7428 I global  :  RENO - AutonomousRight.calculateRotatePowerCorrection(AutonomousRight.java:986): Calibration - Rotate power correction: -0.17 
11-17 14:12:05.610  5741  7428 I global  :  RENO - AutonomousRight.calculateRotatePowerCorrection(AutonomousRight.java:986): Calibration - Rotate power correction: 0.03 
11-17 14:12:05.612  5741  7428 I global  :  RENO - AutonomousRight.calculateRotatePowerCorrection(AutonomousRight.java:986): Calibration - Rotate power correction: 0.17 
11-17 14:12:05.613  5741  7428 I global  :  RENO - AutonomousRight.calculateRotatePowerCorrection(AutonomousRight.java:986): Calibration - Rotate power correction: -0.05 
11-17 14:12:05.619  5741  7428 I global  :  RENO - AutonomousRight.rotate(AutonomousRight.java:531): Autonomous - Powers: FL = -0.03, FR = 0.23, BL = -0.37, BR = 0.15
11-17 14:12:05.632  5741  7428 I global  :  RENO - AutonomousRight.rotate(AutonomousRight.java:520): Autonomous - Positions: FL = -386, FR = 378, BL = -377, BR = 391
11-17 14:12:05.633  5741  7428 I global  :  RENO - AutonomousRight.calculateRotatePowerCorrection(AutonomousRight.java:986): Calibration - Rotate power correction: -0.03 
11-17 14:12:05.634  5741  7428 I global  :  RENO - AutonomousRight.calculateRotatePowerCorrection(AutonomousRight.java:986): Calibration - Rotate power correction: 0.05 
11-17 14:12:05.636  5741  7428 I global  :  RENO - AutonomousRight.calculateRotatePowerCorrection(AutonomousRight.java:986): Calibration - Rotate power correction: 0.06 
11-17 14:12:05.637  5741  7428 I global  :  RENO - AutonomousRight.calculateRotatePowerCorrection(AutonomousRight.java:986): Calibration - Rotate power correction: -0.08 
11-17 14:12:05.641  5741  7428 I global  :  RENO - AutonomousRight.rotate(AutonomousRight.java:531): Autonomous - Powers: FL = -0.17, FR = 0.25, BL = -0.26, BR = 0.12
11-17 14:12:05.656  5741  7428 I global  :  RENO - AutonomousRight.rotate(AutonomousRight.java:520): Autonomous - Positions: FL = -395, FR = 397, BL = -410, BR = 416
11-17 14:12:05.657  5741  7428 I global  :  RENO - AutonomousRight.calculateRotatePowerCorrection(AutonomousRight.java:986): Calibration - Rotate power correction: 0.08 
11-17 14:12:05.659  5741  7428 I global  :  RENO - AutonomousRight.calculateRotatePowerCorrection(AutonomousRight.java:986): Calibration - Rotate power correction: 0.06 
11-17 14:12:05.660  5741  7428 I global  :  RENO - AutonomousRight.calculateRotatePowerCorrection(AutonomousRight.java:986): Calibration - Rotate power correction: -0.05 
11-17 14:12:05.661  5741  7428 I global  :  RENO - AutonomousRight.calculateRotatePowerCorrection(AutonomousRight.java:986): Calibration - Rotate power correction: -0.11 
11-17 14:12:05.668  5741  7428 I global  :  RENO - AutonomousRight.rotate(AutonomousRight.java:531): Autonomous - Powers: FL = -0.28, FR = 0.26, BL = -0.15, BR = 0.09
11-17 14:12:06.005  5741  7428 I global  :  RENO - AutonomousRight.logEncoderAfterRotate(AutonomousRight.java:567): Front Left Motor Position: -408
11-17 14:12:06.006  5741  7428 I global  :  RENO - AutonomousRight.logEncoderAfterRotate(AutonomousRight.java:568): Front Right Motor Position: 440
11-17 14:12:06.009  5741  7428 I global  :  RENO - AutonomousRight.logEncoderAfterRotate(AutonomousRight.java:569): Back Left Motor Position: -449
11-17 14:12:06.012  5741  7428 I global  :  RENO - AutonomousRight.logEncoderAfterRotate(AutonomousRight.java:570): Back Right Motor Position: 479
11-17 14:12:06.014  5741  7428 I global  :  RENO - AutonomousRight.robotRunToPosition(AutonomousRight.java:349): Autonomous - Required moving distance 14.00.
11-17 14:12:06.023  5741  7428 I global  :  RENO - AutonomousRight.robotRunToPosition(AutonomousRight.java:358): Autonomous - Target Position = 630
11-17 14:12:06.059  5741  7428 I global  :  RENO - AutonomousRight.robotRunToPosition(AutonomousRight.java:364): Autonomous - PID = 1, power = 1.00
11-17 14:12:06.126  5741  7428 I global  :  RENO - AutonomousRight.robotDriveWithPIDControl(AutonomousRight.java:611): Autonomous -power = 1.00, global angle = -0.063
11-17 14:12:06.814  5741  7428 I global  :  RENO - AutonomousRight.robotDriveWithPIDControl(AutonomousRight.java:637): Autonomous -power = 0.25, global angle = -0.563
11-17 14:12:06.837  5741  7428 I global  :  RENO - AutonomousRight.robotRunToPosition(AutonomousRight.java:367): Autonomous - Current Position after moving, FL = 616, FR= 643, BL = 579, BR = 609
11-17 14:12:06.844  5741  7428 I global  :  RENO - AutonomousRight.autonomousCore(AutonomousRight.java:709): Autonomous - imu angle before unloading cone: 49.63
11-17 14:12:06.845  5741  7428 I global  :  RENO - AutonomousRight.robotRunToPosition(AutonomousRight.java:349): Autonomous - Required moving distance -3.00.
11-17 14:12:06.853  5741  7428 I global  :  RENO - AutonomousRight.robotRunToPosition(AutonomousRight.java:358): Autonomous - Target Position = -135
11-17 14:12:06.871  5741  7428 I global  :  RENO - AutonomousRight.robotRunToPosition(AutonomousRight.java:364): Autonomous - PID = -1, power = 0.50
11-17 14:12:06.939  5741  7428 I global  :  RENO - AutonomousRight.robotDriveWithPIDControl(AutonomousRight.java:611): Autonomous -power = 0.50, global angle = 0.063
11-17 14:12:07.330  5741  7428 I global  :  RENO - AutonomousRight.robotDriveWithPIDControl(AutonomousRight.java:637): Autonomous -power = 0.25, global angle = 0.250
11-17 14:12:07.353  5741  7428 I global  :  RENO - AutonomousRight.robotRunToPosition(AutonomousRight.java:367): Autonomous - Current Position after moving, FL = -116, FR= -119, BL = -140, BR = -133
11-17 14:12:07.859  5741  7428 I global  :  RENO - AutonomousRight.robotRunToPosition(AutonomousRight.java:349): Autonomous - Required moving distance -11.00.
11-17 14:12:07.870  5741  7428 I global  :  RENO - AutonomousRight.robotRunToPosition(AutonomousRight.java:358): Autonomous - Target Position = -495
11-17 14:12:07.915  5741  7428 I global  :  RENO - AutonomousRight.robotRunToPosition(AutonomousRight.java:364): Autonomous - PID = -1, power = 1.00
11-17 14:12:07.981  5741  7428 I global  :  RENO - AutonomousRight.robotDriveWithPIDControl(AutonomousRight.java:611): Autonomous -power = 1.00, global angle = 0.688
11-17 14:12:08.562  5741  7428 I global  :  RENO - AutonomousRight.robotDriveWithPIDControl(AutonomousRight.java:637): Autonomous -power = 0.25, global angle = 0.563
11-17 14:12:08.589  5741  7428 I global  :  RENO - AutonomousRight.robotRunToPosition(AutonomousRight.java:367): Autonomous - Current Position after moving, FL = -467, FR= -479, BL = -479, BR = -497
11-17 14:12:08.590  5741  7428 I global  :  RENO - AutonomousRight.autonomousCore(AutonomousRight.java:714): Autonomous - loop index: 0 
11-17 14:12:08.601  5741  7428 I global  :  RENO - AutonomousRight.autonomousCore(AutonomousRight.java:720): Autonomous - imu angle before right turn: 50.13
11-17 14:12:08.629  5741  7428 I global  :  RENO - AutonomousRight.rotate(AutonomousRight.java:520): Autonomous - Positions: FL = 0, FR = -1, BL = -8, BR = -9
11-17 14:12:08.635  5741  7428 I global  :  RENO - AutonomousRight.rotate(AutonomousRight.java:531): Autonomous - Powers: FL = 0.90, FR = -0.90, BL = 0.90, BR = -0.90
11-17 14:12:08.646  5741  7428 I global  :  RENO - AutonomousRight.rotate(AutonomousRight.java:520): Autonomous - Positions: FL = 1, FR = -2, BL = -12, BR = -14
11-17 14:12:08.651  5741  7428 I global  :  RENO - AutonomousRight.rotate(AutonomousRight.java:531): Autonomous - Powers: FL = 0.90, FR = -0.90, BL = 0.90, BR = -0.90
11-17 14:12:08.657  5741  7428 I global  :  RENO - AutonomousRight.rotate(AutonomousRight.java:520): Autonomous - Positions: FL = 10, FR = -10, BL = -6, BR = -26
11-17 14:12:08.662  5741  7428 I global  :  RENO - AutonomousRight.rotate(AutonomousRight.java:531): Autonomous - Powers: FL = 0.90, FR = -0.90, BL = 0.90, BR = -0.90
11-17 14:12:08.669  5741  7428 I global  :  RENO - AutonomousRight.rotate(AutonomousRight.java:520): Autonomous - Positions: FL = 25, FR = -24, BL = 7, BR = -41
11-17 14:12:08.674  5741  7428 I global  :  RENO - AutonomousRight.rotate(AutonomousRight.java:531): Autonomous - Powers: FL = 0.90, FR = -0.90, BL = 0.90, BR = -0.90
