11-27 14:21:03.593 10870 11496 I global  :  RENO - ChassisWith4Motors.driveWithPIDControl(ChassisWith4Motors.java:482): rampUpPower = 0.55, rampDownPower = 0.25
11-27 14:21:03.598 10870 11496 I global  :  RENO - ChassisWith4Motors.driveWithPIDControl(ChassisWith4Motors.java:488): power = 0.25, correction = -0.01, global angle = 0.250, last angle = 45.75
11-27 14:21:03.616 10870 11496 I global  :  RENO - ChassisWith4Motors.driveWithPIDControl(ChassisWith4Motors.java:481): tDistance = 9.02, currLocation = 4.09
11-27 14:21:03.617 10870 11496 I global  :  RENO - ChassisWith4Motors.driveWithPIDControl(ChassisWith4Motors.java:482): rampUpPower = 0.57, rampDownPower = 0.25
11-27 14:21:03.621 10870 11496 I global  :  RENO - ChassisWith4Motors.driveWithPIDControl(ChassisWith4Motors.java:488): power = 0.25, correction = -0.01, global angle = 0.188, last angle = 45.69
11-27 14:21:03.644 10870 11496 I global  :  RENO - ChassisWith4Motors.driveWithPIDControl(ChassisWith4Motors.java:481): tDistance = 9.02, currLocation = 4.44
11-27 14:21:03.645 10870 11496 I global  :  RENO - ChassisWith4Motors.driveWithPIDControl(ChassisWith4Motors.java:482): rampUpPower = 0.59, rampDownPower = 0.25
11-27 14:21:03.650 10870 11496 I global  :  RENO - ChassisWith4Motors.driveWithPIDControl(ChassisWith4Motors.java:488): power = 0.25, correction = -0.01, global angle = 0.125, last angle = 45.63
11-27 14:21:03.667 10870 11496 I global  :  RENO - ChassisWith4Motors.driveWithPIDControl(ChassisWith4Motors.java:481): tDistance = 9.02, currLocation = 4.72
11-27 14:21:03.669 10870 11496 I global  :  RENO - ChassisWith4Motors.driveWithPIDControl(ChassisWith4Motors.java:482): rampUpPower = 0.60, rampDownPower = 0.24
11-27 14:21:03.674 10870 11496 I global  :  RENO - ChassisWith4Motors.driveWithPIDControl(ChassisWith4Motors.java:488): power = 0.24, correction = -0.01, global angle = 0.188, last angle = 45.69
11-27 14:21:03.691 10870 11496 I global  :  RENO - ChassisWith4Motors.driveWithPIDControl(ChassisWith4Motors.java:481): tDistance = 9.02, currLocation = 4.98
11-27 14:21:03.692 10870 11496 I global  :  RENO - ChassisWith4Motors.driveWithPIDControl(ChassisWith4Motors.java:482): rampUpPower = 0.61, rampDownPower = 0.24
11-27 14:21:03.698 10870 11496 I global  :  RENO - ChassisWith4Motors.driveWithPIDControl(ChassisWith4Motors.java:488): power = 0.24, correction = -0.01, global angle = 0.188, last angle = 45.69
11-27 14:21:03.714 10870 11496 I global  :  RENO - ChassisWith4Motors.driveWithPIDControl(ChassisWith4Motors.java:481): tDistance = 9.02, currLocation = 5.23
11-27 14:21:03.715 10870 11496 I global  :  RENO - ChassisWith4Motors.driveWithPIDControl(ChassisWith4Motors.java:482): rampUpPower = 0.63, rampDownPower = 0.24
11-27 14:21:03.722 10870 11496 I global  :  RENO - ChassisWith4Motors.driveWithPIDControl(ChassisWith4Motors.java:488): power = 0.24, correction = -0.01, global angle = 0.125, last angle = 45.63
11-27 14:21:03.738 10870 11496 I global  :  RENO - ChassisWith4Motors.driveWithPIDControl(ChassisWith4Motors.java:481): tDistance = 9.02, currLocation = 5.52
11-27 14:21:03.739 10870 11496 I global  :  RENO - ChassisWith4Motors.driveWithPIDControl(ChassisWith4Motors.java:482): rampUpPower = 0.64, rampDownPower = 0.24
11-27 14:21:03.745 10870 11496 I global  :  RENO - ChassisWith4Motors.driveWithPIDControl(ChassisWith4Motors.java:488): power = 0.24, correction = -0.01, global angle = 0.125, last angle = 45.63
11-27 14:21:03.763 10870 11496 I global  :  RENO - ChassisWith4Motors.driveWithPIDControl(ChassisWith4Motors.java:481): tDistance = 9.02, currLocation = 5.84
11-27 14:21:03.765 10870 11496 I global  :  RENO - ChassisWith4Motors.driveWithPIDControl(ChassisWith4Motors.java:482): rampUpPower = 0.66, rampDownPower = 0.23
11-27 14:21:03.770 10870 11496 I global  :  RENO - ChassisWith4Motors.driveWithPIDControl(ChassisWith4Motors.java:488): power = 0.23, correction = -0.01, global angle = 0.188, last angle = 45.69
11-27 14:21:03.786 10870 11496 I global  :  RENO - ChassisWith4Motors.driveWithPIDControl(ChassisWith4Motors.java:481): tDistance = 9.02, currLocation = 6.10
11-27 14:21:03.787 10870 11496 I global  :  RENO - ChassisWith4Motors.driveWithPIDControl(ChassisWith4Motors.java:482): rampUpPower = 0.67, rampDownPower = 0.23
11-27 14:21:03.791 10870 11496 I global  :  RENO - ChassisWith4Motors.driveWithPIDControl(ChassisWith4Motors.java:488): power = 0.23, correction = -0.01, global angle = 0.250, last angle = 45.75
11-27 14:21:03.812 10870 11496 I global  :  RENO - ChassisWith4Motors.driveWithPIDControl(ChassisWith4Motors.java:481): tDistance = 9.02, currLocation = 6.43
11-27 14:21:03.814 10870 11496 I global  :  RENO - ChassisWith4Motors.driveWithPIDControl(ChassisWith4Motors.java:482): rampUpPower = 0.69, rampDownPower = 0.23
11-27 14:21:03.820 10870 11496 I global  :  RENO - ChassisWith4Motors.driveWithPIDControl(ChassisWith4Motors.java:488): power = 0.23, correction = -0.01, global angle = 0.188, last angle = 45.69
11-27 14:21:03.835 10870 11496 I global  :  RENO - ChassisWith4Motors.driveWithPIDControl(ChassisWith4Motors.java:481): tDistance = 9.02, currLocation = 6.71
11-27 14:21:03.836 10870 11496 I global  :  RENO - ChassisWith4Motors.driveWithPIDControl(ChassisWith4Motors.java:482): rampUpPower = 0.71, rampDownPower = 0.22
11-27 14:21:03.841 10870 11496 I global  :  RENO - ChassisWith4Motors.driveWithPIDControl(ChassisWith4Motors.java:488): power = 0.22, correction = -0.01, global angle = 0.125, last angle = 45.63
11-27 14:21:03.857 10870 11496 I global  :  RENO - ChassisWith4Motors.driveWithPIDControl(ChassisWith4Motors.java:481): tDistance = 9.02, currLocation = 6.99
11-27 14:21:03.858 10870 11496 I global  :  RENO - ChassisWith4Motors.driveWithPIDControl(ChassisWith4Motors.java:482): rampUpPower = 0.72, rampDownPower = 0.22
11-27 14:21:03.864 10870 11496 I global  :  RENO - ChassisWith4Motors.driveWithPIDControl(ChassisWith4Motors.java:488): power = 0.22, correction = -0.01, global angle = 0.125, last angle = 45.63
11-27 14:21:03.879 10870 11496 I global  :  RENO - ChassisWith4Motors.driveWithPIDControl(ChassisWith4Motors.java:481): tDistance = 9.02, currLocation = 7.27
11-27 14:21:03.880 10870 11496 I global  :  RENO - ChassisWith4Motors.driveWithPIDControl(ChassisWith4Motors.java:482): rampUpPower = 0.74, rampDownPower = 0.22
11-27 14:21:03.886 10870 11496 I global  :  RENO - ChassisWith4Motors.driveWithPIDControl(ChassisWith4Motors.java:488): power = 0.22, correction = -0.00, global angle = 0.125, last angle = 45.63
11-27 14:21:03.903 10870 11496 I global  :  RENO - ChassisWith4Motors.driveWithPIDControl(ChassisWith4Motors.java:481): tDistance = 9.02, currLocation = 7.55
11-27 14:21:03.904 10870 11496 I global  :  RENO - ChassisWith4Motors.driveWithPIDControl(ChassisWith4Motors.java:482): rampUpPower = 0.75, rampDownPower = 0.22
11-27 14:21:03.910 10870 11496 I global  :  RENO - ChassisWith4Motors.driveWithPIDControl(ChassisWith4Motors.java:488): power = 0.22, correction = -0.01, global angle = 0.125, last angle = 45.63
11-27 14:21:03.918 10870 11504 I global  :  RENO - ObjectDetection.verifyObjectDetected(ObjectDetection.java:314): per [0] = 0.679
11-27 14:21:03.919 10870 11504 I global  :  RENO - ObjectDetection.verifyObjectDetected(ObjectDetection.java:314): per [1] = 0.640
11-27 14:21:03.921 10870 11504 I global  :  RENO - ObjectDetection.verifyObjectDetected(ObjectDetection.java:314): per [2] = 0.626
11-27 14:21:03.927 10870 11496 I global  :  RENO - ChassisWith4Motors.driveWithPIDControl(ChassisWith4Motors.java:481): tDistance = 9.02, currLocation = 7.83
11-27 14:21:03.928 10870 11496 I global  :  RENO - ChassisWith4Motors.driveWithPIDControl(ChassisWith4Motors.java:482): rampUpPower = 0.76, rampDownPower = 0.21
11-27 14:21:03.932 10870 11504 I global  :  RENO - ObjectDetection.processFrame(ObjectDetection.java:83): Start Opcv process to detect sleeve color.
11-27 14:21:03.933 10870 11496 I global  :  RENO - ChassisWith4Motors.driveWithPIDControl(ChassisWith4Motors.java:488): power = 0.21, correction = -0.00, global angle = 0.000, last angle = 45.50
11-27 14:21:03.933 10870 11504 I global  :  RENO - ObjectDetection.sleeveColorDetect(ObjectDetection.java:121): Start Opcv process to detect sleeve color.
11-27 14:21:03.934 10870 11504 I global  :  RENO - ObjectDetection.sleeveColorDetect(ObjectDetection.java:128): Sleeve max color = 227682.00, 207002.00, 185886.00
11-27 14:21:03.935 10870 11504 I global  :  RENO - ObjectDetection.sleeveColorDetect(ObjectDetection.java:147): Sleeve position: LEFT
11-27 14:21:03.936 10870 11504 I global  :  RENO - ObjectDetection.processFrame(ObjectDetection.java:86): Start Opcv process to detect cone.
11-27 14:21:03.950 10870 11496 I global  :  RENO - ChassisWith4Motors.driveWithPIDControl(ChassisWith4Motors.java:481): tDistance = 9.02, currLocation = 8.11
11-27 14:21:03.951 10870 11496 I global  :  RENO - ChassisWith4Motors.driveWithPIDControl(ChassisWith4Motors.java:482): rampUpPower = 0.78, rampDownPower = 0.21
11-27 14:21:03.957 10870 11496 I global  :  RENO - ChassisWith4Motors.driveWithPIDControl(ChassisWith4Motors.java:488): power = 0.21, correction = 0.00, global angle = -0.063, last angle = 45.44
11-27 14:21:03.972 10870 11496 I global  :  RENO - ChassisWith4Motors.driveWithPIDControl(ChassisWith4Motors.java:481): tDistance = 9.02, currLocation = 8.37
11-27 14:21:03.973 10870 11496 I global  :  RENO - ChassisWith4Motors.driveWithPIDControl(ChassisWith4Motors.java:482): rampUpPower = 0.79, rampDownPower = 0.21
11-27 14:21:03.979 10870 11496 I global  :  RENO - ChassisWith4Motors.driveWithPIDControl(ChassisWith4Motors.java:488): power = 0.21, correction = 0.00, global angle = 0.000, last angle = 45.50
11-27 14:21:03.994 10870 11496 I global  :  RENO - ChassisWith4Motors.driveWithPIDControl(ChassisWith4Motors.java:481): tDistance = 9.02, currLocation = 8.60
11-27 14:21:03.995 10870 11496 I global  :  RENO - ChassisWith4Motors.driveWithPIDControl(ChassisWith4Motors.java:482): rampUpPower = 0.81, rampDownPower = 0.20
11-27 14:21:04.001 10870 11496 I global  :  RENO - ChassisWith4Motors.driveWithPIDControl(ChassisWith4Motors.java:488): power = 0.20, correction = -0.00, global angle = 0.063, last angle = 45.56
11-27 14:21:04.019 10870 11496 I global  :  RENO - ChassisWith4Motors.driveWithPIDControl(ChassisWith4Motors.java:481): tDistance = 9.02, currLocation = 8.88
11-27 14:21:04.021 10870 11496 I global  :  RENO - ChassisWith4Motors.driveWithPIDControl(ChassisWith4Motors.java:482): rampUpPower = 0.82, rampDownPower = 0.20
11-27 14:21:04.027 10870 11496 I global  :  RENO - ChassisWith4Motors.driveWithPIDControl(ChassisWith4Motors.java:488): power = 0.20, correction = -0.00, global angle = 0.000, last angle = 45.50
11-27 14:21:04.044 10870 11496 I global  :  RENO - ChassisWith4Motors.driveWithPIDControl(ChassisWith4Motors.java:481): tDistance = 9.02, currLocation = 9.18
11-27 14:21:04.045 10870 11496 I global  :  RENO - ChassisWith4Motors.driveWithPIDControl(ChassisWith4Motors.java:482): rampUpPower = 0.84, rampDownPower = 0.20
11-27 14:21:04.051 10870 11496 I global  :  RENO - ChassisWith4Motors.driveWithPIDControl(ChassisWith4Motors.java:488): power = 0.20, correction = 0.00, global angle = 0.000, last angle = 45.50
11-27 14:21:04.069 10870 11496 I global  :  RENO - ChassisWith4Motors.driveWithPIDControl(ChassisWith4Motors.java:481): tDistance = 9.02, currLocation = 9.49
11-27 14:21:04.070 10870 11496 I global  :  RENO - ChassisWith4Motors.driveWithPIDControl(ChassisWith4Motors.java:482): rampUpPower = 0.85, rampDownPower = 0.20
11-27 14:21:04.076 10870 11496 I global  :  RENO - ChassisWith4Motors.driveWithPIDControl(ChassisWith4Motors.java:488): power = 0.20, correction = 0.00, global angle = -0.063, last angle = 45.44
11-27 14:21:04.087 10870 11496 I global  :  RENO - ChassisWith4Motors.driveWithPIDControl(ChassisWith4Motors.java:481): tDistance = 9.02, currLocation = 9.70
11-27 14:21:04.088 10870 11496 I global  :  RENO - ChassisWith4Motors.driveWithPIDControl(ChassisWith4Motors.java:482): rampUpPower = 0.86, rampDownPower = 0.20
11-27 14:21:04.092 10870 11496 I global  :  RENO - ChassisWith4Motors.driveWithPIDControl(ChassisWith4Motors.java:488): power = 0.20, correction = 0.01, global angle = -0.125, last angle = 45.38
11-27 14:21:04.110 10870 11496 I global  :  RENO - ChassisWith4Motors.driveWithPIDControl(ChassisWith4Motors.java:481): tDistance = 9.02, currLocation = 9.96
11-27 14:21:04.112 10870 11496 I global  :  RENO - ChassisWith4Motors.driveWithPIDControl(ChassisWith4Motors.java:482): rampUpPower = 0.88, rampDownPower = 0.20
11-27 14:21:04.118 10870 11496 I global  :  RENO - ChassisWith4Motors.driveWithPIDControl(ChassisWith4Motors.java:488): power = 0.20, correction = 0.00, global angle = 0.000, last angle = 45.50
11-27 14:21:04.135 10870 11496 I global  :  RENO - ChassisWith4Motors.driveWithPIDControl(ChassisWith4Motors.java:481): tDistance = 9.02, currLocation = 10.21
11-27 14:21:04.136 10870 11496 I global  :  RENO - ChassisWith4Motors.driveWithPIDControl(ChassisWith4Motors.java:482): rampUpPower = 0.88, rampDownPower = 0.20
11-27 14:21:04.142 10870 11496 I global  :  RENO - ChassisWith4Motors.driveWithPIDControl(ChassisWith4Motors.java:488): power = 0.20, correction = -0.00, global angle = 0.063, last angle = 45.56
11-27 14:21:04.164 10870 11496 I global  :  RENO - ChassisWith4Motors.driveWithPIDControl(ChassisWith4Motors.java:481): tDistance = 9.02, currLocation = 10.54
11-27 14:21:04.165 10870 11496 I global  :  RENO - ChassisWith4Motors.driveWithPIDControl(ChassisWith4Motors.java:482): rampUpPower = 0.88, rampDownPower = 0.20
11-27 14:21:04.171 10870 11496 I global  :  RENO - ChassisWith4Motors.driveWithPIDControl(ChassisWith4Motors.java:488): power = 0.20, correction = -0.00, global angle = 0.063, last angle = 45.56
11-27 14:21:04.184 10870 11496 I global  :  RENO - ChassisWith4Motors.driveWithPIDControl(ChassisWith4Motors.java:481): tDistance = 9.02, currLocation = 10.80
11-27 14:21:04.185 10870 11496 I global  :  RENO - ChassisWith4Motors.driveWithPIDControl(ChassisWith4Motors.java:482): rampUpPower = 0.88, rampDownPower = 0.20
11-27 14:21:04.191 10870 11496 I global  :  RENO - ChassisWith4Motors.driveWithPIDControl(ChassisWith4Motors.java:488): power = 0.20, correction = -0.00, global angle = 0.063, last angle = 45.56
11-27 14:21:04.204 10870 11496 I global  :  RENO - ChassisWith4Motors.driveWithPIDControl(ChassisWith4Motors.java:481): tDistance = 9.02, currLocation = 11.03
11-27 14:21:04.204 10870 11496 I global  :  RENO - ChassisWith4Motors.driveWithPIDControl(ChassisWith4Motors.java:482): rampUpPower = 0.88, rampDownPower = 0.20
11-27 14:21:04.211 10870 11496 I global  :  RENO - ChassisWith4Motors.driveWithPIDControl(ChassisWith4Motors.java:488): power = 0.20, correction = 0.00, global angle = 0.000, last angle = 45.50
11-27 14:21:04.232 10870 11496 I global  :  RENO - ChassisWith4Motors.driveWithPIDControl(ChassisWith4Motors.java:501): Autonomous -power = 0.20, global angle = -0.063
11-27 14:21:04.247 10870 11496 I global  :  RENO - ChassisWith4Motors.runToPosition(ChassisWith4Motors.java:579): Required moving distance 9.02.
11-27 14:21:04.249 10870 11496 I global  :  RENO - ChassisWith4Motors.runToPosition(ChassisWith4Motors.java:580): Target Position = 496
11-27 14:21:04.250 10870 11496 I global  :  RENO - ChassisWith4Motors.runToPosition(ChassisWith4Motors.java:581): PID = 1
11-27 14:21:04.259 10870 11496 I global  :  RENO - ChassisWith4Motors.runToPosition(ChassisWith4Motors.java:582): Current Position after moving, FL = 491, FR= -481, BL = -503, BR = 502
11-27 14:21:04.260 10870 11496 I global  :  RENO - AutonomousRight.autonomousCore(AutonomousRight.java:319): shift driving completed
11-27 14:21:04.266 10870 11496 I global  :  RENO - AutonomousRight.autonomousCore(AutonomousRight.java:324): Autonomous - slider is positioned to high junction.
11-27 14:21:04.306 10870 11504 I global  :  RENO - ObjectDetection.verifyObjectDetected(ObjectDetection.java:314): per [0] = 0.726
11-27 14:21:04.307 10870 11504 I global  :  RENO - ObjectDetection.verifyObjectDetected(ObjectDetection.java:314): per [1] = 0.688
11-27 14:21:04.308 10870 11504 I global  :  RENO - ObjectDetection.verifyObjectDetected(ObjectDetection.java:314): per [2] = 0.687
11-27 14:21:04.315 10870 11504 I global  :  RENO - ObjectDetection.processFrame(ObjectDetection.java:83): Start Opcv process to detect sleeve color.
11-27 14:21:04.316 10870 11504 I global  :  RENO - ObjectDetection.sleeveColorDetect(ObjectDetection.java:121): Start Opcv process to detect sleeve color.
11-27 14:21:04.317 10870 11496 I global  :  RENO - ChassisWith4Motors.driveWithPIDControl(ChassisWith4Motors.java:481): tDistance = 15.00, currLocation = 0.19
11-27 14:21:04.318 10870 11504 I global  :  RENO - ObjectDetection.sleeveColorDetect(ObjectDetection.java:128): Sleeve max color = 231065.00, 207947.00, 183642.00
11-27 14:21:04.319 10870 11496 I global  :  RENO - ChassisWith4Motors.driveWithPIDControl(ChassisWith4Motors.java:482): rampUpPower = 0.36, rampDownPower = 0.88
11-27 14:21:04.319 10870 11504 I global  :  RENO - ObjectDetection.sleeveColorDetect(ObjectDetection.java:147): Sleeve position: LEFT
11-27 14:21:04.320 10870 11504 I global  :  RENO - ObjectDetection.processFrame(ObjectDetection.java:86): Start Opcv process to detect cone.
11-27 14:21:04.323 10870 11496 I global  :  RENO - ChassisWith4Motors.driveWithPIDControl(ChassisWith4Motors.java:488): power = 0.36, correction = 0.02, global angle = -0.563, last angle = 44.94
11-27 14:21:04.344 10870 11496 I global  :  RENO - ChassisWith4Motors.driveWithPIDControl(ChassisWith4Motors.java:481): tDistance = 15.00, currLocation = 0.44
11-27 14:21:04.345 10870 11496 I global  :  RENO - ChassisWith4Motors.driveWithPIDControl(ChassisWith4Motors.java:482): rampUpPower = 0.37, rampDownPower = 0.88
11-27 14:21:04.350 10870 11496 I global  :  RENO - ChassisWith4Motors.driveWithPIDControl(ChassisWith4Motors.java:488): power = 0.37, correction = 0.03, global angle = -0.625, last angle = 44.88
11-27 14:21:04.366 10870 11496 I global  :  RENO - ChassisWith4Motors.driveWithPIDControl(ChassisWith4Motors.java:481): tDistance = 15.00, currLocation = 0.68
11-27 14:21:04.367 10870 11496 I global  :  RENO - ChassisWith4Motors.driveWithPIDControl(ChassisWith4Motors.java:482): rampUpPower = 0.39, rampDownPower = 0.88
11-27 14:21:04.373 10870 11496 I global  :  RENO - ChassisWith4Motors.driveWithPIDControl(ChassisWith4Motors.java:488): power = 0.39, correction = 0.02, global angle = -0.500, last angle = 45.00
11-27 14:21:04.389 10870 11496 I global  :  RENO - ChassisWith4Motors.driveWithPIDControl(ChassisWith4Motors.java:481): tDistance = 15.00, currLocation = 0.91
11-27 14:21:04.394 10870 11496 I global  :  RENO - ChassisWith4Motors.driveWithPIDControl(ChassisWith4Motors.java:482): rampUpPower = 0.40, rampDownPower = 0.88
11-27 14:21:04.399 10870 11496 I global  :  RENO - ChassisWith4Motors.driveWithPIDControl(ChassisWith4Motors.java:488): power = 0.40, correction = 0.02, global angle = -0.188, last angle = 45.31
11-27 14:21:04.416 10870 11496 I global  :  RENO - ChassisWith4Motors.driveWithPIDControl(ChassisWith4Motors.java:481): tDistance = 15.00, currLocation = 1.26
11-27 14:21:04.418 10870 11496 I global  :  RENO - ChassisWith4Motors.driveWithPIDControl(ChassisWith4Motors.java:482): rampUpPower = 0.42, rampDownPower = 0.88
11-27 14:21:04.422 10870 11496 I global  :  RENO - ChassisWith4Motors.driveWithPIDControl(ChassisWith4Motors.java:488): power = 0.42, correction = -0.00, global angle = 0.063, last angle = 45.56
11-27 14:21:04.438 10870 11496 I global  :  RENO - ChassisWith4Motors.driveWithPIDControl(ChassisWith4Motors.java:481): tDistance = 15.00, currLocation = 1.57
11-27 14:21:04.439 10870 11496 I global  :  RENO - ChassisWith4Motors.driveWithPIDControl(ChassisWith4Motors.java:482): rampUpPower = 0.43, rampDownPower = 0.88
11-27 14:21:04.444 10870 11496 I global  :  RENO - ChassisWith4Motors.driveWithPIDControl(ChassisWith4Motors.java:488): power = 0.43, correction = -0.01, global angle = 0.438, last angle = 45.94
11-27 14:21:04.461 10870 11496 I global  :  RENO - ChassisWith4Motors.driveWithPIDControl(ChassisWith4Motors.java:481): tDistance = 15.00, currLocation = 1.87
11-27 14:21:04.463 10870 11496 I global  :  RENO - ChassisWith4Motors.driveWithPIDControl(ChassisWith4Motors.java:482): rampUpPower = 0.45, rampDownPower = 0.88
11-27 14:21:04.469 10870 11496 I global  :  RENO - ChassisWith4Motors.driveWithPIDControl(ChassisWith4Motors.java:488): power = 0.45, correction = -0.02, global angle = 0.625, last angle = 46.13
11-27 14:21:04.485 10870 11496 I global  :  RENO - ChassisWith4Motors.driveWithPIDControl(ChassisWith4Motors.java:481): tDistance = 15.00, currLocation = 2.27
11-27 14:21:04.486 10870 11496 I global  :  RENO - ChassisWith4Motors.driveWithPIDControl(ChassisWith4Motors.java:482): rampUpPower = 0.47, rampDownPower = 0.88
11-27 14:21:04.492 10870 11496 I global  :  RENO - ChassisWith4Motors.driveWithPIDControl(ChassisWith4Motors.java:488): power = 0.47, correction = -0.04, global angle = 0.875, last angle = 46.38
11-27 14:21:04.508 10870 11496 I global  :  RENO - ChassisWith4Motors.driveWithPIDControl(ChassisWith4Motors.java:481): tDistance = 15.00, currLocation = 2.57
11-27 14:21:04.509 10870 11496 I global  :  RENO - ChassisWith4Motors.driveWithPIDControl(ChassisWith4Motors.java:482): rampUpPower = 0.49, rampDownPower = 0.88
11-27 14:21:04.517 10870 11496 I global  :  RENO - ChassisWith4Motors.driveWithPIDControl(ChassisWith4Motors.java:488): power = 0.49, correction = -0.05, global angle = 1.250, last angle = 46.75
11-27 14:21:04.534 10870 11496 I global  :  RENO - ChassisWith4Motors.driveWithPIDControl(ChassisWith4Motors.java:481): tDistance = 15.00, currLocation = 2.97
11-27 14:21:04.536 10870 11496 I global  :  RENO - ChassisWith4Motors.driveWithPIDControl(ChassisWith4Motors.java:482): rampUpPower = 0.51, rampDownPower = 0.88
11-27 14:21:04.542 10870 11496 I global  :  RENO - ChassisWith4Motors.driveWithPIDControl(ChassisWith4Motors.java:488): power = 0.51, correction = -0.05, global angle = 1.375, last angle = 46.88
11-27 14:21:04.557 10870 11496 I global  :  RENO - ChassisWith4Motors.driveWithPIDControl(ChassisWith4Motors.java:481): tDistance = 15.00, currLocation = 3.39
11-27 14:21:04.558 10870 11496 I global  :  RENO - ChassisWith4Motors.driveWithPIDControl(ChassisWith4Motors.java:482): rampUpPower = 0.53, rampDownPower = 0.88
11-27 14:21:04.563 10870 11496 I global  :  RENO - ChassisWith4Motors.driveWithPIDControl(ChassisWith4Motors.java:488): power = 0.53, correction = -0.06, global angle = 1.375, last angle = 46.88
11-27 14:21:04.581 10870 11496 I global  :  RENO - ChassisWith4Motors.driveWithPIDControl(ChassisWith4Motors.java:481): tDistance = 15.00, currLocation = 3.86
11-27 14:21:04.582 10870 11496 I global  :  RENO - ChassisWith4Motors.driveWithPIDControl(ChassisWith4Motors.java:482): rampUpPower = 0.55, rampDownPower = 0.88
11-27 14:21:04.588 10870 11496 I global  :  RENO - ChassisWith4Motors.driveWithPIDControl(ChassisWith4Motors.java:488): power = 0.55, correction = -0.05, global angle = 1.063, last angle = 46.56
11-27 14:21:04.605 10870 11496 I global  :  RENO - ChassisWith4Motors.driveWithPIDControl(ChassisWith4Motors.java:481): tDistance = 15.00, currLocation = 4.42
11-27 14:21:04.606 10870 11496 I global  :  RENO - ChassisWith4Motors.driveWithPIDControl(ChassisWith4Motors.java:482): rampUpPower = 0.58, rampDownPower = 0.88
11-27 14:21:04.612 10870 11496 I global  :  RENO - ChassisWith4Motors.driveWithPIDControl(ChassisWith4Motors.java:488): power = 0.58, correction = -0.04, global angle = 0.688, last angle = 46.19
11-27 14:21:04.629 10870 11496 I global  :  RENO - ChassisWith4Motors.driveWithPIDControl(ChassisWith4Motors.java:481): tDistance = 15.00, currLocation = 4.95
11-27 14:21:04.631 10870 11496 I global  :  RENO - ChassisWith4Motors.driveWithPIDControl(ChassisWith4Motors.java:482): rampUpPower = 0.61, rampDownPower = 0.88
11-27 14:21:04.635 10870 11496 I global  :  RENO - ChassisWith4Motors.driveWithPIDControl(ChassisWith4Motors.java:488): power = 0.61, correction = -0.02, global angle = 0.438, last angle = 45.94
11-27 14:21:04.651 10870 11496 I global  :  RENO - ChassisWith4Motors.driveWithPIDControl(ChassisWith4Motors.java:481): tDistance = 15.00, currLocation = 5.54
11-27 14:21:04.652 10870 11496 I global  :  RENO - ChassisWith4Motors.driveWithPIDControl(ChassisWith4Motors.java:482): rampUpPower = 0.64, rampDownPower = 0.88
11-27 14:21:04.655 10870 11496 I global  :  RENO - ChassisWith4Motors.driveWithPIDControl(ChassisWith4Motors.java:488): power = 0.64, correction = -0.02, global angle = 0.250, last angle = 45.75
11-27 14:21:04.672 10870 11496 I global  :  RENO - ChassisWith4Motors.driveWithPIDControl(ChassisWith4Motors.java:481): tDistance = 15.00, currLocation = 6.08
11-27 14:21:04.673 10870 11496 I global  :  RENO - ChassisWith4Motors.driveWithPIDControl(ChassisWith4Motors.java:482): rampUpPower = 0.67, rampDownPower = 0.29
11-27 14:21:04.679 10870 11496 I global  :  RENO - ChassisWith4Motors.driveWithPIDControl(ChassisWith4Motors.java:488): power = 0.29, correction = -0.00, global angle = 0.000, last angle = 45.50
11-27 14:21:04.694 10870 11496 I global  :  RENO - ChassisWith4Motors.driveWithPIDControl(ChassisWith4Motors.java:481): tDistance = 15.00, currLocation = 6.68
11-27 14:21:04.695 10870 11496 I global  :  RENO - ChassisWith4Motors.driveWithPIDControl(ChassisWith4Motors.java:482): rampUpPower = 0.70, rampDownPower = 0.29
11-27 14:21:04.701 10870 11496 I global  :  RENO - ChassisWith4Motors.driveWithPIDControl(ChassisWith4Motors.java:488): power = 0.29, correction = 0.01, global angle = -0.250, last angle = 45.25
11-27 14:21:04.717 10870 11504 I global  :  RENO - ObjectDetection.verifyObjectDetected(ObjectDetection.java:314): per [0] = 0.801
11-27 14:21:04.717 10870 11496 I global  :  RENO - ChassisWith4Motors.driveWithPIDControl(ChassisWith4Motors.java:481): tDistance = 15.00, currLocation = 7.36
11-27 14:21:04.718 10870 11496 I global  :  RENO - ChassisWith4Motors.driveWithPIDControl(ChassisWith4Motors.java:482): rampUpPower = 0.74, rampDownPower = 0.28
11-27 14:21:04.718 10870 11504 I global  :  RENO - ObjectDetection.verifyObjectDetected(ObjectDetection.java:314): per [1] = 0.860
11-27 14:21:04.719 10870 11504 I global  :  RENO - ObjectDetection.verifyObjectDetected(ObjectDetection.java:314): per [2] = 0.941
11-27 14:21:04.724 10870 11504 I global  :  RENO - ObjectDetection.processFrame(ObjectDetection.java:83): Start Opcv process to detect sleeve color.
11-27 14:21:04.725 10870 11504 I global  :  RENO - ObjectDetection.sleeveColorDetect(ObjectDetection.java:121): Start Opcv process to detect sleeve color.
11-27 14:21:04.726 10870 11504 I global  :  RENO - ObjectDetection.sleeveColorDetect(ObjectDetection.java:128): Sleeve max color = 206471.00, 184043.00, 157184.00
11-27 14:21:04.726 10870 11496 I global  :  RENO - ChassisWith4Motors.driveWithPIDControl(ChassisWith4Motors.java:488): power = 0.28, correction = 0.01, global angle = -0.250, last angle = 45.25
11-27 14:21:04.727 10870 11504 I global  :  RENO - ObjectDetection.sleeveColorDetect(ObjectDetection.java:147): Sleeve position: LEFT
11-27 14:21:04.727 10870 11504 I global  :  RENO - ObjectDetection.processFrame(ObjectDetection.java:86): Start Opcv process to detect cone.
11-27 14:21:04.743 10870 11496 I global  :  RENO - ChassisWith4Motors.driveWithPIDControl(ChassisWith4Motors.java:481): tDistance = 15.00, currLocation = 8.06
11-27 14:21:04.744 10870 11496 I global  :  RENO - ChassisWith4Motors.driveWithPIDControl(ChassisWith4Motors.java:482): rampUpPower = 0.78, rampDownPower = 0.27
11-27 14:21:04.749 10870 11496 I global  :  RENO - ChassisWith4Motors.driveWithPIDControl(ChassisWith4Motors.java:488): power = 0.27, correction = 0.01, global angle = -0.313, last angle = 45.19
11-27 14:21:04.765 10870 11496 I global  :  RENO - ChassisWith4Motors.driveWithPIDControl(ChassisWith4Motors.java:481): tDistance = 15.00, currLocation = 8.62
11-27 14:21:04.766 10870 11496 I global  :  RENO - ChassisWith4Motors.driveWithPIDControl(ChassisWith4Motors.java:482): rampUpPower = 0.81, rampDownPower = 0.27
11-27 14:21:04.773 10870 11496 I global  :  RENO - ChassisWith4Motors.driveWithPIDControl(ChassisWith4Motors.java:488): power = 0.27, correction = 0.01, global angle = -0.375, last angle = 45.13
11-27 14:21:04.797 10870 11496 I global  :  RENO - ChassisWith4Motors.driveWithPIDControl(ChassisWith4Motors.java:481): tDistance = 15.00, currLocation = 9.39
11-27 14:21:04.798 10870 11496 I global  :  RENO - ChassisWith4Motors.driveWithPIDControl(ChassisWith4Motors.java:482): rampUpPower = 0.85, rampDownPower = 0.26
11-27 14:21:04.804 10870 11496 I global  :  RENO - ChassisWith4Motors.driveWithPIDControl(ChassisWith4Motors.java:488): power = 0.26, correction = 0.02, global angle = -0.438, last angle = 45.06
11-27 14:21:04.826 10870 11496 I global  :  RENO - ChassisWith4Motors.driveWithPIDControl(ChassisWith4Motors.java:481): tDistance = 15.00, currLocation = 10.17
11-27 14:21:04.827 10870 11496 I global  :  RENO - ChassisWith4Motors.driveWithPIDControl(ChassisWith4Motors.java:482): rampUpPower = 0.88, rampDownPower = 0.25
11-27 14:21:04.833 10870 11496 I global  :  RENO - ChassisWith4Motors.driveWithPIDControl(ChassisWith4Motors.java:488): power = 0.25, correction = 0.02, global angle = -0.563, last angle = 44.94
11-27 14:21:04.851 10870 11496 I global  :  RENO - ChassisWith4Motors.driveWithPIDControl(ChassisWith4Motors.java:481): tDistance = 15.00, currLocation = 10.82
11-27 14:21:04.852 10870 11496 I global  :  RENO - ChassisWith4Motors.driveWithPIDControl(ChassisWith4Motors.java:482): rampUpPower = 0.88, rampDownPower = 0.24
11-27 14:21:04.856 10870 11496 I global  :  RENO - ChassisWith4Motors.driveWithPIDControl(ChassisWith4Motors.java:488): power = 0.24, correction = 0.02, global angle = -0.563, last angle = 44.94
11-27 14:21:04.872 10870 11496 I global  :  RENO - ChassisWith4Motors.driveWithPIDControl(ChassisWith4Motors.java:481): tDistance = 15.00, currLocation = 11.33
11-27 14:21:04.873 10870 11496 I global  :  RENO - ChassisWith4Motors.driveWithPIDControl(ChassisWith4Motors.java:482): rampUpPower = 0.88, rampDownPower = 0.24
11-27 14:21:04.879 10870 11496 I global  :  RENO - ChassisWith4Motors.driveWithPIDControl(ChassisWith4Motors.java:488): power = 0.24, correction = 0.03, global angle = -0.750, last angle = 44.75
11-27 14:21:04.894 10870 11496 I global  :  RENO - ChassisWith4Motors.driveWithPIDControl(ChassisWith4Motors.java:481): tDistance = 15.00, currLocation = 11.68
11-27 14:21:04.895 10870 11496 I global  :  RENO - ChassisWith4Motors.driveWithPIDControl(ChassisWith4Motors.java:482): rampUpPower = 0.88, rampDownPower = 0.23
11-27 14:21:04.901 10870 11496 I global  :  RENO - ChassisWith4Motors.driveWithPIDControl(ChassisWith4Motors.java:488): power = 0.23, correction = 0.03, global angle = -0.875, last angle = 44.63
11-27 14:21:04.916 10870 11496 I global  :  RENO - ChassisWith4Motors.driveWithPIDControl(ChassisWith4Motors.java:481): tDistance = 15.00, currLocation = 11.87
11-27 14:21:04.918 10870 11496 I global  :  RENO - ChassisWith4Motors.driveWithPIDControl(ChassisWith4Motors.java:482): rampUpPower = 0.88, rampDownPower = 0.23
11-27 14:21:04.922 10870 11496 I global  :  RENO - ChassisWith4Motors.driveWithPIDControl(ChassisWith4Motors.java:488): power = 0.23, correction = 0.04, global angle = -0.813, last angle = 44.69
11-27 14:21:04.938 10870 11496 I global  :  RENO - ChassisWith4Motors.driveWithPIDControl(ChassisWith4Motors.java:481): tDistance = 15.00, currLocation = 11.99
11-27 14:21:04.940 10870 11496 I global  :  RENO - ChassisWith4Motors.driveWithPIDControl(ChassisWith4Motors.java:482): rampUpPower = 0.88, rampDownPower = 0.23
11-27 14:21:04.945 10870 11496 I global  :  RENO - ChassisWith4Motors.driveWithPIDControl(ChassisWith4Motors.java:488): power = 0.23, correction = 0.03, global angle = -0.625, last angle = 44.88
11-27 14:21:04.961 10870 11496 I global  :  RENO - ChassisWith4Motors.driveWithPIDControl(ChassisWith4Motors.java:481): tDistance = 15.00, currLocation = 12.22
11-27 14:21:04.962 10870 11496 I global  :  RENO - ChassisWith4Motors.driveWithPIDControl(ChassisWith4Motors.java:482): rampUpPower = 0.88, rampDownPower = 0.23
11-27 14:21:04.968 10870 11496 I global  :  RENO - ChassisWith4Motors.driveWithPIDControl(ChassisWith4Motors.java:488): power = 0.23, correction = 0.02, global angle = -0.188, last angle = 45.31
11-27 14:21:04.984 10870 11496 I global  :  RENO - ChassisWith4Motors.driveWithPIDControl(ChassisWith4Motors.java:481): tDistance = 15.00, currLocation = 12.50
11-27 14:21:04.985 10870 11496 I global  :  RENO - ChassisWith4Motors.driveWithPIDControl(ChassisWith4Motors.java:482): rampUpPower = 0.88, rampDownPower = 0.23
11-27 14:21:04.991 10870 11496 I global  :  RENO - ChassisWith4Motors.driveWithPIDControl(ChassisWith4Motors.java:488): power = 0.23, correction = -0.01, global angle = 0.438, last angle = 45.94
11-27 14:21:05.007 10870 11496 I global  :  RENO - ChassisWith4Motors.driveWithPIDControl(ChassisWith4Motors.java:481): tDistance = 15.00, currLocation = 12.74
11-27 14:21:05.009 10870 11496 I global  :  RENO - ChassisWith4Motors.driveWithPIDControl(ChassisWith4Motors.java:482): rampUpPower = 0.88, rampDownPower = 0.22
11-27 14:21:05.018 10870 11496 I global  :  RENO - ChassisWith4Motors.driveWithPIDControl(ChassisWith4Motors.java:488): power = 0.22, correction = -0.03, global angle = 1.063, last angle = 46.56
11-27 14:21:05.035 10870 11496 I global  :  RENO - ChassisWith4Motors.driveWithPIDControl(ChassisWith4Motors.java:481): tDistance = 15.00, currLocation = 13.11
11-27 14:21:05.036 10870 11496 I global  :  RENO - ChassisWith4Motors.driveWithPIDControl(ChassisWith4Motors.java:482): rampUpPower = 0.88, rampDownPower = 0.22
11-27 14:21:05.042 10870 11496 I global  :  RENO - ChassisWith4Motors.driveWithPIDControl(ChassisWith4Motors.java:488): power = 0.22, correction = -0.07, global angle = 1.875, last angle = 47.38
11-27 14:21:05.058 10870 11496 I global  :  RENO - ChassisWith4Motors.driveWithPIDControl(ChassisWith4Motors.java:481): tDistance = 15.00, currLocation = 13.46
11-27 14:21:05.060 10870 11496 I global  :  RENO - ChassisWith4Motors.driveWithPIDControl(ChassisWith4Motors.java:482): rampUpPower = 0.88, rampDownPower = 0.22
11-27 14:21:05.065 10870 11496 I global  :  RENO - ChassisWith4Motors.driveWithPIDControl(ChassisWith4Motors.java:488): power = 0.22, correction = -0.10, global angle = 2.375, last angle = 47.88
11-27 14:21:05.083 10870 11496 I global  :  RENO - ChassisWith4Motors.driveWithPIDControl(ChassisWith4Motors.java:481): tDistance = 15.00, currLocation = 13.95
11-27 14:21:05.084 10870 11496 I global  :  RENO - ChassisWith4Motors.driveWithPIDControl(ChassisWith4Motors.java:482): rampUpPower = 0.88, rampDownPower = 0.21
11-27 14:21:05.090 10870 11496 I global  :  RENO - ChassisWith4Motors.driveWithPIDControl(ChassisWith4Motors.java:488): power = 0.21, correction = -0.11, global angle = 2.500, last angle = 48.00
11-27 14:21:05.103 10870 11504 I global  :  RENO - ObjectDetection.verifyObjectDetected(ObjectDetection.java:314): per [0] = 0.846
11-27 14:21:05.104 10870 11504 I global  :  RENO - ObjectDetection.verifyObjectDetected(ObjectDetection.java:314): per [1] = 0.857
11-27 14:21:05.105 10870 11504 I global  :  RENO - ObjectDetection.verifyObjectDetected(ObjectDetection.java:314): per [2] = 0.919
11-27 14:21:05.108 10870 11496 I global  :  RENO - ChassisWith4Motors.driveWithPIDControl(ChassisWith4Motors.java:481): tDistance = 15.00, currLocation = 14.42
11-27 14:21:05.109 10870 11504 I global  :  RENO - ObjectDetection.processFrame(ObjectDetection.java:83): Start Opcv process to detect sleeve color.
11-27 14:21:05.110 10870 11496 I global  :  RENO - ChassisWith4Motors.driveWithPIDControl(ChassisWith4Motors.java:482): rampUpPower = 0.88, rampDownPower = 0.21
11-27 14:21:05.110 10870 11504 I global  :  RENO - ObjectDetection.sleeveColorDetect(ObjectDetection.java:121): Start Opcv process to detect sleeve color.
11-27 14:21:05.111 10870 11504 I global  :  RENO - ObjectDetection.sleeveColorDetect(ObjectDetection.java:128): Sleeve max color = 170622.00, 139455.00, 102463.00
11-27 14:21:05.112 10870 11504 I global  :  RENO - ObjectDetection.sleeveColorDetect(ObjectDetection.java:147): Sleeve position: LEFT
11-27 14:21:05.113 10870 11504 I global  :  RENO - ObjectDetection.processFrame(ObjectDetection.java:86): Start Opcv process to detect cone.
11-27 14:21:05.115 10870 11496 I global  :  RENO - ChassisWith4Motors.driveWithPIDControl(ChassisWith4Motors.java:488): power = 0.21, correction = -0.10, global angle = 2.188, last angle = 47.69
11-27 14:21:05.132 10870 11496 I global  :  RENO - ChassisWith4Motors.driveWithPIDControl(ChassisWith4Motors.java:481): tDistance = 15.00, currLocation = 14.86
11-27 14:21:05.134 10870 11496 I global  :  RENO - ChassisWith4Motors.driveWithPIDControl(ChassisWith4Motors.java:482): rampUpPower = 0.88, rampDownPower = 0.20
11-27 14:21:05.138 10870 11496 I global  :  RENO - ChassisWith4Motors.driveWithPIDControl(ChassisWith4Motors.java:488): power = 0.20, correction = -0.07, global angle = 1.438, last angle = 46.94
11-27 14:21:05.156 10870 11496 I global  :  RENO - ChassisWith4Motors.driveWithPIDControl(ChassisWith4Motors.java:501): Autonomous -power = 0.20, global angle = 1.250
11-27 14:21:05.172 10870 11496 I global  :  RENO - ChassisWith4Motors.runToPosition(ChassisWith4Motors.java:579): Required moving distance 15.00.
11-27 14:21:05.173 10870 11496 I global  :  RENO - ChassisWith4Motors.runToPosition(ChassisWith4Motors.java:580): Target Position = 641
11-27 14:21:05.175 10870 11496 I global  :  RENO - ChassisWith4Motors.runToPosition(ChassisWith4Motors.java:581): PID = 1
11-27 14:21:05.182 10870 11496 I global  :  RENO - ChassisWith4Motors.runToPosition(ChassisWith4Motors.java:582): Current Position after moving, FL = 642, FR= 614, BL = 625, BR = 626
11-27 14:21:05.214 10870 11496 I global  :  RENO - ChassisWith4Motors.rotate(ChassisWith4Motors.java:362): Positions: FL = 3, FR = 4, BL = 3, BR = 1
11-27 14:21:05.215 10870 11496 I global  :  RENO - ChassisWith4Motors.rotate(ChassisWith4Motors.java:364): Powers: FL = 0.21, FR = -0.21, BL = 0.21, BR = -0.21
11-27 14:21:05.231 10870 11496 I global  :  RENO - ChassisWith4Motors.rotate(ChassisWith4Motors.java:380): Required turning degrees: -1.06.
11-27 14:21:05.232 10870 11496 I global  :  RENO - ChassisWith4Motors.rotate(ChassisWith4Motors.java:381): IMU angle before turn stop 45.94.
11-27 14:21:05.233 10870 11496 I global  :  RENO - ChassisWith4Motors.rotate(ChassisWith4Motors.java:382): Rotated angle is -0.13.
11-27 14:21:05.244 10870 11496 I global  :  RENO - ChassisWith4Motors.rotate(ChassisWith4Motors.java:392): IMU angle after turning stop is 45.94.
11-27 14:21:05.245 10870 11496 I global  :  RENO - ChassisWith4Motors.rotateIMUTargetAngle(ChassisWith4Motors.java:303): imu angle before rotation: 46.06
11-27 14:21:05.399 10870 11496 I global  :  RENO - ChassisWith4Motors.driveWithPIDControl(ChassisWith4Motors.java:488): power = 0.35, correction = 0.01, global angle = -0.125, last angle = 45.81
11-27 14:21:05.419 10870 11496 I global  :  RENO - ChassisWith4Motors.driveWithPIDControl(ChassisWith4Motors.java:488): power = 0.35, correction = 0.01, global angle = -0.125, last angle = 45.81
11-27 14:21:05.434 10870 11496 I global  :  RENO - ChassisWith4Motors.driveWithPIDControl(ChassisWith4Motors.java:488): power = 0.35, correction = 0.01, global angle = -0.125, last angle = 45.81
11-27 14:21:05.448 10870 11496 I global  :  RENO - ChassisWith4Motors.driveWithPIDControl(ChassisWith4Motors.java:488): power = 0.35, correction = 0.01, global angle = -0.125, last angle = 45.81
11-27 14:21:05.454 10870 11504 I global  :  RENO - ObjectDetection.verifyObjectDetected(ObjectDetection.java:314): per [0] = 0.796
11-27 14:21:05.455 10870 11504 I global  :  RENO - ObjectDetection.verifyObjectDetected(ObjectDetection.java:314): per [1] = 0.799
11-27 14:21:05.456 10870 11504 I global  :  RENO - ObjectDetection.verifyObjectDetected(ObjectDetection.java:314): per [2] = 0.856
11-27 14:21:05.460 10870 11504 I global  :  RENO - ObjectDetection.processFrame(ObjectDetection.java:83): Start Opcv process to detect sleeve color.
11-27 14:21:05.461 10870 11504 I global  :  RENO - ObjectDetection.sleeveColorDetect(ObjectDetection.java:121): Start Opcv process to detect sleeve color.
11-27 14:21:05.462 10870 11504 I global  :  RENO - ObjectDetection.sleeveColorDetect(ObjectDetection.java:128): Sleeve max color = 156532.00, 123951.00, 87188.00
11-27 14:21:05.463 10870 11504 I global  :  RENO - ObjectDetection.sleeveColorDetect(ObjectDetection.java:147): Sleeve position: LEFT
11-27 14:21:05.464 10870 11504 I global  :  RENO - ObjectDetection.processFrame(ObjectDetection.java:86): Start Opcv process to detect cone.
11-27 14:21:05.467 10870 11496 I global  :  RENO - ChassisWith4Motors.driveWithPIDControl(ChassisWith4Motors.java:488): power = 0.35, correction = 0.01, global angle = -0.063, last angle = 45.88
11-27 14:21:05.482 10870 11496 I global  :  RENO - ChassisWith4Motors.driveWithPIDControl(ChassisWith4Motors.java:488): power = 0.35, correction = 0.00, global angle = 0.063, last angle = 46.00
11-27 14:21:05.503 10870 11496 I global  :  RENO - ChassisWith4Motors.driveWithPIDControl(ChassisWith4Motors.java:488): power = 0.35, correction = -0.01, global angle = 0.188, last angle = 46.13
11-27 14:21:05.524 10870 11496 I global  :  RENO - ChassisWith4Motors.driveWithPIDControl(ChassisWith4Motors.java:488): power = 0.35, correction = -0.01, global angle = 0.188, last angle = 46.13
11-27 14:21:05.547 10870 11496 I global  :  RENO - ChassisWith4Motors.driveWithPIDControl(ChassisWith4Motors.java:488): power = 0.35, correction = -0.01, global angle = 0.250, last angle = 46.19
11-27 14:21:05.566 10870 11496 I global  :  RENO - ChassisWith4Motors.driveWithPIDControl(ChassisWith4Motors.java:488): power = 0.35, correction = -0.02, global angle = 0.375, last angle = 46.31
11-27 14:21:05.587 10870 11496 I global  :  RENO - ChassisWith4Motors.driveWithPIDControl(ChassisWith4Motors.java:488): power = 0.35, correction = -0.02, global angle = 0.375, last angle = 46.31
11-27 14:21:05.603 10870 11496 I global  :  RENO - ChassisWith4Motors.driveWithPIDControl(ChassisWith4Motors.java:488): power = 0.35, correction = -0.02, global angle = 0.438, last angle = 46.38
11-27 14:21:05.624 10870 11496 I global  :  RENO - ChassisWith4Motors.driveWithPIDControl(ChassisWith4Motors.java:488): power = 0.35, correction = -0.02, global angle = 0.438, last angle = 46.38
11-27 14:21:05.638 10870 11496 I global  :  RENO - ChassisWith4Motors.driveWithPIDControl(ChassisWith4Motors.java:488): power = 0.35, correction = -0.02, global angle = 0.438, last angle = 46.38
11-27 14:21:05.653 10870 11496 I global  :  RENO - ChassisWith4Motors.driveWithPIDControl(ChassisWith4Motors.java:488): power = 0.35, correction = -0.02, global angle = 0.438, last angle = 46.38
11-27 14:21:05.674 10870 11496 I global  :  RENO - ChassisWith4Motors.driveWithPIDControl(ChassisWith4Motors.java:488): power = 0.35, correction = -0.02, global angle = 0.375, last angle = 46.31
11-27 14:21:05.693 10870 11496 I global  :  RENO - ChassisWith4Motors.driveWithPIDControl(ChassisWith4Motors.java:488): power = 0.35, correction = -0.01, global angle = 0.250, last angle = 46.19
11-27 14:21:05.713 10870 11496 I global  :  RENO - ChassisWith4Motors.driveWithPIDControl(ChassisWith4Motors.java:488): power = 0.35, correction = -0.01, global angle = 0.188, last angle = 46.13
11-27 14:21:05.733 10870 11496 I global  :  RENO - ChassisWith4Motors.driveWithPIDControl(ChassisWith4Motors.java:501): Autonomous -power = 0.35, global angle = 0.125
11-27 14:21:05.750 10870 11496 I global  :  RENO - ChassisWith4Motors.runToPosition(ChassisWith4Motors.java:579): Required moving distance -3.50.
11-27 14:21:05.751 10870 11496 I global  :  RENO - ChassisWith4Motors.runToPosition(ChassisWith4Motors.java:580): Target Position = -149
11-27 14:21:05.752 10870 11496 I global  :  RENO - ChassisWith4Motors.runToPosition(ChassisWith4Motors.java:581): PID = -1
11-27 14:21:05.759 10870 11496 I global  :  RENO - ChassisWith4Motors.runToPosition(ChassisWith4Motors.java:582): Current Position after moving, FL = -144, FR= -149, BL = -152, BR = -154
11-27 14:21:05.814 10870 11504 I global  :  RENO - ObjectDetection.verifyObjectDetected(ObjectDetection.java:314): per [0] = 0.869
11-27 14:21:05.815 10870 11504 I global  :  RENO - ObjectDetection.verifyObjectDetected(ObjectDetection.java:314): per [1] = 0.869
11-27 14:21:05.816 10870 11504 I global  :  RENO - ObjectDetection.verifyObjectDetected(ObjectDetection.java:314): per [2] = 0.944
11-27 14:21:05.822 10870 11504 I global  :  RENO - ObjectDetection.processFrame(ObjectDetection.java:83): Start Opcv process to detect sleeve color.
11-27 14:21:05.823 10870 11504 I global  :  RENO - ObjectDetection.sleeveColorDetect(ObjectDetection.java:121): Start Opcv process to detect sleeve color.
11-27 14:21:05.824 10870 11504 I global  :  RENO - ObjectDetection.sleeveColorDetect(ObjectDetection.java:128): Sleeve max color = 172736.00, 141122.00, 102994.00
11-27 14:21:05.825 10870 11504 I global  :  RENO - ObjectDetection.sleeveColorDetect(ObjectDetection.java:147): Sleeve position: LEFT
11-27 14:21:05.827 10870 11504 I global  :  RENO - ObjectDetection.processFrame(ObjectDetection.java:86): Start Opcv process to detect cone.
11-27 14:21:06.161 10870 11504 I global  :  RENO - ObjectDetection.verifyObjectDetected(ObjectDetection.java:314): per [0] = 0.887
11-27 14:21:06.162 10870 11504 I global  :  RENO - ObjectDetection.verifyObjectDetected(ObjectDetection.java:314): per [1] = 0.884
11-27 14:21:06.163 10870 11504 I global  :  RENO - ObjectDetection.verifyObjectDetected(ObjectDetection.java:314): per [2] = 0.951
11-27 14:21:06.170 10870 11504 I global  :  RENO - ObjectDetection.processFrame(ObjectDetection.java:83): Start Opcv process to detect sleeve color.
11-27 14:21:06.172 10870 11504 I global  :  RENO - ObjectDetection.sleeveColorDetect(ObjectDetection.java:121): Start Opcv process to detect sleeve color.
11-27 14:21:06.174 10870 11504 I global  :  RENO - ObjectDetection.sleeveColorDetect(ObjectDetection.java:128): Sleeve max color = 174564.00, 144004.00, 107316.00
11-27 14:21:06.176 10870 11504 I global  :  RENO - ObjectDetection.sleeveColorDetect(ObjectDetection.java:147): Sleeve position: LEFT
11-27 14:21:06.177 10870 11504 I global  :  RENO - ObjectDetection.processFrame(ObjectDetection.java:86): Start Opcv process to detect cone.
11-27 14:21:06.251 10870 11496 I global  :  RENO - ChassisWith4Motors.driveWithPIDControl(ChassisWith4Motors.java:481): tDistance = -9.50, currLocation = 0.09
11-27 14:21:06.253 10870 11496 I global  :  RENO - ChassisWith4Motors.driveWithPIDControl(ChassisWith4Motors.java:482): rampUpPower = 0.35, rampDownPower = 0.88
11-27 14:21:06.259 10870 11496 I global  :  RENO - ChassisWith4Motors.driveWithPIDControl(ChassisWith4Motors.java:488): power = 0.35, correction = -0.02, global angle = 0.313, last angle = 46.25
11-27 14:21:06.278 10870 11496 I global  :  RENO - ChassisWith4Motors.driveWithPIDControl(ChassisWith4Motors.java:481): tDistance = -9.50, currLocation = 0.21
11-27 14:21:06.280 10870 11496 I global  :  RENO - ChassisWith4Motors.driveWithPIDControl(ChassisWith4Motors.java:482): rampUpPower = 0.36, rampDownPower = 0.88
11-27 14:21:06.286 10870 11496 I global  :  RENO - ChassisWith4Motors.driveWithPIDControl(ChassisWith4Motors.java:488): power = 0.36, correction = -0.01, global angle = 0.063, last angle = 46.00
11-27 14:21:06.304 10870 11496 I global  :  RENO - ChassisWith4Motors.driveWithPIDControl(ChassisWith4Motors.java:481): tDistance = -9.50, currLocation = 0.30
11-27 14:21:06.305 10870 11496 I global  :  RENO - ChassisWith4Motors.driveWithPIDControl(ChassisWith4Motors.java:482): rampUpPower = 0.37, rampDownPower = 0.88
11-27 14:21:06.311 10870 11496 I global  :  RENO - ChassisWith4Motors.driveWithPIDControl(ChassisWith4Motors.java:488): power = 0.37, correction = -0.00, global angle = 0.063, last angle = 46.00
11-27 14:21:06.328 10870 11496 I global  :  RENO - ChassisWith4Motors.driveWithPIDControl(ChassisWith4Motors.java:481): tDistance = -9.50, currLocation = 0.40
11-27 14:21:06.329 10870 11496 I global  :  RENO - ChassisWith4Motors.driveWithPIDControl(ChassisWith4Motors.java:482): rampUpPower = 0.37, rampDownPower = 0.88
11-27 14:21:06.334 10870 11496 I global  :  RENO - ChassisWith4Motors.driveWithPIDControl(ChassisWith4Motors.java:488): power = 0.37, correction = 0.00, global angle = -0.063, last angle = 45.88
11-27 14:21:06.351 10870 11496 I global  :  RENO - ChassisWith4Motors.driveWithPIDControl(ChassisWith4Motors.java:481): tDistance = -9.50, currLocation = 0.54
11-27 14:21:06.352 10870 11496 I global  :  RENO - ChassisWith4Motors.driveWithPIDControl(ChassisWith4Motors.java:482): rampUpPower = 0.38, rampDownPower = 0.29
11-27 14:21:06.357 10870 11496 I global  :  RENO - ChassisWith4Motors.driveWithPIDControl(ChassisWith4Motors.java:488): power = 0.29, correction = 0.00, global angle = -0.063, last angle = 45.88
11-27 14:21:06.373 10870 11496 I global  :  RENO - ChassisWith4Motors.driveWithPIDControl(ChassisWith4Motors.java:481): tDistance = -9.50, currLocation = 0.75
11-27 14:21:06.374 10870 11496 I global  :  RENO - ChassisWith4Motors.driveWithPIDControl(ChassisWith4Motors.java:482): rampUpPower = 0.39, rampDownPower = 0.29
11-27 14:21:06.380 10870 11496 I global  :  RENO - ChassisWith4Motors.driveWithPIDControl(ChassisWith4Motors.java:488): power = 0.29, correction = 0.00, global angle = 0.000, last angle = 45.94
