11-25 19:49:03.954  1698  1909 I global  :  RENO - Reno.poc.ConceptSleeveDetection.processFrame(ConceptSleeveDetection.java:93): Sleeve position: RIGHT
11-25 19:49:04.016  1698  1909 I global  :  RENO - Reno.poc.ConceptSleeveDetection.processFrame(ConceptSleeveDetection.java:52): Start Opcv process to detect sleeve color.
11-25 19:49:04.017  1698  1909 I global  :  RENO - Reno.poc.ConceptSleeveDetection.processFrame(ConceptSleeveDetection.java:59): Sleeve max color = 10830.00, 51881.00, 175584.00
11-25 19:49:04.018  1698  1909 I global  :  RENO - Reno.poc.ConceptSleeveDetection.processFrame(ConceptSleeveDetection.java:93): Sleeve position: RIGHT
11-25 19:49:04.084  1698  1909 I global  :  RENO - Reno.poc.ConceptSleeveDetection.processFrame(ConceptSleeveDetection.java:52): Start Opcv process to detect sleeve color.
11-25 19:49:04.085  1698  1909 I global  :  RENO - Reno.poc.ConceptSleeveDetection.processFrame(ConceptSleeveDetection.java:59): Sleeve max color = 10828.00, 51928.00, 176482.00
11-25 19:49:04.086  1698  1909 I global  :  RENO - Reno.poc.ConceptSleeveDetection.processFrame(ConceptSleeveDetection.java:93): Sleeve position: RIGHT
11-25 19:49:04.152  1698  1909 I global  :  RENO - Reno.poc.ConceptSleeveDetection.processFrame(ConceptSleeveDetection.java:52): Start Opcv process to detect sleeve color.
11-25 19:49:04.153  1698  1909 I global  :  RENO - Reno.poc.ConceptSleeveDetection.processFrame(ConceptSleeveDetection.java:59): Sleeve max color = 10509.00, 52137.00, 175244.00
11-25 19:49:04.154  1698  1909 I global  :  RENO - Reno.poc.ConceptSleeveDetection.processFrame(ConceptSleeveDetection.java:93): Sleeve position: RIGHT
11-25 19:49:04.220  1698  1909 I global  :  RENO - Reno.poc.ConceptSleeveDetection.processFrame(ConceptSleeveDetection.java:52): Start Opcv process to detect sleeve color.
11-25 19:49:04.221  1698  1909 I global  :  RENO - Reno.poc.ConceptSleeveDetection.processFrame(ConceptSleeveDetection.java:59): Sleeve max color = 10975.00, 51962.00, 175964.00
11-25 19:49:04.222  1698  1909 I global  :  RENO - Reno.poc.ConceptSleeveDetection.processFrame(ConceptSleeveDetection.java:93): Sleeve position: RIGHT
11-25 19:49:04.284  1698  1909 I global  :  RENO - Reno.poc.ConceptSleeveDetection.processFrame(ConceptSleeveDetection.java:52): Start Opcv process to detect sleeve color.
11-25 19:49:04.285  1698  1909 I global  :  RENO - Reno.poc.ConceptSleeveDetection.processFrame(ConceptSleeveDetection.java:59): Sleeve max color = 10798.00, 51918.00, 175484.00
11-25 19:49:04.286  1698  1909 I global  :  RENO - Reno.poc.ConceptSleeveDetection.processFrame(ConceptSleeveDetection.java:93): Sleeve position: RIGHT
11-25 19:49:04.352  1698  1909 I global  :  RENO - Reno.poc.ConceptSleeveDetection.processFrame(ConceptSleeveDetection.java:52): Start Opcv process to detect sleeve color.
11-25 19:49:04.353  1698  1909 I global  :  RENO - Reno.poc.ConceptSleeveDetection.processFrame(ConceptSleeveDetection.java:59): Sleeve max color = 10690.00, 51852.00, 175814.00
11-25 19:49:04.354  1698  1909 I global  :  RENO - Reno.poc.ConceptSleeveDetection.processFrame(ConceptSleeveDetection.java:93): Sleeve position: RIGHT
11-25 19:49:04.420  1698  1909 I global  :  RENO - Reno.poc.ConceptSleeveDetection.processFrame(ConceptSleeveDetection.java:52): Start Opcv process to detect sleeve color.
11-25 19:49:04.421  1698  1909 I global  :  RENO - Reno.poc.ConceptSleeveDetection.processFrame(ConceptSleeveDetection.java:59): Sleeve max color = 10744.00, 51637.00, 175297.00
11-25 19:49:04.422  1698  1909 I global  :  RENO - Reno.poc.ConceptSleeveDetection.processFrame(ConceptSleeveDetection.java:93): Sleeve position: RIGHT
11-25 19:49:04.489  1698  1909 I global  :  RENO - Reno.poc.ConceptSleeveDetection.processFrame(ConceptSleeveDetection.java:52): Start Opcv process to detect sleeve color.
11-25 19:49:04.490  1698  1909 I global  :  RENO - Reno.poc.ConceptSleeveDetection.processFrame(ConceptSleeveDetection.java:59): Sleeve max color = 10914.00, 51664.00, 174867.00
11-25 19:49:04.491  1698  1909 I global  :  RENO - Reno.poc.ConceptSleeveDetection.processFrame(ConceptSleeveDetection.java:93): Sleeve position: RIGHT
11-25 19:49:04.552  1698  1909 I global  :  RENO - Reno.poc.ConceptSleeveDetection.processFrame(ConceptSleeveDetection.java:52): Start Opcv process to detect sleeve color.
11-25 19:49:04.553  1698  1909 I global  :  RENO - Reno.poc.ConceptSleeveDetection.processFrame(ConceptSleeveDetection.java:59): Sleeve max color = 10457.00, 51713.00, 175685.00
11-25 19:49:04.554  1698  1909 I global  :  RENO - Reno.poc.ConceptSleeveDetection.processFrame(ConceptSleeveDetection.java:93): Sleeve position: RIGHT
11-25 19:49:04.620  1698  1909 I global  :  RENO - Reno.poc.ConceptSleeveDetection.processFrame(ConceptSleeveDetection.java:52): Start Opcv process to detect sleeve color.
11-25 19:49:04.621  1698  1909 I global  :  RENO - Reno.poc.ConceptSleeveDetection.processFrame(ConceptSleeveDetection.java:59): Sleeve max color = 10581.00, 51732.00, 175326.00
11-25 19:49:04.622  1698  1909 I global  :  RENO - Reno.poc.ConceptSleeveDetection.processFrame(ConceptSleeveDetection.java:93): Sleeve position: RIGHT
11-25 19:49:04.688  1698  1909 I global  :  RENO - Reno.poc.ConceptSleeveDetection.processFrame(ConceptSleeveDetection.java:52): Start Opcv process to detect sleeve color.
11-25 19:49:04.689  1698  1909 I global  :  RENO - Reno.poc.ConceptSleeveDetection.processFrame(ConceptSleeveDetection.java:59): Sleeve max color = 10357.00, 51847.00, 174686.00
11-25 19:49:04.690  1698  1909 I global  :  RENO - Reno.poc.ConceptSleeveDetection.processFrame(ConceptSleeveDetection.java:93): Sleeve position: RIGHT
11-25 19:49:04.753  1698  1909 I global  :  RENO - Reno.poc.ConceptSleeveDetection.processFrame(ConceptSleeveDetection.java:52): Start Opcv process to detect sleeve color.
11-25 19:49:04.754  1698  1909 I global  :  RENO - Reno.poc.ConceptSleeveDetection.processFrame(ConceptSleeveDetection.java:59): Sleeve max color = 10177.00, 51875.00, 175434.00
11-25 19:49:04.755  1698  1909 I global  :  RENO - Reno.poc.ConceptSleeveDetection.processFrame(ConceptSleeveDetection.java:93): Sleeve position: RIGHT
11-25 19:49:04.820  1698  1909 I global  :  RENO - Reno.poc.ConceptSleeveDetection.processFrame(ConceptSleeveDetection.java:52): Start Opcv process to detect sleeve color.
11-25 19:49:04.821  1698  1909 I global  :  RENO - Reno.poc.ConceptSleeveDetection.processFrame(ConceptSleeveDetection.java:59): Sleeve max color = 11079.00, 51194.00, 175195.00
11-25 19:49:04.822  1698  1909 I global  :  RENO - Reno.poc.ConceptSleeveDetection.processFrame(ConceptSleeveDetection.java:93): Sleeve position: RIGHT
11-25 19:49:04.888  1698  1909 I global  :  RENO - Reno.poc.ConceptSleeveDetection.processFrame(ConceptSleeveDetection.java:52): Start Opcv process to detect sleeve color.
11-25 19:49:04.889  1698  1909 I global  :  RENO - Reno.poc.ConceptSleeveDetection.processFrame(ConceptSleeveDetection.java:59): Sleeve max color = 10442.00, 51569.00, 174912.00
11-25 19:49:04.890  1698  1909 I global  :  RENO - Reno.poc.ConceptSleeveDetection.processFrame(ConceptSleeveDetection.java:93): Sleeve position: RIGHT
11-25 19:49:04.956  1698  1909 I global  :  RENO - Reno.poc.ConceptSleeveDetection.processFrame(ConceptSleeveDetection.java:52): Start Opcv process to detect sleeve color.
11-25 19:49:04.957  1698  1909 I global  :  RENO - Reno.poc.ConceptSleeveDetection.processFrame(ConceptSleeveDetection.java:59): Sleeve max color = 10385.00, 51783.00, 173890.00
11-25 19:49:04.958  1698  1909 I global  :  RENO - Reno.poc.ConceptSleeveDetection.processFrame(ConceptSleeveDetection.java:93): Sleeve position: RIGHT
11-25 19:49:05.020  1698  1909 I global  :  RENO - Reno.poc.ConceptSleeveDetection.processFrame(ConceptSleeveDetection.java:52): Start Opcv process to detect sleeve color.
11-25 19:49:05.021  1698  1909 I global  :  RENO - Reno.poc.ConceptSleeveDetection.processFrame(ConceptSleeveDetection.java:59): Sleeve max color = 10297.00, 51661.00, 174157.00
11-25 19:49:05.022  1698  1909 I global  :  RENO - Reno.poc.ConceptSleeveDetection.processFrame(ConceptSleeveDetection.java:93): Sleeve position: RIGHT
11-25 19:49:05.088  1698  1909 I global  :  RENO - Reno.poc.ConceptSleeveDetection.processFrame(ConceptSleeveDetection.java:52): Start Opcv process to detect sleeve color.
11-25 19:49:05.090  1698  1909 I global  :  RENO - Reno.poc.ConceptSleeveDetection.processFrame(ConceptSleeveDetection.java:59): Sleeve max color = 10519.00, 51433.00, 175421.00
11-25 19:49:05.091  1698  1909 I global  :  RENO - Reno.poc.ConceptSleeveDetection.processFrame(ConceptSleeveDetection.java:93): Sleeve position: RIGHT
11-25 19:49:05.156  1698  1909 I global  :  RENO - Reno.poc.ConceptSleeveDetection.processFrame(ConceptSleeveDetection.java:52): Start Opcv process to detect sleeve color.
11-25 19:49:05.157  1698  1909 I global  :  RENO - Reno.poc.ConceptSleeveDetection.processFrame(ConceptSleeveDetection.java:59): Sleeve max color = 10386.00, 51575.00, 174752.00
11-25 19:49:05.158  1698  1909 I global  :  RENO - Reno.poc.ConceptSleeveDetection.processFrame(ConceptSleeveDetection.java:93): Sleeve position: RIGHT
11-25 19:49:05.220  1698  1909 I global  :  RENO - Reno.poc.ConceptSleeveDetection.processFrame(ConceptSleeveDetection.java:52): Start Opcv process to detect sleeve color.
11-25 19:49:05.221  1698  1909 I global  :  RENO - Reno.poc.ConceptSleeveDetection.processFrame(ConceptSleeveDetection.java:59): Sleeve max color = 10429.00, 51616.00, 174178.00
11-25 19:49:05.222  1698  1909 I global  :  RENO - Reno.poc.ConceptSleeveDetection.processFrame(ConceptSleeveDetection.java:93): Sleeve position: RIGHT
11-25 19:49:05.288  1698  1909 I global  :  RENO - Reno.poc.ConceptSleeveDetection.processFrame(ConceptSleeveDetection.java:52): Start Opcv process to detect sleeve color.
11-25 19:49:05.289  1698  1909 I global  :  RENO - Reno.poc.ConceptSleeveDetection.processFrame(ConceptSleeveDetection.java:59): Sleeve max color = 10341.00, 51950.00, 175377.00
11-25 19:49:05.290  1698  1909 I global  :  RENO - Reno.poc.ConceptSleeveDetection.processFrame(ConceptSleeveDetection.java:93): Sleeve position: RIGHT
11-25 19:49:05.356  1698  1909 I global  :  RENO - Reno.poc.ConceptSleeveDetection.processFrame(ConceptSleeveDetection.java:52): Start Opcv process to detect sleeve color.
11-25 19:49:05.357  1698  1909 I global  :  RENO - Reno.poc.ConceptSleeveDetection.processFrame(ConceptSleeveDetection.java:59): Sleeve max color = 10437.00, 51974.00, 174513.00
11-25 19:49:05.358  1698  1909 I global  :  RENO - Reno.poc.ConceptSleeveDetection.processFrame(ConceptSleeveDetection.java:93): Sleeve position: RIGHT
11-25 19:49:05.424  1698  1909 I global  :  RENO - Reno.poc.ConceptSleeveDetection.processFrame(ConceptSleeveDetection.java:52): Start Opcv process to detect sleeve color.
11-25 19:49:05.425  1698  1909 I global  :  RENO - Reno.poc.ConceptSleeveDetection.processFrame(ConceptSleeveDetection.java:59): Sleeve max color = 10341.00, 51873.00, 175577.00
11-25 19:49:05.426  1698  1909 I global  :  RENO - Reno.poc.ConceptSleeveDetection.processFrame(ConceptSleeveDetection.java:93): Sleeve position: RIGHT
11-25 19:49:05.488  1698  1909 I global  :  RENO - Reno.poc.ConceptSleeveDetection.processFrame(ConceptSleeveDetection.java:52): Start Opcv process to detect sleeve color.
11-25 19:49:05.489  1698  1909 I global  :  RENO - Reno.poc.ConceptSleeveDetection.processFrame(ConceptSleeveDetection.java:59): Sleeve max color = 10536.00, 51978.00, 175598.00
11-25 19:49:05.490  1698  1909 I global  :  RENO - Reno.poc.ConceptSleeveDetection.processFrame(ConceptSleeveDetection.java:93): Sleeve position: RIGHT
11-25 19:49:05.556  1698  1909 I global  :  RENO - Reno.poc.ConceptSleeveDetection.processFrame(ConceptSleeveDetection.java:52): Start Opcv process to detect sleeve color.
11-25 19:49:05.557  1698  1909 I global  :  RENO - Reno.poc.ConceptSleeveDetection.processFrame(ConceptSleeveDetection.java:59): Sleeve max color = 10280.00, 51979.00, 175294.00
11-25 19:49:05.558  1698  1909 I global  :  RENO - Reno.poc.ConceptSleeveDetection.processFrame(ConceptSleeveDetection.java:93): Sleeve position: RIGHT
11-25 19:49:05.624  1698  1909 I global  :  RENO - Reno.poc.ConceptSleeveDetection.processFrame(ConceptSleeveDetection.java:52): Start Opcv process to detect sleeve color.
11-25 19:49:05.625  1698  1909 I global  :  RENO - Reno.poc.ConceptSleeveDetection.processFrame(ConceptSleeveDetection.java:59): Sleeve max color = 10623.00, 51912.00, 174795.00
11-25 19:49:05.626  1698  1909 I global  :  RENO - Reno.poc.ConceptSleeveDetection.processFrame(ConceptSleeveDetection.java:93): Sleeve position: RIGHT
11-25 19:49:05.692  1698  1909 I global  :  RENO - Reno.poc.ConceptSleeveDetection.processFrame(ConceptSleeveDetection.java:52): Start Opcv process to detect sleeve color.
11-25 19:49:05.693  1698  1909 I global  :  RENO - Reno.poc.ConceptSleeveDetection.processFrame(ConceptSleeveDetection.java:59): Sleeve max color = 10219.00, 52241.00, 175406.00
11-25 19:49:05.694  1698  1909 I global  :  RENO - Reno.poc.ConceptSleeveDetection.processFrame(ConceptSleeveDetection.java:93): Sleeve position: RIGHT
11-25 19:49:05.756  1698  1909 I global  :  RENO - Reno.poc.ConceptSleeveDetection.processFrame(ConceptSleeveDetection.java:52): Start Opcv process to detect sleeve color.
11-25 19:49:05.757  1698  1909 I global  :  RENO - Reno.poc.ConceptSleeveDetection.processFrame(ConceptSleeveDetection.java:59): Sleeve max color = 10694.00, 51866.00, 175169.00
11-25 19:49:05.758  1698  1909 I global  :  RENO - Reno.poc.ConceptSleeveDetection.processFrame(ConceptSleeveDetection.java:93): Sleeve position: RIGHT
11-25 19:49:05.824  1698  1909 I global  :  RENO - Reno.poc.ConceptSleeveDetection.processFrame(ConceptSleeveDetection.java:52): Start Opcv process to detect sleeve color.
11-25 19:49:05.825  1698  1909 I global  :  RENO - Reno.poc.ConceptSleeveDetection.processFrame(ConceptSleeveDetection.java:59): Sleeve max color = 10708.00, 51914.00, 175137.00
11-25 19:49:05.826  1698  1909 I global  :  RENO - Reno.poc.ConceptSleeveDetection.processFrame(ConceptSleeveDetection.java:93): Sleeve position: RIGHT
11-25 19:49:05.892  1698  1909 I global  :  RENO - Reno.poc.ConceptSleeveDetection.processFrame(ConceptSleeveDetection.java:52): Start Opcv process to detect sleeve color.
11-25 19:49:05.893  1698  1909 I global  :  RENO - Reno.poc.ConceptSleeveDetection.processFrame(ConceptSleeveDetection.java:59): Sleeve max color = 11200.00, 51625.00, 175290.00
11-25 19:49:05.894  1698  1909 I global  :  RENO - Reno.poc.ConceptSleeveDetection.processFrame(ConceptSleeveDetection.java:93): Sleeve position: RIGHT
11-25 19:49:05.956  1698  1909 I global  :  RENO - Reno.poc.ConceptSleeveDetection.processFrame(ConceptSleeveDetection.java:52): Start Opcv process to detect sleeve color.
11-25 19:49:05.957  1698  1909 I global  :  RENO - Reno.poc.ConceptSleeveDetection.processFrame(ConceptSleeveDetection.java:59): Sleeve max color = 10945.00, 51571.00, 175235.00
11-25 19:49:05.958  1698  1909 I global  :  RENO - Reno.poc.ConceptSleeveDetection.processFrame(ConceptSleeveDetection.java:93): Sleeve position: RIGHT
11-25 19:49:06.024  1698  1909 I global  :  RENO - Reno.poc.ConceptSleeveDetection.processFrame(ConceptSleeveDetection.java:52): Start Opcv process to detect sleeve color.
11-25 19:49:06.025  1698  1909 I global  :  RENO - Reno.poc.ConceptSleeveDetection.processFrame(ConceptSleeveDetection.java:59): Sleeve max color = 10578.00, 51943.00, 175351.00
11-25 19:49:06.026  1698  1909 I global  :  RENO - Reno.poc.ConceptSleeveDetection.processFrame(ConceptSleeveDetection.java:93): Sleeve position: RIGHT
11-25 19:49:06.092  1698  1909 I global  :  RENO - Reno.poc.ConceptSleeveDetection.processFrame(ConceptSleeveDetection.java:52): Start Opcv process to detect sleeve color.
11-25 19:49:06.094  1698  1909 I global  :  RENO - Reno.poc.ConceptSleeveDetection.processFrame(ConceptSleeveDetection.java:59): Sleeve max color = 10426.00, 51805.00, 174797.00
11-25 19:49:06.095  1698  1909 I global  :  RENO - Reno.poc.ConceptSleeveDetection.processFrame(ConceptSleeveDetection.java:93): Sleeve position: RIGHT
11-25 19:49:06.160  1698  1909 I global  :  RENO - Reno.poc.ConceptSleeveDetection.processFrame(ConceptSleeveDetection.java:52): Start Opcv process to detect sleeve color.
11-25 19:49:06.161  1698  1909 I global  :  RENO - Reno.poc.ConceptSleeveDetection.processFrame(ConceptSleeveDetection.java:59): Sleeve max color = 10769.00, 49990.00, 174557.00
11-25 19:49:06.162  1698  1909 I global  :  RENO - Reno.poc.ConceptSleeveDetection.processFrame(ConceptSleeveDetection.java:93): Sleeve position: RIGHT
11-25 19:49:06.224  1698  1909 I global  :  RENO - Reno.poc.ConceptSleeveDetection.processFrame(ConceptSleeveDetection.java:52): Start Opcv process to detect sleeve color.
11-25 19:49:06.225  1698  1909 I global  :  RENO - Reno.poc.ConceptSleeveDetection.processFrame(ConceptSleeveDetection.java:59): Sleeve max color = 10831.00, 50096.00, 175005.00
11-25 19:49:06.226  1698  1909 I global  :  RENO - Reno.poc.ConceptSleeveDetection.processFrame(ConceptSleeveDetection.java:93): Sleeve position: RIGHT
11-25 19:49:06.292  1698  1909 I global  :  RENO - Reno.poc.ConceptSleeveDetection.processFrame(ConceptSleeveDetection.java:52): Start Opcv process to detect sleeve color.
11-25 19:49:06.293  1698  1909 I global  :  RENO - Reno.poc.ConceptSleeveDetection.processFrame(ConceptSleeveDetection.java:59): Sleeve max color = 10748.00, 49958.00, 174169.00
11-25 19:49:06.294  1698  1909 I global  :  RENO - Reno.poc.ConceptSleeveDetection.processFrame(ConceptSleeveDetection.java:93): Sleeve position: RIGHT
11-25 19:49:06.360  1698  1909 I global  :  RENO - Reno.poc.ConceptSleeveDetection.processFrame(ConceptSleeveDetection.java:52): Start Opcv process to detect sleeve color.
11-25 19:49:06.361  1698  1909 I global  :  RENO - Reno.poc.ConceptSleeveDetection.processFrame(ConceptSleeveDetection.java:59): Sleeve max color = 10790.00, 49985.00, 173811.00
11-25 19:49:06.362  1698  1909 I global  :  RENO - Reno.poc.ConceptSleeveDetection.processFrame(ConceptSleeveDetection.java:93): Sleeve position: RIGHT
11-25 19:49:06.424  1698  1909 I global  :  RENO - Reno.poc.ConceptSleeveDetection.processFrame(ConceptSleeveDetection.java:52): Start Opcv process to detect sleeve color.
11-25 19:49:06.425  1698  1909 I global  :  RENO - Reno.poc.ConceptSleeveDetection.processFrame(ConceptSleeveDetection.java:59): Sleeve max color = 10920.00, 49983.00, 174853.00
11-25 19:49:06.426  1698  1909 I global  :  RENO - Reno.poc.ConceptSleeveDetection.processFrame(ConceptSleeveDetection.java:93): Sleeve position: RIGHT
11-25 19:49:06.492  1698  1909 I global  :  RENO - Reno.poc.ConceptSleeveDetection.processFrame(ConceptSleeveDetection.java:52): Start Opcv process to detect sleeve color.
11-25 19:49:06.493  1698  1909 I global  :  RENO - Reno.poc.ConceptSleeveDetection.processFrame(ConceptSleeveDetection.java:59): Sleeve max color = 10779.00, 49860.00, 174975.00
11-25 19:49:06.494  1698  1909 I global  :  RENO - Reno.poc.ConceptSleeveDetection.processFrame(ConceptSleeveDetection.java:93): Sleeve position: RIGHT
11-25 19:49:06.560  1698  1909 I global  :  RENO - Reno.poc.ConceptSleeveDetection.processFrame(ConceptSleeveDetection.java:52): Start Opcv process to detect sleeve color.
11-25 19:49:06.561  1698  1909 I global  :  RENO - Reno.poc.ConceptSleeveDetection.processFrame(ConceptSleeveDetection.java:59): Sleeve max color = 10501.00, 50045.00, 175256.00
11-25 19:49:06.562  1698  1909 I global  :  RENO - Reno.poc.ConceptSleeveDetection.processFrame(ConceptSleeveDetection.java:93): Sleeve position: RIGHT
11-25 19:49:06.628  1698  1909 I global  :  RENO - Reno.poc.ConceptSleeveDetection.processFrame(ConceptSleeveDetection.java:52): Start Opcv process to detect sleeve color.
11-25 19:49:06.630  1698  1909 I global  :  RENO - Reno.poc.ConceptSleeveDetection.processFrame(ConceptSleeveDetection.java:59): Sleeve max color = 10820.00, 50184.00, 174739.00
11-25 19:49:06.631  1698  1909 I global  :  RENO - Reno.poc.ConceptSleeveDetection.processFrame(ConceptSleeveDetection.java:93): Sleeve position: RIGHT
11-25 19:49:06.692  1698  1909 I global  :  RENO - Reno.poc.ConceptSleeveDetection.processFrame(ConceptSleeveDetection.java:52): Start Opcv process to detect sleeve color.
11-25 19:49:06.693  1698  1909 I global  :  RENO - Reno.poc.ConceptSleeveDetection.processFrame(ConceptSleeveDetection.java:59): Sleeve max color = 10457.00, 50088.00, 174573.00
11-25 19:49:06.694  1698  1909 I global  :  RENO - Reno.poc.ConceptSleeveDetection.processFrame(ConceptSleeveDetection.java:93): Sleeve position: RIGHT
11-25 19:49:06.760  1698  1909 I global  :  RENO - Reno.poc.ConceptSleeveDetection.processFrame(ConceptSleeveDetection.java:52): Start Opcv process to detect sleeve color.
11-25 19:49:06.761  1698  1909 I global  :  RENO - Reno.poc.ConceptSleeveDetection.processFrame(ConceptSleeveDetection.java:59): Sleeve max color = 10756.00, 50590.00, 180735.00
11-25 19:49:06.762  1698  1909 I global  :  RENO - Reno.poc.ConceptSleeveDetection.processFrame(ConceptSleeveDetection.java:93): Sleeve position: RIGHT
11-25 19:49:06.828  1698  1909 I global  :  RENO - Reno.poc.ConceptSleeveDetection.processFrame(ConceptSleeveDetection.java:52): Start Opcv process to detect sleeve color.
11-25 19:49:06.829  1698  1909 I global  :  RENO - Reno.poc.ConceptSleeveDetection.processFrame(ConceptSleeveDetection.java:59): Sleeve max color = 10311.00, 51003.00, 179941.00
11-25 19:49:06.832  1698  1909 I global  :  RENO - Reno.poc.ConceptSleeveDetection.processFrame(ConceptSleeveDetection.java:93): Sleeve position: RIGHT
11-25 19:49:06.896  1698  1909 I global  :  RENO - Reno.poc.ConceptSleeveDetection.processFrame(ConceptSleeveDetection.java:52): Start Opcv process to detect sleeve color.
11-25 19:49:06.897  1698  1909 I global  :  RENO - Reno.poc.ConceptSleeveDetection.processFrame(ConceptSleeveDetection.java:59): Sleeve max color = 10672.00, 50615.00, 180799.00
11-25 19:49:06.898  1698  1909 I global  :  RENO - Reno.poc.ConceptSleeveDetection.processFrame(ConceptSleeveDetection.java:93): Sleeve position: RIGHT
11-25 19:49:06.960  1698  1909 I global  :  RENO - Reno.poc.ConceptSleeveDetection.processFrame(ConceptSleeveDetection.java:52): Start Opcv process to detect sleeve color.
11-25 19:49:06.961  1698  1909 I global  :  RENO - Reno.poc.ConceptSleeveDetection.processFrame(ConceptSleeveDetection.java:59): Sleeve max color = 10865.00, 50855.00, 181158.00
11-25 19:49:06.962  1698  1909 I global  :  RENO - Reno.poc.ConceptSleeveDetection.processFrame(ConceptSleeveDetection.java:93): Sleeve position: RIGHT
11-25 19:49:07.028  1698  1909 I global  :  RENO - Reno.poc.ConceptSleeveDetection.processFrame(ConceptSleeveDetection.java:52): Start Opcv process to detect sleeve color.
11-25 19:49:07.029  1698  1909 I global  :  RENO - Reno.poc.ConceptSleeveDetection.processFrame(ConceptSleeveDetection.java:59): Sleeve max color = 10714.00, 50964.00, 179966.00
11-25 19:49:07.030  1698  1909 I global  :  RENO - Reno.poc.ConceptSleeveDetection.processFrame(ConceptSleeveDetection.java:93): Sleeve position: RIGHT
11-25 19:49:07.097  1698  1909 I global  :  RENO - Reno.poc.ConceptSleeveDetection.processFrame(ConceptSleeveDetection.java:52): Start Opcv process to detect sleeve color.
11-25 19:49:07.098  1698  1909 I global  :  RENO - Reno.poc.ConceptSleeveDetection.processFrame(ConceptSleeveDetection.java:59): Sleeve max color = 11079.00, 50536.00, 179809.00
11-25 19:49:07.099  1698  1909 I global  :  RENO - Reno.poc.ConceptSleeveDetection.processFrame(ConceptSleeveDetection.java:93): Sleeve position: RIGHT
11-25 19:49:07.160  1698  1909 I global  :  RENO - Reno.poc.ConceptSleeveDetection.processFrame(ConceptSleeveDetection.java:52): Start Opcv process to detect sleeve color.
11-25 19:49:07.161  1698  1909 I global  :  RENO - Reno.poc.ConceptSleeveDetection.processFrame(ConceptSleeveDetection.java:59): Sleeve max color = 10935.00, 50412.00, 180771.00
11-25 19:49:07.162  1698  1909 I global  :  RENO - Reno.poc.ConceptSleeveDetection.processFrame(ConceptSleeveDetection.java:93): Sleeve position: RIGHT
11-25 19:49:07.228  1698  1909 I global  :  RENO - Reno.poc.ConceptSleeveDetection.processFrame(ConceptSleeveDetection.java:52): Start Opcv process to detect sleeve color.
11-25 19:49:07.229  1698  1909 I global  :  RENO - Reno.poc.ConceptSleeveDetection.processFrame(ConceptSleeveDetection.java:59): Sleeve max color = 10548.00, 50809.00, 180497.00
11-25 19:49:07.230  1698  1909 I global  :  RENO - Reno.poc.ConceptSleeveDetection.processFrame(ConceptSleeveDetection.java:93): Sleeve position: RIGHT
11-25 19:49:07.296  1698  1909 I global  :  RENO - Reno.poc.ConceptSleeveDetection.processFrame(ConceptSleeveDetection.java:52): Start Opcv process to detect sleeve color.
11-25 19:49:07.297  1698  1909 I global  :  RENO - Reno.poc.ConceptSleeveDetection.processFrame(ConceptSleeveDetection.java:59): Sleeve max color = 10705.00, 50670.00, 180448.00
11-25 19:49:07.299  1698  1909 I global  :  RENO - Reno.poc.ConceptSleeveDetection.processFrame(ConceptSleeveDetection.java:93): Sleeve position: RIGHT
11-25 19:49:07.364  1698  1909 I global  :  RENO - Reno.poc.ConceptSleeveDetection.processFrame(ConceptSleeveDetection.java:52): Start Opcv process to detect sleeve color.
11-25 19:49:07.365  1698  1909 I global  :  RENO - Reno.poc.ConceptSleeveDetection.processFrame(ConceptSleeveDetection.java:59): Sleeve max color = 10938.00, 50153.00, 174438.00
11-25 19:49:07.367  1698  1909 I global  :  RENO - Reno.poc.ConceptSleeveDetection.processFrame(ConceptSleeveDetection.java:93): Sleeve position: RIGHT
11-25 19:49:07.428  1698  1909 I global  :  RENO - Reno.poc.ConceptSleeveDetection.processFrame(ConceptSleeveDetection.java:52): Start Opcv process to detect sleeve color.
11-25 19:49:07.429  1698  1909 I global  :  RENO - Reno.poc.ConceptSleeveDetection.processFrame(ConceptSleeveDetection.java:59): Sleeve max color = 11000.00, 50116.00, 174493.00
11-25 19:49:07.430  1698  1909 I global  :  RENO - Reno.poc.ConceptSleeveDetection.processFrame(ConceptSleeveDetection.java:93): Sleeve position: RIGHT
11-25 19:49:07.496  1698  1909 I global  :  RENO - Reno.poc.ConceptSleeveDetection.processFrame(ConceptSleeveDetection.java:52): Start Opcv process to detect sleeve color.
11-25 19:49:07.497  1698  1909 I global  :  RENO - Reno.poc.ConceptSleeveDetection.processFrame(ConceptSleeveDetection.java:59): Sleeve max color = 10541.00, 50147.00, 175412.00
11-25 19:49:07.498  1698  1909 I global  :  RENO - Reno.poc.ConceptSleeveDetection.processFrame(ConceptSleeveDetection.java:93): Sleeve position: RIGHT
11-25 19:49:07.564  1698  1909 I global  :  RENO - Reno.poc.ConceptSleeveDetection.processFrame(ConceptSleeveDetection.java:52): Start Opcv process to detect sleeve color.
11-25 19:49:07.565  1698  1909 I global  :  RENO - Reno.poc.ConceptSleeveDetection.processFrame(ConceptSleeveDetection.java:59): Sleeve max color = 10998.00, 50181.00, 173889.00
11-25 19:49:07.566  1698  1909 I global  :  RENO - Reno.poc.ConceptSleeveDetection.processFrame(ConceptSleeveDetection.java:93): Sleeve position: RIGHT
11-25 19:49:07.628  1698  1909 I global  :  RENO - Reno.poc.ConceptSleeveDetection.processFrame(ConceptSleeveDetection.java:52): Start Opcv process to detect sleeve color.
11-25 19:49:07.629  1698  1909 I global  :  RENO - Reno.poc.ConceptSleeveDetection.processFrame(ConceptSleeveDetection.java:59): Sleeve max color = 10974.00, 49834.00, 174221.00
11-25 19:49:07.631  1698  1909 I global  :  RENO - Reno.poc.ConceptSleeveDetection.processFrame(ConceptSleeveDetection.java:93): Sleeve position: RIGHT
11-25 19:49:07.684  1698  1848 V Robocol : received command: CMD_RUN_OP_MODE(11111) AutonomousRight
11-25 19:49:07.697  1698  1909 I global  :  RENO - Reno.poc.ConceptSleeveDetection.processFrame(ConceptSleeveDetection.java:52): Start Opcv process to detect sleeve color.
11-25 19:49:07.698  1698  1909 I global  :  RENO - Reno.poc.ConceptSleeveDetection.processFrame(ConceptSleeveDetection.java:59): Sleeve max color = 10959.00, 50167.00, 174011.00
11-25 19:49:07.699  1698  1909 I global  :  RENO - Reno.poc.ConceptSleeveDetection.processFrame(ConceptSleeveDetection.java:93): Sleeve position: RIGHT
11-25 19:49:07.703  1698  2032 D OpenCvViewport: CheckState(): user requested that we deactivate
11-25 19:49:07.704  1698  2032 D OpenCvViewport: CheckState(): deactivating viewport
11-25 19:49:07.710  1698  1907 D OpenCvViewportRenderThread: About to exit
11-25 19:49:07.711  1698  2032 D UsbResiliantWebcam|DelCaptureSession: stopCapture()...
11-25 19:49:07.711  1698  2032 D UsbResiliantWebcam|DelCaptureSequence: undoStreaming()...
11-25 19:49:07.711  1698  2032 D UvcApiCaptureSession: stopCapture()...
11-25 19:49:07.711  1698  2032 D Uvc     : [jni_streamhandle.cpp:184] Java_org_firstinspires_ftc_robotcore_internal_camera_libuvc_nativeobject_UvcStreamHandle_nativeStopStreaming()...
11-25 19:49:07.711  1698  2032 V Uvc     : API: Java_org_firstinspires_ftc_robotcore_internal_camera_libuvc_nativeobject_UvcStreamHandle_nativeStopStreaming: enter...
11-25 19:49:07.711  1698  2032 D Uvc     : [stream.cpp:1514] uvc_stream_stop()...
11-25 19:49:07.711  1698  2032 D UvcStream: [stream.cpp:1542] cancelling extant transfers
11-25 19:49:07.728  1698  1851 V Robocol : sending CMD_NOTIFY_RUN_OP_MODE(1178), attempt: 0
11-25 19:49:07.750  1698  2032 D Uvc     : [stream.cpp:1471] (waitForAllTransfers(waiting for cancelled transfers))...
11-25 19:49:07.751  1698  2032 D UvcStream: [stream.cpp:1485] no extant active transfers: continuing
11-25 19:49:07.751  1698  2032 D Uvc     : [stream.cpp:1471] ...()
11-25 19:49:07.751  1698  2032 D Uvc     : [stream.cpp:1189] uvc_stream_handle::stopIsochronousStreaming()...
11-25 19:49:07.752  1698  2032 D Uvc     : [libuvc/libuvc_internal.h:825] uvc_device_handle::setInterfaceAltSetting(setInterfaceAltSetting(intf=1 alt=0))...
11-25 19:49:07.752  1698  2032 D UvcDevice: setInterfaceAltSetting(1,0)
11-25 19:49:07.752  1698  2032 D UvcDevice: setInterfaceAltSetting(1,0) succeeded
11-25 19:49:07.752  1698  2032 D Uvc     : [libuvc/libuvc_internal.h:825] ...uvc_device_handle::setInterfaceAltSetting() rc=0
11-25 19:49:07.752  1698  2032 D Uvc     : [stream.cpp:1189] ...uvc_stream_handle::stopIsochronousStreaming() rc=0
11-25 19:49:07.752  1698  2032 D UvcStream: [stream.cpp:1558] awakening user thread
11-25 19:49:07.753  1698  2032 D UvcStream: [stream.cpp:1567] waiting for user callback thread to finish
11-25 19:49:07.753  1698  1909 D UvcStream: [stream.cpp:1329] user callback thread stopped
11-25 19:49:07.753  1698  2032 D Uvc     : [stream.cpp:1514] ...uvc_stream_stop() rc=0
11-25 19:49:07.753  1698  2032 V Uvc     : API: Java_org_firstinspires_ftc_robotcore_internal_camera_libuvc_nativeobject_UvcStreamHandle_nativeStopStreaming: ...exit
11-25 19:49:07.753  1698  2032 D Uvc     : [jni_streamhandle.cpp:184] ...Java_org_firstinspires_ftc_robotcore_internal_camera_libuvc_nativeobject_UvcStreamHandle_nativeStopStreaming()
11-25 19:49:07.754  1698  2032 V UvcFrameCallback: destroy(hash=0x00c5c871)
11-25 19:49:07.754  1698  2032 V UvcFrameCallbackData: destroy(pointer=0xd0b18408)
11-25 19:49:07.755  1698  2032 V Uvc     : API: Java_org_firstinspires_ftc_robotcore_internal_camera_libuvc_nativeobject_UvcFrameCallback_nativeReleaseCallbackState: enter...
11-25 19:49:07.755  1698  2032 V Uvc     : API: Java_org_firstinspires_ftc_robotcore_internal_camera_libuvc_nativeobject_UvcFrameCallback_nativeReleaseCallbackState: ...exit
11-25 19:49:07.756  1698  2032 V UvcStreamHandle: destroy(pointer=0xd5ba5160)
11-25 19:49:07.756  1698  2032 D Uvc     : [jni_streamhandle.cpp:184] Java_org_firstinspires_ftc_robotcore_internal_camera_libuvc_nativeobject_UvcStreamHandle_nativeStopStreaming()...
11-25 19:49:07.756  1698  2032 V Uvc     : API: Java_org_firstinspires_ftc_robotcore_internal_camera_libuvc_nativeobject_UvcStreamHandle_nativeStopStreaming: enter...
11-25 19:49:07.756  1698  2032 D Uvc     : [stream.cpp:1514] uvc_stream_stop()...
11-25 19:49:07.756  1698  2032 D Uvc     : [stream.cpp:1514] ...uvc_stream_stop() rc=0
11-25 19:49:07.756  1698  2032 V Uvc     : API: Java_org_firstinspires_ftc_robotcore_internal_camera_libuvc_nativeobject_UvcStreamHandle_nativeStopStreaming: ...exit
11-25 19:49:07.756  1698  2032 D Uvc     : [jni_streamhandle.cpp:184] ...Java_org_firstinspires_ftc_robotcore_internal_camera_libuvc_nativeobject_UvcStreamHandle_nativeStopStreaming()
11-25 19:49:07.757  1698  2032 D Uvc     : [jni_streamhandle.cpp:200] Java_org_firstinspires_ftc_robotcore_internal_camera_libuvc_nativeobject_UvcStreamHandle_nativeCloseStreamHandle()...
11-25 19:49:07.757  1698  2032 V Uvc     : API: Java_org_firstinspires_ftc_robotcore_internal_camera_libuvc_nativeobject_UvcStreamHandle_nativeCloseStreamHandle: enter...
11-25 19:49:07.757  1698  2032 D Uvc     : [stream.cpp:1584] uvc_stream_close()...
11-25 19:49:07.757  1698  2032 D Uvc     : [streamhandle.cpp:45] uvc_stream_handle::~uvc_stream_handle()...
11-25 19:49:07.757  1698  2032 D Uvc     : [streamhandle.cpp:66] uvc_stream_handle::releaseInterface()...
11-25 19:49:07.757  1698  2032 D Uvc     : [libuvc/libuvc_internal.h:793] uvc_device_handle::releaseInterface()...
11-25 19:49:07.757  1698  2032 D UvcDevice: releaseInterface(1)
11-25 19:49:07.758  1698  2032 D UvcDevice: releaseInterface(1) succeeded
11-25 19:49:07.760  1698  2032 D Uvc     : [libuvc/libuvc_internal.h:793] ...uvc_device_handle::releaseInterface() rc=0
11-25 19:49:07.760  1698  2032 D Uvc     : [streamhandle.cpp:66] ...uvc_stream_handle::releaseInterface()
11-25 19:49:07.760  1698  2032 D Uvc     : [streamhandle.cpp:45] ...uvc_stream_handle::~uvc_stream_handle()
11-25 19:49:07.760  1698  2032 D Uvc     : [stream.cpp:1584] ...uvc_stream_close()
11-25 19:49:07.760  1698  2032 V Uvc     : API: Java_org_firstinspires_ftc_robotcore_internal_camera_libuvc_nativeobject_UvcStreamHandle_nativeCloseStreamHandle: ...exit
11-25 19:49:07.761  1698  2032 D Uvc     : [jni_streamhandle.cpp:200] ...Java_org_firstinspires_ftc_robotcore_internal_camera_libuvc_nativeobject_UvcStreamHandle_nativeCloseStreamHandle()
11-25 19:49:07.762  1698  1908 D RobotCore: capture sequence DelegatingCaptureSequenceId(1) reports completed: lastFrame=1009
11-25 19:49:07.763  1698  2032 V UvcApiCameraCaptureSequence: destroy(hash=0x0d2e45fb)
11-25 19:49:07.763  1698  2032 D UvcApiCaptureSession: ...stopCapture()
11-25 19:49:07.764  1698  2032 D UvcApiCaptureSession: doClose()...
11-25 19:49:07.766  1698  2032 D UvcApiCaptureSession: ...doClose()
11-25 19:49:07.766  1698  2032 D UsbResiliantWebcam|DelCaptureSequence: ...undoStreaming()
11-25 19:49:07.766  1698  2033 D UsbResiliantWebcam|DelCaptureSession: camera session is closed: Webcam(D5386480)
11-25 19:49:07.766  1698  2033 V UvcApiCaptureSession: destroy(hash=0x0659ab8a)
11-25 19:49:07.767  1698  2033 D UvcApiCaptureSession: destructor...
11-25 19:49:07.767  1698  1908 D RobotCore: capture sequence DelegatingCaptureSequenceId(1) reports completed: lastFrame=1009
11-25 19:49:07.767  1698  2033 D UvcApiCaptureSession: ...destructor
11-25 19:49:07.767  1698  2032 V UsbResiliantWebcam|DelCaptureSequence: destroy(hash=0x010a01f5)
11-25 19:49:07.767  1698  2032 D UsbResiliantWebcam|DelCaptureSession: ...stopCapture()
11-25 19:49:07.768  1698  2032 D UsbResiliantWebcam|DelCaptureSession: doClose()...
11-25 19:49:07.768  1698  2032 D UsbResiliantWebcam|DelCaptureSession: ...doClose()
11-25 19:49:07.769  1698  2032 V UsbResiliantWebcam|DelCaptureSession: destroy(hash=0x002cdadf)
11-25 19:49:07.769  1698  2032 D UsbResiliantWebcam|DelCaptureSession: destructor()...
11-25 19:49:07.769  1698  2032 D UsbResiliantWebcam|DelCaptureSession: ...destructor()
11-25 19:49:07.770  1698  2032 D OpenCvViewport: CheckState(): user requested that we activate
11-25 19:49:07.770  1698  2032 D OpenCvViewport: CheckState(): activating viewport
11-25 19:49:07.771  1698  2032 D UsbResiliantWebcam: createCaptureSession()...
11-25 19:49:07.772  1698  2032 V DelCaptureSession: construct(0x096ebdf4)
11-25 19:49:07.775  1698  2034 D OpenCvViewportRenderThread: Render thread is up!
11-25 19:49:07.776  1698  2032 D UsbResiliantWebcam|DelCaptureSession: onCameraChange(null->CameraImpl(UvcDeviceHandle(pointer=0xd137b280|UvcDevice(/dev/bus/usb/003/004))))...
11-25 19:49:07.776  1698  2032 D UsbResiliantWebcam|DelCaptureSession: ...onCameraChange(null->CameraImpl(UvcDeviceHandle(pointer=0xd137b280|UvcDevice(/dev/bus/usb/003/004))))
11-25 19:49:07.777  1698  2032 D CachingExposureControl: onCameraChanged(CameraImpl(UvcDeviceHandle(pointer=0xd137b280|UvcDevice(/dev/bus/usb/003/004)))->CameraImpl(UvcDeviceHandle(pointer=0xd137b280|UvcDevice(/dev/bus/usb/003/004))))...
11-25 19:49:07.778  1698  2032 D CachingExposureControl: ...onCameraChanged(CameraImpl(UvcDeviceHandle(pointer=0xd137b280|UvcDevice(/dev/bus/usb/003/004)))->CameraImpl(UvcDeviceHandle(pointer=0xd137b280|UvcDevice(/dev/bus/usb/003/004))))
11-25 19:49:07.778  1698  2032 D UsbResiliantWebcam: ...createCaptureSession()
11-25 19:49:07.778  1698  1908 D UsbResiliantWebcam|DelCaptureSession: startCapture()...
11-25 19:49:07.778  1698  1908 V DelCaptureSequence: construct(0x00bf691d)
11-25 19:49:07.779  1698  1908 D UsbResiliantWebcam|DelCaptureSequence: onCameraChange(null->CameraImpl(UvcDeviceHandle(pointer=0xd137b280|UvcDevice(/dev/bus/usb/003/004))))...
11-25 19:49:07.779  1698  1908 D UsbResiliantWebcam|DelCaptureSequence: pauseStreaming(Stopped)...
11-25 19:49:07.779  1698  1908 D UsbResiliantWebcam|DelCaptureSequence: ...pauseStreaming(Stopped)
11-25 19:49:07.779  1698  1908 D UsbResiliantWebcam|DelCaptureSequence: resumeStreaming(Stopped)...
11-25 19:49:07.779  1698  1908 D UsbResiliantWebcam|DelCaptureSequence: ...resumeStreaming(Stopped)
11-25 19:49:07.780  1698  1908 D UsbResiliantWebcam|DelCaptureSequence: ...onCameraChange(null->CameraImpl(UvcDeviceHandle(pointer=0xd137b280|UvcDevice(/dev/bus/usb/003/004))))
11-25 19:49:07.780  1698  1908 D UsbResiliantWebcam|DelCaptureSequence: startStreaming(Stopped)...
11-25 19:49:07.780  1698  1908 D UsbResiliantWebcam|DelCaptureSequence: doStreaming()...
11-25 19:49:07.780  1698  1908 V UvcApiCaptureSession: construct(0x0cf4c792)
11-25 19:49:07.781  1698  2033 D UsbResiliantWebcam|DelCaptureSession: camera session is configured: Webcam(D5386480)
11-25 19:49:07.781  1698  1908 V UvcApiCameraCaptureSequence: construct(0x05f3a563)
11-25 19:49:07.783  1698  1908 D UvcDeviceHandle: getStreamControl(320x240 30)...
11-25 19:49:07.783  1698  1908 V UvcStreamCtrl: construct(0x02b3c560)
11-25 19:49:07.783  1698  1908 D Uvc     : [jni_devicehandle.cpp:115] Java_org_firstinspires_ftc_robotcore_internal_camera_libuvc_nativeobject_UvcDeviceHandle_nativeGetStreamControlFormatSize()...
11-25 19:49:07.783  1698  1908 V Uvc     : API: Java_org_firstinspires_ftc_robotcore_internal_camera_libuvc_nativeobject_UvcDeviceHandle_nativeGetStreamControlFormatSize: enter...
11-25 19:49:07.783  1698  1908 D Uvc     : [stream.cpp:373] uvc_get_stream_ctrl_format_size()...
11-25 19:49:07.783  1698  1908 D Uvc     : [libuvc/libuvc_internal.h:770] uvc_device_handle::claimInterface(idx=1)...
11-25 19:49:07.783  1698  1908 D UvcDevice: claimInterface(1)
11-25 19:49:07.784  1698  1908 D UvcDevice: claimInterface(1) succeeded
11-25 19:49:07.784  1698  1908 D Uvc     : [libuvc/libuvc_internal.h:783] claimInterface(1) succeeded
11-25 19:49:07.784  1698  1908 D Uvc     : [libuvc/libuvc_internal.h:770] ...uvc_device_handle::claimInterface() rc=0
11-25 19:49:07.784  1698  1908 D UvcStream: [stream.cpp:412] 320x240 30fps
11-25 19:49:07.784  1698  1908 D Uvc     : [stream.cpp:162] uvc_query_stream_ctrl()...
11-25 19:49:07.788  1698  1908 D Uvc     : [stream.cpp:162] ...uvc_query_stream_ctrl() rc=0
11-25 19:49:07.788  1698  1908 D Uvc     : [libuvc/libuvc_internal.h:793] uvc_device_handle::releaseInterface()...
11-25 19:49:07.788  1698  1908 D UvcDevice: releaseInterface(1)
11-25 19:49:07.788  1698  1908 D UvcDevice: releaseInterface(1) succeeded
11-25 19:49:07.789  1698  1908 D Uvc     : [libuvc/libuvc_internal.h:793] ...uvc_device_handle::releaseInterface() rc=0
11-25 19:49:07.789  1698  1908 D Uvc     : [stream.cpp:523] uvc_probe_stream_ctrl()...
11-25 19:49:07.789  1698  1908 D Uvc     : [libuvc/libuvc_internal.h:770] uvc_device_handle::claimInterface(idx=1)...
11-25 19:49:07.789  1698  1908 D UvcDevice: claimInterface(1)
11-25 19:49:07.789  1698  1908 D UvcDevice: claimInterface(1) succeeded
11-25 19:49:07.790  1698  1908 D Uvc     : [libuvc/libuvc_internal.h:783] claimInterface(1) succeeded
11-25 19:49:07.790  1698  1908 D Uvc     : [libuvc/libuvc_internal.h:770] ...uvc_device_handle::claimInterface() rc=0
11-25 19:49:07.790  1698  1908 D Uvc     : [stream.cpp:162] uvc_query_stream_ctrl()...
11-25 19:49:07.793  1698  1908 D Uvc     : [stream.cpp:162] ...uvc_query_stream_ctrl() rc=0
11-25 19:49:07.793  1698  1908 D Uvc     : [stream.cpp:162] uvc_query_stream_ctrl()...
11-25 19:49:07.797  1698  1908 D Uvc     : [stream.cpp:162] ...uvc_query_stream_ctrl() rc=0
11-25 19:49:07.797  1698  1908 D Uvc     : [stream.cpp:523] ...uvc_probe_stream_ctrl() rc=0
11-25 19:49:07.797  1698  1908 D Uvc     : [stream.cpp:373] ...uvc_get_stream_ctrl_format_size() rc=0
11-25 19:49:07.797  1698  1908 V Uvc     : API: Java_org_firstinspires_ftc_robotcore_internal_camera_libuvc_nativeobject_UvcDeviceHandle_nativeGetStreamControlFormatSize: ...exit
11-25 19:49:07.797  1698  1908 D Uvc     : [jni_devicehandle.cpp:115] ...Java_org_firstinspires_ftc_robotcore_internal_camera_libuvc_nativeobject_UvcDeviceHandle_nativeGetStreamControlFormatSize()
11-25 19:49:07.797  1698  1908 D UvcDeviceHandle: ...getStreamControl(320x240 30)
11-25 19:49:07.797  1698  1908 D Uvc     : [jni_streamcontrol.cpp:101] Java_org_firstinspires_ftc_robotcore_internal_camera_libuvc_nativeobject_UvcStreamCtrl_nativeOpen()...
11-25 19:49:07.797  1698  1908 V Uvc     : API: Java_org_firstinspires_ftc_robotcore_internal_camera_libuvc_nativeobject_UvcStreamCtrl_nativeOpen: enter...
11-25 19:49:07.798  1698  1908 D Uvc     : [devicehandle.cpp:46] uvc_device_handle::openStreamControl()...
11-25 19:49:07.798  1698  1908 D Uvc     : [streamhandle.cpp:58] uvc_stream_handle::claimInterface()...
11-25 19:49:07.798  1698  1908 D Uvc     : [libuvc/libuvc_internal.h:770] uvc_device_handle::claimInterface(idx=1)...
11-25 19:49:07.798  1698  1908 D UvcDevice: claimInterface(1)
11-25 19:49:07.798  1698  1908 D UvcDevice: claimInterface(1) succeeded
11-25 19:49:07.798  1698  1908 D Uvc     : [libuvc/libuvc_internal.h:783] claimInterface(1) succeeded
11-25 19:49:07.798  1698  1908 D Uvc     : [libuvc/libuvc_internal.h:770] ...uvc_device_handle::claimInterface() rc=0
11-25 19:49:07.798  1698  1908 D Uvc     : [streamhandle.cpp:58] ...uvc_stream_handle::claimInterface() rc=0
11-25 19:49:07.798  1698  1908 D Uvc     : [stream.cpp:162] uvc_query_stream_ctrl()...
11-25 19:49:07.802  1698  1908 D Uvc     : [stream.cpp:162] ...uvc_query_stream_ctrl() rc=0
11-25 19:49:07.802  1698  1908 D Uvc     : [devicehandle.cpp:46] ...uvc_device_handle::openStreamControl() rc=0
11-25 19:49:07.802  1698  1908 V Uvc     : API: Java_org_firstinspires_ftc_robotcore_internal_camera_libuvc_nativeobject_UvcStreamCtrl_nativeOpen: ...exit
11-25 19:49:07.802  1698  1908 D Uvc     : [jni_streamcontrol.cpp:101] ...Java_org_firstinspires_ftc_robotcore_internal_camera_libuvc_nativeobject_UvcStreamCtrl_nativeOpen()
11-25 19:49:07.802  1698  1908 V UvcStreamHandle: construct(pointer=0xd5ba5160)
11-25 19:49:07.802  1698  1908 D Uvc     : [jni_streamhandle.cpp:184] Java_org_firstinspires_ftc_robotcore_internal_camera_libuvc_nativeobject_UvcStreamHandle_nativeStopStreaming()...
11-25 19:49:07.802  1698  1908 V Uvc     : API: Java_org_firstinspires_ftc_robotcore_internal_camera_libuvc_nativeobject_UvcStreamHandle_nativeStopStreaming: enter...
11-25 19:49:07.802  1698  1908 D Uvc     : [stream.cpp:1514] uvc_stream_stop()...
11-25 19:49:07.802  1698  1908 D Uvc     : [stream.cpp:1514] ...uvc_stream_stop() rc=0
11-25 19:49:07.802  1698  1908 V Uvc     : API: Java_org_firstinspires_ftc_robotcore_internal_camera_libuvc_nativeobject_UvcStreamHandle_nativeStopStreaming: ...exit
11-25 19:49:07.802  1698  1908 D Uvc     : [jni_streamhandle.cpp:184] ...Java_org_firstinspires_ftc_robotcore_internal_camera_libuvc_nativeobject_UvcStreamHandle_nativeStopStreaming()
11-25 19:49:07.803  1698  1908 V UvcFrameCallback: construct(0x04ee7a19)
11-25 19:49:07.803  1698  1908 V UvcFrameCallbackData: construct(pointer=0xd0b186a8)
11-25 19:49:07.803  1698  1908 V Uvc     : API: Java_org_firstinspires_ftc_robotcore_internal_camera_libuvc_nativeobject_UvcStreamHandle_nativeStartStreaming: enter...
11-25 19:49:07.803  1698  1908 D Uvc     : [stream.cpp:970] uvc_stream_start_bandwidth()...
11-25 19:49:07.803  1698  1908 D Uvc     : [stream.cpp:1173] uvc_stream_handle::startIsochronousStreaming()...
11-25 19:49:07.803  1698  1908 D Uvc     : [libuvc/libuvc_internal.h:825] uvc_device_handle::setInterfaceAltSetting(setInterfaceAltSetting(intf=1 alt=11))...
11-25 19:49:07.804  1698  1908 D UvcDevice: setInterfaceAltSetting(1,11)
11-25 19:49:07.804  1698  1908 D UvcDevice: setInterfaceAltSetting(1,11) succeeded
11-25 19:49:07.804  1698  1908 D Uvc     : [libuvc/libuvc_internal.h:825] ...uvc_device_handle::setInterfaceAltSetting() rc=0
11-25 19:49:07.804  1698  1908 D Uvc     : [stream.cpp:1173] ...uvc_stream_handle::startIsochronousStreaming() rc=0
11-25 19:49:07.804  1698  1908 D Uvc     : [stream.cpp:1201] uvc_stream_handle::startUserCallbackThread()...
11-25 19:49:07.805  1698  2035 D UvcStream: [stream.cpp:1265] User Callback thread started
11-25 19:49:07.805  1698  1908 D Uvc     : [stream.cpp:1201] ...uvc_stream_handle::startUserCallbackThread() rc=0
11-25 19:49:07.805  1698  1908 D Uvc     : [stream.cpp:1221] uvc_stream_handle::submitTransfers()...
11-25 19:49:07.806  1698  1908 D Uvc     : [stream.cpp:1221] ...uvc_stream_handle::submitTransfers() rc=0
11-25 19:49:07.806  1698  1908 D Uvc     : [stream.cpp:970] ...uvc_stream_start_bandwidth() rc=0
11-25 19:49:07.806  1698  1908 D UvcStreamHandle: [jni_streamhandle.cpp:150] successfully started streaming
11-25 19:49:07.806  1698  1908 V Uvc     : API: Java_org_firstinspires_ftc_robotcore_internal_camera_libuvc_nativeobject_UvcStreamHandle_nativeStartStreaming: ...exit
11-25 19:49:07.807  1698  1908 V UvcStreamCtrl: destroy(pointer=0xd0bfcc00)
11-25 19:49:07.807  1698  1908 D UsbResiliantWebcam|DelCaptureSequence: ...doStreaming()
11-25 19:49:07.808  1698  1908 D UsbResiliantWebcam|DelCaptureSequence: ...startStreaming(Stopped)
11-25 19:49:07.808  1698  1908 D UsbResiliantWebcam|DelCaptureSession: ...startCapture()
11-25 19:49:07.808  1698  1908 I System.out: OpenCvWebcam: onConfigured
11-25 19:49:07.808  1698  2032 I System.out: OpenCvWebcam: streaming started
11-25 19:49:07.809  1698  2032 I global  :  RENO - AutonomousRight$2.onOpened(AutonomousRight.java:221): Start stream to detect sleeve color.
11-25 19:49:07.812  1698  1904 I global  :  RENO - ChassisWith4Motors.driveWithPIDControl(ChassisWith4Motors.java:481): tDistance = 65.50, currLocation = 0.07
11-25 19:49:07.813  1698  1904 I global  :  RENO - ChassisWith4Motors.driveWithPIDControl(ChassisWith4Motors.java:482): rampUpPower = 0.35, rampDownPower = 0.88
11-25 19:49:07.814  1698  1874 D UvcStream: [stream.cpp:729] this is the UVC processTransfer() stream processing thread
11-25 19:49:07.820  1698  1904 I global  :  RENO - ChassisWith4Motors.driveWithPIDControl(ChassisWith4Motors.java:488): power = 0.35, correction = -0.00, global angle = 0.063, last angle = 0.06
11-25 19:49:07.838  1698  1904 I global  :  RENO - ChassisWith4Motors.driveWithPIDControl(ChassisWith4Motors.java:481): tDistance = 65.50, currLocation = 0.28
11-25 19:49:07.839  1698  1904 I global  :  RENO - ChassisWith4Motors.driveWithPIDControl(ChassisWith4Motors.java:482): rampUpPower = 0.36, rampDownPower = 0.88
11-25 19:49:07.847  1698  1904 I global  :  RENO - ChassisWith4Motors.driveWithPIDControl(ChassisWith4Motors.java:488): power = 0.36, correction = 0.00, global angle = 0.000, last angle = -0.00
11-25 19:49:07.869  1698  1904 I global  :  RENO - ChassisWith4Motors.driveWithPIDControl(ChassisWith4Motors.java:481): tDistance = 65.50, currLocation = 0.49
11-25 19:49:07.870  1698  1904 I global  :  RENO - ChassisWith4Motors.driveWithPIDControl(ChassisWith4Motors.java:482): rampUpPower = 0.38, rampDownPower = 0.88
11-25 19:49:07.876  1698  1904 I global  :  RENO - ChassisWith4Motors.driveWithPIDControl(ChassisWith4Motors.java:488): power = 0.38, correction = -0.00, global angle = 0.000, last angle = -0.00
11-25 19:49:07.895  1698  1904 I global  :  RENO - ChassisWith4Motors.driveWithPIDControl(ChassisWith4Motors.java:481): tDistance = 65.50, currLocation = 0.70
11-25 19:49:07.896  1698  1904 I global  :  RENO - ChassisWith4Motors.driveWithPIDControl(ChassisWith4Motors.java:482): rampUpPower = 0.39, rampDownPower = 0.88
11-25 19:49:07.901  1698  1904 I global  :  RENO - ChassisWith4Motors.driveWithPIDControl(ChassisWith4Motors.java:488): power = 0.39, correction = 0.00, global angle = 0.000, last angle = -0.00
11-25 19:49:07.919  1698  1904 I global  :  RENO - ChassisWith4Motors.driveWithPIDControl(ChassisWith4Motors.java:481): tDistance = 65.50, currLocation = 0.98
11-25 19:49:07.920  1698  1904 I global  :  RENO - ChassisWith4Motors.driveWithPIDControl(ChassisWith4Motors.java:482): rampUpPower = 0.40, rampDownPower = 0.88
11-25 19:49:07.926  1698  1904 I global  :  RENO - ChassisWith4Motors.driveWithPIDControl(ChassisWith4Motors.java:488): power = 0.40, correction = 0.00, global angle = -0.063, last angle = -0.06
