12-19 10:59:00.357 15134 15134 V NetDiscover_prefremrc: name='android.permission.ACCESS_COARSE_LOCATION' value=false
12-19 10:59:00.357 15134 15134 V NetDiscover_prefremrc: name='android.permission.WRITE_EXTERNAL_STORAGE' value=false
12-19 10:59:00.357 15134 15134 V NetDiscover_prefremrc: name='pref_connection_owner_password' value=ftc21180
12-19 10:59:00.357 15134 15134 V NetDiscover_prefremrc: name='pref_pairing_kind' value=RCWIRELESSAP
12-19 10:59:00.357 15134 15134 V NetDiscover_prefremrc: name='pref_device_name_internal' value=21180-RC
12-19 10:59:00.357 15134 15134 V NetDiscover_prefremrc: name='pref_app_theme' value=red
12-19 10:59:00.357 15134 15134 V NetDiscover_prefremrc: name='android.permission.ACCESS_FINE_LOCATION' value=false
12-19 10:59:00.358 15134 15134 V NetDiscover_prefremrc: name='pref_device_name' value=21180-RC
12-19 10:59:00.358 15134 15134 V NetDiscover_prefremrc: name='pref_warn_about_2_4_ghz_band' value=true
12-19 10:59:00.358 15134 15134 V NetDiscover_prefremrc: name='pref_device_name_tracking' value=WIFIAP
12-19 10:59:00.358 15134 15134 V NetDiscover_prefremrc: name='android.permission.READ_EXTERNAL_STORAGE' value=false
12-19 10:59:00.358 15134 15134 V NetDiscover_prefremrc: name='pref_rc_connected' value=true
12-19 10:59:00.364 15134 15134 V Robocol : SendOnceRunnable created
12-19 10:59:00.367 15134 15134 V NetDiscover_prefremrc: doStart()...
12-19 10:59:00.367 15134 15134 V NetDiscover_prefremrc: ...doStart()
12-19 10:59:00.396 15134 15134 W System  : ClassLoader referenced unknown path: /system/app/webview/lib/arm
12-19 10:59:00.398 15134 15134 D ApplicationLoaders: ignored Vulkan layer search path /system/app/webview/lib/arm:/system/app/webview/webview.apk!/lib/armeabi-v7a:/system/lib:/vendor/lib for namespace 0xec851090
12-19 10:59:00.401 15134 15134 I WebViewFactory: Loading com.android.webview version 52.0.2743.100 (code 275610050)
12-19 10:59:00.432 15134 15134 I cr_LibraryLoader: Time to load native libraries: 3 ms (timestamps 3147-3150)
12-19 10:59:00.432 15134 15134 I cr_LibraryLoader: Expected native library version number "52.0.2743.100", actual native library version number "52.0.2743.100"
12-19 10:59:00.445 15134 15134 V WebViewChromiumFactoryProvider: Binding Chromium to main looper Looper (main, tid 1) {f667674}
12-19 10:59:00.445 15134 15134 I cr_LibraryLoader: Expected native library version number "52.0.2743.100", actual native library version number "52.0.2743.100"
12-19 10:59:00.446 15134 15134 I chromium: [INFO:library_loader_hooks.cc(143)] Chromium logging enabled: level = 0, default verbosity = 0
12-19 10:59:00.464 15134 15134 I cr_BrowserStartup: Initializing chromium process, singleProcess=true
12-19 10:59:00.489 15134 15134 I mali_so : [File] : hardware/rockchip/driver/./src/base/arch/arch_011_udd/base_arch_main.c; [Line] : 565; [Func] : deal_with_version_affairs_rk_ext;
12-19 10:59:00.489 15134 15134 I mali_so : arm_release_ver of this mali_so is 'r7p0-00rel1', rk_so_ver is '1@2' for 3328h_android_7.1, built at '15:47:49', on 'Jun 28 2017'.
12-19 10:59:00.489 15134 15134 I mali_so : [File] : hardware/rockchip/driver/./src/base/arch/arch_011_udd/base_arch_main.c; [Line] : 578; [Func] : deal_with_version_affairs_rk_ext;
12-19 10:59:00.489 15134 15134 I mali_so : mali_ver_property has been set to 'r7p0-00rel1-5-1@2', to return.
12-19 10:59:00.574 15134 15134 I cr_DRP  : No DRP key due to exception:java.lang.ClassNotFoundException: com.android.webview.chromium.Drp
12-19 10:59:00.623 15134 15134 W cr_AwContents: onDetachedFromWindow called when already detached. Ignoring
12-19 10:59:00.859 15134 15134 W System  : ClassLoader referenced unknown path: 
12-19 10:59:02.431 15134 15134 V UpdateUI: Network: inactive, disconnected
12-19 10:59:02.432 15134 15134 V ServiceStarter: attempting to start service FtcRobotControllerWatchdogService
12-19 10:59:02.434 15134 15134 V ServiceStarter: started service FtcRobotControllerWatchdogService
12-19 10:59:02.455 15134 15134 I RobotCore: App info: version=8.1.1 appId=com.qualcomm.ftcrobotcontroller
12-19 10:59:02.455 15134 15134 I RobotCore: Android Device: maker=REV Robotics model=Control Hub v1.0 sdk=25 serial=caade241cd00a884
12-19 10:59:02.455 15134 15134 V AndroidBoard: REV Control Hub contains REV3328
12-19 10:59:02.455 15134 15134 V AndroidBoard: Communicating with embedded REV hub via /dev/ttyS1
12-19 10:59:02.457 15134 15134 V RCActivity: onStart()
12-19 10:59:02.461 15134 15134 V RCActivity: onResume()
12-19 10:59:02.479 15134 15134 V NetDiscover_prefremrc: onSharedPreferenceChanged(name=App Restrictions, value=AAAAAA==
12-19 10:59:02.479 15134 15134 V NetDiscover_prefremrc: )
12-19 10:59:02.490 15134 15134 V FtcRobotControllerWatchdogService: onCreate()
12-19 10:59:02.491 15134 15134 V FtcRobotControllerWatchdogService: onStartCommand() intent=Intent { cmp=com.qualcomm.ftcrobotcontroller/org.firstinspires.ftc.ftccommon.internal.FtcRobotControllerWatchdogService } flags=0x0 startId=1
12-19 10:59:02.491 15134 15134 V FtcRobotControllerWatchdogService: shouldAutoLauchRobotController() result=true
12-19 10:59:02.494 15134 15134 V FTCService: onCreate()
12-19 10:59:02.527 15134 15134 W art     : Before Android 4.1, method double java.util.concurrent.ThreadLocalRandom.internalNextDouble(double, double) would have incorrectly overridden the package-private method in java.util.Random
12-19 10:59:02.528 15134 15134 W art     : Before Android 4.1, method int java.util.concurrent.ThreadLocalRandom.internalNextInt(int, int) would have incorrectly overridden the package-private method in java.util.Random
12-19 10:59:02.528 15134 15134 W art     : Before Android 4.1, method long java.util.concurrent.ThreadLocalRandom.internalNextLong(long, long) would have incorrectly overridden the package-private method in java.util.Random
12-19 10:59:02.564 15134 15134 V FTCService: onBind()
12-19 10:59:02.593 15134 15134 V CoreRobotWebServer: creating NanoHTTPD(8080)
12-19 10:59:02.599 15134 15134 V WebSocketManager: Registered broadcast-only namespace progress
12-19 10:59:02.605 15134 15134 V WebSocketManager: Registered handler for namespace ControlHubUpdater
12-19 10:59:02.606 15134 15134 V RobotCore: Getting network assistant of type: RCWIRELESSAP
12-19 10:59:02.608 15134 15134 I RobotControllerAccessPointAssistant: Enabling network services
12-19 10:59:02.610 15134 15134 I RobotControllerAccessPointAssistant: Sending SSID and password to AP service
12-19 10:59:02.611 15134 15134 I RobotCore: ftc21180
12-19 10:59:02.612 15134 15134 D RobotControllerAccessPointAssistant: setNetworkProperties(deviceName=21180-RC, password=ftc21180, ApChannel=null) sendSettingsIndividually=false
12-19 10:59:02.612 15134 15134 I NetDiscover_ControlHubNameManager: Robot controller name: 21180-RC
12-19 10:59:02.612 15134 15134 I ControlHubPasswordManager: Robot controller password: ftc21180
12-19 10:59:02.612 15134 15134 D RobotControllerAccessPointAssistant: Sending bulk settings broadcast intent
12-19 10:59:02.670 15134 15213 I OpenGLRenderer: Initialized EGL, version 1.4
12-19 10:59:02.670 15134 15213 D OpenGLRenderer: Swap behavior 1
12-19 10:59:02.676 15134 15134 I RobotControllerAccessPointAssistant: Wi-Fi state change:, wifiApState: 13
12-19 10:59:02.676 15134 15134 I FTCService: onNetworkConnectionEvent: CONNECTION_INFO_AVAILABLE
12-19 10:59:02.677 15134 15134 I RobotCore: ftc21180
12-19 10:59:02.677 15134 15134 I FTCService: Network Connection Passphrase: ftc21180
12-19 10:59:02.677 15134 15134 V CoreRobotWebServer: starting port=8080
12-19 10:59:02.689 15134 15134 V RobotCore: Getting network assistant of type: RCWIRELESSAP
12-19 10:59:02.690 15134 15134 V CoreRobotWebServer: started port=8080
12-19 10:59:02.691 15134 15134 V FTCService: RCActivity.controllerService=bound
12-19 10:59:02.692 15134 15134 V UpdateUI: Network: active, disconnected
12-19 10:59:02.693 15134 15134 V RobotCore: Robot Status: stopped
12-19 10:59:02.700 15134 15219 V TooTallWebSocketServer: Started WebSocket server on port 8081
12-19 10:59:02.706 15134 15222 V RobotCore: thread: 'RobotSetupRunnable.run()' starting...
12-19 10:59:02.706 15134 15222 V FTCService: Processing robot setup
12-19 10:59:02.708 15134 15222 V RobotCore: Robot Status: stopped, scanning for USB devices
12-19 10:59:02.708 15134 15222 I AppAliveNotifier: Telling the OS to set the RC alive notification timeout to 10 seconds
12-19 10:59:02.733 15134 15134 V WebSocketManager: Registered handler for namespace ONBOTJAVA
12-19 10:59:02.743 15134 15213 I [Gralloc]:  ion device open success! fd = 91
12-19 10:59:02.826 15134 15134 V AppUtil : rootActivity=PermissionValidatorWrapper destroyed
12-19 10:59:02.827 15134 15134 V AppUtil : rootActivity=FtcRobotControllerActivity
12-19 10:59:02.827 15134 15134 I PermissionValidatorActivity: Lifecycle onDestroy : 6d5214a
12-19 10:59:02.897 15134 15221 V FtcWebSocket: Opening websocket (ip=192.168.43.107/192.168.43.107 port=8081)
12-19 10:59:02.907 15134 15221 V WebSocketManager: Subscribed websocket (ip=192.168.43.107/192.168.43.107 port=8081) to namespace (progress)
12-19 10:59:02.909 15134 15221 V WebSocketManager: Subscribed websocket (ip=192.168.43.107/192.168.43.107 port=8081) to namespace (ControlHubUpdater)
12-19 10:59:02.920 15134 15221 V FtcWebSocket: Opening websocket (ip=192.168.43.107/192.168.43.107 port=8081)
12-19 10:59:02.926 15134 15221 V WebSocketManager: Subscribed websocket (ip=192.168.43.107/192.168.43.107 port=8081) to namespace (progress)
12-19 10:59:02.927 15134 15221 V WebSocketManager: Subscribed websocket (ip=192.168.43.107/192.168.43.107 port=8081) to namespace (ControlHubUpdater)
12-19 10:59:02.943 15134 15221 V FtcWebSocket: Opening websocket (ip=192.168.43.107/192.168.43.107 port=8081)
12-19 10:59:02.947 15134 15221 V WebSocketManager: Subscribed websocket (ip=192.168.43.107/192.168.43.107 port=8081) to namespace (progress)
12-19 10:59:02.950 15134 15221 V WebSocketManager: Subscribed websocket (ip=192.168.43.107/192.168.43.107 port=8081) to namespace (ControlHubUpdater)
12-19 10:59:02.965 15134 15221 V FtcWebSocket: Opening websocket (ip=192.168.43.107/192.168.43.107 port=8081)
12-19 10:59:02.970 15134 15221 V WebSocketManager: Subscribed websocket (ip=192.168.43.107/192.168.43.107 port=8081) to namespace (progress)
12-19 10:59:02.971 15134 15221 V WebSocketManager: Subscribed websocket (ip=192.168.43.107/192.168.43.107 port=8081) to namespace (ControlHubUpdater)
12-19 10:59:02.989 15134 15221 V FtcWebSocket: Opening websocket (ip=192.168.43.107/192.168.43.107 port=8081)
12-19 10:59:02.993 15134 15221 V WebSocketManager: Subscribed websocket (ip=192.168.43.107/192.168.43.107 port=8081) to namespace (progress)
12-19 10:59:02.994 15134 15221 V WebSocketManager: Subscribed websocket (ip=192.168.43.107/192.168.43.107 port=8081) to namespace (ControlHubUpdater)
12-19 10:59:03.657 15134 15221 V FtcWebSocket: Opening websocket (ip=192.168.43.107/192.168.43.107 port=8081)
12-19 10:59:03.661 15134 15221 V WebSocketManager: Subscribed websocket (ip=192.168.43.107/192.168.43.107 port=8081) to namespace (progress)
12-19 10:59:03.662 15134 15221 V WebSocketManager: Subscribed websocket (ip=192.168.43.107/192.168.43.107 port=8081) to namespace (ControlHubUpdater)
12-19 10:59:04.046 15134 15235 I RobotCore: ftc21180
12-19 10:59:04.132 15134 15235 V ProgrammingModeManager: serve uri=/css/colors.less
12-19 10:59:04.413 15134 15239 I RobotCore: ftc21180
12-19 10:59:04.519 15134 15235 V ProgrammingModeManager: serve uri=/css/colors.less
12-19 10:59:06.341 15134 15235 I RobotCore: ftc21180
12-19 10:59:07.718 15134 15222 V RobotCore: EventLoopManager state is NOT_STARTED
12-19 10:59:07.718 15134 15222 V FTCService: Waiting for a connection to a Wi-Fi service
12-19 10:59:07.719 15134 15222 V RobotCore: Robot Status: stopped, waiting for network to become active
12-19 10:59:07.721 15134 15222 I RobotControllerAccessPointAssistant: Wi-Fi AP is enabled
12-19 10:59:07.721 15134 15222 V CoreRobotWebServer: Asked an already running WebServer to start
12-19 10:59:07.721 15134 15222 V RobotCore: Robot Status: stopped, starting robot
12-19 10:59:07.721 15134 15222 V Robocol : EventLoopManager.start()
12-19 10:59:07.721 15134 15222 V RobotCore: Getting network assistant of type: RCWIRELESSAP
12-19 10:59:07.722 15134 15222 I RobotControllerAccessPointAssistant: Wi-Fi AP is enabled
12-19 10:59:07.722 15134 15222 V Robocol : Spoofing a Network Connection event...
12-19 10:59:07.722 15134 15222 I EventLoopManager: onNetworkConnectionEvent: CONNECTION_INFO_AVAILABLE
12-19 10:59:07.723 15134 15222 I Robocol : Received network connection event
12-19 10:59:07.724 15134 15222 I RobotControllerAccessPointAssistant: Wi-Fi AP is enabled
12-19 10:59:07.724 15134 15222 I NetworkConnectionHandler: Handling new network connection infomation, connected: true setup needed: true
12-19 10:59:07.725 15134 15222 I RobotControllerAccessPointAssistant: Wi-Fi AP is enabled
12-19 10:59:10.743 15134 15271 V RobotCore: thread: 'SetupRunnable.run()' starting...
12-19 10:59:10.743 15134 15222 V RobotCore: EventLoopManager state is STOPPED
12-19 10:59:10.747 15134 15222 V Robocol : eventLoop=FtcEventLoop
12-19 10:59:10.747 15134 15222 V RobotCore: EventLoopManager state is INIT
12-19 10:59:10.749 15134 15222 V RobotCore: Robot Status: initializing, starting robot
12-19 10:59:10.749 15134 15222 I FtcEventLoop: ======= INIT START =======
12-19 10:59:10.750 15134 15222 V OpmodeRegistration: registered {DefaultOpMode} as {$Stop$Robot$}
12-19 10:59:10.755 15134 15271 D Robocol : RobocolDatagramSocket listening addr=/192.168.43.1:20884 cbRec=65520 cbSend=106496 msRecTO=300
12-19 10:59:10.757 15134 15271 V Robocol : RecvLoopRunnable created
12-19 10:59:10.762 15134 15272 V Robocol : PacketProcessor started
12-19 10:59:10.768 15134 15274 V RobotCore: thread: 'RecvLoopRunnable.run()' starting...
12-19 10:59:10.769 15134 15273 V Robocol : CommandProcessor started
12-19 10:59:10.772 15134 15271 V PeerDiscovery: Starting peer discovery remote: /192.168.43.1 local: /192.168.43.1
12-19 10:59:10.773 15134 15271 V PeerDiscovery: No need for initiating peer discovery, we are the Robot Controller
12-19 10:59:10.773 15134 15271 V RobotCore: Setup complete
12-19 10:59:10.773 15134 15271 V RobotCore: thread: ...terminating 'SetupRunnable.run()'
12-19 10:59:11.030 15134 15222 V MD5     : Calculated digest: 9d9a9ed11665dc92c91c475aad54ef94
12-19 10:59:11.030 15134 15222 V MD5     : Provided digest: 9d9a9ed11665dc92c91c475aad54ef94
12-19 10:59:11.071 15134 15274 E Robocol : exception SocketTimeoutException(Receive timed out): no packet received [java.net.PlainDatagramSocketImpl.receive0(Native Method)]
12-19 10:59:11.082 15134 15272 D RobotCore: system telemetry: key=$System$None$ msg=""
12-19 10:59:11.083 15134 15272 V PeerDiscovery: new remote peer discovered: 192.168.43.230
12-19 10:59:11.083 15134 15272 V NetworkConnectionHandler: starting sending loop
12-19 10:59:11.084 15134 15275 V Robocol : sending CMD_NOTIFY_ROBOT_STATE(9), attempt: 0
12-19 10:59:11.085 15134 15275 V Robocol : sending CMD_NOTIFY_ROBOT_STATE(10), attempt: 0
12-19 10:59:11.086 15134 15275 V Robocol : sending CMD_NOTIFY_ROBOT_STATE(11), attempt: 0
12-19 10:59:11.101 15134 15272 V UpdateUI: Network: active, connected
12-19 10:59:11.101 15134 15272 D FTCService: Sending user device types and preferences to driver station
12-19 10:59:11.169 15134 15278 V SoundInfo: construct(0x037b59ee)
12-19 10:59:11.181 15134 15277 E WVMExtractor: Failed to open libwvm.so: dlopen failed: library "libwvm.so" not found
12-19 10:59:11.182 15134 15272 V NetDiscover_prefremrc: sendAllPreferences()
12-19 10:59:11.182 15134 15272 V NetDiscover_prefremrc: sending RC pref name=pref_wifip2p_remote_channel_change_works value=false
12-19 10:59:11.187 15134 15272 V NetDiscover_prefremrc: sending RC pref name=pref_device_name value=21180-RC
12-19 10:59:11.187 15134 15272 V NetDiscover_prefremrc: sending RC pref name=pref_warn_about_incorrect_clocks value=true
12-19 10:59:11.188 15134 15272 V NetDiscover_prefremrc: sending RC pref name=pref_warn_about_obsolete_software value=true
12-19 10:59:11.189 15134 15272 V NetDiscover_prefremrc: sending RC pref name=pref_has_speaker value=false
12-19 10:59:11.189 15134 15272 V NetDiscover_prefremrc: sending RC pref name=pref_warn_about_2_4_ghz_band value=true
12-19 10:59:11.190 15134 15272 V NetDiscover_prefremrc: sending RC pref name=pref_has_independent_phone_battery value=false
12-19 10:59:11.191 15134 15272 V NetDiscover_prefremrc: sending RC pref name=pref_app_theme value=red
12-19 10:59:11.191 15134 15272 V NetDiscover_prefremrc: sending RC pref name=pref_warn_about_mismatched_app_versions value=true
12-19 10:59:11.192 15134 15272 V NetDiscover_prefremrc: sending RC pref name=pref_sound_on_off value=false
12-19 10:59:11.192 15134 15272 V NetworkConnectionHandler: Peer connection established
12-19 10:59:11.196 15134 15272 V Robocol : packet processing took 113.4ms: type=PEER_DISCOVERY
12-19 10:59:11.203 15134 15277 I MediaCodec: callingProcessName:com.qualcomm.ftcrobotcontroller
12-19 10:59:11.204 15134 15275 V Robocol : sending CMD_NOTIFY_USER_DEVICE_LIST(15), attempt: 0
12-19 10:59:11.206 15134 15275 V Robocol : sending CMD_ROBOT_CONTROLLER_PREFERENCE(16), attempt: 0
12-19 10:59:11.207 15134 15275 V Robocol : sending CMD_ROBOT_CONTROLLER_PREFERENCE(17), attempt: 0
12-19 10:59:11.208 15134 15284 I ACodec  : onAllocateComponent:6752 mSoftCodecPref:0 componentName:
12-19 10:59:11.208 15134 15275 V Robocol : sending CMD_ROBOT_CONTROLLER_PREFERENCE(18), attempt: 0
12-19 10:59:11.209 15134 15275 V Robocol : sending CMD_ROBOT_CONTROLLER_PREFERENCE(19), attempt: 0
12-19 10:59:11.209 15134 15284 I ACodec  : onAllocateComponent:6783 mSoftCodecPref:0 componentName:OMX.google.raw.decoder
12-19 10:59:11.209 15134 15275 V Robocol : sending CMD_ROBOT_CONTROLLER_PREFERENCE(20), attempt: 0
12-19 10:59:11.210 15134 15275 V Robocol : sending CMD_ROBOT_CONTROLLER_PREFERENCE(21), attempt: 0
12-19 10:59:11.211 15134 15275 V Robocol : sending CMD_ROBOT_CONTROLLER_PREFERENCE(22), attempt: 0
12-19 10:59:11.212 15134 15275 V Robocol : sending CMD_ROBOT_CONTROLLER_PREFERENCE(23), attempt: 0
12-19 10:59:11.213 15134 15275 V Robocol : sending CMD_ROBOT_CONTROLLER_PREFERENCE(24), attempt: 0
12-19 10:59:11.214 15134 15275 V Robocol : sending CMD_ROBOT_CONTROLLER_PREFERENCE(25), attempt: 0
12-19 10:59:11.232 15134 15274 V EventLoopManager: Setting authoritative wall clock based on connected DS.
12-19 10:59:11.233 15134 15274 D Uvc     : [time.cpp:64] Java_org_firstinspires_ftc_robotcore_internal_system_AppUtil_nativeSetCurrentTimeMillis()...
12-19 10:59:11.223 15134 15274 I JniTime : [time.cpp:83] settimeofday() succeeded
12-19 10:59:11.223 15134 15274 D Uvc     : [time.cpp:64] ...Java_org_firstinspires_ftc_robotcore_internal_system_AppUtil_nativeSetCurrentTimeMillis()
12-19 10:59:11.225 15134 15274 V AppUtil : attempted to set timezone: before=America/Chicago after=America/Chicago
12-19 10:59:11.228 15134 15272 V Robocol : received command: CMD_REQUEST_ACTIVE_CONFIG(10001) 
12-19 10:59:11.231 15134 15272 V Robocol : received command: CMD_REQUEST_USER_DEVICE_TYPES(10002) 
12-19 10:59:11.235 15134 15272 V Robocol : received command: CMD_REQUEST_OP_MODE_LIST(10003) 
12-19 10:59:11.236 15134 15272 V Robocol : received command: CMD_ROBOT_CONTROLLER_PREFERENCE(10004) {"booleanValue":true,"prefName":"pref_ds_supports_5_ghz"}
12-19 10:59:11.238 15134 15272 V Robocol : received command: CMD_ROBOT_CONTROLLER_PREFERENCE(10005) {"intValue":21,"prefName":"pref_dh_os_version_code"}
12-19 10:59:11.243 15134 15190 D SoundPlayer: onLoadComplete(samp=1|ms=757, samp=1)=0
12-19 10:59:11.245 15134 15278 W AudioTrack: AUDIO_OUTPUT_FLAG_FAST denied by client; transfer 4, track 48000 Hz, output 44100 Hz
12-19 10:59:11.251 15134 15278 D SoundPlayer: playing volume=0.000000 samp=1|ms=757
12-19 10:59:11.274 15134 15275 V Robocol : sending CMD_PLAY_SOUND(40), attempt: 0
12-19 10:59:11.313 15134 15275 V Robocol : sending CMD_NOTIFY_ROBOT_STATE(9), attempt: 1
12-19 10:59:11.314 15134 15275 V Robocol : sending CMD_NOTIFY_ROBOT_STATE(10), attempt: 1
12-19 10:59:11.315 15134 15275 V Robocol : sending CMD_NOTIFY_ROBOT_STATE(11), attempt: 1
12-19 10:59:11.743 15134 15222 V OpmodeRegistration: registered {AutonomousLeft} as {Autonomous_Left}
12-19 10:59:11.743 15134 15222 V OpmodeRegistration: registered {AutonomousRight} as {Autonomous_Right}
12-19 10:59:11.744 15134 15222 V OpmodeRegistration: registered {TeleopDualDrivers} as {Teleop_DualDrivers}
12-19 10:59:11.745 15134 15222 V OpmodeRegistration: registered {AutonomousTest} as {Autonomous_Test}
12-19 10:59:11.753 15134 15275 V Robocol : sending CMD_NOTIFY_ACTIVE_CONFIGURATION(52), attempt: 0
12-19 10:59:11.768 15134 15222 V FtcEventLoop: Ensuring that the embedded Control Hub module is set up correctly
12-19 10:59:11.773 15134 15222 V RobotCore: Creating REV Robotics USB Expansion Hub Portal [(embedded)]
12-19 10:59:11.774 15134 15222 V LynxUsb : creating new [(embedded)]: 0x0ab4b238
12-19 10:59:11.778 15134 15222 V FtDeviceManager: createDeviceInfoList(): 0 USB devices
12-19 10:59:11.778 15134 15222 V RobotUsbManagerCombining: FTDI driver failed to open USB device with serial number (embedded) (returned null device)
12-19 10:59:11.780 15134 15222 V SerialPortNative: [SerialPort.cpp:150] opened(/dev/ttyS1): fd=103
12-19 10:59:11.776 15134 15134 I pRunnable.run(): type=1400 audit(0.0:656): avc: denied { read } for name="ttyS1" dev="tmpfs" ino=8268 scontext=u:r:untrusted_app:s0:c512,c768 tcontext=u:object_r:serial_device:s0 tclass=chr_file permissive=1
12-19 10:59:11.781 15134 15222 V RobotUsbDeviceTTY: opening serial=(embedded) file=/dev/ttyS1
12-19 10:59:11.776 15134 15134 I pRunnable.run(): type=1400 audit(0.0:657): avc: denied { write } for name="ttyS1" dev="tmpfs" ino=8268 scontext=u:r:untrusted_app:s0:c512,c768 tcontext=u:object_r:serial_device:s0 tclass=chr_file permissive=1
12-19 10:59:11.781 15134 15222 V LynxUsb : armDevice() serial=(embedded)...
12-19 10:59:11.776 15134 15134 I pRunnable.run(): type=1400 audit(0.0:658): avc: denied { open } for path="/dev/ttyS1" dev="tmpfs" ino=8268 scontext=u:r:untrusted_app:s0:c512,c768 tcontext=u:object_r:serial_device:s0 tclass=chr_file permissive=1
12-19 10:59:11.781 15134 15222 V LynxUsb : resetDevice() serial=(embedded)
12-19 10:59:11.783 15134 15222 V LynxModule: resetting embedded usb device: isPresent: was=true
12-19 10:59:11.776 15134 15134 I pRunnable.run(): type=1400 audit(0.0:659): avc: denied { ioctl } for path="/dev/ttyS1" dev="tmpfs" ino=8268 ioctlcmd=5401 scontext=u:r:untrusted_app:s0:c512,c768 tcontext=u:object_r:serial_device:s0 tclass=chr_file permissive=1
12-19 10:59:11.779 15134 15134 I pRunnable.run(): type=1400 audit(0.0:660): avc: denied { read } for name="value" dev="sysfs" ino=13327 scontext=u:r:untrusted_app:s0:c512,c768 tcontext=u:object_r:sysfs:s0 tclass=file permissive=1
12-19 10:59:11.779 15134 15134 I pRunnable.run(): type=1400 audit(0.0:661): avc: denied { open } for path="/sys/devices/pinctrl.26/gpio/gpio50/value" dev="sysfs" ino=13327 scontext=u:r:untrusted_app:s0:c512,c768 tcontext=u:object_r:sysfs:s0 tclass=file permissive=1
12-19 10:59:11.779 15134 15134 I pRunnable.run(): type=1400 audit(0.0:662): avc: denied { getattr } for path="/sys/devices/pinctrl.26/gpio/gpio50/value" dev="sysfs" ino=13327 scontext=u:r:untrusted_app:s0:c512,c768 tcontext=u:object_r:sysfs:s0 tclass=file permissive=1
12-19 10:59:11.793 15134 15275 V Robocol : sending CMD_NOTIFY_USER_DEVICE_LIST(53), attempt: 0
12-19 10:59:11.795 15134 15275 V Robocol : sending CMD_NOTIFY_OP_MODE_LIST(54), attempt: 0
12-19 10:59:12.141 15134 15222 V LynxUsb : ...done armDevice()
12-19 10:59:12.141 15134 15222 V LynxUsb : 0x00ff4977 on 0x0ab4b238: new delegate to [(embedded)]
12-19 10:59:12.142 15134 15293 V RobotCore: thread: 'lynx incoming datagrams' starting...
12-19 10:59:12.150 15134 15222 V LynxUsb : addConfiguredModule() module#=173
12-19 10:59:12.151 15134 15222 V LynxModule: pingAndQueryKnownInterfaces mod=173
12-19 10:59:12.153 15134 15293 V LynxUsb : synchronization gained: serial=(embedded)
12-19 10:59:12.174 15134 15222 V LynxModule: mod#=173 queryInterface(DEKA)=54 commands starting at 4096
12-19 10:59:12.189 15134 15222 V LynxModule: sending LynxFtdiResetControlCommand(true) wasInterrupted=false
12-19 10:59:12.195 15134 15222 V LynxModule: sendLEDPatternSteps(): steps=[Step(color=65280, msDuration=1000)]
12-19 10:59:12.200 15134 15222 V LynxModule: setAsControlHubEmbeddedModule(mod=173)
12-19 10:59:12.200 15134 15222 V EmbeddedControlHubModule: setting embedded module
12-19 10:59:12.200 15134 15222 V LynxModule: sending LynxFtdiResetControlCommand(false) wasInterrupted=false
12-19 10:59:12.203 15134 15222 V LynxModule: close(#173)
12-19 10:59:12.205 15134 15222 V LynxUsb : Verified that the embedded Control Hub module has the correct address
12-19 10:59:12.206 15134 15222 V LynxUsb : addConfiguredModule() module#=173
12-19 10:59:12.206 15134 15222 V LynxModule: pingAndQueryKnownInterfaces mod=173
12-19 10:59:12.221 15134 15222 V LynxModule: mod#=173 queryInterface(DEKA)=54 commands starting at 4096
12-19 10:59:12.232 15134 15222 V LynxModule: sending LynxFtdiResetControlCommand(true) wasInterrupted=false
12-19 10:59:12.237 15134 15222 V LynxModule: sendLEDPatternSteps(): steps=[Step(color=65280, msDuration=1000)]
12-19 10:59:12.241 15134 15222 V LynxModule: setAsControlHubEmbeddedModule(mod=173)
12-19 10:59:12.241 15134 15222 V EmbeddedControlHubModule: setting embedded module
12-19 10:59:12.241 15134 15222 I RobotCore: LynxFirmwareVersionManager: LynxI2cDeviceSynchV2
12-19 10:59:12.242 15134 15222 V LynxI2cDeviceSynch: initializeHardware() mod#=173
12-19 10:59:12.243 15134 15222 V BHI260IMU: Suppressing I2C warnings while we check for a BHI260AP IMU
12-19 10:59:12.247 15134 15222 V BHI260IMU: No BHI260AP IMU found
12-19 10:59:12.249 15134 15222 V BNO055  : Suppressing I2C warnings while we check for a BNO055 IMU
12-19 10:59:12.253 15134 15222 V BNO055  : Found BNO055 IMU
12-19 10:59:12.254 15134 15222 V LynxModule: sending LynxFtdiResetControlCommand(false) wasInterrupted=false
12-19 10:59:12.256 15134 15222 V LynxModule: close(#173)
12-19 10:59:12.257 15134 15222 V HardwareFactory: createHardwareMap()
12-19 10:59:12.258 15134 15222 V EmbeddedControlHubModule: clearing embedded module
12-19 10:59:12.271 15134 15222 V ReadXMLFileHandler: embedded lynx USB device is already present
12-19 10:59:12.272 15134 15222 V RobotCore: Creating REV Robotics USB Expansion Hub Portal [(embedded)]
12-19 10:59:12.272 15134 15222 V LynxUsb : using existing [(embedded)]: 0x0ab4b238
12-19 10:59:12.272 15134 15222 V LynxUsb : 0x07008b04 on 0x0ab4b238: new delegate to [(embedded)]
12-19 10:59:12.273 15134 15222 V RobotCore: Creating Lynx Module - mod=173 parent=true
12-19 10:59:12.275 15134 15222 V RobotCore: Creating Lynx Module - mod=2 parent=false
12-19 10:59:12.276 15134 15222 V LynxUsb : addConfiguredModule() module#=173
12-19 10:59:12.276 15134 15222 V LynxModule: pingAndQueryKnownInterfaces mod=173
12-19 10:59:12.288 15134 15222 V LynxModule: mod#=173 queryInterface(DEKA)=54 commands starting at 4096
12-19 10:59:12.298 15134 15222 V LynxModule: sending LynxFtdiResetControlCommand(true) wasInterrupted=false
12-19 10:59:12.302 15134 15222 V LynxModule: sendLEDPatternSteps(): steps=[Step(color=65280, msDuration=1000)]
12-19 10:59:12.305 15134 15296 V LynxModule: received status: LynxGetModuleStatusResponse(status=0x02 alerts=0x00: Reset)
12-19 10:59:12.307 15134 15296 W HubPowerCycle: Expansion Hub 173 regained power after a complete power loss. No user Op Mode was running.
12-19 10:59:12.307 15134 15296 V LynxModule: resendCurrentPattern()
12-19 10:59:12.307 15134 15296 V LynxModule: sendLEDPatternSteps(): steps=[Step(color=65280, msDuration=1000)]
12-19 10:59:12.309 15134 15222 V LynxModule: setAsControlHubEmbeddedModule(mod=173)
12-19 10:59:12.309 15134 15222 V EmbeddedControlHubModule: setting embedded module
12-19 10:59:12.309 15134 15222 V LynxUsb : addConfiguredModule() module#=2
12-19 10:59:12.310 15134 15222 V LynxModule: pingAndQueryKnownInterfaces mod=2
12-19 10:59:12.326 15134 15222 V LynxModule: mod#=2 queryInterface(DEKA)=54 commands starting at 4096
12-19 10:59:12.335 15134 15222 V LynxModule: sending LynxFtdiResetControlCommand(true) wasInterrupted=false
12-19 10:59:12.342 15134 15222 V LynxModule: sendLEDPatternSteps(): steps=[Step(color=65280, msDuration=4500), Step(color=0, msDuration=500), Step(color=255, msDuration=500), Step(color=0, msDuration=500), Step(color=255, msDuration=500), Step(color=0, msDuration=500)]
12-19 10:59:12.344 15134 15297 V LynxModule: received status: LynxGetModuleStatusResponse(status=0x05 alerts=0x00: KeepAliveTimeout|FailSafe)
12-19 10:59:12.344 15134 15297 V LynxModule: resendCurrentPattern()
12-19 10:59:12.345 15134 15297 V LynxModule: sendLEDPatternSteps(): steps=[Step(color=65280, msDuration=4500), Step(color=0, msDuration=500), Step(color=255, msDuration=500), Step(color=0, msDuration=500), Step(color=255, msDuration=500), Step(color=0, msDuration=500)]
12-19 10:59:12.354 15134 15222 V LynxMotor: initializeHardware() mod#=173
12-19 10:59:12.403 15134 15222 V RobotCore: DcMotorImpl(type=goBILDA5202SeriesMotor)
12-19 10:59:12.404 15134 15222 V RobotCore: DcMotorImpl(type=goBILDA5202SeriesMotor)
12-19 10:59:12.404 15134 15222 V RobotCore: DcMotorImpl(type=goBILDA5202SeriesMotor)
12-19 10:59:12.404 15134 15222 V RobotCore: DcMotorImpl(type=goBILDA5202SeriesMotor)
12-19 10:59:12.405 15134 15222 V LynxServoController: initializeHardware() mod#=173
12-19 10:59:12.433 15134 15222 V LynxVoltageSensor: initializeHardware() mod#=173
12-19 10:59:12.434 15134 15222 V LynxAnalogInputController: initializeHardware() mod#=173
12-19 10:59:12.436 15134 15222 V LynxDigitalChannelController: initializeHardware() mod#=173
12-19 10:59:12.452 15134 15222 V RobotCore: Creating user sensor REV internal IMU (BNO055) - on Lynx module=173 bus=0
12-19 10:59:12.453 15134 15222 I RobotCore: LynxFirmwareVersionManager: LynxI2cDeviceSynchV2
12-19 10:59:12.453 15134 15222 V LynxI2cDeviceSynch: initializeHardware() mod#=173
12-19 10:59:12.455 15134 15222 V BNO055  : Suppressing I2C warnings while we check for a BNO055 IMU
12-19 10:59:12.460 15134 15222 V BNO055  : Found BNO055 IMU
12-19 10:59:12.460 15134 15222 V BNO055  : Suppressing I2C warnings while we check for a BNO055 IMU
12-19 10:59:12.464 15134 15222 V BNO055  : Found BNO055 IMU
12-19 10:59:12.643 15134 15222 I RobotCore: LynxFirmwareVersionManager: LynxI2cDeviceSynchV2
12-19 10:59:12.645 15134 15222 V LynxI2cDeviceSynch: initializeHardware() mod#=173
12-19 10:59:12.647 15134 15222 V RobotCore: Creating user sensor REV 2M Distance Sensor - on Lynx module=173 bus=1
12-19 10:59:12.648 15134 15222 I RobotCore: LynxFirmwareVersionManager: LynxI2cDeviceSynchV2
12-19 10:59:12.649 15134 15222 V LynxI2cDeviceSynch: initializeHardware() mod#=173
12-19 10:59:12.651 15134 15222 V RobotCore: Creating user sensor REV Color Sensor V3 - on Lynx module=173 bus=2
12-19 10:59:12.652 15134 15222 I RobotCore: LynxFirmwareVersionManager: LynxI2cDeviceSynchV2
12-19 10:59:12.652 15134 15222 V LynxI2cDeviceSynch: initializeHardware() mod#=173
12-19 10:59:12.656 15134 15222 I I2C     : Automatically initializing I2C device RevColorSensorV3 (USB (embedded); module 173; bus 2; addr7=0x00)
12-19 10:59:12.656 15134 15222 V BroadcomColorSensorImpl: internalInitialize()...
12-19 10:59:12.671 15134 15222 V BroadcomColorSensorImpl: state: 07 37 20 1d 42 01 c2 
12-19 10:59:12.671 15134 15222 V BroadcomColorSensorImpl: setGain(0x01)
12-19 10:59:12.677 15134 15222 V BroadcomColorSensorImpl: setLEDParameters(0x37)
12-19 10:59:12.683 15134 15222 V BroadcomColorSensorImpl: setProximityPulseCount(0x20)
12-19 10:59:12.690 15134 15222 V BroadcomColorSensorImpl: setPSMeasRate(0x1d)
12-19 10:59:12.697 15134 15222 V BroadcomColorSensorImpl: setLSMeasRate(0x42)
12-19 10:59:12.706 15134 15222 V BroadcomColorSensorImpl: enable() enabled=0x07...
12-19 10:59:12.716 15134 15222 V BroadcomColorSensorImpl: ...enable() enabled=0x07
12-19 10:59:12.722 15134 15222 V BroadcomColorSensorImpl: state: 07 37 20 1d 42 01 c2 
12-19 10:59:12.722 15134 15222 V BroadcomColorSensorImpl: ...internalInitialize()
12-19 10:59:12.725 15134 15222 V LynxMotor: initializeHardware() mod#=2
12-19 10:59:12.791 15134 15222 V RobotCore: DcMotorImpl(type=goBILDA5202SeriesMotor)
12-19 10:59:12.792 15134 15222 V RobotCore: DcMotorImpl(type=goBILDA5202SeriesMotor)
12-19 10:59:12.792 15134 15222 V LynxServoController: initializeHardware() mod#=2
12-19 10:59:12.825 15134 15222 V LynxVoltageSensor: initializeHardware() mod#=2
12-19 10:59:12.825 15134 15222 V LynxAnalogInputController: initializeHardware() mod#=2
12-19 10:59:12.826 15134 15222 V LynxDigitalChannelController: initializeHardware() mod#=2
12-19 10:59:12.849 15134 15222 V RobotCore: Creating Webcam [D5386480]
12-19 10:59:12.849 15134 15134 I pRunnable.run(): type=1400 audit(0.0:664): avc: denied { read } for name="devices" dev="sysfs" ino=7258 scontext=u:r:untrusted_app:s0:c512,c768 tcontext=u:object_r:sysfs:s0 tclass=dir permissive=1
12-19 10:59:12.850 15134 15222 V CameraManager: construct(hash=0x0e853a82|inst#=0)
12-19 10:59:12.851 15134 15222 D libusb  : [ 0.000232] [00003b76] libusb: debug [op_init] sysfs(/sys/bus/usb/devices) available
12-19 10:59:12.851 15134 15222 D libusb  : [ 0.000325] [00003b76] libusb: debug [op_init] sysfs can relate devices
12-19 10:59:12.849 15134 15134 I pRunnable.run(): type=1400 audit(0.0:665): avc: denied { open } for path="/sys/bus/usb/devices" dev="sysfs" ino=7258 scontext=u:r:untrusted_app:s0:c512,c768 tcontext=u:object_r:sysfs:s0 tclass=dir permissive=1
12-19 10:59:12.851 15134 15222 D libusb  : [ 0.000360] [00003b76] libusb: debug [op_init] sysfs has complete descriptors
12-19 10:59:12.851 15134 15222 D libusb  : [ 0.000396] [00003b76] libusb: debug [op_init] sysfs has serial numbers
12-19 10:59:12.853 15134 15222 V UvcContext: construct(pointer=0xc8e58de0|inst#=0)
12-19 10:59:12.861 15134 15222 I RobotCore: ========= Device Information ===================================================
12-19 10:59:12.861 15134 15222 I RobotCore: Type                                               Name                           Connection
12-19 10:59:12.862 15134 15222 I RobotCore: Motor                                              LeftSlider                     USB (embedded); module 2; port 1
12-19 10:59:12.862 15134 15222 I RobotCore: Motor                                              RightSlider                    USB (embedded); module 2; port 0
12-19 10:59:12.863 15134 15222 I RobotCore: REV 2M ToF Distance Sensor                         fcds                           USB (embedded); module 173; bus 1; addr7=0x29
12-19 10:59:12.864 15134 15222 I RobotCore: Rev Color Sensor v3                                cs                             USB (embedded); module 173; bus 2; addr7=0x52
12-19 10:59:12.865 15134 15222 I RobotCore: REV Robotics USB Expansion Hub Portal              Control Hub Portal             USB (embedded)
12-19 10:59:12.865 15134 15222 I RobotCore: Motor                                              FrontLeft                      USB (embedded); module 173; port 0
12-19 10:59:12.866 15134 15222 I RobotCore: Motor                                              BackRight                      USB (embedded); module 173; port 3
12-19 10:59:12.867 15134 15222 I RobotCore: Expansion Hub DC Motor Controller                  Expansion Hub 2                USB (embedded); module 2
12-19 10:59:12.868 15134 15222 I RobotCore: Expansion Hub Servo Controller                     Expansion Hub 2                USB (embedded); module 2
12-19 10:59:12.868 15134 15222 I RobotCore: Expansion Hub Voltage Sensor                       Expansion Hub 2                USB (embedded); module 2
12-19 10:59:12.869 15134 15222 I RobotCore: Expansion Hub Analog Input Controller              Expansion Hub 2                USB (embedded); module 2
12-19 10:59:12.870 15134 15222 I RobotCore: Expansion Hub Digital Channel Controller           Expansion Hub 2                USB (embedded); module 2
12-19 10:59:12.875 15134 15222 I RobotCore: Expansion Hub (HW: 20, Maj: 1, Min: 8, Eng: 2)     Expansion Hub 2                USB (embedded); module 2
12-19 10:59:12.876 15134 15222 I RobotCore: REV internal IMU (BNO055)                          imu                            USB (embedded); module 173; bus 0; addr7=0x28
12-19 10:59:12.877 15134 15222 I RobotCore: REV internal IMU (BNO055)                          imu                            USB (embedded); module 173; bus 0; addr7=0x28
12-19 10:59:12.884 15134 15222 I RobotCore: Logitech C270 HD WEBCAM                            Webcam 1                       USB (D5386480)
12-19 10:59:12.885 15134 15222 I RobotCore: Expansion Hub DC Motor Controller                  Control Hub                    USB (embedded); module 173
12-19 10:59:12.885 15134 15222 I RobotCore: Expansion Hub Servo Controller                     Control Hub                    USB (embedded); module 173
12-19 10:59:12.886 15134 15222 I RobotCore: Expansion Hub Voltage Sensor                       Control Hub                    USB (embedded); module 173
12-19 10:59:12.886 15134 15222 I RobotCore: Expansion Hub Analog Input Controller              Control Hub                    USB (embedded); module 173
12-19 10:59:12.887 15134 15222 I RobotCore: Expansion Hub Digital Channel Controller           Control Hub                    USB (embedded); module 173
12-19 10:59:12.892 15134 15222 I RobotCore: Expansion Hub (HW: 20, Maj: 1, Min: 8, Eng: 2)     Control Hub                    USB (embedded); module 173
12-19 10:59:12.892 15134 15222 I RobotCore: Servo                                              ClawServo                      USB (embedded); module 173; port 0
12-19 10:59:12.893 15134 15222 I RobotCore: Motor                                              FrontRight                     USB (embedded); module 173; port 1
12-19 10:59:12.893 15134 15222 I RobotCore: Motor                                              BackLeft                       USB (embedded); module 173; port 2
12-19 10:59:12.894 15134 15222 I RobotCore: Servo                                              ArmServo                       USB (embedded); module 173; port 1
12-19 10:59:12.899 15134 15222 I RobotCore: LynxFirmwareVersionManager: LynxI2cDeviceSynchV2
12-19 10:59:12.900 15134 15222 V LynxI2cDeviceSynch: initializeHardware() mod#=2
12-19 10:59:12.900 15134 15222 V BNO055  : Suppressing I2C warnings while we check for a BNO055 IMU
12-19 10:59:12.907 15134 15222 V BNO055  : Found BNO055 IMU
12-19 10:59:12.910 15134 15222 I RobotCore: LynxFirmwareVersionManager: LynxI2cDeviceSynchV2
12-19 10:59:12.911 15134 15222 V LynxI2cDeviceSynch: initializeHardware() mod#=173
12-19 10:59:12.911 15134 15222 V BHI260IMU: Suppressing I2C warnings while we check for a BHI260AP IMU
12-19 10:59:12.915 15134 15222 V BHI260IMU: No BHI260AP IMU found
12-19 10:59:12.915 15134 15222 V BNO055  : Suppressing I2C warnings while we check for a BNO055 IMU
12-19 10:59:12.920 15134 15222 V BNO055  : Found BNO055 IMU
12-19 10:59:12.930 15134 15222 V LynxUsb : 0x00ff4977 on 0x0ab4b238: releasing delegate to [(embedded)]
12-19 10:59:12.930 15134 15222 I FtcEventLoop: ======= INIT FINISH =======
12-19 10:59:12.930 15134 15273 W art     : Long monitor contention with owner RobotSetupRunnable.run() (15222) at void org.openftc.opencvrepackaged.DynamicOpenCvNativeLibLoader.copyLibFromSdcardToProtectedStorage()(DynamicOpenCvNativeLibLoader.java:337) waiters=0 in org.firstinspires.ftc.robotcore.internal.network.CallbackResult com.qualcomm.robotcore.eventloop.EventLoopManager.commandEvent(com.qualcomm.robotcore.robocol.Command) for 1.698s
12-19 10:59:12.931 15134 15222 V RobotCore: EventLoopManager state is RUNNING
12-19 10:59:12.937 15134 15222 V RobotCore: Robot Status: running, starting robot
12-19 10:59:12.940 15134 15222 V RobotCore: Robot Status: running
12-19 10:59:12.942 15134 15300 V RobotCore: thread: 'EventLoop' starting...
12-19 10:59:12.942 15134 15222 D FTCService: Detecting Wi-Fi reset
12-19 10:59:12.944 15134 15222 D RobotControllerAccessPointAssistant: detectWifiReset button=false
12-19 10:59:12.944 15134 15273 E Robocol : command processing took 1715 ms: command=CMD_REQUEST_ACTIVE_CONFIG
12-19 10:59:12.947 15134 15222 V RobotCore: thread: ...terminating 'RobotSetupRunnable.run()'
12-19 10:59:12.953 15134 15275 V Robocol : sending CMD_NOTIFY_ROBOT_STATE(71), attempt: 0
12-19 10:59:12.954 15134 15275 V Robocol : sending CMD_SHOW_TOAST(73), attempt: 0
12-19 10:59:12.955 15134 15275 V Robocol : sending CMD_NOTIFY_ACTIVE_CONFIGURATION(74), attempt: 0
12-19 10:59:12.993 15134 15275 V Robocol : sending CMD_NOTIFY_USER_DEVICE_LIST(77), attempt: 0
12-19 10:59:12.996 15134 15275 V Robocol : sending CMD_NOTIFY_OP_MODE_LIST(83), attempt: 0
12-19 10:59:13.048 15134 15278 V SoundInfo: construct(0x0ded15e7)
12-19 10:59:13.115 15134 15277 I MediaCodec: callingProcessName:com.qualcomm.ftcrobotcontroller
12-19 10:59:13.117 15134 15305 I ACodec  : onAllocateComponent:6752 mSoftCodecPref:0 componentName:
12-19 10:59:13.120 15134 15305 I ACodec  : onAllocateComponent:6783 mSoftCodecPref:0 componentName:OMX.google.raw.decoder
12-19 10:59:13.176 15134 15190 D SoundPlayer: onLoadComplete(samp=2|ms=4506, samp=2)=0
12-19 10:59:13.178 15134 15278 W AudioTrack: AUDIO_OUTPUT_FLAG_FAST denied by client; transfer 4, track 48000 Hz, output 44100 Hz
12-19 10:59:13.192 15134 15278 D SoundPlayer: playing volume=0.000000 samp=2|ms=4506
12-19 10:59:13.233 15134 15275 V Robocol : sending CMD_PLAY_SOUND(94), attempt: 0
12-19 10:59:13.461 15134 15300 I RobotCore: Attempting to switch to op mode $Stop$Robot$
12-19 10:59:13.462 15134 15300 D HardwareMap: Clearing which device instances have been retrieved
12-19 10:59:13.462 15134 15300 D HardwareMap: Clearing which device instances have been retrieved
12-19 10:59:13.470 15134 15309 V RobotCore: thread: 'OpModeThread' starting...
12-19 10:59:13.474 15134 15275 V Robocol : sending CMD_NOTIFY_INIT_OP_MODE(104), attempt: 0
12-19 10:59:28.464 15134 15272 V Robocol : received command: CMD_INIT_OP_MODE(10271) $Stop$Robot$
12-19 10:59:28.484 15134 15309 V RobotCore: thread: ...terminating 'OpModeThread'
12-19 10:59:28.488 15134 15300 I RobotCore: Attempting to switch to op mode $Stop$Robot$
12-19 10:59:28.489 15134 15300 D HardwareMap: Clearing which device instances have been retrieved
12-19 10:59:28.490 15134 15300 D HardwareMap: Clearing which device instances have been retrieved
12-19 10:59:28.495 15134 15348 V RobotCore: thread: 'OpModeThread' starting...
12-19 10:59:28.513 15134 15275 V Robocol : sending CMD_NOTIFY_INIT_OP_MODE(318), attempt: 0
12-19 10:59:29.784 15134 15272 V Robocol : received command: CMD_SET_MATCH_NUMBER(10293) 0
12-19 10:59:29.786 15134 15272 V Robocol : received command: CMD_INIT_OP_MODE(10294) Autonomous_Test
12-19 10:59:29.813 15134 15273 I RobotCore: ******************** START - OPMODE Autonomous_Test ********************
12-19 10:59:29.820 15134 15348 V RobotCore: thread: ...terminating 'OpModeThread'
12-19 10:59:29.825 15134 15300 I RobotCore: Attempting to switch to op mode Autonomous_Test
12-19 10:59:30.060 15134 15300 D HardwareMap: Clearing which device instances have been retrieved
12-19 10:59:30.061 15134 15300 D HardwareMap: Clearing which device instances have been retrieved
12-19 10:59:30.063 15134 15360 V RobotCore: thread: 'OpModeThread' starting...
12-19 10:59:30.066 15134 15360 I global  :  RENO - AutonomousRight.runOpMode(AutonomousRight.java:138): Status - Initialized
12-19 10:59:30.073 15134 15275 V Robocol : sending CMD_NOTIFY_INIT_OP_MODE(354), attempt: 0
12-19 10:59:30.083 15134 15360 I System.out: OpenCvCameraBase ctor: EasyOpenCV version 1.5.2
12-19 10:59:30.090 15134 15361 D CameraManager: doOpenCamera()...
12-19 10:59:30.090 15134 15360 I global  :  RENO - SlidersWith2Motors.init(SlidersWith2Motors.java:75): init slider motors.
12-19 10:59:30.090 15134 15361 D CameraManager: requesting permission for camera: Webcam(D5386480)
12-19 10:59:30.102 15134 15361 D WebcamNameImpl: requesting permission for /dev/bus/usb/003/003
12-19 10:59:30.102 15134 15361 V WebcamNameImpl: asyncRequestUsbPermission()...
12-19 10:59:30.106 15134 15361 D WebcamNameImpl: permission already available for /dev/bus/usb/003/003
12-19 10:59:30.106 15134 15361 V WebcamNameImpl: ...asyncRequestUsbPermission()
12-19 10:59:30.106 15134 15222 D WebcamNameImpl: permission for /dev/bus/usb/003/003=true
12-19 10:59:30.107 15134 15361 D ContinuationSynchronizer: awaiting(camera open)...
12-19 10:59:30.107 15134 15222 D CameraManager: permission granted for camera: Webcam(D5386480)
12-19 10:59:30.107 15134 15222 D CameraManager: asyncOpenCamera(Webcam(D5386480))...
12-19 10:59:30.109 15134 15222 D CameraManager: asyncOpenWebcam(Webcam(D5386480))...
12-19 10:59:30.110 15134 15222 V UsbResiliantWebcam: construct(0x08c414a9)
12-19 10:59:30.113 15134 15275 V Robocol : sending CMD_STREAM_CHANGE(356), attempt: 0
12-19 10:59:30.116 15134 15222 D UsbResiliantWebcam: openAssumingPermission()...
12-19 10:59:30.123 15134 15222 D UvcContext: usb device is *not* UVC compatible, /dev/bus/usb/003/004
12-19 10:59:30.124 15134 15222 D UvcContext: found webcam: usbPath=/dev/bus/usb/003/003 vid=0x46D pid=0x825 serial=D5386480 product=C270 HD WEBCAM
12-19 10:59:30.125 15134 15222 D Uvc     : [jni_context.cpp:120] Java_org_firstinspires_ftc_robotcore_internal_camera_libuvc_nativeobject_UvcContext_nativeCreateUvcDevice()...
12-19 10:59:30.125 15134 15222 V Uvc     : API: Java_org_firstinspires_ftc_robotcore_internal_camera_libuvc_nativeobject_UvcContext_nativeCreateUvcDevice: enter...
12-19 10:59:30.127 15134 15134 D OpenCvViewport: surfaceCreated()
12-19 10:59:30.127 15134 15134 D OpenCvViewport: ...surfaceCreated()
12-19 10:59:30.127 15134 15134 D OpenCvViewport: surfaceChanged()
12-19 10:59:30.127 15134 15134 D OpenCvViewport: CheckState(): user requested that we deactivate
12-19 10:59:30.128 15134 15134 D OpenCvViewport: CheckState(): already deactivated
12-19 10:59:30.128 15134 15134 D OpenCvViewport: ...surfaceChanged()
12-19 10:59:30.129 15134 15222 D libusb  : [17.278025] [00003b76] libusb: debug [op_create] op_create: szUsbPath=/dev/bus/usb/003/003 szSysfsDir=3-1.4
12-19 10:59:30.129 15134 15222 D libusb  : [17.278361] [00003b76] libusb: debug [initialize_device] initialize_device(szUsbPath=/dev/bus/usb/003/003 szSysfsDir=3-1.4)
12-19 10:59:30.132 15134 15222 D libusb  : [17.280753] [00003b76] libusb: debug [initialize_device] initialize_device(szUsbPath=(null) szSysfsDir=3-1)
12-19 10:59:30.132 15134 15222 E libusb  : [17.281112] [00003b76] libusb: error [initialize_device] unable to open serial number sysfs; error ignored
12-19 10:59:30.133 15134 15222 D libusb  : [17.281634] [00003b76] libusb: debug [initialize_device] initialize_device(szUsbPath=(null) szSysfsDir=usb3)
12-19 10:59:30.135 15134 15222 D Uvc     : [device.cpp:613] uvc_create_uvc_device()...
12-19 10:59:30.135 15134 15222 D Uvc     : [libuvc/libuvc_internal.h:346] uvc_device::uvc_device()...
12-19 10:59:30.135 15134 15222 D Uvc     : [libuvc/libuvc_internal.h:375] acquired vid=1133 & pid=2085
12-19 10:59:30.135 15134 15222 D Uvc     : [libuvc/libuvc_internal.h:346] ...uvc_device::uvc_device()
12-19 10:59:30.135 15134 15222 D Uvc     : [device.cpp:613] ...uvc_create_uvc_device() rc=0
12-19 10:59:30.135 15134 15222 V Uvc     : API: Java_org_firstinspires_ftc_robotcore_internal_camera_libuvc_nativeobject_UvcContext_nativeCreateUvcDevice: ...exit
12-19 10:59:30.135 15134 15222 D Uvc     : [jni_context.cpp:120] ...Java_org_firstinspires_ftc_robotcore_internal_camera_libuvc_nativeobject_UvcContext_nativeCreateUvcDevice()
12-19 10:59:30.137 15134 15222 V UvcDevice: construct(pointer=0xc93d78f0|null)
12-19 10:59:30.144 15134 15222 D Uvc     : [jni_device.cpp:108] Java_org_firstinspires_ftc_robotcore_internal_camera_libuvc_nativeobject_UvcDevice_nativeGetLibUsbDevice()...
12-19 10:59:30.144 15134 15222 D Uvc     : [jni_device.cpp:108] ...Java_org_firstinspires_ftc_robotcore_internal_camera_libuvc_nativeobject_UvcDevice_nativeGetLibUsbDevice()
12-19 10:59:30.145 15134 15222 V LibUsbDevice: construct(pointer=0xcd72f560)
12-19 10:59:30.151 15134 15360 I global  :  RENO - ChassisWith4Motors.init(ChassisWith4Motors.java:122): init driving motors.
12-19 10:59:30.152 15134 15222 D UvcDevice: open()...
12-19 10:59:30.202 15134 15360 I I2C     : Automatically initializing I2C device LynxEmbeddedIMU (USB (embedded); module 173; bus 0; addr7=0x28)
12-19 10:59:30.203 15134 15360 V BNO055  : Suppressing I2C warnings while we check for a BNO055 IMU
12-19 10:59:30.206 15134 15360 V BNO055  : Found BNO055 IMU
12-19 10:59:30.209 15134 15222 D Uvc     : [jni_device.cpp:50] Java_org_firstinspires_ftc_robotcore_internal_camera_libuvc_nativeobject_UvcDevice_nativeSetUsbDeviceInfo()...
12-19 10:59:30.209 15134 15222 D Uvc     : [jni_device.cpp:50] ...Java_org_firstinspires_ftc_robotcore_internal_camera_libuvc_nativeobject_UvcDevice_nativeSetUsbDeviceInfo()
12-19 10:59:30.211 15134 15222 D Uvc     : [jni_device.cpp:233] Java_org_firstinspires_ftc_robotcore_internal_camera_libuvc_nativeobject_UvcDevice_nativeOpenDeviceHandle()...
12-19 10:59:30.211 15134 15222 V Uvc     : API: Java_org_firstinspires_ftc_robotcore_internal_camera_libuvc_nativeobject_UvcDevice_nativeOpenDeviceHandle: enter...
12-19 10:59:30.211 15134 15222 D Uvc     : [device.cpp:279] uvc_open()...
12-19 10:59:30.211 15134 15222 D Uvc     : [libuvc/libuvc_internal.h:356] uvc_device::open()...
12-19 10:59:30.211 15134 15222 D libusb  : [17.359717] [00003b76] libusb: debug [op_open] op_open: szUsbPath=/dev/bus/usb/003/003
