12-31 18:02:02.155  1568  1636 V CoreRobotWebServer: Asked an already running WebServer to start
12-31 18:02:02.155  1568  1636 V RobotCore: Robot Status: stopped, starting robot
12-31 18:02:02.155  1568  1636 V Robocol : EventLoopManager.start()
12-31 18:02:02.156  1568  1636 V RobotCore: Getting network assistant of type: RCWIRELESSAP
12-31 18:02:02.157  1568  1636 I RobotControllerAccessPointAssistant: Wi-Fi AP is enabled
12-31 18:02:02.157  1568  1636 V Robocol : Spoofing a Network Connection event...
12-31 18:02:02.157  1568  1636 I EventLoopManager: onNetworkConnectionEvent: CONNECTION_INFO_AVAILABLE
12-31 18:02:02.157  1568  1636 I Robocol : Received network connection event
12-31 18:02:02.158  1568  1636 I RobotControllerAccessPointAssistant: Wi-Fi AP is enabled
12-31 18:02:02.158  1568  1636 I NetworkConnectionHandler: Handling new network connection infomation, connected: true setup needed: true
12-31 18:02:02.159  1568  1636 I RobotControllerAccessPointAssistant: Wi-Fi AP is enabled
12-31 18:02:05.175  1568  1666 V RobotCore: thread: 'SetupRunnable.run()' starting...
12-31 18:02:05.176  1568  1636 V RobotCore: EventLoopManager state is STOPPED
12-31 18:02:05.177  1568  1636 V Robocol : eventLoop=FtcEventLoop
12-31 18:02:05.178  1568  1636 V RobotCore: EventLoopManager state is INIT
12-31 18:02:05.180  1568  1636 V RobotCore: Robot Status: initializing, starting robot
12-31 18:02:05.180  1568  1636 I FtcEventLoop: ======= INIT START =======
12-31 18:02:05.182  1568  1636 V OpmodeRegistration: registered {DefaultOpMode} as {$Stop$Robot$}
12-31 18:02:05.186  1568  1666 D Robocol : RobocolDatagramSocket listening addr=/192.168.43.1:20884 cbRec=65520 cbSend=106496 msRecTO=300
12-31 18:02:05.187  1568  1666 V Robocol : RecvLoopRunnable created
12-31 18:02:05.195  1568  1667 V Robocol : PacketProcessor started
12-31 18:02:05.196  1568  1668 V Robocol : CommandProcessor started
12-31 18:02:05.200  1568  1669 V RobotCore: thread: 'RecvLoopRunnable.run()' starting...
12-31 18:02:05.202  1568  1666 V PeerDiscovery: Starting peer discovery remote: /192.168.43.1 local: /192.168.43.1
12-31 18:02:05.202  1568  1666 V PeerDiscovery: No need for initiating peer discovery, we are the Robot Controller
12-31 18:02:05.202  1568  1666 V RobotCore: Setup complete
12-31 18:02:05.202  1568  1666 V RobotCore: thread: ...terminating 'SetupRunnable.run()'
12-31 18:02:05.426  1568  1636 V MD5     : Calculated digest: 9d9a9ed11665dc92c91c475aad54ef94
12-31 18:02:05.427  1568  1636 V MD5     : Provided digest: 9d9a9ed11665dc92c91c475aad54ef94
12-31 18:02:05.502  1568  1669 E Robocol : exception SocketTimeoutException(Receive timed out): no packet received [java.net.PlainDatagramSocketImpl.receive0(Native Method)]
12-31 18:02:06.064  1568  1636 V OpmodeRegistration: registered {AutonomousRight} as {AutonomousRight}
12-31 18:02:06.064  1568  1636 V OpmodeRegistration: registered {ConceptAutoDriveCalibration} as {POC: Auto Drive Calibration}
12-31 18:02:06.065  1568  1636 V OpmodeRegistration: registered {ConceptFieldNavigationAutoV2} as {POC - Field Nav Encoder}
12-31 18:02:06.065  1568  1636 V OpmodeRegistration: registered {ConceptAutoDriveByGyro} as {POC: Drive By Gyro}
12-31 18:02:06.066  1568  1636 V OpmodeRegistration: registered {ConceptFieldNavigation} as {POC - Field Nav}
12-31 18:02:06.066  1568  1636 V OpmodeRegistration: registered {TensorFlowObjectDetectionWebcam} as {Nap: camera 3}
12-31 18:02:06.067  1568  1636 V OpmodeRegistration: registered {TeleopCalibration} as {TeleopCalibration}
12-31 18:02:06.067  1568  1636 V OpmodeRegistration: registered {ConceptOpenCVSignalSleeveDetection} as {POC - OpenCV Signal Sleeve}
12-31 18:02:06.068  1568  1636 V OpmodeRegistration: registered {ConceptFieldNavigationAuto} as {POC - Field Nav Auto}
12-31 18:02:06.068  1568  1636 V OpmodeRegistration: registered {ConceptBNO055IMU} as {POC: IMU Display}
12-31 18:02:06.069  1568  1636 V OpmodeRegistration: registered {ConceptVuforiaLocalization} as {POC - Vuforia Localization}
12-31 18:02:06.069  1568  1636 V OpmodeRegistration: registered {CameraVuforia} as {Camera}
12-31 18:02:06.070  1568  1636 V OpmodeRegistration: registered {ConceptWebcamTest} as {nap: Webcam}
12-31 18:02:06.070  1568  1636 V OpmodeRegistration: registered {Forward} as { Nept-Forward and Turning }
12-31 18:02:06.071  1568  1636 V OpmodeRegistration: registered {TeleopDualDrivers} as {TeleopDualDrivers}
12-31 18:02:06.071  1568  1636 V OpmodeRegistration: registered {ConceptSignalSleeveIdentification} as {POC: Signal Sleeve}
12-31 18:02:06.072  1568  1636 V OpmodeRegistration: registered {ConceptTensorFlowObjectDetection} as {POC: TensorFlow Object Detection}
12-31 18:02:06.072  1568  1636 V OpmodeRegistration: registered {PushbotAutodrive} as {Nep-TestMotor }
12-31 18:02:06.073  1568  1636 V OpmodeRegistration: registered {ConceptBNO055IMUCalibration} as {POC: IMU Calibration}
12-31 18:02:06.073  1568  1636 V OpmodeRegistration: registered {TensorFLowWebcam} as {Nap-Camera 2}
12-31 18:02:06.134  1568  1636 V FtcEventLoop: Ensuring that the embedded Control Hub module is set up correctly
12-31 18:02:06.139  1568  1636 V RobotCore: Creating REV Robotics USB Expansion Hub Portal [(embedded)]
12-31 18:02:06.139  1568  1636 V LynxUsb : creating new [(embedded)]: 0x033684a8
12-31 18:02:06.140  1568  1568 I pRunnable.run(): type=1400 audit(0.0:175): avc: denied { read } for name="ttyS1" dev="tmpfs" ino=7192 scontext=u:r:untrusted_app:s0:c512,c768 tcontext=u:object_r:serial_device:s0 tclass=chr_file permissive=1
12-31 18:02:06.143  1568  1636 V FtDeviceManager: createDeviceInfoList(): 0 USB devices
12-31 18:02:06.143  1568  1636 V RobotUsbManagerCombining: FTDI driver failed to open USB device with serial number (embedded) (returned null device)
12-31 18:02:06.140  1568  1568 I pRunnable.run(): type=1400 audit(0.0:176): avc: denied { write } for name="ttyS1" dev="tmpfs" ino=7192 scontext=u:r:untrusted_app:s0:c512,c768 tcontext=u:object_r:serial_device:s0 tclass=chr_file permissive=1
12-31 18:02:06.140  1568  1568 I pRunnable.run(): type=1400 audit(0.0:177): avc: denied { open } for path="/dev/ttyS1" dev="tmpfs" ino=7192 scontext=u:r:untrusted_app:s0:c512,c768 tcontext=u:object_r:serial_device:s0 tclass=chr_file permissive=1
12-31 18:02:06.140  1568  1568 I pRunnable.run(): type=1400 audit(0.0:178): avc: denied { ioctl } for path="/dev/ttyS1" dev="tmpfs" ino=7192 ioctlcmd=5401 scontext=u:r:untrusted_app:s0:c512,c768 tcontext=u:object_r:serial_device:s0 tclass=chr_file permissive=1
12-31 18:02:06.145  1568  1636 V SerialPortNative: [SerialPort.cpp:150] opened(/dev/ttyS1): fd=97
12-31 18:02:06.146  1568  1636 V RobotUsbDeviceTTY: opening serial=(embedded) file=/dev/ttyS1
12-31 18:02:06.147  1568  1636 V LynxUsb : armDevice() serial=(embedded)...
12-31 18:02:06.147  1568  1636 V LynxUsb : resetDevice() serial=(embedded)
12-31 18:02:06.148  1568  1636 V LynxModule: resetting embedded usb device: isPresent: was=true
12-31 18:02:06.504  1568  1636 V LynxUsb : ...done armDevice()
12-31 18:02:06.505  1568  1673 V RobotCore: thread: 'lynx incoming datagrams' starting...
12-31 18:02:06.505  1568  1636 V LynxUsb : 0x0c0352a7 on 0x033684a8: new delegate to [(embedded)]
12-31 18:02:06.514  1568  1636 V LynxUsb : addConfiguredModule() module#=173
12-31 18:02:06.514  1568  1636 V LynxModule: pingAndQueryKnownInterfaces mod=173
12-31 18:02:06.517  1568  1673 V LynxUsb : synchronization gained: serial=(embedded)
12-31 18:02:06.538  1568  1636 V LynxModule: mod#=173 queryInterface(DEKA)=54 commands starting at 4096
12-31 18:02:06.551  1568  1636 V LynxModule: sending LynxFtdiResetControlCommand(true) wasInterrupted=false
12-31 18:02:06.557  1568  1636 V LynxModule: sendLEDPatternSteps(): steps=[Step(color=65280, msDuration=1000)]
12-31 18:02:06.562  1568  1636 V LynxModule: setAsControlHubEmbeddedModule(mod=173)
12-31 18:02:06.562  1568  1636 V EmbeddedControlHubModule: setting embedded module
12-31 18:02:06.563  1568  1636 V LynxModule: sending LynxFtdiResetControlCommand(false) wasInterrupted=false
12-31 18:02:06.566  1568  1636 V LynxModule: close(#173)
12-31 18:02:06.567  1568  1636 V LynxUsb : Verified that the embedded Control Hub module has the correct address
12-31 18:02:06.568  1568  1636 V LynxUsb : addConfiguredModule() module#=173
12-31 18:02:06.569  1568  1636 V LynxModule: pingAndQueryKnownInterfaces mod=173
12-31 18:02:06.582  1568  1636 V LynxModule: mod#=173 queryInterface(DEKA)=54 commands starting at 4096
12-31 18:02:06.592  1568  1636 V LynxModule: sending LynxFtdiResetControlCommand(true) wasInterrupted=false
12-31 18:02:06.596  1568  1636 V LynxModule: sendLEDPatternSteps(): steps=[Step(color=65280, msDuration=1000)]
12-31 18:02:06.601  1568  1636 V LynxModule: setAsControlHubEmbeddedModule(mod=173)
12-31 18:02:06.601  1568  1636 V EmbeddedControlHubModule: setting embedded module
12-31 18:02:06.601  1568  1636 I RobotCore: LynxFirmwareVersionManager: LynxI2cDeviceSynchV2
12-31 18:02:06.602  1568  1636 V LynxI2cDeviceSynch: initializeHardware() mod#=173
12-31 18:02:06.602  1568  1636 V BHI260IMU: Suppressing I2C warnings while we check for a BHI260AP IMU
12-31 18:02:06.607  1568  1636 V BHI260IMU: No BHI260AP IMU found
12-31 18:02:06.607  1568  1636 V LynxModule: sending LynxFtdiResetControlCommand(false) wasInterrupted=false
12-31 18:02:06.609  1568  1636 V LynxModule: close(#173)
12-31 18:02:06.610  1568  1636 V HardwareFactory: createHardwareMap()
12-31 18:02:06.610  1568  1636 V EmbeddedControlHubModule: clearing embedded module
12-31 18:02:06.625  1568  1636 V ReadXMLFileHandler: embedded lynx USB device is already present
12-31 18:02:06.626  1568  1636 V RobotCore: Creating REV Robotics USB Expansion Hub Portal [(embedded)]
12-31 18:02:06.626  1568  1636 V LynxUsb : using existing [(embedded)]: 0x033684a8
12-31 18:02:06.626  1568  1636 V LynxUsb : 0x096c3c47 on 0x033684a8: new delegate to [(embedded)]
12-31 18:02:06.627  1568  1636 V RobotCore: Creating Lynx Module - mod=173 parent=true
12-31 18:02:06.628  1568  1636 V RobotCore: Creating Lynx Module - mod=2 parent=false
12-31 18:02:06.629  1568  1636 V LynxUsb : addConfiguredModule() module#=173
12-31 18:02:06.629  1568  1636 V LynxModule: pingAndQueryKnownInterfaces mod=173
12-31 18:02:06.641  1568  1636 V LynxModule: mod#=173 queryInterface(DEKA)=54 commands starting at 4096
12-31 18:02:06.650  1568  1636 V LynxModule: sending LynxFtdiResetControlCommand(true) wasInterrupted=false
12-31 18:02:06.654  1568  1636 V LynxModule: sendLEDPatternSteps(): steps=[Step(color=65280, msDuration=1000)]
12-31 18:02:06.656  1568  1676 V LynxModule: received status: LynxGetModuleStatusResponse(status=0x02 alerts=0x00: Reset)
12-31 18:02:06.657  1568  1676 W HubPowerCycle: Expansion Hub 173 regained power after a complete power loss. No user Op Mode was running.
12-31 18:02:06.657  1568  1676 V LynxModule: resendCurrentPattern()
12-31 18:02:06.658  1568  1676 V LynxModule: sendLEDPatternSteps(): steps=[Step(color=65280, msDuration=1000)]
12-31 18:02:06.659  1568  1636 V LynxModule: setAsControlHubEmbeddedModule(mod=173)
12-31 18:02:06.659  1568  1636 V EmbeddedControlHubModule: setting embedded module
12-31 18:02:06.660  1568  1636 V LynxUsb : addConfiguredModule() module#=2
12-31 18:02:06.660  1568  1636 V LynxModule: pingAndQueryKnownInterfaces mod=2
12-31 18:02:06.675  1568  1636 V LynxModule: mod#=2 queryInterface(DEKA)=54 commands starting at 4096
12-31 18:02:06.684  1568  1636 V LynxModule: sending LynxFtdiResetControlCommand(true) wasInterrupted=false
12-31 18:02:06.690  1568  1636 V LynxModule: sendLEDPatternSteps(): steps=[Step(color=65280, msDuration=4500), Step(color=0, msDuration=500), Step(color=255, msDuration=500), Step(color=0, msDuration=500), Step(color=255, msDuration=500), Step(color=0, msDuration=500)]
12-31 18:02:06.692  1568  1677 V LynxModule: received status: LynxGetModuleStatusResponse(status=0x05 alerts=0x00: KeepAliveTimeout|FailSafe)
12-31 18:02:06.692  1568  1677 V LynxModule: resendCurrentPattern()
12-31 18:02:06.693  1568  1677 V LynxModule: sendLEDPatternSteps(): steps=[Step(color=65280, msDuration=4500), Step(color=0, msDuration=500), Step(color=255, msDuration=500), Step(color=0, msDuration=500), Step(color=255, msDuration=500), Step(color=0, msDuration=500)]
12-31 18:02:06.702  1568  1636 V LynxMotor: initializeHardware() mod#=173
12-31 18:02:06.747  1568  1636 V RobotCore: DcMotorImpl(type=goBILDA5202SeriesMotor)
12-31 18:02:06.747  1568  1636 V RobotCore: DcMotorImpl(type=goBILDA5202SeriesMotor)
12-31 18:02:06.747  1568  1636 V RobotCore: DcMotorImpl(type=goBILDA5202SeriesMotor)
12-31 18:02:06.748  1568  1636 V RobotCore: DcMotorImpl(type=goBILDA5202SeriesMotor)
12-31 18:02:06.748  1568  1636 V LynxServoController: initializeHardware() mod#=173
12-31 18:02:06.775  1568  1636 V LynxVoltageSensor: initializeHardware() mod#=173
12-31 18:02:06.776  1568  1636 V LynxAnalogInputController: initializeHardware() mod#=173
12-31 18:02:06.776  1568  1636 V LynxDigitalChannelController: initializeHardware() mod#=173
12-31 18:02:06.793  1568  1636 V RobotCore: Creating user sensor REV internal IMU (BNO055) - on Lynx module=173 bus=0
12-31 18:02:06.794  1568  1636 V RobotCore: Creating I2cDeviceSynch (Lynx) - mod=173 bus=0
12-31 18:02:06.794  1568  1636 I RobotCore: LynxFirmwareVersionManager: LynxI2cDeviceSynchV2
12-31 18:02:06.794  1568  1636 V LynxI2cDeviceSynch: initializeHardware() mod#=173
12-31 18:02:06.798  1568  1636 V RobotCore: Creating user sensor REV 2M Distance Sensor - on Lynx module=173 bus=1
12-31 18:02:06.798  1568  1636 V RobotCore: Creating I2cDeviceSynch (Lynx) - mod=173 bus=1
12-31 18:02:06.798  1568  1636 I RobotCore: LynxFirmwareVersionManager: LynxI2cDeviceSynchV2
12-31 18:02:06.799  1568  1636 V LynxI2cDeviceSynch: initializeHardware() mod#=173
12-31 18:02:06.800  1568  1636 V RobotCore: Creating user sensor REV Color Sensor V3 - on Lynx module=173 bus=2
12-31 18:02:06.800  1568  1636 I RobotCore: LynxFirmwareVersionManager: LynxI2cDeviceSynchV2
12-31 18:02:06.800  1568  1636 V LynxI2cDeviceSynch: initializeHardware() mod#=173
12-31 18:02:06.802  1568  1636 I I2C     : Automatically initializing I2C device RevColorSensorV3 USB (embedded); module 173; bus 2; addr7=0x00
12-31 18:02:06.802  1568  1636 V BroadcomColorSensorImpl: internalInitialize()...
12-31 18:02:06.812  1568  1636 V BroadcomColorSensorImpl: state: 07 37 20 1d 42 01 c2 
12-31 18:02:06.812  1568  1636 V BroadcomColorSensorImpl: setGain(0x01)
12-31 18:02:06.816  1568  1636 V BroadcomColorSensorImpl: setLEDParameters(0x37)
12-31 18:02:06.820  1568  1636 V BroadcomColorSensorImpl: setProximityPulseCount(0x20)
12-31 18:02:06.825  1568  1636 V BroadcomColorSensorImpl: setPSMeasRate(0x1d)
12-31 18:02:06.829  1568  1636 V BroadcomColorSensorImpl: setLSMeasRate(0x42)
12-31 18:02:06.837  1568  1636 V BroadcomColorSensorImpl: enable() enabled=0x07...
12-31 18:02:06.845  1568  1636 V BroadcomColorSensorImpl: ...enable() enabled=0x07
12-31 18:02:06.850  1568  1636 V BroadcomColorSensorImpl: state: 07 37 20 1d 42 01 c2 
12-31 18:02:06.850  1568  1636 V BroadcomColorSensorImpl: ...internalInitialize()
12-31 18:02:06.851  1568  1636 V LynxMotor: initializeHardware() mod#=2
12-31 18:02:06.914  1568  1636 V RobotCore: DcMotorImpl(type=goBILDA5202SeriesMotor)
12-31 18:02:06.914  1568  1636 V RobotCore: DcMotorImpl(type=goBILDA5202SeriesMotor)
12-31 18:02:06.915  1568  1636 V LynxServoController: initializeHardware() mod#=2
12-31 18:02:06.949  1568  1636 V LynxVoltageSensor: initializeHardware() mod#=2
12-31 18:02:06.950  1568  1636 V LynxAnalogInputController: initializeHardware() mod#=2
12-31 18:02:06.951  1568  1636 V LynxDigitalChannelController: initializeHardware() mod#=2
12-31 18:02:06.975  1568  1636 V RobotCore: Creating Webcam [D5386480]
12-31 18:02:06.973  1568  1568 I pRunnable.run(): type=1400 audit(0.0:179): avc: denied { read } for name="devices" dev="sysfs" ino=7258 scontext=u:r:untrusted_app:s0:c512,c768 tcontext=u:object_r:sysfs:s0 tclass=dir permissive=1
12-31 18:02:06.977  1568  1636 V CameraManager: construct(hash=0x0a2d6a27|inst#=0)
12-31 18:02:06.978  1568  1636 D libusb  : [ 0.000274] [00000664] libusb: debug [op_init] sysfs(/sys/bus/usb/devices) available
12-31 18:02:06.978  1568  1636 D libusb  : [ 0.000382] [00000664] libusb: debug [op_init] sysfs can relate devices
12-31 18:02:06.978  1568  1636 D libusb  : [ 0.000430] [00000664] libusb: debug [op_init] sysfs has complete descriptors
12-31 18:02:06.978  1568  1636 D libusb  : [ 0.000477] [00000664] libusb: debug [op_init] sysfs has serial numbers
12-31 18:02:06.973  1568  1568 I pRunnable.run(): type=1400 audit(0.0:180): avc: denied { open } for path="/sys/bus/usb/devices" dev="sysfs" ino=7258 scontext=u:r:untrusted_app:s0:c512,c768 tcontext=u:object_r:sysfs:s0 tclass=dir permissive=1
12-31 18:02:06.980  1568  1636 V UvcContext: construct(pointer=0xc833b580|inst#=0)
12-31 18:02:06.989  1568  1636 I RobotCore: ========= Device Information ===================================================
12-31 18:02:06.990  1568  1636 I RobotCore: Type                                               Name                           Connection
12-31 18:02:06.991  1568  1636 I RobotCore: Motor                                              LeftSlider                     USB (embedded); module 2; port 1
12-31 18:02:06.991  1568  1636 I RobotCore: Rev Color Sensor v3                                ColorSensor                    USB (embedded); module 173; bus 2; addr7=0x52
12-31 18:02:06.992  1568  1636 I RobotCore: Motor                                              RightSlider                    USB (embedded); module 2; port 0
12-31 18:02:06.993  1568  1636 I RobotCore: REV Robotics USB Expansion Hub Portal              Control Hub Portal             USB (embedded)
12-31 18:02:06.993  1568  1636 I RobotCore: Motor                                              FrontLeft                      USB (embedded); module 173; port 0
12-31 18:02:06.994  1568  1636 I RobotCore: Motor                                              BackRight                      USB (embedded); module 173; port 3
12-31 18:02:06.995  1568  1636 I RobotCore: Expansion Hub DC Motor Controller                  Expansion Hub 2                USB (embedded); module 2
12-31 18:02:06.996  1568  1636 I RobotCore: Expansion Hub Servo Controller                     Expansion Hub 2                USB (embedded); module 2
12-31 18:02:06.997  1568  1636 I RobotCore: Expansion Hub Voltage Sensor                       Expansion Hub 2                USB (embedded); module 2
12-31 18:02:06.998  1568  1636 I RobotCore: Expansion Hub Analog Input Controller              Expansion Hub 2                USB (embedded); module 2
12-31 18:02:06.998  1568  1636 I RobotCore: Expansion Hub Digital Channel Controller           Expansion Hub 2                USB (embedded); module 2
12-31 18:02:07.004  1568  1636 I RobotCore: Expansion Hub (HW: 20, Maj: 1, Min: 8, Eng: 2)     Expansion Hub 2                USB (embedded); module 2
12-31 18:02:07.005  1568  1636 I RobotCore: REV 2M ToF Distance Sensor                         DistanceSensor                 USB (embedded); module 173; bus 1; addr7=0x29
12-31 18:02:07.006  1568  1636 I RobotCore: REV internal IMU (BNO055)                          imu                            USB (embedded); module 173; bus 0; addr7=0x00
12-31 18:02:07.016  1568  1636 I RobotCore: Logitech C270 HD WEBCAM                            Webcam 1                       USB (D5386480)
12-31 18:02:07.017  1568  1636 I RobotCore: Expansion Hub DC Motor Controller                  Control Hub                    USB (embedded); module 173
12-31 18:02:07.017  1568  1636 I RobotCore: Expansion Hub Servo Controller                     Control Hub                    USB (embedded); module 173
12-31 18:02:07.018  1568  1636 I RobotCore: Expansion Hub Voltage Sensor                       Control Hub                    USB (embedded); module 173
12-31 18:02:07.018  1568  1636 I RobotCore: Expansion Hub Analog Input Controller              Control Hub                    USB (embedded); module 173
12-31 18:02:07.018  1568  1636 I RobotCore: Expansion Hub Digital Channel Controller           Control Hub                    USB (embedded); module 173
12-31 18:02:07.022  1568  1636 I RobotCore: Expansion Hub (HW: 20, Maj: 1, Min: 8, Eng: 2)     Control Hub                    USB (embedded); module 173
12-31 18:02:07.023  1568  1636 I RobotCore: Servo                                              ClawServo                      USB (embedded); module 173; port 0
12-31 18:02:07.024  1568  1636 I RobotCore: Motor                                              FrontRight                     USB (embedded); module 173; port 1
12-31 18:02:07.024  1568  1636 I RobotCore: Motor                                              BackLeft                       USB (embedded); module 173; port 2
12-31 18:02:07.025  1568  1636 I RobotCore: Servo                                              ArmServo                       USB (embedded); module 173; port 1
12-31 18:02:07.031  1568  1636 I RobotCore: LynxFirmwareVersionManager: LynxI2cDeviceSynchV2
12-31 18:02:07.031  1568  1636 V LynxI2cDeviceSynch: initializeHardware() mod#=2
12-31 18:02:07.031  1568  1636 V BNO055  : Suppressing I2C warnings while we check for a BNO055 IMU
12-31 18:02:07.038  1568  1636 V BNO055  : Found BNO055 IMU
12-31 18:02:07.042  1568  1636 I RobotCore: LynxFirmwareVersionManager: LynxI2cDeviceSynchV2
12-31 18:02:07.043  1568  1636 V LynxI2cDeviceSynch: initializeHardware() mod#=173
12-31 18:02:07.043  1568  1636 V BNO055  : Suppressing I2C warnings while we check for a BNO055 IMU
12-31 18:02:07.047  1568  1636 V BNO055  : Found BNO055 IMU
12-31 18:02:07.058  1568  1636 V LynxUsb : 0x0c0352a7 on 0x033684a8: releasing delegate to [(embedded)]
12-31 18:02:07.058  1568  1636 I FtcEventLoop: ======= INIT FINISH =======
12-31 18:02:07.058  1568  1636 V RobotCore: EventLoopManager state is RUNNING
12-31 18:02:07.075  1568  1636 V RobotCore: Robot Status: running, starting robot
12-31 18:02:07.075  1568  1636 V RobotCore: Robot Status: running
12-31 18:02:07.078  1568  1682 V RobotCore: thread: 'opmode loop()' starting...
12-31 18:02:07.079  1568  1636 D FTCService: Detecting Wi-Fi reset
12-31 18:02:07.085  1568  1682 D RobotCore: system telemetry: key=$System$None$ msg=""
12-31 18:02:07.085  1568  1636 D RobotControllerAccessPointAssistant: detectWifiReset button=false
12-31 18:02:07.087  1568  1636 V RobotCore: thread: ...terminating 'RobotSetupRunnable.run()'
12-31 18:02:07.166  1568  1681 V SoundInfo: construct(0x0240c396)
12-31 18:02:07.212  1568  1680 E WVMExtractor: Failed to open libwvm.so: dlopen failed: library "libwvm.so" not found
12-31 18:02:07.237  1568  1680 I MediaCodec: callingProcessName:com.qualcomm.ftcrobotcontroller
12-31 18:02:07.240  1568  1688 I ACodec  : onAllocateComponent:6752 mSoftCodecPref:0 componentName:
12-31 18:02:07.241  1568  1688 I ACodec  : onAllocateComponent:6783 mSoftCodecPref:0 componentName:OMX.google.raw.decoder
12-31 18:02:07.286  1568  1594 D SoundPlayer: onLoadComplete(samp=1|ms=4506, samp=1)=0
12-31 18:02:07.288  1568  1681 W AudioTrack: AUDIO_OUTPUT_FLAG_FAST denied by client; transfer 4, track 48000 Hz, output 44100 Hz
12-31 18:02:07.291  1568  1681 D SoundPlayer: playing volume=0.000000 samp=1|ms=4506
12-31 18:02:07.598  1568  1682 I RobotCore: Attempting to switch to op mode $Stop$Robot$
--------- beginning of main
12-31 18:06:20.463  2211  2211 I ps      : type=1400 audit(0.0:196): avc: denied { getattr } for path="/proc/1" dev="proc" ino=4863 scontext=u:r:untrusted_app:s0:c512,c768 tcontext=u:r:init:s0 tclass=dir permissive=1
12-31 18:06:20.463  2211  2211 I ps      : type=1400 audit(0.0:197): avc: denied { search } for name="1" dev="proc" ino=4863 scontext=u:r:untrusted_app:s0:c512,c768 tcontext=u:r:init:s0 tclass=dir permissive=1
12-31 18:06:20.466  2211  2211 I ps      : type=1400 audit(0.0:198): avc: denied { read } for name="cmdline" dev="proc" ino=7749 scontext=u:r:untrusted_app:s0:c512,c768 tcontext=u:r:init:s0 tclass=file permissive=1
12-31 18:06:20.466  2211  2211 I ps      : type=1400 audit(0.0:199): avc: denied { open } for path="/proc/1/cmdline" dev="proc" ino=7749 scontext=u:r:untrusted_app:s0:c512,c768 tcontext=u:r:init:s0 tclass=file permissive=1
12-31 18:06:20.466  2211  2211 I ps      : type=1400 audit(0.0:200): avc: denied { getattr } for path="/proc/2" dev="proc" ino=9420 scontext=u:r:untrusted_app:s0:c512,c768 tcontext=u:r:kernel:s0 tclass=dir permissive=1
12-31 18:06:20.466  2211  2211 I ps      : type=1400 audit(0.0:201): avc: denied { search } for name="2" dev="proc" ino=9420 scontext=u:r:untrusted_app:s0:c512,c768 tcontext=u:r:kernel:s0 tclass=dir permissive=1
12-31 18:06:20.466  2211  2211 I ps      : type=1400 audit(0.0:202): avc: denied { read } for name="cmdline" dev="proc" ino=9519 scontext=u:r:untrusted_app:s0:c512,c768 tcontext=u:r:kernel:s0 tclass=file permissive=1
12-31 18:06:20.466  2211  2211 I ps      : type=1400 audit(0.0:203): avc: denied { open } for path="/proc/2/cmdline" dev="proc" ino=9519 scontext=u:r:untrusted_app:s0:c512,c768 tcontext=u:r:kernel:s0 tclass=file permissive=1
12-31 18:06:21.775  2235  2235 D Uvc     : [jni.cpp:72] JNI_OnLoad()...
12-31 18:06:21.775  2235  2235 D Uvc     : [JniEnv.h:32] ScopedJniEnv::onJniLoad()...
12-31 18:06:21.776  2235  2235 D Uvc     : [JniEnv.h:32] ...ScopedJniEnv::onJniLoad()
12-31 18:06:21.776  2235  2235 D Uvc     : [jni.cpp:72] ...JNI_OnLoad()
12-31 18:06:21.780  2235  2235 V AppUtil : initializing: getExternalStorageDirectory()=/storage/emulated/0
12-31 18:06:21.785  2235  2235 I AppUtil : found usbFileSystemRoot: /dev/bus/usb
12-31 18:06:21.783  2235  2235 I robotcontroller: type=1400 audit(0.0:204): avc: denied { read } for name="direction" dev="sysfs" ino=16602 scontext=u:r:untrusted_app:s0:c512,c768 tcontext=u:object_r:sysfs:s0 tclass=file permissive=1
12-31 18:06:21.783  2235  2235 I robotcontroller: type=1400 audit(0.0:205): avc: denied { open } for path="/sys/devices/pinctrl.26/gpio/gpio50/direction" dev="sysfs" ino=16602 scontext=u:r:untrusted_app:s0:c512,c768 tcontext=u:object_r:sysfs:s0 tclass=file permissive=1
12-31 18:06:21.783  2235  2235 I robotcontroller: type=1400 audit(0.0:206): avc: denied { getattr } for path="/sys/devices/pinctrl.26/gpio/gpio50/direction" dev="sysfs" ino=16602 scontext=u:r:untrusted_app:s0:c512,c768 tcontext=u:object_r:sysfs:s0 tclass=file permissive=1
12-31 18:06:21.786  2235  2235 I robotcontroller: type=1400 audit(0.0:207): avc: denied { write } for name="value" dev="sysfs" ino=13327 scontext=u:r:untrusted_app:s0:c512,c768 tcontext=u:object_r:sysfs:s0 tclass=file permissive=1
12-31 18:06:21.797  2235  2235 I AppAliveNotifier: Telling the OS to set the RC alive notification timeout to 20 seconds
12-31 18:06:21.804  2235  2252 V RobotCore: saving logcat to /storage/emulated/0/robotControllerLog.txt
12-31 18:06:21.804  2235  2252 V RobotCore: logging command line: exec logcat -f /storage/emulated/0/robotControllerLog.txt -r4096 -n4 -v threadtime UsbRequestJNI:S UsbRequest:S art:W ThreadPool:W System:W ExtendedExtractor:W OMXClient:W MediaPlayer:W dalvikvm:W  *:V
12-31 18:06:21.814  2235  2235 V AppUtil : rootActivity=PermissionValidatorWrapper
12-31 18:06:21.814  2235  2235 I PermissionValidatorActivity: Lifecycle onCreate : e96b6b5
12-31 18:06:21.835  2235  2252 I RobotCore: Done running ps
12-31 18:06:21.913  2235  2235 I PermissionValidatorActivity: Lifecycle onStart : e96b6b5
12-31 18:06:21.914  2235  2235 I PermissionValidator: Checking permission for android.permission.WRITE_EXTERNAL_STORAGE
12-31 18:06:21.919  2235  2235 I PermissionValidator:     Granted: android.permission.WRITE_EXTERNAL_STORAGE
12-31 18:06:21.919  2235  2235 I PermissionValidator: Checking permission for android.permission.READ_EXTERNAL_STORAGE
12-31 18:06:21.920  2235  2235 I PermissionValidator:     Granted: android.permission.READ_EXTERNAL_STORAGE
12-31 18:06:21.920  2235  2235 I PermissionValidator: Checking permission for android.permission.CAMERA
12-31 18:06:21.921  2235  2235 I PermissionValidator:     Granted: android.permission.CAMERA
12-31 18:06:21.921  2235  2235 I PermissionValidator: Checking permission for android.permission.ACCESS_COARSE_LOCATION
12-31 18:06:21.922  2235  2235 I PermissionValidator:     Granted: android.permission.ACCESS_COARSE_LOCATION
12-31 18:06:21.922  2235  2235 I PermissionValidator: Checking permission for android.permission.ACCESS_FINE_LOCATION
12-31 18:06:21.923  2235  2235 I PermissionValidator:     Granted: android.permission.ACCESS_FINE_LOCATION
12-31 18:06:21.923  2235  2235 I PermissionValidator: Checking permission for android.permission.READ_PHONE_STATE
12-31 18:06:21.924  2235  2235 I PermissionValidator:     Granted: android.permission.READ_PHONE_STATE
12-31 18:06:21.928  2235  2235 V ServiceStarter: attempting to start service MediaTransferProtocolMonitorService
12-31 18:06:21.930  2235  2235 V ServiceStarter: started service MediaTransferProtocolMonitorService
12-31 18:06:21.930  2235  2235 V ServiceStarter: attempting to start service OnBotJavaService
12-31 18:06:21.932  2235  2235 V ServiceStarter: started service OnBotJavaService
12-31 18:06:21.932  2235  2235 I PermissionValidatorActivity: All permissions validated.  Starting RobotController
12-31 18:06:21.945  2235  2235 V MTPMonitorService: onCreate()
12-31 18:06:21.945  2235  2235 V MTPMonitorService: onStartCommand() intent=Intent { cmp=com.qualcomm.ftcrobotcontroller/org.firstinspires.ftc.robotcore.internal.files.MediaTransferProtocolMonitorService } flags=0x0 startId=1
12-31 18:06:21.949  2235  2235 V MTPMonitor: observing: /storage/emulated/0
12-31 18:06:22.005  2235  2235 V OnBotJavaService: onCreate()
12-31 18:06:22.006  2235  2235 V OnBotJavaService: onStartCommand() intent=Intent { cmp=com.qualcomm.ftcrobotcontroller/org.firstinspires.ftc.onbotjava.OnBotJavaService } flags=0x0 startId=1
12-31 18:06:22.007  2235  2235 V OnBotJava: OnBotJavaManager::static
12-31 18:06:22.520  2265  2265 I ps      : type=1400 audit(0.0:208): avc: denied { getattr } for path="/proc/1" dev="proc" ino=4863 scontext=u:r:untrusted_app:s0:c512,c768 tcontext=u:r:init:s0 tclass=dir permissive=1
12-31 18:06:22.528  2235  2235 V OnBotJava: ctor()...
12-31 18:06:22.529  2235  2235 V OnBotJava: ...ctor()
12-31 18:06:22.520  2265  2265 I ps      : type=1400 audit(0.0:209): avc: denied { search } for name="1" dev="proc" ino=4863 scontext=u:r:untrusted_app:s0:c512,c768 tcontext=u:r:init:s0 tclass=dir permissive=1
12-31 18:06:22.520  2265  2265 I ps      : type=1400 audit(0.0:210): avc: denied { read } for name="cmdline" dev="proc" ino=7749 scontext=u:r:untrusted_app:s0:c512,c768 tcontext=u:r:init:s0 tclass=file permissive=1
12-31 18:06:22.520  2265  2265 I ps      : type=1400 audit(0.0:211): avc: denied { open } for path="/proc/1/cmdline" dev="proc" ino=7749 scontext=u:r:untrusted_app:s0:c512,c768 tcontext=u:r:init:s0 tclass=file permissive=1
12-31 18:06:22.535  2235  2235 V RCActivity: Permissions validated already
12-31 18:06:22.535  2235  2235 V RCActivity: onCreate()
12-31 18:06:22.538  2235  2235 V RCActivity: rootActivity is of class PermissionValidatorWrapper
12-31 18:06:22.541  2235  2235 V RCActivity: launchActivity is of class class org.firstinspires.ftc.robotcontroller.internal.PermissionValidatorWrapper
12-31 18:06:22.554  2235  2272 V CallbackLooper: thread=41
12-31 18:06:22.559  2235  2235 V NetDiscover_wifiDirectAgent: doStart()...
12-31 18:06:22.565  2235  2235 V NetDiscover_wifiDirectAgent: ...doStart()
12-31 18:06:22.566  2235  2235 V NetDiscover_prefremrc: ----- all preferences -----
12-31 18:06:22.566  2235  2235 V NetDiscover_prefremrc: name='android.permission.READ_PHONE_STATE' value=false
12-31 18:06:22.567  2235  2235 V NetDiscover_prefremrc: name='pref_autostarted_robot_controller' value=true
12-31 18:06:22.567  2235  2235 V NetDiscover_prefremrc: name='pref_warn_about_obsolete_software' value=true
12-31 18:06:22.567  2235  2235 V NetDiscover_prefremrc: name='pref_has_independent_phone_battery' value=false
12-31 18:06:22.567  2235  2235 V NetDiscover_prefremrc: name='android.permission.CAMERA' value=false
12-31 18:06:22.567  2235  2235 V NetDiscover_prefremrc: name='pref_wifip2p_remote_channel_change_works' value=false
12-31 18:06:22.567  2235  2235 V NetDiscover_prefremrc: name='pref_hardware_config_filename' value={"isDirty":false,"location":"LOCAL_STORAGE","name":"Error418Test6dcCamera","resourceId":0}
12-31 18:06:22.567  2235  2235 V NetDiscover_prefremrc: name='pref_warn_about_mismatched_app_versions' value=true
12-31 18:06:22.568  2235  2235 V NetDiscover_prefremrc: name='pref_sound_on_off' value=false
12-31 18:06:22.568  2235  2235 V NetDiscover_prefremrc: name='pref_ftc_season_year_of_current_rc_new' value=2022
12-31 18:06:22.568  2235  2235 V NetDiscover_prefremrc: name='App Restrictions' value=AAAAAA==
12-31 18:06:22.568  2235  2235 V NetDiscover_prefremrc:     
12-31 18:06:22.568  2235  2235 V NetDiscover_prefremrc: name='pref_warn_about_incorrect_clocks' value=true
12-31 18:06:22.568  2235  2235 V NetDiscover_prefremrc: name='pref_has_speaker' value=false
12-31 18:06:22.568  2235  2235 V NetDiscover_prefremrc: name='pref_ftc_season_year_of_current_rc' value=2022
12-31 18:06:22.569  2235  2235 V NetDiscover_prefremrc: name='android.permission.ACCESS_COARSE_LOCATION' value=false
12-31 18:06:22.569  2235  2235 V NetDiscover_prefremrc: name='android.permission.WRITE_EXTERNAL_STORAGE' value=false
12-31 18:06:22.569  2235  2235 V NetDiscover_prefremrc: name='pref_connection_owner_password' value=password
12-31 18:06:22.569  2235  2235 V NetDiscover_prefremrc: name='pref_pairing_kind' value=RCWIRELESSAP
12-31 18:06:22.569  2235  2235 V NetDiscover_prefremrc: name='pref_device_name_internal' value=FTC-eE8w
12-31 18:06:22.569  2235  2235 V NetDiscover_prefremrc: name='pref_app_theme' value=red
12-31 18:06:22.570  2235  2235 V NetDiscover_prefremrc: name='android.permission.ACCESS_FINE_LOCATION' value=false
12-31 18:06:22.570  2235  2235 V NetDiscover_prefremrc: name='pref_device_name' value=FTC-eE8w
12-31 18:06:22.570  2235  2235 V NetDiscover_prefremrc: name='pref_warn_about_2_4_ghz_band' value=true
12-31 18:06:22.570  2235  2235 V NetDiscover_prefremrc: name='pref_device_name_tracking' value=WIFIAP
12-31 18:06:22.570  2235  2235 V NetDiscover_prefremrc: name='android.permission.READ_EXTERNAL_STORAGE' value=false
12-31 18:06:22.571  2235  2235 V NetDiscover_prefremrc: name='pref_rc_connected' value=true
12-31 18:06:22.578  2235  2235 V Robocol : SendOnceRunnable created
12-31 18:06:22.580  2235  2235 V NetDiscover_prefremrc: doStart()...
12-31 18:06:22.580  2235  2235 V NetDiscover_prefremrc: ...doStart()
12-31 18:06:22.618  2235  2235 W System  : ClassLoader referenced unknown path: /system/app/webview/lib/arm
12-31 18:06:22.620  2235  2235 D ApplicationLoaders: ignored Vulkan layer search path /system/app/webview/lib/arm:/system/app/webview/webview.apk!/lib/armeabi-v7a:/system/lib:/vendor/lib for namespace 0xebae0090
12-31 18:06:22.623  2235  2235 I WebViewFactory: Loading com.android.webview version 52.0.2743.100 (code 275610050)
12-31 18:06:22.657  2235  2235 I cr_LibraryLoader: Time to load native libraries: 3 ms (timestamps 2653-2656)
12-31 18:06:22.657  2235  2235 I cr_LibraryLoader: Expected native library version number "52.0.2743.100", actual native library version number "52.0.2743.100"
12-31 18:06:22.672  2235  2235 V WebViewChromiumFactoryProvider: Binding Chromium to main looper Looper (main, tid 1) {5ed8586}
12-31 18:06:22.673  2235  2235 I cr_LibraryLoader: Expected native library version number "52.0.2743.100", actual native library version number "52.0.2743.100"
12-31 18:06:22.673  2235  2235 I chromium: [INFO:library_loader_hooks.cc(143)] Chromium logging enabled: level = 0, default verbosity = 0
12-31 18:06:22.695  2235  2235 I cr_BrowserStartup: Initializing chromium process, singleProcess=true
12-31 18:06:22.725  2235  2235 I mali_so : [File] : hardware/rockchip/driver/./src/base/arch/arch_011_udd/base_arch_main.c; [Line] : 565; [Func] : deal_with_version_affairs_rk_ext;
12-31 18:06:22.725  2235  2235 I mali_so : arm_release_ver of this mali_so is 'r7p0-00rel1', rk_so_ver is '1@2' for 3328h_android_7.1, built at '15:47:49', on 'Jun 28 2017'.
12-31 18:06:22.725  2235  2235 I mali_so : [File] : hardware/rockchip/driver/./src/base/arch/arch_011_udd/base_arch_main.c; [Line] : 578; [Func] : deal_with_version_affairs_rk_ext;
12-31 18:06:22.725  2235  2235 I mali_so : mali_ver_property has been set to 'r7p0-00rel1-5-1@2', to return.
12-31 18:06:22.789  2235  2235 I cr_DRP  : No DRP key due to exception:java.lang.ClassNotFoundException: com.android.webview.chromium.Drp
12-31 18:06:22.842  2235  2235 W cr_AwContents: onDetachedFromWindow called when already detached. Ignoring
12-31 18:06:23.093  2235  2235 W System  : ClassLoader referenced unknown path: 
12-31 18:06:23.131  2235  2235 W ClassManager: com.journeyapps.barcodescanner.ScanContract java.lang.ClassNotFoundException: com.journeyapps.barcodescanner.ScanContract
12-31 18:06:23.135  2235  2235 E ClassManager: java.lang.ClassNotFoundException: com.journeyapps.barcodescanner.ScanContract
12-31 18:06:23.137  2235  2235 E ClassManager: 	at java.lang.Class.classForName(Native Method)
12-31 18:06:23.139  2235  2235 E ClassManager: 	at java.lang.Class.forName(Class.java:400)
12-31 18:06:23.142  2235  2235 E ClassManager: 	at org.firstinspires.ftc.robotcore.internal.opmode.ClassManager.classNamesToClasses(ClassManager.java:215)
12-31 18:06:23.144  2235  2235 E ClassManager: 	at org.firstinspires.ftc.robotcore.internal.opmode.ClassManager.processAllClasses(ClassManager.java:258)
12-31 18:06:23.145  2235  2235 E ClassManager: 	at com.qualcomm.ftccommon.ClassManagerFactory.processAllClasses(ClassManagerFactory.java:94)
12-31 18:06:23.146  2235  2235 E ClassManager: 	at org.firstinspires.ftc.robotcontroller.internal.FtcRobotControllerActivity.onCreate(FtcRobotControllerActivity.java:356)
12-31 18:06:23.147  2235  2235 E ClassManager: 	at android.app.Activity.performCreate(Activity.java:6709)
12-31 18:06:23.148  2235  2235 E ClassManager: 	at android.app.Instrumentation.callActivityOnCreate(Instrumentation.java:1118)
12-31 18:06:23.148  2235  2235 E ClassManager: 	at android.app.ActivityThread.performLaunchActivity(ActivityThread.java:2619)
12-31 18:06:23.149  2235  2235 E ClassManager: 	at android.app.ActivityThread.handleLaunchActivity(ActivityThread.java:2727)
12-31 18:06:23.149  2235  2235 E ClassManager: 	at android.app.ActivityThread.-wrap12(ActivityThread.java)
12-31 18:06:23.150  2235  2235 E ClassManager: 	at android.app.ActivityThread$H.handleMessage(ActivityThread.java:1478)
12-31 18:06:23.150  2235  2235 E ClassManager: 	at android.os.Handler.dispatchMessage(Handler.java:102)
12-31 18:06:23.151  2235  2235 E ClassManager: 	at android.os.Looper.loop(Looper.java:154)
12-31 18:06:23.151  2235  2235 E ClassManager: 	at android.app.ActivityThread.main(ActivityThread.java:6121)
12-31 18:06:23.152  2235  2235 E ClassManager: 	at java.lang.reflect.Method.invoke(Native Method)
12-31 18:06:23.152  2235  2235 E ClassManager: 	at com.android.internal.os.ZygoteInit$MethodAndArgsCaller.run(ZygoteInit.java:905)
12-31 18:06:23.153  2235  2235 E ClassManager: 	at com.android.internal.os.ZygoteInit.main(ZygoteInit.java:795)
12-31 18:06:23.155  2235  2235 E ClassManager: Caused by: java.lang.ClassNotFoundException: Didn't find class "com.journeyapps.barcodescanner.ScanContract" on path: DexPathList[[],nativeLibraryDirectories=[/system/lib, /vendor/lib]]
12-31 18:06:23.156  2235  2235 E ClassManager: 	at dalvik.system.BaseDexClassLoader.findClass(BaseDexClassLoader.java:56)
12-31 18:06:23.156  2235  2235 E ClassManager: 	at java.lang.ClassLoader.loadClass(ClassLoader.java:380)
12-31 18:06:23.157  2235  2235 E ClassManager: 	at java.lang.ClassLoader.loadClass(ClassLoader.java:312)
12-31 18:06:23.158  2235  2235 E ClassManager: 	... 18 more
12-31 18:06:24.651  2235  2235 V UpdateUI: Network: inactive, disconnected
12-31 18:06:24.652  2235  2235 V ServiceStarter: attempting to start service FtcRobotControllerWatchdogService
12-31 18:06:24.655  2235  2235 V ServiceStarter: started service FtcRobotControllerWatchdogService
12-31 18:06:24.679  2235  2235 I RobotCore: App info: version=8.0.0 appId=com.qualcomm.ftcrobotcontroller
12-31 18:06:24.679  2235  2235 I RobotCore: Android Device: maker=REV Robotics model=Control Hub v1.0 sdk=25 serial=caade241cd00a884
12-31 18:06:24.679  2235  2235 V AndroidBoard: REV Control Hub contains REV3328
12-31 18:06:24.679  2235  2235 V AndroidBoard: Communicating with embedded REV hub via /dev/ttyS1
12-31 18:06:24.681  2235  2235 V RCActivity: onStart()
12-31 18:06:24.685  2235  2235 V RCActivity: onResume()
12-31 18:06:24.704  2235  2235 V NetDiscover_prefremrc: onSharedPreferenceChanged(name=App Restrictions, value=AAAAAA==
12-31 18:06:24.704  2235  2235 V NetDiscover_prefremrc: )
12-31 18:06:24.715  2235  2235 V FtcRobotControllerWatchdogService: onCreate()
12-31 18:06:24.716  2235  2235 V FtcRobotControllerWatchdogService: onStartCommand() intent=Intent { cmp=com.qualcomm.ftcrobotcontroller/org.firstinspires.ftc.ftccommon.internal.FtcRobotControllerWatchdogService } flags=0x0 startId=1
12-31 18:06:24.716  2235  2235 V FtcRobotControllerWatchdogService: shouldAutoLauchRobotController() result=true
12-31 18:06:24.748  2235  2235 V FTCService: onCreate()
12-31 18:06:24.786  2235  2235 W art     : Before Android 4.1, method double java.util.concurrent.ThreadLocalRandom.internalNextDouble(double, double) would have incorrectly overridden the package-private method in java.util.Random
12-31 18:06:24.786  2235  2235 W art     : Before Android 4.1, method int java.util.concurrent.ThreadLocalRandom.internalNextInt(int, int) would have incorrectly overridden the package-private method in java.util.Random
12-31 18:06:24.786  2235  2235 W art     : Before Android 4.1, method long java.util.concurrent.ThreadLocalRandom.internalNextLong(long, long) would have incorrectly overridden the package-private method in java.util.Random
12-31 18:06:24.821  2235  2235 V FTCService: onBind()
12-31 18:06:24.847  2235  2235 V CoreRobotWebServer: creating NanoHTTPD(8080)
12-31 18:06:24.853  2235  2235 V WebSocketManager: Registered broadcast-only namespace progress
12-31 18:06:24.860  2235  2235 V WebSocketManager: Registered handler for namespace ControlHubUpdater
12-31 18:06:24.861  2235  2235 V RobotCore: Getting network assistant of type: RCWIRELESSAP
12-31 18:06:24.863  2235  2235 I RobotControllerAccessPointAssistant: Enabling network services
12-31 18:06:24.865  2235  2235 I RobotControllerAccessPointAssistant: Sending SSID and password to AP service
12-31 18:06:24.866  2235  2235 I RobotCore: password
12-31 18:06:24.867  2235  2235 D RobotControllerAccessPointAssistant: setNetworkProperties(deviceName=FTC-eE8w, password=password, ApChannel=null) sendSettingsIndividually=false
12-31 18:06:24.867  2235  2235 I NetDiscover_ControlHubNameManager: Robot controller name: FTC-eE8w
12-31 18:06:24.867  2235  2235 I ControlHubPasswordManager: Robot controller password: password
12-31 18:06:24.868  2235  2235 D RobotControllerAccessPointAssistant: Sending bulk settings broadcast intent
12-31 18:06:24.928  2235  2298 I OpenGLRenderer: Initialized EGL, version 1.4
12-31 18:06:24.929  2235  2298 D OpenGLRenderer: Swap behavior 1
12-31 18:06:24.934  2235  2235 I RobotControllerAccessPointAssistant: Wi-Fi state change:, wifiApState: 13
12-31 18:06:24.935  2235  2235 I FTCService: onNetworkConnectionEvent: CONNECTION_INFO_AVAILABLE
12-31 18:06:24.935  2235  2235 I RobotCore: password
12-31 18:06:24.935  2235  2235 I FTCService: Network Connection Passphrase: password
12-31 18:06:24.935  2235  2235 V CoreRobotWebServer: starting port=8080
12-31 18:06:24.947  2235  2235 V RobotCore: Getting network assistant of type: RCWIRELESSAP
12-31 18:06:24.948  2235  2235 V CoreRobotWebServer: started port=8080
12-31 18:06:24.948  2235  2235 V FTCService: RCActivity.controllerService=bound
12-31 18:06:24.949  2235  2235 V UpdateUI: Network: active, disconnected
12-31 18:06:24.950  2235  2235 V RobotCore: Robot Status: stopped
12-31 18:06:24.957  2235  2304 V TooTallWebSocketServer: Started WebSocket server on port 8081
12-31 18:06:24.961  2235  2307 V RobotCore: thread: 'RobotSetupRunnable.run()' starting...
12-31 18:06:24.961  2235  2307 V FTCService: Processing robot setup
12-31 18:06:24.962  2235  2307 V RobotCore: Robot Status: stopped, scanning for USB devices
12-31 18:06:24.962  2235  2307 I AppAliveNotifier: Telling the OS to set the RC alive notification timeout to 10 seconds
12-31 18:06:24.984  2235  2235 V WebSocketManager: Registered handler for namespace ONBOTJAVA
12-31 18:06:24.994  2235  2298 I [Gralloc]:  ion device open success! fd = 92
12-31 18:06:25.081  2235  2235 V AppUtil : rootActivity=PermissionValidatorWrapper destroyed
12-31 18:06:25.082  2235  2235 V AppUtil : rootActivity=FtcRobotControllerActivity
12-31 18:06:25.082  2235  2235 I PermissionValidatorActivity: Lifecycle onDestroy : e96b6b5
12-31 18:06:26.381  2235  2306 V FtcWebSocket: Opening websocket (ip=192.168.43.110/192.168.43.110 port=8081)
12-31 18:06:26.387  2235  2306 V WebSocketManager: Subscribed websocket (ip=192.168.43.110/192.168.43.110 port=8081) to namespace (progress)
12-31 18:06:26.388  2235  2306 V WebSocketManager: Subscribed websocket (ip=192.168.43.110/192.168.43.110 port=8081) to namespace (ControlHubUpdater)
12-31 18:06:26.666  2235  2318 I RobotCore: password
12-31 18:06:26.734  2235  2321 V ProgrammingModeManager: serve uri=/css/colors.less
12-31 18:06:26.978  2235  2315 I RobotCore: password
12-31 18:06:27.105  2235  2318 V ProgrammingModeManager: serve uri=/css/colors.less
12-31 18:06:28.954  2235  2318 I RobotCore: password
12-31 18:06:29.969  2235  2307 V RobotCore: EventLoopManager state is NOT_STARTED
12-31 18:06:29.970  2235  2307 V FTCService: Waiting for a connection to a Wi-Fi service
12-31 18:06:29.970  2235  2307 V RobotCore: Robot Status: stopped, waiting for network to become active
12-31 18:06:29.972  2235  2307 I RobotControllerAccessPointAssistant: Wi-Fi AP is enabled
12-31 18:06:29.972  2235  2307 V CoreRobotWebServer: Asked an already running WebServer to start
12-31 18:06:29.973  2235  2307 V RobotCore: Robot Status: stopped, starting robot
12-31 18:06:29.973  2235  2307 V Robocol : EventLoopManager.start()
12-31 18:06:29.973  2235  2307 V RobotCore: Getting network assistant of type: RCWIRELESSAP
12-31 18:06:29.974  2235  2307 I RobotControllerAccessPointAssistant: Wi-Fi AP is enabled
12-31 18:06:29.974  2235  2307 V Robocol : Spoofing a Network Connection event...
12-31 18:06:29.975  2235  2307 I EventLoopManager: onNetworkConnectionEvent: CONNECTION_INFO_AVAILABLE
12-31 18:06:29.975  2235  2307 I Robocol : Received network connection event
12-31 18:06:29.976  2235  2307 I RobotControllerAccessPointAssistant: Wi-Fi AP is enabled
12-31 18:06:29.976  2235  2307 I NetworkConnectionHandler: Handling new network connection infomation, connected: true setup needed: true
12-31 18:06:29.977  2235  2307 I RobotControllerAccessPointAssistant: Wi-Fi AP is enabled
12-31 18:06:32.996  2235  2337 V RobotCore: thread: 'SetupRunnable.run()' starting...
12-31 18:06:32.997  2235  2307 V RobotCore: EventLoopManager state is STOPPED
12-31 18:06:32.998  2235  2307 V Robocol : eventLoop=FtcEventLoop
12-31 18:06:32.999  2235  2307 V RobotCore: EventLoopManager state is INIT
12-31 18:06:33.000  2235  2307 V RobotCore: Robot Status: initializing, starting robot
12-31 18:06:33.001  2235  2307 I FtcEventLoop: ======= INIT START =======
12-31 18:06:33.002  2235  2307 V OpmodeRegistration: registered {DefaultOpMode} as {$Stop$Robot$}
12-31 18:06:33.017  2235  2337 D Robocol : RobocolDatagramSocket listening addr=/192.168.43.1:20884 cbRec=65520 cbSend=106496 msRecTO=300
12-31 18:06:33.019  2235  2337 V Robocol : RecvLoopRunnable created
12-31 18:06:33.021  2235  2338 V Robocol : PacketProcessor started
12-31 18:06:33.026  2235  2339 V Robocol : CommandProcessor started
12-31 18:06:33.029  2235  2340 V RobotCore: thread: 'RecvLoopRunnable.run()' starting...
12-31 18:06:33.031  2235  2337 V PeerDiscovery: Starting peer discovery remote: /192.168.43.1 local: /192.168.43.1
12-31 18:06:33.031  2235  2337 V PeerDiscovery: No need for initiating peer discovery, we are the Robot Controller
12-31 18:06:33.031  2235  2337 V RobotCore: Setup complete
12-31 18:06:33.031  2235  2337 V RobotCore: thread: ...terminating 'SetupRunnable.run()'
12-31 18:06:33.237  2235  2307 V MD5     : Calculated digest: 9d9a9ed11665dc92c91c475aad54ef94
12-31 18:06:33.237  2235  2307 V MD5     : Provided digest: 9d9a9ed11665dc92c91c475aad54ef94
12-31 18:06:33.331  2235  2340 E Robocol : exception SocketTimeoutException(Receive timed out): no packet received [java.net.PlainDatagramSocketImpl.receive0(Native Method)]
12-31 18:06:33.875  2235  2307 V OpmodeRegistration: registered {AutonomousRight} as {AutonomousRight}
12-31 18:06:33.875  2235  2307 V OpmodeRegistration: registered {ConceptAutoDriveCalibration} as {POC: Auto Drive Calibration}
12-31 18:06:33.875  2235  2307 V OpmodeRegistration: registered {ConceptFieldNavigationAutoV2} as {POC - Field Nav Encoder}
12-31 18:06:33.876  2235  2307 V OpmodeRegistration: registered {ConceptAutoDriveByGyro} as {POC: Drive By Gyro}
12-31 18:06:33.876  2235  2307 V OpmodeRegistration: registered {ConceptFieldNavigation} as {POC - Field Nav}
12-31 18:06:33.877  2235  2307 V OpmodeRegistration: registered {TensorFlowObjectDetectionWebcam} as {Nap: camera 3}
12-31 18:06:33.878  2235  2307 V OpmodeRegistration: registered {TeleopCalibration} as {TeleopCalibration}
