11-27 14:21:06.396 10870 11496 I global  :  RENO - ChassisWith4Motors.driveWithPIDControl(ChassisWith4Motors.java:481): tDistance = -9.50, currLocation = 0.98
11-27 14:21:06.397 10870 11496 I global  :  RENO - ChassisWith4Motors.driveWithPIDControl(ChassisWith4Motors.java:482): rampUpPower = 0.40, rampDownPower = 0.29
11-27 14:21:06.403 10870 11496 I global  :  RENO - ChassisWith4Motors.driveWithPIDControl(ChassisWith4Motors.java:488): power = 0.29, correction = -0.01, global angle = 0.188, last angle = 46.13
11-27 14:21:06.419 10870 11496 I global  :  RENO - ChassisWith4Motors.driveWithPIDControl(ChassisWith4Motors.java:481): tDistance = -9.50, currLocation = 1.22
11-27 14:21:06.420 10870 11496 I global  :  RENO - ChassisWith4Motors.driveWithPIDControl(ChassisWith4Motors.java:482): rampUpPower = 0.41, rampDownPower = 0.29
11-27 14:21:06.427 10870 11496 I global  :  RENO - ChassisWith4Motors.driveWithPIDControl(ChassisWith4Motors.java:488): power = 0.29, correction = -0.01, global angle = 0.313, last angle = 46.25
11-27 14:21:06.444 10870 11496 I global  :  RENO - ChassisWith4Motors.driveWithPIDControl(ChassisWith4Motors.java:481): tDistance = -9.50, currLocation = 1.52
11-27 14:21:06.445 10870 11496 I global  :  RENO - ChassisWith4Motors.driveWithPIDControl(ChassisWith4Motors.java:482): rampUpPower = 0.43, rampDownPower = 0.28
11-27 14:21:06.450 10870 11496 I global  :  RENO - ChassisWith4Motors.driveWithPIDControl(ChassisWith4Motors.java:488): power = 0.28, correction = -0.01, global angle = 0.375, last angle = 46.31
11-27 14:21:06.467 10870 11496 I global  :  RENO - ChassisWith4Motors.driveWithPIDControl(ChassisWith4Motors.java:481): tDistance = -9.50, currLocation = 1.80
11-27 14:21:06.468 10870 11496 I global  :  RENO - ChassisWith4Motors.driveWithPIDControl(ChassisWith4Motors.java:482): rampUpPower = 0.45, rampDownPower = 0.28
11-27 14:21:06.472 10870 11496 I global  :  RENO - ChassisWith4Motors.driveWithPIDControl(ChassisWith4Motors.java:488): power = 0.28, correction = -0.02, global angle = 0.563, last angle = 46.50
11-27 14:21:06.489 10870 11496 I global  :  RENO - ChassisWith4Motors.driveWithPIDControl(ChassisWith4Motors.java:481): tDistance = -9.50, currLocation = 2.06
11-27 14:21:06.490 10870 11496 I global  :  RENO - ChassisWith4Motors.driveWithPIDControl(ChassisWith4Motors.java:482): rampUpPower = 0.46, rampDownPower = 0.28
11-27 14:21:06.496 10870 11496 I global  :  RENO - ChassisWith4Motors.driveWithPIDControl(ChassisWith4Motors.java:488): power = 0.28, correction = -0.02, global angle = 0.563, last angle = 46.50
11-27 14:21:06.512 10870 11496 I global  :  RENO - ChassisWith4Motors.driveWithPIDControl(ChassisWith4Motors.java:481): tDistance = -9.50, currLocation = 2.31
11-27 14:21:06.512 10870 11496 I global  :  RENO - ChassisWith4Motors.driveWithPIDControl(ChassisWith4Motors.java:482): rampUpPower = 0.47, rampDownPower = 0.27
11-27 14:21:06.518 10870 11496 I global  :  RENO - ChassisWith4Motors.driveWithPIDControl(ChassisWith4Motors.java:488): power = 0.27, correction = -0.02, global angle = 0.500, last angle = 46.44
11-27 14:21:06.533 10870 11496 I global  :  RENO - ChassisWith4Motors.driveWithPIDControl(ChassisWith4Motors.java:481): tDistance = -9.50, currLocation = 2.55
11-27 14:21:06.535 10870 11496 I global  :  RENO - ChassisWith4Motors.driveWithPIDControl(ChassisWith4Motors.java:482): rampUpPower = 0.49, rampDownPower = 0.27
11-27 14:21:06.540 10870 11496 I global  :  RENO - ChassisWith4Motors.driveWithPIDControl(ChassisWith4Motors.java:488): power = 0.27, correction = -0.02, global angle = 0.438, last angle = 46.38
11-27 14:21:06.547 10870 11504 I global  :  RENO - ObjectDetection.verifyObjectDetected(ObjectDetection.java:314): per [0] = 0.818
11-27 14:21:06.549 10870 11504 I global  :  RENO - ObjectDetection.verifyObjectDetected(ObjectDetection.java:314): per [1] = 0.836
11-27 14:21:06.550 10870 11504 I global  :  RENO - ObjectDetection.verifyObjectDetected(ObjectDetection.java:314): per [2] = 0.921
11-27 14:21:06.558 10870 11504 I global  :  RENO - ObjectDetection.processFrame(ObjectDetection.java:83): Start Opcv process to detect sleeve color.
11-27 14:21:06.558 10870 11496 I global  :  RENO - ChassisWith4Motors.driveWithPIDControl(ChassisWith4Motors.java:481): tDistance = -9.50, currLocation = 2.83
11-27 14:21:06.559 10870 11504 I global  :  RENO - ObjectDetection.sleeveColorDetect(ObjectDetection.java:121): Start Opcv process to detect sleeve color.
11-27 14:21:06.560 10870 11496 I global  :  RENO - ChassisWith4Motors.driveWithPIDControl(ChassisWith4Motors.java:482): rampUpPower = 0.50, rampDownPower = 0.27
11-27 14:21:06.560 10870 11504 I global  :  RENO - ObjectDetection.sleeveColorDetect(ObjectDetection.java:128): Sleeve max color = 177354.00, 148861.00, 113003.00
11-27 14:21:06.561 10870 11504 I global  :  RENO - ObjectDetection.sleeveColorDetect(ObjectDetection.java:147): Sleeve position: LEFT
11-27 14:21:06.562 10870 11504 I global  :  RENO - ObjectDetection.processFrame(ObjectDetection.java:86): Start Opcv process to detect cone.
11-27 14:21:06.567 10870 11496 I global  :  RENO - ChassisWith4Motors.driveWithPIDControl(ChassisWith4Motors.java:488): power = 0.27, correction = -0.01, global angle = 0.188, last angle = 46.13
11-27 14:21:06.584 10870 11496 I global  :  RENO - ChassisWith4Motors.driveWithPIDControl(ChassisWith4Motors.java:481): tDistance = -9.50, currLocation = 3.11
11-27 14:21:06.586 10870 11496 I global  :  RENO - ChassisWith4Motors.driveWithPIDControl(ChassisWith4Motors.java:482): rampUpPower = 0.51, rampDownPower = 0.27
11-27 14:21:06.592 10870 11496 I global  :  RENO - ChassisWith4Motors.driveWithPIDControl(ChassisWith4Motors.java:488): power = 0.27, correction = -0.01, global angle = 0.125, last angle = 46.06
11-27 14:21:06.610 10870 11496 I global  :  RENO - ChassisWith4Motors.driveWithPIDControl(ChassisWith4Motors.java:481): tDistance = -9.50, currLocation = 3.37
11-27 14:21:06.612 10870 11496 I global  :  RENO - ChassisWith4Motors.driveWithPIDControl(ChassisWith4Motors.java:482): rampUpPower = 0.53, rampDownPower = 0.26
11-27 14:21:06.616 10870 11496 I global  :  RENO - ChassisWith4Motors.driveWithPIDControl(ChassisWith4Motors.java:488): power = 0.26, correction = -0.00, global angle = 0.000, last angle = 45.94
11-27 14:21:06.633 10870 11496 I global  :  RENO - ChassisWith4Motors.driveWithPIDControl(ChassisWith4Motors.java:481): tDistance = -9.50, currLocation = 3.65
11-27 14:21:06.634 10870 11496 I global  :  RENO - ChassisWith4Motors.driveWithPIDControl(ChassisWith4Motors.java:482): rampUpPower = 0.54, rampDownPower = 0.26
11-27 14:21:06.640 10870 11496 I global  :  RENO - ChassisWith4Motors.driveWithPIDControl(ChassisWith4Motors.java:488): power = 0.26, correction = 0.00, global angle = -0.125, last angle = 45.81
11-27 14:21:06.656 10870 11496 I global  :  RENO - ChassisWith4Motors.driveWithPIDControl(ChassisWith4Motors.java:481): tDistance = -9.50, currLocation = 3.93
11-27 14:21:06.658 10870 11496 I global  :  RENO - ChassisWith4Motors.driveWithPIDControl(ChassisWith4Motors.java:482): rampUpPower = 0.56, rampDownPower = 0.26
11-27 14:21:06.663 10870 11496 I global  :  RENO - ChassisWith4Motors.driveWithPIDControl(ChassisWith4Motors.java:488): power = 0.26, correction = 0.01, global angle = -0.188, last angle = 45.75
11-27 14:21:06.680 10870 11496 I global  :  RENO - ChassisWith4Motors.driveWithPIDControl(ChassisWith4Motors.java:481): tDistance = -9.50, currLocation = 4.21
11-27 14:21:06.681 10870 11496 I global  :  RENO - ChassisWith4Motors.driveWithPIDControl(ChassisWith4Motors.java:482): rampUpPower = 0.57, rampDownPower = 0.25
11-27 14:21:06.687 10870 11496 I global  :  RENO - ChassisWith4Motors.driveWithPIDControl(ChassisWith4Motors.java:488): power = 0.25, correction = 0.01, global angle = -0.125, last angle = 45.81
11-27 14:21:06.704 10870 11496 I global  :  RENO - ChassisWith4Motors.driveWithPIDControl(ChassisWith4Motors.java:481): tDistance = -9.50, currLocation = 4.56
11-27 14:21:06.705 10870 11496 I global  :  RENO - ChassisWith4Motors.driveWithPIDControl(ChassisWith4Motors.java:482): rampUpPower = 0.59, rampDownPower = 0.25
11-27 14:21:06.712 10870 11496 I global  :  RENO - ChassisWith4Motors.driveWithPIDControl(ChassisWith4Motors.java:488): power = 0.25, correction = 0.01, global angle = -0.125, last angle = 45.81
11-27 14:21:06.736 10870 11496 I global  :  RENO - ChassisWith4Motors.driveWithPIDControl(ChassisWith4Motors.java:481): tDistance = -9.50, currLocation = 4.93
11-27 14:21:06.738 10870 11496 I global  :  RENO - ChassisWith4Motors.driveWithPIDControl(ChassisWith4Motors.java:482): rampUpPower = 0.61, rampDownPower = 0.25
11-27 14:21:06.744 10870 11496 I global  :  RENO - ChassisWith4Motors.driveWithPIDControl(ChassisWith4Motors.java:488): power = 0.25, correction = 0.01, global angle = -0.125, last angle = 45.81
11-27 14:21:06.761 10870 11496 I global  :  RENO - ChassisWith4Motors.driveWithPIDControl(ChassisWith4Motors.java:481): tDistance = -9.50, currLocation = 5.23
11-27 14:21:06.762 10870 11496 I global  :  RENO - ChassisWith4Motors.driveWithPIDControl(ChassisWith4Motors.java:482): rampUpPower = 0.63, rampDownPower = 0.24
11-27 14:21:06.767 10870 11496 I global  :  RENO - ChassisWith4Motors.driveWithPIDControl(ChassisWith4Motors.java:488): power = 0.24, correction = 0.01, global angle = -0.125, last angle = 45.81
11-27 14:21:06.785 10870 11496 I global  :  RENO - ChassisWith4Motors.driveWithPIDControl(ChassisWith4Motors.java:481): tDistance = -9.50, currLocation = 5.56
11-27 14:21:06.786 10870 11496 I global  :  RENO - ChassisWith4Motors.driveWithPIDControl(ChassisWith4Motors.java:482): rampUpPower = 0.64, rampDownPower = 0.24
11-27 14:21:06.793 10870 11496 I global  :  RENO - ChassisWith4Motors.driveWithPIDControl(ChassisWith4Motors.java:488): power = 0.24, correction = 0.01, global angle = -0.125, last angle = 45.81
11-27 14:21:06.814 10870 11496 I global  :  RENO - ChassisWith4Motors.driveWithPIDControl(ChassisWith4Motors.java:481): tDistance = -9.50, currLocation = 5.96
11-27 14:21:06.815 10870 11496 I global  :  RENO - ChassisWith4Motors.driveWithPIDControl(ChassisWith4Motors.java:482): rampUpPower = 0.67, rampDownPower = 0.24
11-27 14:21:06.821 10870 11496 I global  :  RENO - ChassisWith4Motors.driveWithPIDControl(ChassisWith4Motors.java:488): power = 0.24, correction = 0.01, global angle = -0.125, last angle = 45.81
11-27 14:21:06.837 10870 11496 I global  :  RENO - ChassisWith4Motors.driveWithPIDControl(ChassisWith4Motors.java:481): tDistance = -9.50, currLocation = 6.24
11-27 14:21:06.838 10870 11496 I global  :  RENO - ChassisWith4Motors.driveWithPIDControl(ChassisWith4Motors.java:482): rampUpPower = 0.68, rampDownPower = 0.23
11-27 14:21:06.843 10870 11496 I global  :  RENO - ChassisWith4Motors.driveWithPIDControl(ChassisWith4Motors.java:488): power = 0.23, correction = 0.00, global angle = -0.063, last angle = 45.88
11-27 14:21:06.859 10870 11496 I global  :  RENO - ChassisWith4Motors.driveWithPIDControl(ChassisWith4Motors.java:481): tDistance = -9.50, currLocation = 6.52
11-27 14:21:06.861 10870 11496 I global  :  RENO - ChassisWith4Motors.driveWithPIDControl(ChassisWith4Motors.java:482): rampUpPower = 0.70, rampDownPower = 0.23
11-27 14:21:06.865 10870 11496 I global  :  RENO - ChassisWith4Motors.driveWithPIDControl(ChassisWith4Motors.java:488): power = 0.23, correction = 0.01, global angle = -0.063, last angle = 45.88
11-27 14:21:06.881 10870 11496 I global  :  RENO - ChassisWith4Motors.driveWithPIDControl(ChassisWith4Motors.java:481): tDistance = -9.50, currLocation = 6.80
11-27 14:21:06.882 10870 11496 I global  :  RENO - ChassisWith4Motors.driveWithPIDControl(ChassisWith4Motors.java:482): rampUpPower = 0.71, rampDownPower = 0.23
11-27 14:21:06.889 10870 11496 I global  :  RENO - ChassisWith4Motors.driveWithPIDControl(ChassisWith4Motors.java:488): power = 0.23, correction = 0.00, global angle = 0.000, last angle = 45.94
11-27 14:21:06.903 10870 11496 I global  :  RENO - ChassisWith4Motors.driveWithPIDControl(ChassisWith4Motors.java:481): tDistance = -9.50, currLocation = 7.13
11-27 14:21:06.905 10870 11496 I global  :  RENO - ChassisWith4Motors.driveWithPIDControl(ChassisWith4Motors.java:482): rampUpPower = 0.73, rampDownPower = 0.22
11-27 14:21:06.910 10870 11504 I global  :  RENO - ObjectDetection.verifyObjectDetected(ObjectDetection.java:314): per [0] = 0.813
11-27 14:21:06.910 10870 11496 I global  :  RENO - ChassisWith4Motors.driveWithPIDControl(ChassisWith4Motors.java:488): power = 0.22, correction = 0.00, global angle = 0.000, last angle = 45.94
11-27 14:21:06.911 10870 11504 I global  :  RENO - ObjectDetection.verifyObjectDetected(ObjectDetection.java:314): per [1] = 0.844
11-27 14:21:06.912 10870 11504 I global  :  RENO - ObjectDetection.verifyObjectDetected(ObjectDetection.java:314): per [2] = 0.946
11-27 14:21:06.918 10870 11504 I global  :  RENO - ObjectDetection.processFrame(ObjectDetection.java:83): Start Opcv process to detect sleeve color.
11-27 14:21:06.918 10870 11504 I global  :  RENO - ObjectDetection.sleeveColorDetect(ObjectDetection.java:121): Start Opcv process to detect sleeve color.
11-27 14:21:06.920 10870 11504 I global  :  RENO - ObjectDetection.sleeveColorDetect(ObjectDetection.java:128): Sleeve max color = 197522.00, 176165.00, 149623.00
11-27 14:21:06.921 10870 11504 I global  :  RENO - ObjectDetection.sleeveColorDetect(ObjectDetection.java:147): Sleeve position: LEFT
11-27 14:21:06.922 10870 11504 I global  :  RENO - ObjectDetection.processFrame(ObjectDetection.java:86): Start Opcv process to detect cone.
11-27 14:21:06.928 10870 11496 I global  :  RENO - ChassisWith4Motors.driveWithPIDControl(ChassisWith4Motors.java:481): tDistance = -9.50, currLocation = 7.43
11-27 14:21:06.928 10870 11496 I global  :  RENO - ChassisWith4Motors.driveWithPIDControl(ChassisWith4Motors.java:482): rampUpPower = 0.74, rampDownPower = 0.22
11-27 14:21:06.934 10870 11496 I global  :  RENO - ChassisWith4Motors.driveWithPIDControl(ChassisWith4Motors.java:488): power = 0.22, correction = 0.00, global angle = 0.000, last angle = 45.94
11-27 14:21:06.951 10870 11496 I global  :  RENO - ChassisWith4Motors.driveWithPIDControl(ChassisWith4Motors.java:481): tDistance = -9.50, currLocation = 7.74
11-27 14:21:06.952 10870 11496 I global  :  RENO - ChassisWith4Motors.driveWithPIDControl(ChassisWith4Motors.java:482): rampUpPower = 0.76, rampDownPower = 0.22
11-27 14:21:06.956 10870 11496 I global  :  RENO - ChassisWith4Motors.driveWithPIDControl(ChassisWith4Motors.java:488): power = 0.22, correction = 0.00, global angle = 0.000, last angle = 45.94
11-27 14:21:06.974 10870 11496 I global  :  RENO - ChassisWith4Motors.driveWithPIDControl(ChassisWith4Motors.java:481): tDistance = -9.50, currLocation = 8.04
11-27 14:21:06.975 10870 11496 I global  :  RENO - ChassisWith4Motors.driveWithPIDControl(ChassisWith4Motors.java:482): rampUpPower = 0.78, rampDownPower = 0.22
11-27 14:21:06.981 10870 11496 I global  :  RENO - ChassisWith4Motors.driveWithPIDControl(ChassisWith4Motors.java:488): power = 0.22, correction = -0.00, global angle = 0.063, last angle = 46.00
11-27 14:21:06.999 10870 11496 I global  :  RENO - ChassisWith4Motors.driveWithPIDControl(ChassisWith4Motors.java:481): tDistance = -9.50, currLocation = 8.32
11-27 14:21:07.001 10870 11496 I global  :  RENO - ChassisWith4Motors.driveWithPIDControl(ChassisWith4Motors.java:482): rampUpPower = 0.79, rampDownPower = 0.21
11-27 14:21:07.008 10870 11496 I global  :  RENO - ChassisWith4Motors.driveWithPIDControl(ChassisWith4Motors.java:488): power = 0.21, correction = -0.01, global angle = 0.125, last angle = 46.06
11-27 14:21:07.027 10870 11496 I global  :  RENO - ChassisWith4Motors.driveWithPIDControl(ChassisWith4Motors.java:481): tDistance = -9.50, currLocation = 8.60
11-27 14:21:07.028 10870 11496 I global  :  RENO - ChassisWith4Motors.driveWithPIDControl(ChassisWith4Motors.java:482): rampUpPower = 0.81, rampDownPower = 0.21
11-27 14:21:07.038 10870 11496 I global  :  RENO - ChassisWith4Motors.driveWithPIDControl(ChassisWith4Motors.java:488): power = 0.21, correction = 0.00, global angle = 0.000, last angle = 45.94
11-27 14:21:07.056 10870 11496 I global  :  RENO - ChassisWith4Motors.driveWithPIDControl(ChassisWith4Motors.java:481): tDistance = -9.50, currLocation = 8.93
11-27 14:21:07.057 10870 11496 I global  :  RENO - ChassisWith4Motors.driveWithPIDControl(ChassisWith4Motors.java:482): rampUpPower = 0.82, rampDownPower = 0.21
11-27 14:21:07.063 10870 11496 I global  :  RENO - ChassisWith4Motors.driveWithPIDControl(ChassisWith4Motors.java:488): power = 0.21, correction = 0.01, global angle = -0.188, last angle = 45.75
11-27 14:21:07.082 10870 11496 I global  :  RENO - ChassisWith4Motors.driveWithPIDControl(ChassisWith4Motors.java:481): tDistance = -9.50, currLocation = 9.23
11-27 14:21:07.082 10870 11496 I global  :  RENO - ChassisWith4Motors.driveWithPIDControl(ChassisWith4Motors.java:482): rampUpPower = 0.84, rampDownPower = 0.20
11-27 14:21:07.087 10870 11496 I global  :  RENO - ChassisWith4Motors.driveWithPIDControl(ChassisWith4Motors.java:488): power = 0.20, correction = 0.01, global angle = -0.063, last angle = 45.88
11-27 14:21:07.104 10870 11496 I global  :  RENO - ChassisWith4Motors.driveWithPIDControl(ChassisWith4Motors.java:501): Autonomous -power = 0.20, global angle = -0.063
11-27 14:21:07.120 10870 11496 I global  :  RENO - ChassisWith4Motors.runToPosition(ChassisWith4Motors.java:579): Required moving distance -9.50.
11-27 14:21:07.122 10870 11496 I global  :  RENO - ChassisWith4Motors.runToPosition(ChassisWith4Motors.java:580): Target Position = -406
11-27 14:21:07.123 10870 11496 I global  :  RENO - ChassisWith4Motors.runToPosition(ChassisWith4Motors.java:581): PID = -1
11-27 14:21:07.131 10870 11496 I global  :  RENO - ChassisWith4Motors.runToPosition(ChassisWith4Motors.java:582): Current Position after moving, FL = -413, FR= -417, BL = -405, BR = -412
11-27 14:21:07.137 10870 11496 I global  :  RENO - AutonomousRight.autoUnloadCone(AutonomousRight.java:472): Auto unload - Cone has been unloaded.
11-27 14:21:07.138 10870 11496 I global  :  RENO - AutonomousRight.autonomousCore(AutonomousRight.java:336): Autonomous - cone 2 has been unloaded.
11-27 14:21:07.139 10870 11496 I global  :  RENO - AutonomousRight.autonomousCore(AutonomousRight.java:273): Autonomous - loop index: 1 
11-27 14:21:07.172 10870 11496 I global  :  RENO - ChassisWith4Motors.rotate(ChassisWith4Motors.java:362): Positions: FL = 2, FR = 3, BL = 4, BR = 5
11-27 14:21:07.174 10870 11496 I global  :  RENO - ChassisWith4Motors.rotate(ChassisWith4Motors.java:364): Powers: FL = 0.90, FR = -0.90, BL = 0.90, BR = -0.90
11-27 14:21:07.190 10870 11496 I global  :  RENO - ChassisWith4Motors.rotate(ChassisWith4Motors.java:362): Positions: FL = 4, FR = 8, BL = 7, BR = 9
11-27 14:21:07.191 10870 11496 I global  :  RENO - ChassisWith4Motors.rotate(ChassisWith4Motors.java:364): Powers: FL = 0.90, FR = -0.90, BL = 0.90, BR = -0.90
11-27 14:21:07.202 10870 11496 I global  :  RENO - ChassisWith4Motors.rotate(ChassisWith4Motors.java:362): Positions: FL = 3, FR = 18, BL = 4, BR = 19
11-27 14:21:07.204 10870 11496 I global  :  RENO - ChassisWith4Motors.rotate(ChassisWith4Motors.java:364): Powers: FL = 0.90, FR = -0.90, BL = 0.90, BR = -0.90
11-27 14:21:07.214 10870 11496 I global  :  RENO - ChassisWith4Motors.rotate(ChassisWith4Motors.java:362): Positions: FL = 16, FR = 33, BL = 2, BR = 34
11-27 14:21:07.215 10870 11496 I global  :  RENO - ChassisWith4Motors.rotate(ChassisWith4Motors.java:364): Powers: FL = 0.90, FR = -0.90, BL = 0.90, BR = -0.90
11-27 14:21:07.226 10870 11496 I global  :  RENO - ChassisWith4Motors.rotate(ChassisWith4Motors.java:362): Positions: FL = 32, FR = 48, BL = 12, BR = 49
11-27 14:21:07.227 10870 11496 I global  :  RENO - ChassisWith4Motors.rotate(ChassisWith4Motors.java:364): Powers: FL = 0.90, FR = -0.90, BL = 0.90, BR = -0.90
11-27 14:21:07.239 10870 11496 I global  :  RENO - ChassisWith4Motors.rotate(ChassisWith4Motors.java:362): Positions: FL = 53, FR = 67, BL = 27, BR = 67
11-27 14:21:07.240 10870 11496 I global  :  RENO - ChassisWith4Motors.rotate(ChassisWith4Motors.java:364): Powers: FL = 0.90, FR = -0.00, BL = 0.99, BR = -0.00
11-27 14:21:07.256 10870 11496 I global  :  RENO - ChassisWith4Motors.rotate(ChassisWith4Motors.java:362): Positions: FL = 90, FR = 93, BL = 56, BR = 96
11-27 14:21:07.257 10870 11496 I global  :  RENO - ChassisWith4Motors.rotate(ChassisWith4Motors.java:364): Powers: FL = 0.60, FR = -0.47, BL = 0.99, BR = -0.34
11-27 14:21:07.270 10870 11504 I global  :  RENO - ObjectDetection.verifyObjectDetected(ObjectDetection.java:314): per [0] = 0.836
11-27 14:21:07.271 10870 11504 I global  :  RENO - ObjectDetection.verifyObjectDetected(ObjectDetection.java:314): per [1] = 0.852
11-27 14:21:07.272 10870 11504 I global  :  RENO - ObjectDetection.verifyObjectDetected(ObjectDetection.java:314): per [2] = 0.924
11-27 14:21:07.272 10870 11496 I global  :  RENO - ChassisWith4Motors.rotate(ChassisWith4Motors.java:362): Positions: FL = 119, FR = 103, BL = 82, BR = 109
11-27 14:21:07.273 10870 11496 I global  :  RENO - ChassisWith4Motors.rotate(ChassisWith4Motors.java:364): Powers: FL = 0.34, FR = -0.90, BL = 0.99, BR = -0.69
11-27 14:21:07.280 10870 11504 I global  :  RENO - ObjectDetection.processFrame(ObjectDetection.java:83): Start Opcv process to detect sleeve color.
11-27 14:21:07.281 10870 11504 I global  :  RENO - ObjectDetection.sleeveColorDetect(ObjectDetection.java:121): Start Opcv process to detect sleeve color.
11-27 14:21:07.282 10870 11504 I global  :  RENO - ObjectDetection.sleeveColorDetect(ObjectDetection.java:128): Sleeve max color = 215526.00, 200173.00, 180290.00
11-27 14:21:07.283 10870 11504 I global  :  RENO - ObjectDetection.sleeveColorDetect(ObjectDetection.java:147): Sleeve position: LEFT
11-27 14:21:07.284 10870 11504 I global  :  RENO - ObjectDetection.processFrame(ObjectDetection.java:86): Start Opcv process to detect cone.
11-27 14:21:07.292 10870 11496 I global  :  RENO - ChassisWith4Motors.rotate(ChassisWith4Motors.java:362): Positions: FL = 149, FR = 119, BL = 115, BR = 125
11-27 14:21:07.293 10870 11496 I global  :  RENO - ChassisWith4Motors.rotate(ChassisWith4Motors.java:364): Powers: FL = 0.28, FR = -0.99, BL = 0.99, BR = -0.96
11-27 14:21:07.308 10870 11496 I global  :  RENO - ChassisWith4Motors.rotate(ChassisWith4Motors.java:362): Positions: FL = 190, FR = 147, BL = 160, BR = 154
11-27 14:21:07.309 10870 11496 I global  :  RENO - ChassisWith4Motors.rotate(ChassisWith4Motors.java:364): Powers: FL = 0.28, FR = -0.99, BL = 0.94, BR = -0.99
11-27 14:21:07.323 10870 11496 I global  :  RENO - ChassisWith4Motors.rotate(ChassisWith4Motors.java:362): Positions: FL = 214, FR = 167, BL = 190, BR = 178
11-27 14:21:07.324 10870 11496 I global  :  RENO - ChassisWith4Motors.rotate(ChassisWith4Motors.java:364): Powers: FL = 0.38, FR = -0.99, BL = 0.84, BR = -0.99
11-27 14:21:07.337 10870 11496 I global  :  RENO - ChassisWith4Motors.rotate(ChassisWith4Motors.java:362): Positions: FL = 235, FR = 191, BL = 222, BR = 203
11-27 14:21:07.338 10870 11496 I global  :  RENO - ChassisWith4Motors.rotate(ChassisWith4Motors.java:364): Powers: FL = 0.51, FR = -0.99, BL = 0.73, BR = -0.99
11-27 14:21:07.352 10870 11496 I global  :  RENO - ChassisWith4Motors.rotate(ChassisWith4Motors.java:362): Positions: FL = 256, FR = 219, BL = 254, BR = 231
11-27 14:21:07.354 10870 11496 I global  :  RENO - ChassisWith4Motors.rotate(ChassisWith4Motors.java:364): Powers: FL = 0.66, FR = -0.99, BL = 0.69, BR = -0.99
11-27 14:21:07.367 10870 11496 I global  :  RENO - ChassisWith4Motors.rotate(ChassisWith4Motors.java:362): Positions: FL = 279, FR = 252, BL = 286, BR = 263
11-27 14:21:07.368 10870 11496 I global  :  RENO - ChassisWith4Motors.rotate(ChassisWith4Motors.java:364): Powers: FL = 0.78, FR = -0.99, BL = 0.69, BR = -0.99
11-27 14:21:07.382 10870 11496 I global  :  RENO - ChassisWith4Motors.rotate(ChassisWith4Motors.java:362): Positions: FL = 302, FR = 283, BL = 310, BR = 295
11-27 14:21:07.383 10870 11496 I global  :  RENO - ChassisWith4Motors.rotate(ChassisWith4Motors.java:364): Powers: FL = 0.84, FR = -0.99, BL = 0.74, BR = -0.92
11-27 14:21:07.397 10870 11496 I global  :  RENO - ChassisWith4Motors.rotate(ChassisWith4Motors.java:362): Positions: FL = 331, FR = 318, BL = 337, BR = 332
11-27 14:21:07.399 10870 11496 I global  :  RENO - ChassisWith4Motors.rotate(ChassisWith4Motors.java:364): Powers: FL = 0.88, FR = -0.99, BL = 0.81, BR = -0.87
11-27 14:21:07.413 10870 11496 I global  :  RENO - ChassisWith4Motors.rotate(ChassisWith4Motors.java:362): Positions: FL = 362, FR = 352, BL = 362, BR = 369
11-27 14:21:07.415 10870 11496 I global  :  RENO - ChassisWith4Motors.rotate(ChassisWith4Motors.java:364): Powers: FL = 0.89, FR = -0.99, BL = 0.89, BR = -0.82
11-27 14:21:07.432 10870 11496 I global  :  RENO - ChassisWith4Motors.rotate(ChassisWith4Motors.java:362): Positions: FL = 396, FR = 391, BL = 395, BR = 409
11-27 14:21:07.434 10870 11496 I global  :  RENO - ChassisWith4Motors.rotate(ChassisWith4Motors.java:364): Powers: FL = 0.91, FR = -0.95, BL = 0.92, BR = -0.79
11-27 14:21:07.451 10870 11496 I global  :  RENO - ChassisWith4Motors.rotate(ChassisWith4Motors.java:362): Positions: FL = 431, FR = 431, BL = 427, BR = 443
11-27 14:21:07.453 10870 11496 I global  :  RENO - ChassisWith4Motors.rotate(ChassisWith4Motors.java:364): Powers: FL = 0.92, FR = -0.92, BL = 0.95, BR = -0.82
11-27 14:21:07.467 10870 11496 I global  :  RENO - ChassisWith4Motors.rotate(ChassisWith4Motors.java:362): Positions: FL = 467, FR = 474, BL = 465, BR = 481
11-27 14:21:07.468 10870 11496 I global  :  RENO - ChassisWith4Motors.rotate(ChassisWith4Motors.java:364): Powers: FL = 0.93, FR = -0.88, BL = 0.95, BR = -0.82
11-27 14:21:07.484 10870 11496 I global  :  RENO - ChassisWith4Motors.rotate(ChassisWith4Motors.java:362): Positions: FL = 499, FR = 510, BL = 497, BR = 515
11-27 14:21:07.485 10870 11496 I global  :  RENO - ChassisWith4Motors.rotate(ChassisWith4Motors.java:364): Powers: FL = 0.94, FR = -0.86, BL = 0.96, BR = -0.83
11-27 14:21:07.500 10870 11496 I global  :  RENO - ChassisWith4Motors.rotate(ChassisWith4Motors.java:362): Positions: FL = 534, FR = 547, BL = 532, BR = 553
11-27 14:21:07.501 10870 11496 I global  :  RENO - ChassisWith4Motors.rotate(ChassisWith4Motors.java:364): Powers: FL = 0.95, FR = -0.86, BL = 0.96, BR = -0.82
11-27 14:21:07.517 10870 11496 I global  :  RENO - ChassisWith4Motors.rotate(ChassisWith4Motors.java:362): Positions: FL = 569, FR = 584, BL = 566, BR = 589
11-27 14:21:07.518 10870 11496 I global  :  RENO - ChassisWith4Motors.rotate(ChassisWith4Motors.java:364): Powers: FL = 0.95, FR = -0.86, BL = 0.97, BR = -0.83
11-27 14:21:07.533 10870 11496 I global  :  RENO - ChassisWith4Motors.rotate(ChassisWith4Motors.java:362): Positions: FL = 606, FR = 622, BL = 602, BR = 627
11-27 14:21:07.536 10870 11496 I global  :  RENO - ChassisWith4Motors.rotate(ChassisWith4Motors.java:364): Powers: FL = 0.95, FR = -0.85, BL = 0.97, BR = -0.82
11-27 14:21:07.552 10870 11496 I global  :  RENO - ChassisWith4Motors.rotate(ChassisWith4Motors.java:362): Positions: FL = 647, FR = 662, BL = 643, BR = 668
11-27 14:21:07.554 10870 11496 I global  :  RENO - ChassisWith4Motors.rotate(ChassisWith4Motors.java:364): Powers: FL = 0.94, FR = -0.86, BL = 0.97, BR = -0.83
11-27 14:21:07.572 10870 11496 I global  :  RENO - ChassisWith4Motors.rotate(ChassisWith4Motors.java:362): Positions: FL = 690, FR = 704, BL = 686, BR = 711
11-27 14:21:07.574 10870 11496 I global  :  RENO - ChassisWith4Motors.rotate(ChassisWith4Motors.java:364): Powers: FL = 0.94, FR = -0.86, BL = 0.96, BR = -0.83
11-27 14:21:07.589 10870 11496 I global  :  RENO - ChassisWith4Motors.rotate(ChassisWith4Motors.java:362): Positions: FL = 732, FR = 743, BL = 728, BR = 750
11-27 14:21:07.590 10870 11496 I global  :  RENO - ChassisWith4Motors.rotate(ChassisWith4Motors.java:364): Powers: FL = 0.93, FR = -0.88, BL = 0.95, BR = -0.84
11-27 14:21:07.606 10870 11496 I global  :  RENO - ChassisWith4Motors.rotate(ChassisWith4Motors.java:362): Positions: FL = 769, FR = 778, BL = 765, BR = 784
11-27 14:21:07.607 10870 11496 I global  :  RENO - ChassisWith4Motors.rotate(ChassisWith4Motors.java:364): Powers: FL = 0.92, FR = -0.88, BL = 0.94, BR = -0.85
11-27 14:21:07.622 10870 11496 I global  :  RENO - ChassisWith4Motors.rotate(ChassisWith4Motors.java:362): Positions: FL = 810, FR = 815, BL = 805, BR = 821
11-27 14:21:07.624 10870 11496 I global  :  RENO - ChassisWith4Motors.rotate(ChassisWith4Motors.java:364): Powers: FL = 0.88, FR = -0.86, BL = 0.91, BR = -0.84
11-27 14:21:07.641 10870 11496 I global  :  RENO - ChassisWith4Motors.rotate(ChassisWith4Motors.java:362): Positions: FL = 848, FR = 854, BL = 847, BR = 861
11-27 14:21:07.643 10870 11496 I global  :  RENO - ChassisWith4Motors.rotate(ChassisWith4Motors.java:364): Powers: FL = 0.82, FR = -0.80, BL = 0.83, BR = -0.77
11-27 14:21:07.658 10870 11496 I global  :  RENO - ChassisWith4Motors.rotate(ChassisWith4Motors.java:362): Positions: FL = 892, FR = 894, BL = 887, BR = 901
11-27 14:21:07.659 10870 11496 I global  :  RENO - ChassisWith4Motors.rotate(ChassisWith4Motors.java:364): Powers: FL = 0.74, FR = -0.74, BL = 0.76, BR = -0.71
11-27 14:21:07.664 10870 11504 I global  :  RENO - ObjectDetection.verifyObjectDetected(ObjectDetection.java:314): per [0] = 0.809
11-27 14:21:07.665 10870 11504 I global  :  RENO - ObjectDetection.verifyObjectDetected(ObjectDetection.java:314): per [1] = 0.863
11-27 14:21:07.666 10870 11504 I global  :  RENO - ObjectDetection.verifyObjectDetected(ObjectDetection.java:314): per [2] = 0.946
11-27 14:21:07.672 10870 11504 I global  :  RENO - ObjectDetection.processFrame(ObjectDetection.java:83): Start Opcv process to detect sleeve color.
11-27 14:21:07.672 10870 11504 I global  :  RENO - ObjectDetection.sleeveColorDetect(ObjectDetection.java:121): Start Opcv process to detect sleeve color.
11-27 14:21:07.674 10870 11504 I global  :  RENO - ObjectDetection.sleeveColorDetect(ObjectDetection.java:128): Sleeve max color = 378128.00, 382500.00, 382500.00
11-27 14:21:07.674 10870 11504 I global  :  RENO - ObjectDetection.sleeveColorDetect(ObjectDetection.java:147): Sleeve position: CENTER
11-27 14:21:07.675 10870 11504 I global  :  RENO - ObjectDetection.processFrame(ObjectDetection.java:86): Start Opcv process to detect cone.
11-27 14:21:07.683 10870 11496 I global  :  RENO - ChassisWith4Motors.rotate(ChassisWith4Motors.java:362): Positions: FL = 942, FR = 942, BL = 939, BR = 952
11-27 14:21:07.685 10870 11496 I global  :  RENO - ChassisWith4Motors.rotate(ChassisWith4Motors.java:364): Powers: FL = 0.68, FR = -0.68, BL = 0.69, BR = -0.64
11-27 14:21:07.704 10870 11496 I global  :  RENO - ChassisWith4Motors.rotate(ChassisWith4Motors.java:362): Positions: FL = 983, FR = 979, BL = 980, BR = 991
11-27 14:21:07.706 10870 11496 I global  :  RENO - ChassisWith4Motors.rotate(ChassisWith4Motors.java:364): Powers: FL = 0.61, FR = -0.62, BL = 0.62, BR = -0.58
11-27 14:21:07.720 10870 11496 I global  :  RENO - ChassisWith4Motors.rotate(ChassisWith4Motors.java:362): Positions: FL = 1029, FR = 1021, BL = 1020, BR = 1027
11-27 14:21:07.721 10870 11496 I global  :  RENO - ChassisWith4Motors.rotate(ChassisWith4Motors.java:364): Powers: FL = 0.52, FR = -0.55, BL = 0.55, BR = -0.53
11-27 14:21:07.739 10870 11496 I global  :  RENO - ChassisWith4Motors.rotate(ChassisWith4Motors.java:362): Positions: FL = 1066, FR = 1055, BL = 1055, BR = 1058
11-27 14:21:07.741 10870 11496 I global  :  RENO - ChassisWith4Motors.rotate(ChassisWith4Motors.java:364): Powers: FL = 0.45, FR = -0.49, BL = 0.49, BR = -0.48
11-27 14:21:07.762 10870 11496 I global  :  RENO - ChassisWith4Motors.rotate(ChassisWith4Motors.java:362): Positions: FL = 1116, FR = 1101, BL = 1102, BR = 1101
11-27 14:21:07.763 10870 11496 I global  :  RENO - ChassisWith4Motors.rotate(ChassisWith4Motors.java:364): Powers: FL = 0.38, FR = -0.43, BL = 0.42, BR = -0.43
11-27 14:21:07.785 10870 11496 I global  :  RENO - ChassisWith4Motors.rotate(ChassisWith4Motors.java:362): Positions: FL = 1162, FR = 1145, BL = 1146, BR = 1143
11-27 14:21:07.786 10870 11496 I global  :  RENO - ChassisWith4Motors.rotate(ChassisWith4Motors.java:364): Powers: FL = 0.31, FR = -0.36, BL = 0.36, BR = -0.37
11-27 14:21:07.808 10870 11496 I global  :  RENO - ChassisWith4Motors.rotate(ChassisWith4Motors.java:362): Positions: FL = 1204, FR = 1184, BL = 1182, BR = 1180
11-27 14:21:07.809 10870 11496 I global  :  RENO - ChassisWith4Motors.rotate(ChassisWith4Motors.java:364): Powers: FL = 0.24, FR = -0.30, BL = 0.31, BR = -0.32
11-27 14:21:07.825 10870 11496 I global  :  RENO - ChassisWith4Motors.rotate(ChassisWith4Motors.java:362): Positions: FL = 1243, FR = 1217, BL = 1215, BR = 1212
11-27 14:21:07.826 10870 11496 I global  :  RENO - ChassisWith4Motors.rotate(ChassisWith4Motors.java:364): Powers: FL = 0.17, FR = -0.25, BL = 0.25, BR = -0.26
11-27 14:21:07.842 10870 11496 I global  :  RENO - ChassisWith4Motors.rotate(ChassisWith4Motors.java:362): Positions: FL = 1274, FR = 1246, BL = 1245, BR = 1240
11-27 14:21:07.844 10870 11496 I global  :  RENO - ChassisWith4Motors.rotate(ChassisWith4Motors.java:364): Powers: FL = 0.14, FR = -0.22, BL = 0.23, BR = -0.23
11-27 14:21:07.859 10870 11496 I global  :  RENO - ChassisWith4Motors.rotate(ChassisWith4Motors.java:362): Positions: FL = 1307, FR = 1276, BL = 1277, BR = 1268
11-27 14:21:07.860 10870 11496 I global  :  RENO - ChassisWith4Motors.rotate(ChassisWith4Motors.java:364): Powers: FL = 0.14, FR = -0.23, BL = 0.22, BR = -0.23
11-27 14:21:07.874 10870 11496 I global  :  RENO - ChassisWith4Motors.rotate(ChassisWith4Motors.java:362): Positions: FL = 1333, FR = 1299, BL = 1301, BR = 1291
11-27 14:21:07.876 10870 11496 I global  :  RENO - ChassisWith4Motors.rotate(ChassisWith4Motors.java:364): Powers: FL = 0.14, FR = -0.23, BL = 0.22, BR = -0.23
11-27 14:21:07.892 10870 11496 I global  :  RENO - ChassisWith4Motors.rotate(ChassisWith4Motors.java:362): Positions: FL = 1361, FR = 1324, BL = 1329, BR = 1317
11-27 14:21:07.893 10870 11496 I global  :  RENO - ChassisWith4Motors.rotate(ChassisWith4Motors.java:364): Powers: FL = 0.13, FR = -0.23, BL = 0.22, BR = -0.23
11-27 14:21:07.908 10870 11496 I global  :  RENO - ChassisWith4Motors.rotate(ChassisWith4Motors.java:362): Positions: FL = 1388, FR = 1349, BL = 1355, BR = 1341
11-27 14:21:07.910 10870 11496 I global  :  RENO - ChassisWith4Motors.rotate(ChassisWith4Motors.java:364): Powers: FL = 0.13, FR = -0.23, BL = 0.22, BR = -0.23
11-27 14:21:07.924 10870 11496 I global  :  RENO - ChassisWith4Motors.rotate(ChassisWith4Motors.java:362): Positions: FL = 1413, FR = 1372, BL = 1379, BR = 1364
11-27 14:21:07.926 10870 11496 I global  :  RENO - ChassisWith4Motors.rotate(ChassisWith4Motors.java:364): Powers: FL = -0.13, FR = 0.23, BL = -0.22, BR = 0.23
11-27 14:21:07.942 10870 11496 I global  :  RENO - ChassisWith4Motors.rotate(ChassisWith4Motors.java:380): Required turning degrees: -135.81.
11-27 14:21:07.943 10870 11496 I global  :  RENO - ChassisWith4Motors.rotate(ChassisWith4Motors.java:381): IMU angle before turn stop -94.81.
11-27 14:21:07.944 10870 11496 I global  :  RENO - ChassisWith4Motors.rotate(ChassisWith4Motors.java:382): Rotated angle is -140.63.
11-27 14:21:07.954 10870 11496 I global  :  RENO - ChassisWith4Motors.rotate(ChassisWith4Motors.java:392): IMU angle after turning stop is -94.81.
11-27 14:21:07.955 10870 11496 I global  :  RENO - ChassisWith4Motors.rotateIMUTargetAngle(ChassisWith4Motors.java:303): imu angle before rotation: 45.81
11-27 14:21:08.036 10870 11504 I global  :  RENO - ObjectDetection.verifyObjectDetected(ObjectDetection.java:314): per [0] = 0.966
11-27 14:21:08.037 10870 11504 I global  :  RENO - ObjectDetection.verifyObjectDetected(ObjectDetection.java:314): per [1] = 0.983
11-27 14:21:08.038 10870 11504 I global  :  RENO - ObjectDetection.verifyObjectDetected(ObjectDetection.java:314): per [2] = 0.998
11-27 14:21:08.039 10870 11504 I System.out: GC probably ran
11-27 14:21:08.043 10870 11504 I global  :  RENO - ObjectDetection.processFrame(ObjectDetection.java:83): Start Opcv process to detect sleeve color.
11-27 14:21:08.044 10870 11504 I global  :  RENO - ObjectDetection.sleeveColorDetect(ObjectDetection.java:121): Start Opcv process to detect sleeve color.
11-27 14:21:08.045 10870 11504 I global  :  RENO - ObjectDetection.sleeveColorDetect(ObjectDetection.java:128): Sleeve max color = 178668.00, 169797.00, 173027.00
11-27 14:21:08.046 10870 11504 I global  :  RENO - ObjectDetection.sleeveColorDetect(ObjectDetection.java:147): Sleeve position: LEFT
11-27 14:21:08.046 10870 11504 I global  :  RENO - ObjectDetection.processFrame(ObjectDetection.java:86): Start Opcv process to detect cone.
11-27 14:21:08.092 10870 11496 I global  :  RENO - ChassisWith4Motors.rotate(ChassisWith4Motors.java:362): Positions: FL = 0, FR = 0, BL = 0, BR = 0
11-27 14:21:08.094 10870 11496 I global  :  RENO - ChassisWith4Motors.rotate(ChassisWith4Motors.java:364): Powers: FL = -0.21, FR = 0.21, BL = -0.21, BR = 0.21
11-27 14:21:08.110 10870 11496 I global  :  RENO - ChassisWith4Motors.rotate(ChassisWith4Motors.java:362): Positions: FL = 1, FR = 0, BL = 1, BR = 0
11-27 14:21:08.112 10870 11496 I global  :  RENO - ChassisWith4Motors.rotate(ChassisWith4Motors.java:364): Powers: FL = -0.21, FR = 0.21, BL = -0.21, BR = 0.21
11-27 14:21:08.123 10870 11496 I global  :  RENO - ChassisWith4Motors.rotate(ChassisWith4Motors.java:362): Positions: FL = 3, FR = 2, BL = 2, BR = 2
11-27 14:21:08.124 10870 11496 I global  :  RENO - ChassisWith4Motors.rotate(ChassisWith4Motors.java:364): Powers: FL = -0.21, FR = 0.21, BL = -0.21, BR = 0.21
11-27 14:21:08.135 10870 11496 I global  :  RENO - ChassisWith4Motors.rotate(ChassisWith4Motors.java:362): Positions: FL = 7, FR = 4, BL = 5, BR = 3
11-27 14:21:08.136 10870 11496 I global  :  RENO - ChassisWith4Motors.rotate(ChassisWith4Motors.java:364): Powers: FL = -0.21, FR = 0.21, BL = -0.21, BR = 0.21
11-27 14:21:08.147 10870 11496 I global  :  RENO - ChassisWith4Motors.rotate(ChassisWith4Motors.java:362): Positions: FL = 10, FR = 7, BL = 7, BR = 6
11-27 14:21:08.148 10870 11496 I global  :  RENO - ChassisWith4Motors.rotate(ChassisWith4Motors.java:364): Powers: FL = -0.21, FR = 0.21, BL = -0.21, BR = 0.21
11-27 14:21:08.159 10870 11496 I global  :  RENO - ChassisWith4Motors.rotate(ChassisWith4Motors.java:362): Positions: FL = 14, FR = 11, BL = 11, BR = 9
11-27 14:21:08.161 10870 11496 I global  :  RENO - ChassisWith4Motors.rotate(ChassisWith4Motors.java:364): Powers: FL = -0.21, FR = 0.21, BL = -0.21, BR = 0.21
11-27 14:21:08.172 10870 11496 I global  :  RENO - ChassisWith4Motors.rotate(ChassisWith4Motors.java:362): Positions: FL = 19, FR = 14, BL = 14, BR = 12
11-27 14:21:08.173 10870 11496 I global  :  RENO - ChassisWith4Motors.rotate(ChassisWith4Motors.java:364): Powers: FL = -0.21, FR = 0.21, BL = -0.21, BR = 0.21
11-27 14:21:08.184 10870 11496 I global  :  RENO - ChassisWith4Motors.rotate(ChassisWith4Motors.java:362): Positions: FL = 23, FR = 18, BL = 19, BR = 16
11-27 14:21:08.185 10870 11496 I global  :  RENO - ChassisWith4Motors.rotate(ChassisWith4Motors.java:364): Powers: FL = -0.21, FR = 0.21, BL = -0.21, BR = 0.21
11-27 14:21:08.195 10870 11496 I global  :  RENO - ChassisWith4Motors.rotate(ChassisWith4Motors.java:362): Positions: FL = 28, FR = 22, BL = 23, BR = 20
11-27 14:21:08.196 10870 11496 I global  :  RENO - ChassisWith4Motors.rotate(ChassisWith4Motors.java:364): Powers: FL = -0.21, FR = 0.21, BL = -0.21, BR = 0.21
11-27 14:21:08.206 10870 11496 I global  :  RENO - ChassisWith4Motors.rotate(ChassisWith4Motors.java:362): Positions: FL = 33, FR = 26, BL = 28, BR = 24
11-27 14:21:08.208 10870 11496 I global  :  RENO - ChassisWith4Motors.rotate(ChassisWith4Motors.java:364): Powers: FL = -0.21, FR = 0.21, BL = -0.21, BR = 0.21
11-27 14:21:08.218 10870 11496 I global  :  RENO - ChassisWith4Motors.rotate(ChassisWith4Motors.java:362): Positions: FL = 38, FR = 31, BL = 33, BR = 28
11-27 14:21:08.220 10870 11496 I global  :  RENO - ChassisWith4Motors.rotate(ChassisWith4Motors.java:364): Powers: FL = -0.21, FR = 0.21, BL = -0.21, BR = 0.21
11-27 14:21:08.232 10870 11496 I global  :  RENO - ChassisWith4Motors.rotate(ChassisWith4Motors.java:362): Positions: FL = 43, FR = 36, BL = 38, BR = 34
11-27 14:21:08.233 10870 11496 I global  :  RENO - ChassisWith4Motors.rotate(ChassisWith4Motors.java:364): Powers: FL = -0.21, FR = 0.21, BL = -0.21, BR = 0.21
11-27 14:21:08.246 10870 11496 I global  :  RENO - ChassisWith4Motors.rotate(ChassisWith4Motors.java:362): Positions: FL = 49, FR = 42, BL = 44, BR = 39
11-27 14:21:08.248 10870 11496 I global  :  RENO - ChassisWith4Motors.rotate(ChassisWith4Motors.java:364): Powers: FL = -0.21, FR = 0.21, BL = -0.21, BR = 0.21
11-27 14:21:08.259 10870 11496 I global  :  RENO - ChassisWith4Motors.rotate(ChassisWith4Motors.java:362): Positions: FL = 55, FR = 48, BL = 50, BR = 44
11-27 14:21:08.261 10870 11496 I global  :  RENO - ChassisWith4Motors.rotate(ChassisWith4Motors.java:364): Powers: FL = -0.21, FR = 0.21, BL = -0.21, BR = 0.21
11-27 14:21:08.272 10870 11496 I global  :  RENO - ChassisWith4Motors.rotate(ChassisWith4Motors.java:362): Positions: FL = 60, FR = 52, BL = 55, BR = 49
11-27 14:21:08.273 10870 11496 I global  :  RENO - ChassisWith4Motors.rotate(ChassisWith4Motors.java:364): Powers: FL = -0.00, FR = 0.23, BL = -0.14, BR = 0.23
11-27 14:21:08.294 10870 11496 I global  :  RENO - ChassisWith4Motors.rotate(ChassisWith4Motors.java:362): Positions: FL = 69, FR = 62, BL = 65, BR = 58
11-27 14:21:08.296 10870 11496 I global  :  RENO - ChassisWith4Motors.rotate(ChassisWith4Motors.java:364): Powers: FL = -0.00, FR = 0.23, BL = -0.10, BR = 0.23
11-27 14:21:08.310 10870 11496 I global  :  RENO - ChassisWith4Motors.rotate(ChassisWith4Motors.java:362): Positions: FL = 72, FR = 68, BL = 71, BR = 66
11-27 14:21:08.312 10870 11496 I global  :  RENO - ChassisWith4Motors.rotate(ChassisWith4Motors.java:364): Powers: FL = -0.05, FR = 0.23, BL = -0.11, BR = 0.23
11-27 14:21:08.325 10870 11496 I global  :  RENO - ChassisWith4Motors.rotate(ChassisWith4Motors.java:362): Positions: FL = 74, FR = 73, BL = 77, BR = 72
11-27 14:21:08.326 10870 11496 I global  :  RENO - ChassisWith4Motors.rotate(ChassisWith4Motors.java:364): Powers: FL = -0.21, FR = 0.23, BL = -0.06, BR = 0.23
11-27 14:21:08.339 10870 11496 I global  :  RENO - ChassisWith4Motors.rotate(ChassisWith4Motors.java:362): Positions: FL = 77, FR = 77, BL = 82, BR = 79
11-27 14:21:08.340 10870 11496 I global  :  RENO - ChassisWith4Motors.rotate(ChassisWith4Motors.java:364): Powers: FL = -0.23, FR = 0.23, BL = -0.03, BR = 0.16
11-27 14:21:08.355 10870 11496 I global  :  RENO - ChassisWith4Motors.rotate(ChassisWith4Motors.java:362): Positions: FL = 83, FR = 82, BL = 87, BR = 86
11-27 14:21:08.356 10870 11496 I global  :  RENO - ChassisWith4Motors.rotate(ChassisWith4Motors.java:364): Powers: FL = -0.23, FR = 0.23, BL = -0.08, BR = 0.12
11-27 14:21:08.370 10870 11496 I global  :  RENO - ChassisWith4Motors.rotate(ChassisWith4Motors.java:362): Positions: FL = 89, FR = 85, BL = 92, BR = 91
11-27 14:21:08.371 10870 11496 I global  :  RENO - ChassisWith4Motors.rotate(ChassisWith4Motors.java:364): Powers: FL = -0.21, FR = 0.23, BL = -0.09, BR = 0.13
11-27 14:21:08.386 10870 11496 I global  :  RENO - ChassisWith4Motors.rotate(ChassisWith4Motors.java:362): Positions: FL = 95, FR = 90, BL = 98, BR = 97
11-27 14:21:08.388 10870 11496 I global  :  RENO - ChassisWith4Motors.rotate(ChassisWith4Motors.java:364): Powers: FL = -0.21, FR = 0.23, BL = -0.10, BR = 0.13
11-27 14:21:08.397 10870 11504 I global  :  RENO - ObjectDetection.verifyObjectDetected(ObjectDetection.java:314): per [0] = 0.949
11-27 14:21:08.398 10870 11504 I global  :  RENO - ObjectDetection.verifyObjectDetected(ObjectDetection.java:314): per [1] = 0.916
11-27 14:21:08.399 10870 11504 I global  :  RENO - ObjectDetection.verifyObjectDetected(ObjectDetection.java:314): per [2] = 0.983
11-27 14:21:08.403 10870 11504 I global  :  RENO - ObjectDetection.processFrame(ObjectDetection.java:83): Start Opcv process to detect sleeve color.
11-27 14:21:08.403 10870 11496 I global  :  RENO - ChassisWith4Motors.rotate(ChassisWith4Motors.java:362): Positions: FL = 100, FR = 96, BL = 103, BR = 102
11-27 14:21:08.404 10870 11504 I global  :  RENO - ObjectDetection.sleeveColorDetect(ObjectDetection.java:121): Start Opcv process to detect sleeve color.
11-27 14:21:08.405 10870 11504 I global  :  RENO - ObjectDetection.sleeveColorDetect(ObjectDetection.java:128): Sleeve max color = 182577.00, 182726.00, 193110.00
11-27 14:21:08.405 10870 11496 I global  :  RENO - ChassisWith4Motors.rotate(ChassisWith4Motors.java:364): Powers: FL = -0.21, FR = 0.23, BL = -0.10, BR = 0.14
11-27 14:21:08.406 10870 11504 I global  :  RENO - ObjectDetection.sleeveColorDetect(ObjectDetection.java:147): Sleeve position: RIGHT
11-27 14:21:08.407 10870 11504 I global  :  RENO - ObjectDetection.processFrame(ObjectDetection.java:86): Start Opcv process to detect cone.
11-27 14:21:08.419 10870 11496 I global  :  RENO - ChassisWith4Motors.rotate(ChassisWith4Motors.java:362): Positions: FL = 106, FR = 104, BL = 108, BR = 108
11-27 14:21:08.421 10870 11496 I global  :  RENO - ChassisWith4Motors.rotate(ChassisWith4Motors.java:364): Powers: FL = -0.21, FR = 0.23, BL = -0.14, BR = 0.14
11-27 14:21:08.433 10870 11496 I global  :  RENO - ChassisWith4Motors.rotate(ChassisWith4Motors.java:362): Positions: FL = 110, FR = 110, BL = 112, BR = 113
11-27 14:21:08.434 10870 11496 I global  :  RENO - ChassisWith4Motors.rotate(ChassisWith4Motors.java:364): Powers: FL = -0.23, FR = 0.23, BL = -0.18, BR = 0.15
11-27 14:21:08.449 10870 11496 I global  :  RENO - ChassisWith4Motors.rotate(ChassisWith4Motors.java:362): Positions: FL = 115, FR = 116, BL = 117, BR = 118
11-27 14:21:08.450 10870 11496 I global  :  RENO - ChassisWith4Motors.rotate(ChassisWith4Motors.java:364): Powers: FL = -0.23, FR = 0.21, BL = -0.18, BR = 0.15
11-27 14:21:08.464 10870 11496 I global  :  RENO - ChassisWith4Motors.rotate(ChassisWith4Motors.java:362): Positions: FL = 122, FR = 123, BL = 123, BR = 123
11-27 14:21:08.465 10870 11496 I global  :  RENO - ChassisWith4Motors.rotate(ChassisWith4Motors.java:364): Powers: FL = -0.21, FR = 0.18, BL = -0.18, BR = 0.18
11-27 14:21:08.482 10870 11496 I global  :  RENO - ChassisWith4Motors.rotate(ChassisWith4Motors.java:380): Required turning degrees: 13.00.
11-27 14:21:08.483 10870 11496 I global  :  RENO - ChassisWith4Motors.rotate(ChassisWith4Motors.java:381): IMU angle before turn stop -90.56.
11-27 14:21:08.484 10870 11496 I global  :  RENO - ChassisWith4Motors.rotate(ChassisWith4Motors.java:382): Rotated angle is 12.44.
11-27 14:21:08.495 10870 11496 I global  :  RENO - ChassisWith4Motors.rotate(ChassisWith4Motors.java:392): IMU angle after turning stop is -90.13.
11-27 14:21:08.496 10870 11496 I global  :  RENO - ChassisWith4Motors.rotateIMUTargetAngle(ChassisWith4Motors.java:303): imu angle before rotation: -103.00
11-27 14:21:08.546 10870 11496 I global  :  RENO - ChassisWith4Motors.driveWithPIDControl(ChassisWith4Motors.java:481): tDistance = 27.00, currLocation = 0.02
11-27 14:21:08.547 10870 11496 I global  :  RENO - ChassisWith4Motors.driveWithPIDControl(ChassisWith4Motors.java:482): rampUpPower = 0.35, rampDownPower = 0.88
11-27 14:21:08.553 10870 11496 I global  :  RENO - ChassisWith4Motors.driveWithPIDControl(ChassisWith4Motors.java:488): power = 0.35, correction = -0.07, global angle = 1.688, last angle = -88.44
11-27 14:21:08.573 10870 11496 I global  :  RENO - ChassisWith4Motors.driveWithPIDControl(ChassisWith4Motors.java:481): tDistance = 27.00, currLocation = 0.05
11-27 14:21:08.575 10870 11496 I global  :  RENO - ChassisWith4Motors.driveWithPIDControl(ChassisWith4Motors.java:482): rampUpPower = 0.35, rampDownPower = 0.88
11-27 14:21:08.582 10870 11496 I global  :  RENO - ChassisWith4Motors.driveWithPIDControl(ChassisWith4Motors.java:488): power = 0.35, correction = -0.07, global angle = 1.688, last angle = -88.44
11-27 14:21:08.598 10870 11496 I global  :  RENO - ChassisWith4Motors.driveWithPIDControl(ChassisWith4Motors.java:481): tDistance = 27.00, currLocation = 0.28
11-27 14:21:08.599 10870 11496 I global  :  RENO - ChassisWith4Motors.driveWithPIDControl(ChassisWith4Motors.java:482): rampUpPower = 0.36, rampDownPower = 0.88
11-27 14:21:08.603 10870 11496 I global  :  RENO - ChassisWith4Motors.driveWithPIDControl(ChassisWith4Motors.java:488): power = 0.36, correction = -0.07, global angle = 1.625, last angle = -88.50
11-27 14:21:08.621 10870 11496 I global  :  RENO - ChassisWith4Motors.driveWithPIDControl(ChassisWith4Motors.java:481): tDistance = 27.00, currLocation = 0.61
11-27 14:21:08.623 10870 11496 I global  :  RENO - ChassisWith4Motors.driveWithPIDControl(ChassisWith4Motors.java:482): rampUpPower = 0.38, rampDownPower = 0.88
11-27 14:21:08.629 10870 11496 I global  :  RENO - ChassisWith4Motors.driveWithPIDControl(ChassisWith4Motors.java:488): power = 0.38, correction = -0.06, global angle = 1.313, last angle = -88.81
11-27 14:21:08.645 10870 11496 I global  :  RENO - ChassisWith4Motors.driveWithPIDControl(ChassisWith4Motors.java:481): tDistance = 27.00, currLocation = 0.93
11-27 14:21:08.646 10870 11496 I global  :  RENO - ChassisWith4Motors.driveWithPIDControl(ChassisWith4Motors.java:482): rampUpPower = 0.40, rampDownPower = 0.88
11-27 14:21:08.652 10870 11496 I global  :  RENO - ChassisWith4Motors.driveWithPIDControl(ChassisWith4Motors.java:488): power = 0.40, correction = -0.05, global angle = 1.313, last angle = -88.81
11-27 14:21:08.669 10870 11496 I global  :  RENO - ChassisWith4Motors.driveWithPIDControl(ChassisWith4Motors.java:481): tDistance = 27.00, currLocation = 1.17
