01-04 16:01:05.892  2974  3249 I global  :  RENO - ObjectDetection.sleeveColorDetect(ObjectDetection.java:125): Start Opcv process to detect sleeve color.
01-04 16:01:05.893  2974  3249 I global  :  RENO - ObjectDetection.sleeveColorDetect(ObjectDetection.java:132): Sleeve max color = 245930.00, 244441.00, 255031.00
01-04 16:01:05.894  2974  3249 I global  :  RENO - ObjectDetection.sleeveColorDetect(ObjectDetection.java:151): Sleeve position: RIGHT
01-04 16:01:05.925  2974  3249 I global  :  RENO - ObjectDetection.sleeveColorDetect(ObjectDetection.java:125): Start Opcv process to detect sleeve color.
01-04 16:01:05.926  2974  3249 I global  :  RENO - ObjectDetection.sleeveColorDetect(ObjectDetection.java:132): Sleeve max color = 245920.00, 244398.00, 255062.00
01-04 16:01:05.927  2974  3249 I global  :  RENO - ObjectDetection.sleeveColorDetect(ObjectDetection.java:151): Sleeve position: RIGHT
01-04 16:01:05.932  2974  3072 V Robocol : received command: CMD_RUN_OP_MODE(11212) Autonomous_Right
01-04 16:01:05.940  2974  3246 I System.out: stopRecordingPipeline()
01-04 16:01:05.940  2974  3246 I System.out: ...stopRecordingPipeline()
01-04 16:01:05.941  2974  3246 D UsbResiliantWebcam|DelCaptureSession: stopCapture()...
01-04 16:01:05.941  2974  3246 D UsbResiliantWebcam|DelCaptureSequence: undoStreaming()...
01-04 16:01:05.942  2974  3246 D UvcApiCaptureSession: stopCapture()...
01-04 16:01:05.942  2974  3246 D Uvc     : [jni_streamhandle.cpp:184] Java_org_firstinspires_ftc_robotcore_internal_camera_libuvc_nativeobject_UvcStreamHandle_nativeStopStreaming()...
01-04 16:01:05.942  2974  3246 V Uvc     : API: Java_org_firstinspires_ftc_robotcore_internal_camera_libuvc_nativeobject_UvcStreamHandle_nativeStopStreaming: enter...
01-04 16:01:05.942  2974  3246 D Uvc     : [stream.cpp:1514] uvc_stream_stop()...
01-04 16:01:05.942  2974  3246 D UvcStream: [stream.cpp:1542] cancelling extant transfers
01-04 16:01:05.943  2974  2974 D OpenCvViewport: surfaceDestroyed()
01-04 16:01:05.944  2974  2974 D OpenCvViewport: CheckState(): lifecycle mandates deactivation regardless of user
01-04 16:01:05.944  2974  2974 D OpenCvViewport: CheckState(): deactivating viewport
01-04 16:01:05.944  2974  3248 W System.err: java.lang.InterruptedException
01-04 16:01:05.944  2974  3248 W System.err: 	at java.lang.Object.wait(Native Method)
01-04 16:01:05.944  2974  3248 W System.err: 	at org.firstinspires.ftc.robotcore.internal.collections.EvictingBlockingQueue.take(EvictingBlockingQueue.java:143)
01-04 16:01:05.944  2974  3248 W System.err: 	at org.openftc.easyopencv.OpenCvViewport$RenderThread.run(OpenCvViewport.java:554)
01-04 16:01:05.944  2974  3248 D OpenCvViewportRenderThread: About to exit
01-04 16:01:05.945  2974  2974 D OpenCvViewport: ...surfaceDestroyed()
01-04 16:01:05.967  2974  3075 V Robocol : sending CMD_NOTIFY_RUN_OP_MODE(1278), attempt: 0
01-04 16:01:05.978  2974  3246 D Uvc     : [stream.cpp:1471] (waitForAllTransfers(waiting for cancelled transfers))...
01-04 16:01:05.979  2974  3249 D UvcStream: [stream.cpp:1329] user callback thread stopped
01-04 16:01:05.980  2974  3246 D UvcStream: [stream.cpp:1485] no extant active transfers: continuing
01-04 16:01:05.980  2974  3246 D Uvc     : [stream.cpp:1471] ...()
01-04 16:01:05.980  2974  3246 D Uvc     : [stream.cpp:1189] uvc_stream_handle::stopIsochronousStreaming()...
01-04 16:01:05.980  2974  3246 D Uvc     : [libuvc/libuvc_internal.h:825] uvc_device_handle::setInterfaceAltSetting(setInterfaceAltSetting(intf=1 alt=0))...
01-04 16:01:05.981  2974  3246 D UvcDevice: setInterfaceAltSetting(1,0)
01-04 16:01:05.981  2974  3246 D UvcDevice: setInterfaceAltSetting(1,0) succeeded
01-04 16:01:05.981  2974  3246 D Uvc     : [libuvc/libuvc_internal.h:825] ...uvc_device_handle::setInterfaceAltSetting() rc=0
01-04 16:01:05.981  2974  3246 D Uvc     : [stream.cpp:1189] ...uvc_stream_handle::stopIsochronousStreaming() rc=0
01-04 16:01:05.982  2974  3246 D UvcStream: [stream.cpp:1558] awakening user thread
01-04 16:01:05.982  2974  3246 D UvcStream: [stream.cpp:1567] waiting for user callback thread to finish
01-04 16:01:05.982  2974  3246 D Uvc     : [stream.cpp:1514] ...uvc_stream_stop() rc=0
01-04 16:01:05.982  2974  3246 V Uvc     : API: Java_org_firstinspires_ftc_robotcore_internal_camera_libuvc_nativeobject_UvcStreamHandle_nativeStopStreaming: ...exit
01-04 16:01:05.982  2974  3246 D Uvc     : [jni_streamhandle.cpp:184] ...Java_org_firstinspires_ftc_robotcore_internal_camera_libuvc_nativeobject_UvcStreamHandle_nativeStopStreaming()
01-04 16:01:05.982  2974  3246 V UvcFrameCallback: destroy(hash=0x01c2dd9b)
01-04 16:01:05.982  2974  3246 V UvcFrameCallbackData: destroy(pointer=0xc9c0c218)
01-04 16:01:05.982  2974  3246 V Uvc     : API: Java_org_firstinspires_ftc_robotcore_internal_camera_libuvc_nativeobject_UvcFrameCallback_nativeReleaseCallbackState: enter...
01-04 16:01:05.982  2974  3246 V Uvc     : API: Java_org_firstinspires_ftc_robotcore_internal_camera_libuvc_nativeobject_UvcFrameCallback_nativeReleaseCallbackState: ...exit
01-04 16:01:05.983  2974  3246 V UvcStreamHandle: destroy(pointer=0xcd788da0)
01-04 16:01:05.983  2974  3246 D Uvc     : [jni_streamhandle.cpp:184] Java_org_firstinspires_ftc_robotcore_internal_camera_libuvc_nativeobject_UvcStreamHandle_nativeStopStreaming()...
01-04 16:01:05.983  2974  3246 V Uvc     : API: Java_org_firstinspires_ftc_robotcore_internal_camera_libuvc_nativeobject_UvcStreamHandle_nativeStopStreaming: enter...
01-04 16:01:05.983  2974  3246 D Uvc     : [stream.cpp:1514] uvc_stream_stop()...
01-04 16:01:05.983  2974  3246 D Uvc     : [stream.cpp:1514] ...uvc_stream_stop() rc=0
01-04 16:01:05.983  2974  3246 V Uvc     : API: Java_org_firstinspires_ftc_robotcore_internal_camera_libuvc_nativeobject_UvcStreamHandle_nativeStopStreaming: ...exit
01-04 16:01:05.983  2974  3246 D Uvc     : [jni_streamhandle.cpp:184] ...Java_org_firstinspires_ftc_robotcore_internal_camera_libuvc_nativeobject_UvcStreamHandle_nativeStopStreaming()
01-04 16:01:05.983  2974  3246 D Uvc     : [jni_streamhandle.cpp:200] Java_org_firstinspires_ftc_robotcore_internal_camera_libuvc_nativeobject_UvcStreamHandle_nativeCloseStreamHandle()...
01-04 16:01:05.983  2974  3246 V Uvc     : API: Java_org_firstinspires_ftc_robotcore_internal_camera_libuvc_nativeobject_UvcStreamHandle_nativeCloseStreamHandle: enter...
01-04 16:01:05.983  2974  3246 D Uvc     : [stream.cpp:1584] uvc_stream_close()...
01-04 16:01:05.983  2974  3246 D Uvc     : [streamhandle.cpp:45] uvc_stream_handle::~uvc_stream_handle()...
01-04 16:01:05.983  2974  3246 D Uvc     : [streamhandle.cpp:66] uvc_stream_handle::releaseInterface()...
01-04 16:01:05.983  2974  3246 D Uvc     : [libuvc/libuvc_internal.h:793] uvc_device_handle::releaseInterface()...
01-04 16:01:05.983  2974  3246 D UvcDevice: releaseInterface(1)
01-04 16:01:05.984  2974  3246 D UvcDevice: releaseInterface(1) succeeded
01-04 16:01:05.984  2974  3246 D Uvc     : [libuvc/libuvc_internal.h:793] ...uvc_device_handle::releaseInterface() rc=0
01-04 16:01:05.984  2974  3246 D Uvc     : [streamhandle.cpp:66] ...uvc_stream_handle::releaseInterface()
01-04 16:01:05.984  2974  3246 D Uvc     : [streamhandle.cpp:45] ...uvc_stream_handle::~uvc_stream_handle()
01-04 16:01:05.984  2974  3246 D Uvc     : [stream.cpp:1584] ...uvc_stream_close()
01-04 16:01:05.985  2974  3246 V Uvc     : API: Java_org_firstinspires_ftc_robotcore_internal_camera_libuvc_nativeobject_UvcStreamHandle_nativeCloseStreamHandle: ...exit
01-04 16:01:05.985  2974  3246 D Uvc     : [jni_streamhandle.cpp:200] ...Java_org_firstinspires_ftc_robotcore_internal_camera_libuvc_nativeobject_UvcStreamHandle_nativeCloseStreamHandle()
01-04 16:01:05.985  2974  3246 V UvcApiCameraCaptureSequence: destroy(hash=0x06bea895)
01-04 16:01:05.985  2974  3204 D RobotCore: capture sequence DelegatingCaptureSequenceId(1) reports completed: lastFrame=846
01-04 16:01:05.985  2974  3246 D UvcApiCaptureSession: ...stopCapture()
01-04 16:01:05.985  2974  3246 D UvcApiCaptureSession: doClose()...
01-04 16:01:05.985  2974  3246 D UvcApiCaptureSession: ...doClose()
01-04 16:01:05.986  2974  3246 D UsbResiliantWebcam|DelCaptureSequence: ...undoStreaming()
01-04 16:01:05.986  2974  3200 D UsbResiliantWebcam|DelCaptureSession: camera session is closed: Webcam(D5386480)
01-04 16:01:05.986  2974  3246 V UsbResiliantWebcam|DelCaptureSequence: destroy(hash=0x06c9387f)
01-04 16:01:05.986  2974  3200 V UvcApiCaptureSession: destroy(hash=0x041df04c)
01-04 16:01:05.986  2974  3204 D RobotCore: capture sequence DelegatingCaptureSequenceId(1) reports completed: lastFrame=846
01-04 16:01:05.986  2974  3200 D UvcApiCaptureSession: destructor...
01-04 16:01:05.986  2974  3246 D UsbResiliantWebcam|DelCaptureSession: ...stopCapture()
01-04 16:01:05.986  2974  3246 D UsbResiliantWebcam|DelCaptureSession: doClose()...
01-04 16:01:05.986  2974  3200 D UvcApiCaptureSession: ...destructor
01-04 16:01:05.986  2974  3246 D UsbResiliantWebcam|DelCaptureSession: ...doClose()
01-04 16:01:05.987  2974  3246 V UsbResiliantWebcam|DelCaptureSession: destroy(hash=0x067e859e)
01-04 16:01:05.987  2974  3246 D UsbResiliantWebcam|DelCaptureSession: destructor()...
01-04 16:01:05.987  2974  3246 D UsbResiliantWebcam|DelCaptureSession: ...destructor()
01-04 16:01:05.988  2974  3246 V CameraImpl: destroy(hash=0x07ddd220)
01-04 16:01:05.988  2974  3246 D UsbResiliantWebcam: CameraImpl.destructor()...
01-04 16:01:05.988  2974  3246 D UsbResiliantWebcam: externalDestructor()...
01-04 16:01:05.988  2974  3246 V CameraImpl: destroy(hash=0x068d7eb4)
01-04 16:01:05.988  2974  3200 D CameraManager: camera reports closed: CameraImpl(UsbResiliantWebcam(Webcam(D5386480)))
01-04 16:01:05.988  2974  3246 D UvcDeviceHandle: CameraImpl.destructor()...
01-04 16:01:05.989  2974  3246 D UvcDeviceHandle: externalDestructor()...
01-04 16:01:05.990  2974  3246 D UsbResiliantWebcam: changeDelegatedCamera(CameraImpl(UvcDeviceHandle(pointer=0xc9eb3510|UvcDevice(/dev/bus/usb/003/004)))->null)...
01-04 16:01:05.991  2974  3246 D CachingExposureControl: onCameraChanged(CameraImpl(UvcDeviceHandle(pointer=0xc9eb3510|UvcDevice(/dev/bus/usb/003/004)))->null)...
01-04 16:01:05.991  2974  3246 D CachingExposureControl: ...onCameraChanged(CameraImpl(UvcDeviceHandle(pointer=0xc9eb3510|UvcDevice(/dev/bus/usb/003/004)))->null)
01-04 16:01:05.991  2974  3246 D UsbResiliantWebcam: ...changeDelegatedCamera(CameraImpl(UvcDeviceHandle(pointer=0xc9eb3510|UvcDevice(/dev/bus/usb/003/004)))->null)
01-04 16:01:05.992  2974  3246 D UvcDeviceHandle: ...externalDestructor()
01-04 16:01:05.992  2974  3246 V UvcDeviceHandle: destroy(pointer=0xc9eb3510)
01-04 16:01:05.992  2974  3246 D UvcDeviceHandle: destructor...
01-04 16:01:05.992  2974  3246 D Uvc     : [jni_devicehandle.cpp:87] Java_org_firstinspires_ftc_robotcore_internal_camera_libuvc_nativeobject_UvcDeviceHandle_nativeReleaseRefDeviceHandle()...
01-04 16:01:05.992  2974  3246 V Uvc     : API: Java_org_firstinspires_ftc_robotcore_internal_camera_libuvc_nativeobject_UvcDeviceHandle_nativeReleaseRefDeviceHandle: enter...
01-04 16:01:05.992  2974  3246 D Uvc     : [libuvc/libuvc_internal.h:872] uvc_device_handle::~uvc_device_handle()...
01-04 16:01:05.992  2974  3246 D Uvc     : [libuvc/libuvc_internal.h:840] uvc_device_handle::deconstruct()...
01-04 16:01:05.992  2974  3246 D Uvc     : [libuvc/libuvc_internal.h:751] uvc_device_handle::stop()...
01-04 16:01:05.992  2974  3246 D Uvc     : [libuvc/libuvc_internal.h:751] ...uvc_device_handle::stop()
01-04 16:01:05.992  2974  3246 D Uvc     : [libuvc/libuvc_internal.h:865] uvc_device_handle::close()...
01-04 16:01:05.993  2974  3246 E libusb  : [83.841894] [00000cae] libusb: error [do_close] Device handle closed while transfer was still being processed, but the device is still connected as far as we know
01-04 16:01:05.993  2974  3246 E libusb  : [83.841981] [00000cae] libusb: error [do_close] A cancellation hasn't even been scheduled on the transfer for which the device is closing
01-04 16:01:05.993  2974  3246 D Uvc     : [libuvc/libuvc_internal.h:865] ...uvc_device_handle::close()
01-04 16:01:05.993  2974  3246 D Uvc     : [libuvc/libuvc_internal.h:840] ...uvc_device_handle::deconstruct()
01-04 16:01:05.993  2974  3246 D Uvc     : [device.cpp:433] uvc_free_device_info()...
01-04 16:01:05.993  2974  3246 D Uvc     : [device.cpp:433] ...uvc_free_device_info()
01-04 16:01:05.993  2974  3246 D Uvc     : [libuvc/libuvc_internal.h:872] ...uvc_device_handle::~uvc_device_handle()
01-04 16:01:05.993  2974  3246 V Uvc     : API: Java_org_firstinspires_ftc_robotcore_internal_camera_libuvc_nativeobject_UvcDeviceHandle_nativeReleaseRefDeviceHandle: ...exit
01-04 16:01:05.993  2974  3246 D Uvc     : [jni_devicehandle.cpp:87] ...Java_org_firstinspires_ftc_robotcore_internal_camera_libuvc_nativeobject_UvcDeviceHandle_nativeReleaseRefDeviceHandle()
01-04 16:01:05.994  2974  3246 V UvcDevice: destroy(pointer=0xca8a5f80|/dev/bus/usb/003/004)
01-04 16:01:05.994  2974  3246 D UsbDeviceConnectionJNI: close
01-04 16:01:05.994  2974  3246 D Uvc     : [jni_device.cpp:126] Java_org_firstinspires_ftc_robotcore_internal_camera_libuvc_nativeobject_UvcDevice_nativeReleaseRefDevice()...
01-04 16:01:05.994  2974  3246 V Uvc     : API: Java_org_firstinspires_ftc_robotcore_internal_camera_libuvc_nativeobject_UvcDevice_nativeReleaseRefDevice: enter...
01-04 16:01:05.994  2974  3246 D Uvc     : [device.cpp:882] uvc_unref_device()...
01-04 16:01:05.996  2974  3246 D Uvc     : [device.cpp:882] ...uvc_unref_device()
01-04 16:01:05.996  2974  3246 V Uvc     : API: Java_org_firstinspires_ftc_robotcore_internal_camera_libuvc_nativeobject_UvcDevice_nativeReleaseRefDevice: ...exit
01-04 16:01:05.996  2974  3246 D Uvc     : [jni_device.cpp:126] ...Java_org_firstinspires_ftc_robotcore_internal_camera_libuvc_nativeobject_UvcDevice_nativeReleaseRefDevice()
01-04 16:01:05.997  2974  3246 V LibUsbDevice: destroy(pointer=0xcd78f860)
01-04 16:01:05.997  2974  3246 D Uvc     : [jni_libusb_device.cpp:64] Java_org_firstinspires_ftc_robotcore_internal_camera_libuvc_nativeobject_LibUsbDevice_nativeReleaseRefDevice()...
01-04 16:01:05.997  2974  3246 D Uvc     : [jni_libusb_device.cpp:64] ...Java_org_firstinspires_ftc_robotcore_internal_camera_libuvc_nativeobject_LibUsbDevice_nativeReleaseRefDevice()
01-04 16:01:05.997  2974  3246 D UvcDeviceHandle: ...destructor
01-04 16:01:05.997  2974  3246 D UvcDeviceHandle: ...CameraImpl.destructor()
01-04 16:01:05.997  2974  3246 D UsbResiliantWebcam: ...externalDestructor()
01-04 16:01:05.998  2974  3246 V UsbResiliantWebcam: destroy(hash=0x08d0c3c6)
01-04 16:01:05.998  2974  3246 D UsbResiliantWebcam: destructor()...
01-04 16:01:05.998  2974  3246 D UsbResiliantWebcam: ...destructor()
01-04 16:01:05.998  2974  3246 D UsbResiliantWebcam: ...CameraImpl.destructor()
01-04 16:01:06.058  2974  3246 I global  :  RENO - ChassisWith4Motors.setPowerWithPIDControl(ChassisWith4Motors.java:545): tDistance = 56.00, currLocation = 0.00
01-04 16:01:06.060  2974  3246 I global  :  RENO - ChassisWith4Motors.setPowerWithPIDControl(ChassisWith4Motors.java:546): rampUpPower = 0.35, rampDownPower = 0.88
01-04 16:01:06.068  2974  3246 I global  :  RENO - ChassisWith4Motors.setPowerWithPIDControl(ChassisWith4Motors.java:551): power = 0.35, correction = 0.00, global angle = -0.032, last angle = -0.13
01-04 16:01:06.083  2974  3246 I global  :  RENO - ChassisWith4Motors.setPowerWithPIDControl(ChassisWith4Motors.java:545): tDistance = 56.00, currLocation = 0.01
01-04 16:01:06.084  2974  3246 I global  :  RENO - ChassisWith4Motors.setPowerWithPIDControl(ChassisWith4Motors.java:546): rampUpPower = 0.35, rampDownPower = 0.88
01-04 16:01:06.090  2974  3246 I global  :  RENO - ChassisWith4Motors.setPowerWithPIDControl(ChassisWith4Motors.java:551): power = 0.35, correction = 0.00, global angle = -0.032, last angle = -0.13
01-04 16:01:06.105  2974  3246 I global  :  RENO - ChassisWith4Motors.setPowerWithPIDControl(ChassisWith4Motors.java:545): tDistance = 56.00, currLocation = 0.14
01-04 16:01:06.107  2974  3246 I global  :  RENO - ChassisWith4Motors.setPowerWithPIDControl(ChassisWith4Motors.java:546): rampUpPower = 0.36, rampDownPower = 0.88
01-04 16:01:06.113  2974  3246 I global  :  RENO - ChassisWith4Motors.setPowerWithPIDControl(ChassisWith4Motors.java:551): power = 0.36, correction = 0.00, global angle = -0.059, last angle = -0.15
01-04 16:01:06.128  2974  3246 I global  :  RENO - ChassisWith4Motors.setPowerWithPIDControl(ChassisWith4Motors.java:545): tDistance = 56.00, currLocation = 0.21
01-04 16:01:06.130  2974  3246 I global  :  RENO - ChassisWith4Motors.setPowerWithPIDControl(ChassisWith4Motors.java:546): rampUpPower = 0.36, rampDownPower = 0.88
01-04 16:01:06.136  2974  3246 I global  :  RENO - ChassisWith4Motors.setPowerWithPIDControl(ChassisWith4Motors.java:551): power = 0.36, correction = 0.00, global angle = -0.101, last angle = -0.19
01-04 16:01:06.150  2974  3246 I global  :  RENO - ChassisWith4Motors.setPowerWithPIDControl(ChassisWith4Motors.java:545): tDistance = 56.00, currLocation = 0.33
01-04 16:01:06.151  2974  3246 I global  :  RENO - ChassisWith4Motors.setPowerWithPIDControl(ChassisWith4Motors.java:546): rampUpPower = 0.37, rampDownPower = 0.88
01-04 16:01:06.158  2974  3246 I global  :  RENO - ChassisWith4Motors.setPowerWithPIDControl(ChassisWith4Motors.java:551): power = 0.37, correction = 0.00, global angle = -0.139, last angle = -0.23
01-04 16:01:06.172  2974  3246 I global  :  RENO - ChassisWith4Motors.setPowerWithPIDControl(ChassisWith4Motors.java:545): tDistance = 56.00, currLocation = 0.44
01-04 16:01:06.173  2974  3246 I global  :  RENO - ChassisWith4Motors.setPowerWithPIDControl(ChassisWith4Motors.java:546): rampUpPower = 0.37, rampDownPower = 0.88
01-04 16:01:06.179  2974  3246 I global  :  RENO - ChassisWith4Motors.setPowerWithPIDControl(ChassisWith4Motors.java:551): power = 0.37, correction = 0.01, global angle = -0.207, last angle = -0.30
01-04 16:01:06.194  2974  3246 I global  :  RENO - ChassisWith4Motors.setPowerWithPIDControl(ChassisWith4Motors.java:545): tDistance = 56.00, currLocation = 0.60
01-04 16:01:06.195  2974  3246 I global  :  RENO - ChassisWith4Motors.setPowerWithPIDControl(ChassisWith4Motors.java:546): rampUpPower = 0.38, rampDownPower = 0.88
01-04 16:01:06.202  2974  3246 I global  :  RENO - ChassisWith4Motors.setPowerWithPIDControl(ChassisWith4Motors.java:551): power = 0.38, correction = 0.01, global angle = -0.237, last angle = -0.33
01-04 16:01:06.217  2974  3246 I global  :  RENO - ChassisWith4Motors.setPowerWithPIDControl(ChassisWith4Motors.java:545): tDistance = 56.00, currLocation = 0.81
01-04 16:01:06.218  2974  3246 I global  :  RENO - ChassisWith4Motors.setPowerWithPIDControl(ChassisWith4Motors.java:546): rampUpPower = 0.39, rampDownPower = 0.88
01-04 16:01:06.225  2974  3246 I global  :  RENO - ChassisWith4Motors.setPowerWithPIDControl(ChassisWith4Motors.java:551): power = 0.39, correction = 0.01, global angle = -0.227, last angle = -0.32
01-04 16:01:06.240  2974  3246 I global  :  RENO - ChassisWith4Motors.setPowerWithPIDControl(ChassisWith4Motors.java:545): tDistance = 56.00, currLocation = 1.02
01-04 16:01:06.241  2974  3246 I global  :  RENO - ChassisWith4Motors.setPowerWithPIDControl(ChassisWith4Motors.java:546): rampUpPower = 0.40, rampDownPower = 0.88
01-04 16:01:06.248  2974  3246 I global  :  RENO - ChassisWith4Motors.setPowerWithPIDControl(ChassisWith4Motors.java:551): power = 0.40, correction = 0.01, global angle = -0.235, last angle = -0.33
01-04 16:01:06.263  2974  3246 I global  :  RENO - ChassisWith4Motors.setPowerWithPIDControl(ChassisWith4Motors.java:545): tDistance = 56.00, currLocation = 1.28
01-04 16:01:06.264  2974  3246 I global  :  RENO - ChassisWith4Motors.setPowerWithPIDControl(ChassisWith4Motors.java:546): rampUpPower = 0.42, rampDownPower = 0.88
01-04 16:01:06.270  2974  3246 I global  :  RENO - ChassisWith4Motors.setPowerWithPIDControl(ChassisWith4Motors.java:551): power = 0.42, correction = 0.01, global angle = -0.262, last angle = -0.36
01-04 16:01:06.285  2974  3246 I global  :  RENO - ChassisWith4Motors.setPowerWithPIDControl(ChassisWith4Motors.java:545): tDistance = 56.00, currLocation = 1.55
01-04 16:01:06.287  2974  3246 I global  :  RENO - ChassisWith4Motors.setPowerWithPIDControl(ChassisWith4Motors.java:546): rampUpPower = 0.43, rampDownPower = 0.88
01-04 16:01:06.292  2974  3246 I global  :  RENO - ChassisWith4Motors.setPowerWithPIDControl(ChassisWith4Motors.java:551): power = 0.43, correction = 0.01, global angle = -0.273, last angle = -0.37
01-04 16:01:06.311  2974  3246 I global  :  RENO - ChassisWith4Motors.setPowerWithPIDControl(ChassisWith4Motors.java:545): tDistance = 56.00, currLocation = 1.87
01-04 16:01:06.312  2974  3246 I global  :  RENO - ChassisWith4Motors.setPowerWithPIDControl(ChassisWith4Motors.java:546): rampUpPower = 0.45, rampDownPower = 0.88
01-04 16:01:06.318  2974  3246 I global  :  RENO - ChassisWith4Motors.setPowerWithPIDControl(ChassisWith4Motors.java:551): power = 0.45, correction = 0.01, global angle = -0.272, last angle = -0.37
01-04 16:01:06.336  2974  3246 I global  :  RENO - ChassisWith4Motors.setPowerWithPIDControl(ChassisWith4Motors.java:545): tDistance = 56.00, currLocation = 2.26
01-04 16:01:06.337  2974  3246 I global  :  RENO - ChassisWith4Motors.setPowerWithPIDControl(ChassisWith4Motors.java:546): rampUpPower = 0.47, rampDownPower = 0.88
01-04 16:01:06.345  2974  3246 I global  :  RENO - ChassisWith4Motors.setPowerWithPIDControl(ChassisWith4Motors.java:551): power = 0.47, correction = 0.01, global angle = -0.315, last angle = -0.41
01-04 16:01:06.360  2974  3246 I global  :  RENO - ChassisWith4Motors.setPowerWithPIDControl(ChassisWith4Motors.java:545): tDistance = 56.00, currLocation = 2.68
01-04 16:01:06.362  2974  3246 I global  :  RENO - ChassisWith4Motors.setPowerWithPIDControl(ChassisWith4Motors.java:546): rampUpPower = 0.49, rampDownPower = 0.88
01-04 16:01:06.369  2974  3246 I global  :  RENO - ChassisWith4Motors.setPowerWithPIDControl(ChassisWith4Motors.java:551): power = 0.49, correction = 0.01, global angle = -0.330, last angle = -0.42
01-04 16:01:06.386  2974  3246 I global  :  RENO - ChassisWith4Motors.setPowerWithPIDControl(ChassisWith4Motors.java:545): tDistance = 56.00, currLocation = 3.13
01-04 16:01:06.388  2974  3246 I global  :  RENO - ChassisWith4Motors.setPowerWithPIDControl(ChassisWith4Motors.java:546): rampUpPower = 0.52, rampDownPower = 0.88
01-04 16:01:06.395  2974  3246 I global  :  RENO - ChassisWith4Motors.setPowerWithPIDControl(ChassisWith4Motors.java:551): power = 0.52, correction = 0.01, global angle = -0.278, last angle = -0.37
01-04 16:01:06.409  2974  3246 I global  :  RENO - ChassisWith4Motors.setPowerWithPIDControl(ChassisWith4Motors.java:545): tDistance = 56.00, currLocation = 3.58
01-04 16:01:06.410  2974  3246 I global  :  RENO - ChassisWith4Motors.setPowerWithPIDControl(ChassisWith4Motors.java:546): rampUpPower = 0.54, rampDownPower = 0.88
01-04 16:01:06.416  2974  3246 I global  :  RENO - ChassisWith4Motors.setPowerWithPIDControl(ChassisWith4Motors.java:551): power = 0.54, correction = 0.01, global angle = -0.256, last angle = -0.35
01-04 16:01:06.430  2974  3246 I global  :  RENO - ChassisWith4Motors.setPowerWithPIDControl(ChassisWith4Motors.java:545): tDistance = 56.00, currLocation = 3.99
01-04 16:01:06.431  2974  3246 I global  :  RENO - ChassisWith4Motors.setPowerWithPIDControl(ChassisWith4Motors.java:546): rampUpPower = 0.56, rampDownPower = 0.88
01-04 16:01:06.437  2974  3246 I global  :  RENO - ChassisWith4Motors.setPowerWithPIDControl(ChassisWith4Motors.java:551): power = 0.56, correction = 0.01, global angle = -0.230, last angle = -0.32
01-04 16:01:06.451  2974  3246 I global  :  RENO - ChassisWith4Motors.setPowerWithPIDControl(ChassisWith4Motors.java:545): tDistance = 56.00, currLocation = 4.45
01-04 16:01:06.452  2974  3246 I global  :  RENO - ChassisWith4Motors.setPowerWithPIDControl(ChassisWith4Motors.java:546): rampUpPower = 0.59, rampDownPower = 0.88
01-04 16:01:06.459  2974  3246 I global  :  RENO - ChassisWith4Motors.setPowerWithPIDControl(ChassisWith4Motors.java:551): power = 0.59, correction = 0.01, global angle = -0.171, last angle = -0.26
01-04 16:01:06.474  2974  3246 I global  :  RENO - ChassisWith4Motors.setPowerWithPIDControl(ChassisWith4Motors.java:545): tDistance = 56.00, currLocation = 4.93
01-04 16:01:06.475  2974  3246 I global  :  RENO - ChassisWith4Motors.setPowerWithPIDControl(ChassisWith4Motors.java:546): rampUpPower = 0.61, rampDownPower = 0.88
01-04 16:01:06.482  2974  3246 I global  :  RENO - ChassisWith4Motors.setPowerWithPIDControl(ChassisWith4Motors.java:551): power = 0.61, correction = 0.01, global angle = -0.147, last angle = -0.24
01-04 16:01:06.496  2974  3246 I global  :  RENO - ChassisWith4Motors.setPowerWithPIDControl(ChassisWith4Motors.java:545): tDistance = 56.00, currLocation = 5.47
01-04 16:01:06.497  2974  3246 I global  :  RENO - ChassisWith4Motors.setPowerWithPIDControl(ChassisWith4Motors.java:546): rampUpPower = 0.64, rampDownPower = 0.88
01-04 16:01:06.503  2974  3246 I global  :  RENO - ChassisWith4Motors.setPowerWithPIDControl(ChassisWith4Motors.java:551): power = 0.64, correction = 0.01, global angle = -0.148, last angle = -0.24
01-04 16:01:06.518  2974  3246 I global  :  RENO - ChassisWith4Motors.setPowerWithPIDControl(ChassisWith4Motors.java:545): tDistance = 56.00, currLocation = 6.00
01-04 16:01:06.518  2974  3246 I global  :  RENO - ChassisWith4Motors.setPowerWithPIDControl(ChassisWith4Motors.java:546): rampUpPower = 0.67, rampDownPower = 0.88
01-04 16:01:06.526  2974  3246 I global  :  RENO - ChassisWith4Motors.setPowerWithPIDControl(ChassisWith4Motors.java:551): power = 0.67, correction = 0.00, global angle = -0.132, last angle = -0.23
01-04 16:01:06.548  2974  3246 I global  :  RENO - ChassisWith4Motors.setPowerWithPIDControl(ChassisWith4Motors.java:545): tDistance = 56.00, currLocation = 6.75
01-04 16:01:06.550  2974  3246 I global  :  RENO - ChassisWith4Motors.setPowerWithPIDControl(ChassisWith4Motors.java:546): rampUpPower = 0.71, rampDownPower = 0.88
01-04 16:01:06.556  2974  3246 I global  :  RENO - ChassisWith4Motors.setPowerWithPIDControl(ChassisWith4Motors.java:551): power = 0.71, correction = 0.01, global angle = -0.136, last angle = -0.23
01-04 16:01:06.581  2974  3246 I global  :  RENO - ChassisWith4Motors.setPowerWithPIDControl(ChassisWith4Motors.java:545): tDistance = 56.00, currLocation = 7.64
01-04 16:01:06.582  2974  3246 I global  :  RENO - ChassisWith4Motors.setPowerWithPIDControl(ChassisWith4Motors.java:546): rampUpPower = 0.76, rampDownPower = 0.88
01-04 16:01:06.590  2974  3246 I global  :  RENO - ChassisWith4Motors.setPowerWithPIDControl(ChassisWith4Motors.java:551): power = 0.76, correction = 0.00, global angle = -0.117, last angle = -0.21
01-04 16:01:06.608  2974  3246 I global  :  RENO - ChassisWith4Motors.setPowerWithPIDControl(ChassisWith4Motors.java:545): tDistance = 56.00, currLocation = 8.49
01-04 16:01:06.609  2974  3246 I global  :  RENO - ChassisWith4Motors.setPowerWithPIDControl(ChassisWith4Motors.java:546): rampUpPower = 0.80, rampDownPower = 0.88
01-04 16:01:06.616  2974  3246 I global  :  RENO - ChassisWith4Motors.setPowerWithPIDControl(ChassisWith4Motors.java:551): power = 0.80, correction = 0.00, global angle = -0.078, last angle = -0.17
01-04 16:01:06.632  2974  3246 I global  :  RENO - ChassisWith4Motors.setPowerWithPIDControl(ChassisWith4Motors.java:545): tDistance = 56.00, currLocation = 9.31
01-04 16:01:06.634  2974  3246 I global  :  RENO - ChassisWith4Motors.setPowerWithPIDControl(ChassisWith4Motors.java:546): rampUpPower = 0.84, rampDownPower = 0.88
01-04 16:01:06.641  2974  3246 I global  :  RENO - ChassisWith4Motors.setPowerWithPIDControl(ChassisWith4Motors.java:551): power = 0.84, correction = 0.00, global angle = -0.053, last angle = -0.15
01-04 16:01:06.658  2974  3246 I global  :  RENO - ChassisWith4Motors.setPowerWithPIDControl(ChassisWith4Motors.java:545): tDistance = 56.00, currLocation = 10.15
01-04 16:01:06.659  2974  3246 I global  :  RENO - ChassisWith4Motors.setPowerWithPIDControl(ChassisWith4Motors.java:546): rampUpPower = 0.88, rampDownPower = 0.88
01-04 16:01:06.667  2974  3246 I global  :  RENO - ChassisWith4Motors.setPowerWithPIDControl(ChassisWith4Motors.java:551): power = 0.88, correction = -0.00, global angle = 0.020, last angle = -0.07
01-04 16:01:06.682  2974  3246 I global  :  RENO - ChassisWith4Motors.setPowerWithPIDControl(ChassisWith4Motors.java:545): tDistance = 56.00, currLocation = 11.06
01-04 16:01:06.684  2974  3246 I global  :  RENO - ChassisWith4Motors.setPowerWithPIDControl(ChassisWith4Motors.java:546): rampUpPower = 0.88, rampDownPower = 0.88
01-04 16:01:06.691  2974  3246 I global  :  RENO - ChassisWith4Motors.setPowerWithPIDControl(ChassisWith4Motors.java:551): power = 0.88, correction = -0.00, global angle = 0.016, last angle = -0.08
01-04 16:01:06.706  2974  3246 I global  :  RENO - ChassisWith4Motors.setPowerWithPIDControl(ChassisWith4Motors.java:545): tDistance = 56.00, currLocation = 11.98
01-04 16:01:06.707  2974  3246 I global  :  RENO - ChassisWith4Motors.setPowerWithPIDControl(ChassisWith4Motors.java:546): rampUpPower = 0.88, rampDownPower = 0.88
01-04 16:01:06.715  2974  3246 I global  :  RENO - ChassisWith4Motors.setPowerWithPIDControl(ChassisWith4Motors.java:551): power = 0.88, correction = -0.00, global angle = -0.018, last angle = -0.11
01-04 16:01:06.730  2974  3246 I global  :  RENO - ChassisWith4Motors.setPowerWithPIDControl(ChassisWith4Motors.java:545): tDistance = 56.00, currLocation = 12.90
01-04 16:01:06.731  2974  3246 I global  :  RENO - ChassisWith4Motors.setPowerWithPIDControl(ChassisWith4Motors.java:546): rampUpPower = 0.88, rampDownPower = 0.88
01-04 16:01:06.738  2974  3246 I global  :  RENO - ChassisWith4Motors.setPowerWithPIDControl(ChassisWith4Motors.java:551): power = 0.88, correction = 0.00, global angle = -0.083, last angle = -0.18
01-04 16:01:06.754  2974  3246 I global  :  RENO - ChassisWith4Motors.setPowerWithPIDControl(ChassisWith4Motors.java:545): tDistance = 56.00, currLocation = 13.93
01-04 16:01:06.756  2974  3246 I global  :  RENO - ChassisWith4Motors.setPowerWithPIDControl(ChassisWith4Motors.java:546): rampUpPower = 0.88, rampDownPower = 0.88
01-04 16:01:06.763  2974  3246 I global  :  RENO - ChassisWith4Motors.setPowerWithPIDControl(ChassisWith4Motors.java:551): power = 0.88, correction = 0.01, global angle = -0.150, last angle = -0.24
01-04 16:01:06.779  2974  3246 I global  :  RENO - ChassisWith4Motors.setPowerWithPIDControl(ChassisWith4Motors.java:545): tDistance = 56.00, currLocation = 14.95
01-04 16:01:06.781  2974  3246 I global  :  RENO - ChassisWith4Motors.setPowerWithPIDControl(ChassisWith4Motors.java:546): rampUpPower = 0.88, rampDownPower = 0.88
01-04 16:01:06.788  2974  3246 I global  :  RENO - ChassisWith4Motors.setPowerWithPIDControl(ChassisWith4Motors.java:551): power = 0.88, correction = 0.01, global angle = -0.205, last angle = -0.30
01-04 16:01:06.804  2974  3246 I global  :  RENO - ChassisWith4Motors.setPowerWithPIDControl(ChassisWith4Motors.java:545): tDistance = 56.00, currLocation = 16.01
01-04 16:01:06.806  2974  3246 I global  :  RENO - ChassisWith4Motors.setPowerWithPIDControl(ChassisWith4Motors.java:546): rampUpPower = 0.88, rampDownPower = 0.88
01-04 16:01:06.814  2974  3246 I global  :  RENO - ChassisWith4Motors.setPowerWithPIDControl(ChassisWith4Motors.java:551): power = 0.88, correction = 0.01, global angle = -0.217, last angle = -0.31
01-04 16:01:06.830  2974  3246 I global  :  RENO - ChassisWith4Motors.setPowerWithPIDControl(ChassisWith4Motors.java:545): tDistance = 56.00, currLocation = 17.15
01-04 16:01:06.831  2974  3246 I global  :  RENO - ChassisWith4Motors.setPowerWithPIDControl(ChassisWith4Motors.java:546): rampUpPower = 0.88, rampDownPower = 0.88
01-04 16:01:06.837  2974  3246 I global  :  RENO - ChassisWith4Motors.setPowerWithPIDControl(ChassisWith4Motors.java:551): power = 0.88, correction = 0.01, global angle = -0.118, last angle = -0.21
01-04 16:01:06.854  2974  3246 I global  :  RENO - ChassisWith4Motors.setPowerWithPIDControl(ChassisWith4Motors.java:545): tDistance = 56.00, currLocation = 18.26
01-04 16:01:06.855  2974  3246 I global  :  RENO - ChassisWith4Motors.setPowerWithPIDControl(ChassisWith4Motors.java:546): rampUpPower = 0.88, rampDownPower = 0.88
01-04 16:01:06.862  2974  3246 I global  :  RENO - ChassisWith4Motors.setPowerWithPIDControl(ChassisWith4Motors.java:551): power = 0.88, correction = 0.00, global angle = -0.066, last angle = -0.16
01-04 16:01:06.877  2974  3246 I global  :  RENO - ChassisWith4Motors.setPowerWithPIDControl(ChassisWith4Motors.java:545): tDistance = 56.00, currLocation = 19.32
01-04 16:01:06.878  2974  3246 I global  :  RENO - ChassisWith4Motors.setPowerWithPIDControl(ChassisWith4Motors.java:546): rampUpPower = 0.88, rampDownPower = 0.88
01-04 16:01:06.886  2974  3246 I global  :  RENO - ChassisWith4Motors.setPowerWithPIDControl(ChassisWith4Motors.java:551): power = 0.88, correction = 0.00, global angle = -0.019, last angle = -0.11
01-04 16:01:06.900  2974  3246 I global  :  RENO - ChassisWith4Motors.setPowerWithPIDControl(ChassisWith4Motors.java:545): tDistance = 56.00, currLocation = 20.40
01-04 16:01:06.901  2974  3246 I global  :  RENO - ChassisWith4Motors.setPowerWithPIDControl(ChassisWith4Motors.java:546): rampUpPower = 0.88, rampDownPower = 0.88
01-04 16:01:06.909  2974  3246 I global  :  RENO - ChassisWith4Motors.setPowerWithPIDControl(ChassisWith4Motors.java:551): power = 0.88, correction = -0.00, global angle = 0.066, last angle = -0.03
01-04 16:01:06.924  2974  3246 I global  :  RENO - ChassisWith4Motors.setPowerWithPIDControl(ChassisWith4Motors.java:545): tDistance = 56.00, currLocation = 21.48
01-04 16:01:06.925  2974  3246 I global  :  RENO - ChassisWith4Motors.setPowerWithPIDControl(ChassisWith4Motors.java:546): rampUpPower = 0.88, rampDownPower = 0.88
01-04 16:01:06.933  2974  3246 I global  :  RENO - ChassisWith4Motors.setPowerWithPIDControl(ChassisWith4Motors.java:551): power = 0.88, correction = -0.00, global angle = 0.131, last angle = 0.04
01-04 16:01:06.948  2974  3246 I global  :  RENO - ChassisWith4Motors.setPowerWithPIDControl(ChassisWith4Motors.java:545): tDistance = 56.00, currLocation = 22.59
01-04 16:01:06.949  2974  3246 I global  :  RENO - ChassisWith4Motors.setPowerWithPIDControl(ChassisWith4Motors.java:546): rampUpPower = 0.88, rampDownPower = 0.88
01-04 16:01:06.956  2974  3246 I global  :  RENO - ChassisWith4Motors.setPowerWithPIDControl(ChassisWith4Motors.java:551): power = 0.88, correction = -0.00, global angle = 0.108, last angle = 0.01
01-04 16:01:06.972  2974  3246 I global  :  RENO - ChassisWith4Motors.setPowerWithPIDControl(ChassisWith4Motors.java:545): tDistance = 56.00, currLocation = 23.69
01-04 16:01:06.973  2974  3246 I global  :  RENO - ChassisWith4Motors.setPowerWithPIDControl(ChassisWith4Motors.java:546): rampUpPower = 0.88, rampDownPower = 0.88
01-04 16:01:06.980  2974  3246 I global  :  RENO - ChassisWith4Motors.setPowerWithPIDControl(ChassisWith4Motors.java:551): power = 0.88, correction = -0.00, global angle = 0.089, last angle = -0.00
01-04 16:01:06.997  2974  3246 I global  :  RENO - ChassisWith4Motors.setPowerWithPIDControl(ChassisWith4Motors.java:545): tDistance = 56.00, currLocation = 24.80
01-04 16:01:06.999  2974  3246 I global  :  RENO - ChassisWith4Motors.setPowerWithPIDControl(ChassisWith4Motors.java:546): rampUpPower = 0.88, rampDownPower = 0.88
01-04 16:01:07.006  2974  3246 I global  :  RENO - ChassisWith4Motors.setPowerWithPIDControl(ChassisWith4Motors.java:551): power = 0.88, correction = -0.00, global angle = 0.081, last angle = -0.01
01-04 16:01:07.022  2974  3246 I global  :  RENO - ChassisWith4Motors.setPowerWithPIDControl(ChassisWith4Motors.java:545): tDistance = 56.00, currLocation = 26.01
01-04 16:01:07.023  2974  3246 I global  :  RENO - ChassisWith4Motors.setPowerWithPIDControl(ChassisWith4Motors.java:546): rampUpPower = 0.88, rampDownPower = 0.88
01-04 16:01:07.030  2974  3246 I global  :  RENO - ChassisWith4Motors.setPowerWithPIDControl(ChassisWith4Motors.java:551): power = 0.88, correction = -0.00, global angle = 0.052, last angle = -0.04
01-04 16:01:07.050  2974  3246 I global  :  RENO - ChassisWith4Motors.setPowerWithPIDControl(ChassisWith4Motors.java:545): tDistance = 56.00, currLocation = 27.37
01-04 16:01:07.051  2974  3246 I global  :  RENO - ChassisWith4Motors.setPowerWithPIDControl(ChassisWith4Motors.java:546): rampUpPower = 0.88, rampDownPower = 0.88
01-04 16:01:07.059  2974  3246 I global  :  RENO - ChassisWith4Motors.setPowerWithPIDControl(ChassisWith4Motors.java:551): power = 0.88, correction = -0.00, global angle = 0.055, last angle = -0.04
01-04 16:01:07.082  2974  3246 I global  :  RENO - ChassisWith4Motors.setPowerWithPIDControl(ChassisWith4Motors.java:545): tDistance = 56.00, currLocation = 28.89
01-04 16:01:07.083  2974  3246 I global  :  RENO - ChassisWith4Motors.setPowerWithPIDControl(ChassisWith4Motors.java:546): rampUpPower = 0.88, rampDownPower = 0.88
01-04 16:01:07.090  2974  3246 I global  :  RENO - ChassisWith4Motors.setPowerWithPIDControl(ChassisWith4Motors.java:551): power = 0.88, correction = -0.00, global angle = 0.096, last angle = 0.00
01-04 16:01:07.106  2974  3246 I global  :  RENO - ChassisWith4Motors.setPowerWithPIDControl(ChassisWith4Motors.java:545): tDistance = 56.00, currLocation = 30.07
01-04 16:01:07.107  2974  3246 I global  :  RENO - ChassisWith4Motors.setPowerWithPIDControl(ChassisWith4Motors.java:546): rampUpPower = 0.88, rampDownPower = 0.88
01-04 16:01:07.114  2974  3246 I global  :  RENO - ChassisWith4Motors.setPowerWithPIDControl(ChassisWith4Motors.java:551): power = 0.88, correction = -0.00, global angle = 0.123, last angle = 0.03
01-04 16:01:07.135  2974  3246 I global  :  RENO - ChassisWith4Motors.setPowerWithPIDControl(ChassisWith4Motors.java:545): tDistance = 56.00, currLocation = 31.44
01-04 16:01:07.136  2974  3246 I global  :  RENO - ChassisWith4Motors.setPowerWithPIDControl(ChassisWith4Motors.java:546): rampUpPower = 0.88, rampDownPower = 0.88
01-04 16:01:07.144  2974  3246 I global  :  RENO - ChassisWith4Motors.setPowerWithPIDControl(ChassisWith4Motors.java:551): power = 0.88, correction = -0.00, global angle = 0.094, last angle = 0.00
01-04 16:01:07.160  2974  3246 I global  :  RENO - ChassisWith4Motors.setPowerWithPIDControl(ChassisWith4Motors.java:545): tDistance = 56.00, currLocation = 32.68
01-04 16:01:07.161  2974  3246 I global  :  RENO - ChassisWith4Motors.setPowerWithPIDControl(ChassisWith4Motors.java:546): rampUpPower = 0.88, rampDownPower = 0.88
01-04 16:01:07.169  2974  3246 I global  :  RENO - ChassisWith4Motors.setPowerWithPIDControl(ChassisWith4Motors.java:551): power = 0.88, correction = -0.00, global angle = 0.074, last angle = -0.02
01-04 16:01:07.185  2974  3246 I global  :  RENO - ChassisWith4Motors.setPowerWithPIDControl(ChassisWith4Motors.java:545): tDistance = 56.00, currLocation = 33.90
01-04 16:01:07.187  2974  3246 I global  :  RENO - ChassisWith4Motors.setPowerWithPIDControl(ChassisWith4Motors.java:546): rampUpPower = 0.88, rampDownPower = 0.88
01-04 16:01:07.195  2974  3246 I global  :  RENO - ChassisWith4Motors.setPowerWithPIDControl(ChassisWith4Motors.java:551): power = 0.88, correction = -0.00, global angle = 0.047, last angle = -0.05
01-04 16:01:07.210  2974  3246 I global  :  RENO - ChassisWith4Motors.setPowerWithPIDControl(ChassisWith4Motors.java:545): tDistance = 56.00, currLocation = 35.15
01-04 16:01:07.211  2974  3246 I global  :  RENO - ChassisWith4Motors.setPowerWithPIDControl(ChassisWith4Motors.java:546): rampUpPower = 0.88, rampDownPower = 0.88
01-04 16:01:07.218  2974  3246 I global  :  RENO - ChassisWith4Motors.setPowerWithPIDControl(ChassisWith4Motors.java:551): power = 0.88, correction = -0.00, global angle = 0.067, last angle = -0.03
01-04 16:01:07.233  2974  3246 I global  :  RENO - ChassisWith4Motors.setPowerWithPIDControl(ChassisWith4Motors.java:545): tDistance = 56.00, currLocation = 36.27
01-04 16:01:07.234  2974  3246 I global  :  RENO - ChassisWith4Motors.setPowerWithPIDControl(ChassisWith4Motors.java:546): rampUpPower = 0.88, rampDownPower = 0.88
01-04 16:01:07.241  2974  3246 I global  :  RENO - ChassisWith4Motors.setPowerWithPIDControl(ChassisWith4Motors.java:551): power = 0.88, correction = -0.00, global angle = 0.099, last angle = 0.01
01-04 16:01:07.257  2974  3246 I global  :  RENO - ChassisWith4Motors.setPowerWithPIDControl(ChassisWith4Motors.java:545): tDistance = 56.00, currLocation = 37.36
01-04 16:01:07.258  2974  3246 I global  :  RENO - ChassisWith4Motors.setPowerWithPIDControl(ChassisWith4Motors.java:546): rampUpPower = 0.88, rampDownPower = 0.88
01-04 16:01:07.265  2974  3246 I global  :  RENO - ChassisWith4Motors.setPowerWithPIDControl(ChassisWith4Motors.java:551): power = 0.88, correction = -0.00, global angle = 0.104, last angle = 0.01
01-04 16:01:07.281  2974  3246 I global  :  RENO - ChassisWith4Motors.setPowerWithPIDControl(ChassisWith4Motors.java:545): tDistance = 56.00, currLocation = 38.54
01-04 16:01:07.282  2974  3246 I global  :  RENO - ChassisWith4Motors.setPowerWithPIDControl(ChassisWith4Motors.java:546): rampUpPower = 0.88, rampDownPower = 0.88
01-04 16:01:07.290  2974  3246 I global  :  RENO - ChassisWith4Motors.setPowerWithPIDControl(ChassisWith4Motors.java:551): power = 0.88, correction = -0.00, global angle = 0.114, last angle = 0.02
01-04 16:01:07.308  2974  3246 I global  :  RENO - ChassisWith4Motors.setPowerWithPIDControl(ChassisWith4Motors.java:545): tDistance = 56.00, currLocation = 39.80
01-04 16:01:07.309  2974  3246 I global  :  RENO - ChassisWith4Motors.setPowerWithPIDControl(ChassisWith4Motors.java:546): rampUpPower = 0.88, rampDownPower = 0.88
01-04 16:01:07.317  2974  3246 I global  :  RENO - ChassisWith4Motors.setPowerWithPIDControl(ChassisWith4Motors.java:551): power = 0.88, correction = -0.01, global angle = 0.138, last angle = 0.04
01-04 16:01:07.335  2974  3246 I global  :  RENO - ChassisWith4Motors.setPowerWithPIDControl(ChassisWith4Motors.java:545): tDistance = 56.00, currLocation = 41.14
01-04 16:01:07.336  2974  3246 I global  :  RENO - ChassisWith4Motors.setPowerWithPIDControl(ChassisWith4Motors.java:546): rampUpPower = 0.88, rampDownPower = 0.88
01-04 16:01:07.345  2974  3246 I global  :  RENO - ChassisWith4Motors.setPowerWithPIDControl(ChassisWith4Motors.java:551): power = 0.88, correction = -0.01, global angle = 0.158, last angle = 0.06
01-04 16:01:07.362  2974  3246 I global  :  RENO - ChassisWith4Motors.setPowerWithPIDControl(ChassisWith4Motors.java:545): tDistance = 56.00, currLocation = 42.47
01-04 16:01:07.364  2974  3246 I global  :  RENO - ChassisWith4Motors.setPowerWithPIDControl(ChassisWith4Motors.java:546): rampUpPower = 0.88, rampDownPower = 0.88
01-04 16:01:07.372  2974  3246 I global  :  RENO - ChassisWith4Motors.setPowerWithPIDControl(ChassisWith4Motors.java:551): power = 0.88, correction = -0.01, global angle = 0.172, last angle = 0.08
01-04 16:01:07.389  2974  3246 I global  :  RENO - ChassisWith4Motors.setPowerWithPIDControl(ChassisWith4Motors.java:545): tDistance = 56.00, currLocation = 43.78
01-04 16:01:07.391  2974  3246 I global  :  RENO - ChassisWith4Motors.setPowerWithPIDControl(ChassisWith4Motors.java:546): rampUpPower = 0.88, rampDownPower = 0.88
01-04 16:01:07.399  2974  3246 I global  :  RENO - ChassisWith4Motors.setPowerWithPIDControl(ChassisWith4Motors.java:551): power = 0.88, correction = -0.01, global angle = 0.131, last angle = 0.04
01-04 16:01:07.416  2974  3246 I global  :  RENO - ChassisWith4Motors.setPowerWithPIDControl(ChassisWith4Motors.java:545): tDistance = 56.00, currLocation = 45.08
01-04 16:01:07.418  2974  3246 I global  :  RENO - ChassisWith4Motors.setPowerWithPIDControl(ChassisWith4Motors.java:546): rampUpPower = 0.88, rampDownPower = 0.88
01-04 16:01:07.426  2974  3246 I global  :  RENO - ChassisWith4Motors.setPowerWithPIDControl(ChassisWith4Motors.java:551): power = 0.88, correction = -0.00, global angle = 0.106, last angle = 0.01
01-04 16:01:07.443  2974  3246 I global  :  RENO - ChassisWith4Motors.setPowerWithPIDControl(ChassisWith4Motors.java:545): tDistance = 56.00, currLocation = 46.39
01-04 16:01:07.444  2974  3246 I global  :  RENO - ChassisWith4Motors.setPowerWithPIDControl(ChassisWith4Motors.java:546): rampUpPower = 0.88, rampDownPower = 0.35
01-04 16:01:07.450  2974  3246 I global  :  RENO - ChassisWith4Motors.setPowerWithPIDControl(ChassisWith4Motors.java:551): power = 0.35, correction = -0.00, global angle = 0.096, last angle = 0.00
01-04 16:01:07.467  2974  3246 I global  :  RENO - ChassisWith4Motors.setPowerWithPIDControl(ChassisWith4Motors.java:545): tDistance = 56.00, currLocation = 47.58
01-04 16:01:07.468  2974  3246 I global  :  RENO - ChassisWith4Motors.setPowerWithPIDControl(ChassisWith4Motors.java:546): rampUpPower = 0.88, rampDownPower = 0.33
01-04 16:01:07.476  2974  3246 I global  :  RENO - ChassisWith4Motors.setPowerWithPIDControl(ChassisWith4Motors.java:551): power = 0.33, correction = -0.00, global angle = 0.076, last angle = -0.02
01-04 16:01:07.492  2974  3246 I global  :  RENO - ChassisWith4Motors.setPowerWithPIDControl(ChassisWith4Motors.java:545): tDistance = 56.00, currLocation = 48.78
01-04 16:01:07.493  2974  3246 I global  :  RENO - ChassisWith4Motors.setPowerWithPIDControl(ChassisWith4Motors.java:546): rampUpPower = 0.88, rampDownPower = 0.31
01-04 16:01:07.500  2974  3246 I global  :  RENO - ChassisWith4Motors.setPowerWithPIDControl(ChassisWith4Motors.java:551): power = 0.31, correction = -0.00, global angle = 0.056, last angle = -0.04
01-04 16:01:07.518  2974  3246 I global  :  RENO - ChassisWith4Motors.setPowerWithPIDControl(ChassisWith4Motors.java:545): tDistance = 56.00, currLocation = 50.03
01-04 16:01:07.520  2974  3246 I global  :  RENO - ChassisWith4Motors.setPowerWithPIDControl(ChassisWith4Motors.java:546): rampUpPower = 0.88, rampDownPower = 0.29
01-04 16:01:07.528  2974  3246 I global  :  RENO - ChassisWith4Motors.setPowerWithPIDControl(ChassisWith4Motors.java:551): power = 0.29, correction = -0.00, global angle = 0.032, last angle = -0.06
01-04 16:01:07.546  2974  3246 I global  :  RENO - ChassisWith4Motors.setPowerWithPIDControl(ChassisWith4Motors.java:545): tDistance = 56.00, currLocation = 51.30
01-04 16:01:07.548  2974  3246 I global  :  RENO - ChassisWith4Motors.setPowerWithPIDControl(ChassisWith4Motors.java:546): rampUpPower = 0.88, rampDownPower = 0.27
01-04 16:01:07.555  2974  3246 I global  :  RENO - ChassisWith4Motors.setPowerWithPIDControl(ChassisWith4Motors.java:551): power = 0.27, correction = 0.00, global angle = -0.016, last angle = -0.11
01-04 16:01:07.579  2974  3246 I global  :  RENO - ChassisWith4Motors.setPowerWithPIDControl(ChassisWith4Motors.java:545): tDistance = 56.00, currLocation = 52.79
01-04 16:01:07.581  2974  3246 I global  :  RENO - ChassisWith4Motors.setPowerWithPIDControl(ChassisWith4Motors.java:546): rampUpPower = 0.88, rampDownPower = 0.25
01-04 16:01:07.588  2974  3246 I global  :  RENO - ChassisWith4Motors.setPowerWithPIDControl(ChassisWith4Motors.java:551): power = 0.25, correction = 0.00, global angle = -0.026, last angle = -0.12
01-04 16:01:07.612  2974  3246 I global  :  RENO - ChassisWith4Motors.setPowerWithPIDControl(ChassisWith4Motors.java:545): tDistance = 56.00, currLocation = 54.25
01-04 16:01:07.613  2974  3246 I global  :  RENO - ChassisWith4Motors.setPowerWithPIDControl(ChassisWith4Motors.java:546): rampUpPower = 0.88, rampDownPower = 0.23
01-04 16:01:07.620  2974  3246 I global  :  RENO - ChassisWith4Motors.setPowerWithPIDControl(ChassisWith4Motors.java:551): power = 0.23, correction = -0.00, global angle = 0.011, last angle = -0.08
01-04 16:01:07.638  2974  3246 I global  :  RENO - ChassisWith4Motors.setPowerWithPIDControl(ChassisWith4Motors.java:545): tDistance = 56.00, currLocation = 55.12
01-04 16:01:07.639  2974  3246 I global  :  RENO - ChassisWith4Motors.setPowerWithPIDControl(ChassisWith4Motors.java:546): rampUpPower = 0.88, rampDownPower = 0.21
01-04 16:01:07.647  2974  3246 I global  :  RENO - ChassisWith4Motors.setPowerWithPIDControl(ChassisWith4Motors.java:551): power = 0.21, correction = -0.00, global angle = 0.063, last angle = -0.03
01-04 16:01:07.667  2974  3246 I global  :  RENO - ChassisWith4Motors.setPowerWithPIDControl(ChassisWith4Motors.java:564): Drive power = 0.21, global angle = -0.069
01-04 16:01:07.687  2974  3246 I global  :  RENO - ChassisWith4Motors.runToPosition(ChassisWith4Motors.java:625): Required moving distance 56.00.
01-04 16:01:07.688  2974  3246 I global  :  RENO - ChassisWith4Motors.runToPosition(ChassisWith4Motors.java:626): Target Position = 2396
01-04 16:01:07.689  2974  3246 I global  :  RENO - ChassisWith4Motors.runToPosition(ChassisWith4Motors.java:627): PID = 1
01-04 16:01:07.696  2974  3246 I global  :  RENO - ChassisWith4Motors.runToPosition(ChassisWith4Motors.java:628): Current Position after moving, FL = 15, FR= 20, BL = 2, BR = 10
01-04 16:01:07.735  2974  3246 I global  :  RENO - ChassisWith4Motors.rotateIMUTargetAngle(ChassisWith4Motors.java:363): imu angle before rotation: -0.69
01-04 16:01:07.783  2974  3246 I global  :  RENO - ChassisWith4Motors.setPowerWithPIDControl(ChassisWith4Motors.java:551): power = 0.45, correction = 0.01, global angle = -0.271, last angle = -0.96
01-04 16:01:07.806  2974  3246 I global  :  RENO - ChassisWith4Motors.setPowerWithPIDControl(ChassisWith4Motors.java:551): power = 0.45, correction = 0.01, global angle = -0.186, last angle = -0.87
01-04 16:01:07.828  2974  3246 I global  :  RENO - ChassisWith4Motors.setPowerWithPIDControl(ChassisWith4Motors.java:551): power = 0.45, correction = 0.01, global angle = -0.075, last angle = -0.76
