11-17 14:33:13.345 13033 13033 E ClassManager: 	at android.app.ActivityThread.handleLaunchActivity(ActivityThread.java:2727)
11-17 14:33:13.345 13033 13033 E ClassManager: 	at android.app.ActivityThread.-wrap12(ActivityThread.java)
11-17 14:33:13.346 13033 13033 E ClassManager: 	at android.app.ActivityThread$H.handleMessage(ActivityThread.java:1478)
11-17 14:33:13.346 13033 13033 E ClassManager: 	at android.os.Handler.dispatchMessage(Handler.java:102)
11-17 14:33:13.347 13033 13033 E ClassManager: 	at android.os.Looper.loop(Looper.java:154)
11-17 14:33:13.347 13033 13033 E ClassManager: 	at android.app.ActivityThread.main(ActivityThread.java:6121)
11-17 14:33:13.348 13033 13033 E ClassManager: 	at java.lang.reflect.Method.invoke(Native Method)
11-17 14:33:13.349 13033 13033 E ClassManager: 	at com.android.internal.os.ZygoteInit$MethodAndArgsCaller.run(ZygoteInit.java:905)
11-17 14:33:13.349 13033 13033 E ClassManager: 	at com.android.internal.os.ZygoteInit.main(ZygoteInit.java:795)
11-17 14:33:13.352 13033 13033 E ClassManager: Caused by: java.lang.ClassNotFoundException: Didn't find class "com.journeyapps.barcodescanner.ScanContract" on path: DexPathList[[],nativeLibraryDirectories=[/system/lib, /vendor/lib]]
11-17 14:33:13.352 13033 13033 E ClassManager: 	at dalvik.system.BaseDexClassLoader.findClass(BaseDexClassLoader.java:56)
11-17 14:33:13.353 13033 13033 E ClassManager: 	at java.lang.ClassLoader.loadClass(ClassLoader.java:380)
11-17 14:33:13.353 13033 13033 E ClassManager: 	at java.lang.ClassLoader.loadClass(ClassLoader.java:312)
11-17 14:33:13.354 13033 13033 E ClassManager: 	... 18 more
11-17 14:33:14.871 13033 13033 V UpdateUI: Network: inactive, disconnected
11-17 14:33:14.871 13033 13033 V ServiceStarter: attempting to start service FtcRobotControllerWatchdogService
11-17 14:33:14.874 13033 13033 V ServiceStarter: started service FtcRobotControllerWatchdogService
11-17 14:33:14.896 13033 13033 I RobotCore: App info: version=8.0.0 appId=com.qualcomm.ftcrobotcontroller
11-17 14:33:14.896 13033 13033 I RobotCore: Android Device: maker=REV Robotics model=Control Hub v1.0 sdk=25 serial=caade241cd00a884
11-17 14:33:14.897 13033 13033 V AndroidBoard: REV Control Hub contains REV3328
11-17 14:33:14.897 13033 13033 V AndroidBoard: Communicating with embedded REV hub via /dev/ttyS1
11-17 14:33:14.899 13033 13033 V RCActivity: onStart()
11-17 14:33:14.903 13033 13033 V RCActivity: onResume()
11-17 14:33:14.921 13033 13033 V NetDiscover_prefremrc: onSharedPreferenceChanged(name=App Restrictions, value=AAAAAA==
11-17 14:33:14.921 13033 13033 V NetDiscover_prefremrc: )
11-17 14:33:14.933 13033 13033 V FtcRobotControllerWatchdogService: onCreate()
11-17 14:33:14.934 13033 13033 V FtcRobotControllerWatchdogService: onStartCommand() intent=Intent { cmp=com.qualcomm.ftcrobotcontroller/org.firstinspires.ftc.ftccommon.internal.FtcRobotControllerWatchdogService } flags=0x0 startId=1
11-17 14:33:14.935 13033 13033 V FtcRobotControllerWatchdogService: shouldAutoLauchRobotController() result=true
11-17 14:33:14.940 13033 13033 V FTCService: onCreate()
11-17 14:33:14.975 13033 13033 W art     : Before Android 4.1, method double java.util.concurrent.ThreadLocalRandom.internalNextDouble(double, double) would have incorrectly overridden the package-private method in java.util.Random
11-17 14:33:14.975 13033 13033 W art     : Before Android 4.1, method int java.util.concurrent.ThreadLocalRandom.internalNextInt(int, int) would have incorrectly overridden the package-private method in java.util.Random
11-17 14:33:14.975 13033 13033 W art     : Before Android 4.1, method long java.util.concurrent.ThreadLocalRandom.internalNextLong(long, long) would have incorrectly overridden the package-private method in java.util.Random
11-17 14:33:15.011 13033 13033 V FTCService: onBind()
11-17 14:33:15.037 13033 13033 V CoreRobotWebServer: creating NanoHTTPD(8080)
11-17 14:33:15.047 13033 13033 V WebSocketManager: Registered broadcast-only namespace progress
11-17 14:33:15.055 13033 13033 V WebSocketManager: Registered handler for namespace ControlHubUpdater
11-17 14:33:15.056 13033 13033 V RobotCore: Getting network assistant of type: RCWIRELESSAP
11-17 14:33:15.059 13033 13033 I RobotControllerAccessPointAssistant: Enabling network services
11-17 14:33:15.062 13033 13033 I RobotControllerAccessPointAssistant: Sending SSID and password to AP service
11-17 14:33:15.063 13033 13033 I RobotCore: password
11-17 14:33:15.064 13033 13033 D RobotControllerAccessPointAssistant: setNetworkProperties(deviceName=FTC-eE8w, password=password, ApChannel=null) sendSettingsIndividually=false
11-17 14:33:15.064 13033 13033 I NetDiscover_ControlHubNameManager: Robot controller name: FTC-eE8w
11-17 14:33:15.064 13033 13033 I ControlHubPasswordManager: Robot controller password: password
11-17 14:33:15.064 13033 13033 D RobotControllerAccessPointAssistant: Sending bulk settings broadcast intent
11-17 14:33:15.134 13033 13109 I OpenGLRenderer: Initialized EGL, version 1.4
11-17 14:33:15.134 13033 13109 D OpenGLRenderer: Swap behavior 1
11-17 14:33:15.140 13033 13033 I RobotControllerAccessPointAssistant: Wi-Fi state change:, wifiApState: 13
11-17 14:33:15.140 13033 13033 I FTCService: onNetworkConnectionEvent: CONNECTION_INFO_AVAILABLE
11-17 14:33:15.141 13033 13033 I RobotCore: password
11-17 14:33:15.141 13033 13033 I FTCService: Network Connection Passphrase: password
11-17 14:33:15.141 13033 13033 V CoreRobotWebServer: starting port=8080
11-17 14:33:15.153 13033 13033 V RobotCore: Getting network assistant of type: RCWIRELESSAP
11-17 14:33:15.154 13033 13033 V CoreRobotWebServer: started port=8080
11-17 14:33:15.154 13033 13033 V FTCService: RCActivity.controllerService=bound
11-17 14:33:15.155 13033 13033 V UpdateUI: Network: active, disconnected
11-17 14:33:15.156 13033 13033 V RobotCore: Robot Status: stopped
11-17 14:33:15.162 13033 13131 V TooTallWebSocketServer: Started WebSocket server on port 8081
11-17 14:33:15.166 13033 13134 V RobotCore: thread: 'RobotSetupRunnable.run()' starting...
11-17 14:33:15.166 13033 13134 V FTCService: Processing robot setup
11-17 14:33:15.169 13033 13134 V RobotCore: Robot Status: stopped, scanning for USB devices
11-17 14:33:15.169 13033 13134 I AppAliveNotifier: Telling the OS to set the RC alive notification timeout to 10 seconds
11-17 14:33:15.190 13033 13033 V WebSocketManager: Registered handler for namespace ONBOTJAVA
11-17 14:33:15.201 13033 13109 I [Gralloc]:  ion device open success! fd = 92
11-17 14:33:15.269 13033 13033 V AppUtil : rootActivity=PermissionValidatorWrapper destroyed
11-17 14:33:15.269 13033 13033 V AppUtil : rootActivity=FtcRobotControllerActivity
11-17 14:33:15.269 13033 13033 I PermissionValidatorActivity: Lifecycle onDestroy : e96b6b5
11-17 14:33:15.423 13033 13133 V FtcWebSocket: Opening websocket (ip=192.168.43.107/192.168.43.107 port=8081)
11-17 14:33:15.430 13033 13133 V WebSocketManager: Subscribed websocket (ip=192.168.43.107/192.168.43.107 port=8081) to namespace (progress)
11-17 14:33:15.432 13033 13133 V WebSocketManager: Subscribed websocket (ip=192.168.43.107/192.168.43.107 port=8081) to namespace (ControlHubUpdater)
11-17 14:33:15.760 13033 13133 V FtcWebSocket: Opening websocket (ip=192.168.43.107/192.168.43.107 port=8081)
11-17 14:33:15.800 13033 13133 V WebSocketManager: Subscribed websocket (ip=192.168.43.107/192.168.43.107 port=8081) to namespace (progress)
11-17 14:33:15.801 13033 13133 V WebSocketManager: Subscribed websocket (ip=192.168.43.107/192.168.43.107 port=8081) to namespace (ControlHubUpdater)
11-17 14:33:15.917 13033 13133 V FtcWebSocket: Opening websocket (ip=192.168.43.107/192.168.43.107 port=8081)
11-17 14:33:15.922 13033 13133 V WebSocketManager: Subscribed websocket (ip=192.168.43.107/192.168.43.107 port=8081) to namespace (progress)
11-17 14:33:15.923 13033 13133 V WebSocketManager: Subscribed websocket (ip=192.168.43.107/192.168.43.107 port=8081) to namespace (ControlHubUpdater)
11-17 14:33:15.969 13033 13149 I RobotCore: password
11-17 14:33:16.025 13033 13144 V ProgrammingModeManager: serve uri=/css/colors.less
11-17 14:33:16.335 13033 13142 I RobotCore: password
11-17 14:33:16.434 13033 13144 V ProgrammingModeManager: serve uri=/css/colors.less
11-17 14:33:18.232 13033 13144 I RobotCore: password
11-17 14:33:19.708 13033 13133 V FtcWebSocket: Opening websocket (ip=192.168.43.107/192.168.43.107 port=8081)
11-17 14:33:19.713 13033 13133 V WebSocketManager: Subscribed websocket (ip=192.168.43.107/192.168.43.107 port=8081) to namespace (progress)
11-17 14:33:19.714 13033 13133 V WebSocketManager: Subscribed websocket (ip=192.168.43.107/192.168.43.107 port=8081) to namespace (ControlHubUpdater)
11-17 14:33:19.944 13033 13133 V FtcWebSocket: Opening websocket (ip=192.168.43.107/192.168.43.107 port=8081)
11-17 14:33:19.953 13033 13133 V WebSocketManager: Subscribed websocket (ip=192.168.43.107/192.168.43.107 port=8081) to namespace (progress)
11-17 14:33:19.954 13033 13133 V WebSocketManager: Subscribed websocket (ip=192.168.43.107/192.168.43.107 port=8081) to namespace (ControlHubUpdater)
11-17 14:33:20.178 13033 13134 V RobotCore: EventLoopManager state is NOT_STARTED
11-17 14:33:20.178 13033 13134 V FTCService: Waiting for a connection to a Wi-Fi service
11-17 14:33:20.180 13033 13134 V RobotCore: Robot Status: stopped, waiting for network to become active
11-17 14:33:20.181 13033 13134 I RobotControllerAccessPointAssistant: Wi-Fi AP is enabled
11-17 14:33:20.181 13033 13134 V CoreRobotWebServer: Asked an already running WebServer to start
11-17 14:33:20.182 13033 13134 V RobotCore: Robot Status: stopped, starting robot
11-17 14:33:20.182 13033 13134 V Robocol : EventLoopManager.start()
11-17 14:33:20.182 13033 13134 V RobotCore: Getting network assistant of type: RCWIRELESSAP
11-17 14:33:20.183 13033 13134 I RobotControllerAccessPointAssistant: Wi-Fi AP is enabled
11-17 14:33:20.183 13033 13134 V Robocol : Spoofing a Network Connection event...
11-17 14:33:20.183 13033 13134 I EventLoopManager: onNetworkConnectionEvent: CONNECTION_INFO_AVAILABLE
11-17 14:33:20.184 13033 13134 I Robocol : Received network connection event
11-17 14:33:20.185 13033 13134 I RobotControllerAccessPointAssistant: Wi-Fi AP is enabled
11-17 14:33:20.185 13033 13134 I NetworkConnectionHandler: Handling new network connection infomation, connected: true setup needed: true
11-17 14:33:20.186 13033 13134 I RobotControllerAccessPointAssistant: Wi-Fi AP is enabled
11-17 14:33:23.204 13033 13188 V RobotCore: thread: 'SetupRunnable.run()' starting...
11-17 14:33:23.205 13033 13134 V RobotCore: EventLoopManager state is STOPPED
11-17 14:33:23.206 13033 13134 V Robocol : eventLoop=FtcEventLoop
11-17 14:33:23.206 13033 13134 V RobotCore: EventLoopManager state is INIT
11-17 14:33:23.208 13033 13134 V RobotCore: Robot Status: initializing, starting robot
11-17 14:33:23.208 13033 13134 I FtcEventLoop: ======= INIT START =======
11-17 14:33:23.210 13033 13134 V OpmodeRegistration: registered {DefaultOpMode} as {$Stop$Robot$}
11-17 14:33:23.221 13033 13188 D Robocol : RobocolDatagramSocket listening addr=/192.168.43.1:20884 cbRec=65520 cbSend=106496 msRecTO=300
11-17 14:33:23.222 13033 13188 V Robocol : RecvLoopRunnable created
11-17 14:33:23.225 13033 13189 V Robocol : PacketProcessor started
11-17 14:33:23.226 13033 13190 V Robocol : CommandProcessor started
11-17 14:33:23.228 13033 13191 V RobotCore: thread: 'RecvLoopRunnable.run()' starting...
11-17 14:33:23.231 13033 13188 V PeerDiscovery: Starting peer discovery remote: /192.168.43.1 local: /192.168.43.1
11-17 14:33:23.231 13033 13188 V PeerDiscovery: No need for initiating peer discovery, we are the Robot Controller
11-17 14:33:23.231 13033 13188 V RobotCore: Setup complete
11-17 14:33:23.232 13033 13188 V RobotCore: thread: ...terminating 'SetupRunnable.run()'
11-17 14:33:23.431 13033 13134 V MD5     : Calculated digest: 9d9a9ed11665dc92c91c475aad54ef94
11-17 14:33:23.431 13033 13134 V MD5     : Provided digest: 9d9a9ed11665dc92c91c475aad54ef94
11-17 14:33:23.530 13033 13191 E Robocol : exception SocketTimeoutException(Receive timed out): no packet received [java.net.PlainDatagramSocketImpl.receive0(Native Method)]
11-17 14:33:23.611 13033 13189 D RobotCore: system telemetry: key=$System$None$ msg=""
11-17 14:33:23.612 13033 13189 V PeerDiscovery: new remote peer discovered: 192.168.43.39
11-17 14:33:23.612 13033 13189 V NetworkConnectionHandler: starting sending loop
11-17 14:33:23.613 13033 13192 V Robocol : sending CMD_NOTIFY_ROBOT_STATE(7), attempt: 0
11-17 14:33:23.614 13033 13192 V Robocol : sending CMD_NOTIFY_ROBOT_STATE(8), attempt: 0
11-17 14:33:23.615 13033 13192 V Robocol : sending CMD_NOTIFY_ROBOT_STATE(9), attempt: 0
11-17 14:33:23.632 13033 13189 V UpdateUI: Network: active, connected
11-17 14:33:23.632 13033 13189 D FTCService: Sending user device types and preferences to driver station
11-17 14:33:23.696 13033 13195 V SoundInfo: construct(0x077dd39a)
11-17 14:33:23.706 13033 13194 E WVMExtractor: Failed to open libwvm.so: dlopen failed: library "libwvm.so" not found
11-17 14:33:23.726 13033 13194 I MediaCodec: callingProcessName:com.qualcomm.ftcrobotcontroller
11-17 14:33:23.730 13033 13201 I ACodec  : onAllocateComponent:6752 mSoftCodecPref:0 componentName:
11-17 14:33:23.731 13033 13189 V NetDiscover_prefremrc: sendAllPreferences()
11-17 14:33:23.731 13033 13201 I ACodec  : onAllocateComponent:6783 mSoftCodecPref:0 componentName:OMX.google.raw.decoder
11-17 14:33:23.731 13033 13189 V NetDiscover_prefremrc: sending RC pref name=pref_wifip2p_remote_channel_change_works value=false
11-17 14:33:23.734 13033 13192 V Robocol : sending CMD_NOTIFY_USER_DEVICE_LIST(13), attempt: 0
11-17 14:33:23.736 13033 13189 V NetDiscover_prefremrc: sending RC pref name=pref_device_name value=FTC-eE8w
11-17 14:33:23.736 13033 13189 V NetDiscover_prefremrc: sending RC pref name=pref_warn_about_incorrect_clocks value=true
11-17 14:33:23.737 13033 13189 V NetDiscover_prefremrc: sending RC pref name=pref_warn_about_obsolete_software value=true
11-17 14:33:23.738 13033 13189 V NetDiscover_prefremrc: sending RC pref name=pref_has_speaker value=false
11-17 14:33:23.738 13033 13189 V NetDiscover_prefremrc: sending RC pref name=pref_warn_about_2_4_ghz_band value=true
11-17 14:33:23.739 13033 13189 V NetDiscover_prefremrc: sending RC pref name=pref_has_independent_phone_battery value=false
11-17 14:33:23.740 13033 13189 V NetDiscover_prefremrc: sending RC pref name=pref_app_theme value=red
11-17 14:33:23.741 13033 13189 V NetDiscover_prefremrc: sending RC pref name=pref_warn_about_mismatched_app_versions value=true
11-17 14:33:23.742 13033 13189 V NetDiscover_prefremrc: sending RC pref name=pref_sound_on_off value=false
11-17 14:33:23.743 13033 13189 V NetworkConnectionHandler: Peer connection established
11-17 14:33:23.747 13033 13189 V Robocol : packet processing took 135.6ms: type=PEER_DISCOVERY
11-17 14:33:23.769 13033 13191 V EventLoopManager: Setting authoritative wall clock based on connected DS.
11-17 14:33:23.770 13033 13191 D Uvc     : [time.cpp:64] Java_org_firstinspires_ftc_robotcore_internal_system_AppUtil_nativeSetCurrentTimeMillis()...
11-17 14:33:23.712 13033 13191 I JniTime : [time.cpp:83] settimeofday() succeeded
11-17 14:33:23.712 13033 13191 D Uvc     : [time.cpp:64] ...Java_org_firstinspires_ftc_robotcore_internal_system_AppUtil_nativeSetCurrentTimeMillis()
11-17 14:33:23.714 13033 13191 V AppUtil : attempted to set timezone: before=America/Chicago after=America/Chicago
11-17 14:33:23.715 13033 13192 V Robocol : sending CMD_ROBOT_CONTROLLER_PREFERENCE(14), attempt: 0
11-17 14:33:23.715 13033 13192 V Robocol : sending CMD_ROBOT_CONTROLLER_PREFERENCE(15), attempt: 0
11-17 14:33:23.716 13033 13189 V Robocol : received command: CMD_REQUEST_ACTIVE_CONFIG(10001) 
11-17 14:33:23.716 13033 13192 V Robocol : sending CMD_ROBOT_CONTROLLER_PREFERENCE(16), attempt: 0
11-17 14:33:23.717 13033 13189 V Robocol : received command: CMD_REQUEST_USER_DEVICE_TYPES(10002) 
11-17 14:33:23.717 13033 13192 V Robocol : sending CMD_ROBOT_CONTROLLER_PREFERENCE(17), attempt: 0
11-17 14:33:23.717 13033 13189 V Robocol : received command: CMD_REQUEST_OP_MODE_LIST(10003) 
11-17 14:33:23.717 13033 13192 V Robocol : sending CMD_ROBOT_CONTROLLER_PREFERENCE(18), attempt: 0
11-17 14:33:23.718 13033 13189 V Robocol : received command: CMD_ROBOT_CONTROLLER_PREFERENCE(10004) {"booleanValue":true,"prefName":"pref_ds_supports_5_ghz"}
11-17 14:33:23.718 13033 13192 V Robocol : sending CMD_ROBOT_CONTROLLER_PREFERENCE(19), attempt: 0
11-17 14:33:23.720 13033 13192 V Robocol : sending CMD_ROBOT_CONTROLLER_PREFERENCE(20), attempt: 0
11-17 14:33:23.721 13033 13078 D SoundPlayer: onLoadComplete(samp=1|ms=757, samp=1)=0
11-17 14:33:23.723 13033 13192 V Robocol : sending CMD_ROBOT_CONTROLLER_PREFERENCE(21), attempt: 0
11-17 14:33:23.724 13033 13192 V Robocol : sending CMD_ROBOT_CONTROLLER_PREFERENCE(22), attempt: 0
11-17 14:33:23.724 13033 13195 W AudioTrack: AUDIO_OUTPUT_FLAG_FAST denied by client; transfer 4, track 48000 Hz, output 44100 Hz
11-17 14:33:23.725 13033 13192 V Robocol : sending CMD_ROBOT_CONTROLLER_PREFERENCE(23), attempt: 0
11-17 14:33:23.726 13033 13189 V Robocol : received command: CMD_ROBOT_CONTROLLER_PREFERENCE(10005) {"intValue":21,"prefName":"pref_dh_os_version_code"}
11-17 14:33:23.732 13033 13195 D SoundPlayer: playing volume=0.000000 samp=1|ms=757
11-17 14:33:23.757 13033 13192 V Robocol : sending CMD_PLAY_SOUND(30), attempt: 0
11-17 14:33:23.794 13033 13192 V Robocol : sending CMD_NOTIFY_ROBOT_STATE(7), attempt: 1
11-17 14:33:23.795 13033 13192 V Robocol : sending CMD_NOTIFY_ROBOT_STATE(8), attempt: 1
11-17 14:33:23.796 13033 13192 V Robocol : sending CMD_NOTIFY_ROBOT_STATE(9), attempt: 1
11-17 14:33:23.914 13033 13192 V Robocol : sending CMD_NOTIFY_USER_DEVICE_LIST(13), attempt: 1
11-17 14:33:24.069 13033 13134 V OpmodeRegistration: registered {AutonomousRight} as {AutonomousRight}
11-17 14:33:24.070 13033 13134 V OpmodeRegistration: registered {ConceptAutoDriveCalibration} as {POC: Auto Drive Calibration}
11-17 14:33:24.070 13033 13134 V OpmodeRegistration: registered {ConceptFieldNavigationAutoV2} as {POC - Field Nav Encoder}
11-17 14:33:24.070 13033 13134 V OpmodeRegistration: registered {ConceptAutoDriveByGyro} as {POC: Drive By Gyro}
11-17 14:33:24.071 13033 13134 V OpmodeRegistration: registered {ConceptFieldNavigation} as {POC - Field Nav}
11-17 14:33:24.072 13033 13134 V OpmodeRegistration: registered {TensorFlowObjectDetectionWebcam} as {Nap: camera 3}
11-17 14:33:24.073 13033 13134 V OpmodeRegistration: registered {TeleopCalibration} as {TeleopCalibration}
11-17 14:33:24.073 13033 13134 V OpmodeRegistration: registered {ConceptOpenCVSignalSleeveDetection} as {POC - OpenCV Signal Sleeve}
11-17 14:33:24.074 13033 13134 V OpmodeRegistration: registered {ConceptFieldNavigationAuto} as {POC - Field Nav Auto}
11-17 14:33:24.074 13033 13134 V OpmodeRegistration: registered {ConceptBNO055IMU} as {POC: IMU Display}
11-17 14:33:24.075 13033 13134 V OpmodeRegistration: registered {ConceptVuforiaLocalization} as {POC - Vuforia Localization}
11-17 14:33:24.076 13033 13134 V OpmodeRegistration: registered {CameraVuforia} as {Camera}
11-17 14:33:24.076 13033 13134 V OpmodeRegistration: registered {ConceptWebcamTest} as {nap: Webcam}
11-17 14:33:24.077 13033 13134 V OpmodeRegistration: registered {Forward} as { Nept-Forward and Turning }
11-17 14:33:24.077 13033 13134 V OpmodeRegistration: registered {TeleopDualDrivers} as {TeleopDualDrivers}
11-17 14:33:24.078 13033 13134 V OpmodeRegistration: registered {ConceptSignalSleeveIdentification} as {POC: Signal Sleeve}
11-17 14:33:24.078 13033 13134 V OpmodeRegistration: registered {ConceptTensorFlowObjectDetection} as {POC: TensorFlow Object Detection}
11-17 14:33:24.079 13033 13134 V OpmodeRegistration: registered {PushbotAutodrive} as {Nep-TestMotor }
11-17 14:33:24.079 13033 13134 V OpmodeRegistration: registered {ConceptBNO055IMUCalibration} as {POC: IMU Calibration}
11-17 14:33:24.080 13033 13134 V OpmodeRegistration: registered {TensorFLowWebcam} as {Nap-Camera 2}
11-17 14:33:24.105 13033 13134 V FtcEventLoop: Ensuring that the embedded Control Hub module is set up correctly
11-17 14:33:24.111 13033 13134 V RobotCore: Creating REV Robotics USB Expansion Hub Portal [(embedded)]
11-17 14:33:24.112 13033 13134 V LynxUsb : creating new [(embedded)]: 0x00e82984
11-17 14:33:24.114 13033 13192 V Robocol : sending CMD_NOTIFY_ACTIVE_CONFIGURATION(49), attempt: 0
11-17 14:33:24.115 13033 13192 V Robocol : sending CMD_NOTIFY_USER_DEVICE_LIST(50), attempt: 0
11-17 14:33:24.118 13033 13134 V FtDeviceManager: createDeviceInfoList(): 0 USB devices
11-17 14:33:24.118 13033 13192 V Robocol : sending CMD_NOTIFY_OP_MODE_LIST(51), attempt: 0
11-17 14:33:24.119 13033 13134 V RobotUsbManagerCombining: FTDI driver failed to open USB device with serial number (embedded) (returned null device)
11-17 14:33:24.115 13033 13033 I pRunnable.run(): type=1400 audit(0.0:330): avc: denied { read } for name="ttyS1" dev="tmpfs" ino=7192 scontext=u:r:untrusted_app:s0:c512,c768 tcontext=u:object_r:serial_device:s0 tclass=chr_file permissive=1
11-17 14:33:24.115 13033 13033 I pRunnable.run(): type=1400 audit(0.0:331): avc: denied { write } for name="ttyS1" dev="tmpfs" ino=7192 scontext=u:r:untrusted_app:s0:c512,c768 tcontext=u:object_r:serial_device:s0 tclass=chr_file permissive=1
11-17 14:33:24.115 13033 13033 I pRunnable.run(): type=1400 audit(0.0:332): avc: denied { open } for path="/dev/ttyS1" dev="tmpfs" ino=7192 scontext=u:r:untrusted_app:s0:c512,c768 tcontext=u:object_r:serial_device:s0 tclass=chr_file permissive=1
11-17 14:33:24.115 13033 13033 I pRunnable.run(): type=1400 audit(0.0:333): avc: denied { ioctl } for path="/dev/ttyS1" dev="tmpfs" ino=7192 ioctlcmd=5401 scontext=u:r:untrusted_app:s0:c512,c768 tcontext=u:object_r:serial_device:s0 tclass=chr_file permissive=1
11-17 14:33:24.121 13033 13134 V SerialPortNative: [SerialPort.cpp:150] opened(/dev/ttyS1): fd=101
11-17 14:33:24.122 13033 13134 V RobotUsbDeviceTTY: opening serial=(embedded) file=/dev/ttyS1
11-17 14:33:24.123 13033 13134 V LynxUsb : armDevice() serial=(embedded)...
11-17 14:33:24.123 13033 13134 V LynxUsb : resetDevice() serial=(embedded)
11-17 14:33:24.125 13033 13134 V LynxModule: resetting embedded usb device: isPresent: was=true
11-17 14:33:24.482 13033 13134 V LynxUsb : ...done armDevice()
11-17 14:33:24.483 13033 13215 V RobotCore: thread: 'lynx incoming datagrams' starting...
11-17 14:33:24.483 13033 13134 V LynxUsb : 0x0f1a7233 on 0x00e82984: new delegate to [(embedded)]
11-17 14:33:24.491 13033 13134 V LynxUsb : addConfiguredModule() module#=173
11-17 14:33:24.492 13033 13134 V LynxModule: pingAndQueryKnownInterfaces mod=173
11-17 14:33:24.494 13033 13215 V LynxUsb : synchronization gained: serial=(embedded)
11-17 14:33:24.516 13033 13134 V LynxModule: mod#=173 queryInterface(DEKA)=54 commands starting at 4096
11-17 14:33:24.530 13033 13134 V LynxModule: sending LynxFtdiResetControlCommand(true) wasInterrupted=false
11-17 14:33:24.536 13033 13134 V LynxModule: sendLEDPatternSteps(): steps=[Step(color=65280, msDuration=1000)]
11-17 14:33:24.542 13033 13134 V LynxModule: setAsControlHubEmbeddedModule(mod=173)
11-17 14:33:24.542 13033 13134 V EmbeddedControlHubModule: setting embedded module
11-17 14:33:24.543 13033 13134 V LynxModule: sending LynxFtdiResetControlCommand(false) wasInterrupted=false
11-17 14:33:24.547 13033 13134 V LynxModule: close(#173)
11-17 14:33:24.548 13033 13134 V LynxUsb : Verified that the embedded Control Hub module has the correct address
11-17 14:33:24.551 13033 13134 V LynxUsb : addConfiguredModule() module#=173
11-17 14:33:24.551 13033 13134 V LynxModule: pingAndQueryKnownInterfaces mod=173
11-17 14:33:24.566 13033 13134 V LynxModule: mod#=173 queryInterface(DEKA)=54 commands starting at 4096
11-17 14:33:24.577 13033 13134 V LynxModule: sending LynxFtdiResetControlCommand(true) wasInterrupted=false
11-17 14:33:24.581 13033 13134 V LynxModule: sendLEDPatternSteps(): steps=[Step(color=65280, msDuration=1000)]
11-17 14:33:24.585 13033 13134 V LynxModule: setAsControlHubEmbeddedModule(mod=173)
11-17 14:33:24.586 13033 13134 V EmbeddedControlHubModule: setting embedded module
11-17 14:33:24.586 13033 13134 I RobotCore: LynxFirmwareVersionManager: LynxI2cDeviceSynchV2
11-17 14:33:24.586 13033 13134 V LynxI2cDeviceSynch: initializeHardware() mod#=173
11-17 14:33:24.587 13033 13134 V BHI260IMU: Suppressing I2C warnings while we check for a BHI260AP IMU
11-17 14:33:24.592 13033 13134 V BHI260IMU: No BHI260AP IMU found
11-17 14:33:24.593 13033 13134 V LynxModule: sending LynxFtdiResetControlCommand(false) wasInterrupted=false
11-17 14:33:24.595 13033 13134 V LynxModule: close(#173)
11-17 14:33:24.596 13033 13134 V HardwareFactory: createHardwareMap()
11-17 14:33:24.596 13033 13134 V EmbeddedControlHubModule: clearing embedded module
11-17 14:33:24.612 13033 13134 V ReadXMLFileHandler: embedded lynx USB device is already present
11-17 14:33:24.612 13033 13134 V RobotCore: Creating REV Robotics USB Expansion Hub Portal [(embedded)]
11-17 14:33:24.612 13033 13134 V LynxUsb : using existing [(embedded)]: 0x00e82984
11-17 14:33:24.613 13033 13134 V LynxUsb : 0x02487dd3 on 0x00e82984: new delegate to [(embedded)]
11-17 14:33:24.613 13033 13134 V RobotCore: Creating Lynx Module - mod=173 parent=true
11-17 14:33:24.614 13033 13134 V RobotCore: Creating Lynx Module - mod=2 parent=false
11-17 14:33:24.616 13033 13134 V LynxUsb : addConfiguredModule() module#=173
11-17 14:33:24.616 13033 13134 V LynxModule: pingAndQueryKnownInterfaces mod=173
11-17 14:33:24.628 13033 13134 V LynxModule: mod#=173 queryInterface(DEKA)=54 commands starting at 4096
11-17 14:33:24.637 13033 13134 V LynxModule: sending LynxFtdiResetControlCommand(true) wasInterrupted=false
11-17 14:33:24.642 13033 13134 V LynxModule: sendLEDPatternSteps(): steps=[Step(color=65280, msDuration=1000)]
11-17 14:33:24.644 13033 13221 V LynxModule: received status: LynxGetModuleStatusResponse(status=0x02 alerts=0x00: Reset)
11-17 14:33:24.646 13033 13221 W HubPowerCycle: Expansion Hub 173 regained power after a complete power loss. No user Op Mode was running.
11-17 14:33:24.646 13033 13221 V LynxModule: resendCurrentPattern()
11-17 14:33:24.646 13033 13221 V LynxModule: sendLEDPatternSteps(): steps=[Step(color=65280, msDuration=1000)]
11-17 14:33:24.652 13033 13134 V LynxModule: setAsControlHubEmbeddedModule(mod=173)
11-17 14:33:24.652 13033 13134 V EmbeddedControlHubModule: setting embedded module
11-17 14:33:24.652 13033 13134 V LynxUsb : addConfiguredModule() module#=2
11-17 14:33:24.652 13033 13134 V LynxModule: pingAndQueryKnownInterfaces mod=2
11-17 14:33:24.668 13033 13134 V LynxModule: mod#=2 queryInterface(DEKA)=54 commands starting at 4096
11-17 14:33:24.676 13033 13134 V LynxModule: sending LynxFtdiResetControlCommand(true) wasInterrupted=false
11-17 14:33:24.682 13033 13134 V LynxModule: sendLEDPatternSteps(): steps=[Step(color=65280, msDuration=4500), Step(color=0, msDuration=500), Step(color=255, msDuration=500), Step(color=0, msDuration=500), Step(color=255, msDuration=500), Step(color=0, msDuration=500)]
11-17 14:33:24.684 13033 13222 V LynxModule: received status: LynxGetModuleStatusResponse(status=0x05 alerts=0x00: KeepAliveTimeout|FailSafe)
11-17 14:33:24.684 13033 13222 V LynxModule: resendCurrentPattern()
11-17 14:33:24.686 13033 13222 V LynxModule: sendLEDPatternSteps(): steps=[Step(color=65280, msDuration=4500), Step(color=0, msDuration=500), Step(color=255, msDuration=500), Step(color=0, msDuration=500), Step(color=255, msDuration=500), Step(color=0, msDuration=500)]
11-17 14:33:24.693 13033 13134 V LynxMotor: initializeHardware() mod#=173
11-17 14:33:24.731 13033 13134 V RobotCore: DcMotorImpl(type=goBILDA5202SeriesMotor)
11-17 14:33:24.732 13033 13134 V RobotCore: DcMotorImpl(type=goBILDA5202SeriesMotor)
11-17 14:33:24.732 13033 13134 V RobotCore: DcMotorImpl(type=goBILDA5202SeriesMotor)
11-17 14:33:24.732 13033 13134 V RobotCore: DcMotorImpl(type=goBILDA5202SeriesMotor)
11-17 14:33:24.733 13033 13134 V LynxServoController: initializeHardware() mod#=173
11-17 14:33:24.754 13033 13134 V LynxVoltageSensor: initializeHardware() mod#=173
11-17 14:33:24.755 13033 13134 V LynxAnalogInputController: initializeHardware() mod#=173
11-17 14:33:24.756 13033 13134 V LynxDigitalChannelController: initializeHardware() mod#=173
11-17 14:33:24.772 13033 13134 V RobotCore: Creating user sensor REV internal IMU (BNO055) - on Lynx module=173 bus=0
11-17 14:33:24.772 13033 13134 V RobotCore: Creating I2cDeviceSynch (Lynx) - mod=173 bus=0
11-17 14:33:24.772 13033 13134 I RobotCore: LynxFirmwareVersionManager: LynxI2cDeviceSynchV2
11-17 14:33:24.773 13033 13134 V LynxI2cDeviceSynch: initializeHardware() mod#=173
11-17 14:33:24.776 13033 13134 V RobotCore: Creating user sensor REV 2M Distance Sensor - on Lynx module=173 bus=1
11-17 14:33:24.776 13033 13134 V RobotCore: Creating I2cDeviceSynch (Lynx) - mod=173 bus=1
11-17 14:33:24.776 13033 13134 I RobotCore: LynxFirmwareVersionManager: LynxI2cDeviceSynchV2
11-17 14:33:24.777 13033 13134 V LynxI2cDeviceSynch: initializeHardware() mod#=173
11-17 14:33:24.778 13033 13134 V RobotCore: Creating user sensor REV Color Sensor V3 - on Lynx module=173 bus=2
11-17 14:33:24.778 13033 13134 I RobotCore: LynxFirmwareVersionManager: LynxI2cDeviceSynchV2
11-17 14:33:24.778 13033 13134 V LynxI2cDeviceSynch: initializeHardware() mod#=173
11-17 14:33:24.780 13033 13134 I I2C     : Automatically initializing I2C device RevColorSensorV3 USB (embedded); module 173; bus 2; addr7=0x00
11-17 14:33:24.780 13033 13134 V BroadcomColorSensorImpl: internalInitialize()...
11-17 14:33:24.789 13033 13134 V BroadcomColorSensorImpl: state: 07 37 20 1d 42 01 c2 
11-17 14:33:24.789 13033 13134 V BroadcomColorSensorImpl: setGain(0x01)
11-17 14:33:24.795 13033 13134 V BroadcomColorSensorImpl: setLEDParameters(0x37)
11-17 14:33:24.800 13033 13134 V BroadcomColorSensorImpl: setProximityPulseCount(0x20)
11-17 14:33:24.804 13033 13134 V BroadcomColorSensorImpl: setPSMeasRate(0x1d)
11-17 14:33:24.808 13033 13134 V BroadcomColorSensorImpl: setLSMeasRate(0x42)
11-17 14:33:24.816 13033 13134 V BroadcomColorSensorImpl: enable() enabled=0x07...
11-17 14:33:24.824 13033 13134 V BroadcomColorSensorImpl: ...enable() enabled=0x07
11-17 14:33:24.829 13033 13134 V BroadcomColorSensorImpl: state: 07 37 20 1d 42 01 c2 
11-17 14:33:24.829 13033 13134 V BroadcomColorSensorImpl: ...internalInitialize()
11-17 14:33:24.830 13033 13134 V LynxMotor: initializeHardware() mod#=2
11-17 14:33:24.886 13033 13134 V RobotCore: DcMotorImpl(type=goBILDA5202SeriesMotor)
11-17 14:33:24.886 13033 13134 V RobotCore: DcMotorImpl(type=goBILDA5202SeriesMotor)
11-17 14:33:24.887 13033 13134 V LynxServoController: initializeHardware() mod#=2
11-17 14:33:24.929 13033 13134 V LynxVoltageSensor: initializeHardware() mod#=2
11-17 14:33:24.930 13033 13134 V LynxAnalogInputController: initializeHardware() mod#=2
11-17 14:33:24.932 13033 13134 V LynxDigitalChannelController: initializeHardware() mod#=2
11-17 14:33:24.965 13033 13134 V RobotCore: Creating Webcam [D5386480]
11-17 14:33:24.967 13033 13134 V CameraManager: construct(hash=0x017161b3|inst#=0)
11-17 14:33:24.969 13033 13134 D libusb  : [ 0.000493] [0000334e] libusb: debug [op_init] sysfs(/sys/bus/usb/devices) available
11-17 14:33:24.969 13033 13134 D libusb  : [ 0.000665] [0000334e] libusb: debug [op_init] sysfs can relate devices
11-17 14:33:24.970 13033 13134 D libusb  : [ 0.000740] [0000334e] libusb: debug [op_init] sysfs has complete descriptors
11-17 14:33:24.970 13033 13134 D libusb  : [ 0.000811] [0000334e] libusb: debug [op_init] sysfs has serial numbers
11-17 14:33:24.965 13033 13033 I pRunnable.run(): type=1400 audit(0.0:334): avc: denied { read } for name="devices" dev="sysfs" ino=7258 scontext=u:r:untrusted_app:s0:c512,c768 tcontext=u:object_r:sysfs:s0 tclass=dir permissive=1
11-17 14:33:24.965 13033 13033 I pRunnable.run(): type=1400 audit(0.0:335): avc: denied { open } for path="/sys/bus/usb/devices" dev="sysfs" ino=7258 scontext=u:r:untrusted_app:s0:c512,c768 tcontext=u:object_r:sysfs:s0 tclass=dir permissive=1
11-17 14:33:24.972 13033 13134 V UvcContext: construct(pointer=0xce71de00|inst#=0)
11-17 14:33:24.988 13033 13134 I RobotCore: ========= Device Information ===================================================
11-17 14:33:24.988 13033 13134 I RobotCore: Type                                               Name                           Connection
11-17 14:33:24.990 13033 13134 I RobotCore: Motor                                              LeftSlider                     USB (embedded); module 2; port 1
11-17 14:33:24.991 13033 13134 I RobotCore: Rev Color Sensor v3                                ColorSensor                    USB (embedded); module 173; bus 2; addr7=0x52
11-17 14:33:24.992 13033 13134 I RobotCore: Motor                                              RightSlider                    USB (embedded); module 2; port 0
11-17 14:33:24.993 13033 13134 I RobotCore: REV Robotics USB Expansion Hub Portal              Control Hub Portal             USB (embedded)
11-17 14:33:24.994 13033 13134 I RobotCore: Motor                                              FrontLeft                      USB (embedded); module 173; port 0
11-17 14:33:24.996 13033 13134 I RobotCore: Motor                                              BackRight                      USB (embedded); module 173; port 3
11-17 14:33:24.996 13033 13134 I RobotCore: Expansion Hub DC Motor Controller                  Expansion Hub 2                USB (embedded); module 2
11-17 14:33:24.998 13033 13134 I RobotCore: Expansion Hub Servo Controller                     Expansion Hub 2                USB (embedded); module 2
11-17 14:33:24.999 13033 13134 I RobotCore: Expansion Hub Voltage Sensor                       Expansion Hub 2                USB (embedded); module 2
11-17 14:33:25.001 13033 13134 I RobotCore: Expansion Hub Analog Input Controller              Expansion Hub 2                USB (embedded); module 2
11-17 14:33:25.005 13033 13134 I RobotCore: Expansion Hub Digital Channel Controller           Expansion Hub 2                USB (embedded); module 2
11-17 14:33:25.011 13033 13134 I RobotCore: Expansion Hub (HW: 20, Maj: 1, Min: 8, Eng: 2)     Expansion Hub 2                USB (embedded); module 2
11-17 14:33:25.012 13033 13134 I RobotCore: REV 2M ToF Distance Sensor                         DistanceSensor                 USB (embedded); module 173; bus 1; addr7=0x29
11-17 14:33:25.013 13033 13134 I RobotCore: REV internal IMU (BNO055)                          imu                            USB (embedded); module 173; bus 0; addr7=0x00
11-17 14:33:25.025 13033 13134 I RobotCore: Logitech C270 HD WEBCAM                            Webcam 1                       USB (D5386480)
11-17 14:33:25.026 13033 13134 I RobotCore: Expansion Hub DC Motor Controller                  Control Hub                    USB (embedded); module 173
11-17 14:33:25.027 13033 13134 I RobotCore: Expansion Hub Servo Controller                     Control Hub                    USB (embedded); module 173
11-17 14:33:25.027 13033 13134 I RobotCore: Expansion Hub Voltage Sensor                       Control Hub                    USB (embedded); module 173
11-17 14:33:25.028 13033 13134 I RobotCore: Expansion Hub Analog Input Controller              Control Hub                    USB (embedded); module 173
11-17 14:33:25.029 13033 13134 I RobotCore: Expansion Hub Digital Channel Controller           Control Hub                    USB (embedded); module 173
11-17 14:33:25.033 13033 13134 I RobotCore: Expansion Hub (HW: 20, Maj: 1, Min: 8, Eng: 2)     Control Hub                    USB (embedded); module 173
11-17 14:33:25.034 13033 13134 I RobotCore: Servo                                              ClawServo                      USB (embedded); module 173; port 0
11-17 14:33:25.034 13033 13134 I RobotCore: Motor                                              FrontRight                     USB (embedded); module 173; port 1
11-17 14:33:25.035 13033 13134 I RobotCore: Motor                                              BackLeft                       USB (embedded); module 173; port 2
11-17 14:33:25.036 13033 13134 I RobotCore: Servo                                              ArmServo                       USB (embedded); module 173; port 1
11-17 14:33:25.039 13033 13134 I RobotCore: LynxFirmwareVersionManager: LynxI2cDeviceSynchV2
11-17 14:33:25.040 13033 13134 V LynxI2cDeviceSynch: initializeHardware() mod#=173
11-17 14:33:25.040 13033 13134 V BNO055  : Suppressing I2C warnings while we check for a BNO055 IMU
11-17 14:33:25.046 13033 13134 V BNO055  : Found BNO055 IMU
11-17 14:33:25.055 13033 13134 I RobotCore: LynxFirmwareVersionManager: LynxI2cDeviceSynchV2
11-17 14:33:25.055 13033 13134 V LynxI2cDeviceSynch: initializeHardware() mod#=2
11-17 14:33:25.056 13033 13134 V BNO055  : Suppressing I2C warnings while we check for a BNO055 IMU
11-17 14:33:25.064 13033 13134 V BNO055  : Found BNO055 IMU
11-17 14:33:25.074 13033 13134 V LynxUsb : 0x0f1a7233 on 0x00e82984: releasing delegate to [(embedded)]
11-17 14:33:25.074 13033 13134 I FtcEventLoop: ======= INIT FINISH =======
11-17 14:33:25.074 13033 13190 W art     : Long monitor contention with owner RobotSetupRunnable.run() (13134) at int libcore.io.Posix.writeBytes(java.io.FileDescriptor, java.lang.Object, int, int)(Posix.java:-2) waiters=0 in org.firstinspires.ftc.robotcore.internal.network.CallbackResult com.qualcomm.robotcore.eventloop.EventLoopManager.commandEvent(com.qualcomm.robotcore.robocol.Command) for 1.358s
11-17 14:33:25.075 13033 13134 V RobotCore: EventLoopManager state is RUNNING
11-17 14:33:25.079 13033 13134 V RobotCore: Robot Status: running, starting robot
11-17 14:33:25.079 13033 13134 V RobotCore: Robot Status: running
11-17 14:33:25.083 13033 13233 V RobotCore: thread: 'opmode loop()' starting...
11-17 14:33:25.084 13033 13134 D FTCService: Detecting Wi-Fi reset
11-17 14:33:25.086 13033 13134 D RobotControllerAccessPointAssistant: detectWifiReset button=false
11-17 14:33:25.086 13033 13190 E Robocol : command processing took 1369 ms: command=CMD_REQUEST_ACTIVE_CONFIG
11-17 14:33:25.087 13033 13134 V RobotCore: thread: ...terminating 'RobotSetupRunnable.run()'
11-17 14:33:25.115 13033 13192 V Robocol : sending CMD_NOTIFY_ROBOT_STATE(66), attempt: 0
11-17 14:33:25.116 13033 13192 V Robocol : sending CMD_SHOW_TOAST(68), attempt: 0
11-17 14:33:25.117 13033 13192 V Robocol : sending CMD_NOTIFY_ACTIVE_CONFIGURATION(69), attempt: 0
11-17 14:33:25.155 13033 13192 V Robocol : sending CMD_NOTIFY_USER_DEVICE_LIST(72), attempt: 0
11-17 14:33:25.162 13033 13192 V Robocol : sending CMD_NOTIFY_OP_MODE_LIST(75), attempt: 0
11-17 14:33:25.184 13033 13195 V SoundInfo: construct(0x015b0807)
11-17 14:33:25.235 13033 13194 I MediaCodec: callingProcessName:com.qualcomm.ftcrobotcontroller
11-17 14:33:25.238 13033 13238 I ACodec  : onAllocateComponent:6752 mSoftCodecPref:0 componentName:
11-17 14:33:25.239 13033 13238 I ACodec  : onAllocateComponent:6783 mSoftCodecPref:0 componentName:OMX.google.raw.decoder
11-17 14:33:25.288 13033 13078 D SoundPlayer: onLoadComplete(samp=2|ms=4506, samp=2)=0
11-17 14:33:25.291 13033 13195 W AudioTrack: AUDIO_OUTPUT_FLAG_FAST denied by client; transfer 4, track 48000 Hz, output 44100 Hz
11-17 14:33:25.303 13033 13195 D SoundPlayer: playing volume=0.000000 samp=2|ms=4506
11-17 14:33:25.315 13033 13192 V Robocol : sending CMD_PLAY_SOUND(88), attempt: 0
11-17 14:33:25.604 13033 13233 I RobotCore: Attempting to switch to op mode $Stop$Robot$
11-17 14:33:25.675 13033 13192 V Robocol : sending CMD_NOTIFY_INIT_OP_MODE(96), attempt: 0
--------- beginning of main
11-17 14:34:18.678 13594 13594 I ps      : type=1400 audit(0.0:340): avc: denied { getattr } for path="/proc/1" dev="proc" ino=4995 scontext=u:r:untrusted_app:s0:c512,c768 tcontext=u:r:init:s0 tclass=dir permissive=1
11-17 14:34:18.678 13594 13594 I ps      : type=1400 audit(0.0:341): avc: denied { search } for name="1" dev="proc" ino=4995 scontext=u:r:untrusted_app:s0:c512,c768 tcontext=u:r:init:s0 tclass=dir permissive=1
11-17 14:34:18.678 13594 13594 I ps      : type=1400 audit(0.0:342): avc: denied { read } for name="cmdline" dev="proc" ino=9027 scontext=u:r:untrusted_app:s0:c512,c768 tcontext=u:r:init:s0 tclass=file permissive=1
11-17 14:34:18.678 13594 13594 I ps      : type=1400 audit(0.0:343): avc: denied { open } for path="/proc/1/cmdline" dev="proc" ino=9027 scontext=u:r:untrusted_app:s0:c512,c768 tcontext=u:r:init:s0 tclass=file permissive=1
11-17 14:34:18.682 13594 13594 I ps      : type=1400 audit(0.0:344): avc: denied { getattr } for path="/proc/2" dev="proc" ino=10524 scontext=u:r:untrusted_app:s0:c512,c768 tcontext=u:r:kernel:s0 tclass=dir permissive=1
11-17 14:34:18.682 13594 13594 I ps      : type=1400 audit(0.0:345): avc: denied { search } for name="2" dev="proc" ino=10524 scontext=u:r:untrusted_app:s0:c512,c768 tcontext=u:r:kernel:s0 tclass=dir permissive=1
11-17 14:34:18.682 13594 13594 I ps      : type=1400 audit(0.0:346): avc: denied { read } for name="cmdline" dev="proc" ino=10623 scontext=u:r:untrusted_app:s0:c512,c768 tcontext=u:r:kernel:s0 tclass=file permissive=1
11-17 14:34:18.682 13594 13594 I ps      : type=1400 audit(0.0:347): avc: denied { open } for path="/proc/2/cmdline" dev="proc" ino=10623 scontext=u:r:untrusted_app:s0:c512,c768 tcontext=u:r:kernel:s0 tclass=file permissive=1
11-17 14:34:20.230 13626 13626 D Uvc     : [jni.cpp:72] JNI_OnLoad()...
11-17 14:34:20.230 13626 13626 D Uvc     : [JniEnv.h:32] ScopedJniEnv::onJniLoad()...
11-17 14:34:20.230 13626 13626 D Uvc     : [JniEnv.h:32] ...ScopedJniEnv::onJniLoad()
11-17 14:34:20.230 13626 13626 D Uvc     : [jni.cpp:72] ...JNI_OnLoad()
11-17 14:34:20.235 13626 13626 V AppUtil : initializing: getExternalStorageDirectory()=/storage/emulated/0
11-17 14:34:20.240 13626 13626 I AppUtil : found usbFileSystemRoot: /dev/bus/usb
11-17 14:34:20.238 13626 13626 I robotcontroller: type=1400 audit(0.0:348): avc: denied { read } for name="direction" dev="sysfs" ino=16602 scontext=u:r:untrusted_app:s0:c512,c768 tcontext=u:object_r:sysfs:s0 tclass=file permissive=1
11-17 14:34:20.238 13626 13626 I robotcontroller: type=1400 audit(0.0:349): avc: denied { open } for path="/sys/devices/pinctrl.26/gpio/gpio50/direction" dev="sysfs" ino=16602 scontext=u:r:untrusted_app:s0:c512,c768 tcontext=u:object_r:sysfs:s0 tclass=file permissive=1
11-17 14:34:20.238 13626 13626 I robotcontroller: type=1400 audit(0.0:350): avc: denied { getattr } for path="/sys/devices/pinctrl.26/gpio/gpio50/direction" dev="sysfs" ino=16602 scontext=u:r:untrusted_app:s0:c512,c768 tcontext=u:object_r:sysfs:s0 tclass=file permissive=1
11-17 14:34:20.242 13626 13626 I robotcontroller: type=1400 audit(0.0:351): avc: denied { write } for name="value" dev="sysfs" ino=13327 scontext=u:r:untrusted_app:s0:c512,c768 tcontext=u:object_r:sysfs:s0 tclass=file permissive=1
11-17 14:34:20.252 13626 13626 I AppAliveNotifier: Telling the OS to set the RC alive notification timeout to 20 seconds
11-17 14:34:20.257 13626 13642 V RobotCore: saving logcat to /storage/emulated/0/robotControllerLog.txt
11-17 14:34:20.257 13626 13642 V RobotCore: logging command line: exec logcat -f /storage/emulated/0/robotControllerLog.txt -r4096 -n4 -v threadtime UsbRequestJNI:S UsbRequest:S art:W ThreadPool:W System:W ExtendedExtractor:W OMXClient:W MediaPlayer:W dalvikvm:W  *:V
11-17 14:34:20.267 13626 13626 V AppUtil : rootActivity=PermissionValidatorWrapper
11-17 14:34:20.267 13626 13626 I PermissionValidatorActivity: Lifecycle onCreate : e96b6b5
11-17 14:34:20.289 13626 13642 I RobotCore: Done running ps
11-17 14:34:20.298 13646 13646 I sh      : type=1400 audit(0.0:352): avc: denied { read } for name="/" dev="rootfs" ino=1 scontext=u:r:untrusted_app:s0:c512,c768 tcontext=u:object_r:rootfs:s0 tclass=dir permissive=1
11-17 14:34:20.298 13646 13646 I sh      : type=1400 audit(0.0:353): avc: denied { open } for path="/" dev="rootfs" ino=1 scontext=u:r:untrusted_app:s0:c512,c768 tcontext=u:object_r:rootfs:s0 tclass=dir permissive=1
11-17 14:34:20.366 13626 13626 I PermissionValidatorActivity: Lifecycle onStart : e96b6b5
11-17 14:34:20.367 13626 13626 I PermissionValidator: Checking permission for android.permission.WRITE_EXTERNAL_STORAGE
11-17 14:34:20.371 13626 13626 I PermissionValidator:     Granted: android.permission.WRITE_EXTERNAL_STORAGE
11-17 14:34:20.371 13626 13626 I PermissionValidator: Checking permission for android.permission.READ_EXTERNAL_STORAGE
11-17 14:34:20.372 13626 13626 I PermissionValidator:     Granted: android.permission.READ_EXTERNAL_STORAGE
11-17 14:34:20.372 13626 13626 I PermissionValidator: Checking permission for android.permission.CAMERA
11-17 14:34:20.373 13626 13626 I PermissionValidator:     Granted: android.permission.CAMERA
11-17 14:34:20.373 13626 13626 I PermissionValidator: Checking permission for android.permission.ACCESS_COARSE_LOCATION
11-17 14:34:20.374 13626 13626 I PermissionValidator:     Granted: android.permission.ACCESS_COARSE_LOCATION
11-17 14:34:20.374 13626 13626 I PermissionValidator: Checking permission for android.permission.ACCESS_FINE_LOCATION
11-17 14:34:20.375 13626 13626 I PermissionValidator:     Granted: android.permission.ACCESS_FINE_LOCATION
11-17 14:34:20.375 13626 13626 I PermissionValidator: Checking permission for android.permission.READ_PHONE_STATE
11-17 14:34:20.376 13626 13626 I PermissionValidator:     Granted: android.permission.READ_PHONE_STATE
11-17 14:34:20.379 13626 13626 V ServiceStarter: attempting to start service MediaTransferProtocolMonitorService
11-17 14:34:20.381 13626 13626 V ServiceStarter: started service MediaTransferProtocolMonitorService
11-17 14:34:20.381 13626 13626 V ServiceStarter: attempting to start service OnBotJavaService
11-17 14:34:20.383 13626 13626 V ServiceStarter: started service OnBotJavaService
11-17 14:34:20.383 13626 13626 I PermissionValidatorActivity: All permissions validated.  Starting RobotController
11-17 14:34:20.396 13626 13626 V MTPMonitorService: onCreate()
11-17 14:34:20.396 13626 13626 V MTPMonitorService: onStartCommand() intent=Intent { cmp=com.qualcomm.ftcrobotcontroller/org.firstinspires.ftc.robotcore.internal.files.MediaTransferProtocolMonitorService } flags=0x0 startId=1
11-17 14:34:20.399 13626 13626 V MTPMonitor: observing: /storage/emulated/0
11-17 14:34:20.456 13626 13626 V OnBotJavaService: onCreate()
11-17 14:34:20.457 13626 13626 V OnBotJavaService: onStartCommand() intent=Intent { cmp=com.qualcomm.ftcrobotcontroller/org.firstinspires.ftc.onbotjava.OnBotJavaService } flags=0x0 startId=1
11-17 14:34:20.460 13626 13626 V OnBotJava: OnBotJavaManager::static
11-17 14:34:21.140 13626 13626 V OnBotJava: ctor()...
11-17 14:34:21.142 13626 13626 V OnBotJava: ...ctor()
11-17 14:34:21.148 13626 13626 I PermissionValidatorActivity: Lifecycle onCreate : 3fca1b9
11-17 14:34:21.155 13626 13626 I PermissionValidatorActivity: Lifecycle onStart : 3fca1b9
11-17 14:34:21.155 13626 13626 I PermissionValidator: Checking permission for android.permission.WRITE_EXTERNAL_STORAGE
11-17 14:34:21.156 13626 13626 I PermissionValidator:     Granted: android.permission.WRITE_EXTERNAL_STORAGE
11-17 14:34:21.156 13626 13626 I PermissionValidator: Checking permission for android.permission.READ_EXTERNAL_STORAGE
11-17 14:34:21.157 13626 13626 I PermissionValidator:     Granted: android.permission.READ_EXTERNAL_STORAGE
11-17 14:34:21.157 13626 13626 I PermissionValidator: Checking permission for android.permission.CAMERA
11-17 14:34:21.159 13626 13626 I PermissionValidator:     Granted: android.permission.CAMERA
11-17 14:34:21.159 13626 13626 I PermissionValidator: Checking permission for android.permission.ACCESS_COARSE_LOCATION
11-17 14:34:21.160 13626 13626 I PermissionValidator:     Granted: android.permission.ACCESS_COARSE_LOCATION
11-17 14:34:21.160 13626 13626 I PermissionValidator: Checking permission for android.permission.ACCESS_FINE_LOCATION
11-17 14:34:21.161 13626 13626 I PermissionValidator:     Granted: android.permission.ACCESS_FINE_LOCATION
11-17 14:34:21.161 13626 13626 I PermissionValidator: Checking permission for android.permission.READ_PHONE_STATE
11-17 14:34:21.162 13626 13626 I PermissionValidator:     Granted: android.permission.READ_PHONE_STATE
11-17 14:34:21.163 13626 13626 V ServiceStarter: attempting to start service MediaTransferProtocolMonitorService
11-17 14:34:21.165 13626 13626 V ServiceStarter: started service MediaTransferProtocolMonitorService
11-17 14:34:21.165 13626 13626 V ServiceStarter: attempting to start service OnBotJavaService
11-17 14:34:21.167 13626 13626 V ServiceStarter: started service OnBotJavaService
11-17 14:34:21.167 13626 13626 I PermissionValidatorActivity: All permissions validated.  Starting RobotController
11-17 14:34:21.176 13626 13626 V MTPMonitorService: onStartCommand() intent=Intent { cmp=com.qualcomm.ftcrobotcontroller/org.firstinspires.ftc.robotcore.internal.files.MediaTransferProtocolMonitorService } flags=0x0 startId=2
11-17 14:34:21.180 13626 13626 V MTPMonitor: observing: /storage/emulated/0
11-17 14:34:21.206 13626 13626 W FileObserverManager: upgrading mask: path=/storage/emulated/0/FIRST/java/control old=0x00000ffc new=0x00004ffc: might possibly miss event
11-17 14:34:21.227 13626 13626 V OnBotJavaService: onStartCommand() intent=Intent { cmp=com.qualcomm.ftcrobotcontroller/org.firstinspires.ftc.onbotjava.OnBotJavaService } flags=0x0 startId=2
11-17 14:34:21.227 13626 13626 V OnBotJava: ctor()...
11-17 14:34:21.227 13626 13626 W FileObserverManager: upgrading mask: path=/storage/emulated/0/FIRST/java/control/buildRequest.txt old=0x00000ffc new=0x00000ffe: might possibly miss event
11-17 14:34:21.228 13626 13626 V OnBotJava: ...ctor()
