11-27 17:21:33.827  5106  5832 I global  :  RENO - ObjectDetection.conePositionDetect(ObjectDetection.java:213): Pixel values(0, 278) = 34337.74
11-27 17:21:33.828  5106  5832 I global  :  RENO - ObjectDetection.conePositionDetect(ObjectDetection.java:213): Pixel values(0, 279) = 34333.02
11-27 17:21:33.829  5106  5832 I global  :  RENO - ObjectDetection.conePositionDetect(ObjectDetection.java:213): Pixel values(0, 280) = 34328.74
11-27 17:21:33.830  5106  5822 I global  :  RENO - ChassisWith4Motors.driveWithPIDControl(ChassisWith4Motors.java:488): power = 0.88, correction = 0.00, global angle = -0.125, last angle = -0.13
11-27 17:21:33.830  5106  5832 I global  :  RENO - ObjectDetection.conePositionDetect(ObjectDetection.java:213): Pixel values(0, 281) = 34323.90
11-27 17:21:33.832  5106  5832 I global  :  RENO - ObjectDetection.conePositionDetect(ObjectDetection.java:213): Pixel values(0, 282) = 34322.16
11-27 17:21:33.833  5106  5832 I global  :  RENO - ObjectDetection.conePositionDetect(ObjectDetection.java:213): Pixel values(0, 283) = 34329.39
11-27 17:21:33.834  5106  5832 I global  :  RENO - ObjectDetection.conePositionDetect(ObjectDetection.java:213): Pixel values(0, 284) = 34351.40
11-27 17:21:33.835  5106  5832 I global  :  RENO - ObjectDetection.conePositionDetect(ObjectDetection.java:213): Pixel values(0, 285) = 34400.61
11-27 17:21:33.836  5106  5832 I global  :  RENO - ObjectDetection.conePositionDetect(ObjectDetection.java:213): Pixel values(0, 286) = 34475.53
11-27 17:21:33.837  5106  5832 I global  :  RENO - ObjectDetection.conePositionDetect(ObjectDetection.java:213): Pixel values(0, 287) = 34556.10
11-27 17:21:33.838  5106  5832 I global  :  RENO - ObjectDetection.conePositionDetect(ObjectDetection.java:213): Pixel values(0, 288) = 34638.40
11-27 17:21:33.839  5106  5832 I global  :  RENO - ObjectDetection.conePositionDetect(ObjectDetection.java:213): Pixel values(0, 289) = 34719.29
11-27 17:21:33.840  5106  5832 I global  :  RENO - ObjectDetection.conePositionDetect(ObjectDetection.java:213): Pixel values(0, 290) = 34802.32
11-27 17:21:33.841  5106  5832 I global  :  RENO - ObjectDetection.conePositionDetect(ObjectDetection.java:213): Pixel values(0, 291) = 34883.31
11-27 17:21:33.842  5106  5832 I global  :  RENO - ObjectDetection.conePositionDetect(ObjectDetection.java:213): Pixel values(0, 292) = 34952.64
11-27 17:21:33.843  5106  5832 I global  :  RENO - ObjectDetection.conePositionDetect(ObjectDetection.java:213): Pixel values(0, 293) = 34989.13
11-27 17:21:33.844  5106  5832 I global  :  RENO - ObjectDetection.conePositionDetect(ObjectDetection.java:213): Pixel values(0, 294) = 34990.53
11-27 17:21:33.845  5106  5832 I global  :  RENO - ObjectDetection.conePositionDetect(ObjectDetection.java:213): Pixel values(0, 295) = 34963.42
11-27 17:21:33.846  5106  5832 I global  :  RENO - ObjectDetection.conePositionDetect(ObjectDetection.java:213): Pixel values(0, 296) = 34917.25
11-27 17:21:33.847  5106  5832 I global  :  RENO - ObjectDetection.conePositionDetect(ObjectDetection.java:213): Pixel values(0, 297) = 34862.02
11-27 17:21:33.848  5106  5832 I global  :  RENO - ObjectDetection.conePositionDetect(ObjectDetection.java:213): Pixel values(0, 298) = 34799.43
11-27 17:21:33.848  5106  5832 I global  :  RENO - ObjectDetection.conePositionDetect(ObjectDetection.java:213): Pixel values(0, 299) = 34730.09
11-27 17:21:33.849  5106  5832 I global  :  RENO - ObjectDetection.conePositionDetect(ObjectDetection.java:213): Pixel values(0, 300) = 34658.89
11-27 17:21:33.850  5106  5832 I global  :  RENO - ObjectDetection.conePositionDetect(ObjectDetection.java:213): Pixel values(0, 301) = 34585.37
11-27 17:21:33.851  5106  5832 I global  :  RENO - ObjectDetection.conePositionDetect(ObjectDetection.java:213): Pixel values(0, 302) = 34510.15
11-27 17:21:33.853  5106  5832 I global  :  RENO - ObjectDetection.conePositionDetect(ObjectDetection.java:213): Pixel values(0, 303) = 34440.53
11-27 17:21:33.853  5106  5822 I global  :  RENO - ChassisWith4Motors.driveWithPIDControl(ChassisWith4Motors.java:481): tDistance = 65.50, currLocation = 55.76
11-27 17:21:33.854  5106  5822 I global  :  RENO - ChassisWith4Motors.driveWithPIDControl(ChassisWith4Motors.java:482): rampUpPower = 0.88, rampDownPower = 0.88
11-27 17:21:33.854  5106  5832 I global  :  RENO - ObjectDetection.conePositionDetect(ObjectDetection.java:213): Pixel values(0, 304) = 34368.25
11-27 17:21:33.855  5106  5832 I global  :  RENO - ObjectDetection.conePositionDetect(ObjectDetection.java:213): Pixel values(0, 305) = 34302.00
11-27 17:21:33.856  5106  5832 I global  :  RENO - ObjectDetection.conePositionDetect(ObjectDetection.java:213): Pixel values(0, 306) = 34231.66
11-27 17:21:33.857  5106  5832 I global  :  RENO - ObjectDetection.conePositionDetect(ObjectDetection.java:213): Pixel values(0, 307) = 34163.73
11-27 17:21:33.858  5106  5832 I global  :  RENO - ObjectDetection.conePositionDetect(ObjectDetection.java:213): Pixel values(0, 308) = 34098.86
11-27 17:21:33.859  5106  5822 I global  :  RENO - ChassisWith4Motors.driveWithPIDControl(ChassisWith4Motors.java:488): power = 0.88, correction = 0.01, global angle = -0.250, last angle = -0.25
11-27 17:21:33.859  5106  5832 I global  :  RENO - ObjectDetection.conePositionDetect(ObjectDetection.java:213): Pixel values(0, 309) = 34035.41
11-27 17:21:33.860  5106  5832 I global  :  RENO - ObjectDetection.conePositionDetect(ObjectDetection.java:213): Pixel values(0, 310) = 33975.80
11-27 17:21:33.861  5106  5832 I global  :  RENO - ObjectDetection.conePositionDetect(ObjectDetection.java:213): Pixel values(0, 311) = 33923.60
11-27 17:21:33.862  5106  5832 I global  :  RENO - ObjectDetection.conePositionDetect(ObjectDetection.java:213): Pixel values(0, 312) = 33872.84
11-27 17:21:33.863  5106  5832 I global  :  RENO - ObjectDetection.conePositionDetect(ObjectDetection.java:213): Pixel values(0, 313) = 33828.29
11-27 17:21:33.864  5106  5832 I global  :  RENO - ObjectDetection.conePositionDetect(ObjectDetection.java:213): Pixel values(0, 314) = 33785.92
11-27 17:21:33.865  5106  5832 I global  :  RENO - ObjectDetection.conePositionDetect(ObjectDetection.java:213): Pixel values(0, 315) = 33749.44
11-27 17:21:33.869  5106  5832 I global  :  RENO - ObjectDetection.conePositionDetect(ObjectDetection.java:213): Pixel values(0, 316) = 33718.42
11-27 17:21:33.871  5106  5832 I global  :  RENO - ObjectDetection.conePositionDetect(ObjectDetection.java:213): Pixel values(0, 317) = 33692.50
11-27 17:21:33.874  5106  5832 I global  :  RENO - ObjectDetection.conePositionDetect(ObjectDetection.java:213): Pixel values(0, 318) = 33673.75
11-27 17:21:33.876  5106  5832 I global  :  RENO - ObjectDetection.conePositionDetect(ObjectDetection.java:213): Pixel values(0, 319) = 33664.93
11-27 17:21:33.878  5106  5832 I global  :  RENO - ObjectDetection.verifyObjectDetected(ObjectDetection.java:315): per [0] = 0.856, cone location = 250
11-27 17:21:33.880  5106  5832 I global  :  RENO - ObjectDetection.verifyObjectDetected(ObjectDetection.java:315): per [1] = 0.877, cone location = 250
11-27 17:21:33.881  5106  5822 I global  :  RENO - ChassisWith4Motors.driveWithPIDControl(ChassisWith4Motors.java:481): tDistance = 65.50, currLocation = 57.12
11-27 17:21:33.882  5106  5822 I global  :  RENO - ChassisWith4Motors.driveWithPIDControl(ChassisWith4Motors.java:482): rampUpPower = 0.88, rampDownPower = 0.29
11-27 17:21:33.882  5106  5832 I global  :  RENO - ObjectDetection.verifyObjectDetected(ObjectDetection.java:315): per [2] = 0.885, cone location = 250
11-27 17:21:33.885  5106  5832 I global  :  RENO - ObjectDetection.conePositionDetect(ObjectDetection.java:227):  location pixel is 250, distance is 0.00
11-27 17:21:33.889  5106  5822 I global  :  RENO - ChassisWith4Motors.driveWithPIDControl(ChassisWith4Motors.java:488): power = 0.29, correction = 0.01, global angle = -0.375, last angle = -0.38
11-27 17:21:33.896  5106  5832 I global  :  RENO - ObjectDetection.processFrame(ObjectDetection.java:83): Start Opcv process to detect sleeve color.
11-27 17:21:33.897  5106  5832 I global  :  RENO - ObjectDetection.sleeveColorDetect(ObjectDetection.java:121): Start Opcv process to detect sleeve color.
11-27 17:21:33.899  5106  5832 I global  :  RENO - ObjectDetection.sleeveColorDetect(ObjectDetection.java:128): Sleeve max color = 933490.00, 976217.00, 969786.00
11-27 17:21:33.901  5106  5832 I global  :  RENO - ObjectDetection.sleeveColorDetect(ObjectDetection.java:147): Sleeve position: CENTER
11-27 17:21:33.903  5106  5832 I global  :  RENO - ObjectDetection.processFrame(ObjectDetection.java:86): Start Opcv process to detect cone.
11-27 17:21:33.911  5106  5822 I global  :  RENO - ChassisWith4Motors.driveWithPIDControl(ChassisWith4Motors.java:481): tDistance = 65.50, currLocation = 58.64
11-27 17:21:33.912  5106  5822 I global  :  RENO - ChassisWith4Motors.driveWithPIDControl(ChassisWith4Motors.java:482): rampUpPower = 0.88, rampDownPower = 0.27
11-27 17:21:33.918  5106  5822 I global  :  RENO - ChassisWith4Motors.driveWithPIDControl(ChassisWith4Motors.java:488): power = 0.27, correction = 0.02, global angle = -0.375, last angle = -0.38
11-27 17:21:33.938  5106  5822 I global  :  RENO - ChassisWith4Motors.driveWithPIDControl(ChassisWith4Motors.java:481): tDistance = 65.50, currLocation = 59.78
11-27 17:21:33.940  5106  5822 I global  :  RENO - ChassisWith4Motors.driveWithPIDControl(ChassisWith4Motors.java:482): rampUpPower = 0.88, rampDownPower = 0.26
11-27 17:21:33.946  5106  5822 I global  :  RENO - ChassisWith4Motors.driveWithPIDControl(ChassisWith4Motors.java:488): power = 0.26, correction = 0.01, global angle = -0.313, last angle = -0.31
11-27 17:21:33.970  5106  5822 I global  :  RENO - ChassisWith4Motors.driveWithPIDControl(ChassisWith4Motors.java:481): tDistance = 65.50, currLocation = 61.00
11-27 17:21:33.971  5106  5822 I global  :  RENO - ChassisWith4Motors.driveWithPIDControl(ChassisWith4Motors.java:482): rampUpPower = 0.88, rampDownPower = 0.25
11-27 17:21:33.979  5106  5822 I global  :  RENO - ChassisWith4Motors.driveWithPIDControl(ChassisWith4Motors.java:488): power = 0.25, correction = 0.01, global angle = -0.313, last angle = -0.31
11-27 17:21:34.002  5106  5822 I global  :  RENO - ChassisWith4Motors.driveWithPIDControl(ChassisWith4Motors.java:481): tDistance = 65.50, currLocation = 61.58
11-27 17:21:34.004  5106  5822 I global  :  RENO - ChassisWith4Motors.driveWithPIDControl(ChassisWith4Motors.java:482): rampUpPower = 0.88, rampDownPower = 0.24
11-27 17:21:34.013  5106  5822 I global  :  RENO - ChassisWith4Motors.driveWithPIDControl(ChassisWith4Motors.java:488): power = 0.24, correction = 0.01, global angle = 0.063, last angle = 0.06
11-27 17:21:34.035  5106  5822 I global  :  RENO - ChassisWith4Motors.driveWithPIDControl(ChassisWith4Motors.java:481): tDistance = 65.50, currLocation = 62.21
11-27 17:21:34.037  5106  5822 I global  :  RENO - ChassisWith4Motors.driveWithPIDControl(ChassisWith4Motors.java:482): rampUpPower = 0.88, rampDownPower = 0.23
11-27 17:21:34.043  5106  5822 I global  :  RENO - ChassisWith4Motors.driveWithPIDControl(ChassisWith4Motors.java:488): power = 0.23, correction = -0.03, global angle = 1.250, last angle = 1.25
11-27 17:21:34.061  5106  5822 I global  :  RENO - ChassisWith4Motors.driveWithPIDControl(ChassisWith4Motors.java:481): tDistance = 65.50, currLocation = 63.15
11-27 17:21:34.062  5106  5822 I global  :  RENO - ChassisWith4Motors.driveWithPIDControl(ChassisWith4Motors.java:482): rampUpPower = 0.88, rampDownPower = 0.22
11-27 17:21:34.068  5106  5822 I global  :  RENO - ChassisWith4Motors.driveWithPIDControl(ChassisWith4Motors.java:488): power = 0.22, correction = -0.08, global angle = 2.063, last angle = 2.06
11-27 17:21:34.086  5106  5822 I global  :  RENO - ChassisWith4Motors.driveWithPIDControl(ChassisWith4Motors.java:481): tDistance = 65.50, currLocation = 64.13
11-27 17:21:34.086  5106  5822 I global  :  RENO - ChassisWith4Motors.driveWithPIDControl(ChassisWith4Motors.java:482): rampUpPower = 0.88, rampDownPower = 0.21
11-27 17:21:34.092  5106  5822 I global  :  RENO - ChassisWith4Motors.driveWithPIDControl(ChassisWith4Motors.java:488): power = 0.21, correction = -0.08, global angle = 1.625, last angle = 1.63
11-27 17:21:34.112  5106  5822 I global  :  RENO - ChassisWith4Motors.driveWithPIDControl(ChassisWith4Motors.java:481): tDistance = 65.50, currLocation = 65.06
11-27 17:21:34.113  5106  5822 I global  :  RENO - ChassisWith4Motors.driveWithPIDControl(ChassisWith4Motors.java:482): rampUpPower = 0.88, rampDownPower = 0.20
11-27 17:21:34.121  5106  5822 I global  :  RENO - ChassisWith4Motors.driveWithPIDControl(ChassisWith4Motors.java:488): power = 0.20, correction = -0.04, global angle = 0.688, last angle = 0.69
11-27 17:21:34.139  5106  5822 I global  :  RENO - ChassisWith4Motors.driveWithPIDControl(ChassisWith4Motors.java:501): Autonomous -power = 0.20, global angle = -0.125
11-27 17:21:34.157  5106  5822 I global  :  RENO - ChassisWith4Motors.runToPosition(ChassisWith4Motors.java:579): Required moving distance 65.50.
11-27 17:21:34.158  5106  5822 I global  :  RENO - ChassisWith4Motors.runToPosition(ChassisWith4Motors.java:580): Target Position = 2802
11-27 17:21:34.159  5106  5822 I global  :  RENO - ChassisWith4Motors.runToPosition(ChassisWith4Motors.java:581): PID = 1
11-27 17:21:34.167  5106  5822 I global  :  RENO - ChassisWith4Motors.runToPosition(ChassisWith4Motors.java:582): Current Position after moving, FL = 2804, FR= 2824, BL = 2754, BR = 2751
11-27 17:21:34.168  5106  5822 I global  :  RENO - AutonomousRight.autonomousCore(AutonomousRight.java:256): Autonomous - parking lot aisle location: 24.00
11-27 17:21:34.211  5106  5822 I global  :  RENO - ChassisWith4Motors.rotate(ChassisWith4Motors.java:362): Positions: FL = 6, FR = 9, BL = 6, BR = 6
11-27 17:21:34.212  5106  5822 I global  :  RENO - ChassisWith4Motors.rotate(ChassisWith4Motors.java:364): Powers: FL = -0.21, FR = 0.21, BL = -0.21, BR = 0.21
11-27 17:21:34.232  5106  5822 I global  :  RENO - ChassisWith4Motors.rotate(ChassisWith4Motors.java:362): Positions: FL = 11, FR = 15, BL = 10, BR = 10
11-27 17:21:34.234  5106  5822 I global  :  RENO - ChassisWith4Motors.rotate(ChassisWith4Motors.java:364): Powers: FL = -0.21, FR = 0.21, BL = -0.21, BR = 0.21
11-27 17:21:34.248  5106  5822 I global  :  RENO - ChassisWith4Motors.rotate(ChassisWith4Motors.java:362): Positions: FL = 12, FR = 22, BL = 8, BR = 17
11-27 17:21:34.249  5106  5822 I global  :  RENO - ChassisWith4Motors.rotate(ChassisWith4Motors.java:364): Powers: FL = -0.21, FR = 0.21, BL = -0.21, BR = 0.21
11-27 17:21:34.265  5106  5822 I global  :  RENO - ChassisWith4Motors.rotate(ChassisWith4Motors.java:380): Required turning degrees: 1.63.
11-27 17:21:34.266  5106  5822 I global  :  RENO - ChassisWith4Motors.rotate(ChassisWith4Motors.java:381): IMU angle before turn stop -1.56.
11-27 17:21:34.267  5106  5822 I global  :  RENO - ChassisWith4Motors.rotate(ChassisWith4Motors.java:382): Rotated angle is 0.31.
11-27 17:21:34.272  5106  5832 I global  :  RENO - ObjectDetection.conePositionDetect(ObjectDetection.java:213): Pixel values(0, 0) = 24705.53
11-27 17:21:34.273  5106  5832 I global  :  RENO - ObjectDetection.conePositionDetect(ObjectDetection.java:213): Pixel values(0, 1) = 24705.53
11-27 17:21:34.274  5106  5832 I global  :  RENO - ObjectDetection.conePositionDetect(ObjectDetection.java:213): Pixel values(0, 2) = 24717.25
11-27 17:21:34.275  5106  5832 I global  :  RENO - ObjectDetection.conePositionDetect(ObjectDetection.java:213): Pixel values(0, 3) = 24739.72
11-27 17:21:34.276  5106  5832 I global  :  RENO - ObjectDetection.conePositionDetect(ObjectDetection.java:213): Pixel values(0, 4) = 24766.50
11-27 17:21:34.277  5106  5832 I global  :  RENO - ObjectDetection.conePositionDetect(ObjectDetection.java:213): Pixel values(0, 5) = 24791.13
11-27 17:21:34.278  5106  5832 I global  :  RENO - ObjectDetection.conePositionDetect(ObjectDetection.java:213): Pixel values(0, 6) = 24812.50
11-27 17:21:34.278  5106  5822 I global  :  RENO - ChassisWith4Motors.rotate(ChassisWith4Motors.java:392): IMU angle after turning stop is -1.31.
11-27 17:21:34.279  5106  5822 I global  :  RENO - ChassisWith4Motors.rotateIMUTargetAngle(ChassisWith4Motors.java:303): imu angle before rotation: -1.63
11-27 17:21:34.279  5106  5832 I global  :  RENO - ObjectDetection.conePositionDetect(ObjectDetection.java:213): Pixel values(0, 7) = 24828.65
11-27 17:21:34.280  5106  5832 I global  :  RENO - ObjectDetection.conePositionDetect(ObjectDetection.java:213): Pixel values(0, 8) = 24840.39
11-27 17:21:34.281  5106  5832 I global  :  RENO - ObjectDetection.conePositionDetect(ObjectDetection.java:213): Pixel values(0, 9) = 24854.12
11-27 17:21:34.282  5106  5832 I global  :  RENO - ObjectDetection.conePositionDetect(ObjectDetection.java:213): Pixel values(0, 10) = 24850.95
11-27 17:21:34.283  5106  5832 I global  :  RENO - ObjectDetection.conePositionDetect(ObjectDetection.java:213): Pixel values(0, 11) = 24822.01
11-27 17:21:34.284  5106  5832 I global  :  RENO - ObjectDetection.conePositionDetect(ObjectDetection.java:213): Pixel values(0, 12) = 24765.99
11-27 17:21:34.285  5106  5832 I global  :  RENO - ObjectDetection.conePositionDetect(ObjectDetection.java:213): Pixel values(0, 13) = 24687.93
11-27 17:21:34.286  5106  5832 I global  :  RENO - ObjectDetection.conePositionDetect(ObjectDetection.java:213): Pixel values(0, 14) = 24589.79
11-27 17:21:34.287  5106  5832 I global  :  RENO - ObjectDetection.conePositionDetect(ObjectDetection.java:213): Pixel values(0, 15) = 24486.73
11-27 17:21:34.288  5106  5832 I global  :  RENO - ObjectDetection.conePositionDetect(ObjectDetection.java:213): Pixel values(0, 16) = 24373.72
11-27 17:21:34.289  5106  5832 I global  :  RENO - ObjectDetection.conePositionDetect(ObjectDetection.java:213): Pixel values(0, 17) = 24253.33
11-27 17:21:34.290  5106  5832 I global  :  RENO - ObjectDetection.conePositionDetect(ObjectDetection.java:213): Pixel values(0, 18) = 24145.14
11-27 17:21:34.291  5106  5832 I global  :  RENO - ObjectDetection.conePositionDetect(ObjectDetection.java:213): Pixel values(0, 19) = 24048.71
11-27 17:21:34.292  5106  5832 I global  :  RENO - ObjectDetection.conePositionDetect(ObjectDetection.java:213): Pixel values(0, 20) = 23963.32
11-27 17:21:34.293  5106  5832 I global  :  RENO - ObjectDetection.conePositionDetect(ObjectDetection.java:213): Pixel values(0, 21) = 23898.21
11-27 17:21:34.294  5106  5832 I global  :  RENO - ObjectDetection.conePositionDetect(ObjectDetection.java:213): Pixel values(0, 22) = 23855.33
11-27 17:21:34.295  5106  5832 I global  :  RENO - ObjectDetection.conePositionDetect(ObjectDetection.java:213): Pixel values(0, 23) = 23845.17
11-27 17:21:34.296  5106  5832 I global  :  RENO - ObjectDetection.conePositionDetect(ObjectDetection.java:213): Pixel values(0, 24) = 23875.09
11-27 17:21:34.297  5106  5832 I global  :  RENO - ObjectDetection.conePositionDetect(ObjectDetection.java:213): Pixel values(0, 25) = 23934.32
11-27 17:21:34.298  5106  5832 I global  :  RENO - ObjectDetection.conePositionDetect(ObjectDetection.java:213): Pixel values(0, 26) = 24005.62
11-27 17:21:34.299  5106  5832 I global  :  RENO - ObjectDetection.conePositionDetect(ObjectDetection.java:213): Pixel values(0, 27) = 24077.99
11-27 17:21:34.300  5106  5832 I global  :  RENO - ObjectDetection.conePositionDetect(ObjectDetection.java:213): Pixel values(0, 28) = 24147.43
11-27 17:21:34.301  5106  5832 I global  :  RENO - ObjectDetection.conePositionDetect(ObjectDetection.java:213): Pixel values(0, 29) = 24211.89
11-27 17:21:34.302  5106  5832 I global  :  RENO - ObjectDetection.conePositionDetect(ObjectDetection.java:213): Pixel values(0, 30) = 24273.01
11-27 17:21:34.303  5106  5832 I global  :  RENO - ObjectDetection.conePositionDetect(ObjectDetection.java:213): Pixel values(0, 31) = 24323.77
11-27 17:21:34.304  5106  5832 I global  :  RENO - ObjectDetection.conePositionDetect(ObjectDetection.java:213): Pixel values(0, 32) = 24358.54
11-27 17:21:34.305  5106  5832 I global  :  RENO - ObjectDetection.conePositionDetect(ObjectDetection.java:213): Pixel values(0, 33) = 24380.48
11-27 17:21:34.306  5106  5832 I global  :  RENO - ObjectDetection.conePositionDetect(ObjectDetection.java:213): Pixel values(0, 34) = 24392.56
11-27 17:21:34.307  5106  5832 I global  :  RENO - ObjectDetection.conePositionDetect(ObjectDetection.java:213): Pixel values(0, 35) = 24403.85
11-27 17:21:34.308  5106  5832 I global  :  RENO - ObjectDetection.conePositionDetect(ObjectDetection.java:213): Pixel values(0, 36) = 24417.45
11-27 17:21:34.309  5106  5832 I global  :  RENO - ObjectDetection.conePositionDetect(ObjectDetection.java:213): Pixel values(0, 37) = 24442.12
11-27 17:21:34.310  5106  5832 I global  :  RENO - ObjectDetection.conePositionDetect(ObjectDetection.java:213): Pixel values(0, 38) = 24473.80
11-27 17:21:34.311  5106  5832 I global  :  RENO - ObjectDetection.conePositionDetect(ObjectDetection.java:213): Pixel values(0, 39) = 24513.82
11-27 17:21:34.312  5106  5832 I global  :  RENO - ObjectDetection.conePositionDetect(ObjectDetection.java:213): Pixel values(0, 40) = 24563.84
11-27 17:21:34.312  5106  5832 I global  :  RENO - ObjectDetection.conePositionDetect(ObjectDetection.java:213): Pixel values(0, 41) = 24624.79
11-27 17:21:34.314  5106  5832 I global  :  RENO - ObjectDetection.conePositionDetect(ObjectDetection.java:213): Pixel values(0, 42) = 24707.93
11-27 17:21:34.315  5106  5832 I global  :  RENO - ObjectDetection.conePositionDetect(ObjectDetection.java:213): Pixel values(0, 43) = 24819.16
11-27 17:21:34.315  5106  5832 I global  :  RENO - ObjectDetection.conePositionDetect(ObjectDetection.java:213): Pixel values(0, 44) = 24960.12
11-27 17:21:34.316  5106  5832 I global  :  RENO - ObjectDetection.conePositionDetect(ObjectDetection.java:213): Pixel values(0, 45) = 25124.81
11-27 17:21:34.317  5106  5832 I global  :  RENO - ObjectDetection.conePositionDetect(ObjectDetection.java:213): Pixel values(0, 46) = 25301.33
11-27 17:21:34.318  5106  5832 I global  :  RENO - ObjectDetection.conePositionDetect(ObjectDetection.java:213): Pixel values(0, 47) = 25487.65
11-27 17:21:34.319  5106  5832 I global  :  RENO - ObjectDetection.conePositionDetect(ObjectDetection.java:213): Pixel values(0, 48) = 25685.97
11-27 17:21:34.320  5106  5832 I global  :  RENO - ObjectDetection.conePositionDetect(ObjectDetection.java:213): Pixel values(0, 49) = 25896.72
11-27 17:21:34.321  5106  5832 I global  :  RENO - ObjectDetection.conePositionDetect(ObjectDetection.java:213): Pixel values(0, 50) = 26119.49
11-27 17:21:34.322  5106  5832 I global  :  RENO - ObjectDetection.conePositionDetect(ObjectDetection.java:213): Pixel values(0, 51) = 26353.78
11-27 17:21:34.323  5106  5832 I global  :  RENO - ObjectDetection.conePositionDetect(ObjectDetection.java:213): Pixel values(0, 52) = 26594.41
11-27 17:21:34.324  5106  5832 I global  :  RENO - ObjectDetection.conePositionDetect(ObjectDetection.java:213): Pixel values(0, 53) = 26841.27
11-27 17:21:34.325  5106  5832 I global  :  RENO - ObjectDetection.conePositionDetect(ObjectDetection.java:213): Pixel values(0, 54) = 27087.56
11-27 17:21:34.326  5106  5832 I global  :  RENO - ObjectDetection.conePositionDetect(ObjectDetection.java:213): Pixel values(0, 55) = 27329.32
11-27 17:21:34.327  5106  5832 I global  :  RENO - ObjectDetection.conePositionDetect(ObjectDetection.java:213): Pixel values(0, 56) = 27556.86
11-27 17:21:34.328  5106  5832 I global  :  RENO - ObjectDetection.conePositionDetect(ObjectDetection.java:213): Pixel values(0, 57) = 27772.16
11-27 17:21:34.329  5106  5832 I global  :  RENO - ObjectDetection.conePositionDetect(ObjectDetection.java:213): Pixel values(0, 58) = 27970.54
11-27 17:21:34.330  5106  5832 I global  :  RENO - ObjectDetection.conePositionDetect(ObjectDetection.java:213): Pixel values(0, 59) = 28156.16
11-27 17:21:34.331  5106  5832 I global  :  RENO - ObjectDetection.conePositionDetect(ObjectDetection.java:213): Pixel values(0, 60) = 28337.58
11-27 17:21:34.333  5106  5832 I global  :  RENO - ObjectDetection.conePositionDetect(ObjectDetection.java:213): Pixel values(0, 61) = 28529.99
11-27 17:21:34.334  5106  5832 I global  :  RENO - ObjectDetection.conePositionDetect(ObjectDetection.java:213): Pixel values(0, 62) = 28736.89
11-27 17:21:34.334  5106  5832 I global  :  RENO - ObjectDetection.conePositionDetect(ObjectDetection.java:213): Pixel values(0, 63) = 28947.72
11-27 17:21:34.335  5106  5832 I global  :  RENO - ObjectDetection.conePositionDetect(ObjectDetection.java:213): Pixel values(0, 64) = 29153.63
11-27 17:21:34.336  5106  5832 I global  :  RENO - ObjectDetection.conePositionDetect(ObjectDetection.java:213): Pixel values(0, 65) = 29352.48
11-27 17:21:34.336  5106  5822 I global  :  RENO - ChassisWith4Motors.driveWithPIDControl(ChassisWith4Motors.java:481): tDistance = -14.50, currLocation = 0.05
11-27 17:21:34.337  5106  5832 I global  :  RENO - ObjectDetection.conePositionDetect(ObjectDetection.java:213): Pixel values(0, 66) = 29570.26
11-27 17:21:34.338  5106  5822 I global  :  RENO - ChassisWith4Motors.driveWithPIDControl(ChassisWith4Motors.java:482): rampUpPower = 0.35, rampDownPower = 0.88
11-27 17:21:34.338  5106  5832 I global  :  RENO - ObjectDetection.conePositionDetect(ObjectDetection.java:213): Pixel values(0, 67) = 29803.69
11-27 17:21:34.339  5106  5832 I global  :  RENO - ObjectDetection.conePositionDetect(ObjectDetection.java:213): Pixel values(0, 68) = 30041.68
11-27 17:21:34.340  5106  5832 I global  :  RENO - ObjectDetection.conePositionDetect(ObjectDetection.java:213): Pixel values(0, 69) = 30272.58
11-27 17:21:34.341  5106  5832 I global  :  RENO - ObjectDetection.conePositionDetect(ObjectDetection.java:213): Pixel values(0, 70) = 30494.51
11-27 17:21:34.342  5106  5832 I global  :  RENO - ObjectDetection.conePositionDetect(ObjectDetection.java:213): Pixel values(0, 71) = 30708.35
11-27 17:21:34.343  5106  5822 I global  :  RENO - ChassisWith4Motors.driveWithPIDControl(ChassisWith4Motors.java:488): power = 0.35, correction = -0.03, global angle = 0.750, last angle = -0.56
11-27 17:21:34.343  5106  5832 I global  :  RENO - ObjectDetection.conePositionDetect(ObjectDetection.java:213): Pixel values(0, 72) = 30910.73
11-27 17:21:34.344  5106  5832 I global  :  RENO - ObjectDetection.conePositionDetect(ObjectDetection.java:213): Pixel values(0, 73) = 31092.79
11-27 17:21:34.345  5106  5832 I global  :  RENO - ObjectDetection.conePositionDetect(ObjectDetection.java:213): Pixel values(0, 74) = 31227.91
11-27 17:21:34.346  5106  5832 I global  :  RENO - ObjectDetection.conePositionDetect(ObjectDetection.java:213): Pixel values(0, 75) = 31278.10
11-27 17:21:34.347  5106  5832 I global  :  RENO - ObjectDetection.conePositionDetect(ObjectDetection.java:213): Pixel values(0, 76) = 31213.68
11-27 17:21:34.348  5106  5832 I global  :  RENO - ObjectDetection.conePositionDetect(ObjectDetection.java:213): Pixel values(0, 77) = 31051.82
11-27 17:21:34.349  5106  5832 I global  :  RENO - ObjectDetection.conePositionDetect(ObjectDetection.java:213): Pixel values(0, 78) = 30841.02
11-27 17:21:34.350  5106  5832 I global  :  RENO - ObjectDetection.conePositionDetect(ObjectDetection.java:213): Pixel values(0, 79) = 30616.08
11-27 17:21:34.351  5106  5832 I global  :  RENO - ObjectDetection.conePositionDetect(ObjectDetection.java:213): Pixel values(0, 80) = 30375.28
11-27 17:21:34.352  5106  5832 I global  :  RENO - ObjectDetection.conePositionDetect(ObjectDetection.java:213): Pixel values(0, 81) = 30118.34
11-27 17:21:34.353  5106  5832 I global  :  RENO - ObjectDetection.conePositionDetect(ObjectDetection.java:213): Pixel values(0, 82) = 29854.47
11-27 17:21:34.354  5106  5832 I global  :  RENO - ObjectDetection.conePositionDetect(ObjectDetection.java:213): Pixel values(0, 83) = 29583.54
11-27 17:21:34.355  5106  5832 I global  :  RENO - ObjectDetection.conePositionDetect(ObjectDetection.java:213): Pixel values(0, 84) = 29311.83
11-27 17:21:34.356  5106  5832 I global  :  RENO - ObjectDetection.conePositionDetect(ObjectDetection.java:213): Pixel values(0, 85) = 29036.91
11-27 17:21:34.357  5106  5832 I global  :  RENO - ObjectDetection.conePositionDetect(ObjectDetection.java:213): Pixel values(0, 86) = 28763.43
11-27 17:21:34.358  5106  5832 I global  :  RENO - ObjectDetection.conePositionDetect(ObjectDetection.java:213): Pixel values(0, 87) = 28493.58
11-27 17:21:34.359  5106  5832 I global  :  RENO - ObjectDetection.conePositionDetect(ObjectDetection.java:213): Pixel values(0, 88) = 28221.68
11-27 17:21:34.360  5106  5832 I global  :  RENO - ObjectDetection.conePositionDetect(ObjectDetection.java:213): Pixel values(0, 89) = 27948.62
11-27 17:21:34.361  5106  5832 I global  :  RENO - ObjectDetection.conePositionDetect(ObjectDetection.java:213): Pixel values(0, 90) = 27681.46
11-27 17:21:34.362  5106  5822 I global  :  RENO - ChassisWith4Motors.driveWithPIDControl(ChassisWith4Motors.java:481): tDistance = -14.50, currLocation = 0.07
11-27 17:21:34.362  5106  5832 I global  :  RENO - ObjectDetection.conePositionDetect(ObjectDetection.java:213): Pixel values(0, 91) = 27422.65
11-27 17:21:34.363  5106  5822 I global  :  RENO - ChassisWith4Motors.driveWithPIDControl(ChassisWith4Motors.java:482): rampUpPower = 0.35, rampDownPower = 0.88
11-27 17:21:34.363  5106  5832 I global  :  RENO - ObjectDetection.conePositionDetect(ObjectDetection.java:213): Pixel values(0, 92) = 27167.62
11-27 17:21:34.364  5106  5832 I global  :  RENO - ObjectDetection.conePositionDetect(ObjectDetection.java:213): Pixel values(0, 93) = 26906.26
11-27 17:21:34.365  5106  5832 I global  :  RENO - ObjectDetection.conePositionDetect(ObjectDetection.java:213): Pixel values(0, 94) = 26630.77
11-27 17:21:34.366  5106  5832 I global  :  RENO - ObjectDetection.conePositionDetect(ObjectDetection.java:213): Pixel values(0, 95) = 26354.47
11-27 17:21:34.367  5106  5822 I global  :  RENO - ChassisWith4Motors.driveWithPIDControl(ChassisWith4Motors.java:488): power = 0.35, correction = -0.03, global angle = 0.875, last angle = -0.44
11-27 17:21:34.367  5106  5832 I global  :  RENO - ObjectDetection.conePositionDetect(ObjectDetection.java:213): Pixel values(0, 96) = 26086.35
11-27 17:21:34.368  5106  5832 I global  :  RENO - ObjectDetection.conePositionDetect(ObjectDetection.java:213): Pixel values(0, 97) = 25829.10
11-27 17:21:34.369  5106  5832 I global  :  RENO - ObjectDetection.conePositionDetect(ObjectDetection.java:213): Pixel values(0, 98) = 25552.11
11-27 17:21:34.370  5106  5832 I global  :  RENO - ObjectDetection.conePositionDetect(ObjectDetection.java:213): Pixel values(0, 99) = 25254.75
11-27 17:21:34.371  5106  5832 I global  :  RENO - ObjectDetection.conePositionDetect(ObjectDetection.java:213): Pixel values(0, 100) = 24949.76
11-27 17:21:34.372  5106  5832 I global  :  RENO - ObjectDetection.conePositionDetect(ObjectDetection.java:213): Pixel values(0, 101) = 24642.58
11-27 17:21:34.373  5106  5832 I global  :  RENO - ObjectDetection.conePositionDetect(ObjectDetection.java:213): Pixel values(0, 102) = 24341.74
11-27 17:21:34.374  5106  5832 I global  :  RENO - ObjectDetection.conePositionDetect(ObjectDetection.java:213): Pixel values(0, 103) = 24046.57
11-27 17:21:34.375  5106  5832 I global  :  RENO - ObjectDetection.conePositionDetect(ObjectDetection.java:213): Pixel values(0, 104) = 23759.52
11-27 17:21:34.376  5106  5832 I global  :  RENO - ObjectDetection.conePositionDetect(ObjectDetection.java:213): Pixel values(0, 105) = 23480.42
11-27 17:21:34.377  5106  5832 I global  :  RENO - ObjectDetection.conePositionDetect(ObjectDetection.java:213): Pixel values(0, 106) = 23228.03
11-27 17:21:34.378  5106  5832 I global  :  RENO - ObjectDetection.conePositionDetect(ObjectDetection.java:213): Pixel values(0, 107) = 23036.96
11-27 17:21:34.379  5106  5832 I global  :  RENO - ObjectDetection.conePositionDetect(ObjectDetection.java:213): Pixel values(0, 108) = 22933.40
11-27 17:21:34.380  5106  5832 I global  :  RENO - ObjectDetection.conePositionDetect(ObjectDetection.java:213): Pixel values(0, 109) = 22906.62
11-27 17:21:34.381  5106  5832 I global  :  RENO - ObjectDetection.conePositionDetect(ObjectDetection.java:213): Pixel values(0, 110) = 22915.16
11-27 17:21:34.382  5106  5832 I global  :  RENO - ObjectDetection.conePositionDetect(ObjectDetection.java:213): Pixel values(0, 111) = 22924.88
11-27 17:21:34.383  5106  5832 I global  :  RENO - ObjectDetection.conePositionDetect(ObjectDetection.java:213): Pixel values(0, 112) = 22937.21
11-27 17:21:34.384  5106  5832 I global  :  RENO - ObjectDetection.conePositionDetect(ObjectDetection.java:213): Pixel values(0, 113) = 22951.58
11-27 17:21:34.385  5106  5832 I global  :  RENO - ObjectDetection.conePositionDetect(ObjectDetection.java:213): Pixel values(0, 114) = 22970.12
11-27 17:21:34.386  5106  5832 I global  :  RENO - ObjectDetection.conePositionDetect(ObjectDetection.java:213): Pixel values(0, 115) = 23006.65
11-27 17:21:34.386  5106  5822 I global  :  RENO - ChassisWith4Motors.driveWithPIDControl(ChassisWith4Motors.java:481): tDistance = -14.50, currLocation = 0.28
11-27 17:21:34.387  5106  5832 I global  :  RENO - ObjectDetection.conePositionDetect(ObjectDetection.java:213): Pixel values(0, 116) = 23050.03
11-27 17:21:34.387  5106  5822 I global  :  RENO - ChassisWith4Motors.driveWithPIDControl(ChassisWith4Motors.java:482): rampUpPower = 0.36, rampDownPower = 0.88
11-27 17:21:34.387  5106  5832 I global  :  RENO - ObjectDetection.conePositionDetect(ObjectDetection.java:213): Pixel values(0, 117) = 23108.53
11-27 17:21:34.388  5106  5832 I global  :  RENO - ObjectDetection.conePositionDetect(ObjectDetection.java:213): Pixel values(0, 118) = 23209.53
11-27 17:21:34.389  5106  5832 I global  :  RENO - ObjectDetection.conePositionDetect(ObjectDetection.java:213): Pixel values(0, 119) = 23349.06
11-27 17:21:34.390  5106  5832 I global  :  RENO - ObjectDetection.conePositionDetect(ObjectDetection.java:213): Pixel values(0, 120) = 23495.67
11-27 17:21:34.391  5106  5832 I global  :  RENO - ObjectDetection.conePositionDetect(ObjectDetection.java:213): Pixel values(0, 121) = 23645.76
11-27 17:21:34.392  5106  5832 I global  :  RENO - ObjectDetection.conePositionDetect(ObjectDetection.java:213): Pixel values(0, 122) = 23790.40
11-27 17:21:34.393  5106  5832 I global  :  RENO - ObjectDetection.conePositionDetect(ObjectDetection.java:213): Pixel values(0, 123) = 23937.82
11-27 17:21:34.393  5106  5822 I global  :  RENO - ChassisWith4Motors.driveWithPIDControl(ChassisWith4Motors.java:488): power = 0.36, correction = -0.04, global angle = 0.938, last angle = -0.38
11-27 17:21:34.394  5106  5832 I global  :  RENO - ObjectDetection.conePositionDetect(ObjectDetection.java:213): Pixel values(0, 124) = 24085.69
11-27 17:21:34.395  5106  5832 I global  :  RENO - ObjectDetection.conePositionDetect(ObjectDetection.java:213): Pixel values(0, 125) = 24233.51
11-27 17:21:34.396  5106  5832 I global  :  RENO - ObjectDetection.conePositionDetect(ObjectDetection.java:213): Pixel values(0, 126) = 24382.17
11-27 17:21:34.397  5106  5832 I global  :  RENO - ObjectDetection.conePositionDetect(ObjectDetection.java:213): Pixel values(0, 127) = 24528.37
11-27 17:21:34.398  5106  5832 I global  :  RENO - ObjectDetection.conePositionDetect(ObjectDetection.java:213): Pixel values(0, 128) = 24675.31
11-27 17:21:34.399  5106  5832 I global  :  RENO - ObjectDetection.conePositionDetect(ObjectDetection.java:213): Pixel values(0, 129) = 24822.89
11-27 17:21:34.400  5106  5832 I global  :  RENO - ObjectDetection.conePositionDetect(ObjectDetection.java:213): Pixel values(0, 130) = 24978.18
11-27 17:21:34.401  5106  5832 I global  :  RENO - ObjectDetection.conePositionDetect(ObjectDetection.java:213): Pixel values(0, 131) = 25139.74
11-27 17:21:34.402  5106  5832 I global  :  RENO - ObjectDetection.conePositionDetect(ObjectDetection.java:213): Pixel values(0, 132) = 25304.23
11-27 17:21:34.403  5106  5832 I global  :  RENO - ObjectDetection.conePositionDetect(ObjectDetection.java:213): Pixel values(0, 133) = 25469.89
11-27 17:21:34.404  5106  5832 I global  :  RENO - ObjectDetection.conePositionDetect(ObjectDetection.java:213): Pixel values(0, 134) = 25635.62
11-27 17:21:34.405  5106  5832 I global  :  RENO - ObjectDetection.conePositionDetect(ObjectDetection.java:213): Pixel values(0, 135) = 25803.31
11-27 17:21:34.406  5106  5832 I global  :  RENO - ObjectDetection.conePositionDetect(ObjectDetection.java:213): Pixel values(0, 136) = 25969.85
11-27 17:21:34.407  5106  5832 I global  :  RENO - ObjectDetection.conePositionDetect(ObjectDetection.java:213): Pixel values(0, 137) = 26137.52
11-27 17:21:34.408  5106  5832 I global  :  RENO - ObjectDetection.conePositionDetect(ObjectDetection.java:213): Pixel values(0, 138) = 26301.86
11-27 17:21:34.409  5106  5832 I global  :  RENO - ObjectDetection.conePositionDetect(ObjectDetection.java:213): Pixel values(0, 139) = 26462.61
11-27 17:21:34.410  5106  5832 I global  :  RENO - ObjectDetection.conePositionDetect(ObjectDetection.java:213): Pixel values(0, 140) = 26620.16
11-27 17:21:34.411  5106  5832 I global  :  RENO - ObjectDetection.conePositionDetect(ObjectDetection.java:213): Pixel values(0, 141) = 26778.02
11-27 17:21:34.411  5106  5822 I global  :  RENO - ChassisWith4Motors.driveWithPIDControl(ChassisWith4Motors.java:481): tDistance = -14.50, currLocation = 0.44
11-27 17:21:34.412  5106  5832 I global  :  RENO - ObjectDetection.conePositionDetect(ObjectDetection.java:213): Pixel values(0, 142) = 26935.29
11-27 17:21:34.412  5106  5822 I global  :  RENO - ChassisWith4Motors.driveWithPIDControl(ChassisWith4Motors.java:482): rampUpPower = 0.37, rampDownPower = 0.88
11-27 17:21:34.413  5106  5832 I global  :  RENO - ObjectDetection.conePositionDetect(ObjectDetection.java:213): Pixel values(0, 143) = 27095.75
11-27 17:21:34.414  5106  5832 I global  :  RENO - ObjectDetection.conePositionDetect(ObjectDetection.java:213): Pixel values(0, 144) = 27256.47
11-27 17:21:34.415  5106  5832 I global  :  RENO - ObjectDetection.conePositionDetect(ObjectDetection.java:213): Pixel values(0, 145) = 27413.36
11-27 17:21:34.416  5106  5832 I global  :  RENO - ObjectDetection.conePositionDetect(ObjectDetection.java:213): Pixel values(0, 146) = 27562.17
11-27 17:21:34.417  5106  5822 I global  :  RENO - ChassisWith4Motors.driveWithPIDControl(ChassisWith4Motors.java:488): power = 0.37, correction = -0.04, global angle = 0.938, last angle = -0.38
11-27 17:21:34.417  5106  5832 I global  :  RENO - ObjectDetection.conePositionDetect(ObjectDetection.java:213): Pixel values(0, 147) = 27689.79
11-27 17:21:34.418  5106  5832 I global  :  RENO - ObjectDetection.conePositionDetect(ObjectDetection.java:213): Pixel values(0, 148) = 27802.15
11-27 17:21:34.419  5106  5832 I global  :  RENO - ObjectDetection.conePositionDetect(ObjectDetection.java:213): Pixel values(0, 149) = 27896.68
11-27 17:21:34.420  5106  5832 I global  :  RENO - ObjectDetection.conePositionDetect(ObjectDetection.java:213): Pixel values(0, 150) = 27944.30
11-27 17:21:34.421  5106  5832 I global  :  RENO - ObjectDetection.conePositionDetect(ObjectDetection.java:213): Pixel values(0, 151) = 27947.26
11-27 17:21:34.422  5106  5832 I global  :  RENO - ObjectDetection.conePositionDetect(ObjectDetection.java:213): Pixel values(0, 152) = 27939.56
11-27 17:21:34.423  5106  5832 I global  :  RENO - ObjectDetection.conePositionDetect(ObjectDetection.java:213): Pixel values(0, 153) = 27927.79
11-27 17:21:34.424  5106  5832 I global  :  RENO - ObjectDetection.conePositionDetect(ObjectDetection.java:213): Pixel values(0, 154) = 27916.94
11-27 17:21:34.425  5106  5832 I global  :  RENO - ObjectDetection.conePositionDetect(ObjectDetection.java:213): Pixel values(0, 155) = 27903.59
11-27 17:21:34.426  5106  5832 I global  :  RENO - ObjectDetection.conePositionDetect(ObjectDetection.java:213): Pixel values(0, 156) = 27878.62
11-27 17:21:34.427  5106  5832 I global  :  RENO - ObjectDetection.conePositionDetect(ObjectDetection.java:213): Pixel values(0, 157) = 27848.91
11-27 17:21:34.428  5106  5832 I global  :  RENO - ObjectDetection.conePositionDetect(ObjectDetection.java:213): Pixel values(0, 158) = 27814.40
11-27 17:21:34.429  5106  5832 I global  :  RENO - ObjectDetection.conePositionDetect(ObjectDetection.java:213): Pixel values(0, 159) = 27779.21
11-27 17:21:34.430  5106  5832 I global  :  RENO - ObjectDetection.conePositionDetect(ObjectDetection.java:213): Pixel values(0, 160) = 27743.51
11-27 17:21:34.431  5106  5832 I global  :  RENO - ObjectDetection.conePositionDetect(ObjectDetection.java:213): Pixel values(0, 161) = 27709.14
11-27 17:21:34.433  5106  5832 I global  :  RENO - ObjectDetection.conePositionDetect(ObjectDetection.java:213): Pixel values(0, 162) = 27673.17
11-27 17:21:34.434  5106  5832 I global  :  RENO - ObjectDetection.conePositionDetect(ObjectDetection.java:213): Pixel values(0, 163) = 27631.77
11-27 17:21:34.435  5106  5832 I global  :  RENO - ObjectDetection.conePositionDetect(ObjectDetection.java:213): Pixel values(0, 164) = 27581.74
11-27 17:21:34.436  5106  5832 I global  :  RENO - ObjectDetection.conePositionDetect(ObjectDetection.java:213): Pixel values(0, 165) = 27530.33
11-27 17:21:34.437  5106  5832 I global  :  RENO - ObjectDetection.conePositionDetect(ObjectDetection.java:213): Pixel values(0, 166) = 27471.92
11-27 17:21:34.438  5106  5832 I global  :  RENO - ObjectDetection.conePositionDetect(ObjectDetection.java:213): Pixel values(0, 167) = 27412.03
11-27 17:21:34.439  5106  5832 I global  :  RENO - ObjectDetection.conePositionDetect(ObjectDetection.java:213): Pixel values(0, 168) = 27346.87
11-27 17:21:34.439  5106  5822 I global  :  RENO - ChassisWith4Motors.driveWithPIDControl(ChassisWith4Motors.java:481): tDistance = -14.50, currLocation = 0.61
11-27 17:21:34.440  5106  5832 I global  :  RENO - ObjectDetection.conePositionDetect(ObjectDetection.java:213): Pixel values(0, 169) = 27279.04
11-27 17:21:34.441  5106  5832 I global  :  RENO - ObjectDetection.conePositionDetect(ObjectDetection.java:213): Pixel values(0, 170) = 27210.22
11-27 17:21:34.441  5106  5822 I global  :  RENO - ChassisWith4Motors.driveWithPIDControl(ChassisWith4Motors.java:482): rampUpPower = 0.38, rampDownPower = 0.88
11-27 17:21:34.441  5106  5832 I global  :  RENO - ObjectDetection.conePositionDetect(ObjectDetection.java:213): Pixel values(0, 171) = 27147.57
11-27 17:21:34.443  5106  5832 I global  :  RENO - ObjectDetection.conePositionDetect(ObjectDetection.java:213): Pixel values(0, 172) = 27087.00
11-27 17:21:34.444  5106  5832 I global  :  RENO - ObjectDetection.conePositionDetect(ObjectDetection.java:213): Pixel values(0, 173) = 27022.72
11-27 17:21:34.445  5106  5832 I global  :  RENO - ObjectDetection.conePositionDetect(ObjectDetection.java:213): Pixel values(0, 174) = 26958.57
11-27 17:21:34.445  5106  5822 I global  :  RENO - ChassisWith4Motors.driveWithPIDControl(ChassisWith4Motors.java:488): power = 0.38, correction = -0.04, global angle = 0.625, last angle = -0.69
11-27 17:21:34.446  5106  5832 I global  :  RENO - ObjectDetection.conePositionDetect(ObjectDetection.java:213): Pixel values(0, 175) = 26900.55
11-27 17:21:34.447  5106  5832 I global  :  RENO - ObjectDetection.conePositionDetect(ObjectDetection.java:213): Pixel values(0, 176) = 26848.98
11-27 17:21:34.448  5106  5832 I global  :  RENO - ObjectDetection.conePositionDetect(ObjectDetection.java:213): Pixel values(0, 177) = 26809.15
11-27 17:21:34.449  5106  5832 I global  :  RENO - ObjectDetection.conePositionDetect(ObjectDetection.java:213): Pixel values(0, 178) = 26784.46
11-27 17:21:34.450  5106  5832 I global  :  RENO - ObjectDetection.conePositionDetect(ObjectDetection.java:213): Pixel values(0, 179) = 26778.44
11-27 17:21:34.451  5106  5832 I global  :  RENO - ObjectDetection.conePositionDetect(ObjectDetection.java:213): Pixel values(0, 180) = 26784.34
11-27 17:21:34.452  5106  5832 I global  :  RENO - ObjectDetection.conePositionDetect(ObjectDetection.java:213): Pixel values(0, 181) = 26797.96
11-27 17:21:34.453  5106  5832 I global  :  RENO - ObjectDetection.conePositionDetect(ObjectDetection.java:213): Pixel values(0, 182) = 26818.32
11-27 17:21:34.454  5106  5832 I global  :  RENO - ObjectDetection.conePositionDetect(ObjectDetection.java:213): Pixel values(0, 183) = 26842.50
11-27 17:21:34.455  5106  5832 I global  :  RENO - ObjectDetection.conePositionDetect(ObjectDetection.java:213): Pixel values(0, 184) = 26871.70
11-27 17:21:34.456  5106  5832 I global  :  RENO - ObjectDetection.conePositionDetect(ObjectDetection.java:213): Pixel values(0, 185) = 26902.45
11-27 17:21:34.457  5106  5832 I global  :  RENO - ObjectDetection.conePositionDetect(ObjectDetection.java:213): Pixel values(0, 186) = 26934.09
11-27 17:21:34.458  5106  5832 I global  :  RENO - ObjectDetection.conePositionDetect(ObjectDetection.java:213): Pixel values(0, 187) = 26963.96
11-27 17:21:34.459  5106  5832 I global  :  RENO - ObjectDetection.conePositionDetect(ObjectDetection.java:213): Pixel values(0, 188) = 27002.25
11-27 17:21:34.460  5106  5832 I global  :  RENO - ObjectDetection.conePositionDetect(ObjectDetection.java:213): Pixel values(0, 189) = 27051.69
11-27 17:21:34.461  5106  5832 I global  :  RENO - ObjectDetection.conePositionDetect(ObjectDetection.java:213): Pixel values(0, 190) = 27110.31
11-27 17:21:34.463  5106  5832 I global  :  RENO - ObjectDetection.conePositionDetect(ObjectDetection.java:213): Pixel values(0, 191) = 27176.53
11-27 17:21:34.464  5106  5822 I global  :  RENO - ChassisWith4Motors.driveWithPIDControl(ChassisWith4Motors.java:481): tDistance = -14.50, currLocation = 0.82
11-27 17:21:34.464  5106  5832 I global  :  RENO - ObjectDetection.conePositionDetect(ObjectDetection.java:213): Pixel values(0, 192) = 27244.73
11-27 17:21:34.465  5106  5832 I global  :  RENO - ObjectDetection.conePositionDetect(ObjectDetection.java:213): Pixel values(0, 193) = 27307.40
11-27 17:21:34.466  5106  5822 I global  :  RENO - ChassisWith4Motors.driveWithPIDControl(ChassisWith4Motors.java:482): rampUpPower = 0.39, rampDownPower = 0.88
11-27 17:21:34.466  5106  5832 I global  :  RENO - ObjectDetection.conePositionDetect(ObjectDetection.java:213): Pixel values(0, 194) = 27366.30
11-27 17:21:34.468  5106  5832 I global  :  RENO - ObjectDetection.conePositionDetect(ObjectDetection.java:213): Pixel values(0, 195) = 27423.62
11-27 17:21:34.469  5106  5832 I global  :  RENO - ObjectDetection.conePositionDetect(ObjectDetection.java:213): Pixel values(0, 196) = 27486.78
11-27 17:21:34.470  5106  5832 I global  :  RENO - ObjectDetection.conePositionDetect(ObjectDetection.java:213): Pixel values(0, 197) = 27552.87
11-27 17:21:34.471  5106  5832 I global  :  RENO - ObjectDetection.conePositionDetect(ObjectDetection.java:213): Pixel values(0, 198) = 27627.49
11-27 17:21:34.471  5106  5822 I global  :  RENO - ChassisWith4Motors.driveWithPIDControl(ChassisWith4Motors.java:488): power = 0.39, correction = -0.02, global angle = 0.438, last angle = -0.88
11-27 17:21:34.472  5106  5832 I global  :  RENO - ObjectDetection.conePositionDetect(ObjectDetection.java:213): Pixel values(0, 199) = 27698.25
11-27 17:21:34.474  5106  5832 I global  :  RENO - ObjectDetection.conePositionDetect(ObjectDetection.java:213): Pixel values(0, 200) = 27774.71
11-27 17:21:34.475  5106  5832 I global  :  RENO - ObjectDetection.conePositionDetect(ObjectDetection.java:213): Pixel values(0, 201) = 27860.87
11-27 17:21:34.476  5106  5832 I global  :  RENO - ObjectDetection.conePositionDetect(ObjectDetection.java:213): Pixel values(0, 202) = 27965.43
11-27 17:21:34.477  5106  5832 I global  :  RENO - ObjectDetection.conePositionDetect(ObjectDetection.java:213): Pixel values(0, 203) = 28083.16
11-27 17:21:34.478  5106  5832 I global  :  RENO - ObjectDetection.conePositionDetect(ObjectDetection.java:213): Pixel values(0, 204) = 28221.17
11-27 17:21:34.479  5106  5832 I global  :  RENO - ObjectDetection.conePositionDetect(ObjectDetection.java:213): Pixel values(0, 205) = 28372.12
11-27 17:21:34.480  5106  5832 I global  :  RENO - ObjectDetection.conePositionDetect(ObjectDetection.java:213): Pixel values(0, 206) = 28518.76
11-27 17:21:34.481  5106  5832 I global  :  RENO - ObjectDetection.conePositionDetect(ObjectDetection.java:213): Pixel values(0, 207) = 28641.80
11-27 17:21:34.482  5106  5832 I global  :  RENO - ObjectDetection.conePositionDetect(ObjectDetection.java:213): Pixel values(0, 208) = 28742.56
11-27 17:21:34.483  5106  5832 I global  :  RENO - ObjectDetection.conePositionDetect(ObjectDetection.java:213): Pixel values(0, 209) = 28825.38
11-27 17:21:34.484  5106  5832 I global  :  RENO - ObjectDetection.conePositionDetect(ObjectDetection.java:213): Pixel values(0, 210) = 28890.86
11-27 17:21:34.485  5106  5832 I global  :  RENO - ObjectDetection.conePositionDetect(ObjectDetection.java:213): Pixel values(0, 211) = 28940.12
11-27 17:21:34.486  5106  5832 I global  :  RENO - ObjectDetection.conePositionDetect(ObjectDetection.java:213): Pixel values(0, 212) = 28978.70
11-27 17:21:34.486  5106  5832 I global  :  RENO - ObjectDetection.conePositionDetect(ObjectDetection.java:213): Pixel values(0, 213) = 29010.76
11-27 17:21:34.487  5106  5832 I global  :  RENO - ObjectDetection.conePositionDetect(ObjectDetection.java:213): Pixel values(0, 214) = 29034.83
11-27 17:21:34.488  5106  5832 I global  :  RENO - ObjectDetection.conePositionDetect(ObjectDetection.java:213): Pixel values(0, 215) = 29054.12
11-27 17:21:34.489  5106  5832 I global  :  RENO - ObjectDetection.conePositionDetect(ObjectDetection.java:213): Pixel values(0, 216) = 29072.50
11-27 17:21:34.490  5106  5832 I global  :  RENO - ObjectDetection.conePositionDetect(ObjectDetection.java:213): Pixel values(0, 217) = 29093.86
