01-03 21:09:18.177 19225 19480 I global  :  RENO - ChassisWith4Motors.rotate(ChassisWith4Motors.java:427): Positions: FL = 39, FR = 3, BL = 58, BR = 15
01-03 21:09:18.179 19225 19480 I global  :  RENO - ChassisWith4Motors.rotate(ChassisWith4Motors.java:429): Powers: FL = -0.21, FR = 0.21, BL = -0.21, BR = 0.21
01-03 21:09:18.195 19225 19480 I global  :  RENO - ChassisWith4Motors.rotate(ChassisWith4Motors.java:445): IMU angle before turn stop -45.04.
01-03 21:09:18.197 19225 19480 I global  :  RENO - ChassisWith4Motors.rotate(ChassisWith4Motors.java:446): Rotated angle is 1.51.
01-03 21:09:18.204 19225 19480 I global  :  RENO - ChassisWith4Motors.rotate(ChassisWith4Motors.java:451): Required turning degrees: 1.55.
01-03 21:09:18.205 19225 19480 I global  :  RENO - ChassisWith4Motors.rotate(ChassisWith4Motors.java:452): IMU angle after turning stop is -44.59.
01-03 21:09:18.206 19225 19480 I global  :  RENO - ChassisWith4Motors.rotateIMUTargetAngle(ChassisWith4Motors.java:363): imu angle before rotation: -46.55
01-03 21:09:18.526 19225 19480 I global  :  RENO - ChassisWith4Motors.setPowerWithPIDControl(ChassisWith4Motors.java:551): power = 0.40, correction = -0.08, global angle = 1.989, last angle = -42.61
01-03 21:09:18.545 19225 19480 I global  :  RENO - ChassisWith4Motors.setPowerWithPIDControl(ChassisWith4Motors.java:551): power = 0.40, correction = -0.08, global angle = 1.972, last angle = -42.62
01-03 21:09:18.565 19225 19480 I global  :  RENO - ChassisWith4Motors.setPowerWithPIDControl(ChassisWith4Motors.java:551): power = 0.40, correction = -0.08, global angle = 1.983, last angle = -42.61
01-03 21:09:18.585 19225 19480 I global  :  RENO - ChassisWith4Motors.setPowerWithPIDControl(ChassisWith4Motors.java:551): power = 0.40, correction = -0.08, global angle = 2.005, last angle = -42.59
01-03 21:09:18.606 19225 19480 I global  :  RENO - ChassisWith4Motors.setPowerWithPIDControl(ChassisWith4Motors.java:551): power = 0.40, correction = -0.08, global angle = 1.962, last angle = -42.63
01-03 21:09:18.623 19225 19480 I global  :  RENO - ChassisWith4Motors.setPowerWithPIDControl(ChassisWith4Motors.java:551): power = 0.40, correction = -0.08, global angle = 1.927, last angle = -42.67
01-03 21:09:18.642 19225 19480 I global  :  RENO - ChassisWith4Motors.setPowerWithPIDControl(ChassisWith4Motors.java:551): power = 0.40, correction = -0.08, global angle = 1.874, last angle = -42.72
01-03 21:09:18.661 19225 19480 I global  :  RENO - ChassisWith4Motors.setPowerWithPIDControl(ChassisWith4Motors.java:551): power = 0.40, correction = -0.07, global angle = 1.877, last angle = -42.72
01-03 21:09:18.678 19225 19480 I global  :  RENO - ChassisWith4Motors.setPowerWithPIDControl(ChassisWith4Motors.java:551): power = 0.40, correction = -0.08, global angle = 1.884, last angle = -42.71
01-03 21:09:18.697 19225 19480 I global  :  RENO - ChassisWith4Motors.setPowerWithPIDControl(ChassisWith4Motors.java:551): power = 0.40, correction = -0.08, global angle = 1.897, last angle = -42.70
01-03 21:09:18.720 19225 19480 I global  :  RENO - ChassisWith4Motors.setPowerWithPIDControl(ChassisWith4Motors.java:551): power = 0.40, correction = -0.07, global angle = 1.838, last angle = -42.76
01-03 21:09:18.740 19225 19480 I global  :  RENO - ChassisWith4Motors.setPowerWithPIDControl(ChassisWith4Motors.java:551): power = 0.40, correction = -0.07, global angle = 1.671, last angle = -42.92
01-03 21:09:18.757 19225 19480 I global  :  RENO - ChassisWith4Motors.setPowerWithPIDControl(ChassisWith4Motors.java:551): power = 0.40, correction = -0.06, global angle = 1.516, last angle = -43.08
01-03 21:09:18.775 19225 19480 I global  :  RENO - ChassisWith4Motors.setPowerWithPIDControl(ChassisWith4Motors.java:551): power = 0.40, correction = -0.06, global angle = 1.327, last angle = -43.27
01-03 21:09:18.794 19225 19480 I global  :  RENO - ChassisWith4Motors.setPowerWithPIDControl(ChassisWith4Motors.java:551): power = 0.40, correction = -0.05, global angle = 1.070, last angle = -43.52
01-03 21:09:18.811 19225 19480 I global  :  RENO - ChassisWith4Motors.setPowerWithPIDControl(ChassisWith4Motors.java:551): power = 0.40, correction = -0.04, global angle = 0.812, last angle = -43.78
01-03 21:09:18.828 19225 19480 I global  :  RENO - ChassisWith4Motors.setPowerWithPIDControl(ChassisWith4Motors.java:551): power = 0.40, correction = -0.03, global angle = 0.720, last angle = -43.87
01-03 21:09:18.847 19225 19480 I global  :  RENO - ChassisWith4Motors.setPowerWithPIDControl(ChassisWith4Motors.java:551): power = 0.40, correction = -0.02, global angle = 0.541, last angle = -44.05
01-03 21:09:18.867 19225 19480 I global  :  RENO - ChassisWith4Motors.setPowerWithPIDControl(ChassisWith4Motors.java:551): power = 0.40, correction = -0.02, global angle = 0.457, last angle = -44.14
01-03 21:09:18.884 19225 19480 I global  :  RENO - ChassisWith4Motors.setPowerWithPIDControl(ChassisWith4Motors.java:551): power = 0.40, correction = -0.02, global angle = 0.478, last angle = -44.12
01-03 21:09:18.903 19225 19480 I global  :  RENO - ChassisWith4Motors.setPowerWithPIDControl(ChassisWith4Motors.java:551): power = 0.40, correction = -0.02, global angle = 0.580, last angle = -44.02
01-03 21:09:18.922 19225 19480 I global  :  RENO - ChassisWith4Motors.setPowerWithPIDControl(ChassisWith4Motors.java:564): Drive power = 0.40, global angle = 0.743
01-03 21:09:18.938 19225 19480 I global  :  RENO - ChassisWith4Motors.runToPosition(ChassisWith4Motors.java:625): Required moving distance 5.50.
01-03 21:09:18.939 19225 19480 I global  :  RENO - ChassisWith4Motors.runToPosition(ChassisWith4Motors.java:626): Target Position = 235
01-03 21:09:18.940 19225 19480 I global  :  RENO - ChassisWith4Motors.runToPosition(ChassisWith4Motors.java:627): PID = 1
01-03 21:09:18.944 19225 19480 I global  :  RENO - ChassisWith4Motors.runToPosition(ChassisWith4Motors.java:628): Current Position after moving, FL = 0, FR= 9, BL = 8, BR = 13
01-03 21:09:18.953 19225 19480 I global  :  RENO - AutonomousRight.autoUnloadCone(AutonomousRight.java:324): Auto unload - Cone has been unloaded.
01-03 21:09:18.955 19225 19480 I global  :  RENO - AutonomousRight.autonomousCore(AutonomousRight.java:280): Autonomous - cone 4 has been unloaded.
01-03 21:09:18.996 19225 19480 I global  :  RENO - ChassisWith4Motors.rotate(ChassisWith4Motors.java:427): Positions: FL = 3, FR = 7, BL = 3, BR = 5
01-03 21:09:18.999 19225 19480 I global  :  RENO - ChassisWith4Motors.rotate(ChassisWith4Motors.java:429): Powers: FL = 0.66, FR = -0.66, BL = 0.66, BR = -0.66
01-03 21:09:19.013 19225 19480 I global  :  RENO - ChassisWith4Motors.rotate(ChassisWith4Motors.java:427): Positions: FL = 9, FR = 15, BL = 6, BR = 8
01-03 21:09:19.016 19225 19480 I global  :  RENO - ChassisWith4Motors.rotate(ChassisWith4Motors.java:429): Powers: FL = 0.66, FR = -0.66, BL = 0.66, BR = -0.66
01-03 21:09:19.031 19225 19480 I global  :  RENO - ChassisWith4Motors.rotate(ChassisWith4Motors.java:427): Positions: FL = 26, FR = 11, BL = 18, BR = 0
01-03 21:09:19.032 19225 19480 I global  :  RENO - ChassisWith4Motors.rotate(ChassisWith4Motors.java:429): Powers: FL = 0.66, FR = -0.66, BL = 0.66, BR = -0.66
01-03 21:09:19.047 19225 19480 I global  :  RENO - ChassisWith4Motors.rotate(ChassisWith4Motors.java:427): Positions: FL = 44, FR = 3, BL = 33, BR = 14
01-03 21:09:19.050 19225 19480 I global  :  RENO - ChassisWith4Motors.rotate(ChassisWith4Motors.java:429): Powers: FL = 0.66, FR = -0.66, BL = 0.66, BR = -0.66
01-03 21:09:19.067 19225 19480 I global  :  RENO - ChassisWith4Motors.rotate(ChassisWith4Motors.java:427): Positions: FL = 68, FR = 9, BL = 53, BR = 33
01-03 21:09:19.069 19225 19480 I global  :  RENO - ChassisWith4Motors.rotate(ChassisWith4Motors.java:429): Powers: FL = 0.65, FR = -0.65, BL = 0.65, BR = -0.65
01-03 21:09:19.084 19225 19480 I global  :  RENO - ChassisWith4Motors.rotate(ChassisWith4Motors.java:427): Positions: FL = 94, FR = 25, BL = 76, BR = 55
01-03 21:09:19.085 19225 19480 I global  :  RENO - ChassisWith4Motors.rotate(ChassisWith4Motors.java:429): Powers: FL = 0.00, FR = -0.69, BL = 0.00, BR = -0.69
01-03 21:09:19.100 19225 19480 I global  :  RENO - ChassisWith4Motors.rotate(ChassisWith4Motors.java:427): Positions: FL = 118, FR = 41, BL = 99, BR = 75
01-03 21:09:19.101 19225 19480 I global  :  RENO - ChassisWith4Motors.rotate(ChassisWith4Motors.java:429): Powers: FL = 0.00, FR = -0.67, BL = 0.00, BR = -0.67
01-03 21:09:19.112 19225 19480 I global  :  RENO - ChassisWith4Motors.rotate(ChassisWith4Motors.java:427): Positions: FL = 128, FR = 54, BL = 111, BR = 89
01-03 21:09:19.113 19225 19480 I global  :  RENO - ChassisWith4Motors.rotate(ChassisWith4Motors.java:429): Powers: FL = 0.00, FR = -0.65, BL = 0.00, BR = -0.65
01-03 21:09:19.123 19225 19480 I global  :  RENO - ChassisWith4Motors.rotate(ChassisWith4Motors.java:427): Positions: FL = 134, FR = 70, BL = 118, BR = 103
01-03 21:09:19.125 19225 19480 I global  :  RENO - ChassisWith4Motors.rotate(ChassisWith4Motors.java:429): Powers: FL = 0.00, FR = -0.61, BL = 0.15, BR = -0.61
01-03 21:09:19.142 19225 19480 I global  :  RENO - ChassisWith4Motors.rotate(ChassisWith4Motors.java:427): Positions: FL = 138, FR = 89, BL = 124, BR = 120
01-03 21:09:19.144 19225 19480 I global  :  RENO - ChassisWith4Motors.rotate(ChassisWith4Motors.java:429): Powers: FL = 0.00, FR = -0.59, BL = 0.32, BR = -0.45
01-03 21:09:19.155 19225 19480 I global  :  RENO - ChassisWith4Motors.rotate(ChassisWith4Motors.java:427): Positions: FL = 145, FR = 114, BL = 132, BR = 142
01-03 21:09:19.157 19225 19480 I global  :  RENO - ChassisWith4Motors.rotate(ChassisWith4Motors.java:429): Powers: FL = 0.17, FR = -0.55, BL = 0.52, BR = -0.25
01-03 21:09:19.171 19225 19480 I global  :  RENO - ChassisWith4Motors.rotate(ChassisWith4Motors.java:427): Positions: FL = 151, FR = 133, BL = 142, BR = 159
01-03 21:09:19.173 19225 19480 I global  :  RENO - ChassisWith4Motors.rotate(ChassisWith4Motors.java:429): Powers: FL = 0.35, FR = -0.53, BL = 0.53, BR = -0.16
01-03 21:09:19.184 19225 19480 I global  :  RENO - ChassisWith4Motors.rotate(ChassisWith4Motors.java:427): Positions: FL = 164, FR = 150, BL = 157, BR = 175
01-03 21:09:19.186 19225 19480 I global  :  RENO - ChassisWith4Motors.rotate(ChassisWith4Motors.java:429): Powers: FL = 0.38, FR = -0.49, BL = 0.49, BR = -0.13
01-03 21:09:19.202 19225 19480 I global  :  RENO - ChassisWith4Motors.rotate(ChassisWith4Motors.java:427): Positions: FL = 179, FR = 166, BL = 175, BR = 189
01-03 21:09:19.203 19225 19480 I global  :  RENO - ChassisWith4Motors.rotate(ChassisWith4Motors.java:429): Powers: FL = 0.39, FR = -0.47, BL = 0.47, BR = -0.18
01-03 21:09:19.220 19225 19480 I global  :  RENO - ChassisWith4Motors.rotate(ChassisWith4Motors.java:427): Positions: FL = 198, FR = 185, BL = 196, BR = 207
01-03 21:09:19.222 19225 19480 I global  :  RENO - ChassisWith4Motors.rotate(ChassisWith4Motors.java:429): Powers: FL = 0.36, FR = -0.44, BL = 0.40, BR = -0.20
01-03 21:09:19.234 19225 19480 I global  :  RENO - ChassisWith4Motors.rotate(ChassisWith4Motors.java:427): Positions: FL = 214, FR = 202, BL = 212, BR = 224
01-03 21:09:19.235 19225 19480 I global  :  RENO - ChassisWith4Motors.rotate(ChassisWith4Motors.java:429): Powers: FL = 0.35, FR = -0.41, BL = 0.39, BR = -0.18
01-03 21:09:19.249 19225 19480 I global  :  RENO - ChassisWith4Motors.rotate(ChassisWith4Motors.java:427): Positions: FL = 226, FR = 216, BL = 225, BR = 240
01-03 21:09:19.250 19225 19480 I global  :  RENO - ChassisWith4Motors.rotate(ChassisWith4Motors.java:429): Powers: FL = 0.35, FR = -0.39, BL = 0.37, BR = -0.13
01-03 21:09:19.262 19225 19480 I global  :  RENO - ChassisWith4Motors.rotate(ChassisWith4Motors.java:427): Positions: FL = 240, FR = 231, BL = 238, BR = 257
01-03 21:09:19.264 19225 19480 I global  :  RENO - ChassisWith4Motors.rotate(ChassisWith4Motors.java:429): Powers: FL = 0.35, FR = -0.37, BL = 0.37, BR = -0.10
01-03 21:09:19.276 19225 19480 I global  :  RENO - ChassisWith4Motors.rotate(ChassisWith4Motors.java:427): Positions: FL = 252, FR = 245, BL = 249, BR = 273
01-03 21:09:19.277 19225 19480 I global  :  RENO - ChassisWith4Motors.rotate(ChassisWith4Motors.java:429): Powers: FL = 0.34, FR = -0.34, BL = 0.34, BR = -0.04
01-03 21:09:19.290 19225 19480 I global  :  RENO - ChassisWith4Motors.rotate(ChassisWith4Motors.java:427): Positions: FL = 264, FR = 259, BL = 261, BR = 287
01-03 21:09:19.292 19225 19480 I global  :  RENO - ChassisWith4Motors.rotate(ChassisWith4Motors.java:429): Powers: FL = 0.32, FR = -0.32, BL = 0.32, BR = -0.02
01-03 21:09:19.304 19225 19480 I global  :  RENO - ChassisWith4Motors.rotate(ChassisWith4Motors.java:427): Positions: FL = 278, FR = 275, BL = 274, BR = 304
01-03 21:09:19.306 19225 19480 I global  :  RENO - ChassisWith4Motors.rotate(ChassisWith4Motors.java:429): Powers: FL = 0.29, FR = -0.29, BL = 0.29, BR = -0.00
01-03 21:09:19.320 19225 19480 I global  :  RENO - ChassisWith4Motors.rotate(ChassisWith4Motors.java:427): Positions: FL = 290, FR = 290, BL = 286, BR = 317
01-03 21:09:19.321 19225 19480 I global  :  RENO - ChassisWith4Motors.rotate(ChassisWith4Motors.java:429): Powers: FL = 0.27, FR = -0.27, BL = 0.27, BR = -0.00
01-03 21:09:19.334 19225 19480 I global  :  RENO - ChassisWith4Motors.rotate(ChassisWith4Motors.java:427): Positions: FL = 302, FR = 304, BL = 297, BR = 327
01-03 21:09:19.335 19225 19480 I global  :  RENO - ChassisWith4Motors.rotate(ChassisWith4Motors.java:429): Powers: FL = 0.24, FR = -0.24, BL = 0.24, BR = -0.00
01-03 21:09:19.349 19225 19480 I global  :  RENO - ChassisWith4Motors.rotate(ChassisWith4Motors.java:427): Positions: FL = 314, FR = 319, BL = 308, BR = 334
01-03 21:09:19.350 19225 19480 I global  :  RENO - ChassisWith4Motors.rotate(ChassisWith4Motors.java:429): Powers: FL = 0.23, FR = -0.20, BL = 0.23, BR = -0.03
01-03 21:09:19.363 19225 19480 I global  :  RENO - ChassisWith4Motors.rotate(ChassisWith4Motors.java:427): Positions: FL = 328, FR = 335, BL = 320, BR = 342
01-03 21:09:19.365 19225 19480 I global  :  RENO - ChassisWith4Motors.rotate(ChassisWith4Motors.java:429): Powers: FL = 0.23, FR = -0.17, BL = 0.23, BR = -0.09
01-03 21:09:19.374 19225 19480 I global  :  RENO - ChassisWith4Motors.rotate(ChassisWith4Motors.java:427): Positions: FL = 338, FR = 346, BL = 328, BR = 348
01-03 21:09:19.376 19225 19480 I global  :  RENO - ChassisWith4Motors.rotate(ChassisWith4Motors.java:429): Powers: FL = 0.23, FR = -0.15, BL = 0.23, BR = -0.13
01-03 21:09:19.385 19225 19480 I global  :  RENO - ChassisWith4Motors.rotate(ChassisWith4Motors.java:427): Positions: FL = 347, FR = 356, BL = 335, BR = 356
01-03 21:09:19.386 19225 19480 I global  :  RENO - ChassisWith4Motors.rotate(ChassisWith4Motors.java:429): Powers: FL = 0.22, FR = -0.13, BL = 0.23, BR = -0.13
01-03 21:09:19.399 19225 19480 I global  :  RENO - ChassisWith4Motors.rotate(ChassisWith4Motors.java:427): Positions: FL = 356, FR = 365, BL = 342, BR = 365
01-03 21:09:19.400 19225 19480 I global  :  RENO - ChassisWith4Motors.rotate(ChassisWith4Motors.java:429): Powers: FL = 0.22, FR = -0.13, BL = 0.23, BR = -0.13
01-03 21:09:19.412 19225 19480 I global  :  RENO - ChassisWith4Motors.rotate(ChassisWith4Motors.java:427): Positions: FL = 368, FR = 375, BL = 350, BR = 375
01-03 21:09:19.413 19225 19480 I global  :  RENO - ChassisWith4Motors.rotate(ChassisWith4Motors.java:429): Powers: FL = 0.20, FR = -0.13, BL = 0.23, BR = -0.13
01-03 21:09:19.424 19225 19480 I global  :  RENO - ChassisWith4Motors.rotate(ChassisWith4Motors.java:427): Positions: FL = 377, FR = 382, BL = 357, BR = 383
01-03 21:09:19.426 19225 19480 I global  :  RENO - ChassisWith4Motors.rotate(ChassisWith4Motors.java:429): Powers: FL = 0.18, FR = -0.13, BL = 0.23, BR = -0.12
01-03 21:09:19.437 19225 19480 I global  :  RENO - ChassisWith4Motors.rotate(ChassisWith4Motors.java:427): Positions: FL = 386, FR = 389, BL = 363, BR = 391
01-03 21:09:19.438 19225 19480 I global  :  RENO - ChassisWith4Motors.rotate(ChassisWith4Motors.java:429): Powers: FL = 0.17, FR = -0.14, BL = 0.23, BR = -0.13
01-03 21:09:19.451 19225 19480 I global  :  RENO - ChassisWith4Motors.rotate(ChassisWith4Motors.java:427): Positions: FL = 395, FR = 397, BL = 370, BR = 399
01-03 21:09:19.453 19225 19480 I global  :  RENO - ChassisWith4Motors.rotate(ChassisWith4Motors.java:429): Powers: FL = 0.16, FR = -0.15, BL = 0.23, BR = -0.13
01-03 21:09:19.464 19225 19480 I global  :  RENO - ChassisWith4Motors.rotate(ChassisWith4Motors.java:427): Positions: FL = 405, FR = 406, BL = 378, BR = 406
01-03 21:09:19.466 19225 19480 I global  :  RENO - ChassisWith4Motors.rotate(ChassisWith4Motors.java:429): Powers: FL = 0.15, FR = -0.14, BL = 0.23, BR = -0.14
01-03 21:09:19.479 19225 19480 I global  :  RENO - ChassisWith4Motors.rotate(ChassisWith4Motors.java:427): Positions: FL = 414, FR = 414, BL = 385, BR = 412
01-03 21:09:19.481 19225 19480 I global  :  RENO - ChassisWith4Motors.rotate(ChassisWith4Motors.java:429): Powers: FL = 0.14, FR = -0.14, BL = 0.23, BR = -0.16
01-03 21:09:19.498 19225 19480 I global  :  RENO - ChassisWith4Motors.rotate(ChassisWith4Motors.java:427): Positions: FL = 426, FR = 427, BL = 394, BR = 420
01-03 21:09:19.499 19225 19480 I global  :  RENO - ChassisWith4Motors.rotate(ChassisWith4Motors.java:429): Powers: FL = 0.12, FR = -0.11, BL = 0.23, BR = -0.18
01-03 21:09:19.511 19225 19480 I global  :  RENO - ChassisWith4Motors.rotate(ChassisWith4Motors.java:427): Positions: FL = 434, FR = 436, BL = 401, BR = 426
01-03 21:09:19.513 19225 19480 I global  :  RENO - ChassisWith4Motors.rotate(ChassisWith4Motors.java:429): Powers: FL = 0.13, FR = -0.11, BL = 0.23, BR = -0.19
01-03 21:09:19.524 19225 19480 I global  :  RENO - ChassisWith4Motors.rotate(ChassisWith4Motors.java:427): Positions: FL = 442, FR = 444, BL = 408, BR = 431
01-03 21:09:19.526 19225 19480 I global  :  RENO - ChassisWith4Motors.rotate(ChassisWith4Motors.java:429): Powers: FL = 0.12, FR = -0.10, BL = 0.23, BR = -0.21
01-03 21:09:19.538 19225 19480 I global  :  RENO - ChassisWith4Motors.rotate(ChassisWith4Motors.java:427): Positions: FL = 450, FR = 452, BL = 415, BR = 437
01-03 21:09:19.540 19225 19480 I global  :  RENO - ChassisWith4Motors.rotate(ChassisWith4Motors.java:429): Powers: FL = 0.11, FR = -0.09, BL = 0.23, BR = -0.22
01-03 21:09:19.555 19225 19480 I global  :  RENO - ChassisWith4Motors.rotate(ChassisWith4Motors.java:445): IMU angle before turn stop -89.42.
01-03 21:09:19.556 19225 19480 I global  :  RENO - ChassisWith4Motors.rotate(ChassisWith4Motors.java:446): Rotated angle is -46.19.
01-03 21:09:19.562 19225 19480 I global  :  RENO - ChassisWith4Motors.rotate(ChassisWith4Motors.java:451): Required turning degrees: -46.54.
01-03 21:09:19.563 19225 19480 I global  :  RENO - ChassisWith4Motors.rotate(ChassisWith4Motors.java:452): IMU angle after turning stop is -89.98.
01-03 21:09:19.564 19225 19480 I global  :  RENO - ChassisWith4Motors.rotateIMUTargetAngle(ChassisWith4Motors.java:363): imu angle before rotation: -43.46
01-03 21:09:19.612 19225 19480 I global  :  RENO - ChassisWith4Motors.setPowerWithPIDControl(ChassisWith4Motors.java:545): tDistance = -23.00, currLocation = 0.07
01-03 21:09:19.614 19225 19480 I global  :  RENO - ChassisWith4Motors.setPowerWithPIDControl(ChassisWith4Motors.java:546): rampUpPower = 0.35, rampDownPower = 0.88
01-03 21:09:19.620 19225 19480 I global  :  RENO - ChassisWith4Motors.setPowerWithPIDControl(ChassisWith4Motors.java:551): power = 0.35, correction = 0.09, global angle = -2.490, last angle = -92.47
01-03 21:09:19.634 19225 19480 I global  :  RENO - ChassisWith4Motors.setPowerWithPIDControl(ChassisWith4Motors.java:545): tDistance = -23.00, currLocation = 0.08
01-03 21:09:19.635 19225 19480 I global  :  RENO - ChassisWith4Motors.setPowerWithPIDControl(ChassisWith4Motors.java:546): rampUpPower = 0.35, rampDownPower = 0.88
01-03 21:09:19.641 19225 19480 I global  :  RENO - ChassisWith4Motors.setPowerWithPIDControl(ChassisWith4Motors.java:551): power = 0.35, correction = 0.10, global angle = -2.632, last angle = -92.61
01-03 21:09:19.656 19225 19480 I global  :  RENO - ChassisWith4Motors.setPowerWithPIDControl(ChassisWith4Motors.java:545): tDistance = -23.00, currLocation = 0.06
01-03 21:09:19.657 19225 19480 I global  :  RENO - ChassisWith4Motors.setPowerWithPIDControl(ChassisWith4Motors.java:546): rampUpPower = 0.35, rampDownPower = 0.88
01-03 21:09:19.664 19225 19480 I global  :  RENO - ChassisWith4Motors.setPowerWithPIDControl(ChassisWith4Motors.java:551): power = 0.35, correction = 0.11, global angle = -2.618, last angle = -92.60
01-03 21:09:19.680 19225 19480 I global  :  RENO - ChassisWith4Motors.setPowerWithPIDControl(ChassisWith4Motors.java:545): tDistance = -23.00, currLocation = 0.19
01-03 21:09:19.682 19225 19480 I global  :  RENO - ChassisWith4Motors.setPowerWithPIDControl(ChassisWith4Motors.java:546): rampUpPower = 0.36, rampDownPower = 0.88
01-03 21:09:19.687 19225 19480 I global  :  RENO - ChassisWith4Motors.setPowerWithPIDControl(ChassisWith4Motors.java:551): power = 0.36, correction = 0.10, global angle = -2.507, last angle = -92.49
01-03 21:09:19.703 19225 19480 I global  :  RENO - ChassisWith4Motors.setPowerWithPIDControl(ChassisWith4Motors.java:545): tDistance = -23.00, currLocation = 0.32
01-03 21:09:19.704 19225 19480 I global  :  RENO - ChassisWith4Motors.setPowerWithPIDControl(ChassisWith4Motors.java:546): rampUpPower = 0.37, rampDownPower = 0.88
01-03 21:09:19.710 19225 19480 I global  :  RENO - ChassisWith4Motors.setPowerWithPIDControl(ChassisWith4Motors.java:551): power = 0.37, correction = 0.09, global angle = -2.288, last angle = -92.27
01-03 21:09:19.726 19225 19480 I global  :  RENO - ChassisWith4Motors.setPowerWithPIDControl(ChassisWith4Motors.java:545): tDistance = -23.00, currLocation = 0.48
01-03 21:09:19.728 19225 19480 I global  :  RENO - ChassisWith4Motors.setPowerWithPIDControl(ChassisWith4Motors.java:546): rampUpPower = 0.38, rampDownPower = 0.88
01-03 21:09:19.733 19225 19480 I global  :  RENO - ChassisWith4Motors.setPowerWithPIDControl(ChassisWith4Motors.java:551): power = 0.38, correction = 0.09, global angle = -1.976, last angle = -91.96
01-03 21:09:19.747 19225 19480 I global  :  RENO - ChassisWith4Motors.setPowerWithPIDControl(ChassisWith4Motors.java:545): tDistance = -23.00, currLocation = 0.66
01-03 21:09:19.748 19225 19480 I global  :  RENO - ChassisWith4Motors.setPowerWithPIDControl(ChassisWith4Motors.java:546): rampUpPower = 0.38, rampDownPower = 0.88
01-03 21:09:19.754 19225 19480 I global  :  RENO - ChassisWith4Motors.setPowerWithPIDControl(ChassisWith4Motors.java:551): power = 0.38, correction = 0.07, global angle = -1.691, last angle = -91.67
01-03 21:09:19.767 19225 19480 I global  :  RENO - ChassisWith4Motors.setPowerWithPIDControl(ChassisWith4Motors.java:545): tDistance = -23.00, currLocation = 0.87
01-03 21:09:19.768 19225 19480 I global  :  RENO - ChassisWith4Motors.setPowerWithPIDControl(ChassisWith4Motors.java:546): rampUpPower = 0.40, rampDownPower = 0.88
01-03 21:09:19.774 19225 19480 I global  :  RENO - ChassisWith4Motors.setPowerWithPIDControl(ChassisWith4Motors.java:551): power = 0.40, correction = 0.06, global angle = -1.378, last angle = -91.36
01-03 21:09:19.787 19225 19480 I global  :  RENO - ChassisWith4Motors.setPowerWithPIDControl(ChassisWith4Motors.java:545): tDistance = -23.00, currLocation = 1.11
01-03 21:09:19.788 19225 19480 I global  :  RENO - ChassisWith4Motors.setPowerWithPIDControl(ChassisWith4Motors.java:546): rampUpPower = 0.41, rampDownPower = 0.88
01-03 21:09:19.795 19225 19480 I global  :  RENO - ChassisWith4Motors.setPowerWithPIDControl(ChassisWith4Motors.java:551): power = 0.41, correction = 0.05, global angle = -1.039, last angle = -91.02
01-03 21:09:19.809 19225 19480 I global  :  RENO - ChassisWith4Motors.setPowerWithPIDControl(ChassisWith4Motors.java:545): tDistance = -23.00, currLocation = 1.37
01-03 21:09:19.810 19225 19480 I global  :  RENO - ChassisWith4Motors.setPowerWithPIDControl(ChassisWith4Motors.java:546): rampUpPower = 0.42, rampDownPower = 0.88
01-03 21:09:19.816 19225 19480 I global  :  RENO - ChassisWith4Motors.setPowerWithPIDControl(ChassisWith4Motors.java:551): power = 0.42, correction = 0.03, global angle = -0.813, last angle = -90.79
01-03 21:09:19.830 19225 19480 I global  :  RENO - ChassisWith4Motors.setPowerWithPIDControl(ChassisWith4Motors.java:545): tDistance = -23.00, currLocation = 1.65
01-03 21:09:19.831 19225 19480 I global  :  RENO - ChassisWith4Motors.setPowerWithPIDControl(ChassisWith4Motors.java:546): rampUpPower = 0.44, rampDownPower = 0.88
01-03 21:09:19.836 19225 19480 I global  :  RENO - ChassisWith4Motors.setPowerWithPIDControl(ChassisWith4Motors.java:551): power = 0.44, correction = 0.02, global angle = -0.456, last angle = -90.44
01-03 21:09:19.848 19225 19480 I global  :  RENO - ChassisWith4Motors.setPowerWithPIDControl(ChassisWith4Motors.java:545): tDistance = -23.00, currLocation = 1.90
01-03 21:09:19.850 19225 19480 I global  :  RENO - ChassisWith4Motors.setPowerWithPIDControl(ChassisWith4Motors.java:546): rampUpPower = 0.45, rampDownPower = 0.88
01-03 21:09:19.856 19225 19480 I global  :  RENO - ChassisWith4Motors.setPowerWithPIDControl(ChassisWith4Motors.java:551): power = 0.45, correction = 0.02, global angle = -0.376, last angle = -90.36
01-03 21:09:19.869 19225 19480 I global  :  RENO - ChassisWith4Motors.setPowerWithPIDControl(ChassisWith4Motors.java:545): tDistance = -23.00, currLocation = 2.20
01-03 21:09:19.871 19225 19480 I global  :  RENO - ChassisWith4Motors.setPowerWithPIDControl(ChassisWith4Motors.java:546): rampUpPower = 0.47, rampDownPower = 0.88
01-03 21:09:19.876 19225 19480 I global  :  RENO - ChassisWith4Motors.setPowerWithPIDControl(ChassisWith4Motors.java:551): power = 0.47, correction = 0.01, global angle = -0.069, last angle = -90.05
01-03 21:09:19.889 19225 19480 I global  :  RENO - ChassisWith4Motors.setPowerWithPIDControl(ChassisWith4Motors.java:545): tDistance = -23.00, currLocation = 2.52
01-03 21:09:19.891 19225 19480 I global  :  RENO - ChassisWith4Motors.setPowerWithPIDControl(ChassisWith4Motors.java:546): rampUpPower = 0.48, rampDownPower = 0.88
01-03 21:09:19.897 19225 19480 I global  :  RENO - ChassisWith4Motors.setPowerWithPIDControl(ChassisWith4Motors.java:551): power = 0.48, correction = -0.00, global angle = 0.070, last angle = -89.91
01-03 21:09:19.911 19225 19480 I global  :  RENO - ChassisWith4Motors.setPowerWithPIDControl(ChassisWith4Motors.java:545): tDistance = -23.00, currLocation = 2.89
01-03 21:09:19.912 19225 19480 I global  :  RENO - ChassisWith4Motors.setPowerWithPIDControl(ChassisWith4Motors.java:546): rampUpPower = 0.50, rampDownPower = 0.88
01-03 21:09:19.918 19225 19480 I global  :  RENO - ChassisWith4Motors.setPowerWithPIDControl(ChassisWith4Motors.java:551): power = 0.50, correction = -0.00, global angle = 0.165, last angle = -89.82
01-03 21:09:19.934 19225 19480 I global  :  RENO - ChassisWith4Motors.setPowerWithPIDControl(ChassisWith4Motors.java:545): tDistance = -23.00, currLocation = 3.30
01-03 21:09:19.935 19225 19480 I global  :  RENO - ChassisWith4Motors.setPowerWithPIDControl(ChassisWith4Motors.java:546): rampUpPower = 0.52, rampDownPower = 0.88
01-03 21:09:19.941 19225 19480 I global  :  RENO - ChassisWith4Motors.setPowerWithPIDControl(ChassisWith4Motors.java:551): power = 0.52, correction = -0.01, global angle = 0.181, last angle = -89.80
01-03 21:09:19.958 19225 19480 I global  :  RENO - ChassisWith4Motors.setPowerWithPIDControl(ChassisWith4Motors.java:545): tDistance = -23.00, currLocation = 3.76
01-03 21:09:19.960 19225 19480 I global  :  RENO - ChassisWith4Motors.setPowerWithPIDControl(ChassisWith4Motors.java:546): rampUpPower = 0.55, rampDownPower = 0.88
01-03 21:09:19.966 19225 19480 I global  :  RENO - ChassisWith4Motors.setPowerWithPIDControl(ChassisWith4Motors.java:551): power = 0.55, correction = -0.01, global angle = 0.137, last angle = -89.84
01-03 21:09:19.979 19225 19480 I global  :  RENO - ChassisWith4Motors.setPowerWithPIDControl(ChassisWith4Motors.java:545): tDistance = -23.00, currLocation = 4.22
01-03 21:09:19.981 19225 19480 I global  :  RENO - ChassisWith4Motors.setPowerWithPIDControl(ChassisWith4Motors.java:546): rampUpPower = 0.57, rampDownPower = 0.88
01-03 21:09:19.988 19225 19480 I global  :  RENO - ChassisWith4Motors.setPowerWithPIDControl(ChassisWith4Motors.java:551): power = 0.57, correction = -0.01, global angle = 0.153, last angle = -89.83
01-03 21:09:20.003 19225 19480 I global  :  RENO - ChassisWith4Motors.setPowerWithPIDControl(ChassisWith4Motors.java:545): tDistance = -23.00, currLocation = 4.76
01-03 21:09:20.005 19225 19480 I global  :  RENO - ChassisWith4Motors.setPowerWithPIDControl(ChassisWith4Motors.java:546): rampUpPower = 0.60, rampDownPower = 0.88
01-03 21:09:20.011 19225 19480 I global  :  RENO - ChassisWith4Motors.setPowerWithPIDControl(ChassisWith4Motors.java:551): power = 0.60, correction = -0.01, global angle = 0.129, last angle = -89.85
01-03 21:09:20.024 19225 19480 I global  :  RENO - ChassisWith4Motors.setPowerWithPIDControl(ChassisWith4Motors.java:545): tDistance = -23.00, currLocation = 5.23
01-03 21:09:20.025 19225 19480 I global  :  RENO - ChassisWith4Motors.setPowerWithPIDControl(ChassisWith4Motors.java:546): rampUpPower = 0.63, rampDownPower = 0.88
01-03 21:09:20.033 19225 19480 I global  :  RENO - ChassisWith4Motors.setPowerWithPIDControl(ChassisWith4Motors.java:551): power = 0.63, correction = -0.01, global angle = 0.135, last angle = -89.85
01-03 21:09:20.045 19225 19480 I global  :  RENO - ChassisWith4Motors.setPowerWithPIDControl(ChassisWith4Motors.java:545): tDistance = -23.00, currLocation = 5.75
01-03 21:09:20.046 19225 19480 I global  :  RENO - ChassisWith4Motors.setPowerWithPIDControl(ChassisWith4Motors.java:546): rampUpPower = 0.66, rampDownPower = 0.88
01-03 21:09:20.052 19225 19480 I global  :  RENO - ChassisWith4Motors.setPowerWithPIDControl(ChassisWith4Motors.java:551): power = 0.66, correction = -0.01, global angle = 0.123, last angle = -89.86
01-03 21:09:20.065 19225 19480 I global  :  RENO - ChassisWith4Motors.setPowerWithPIDControl(ChassisWith4Motors.java:545): tDistance = -23.00, currLocation = 6.28
01-03 21:09:20.066 19225 19480 I global  :  RENO - ChassisWith4Motors.setPowerWithPIDControl(ChassisWith4Motors.java:546): rampUpPower = 0.68, rampDownPower = 0.88
01-03 21:09:20.072 19225 19480 I global  :  RENO - ChassisWith4Motors.setPowerWithPIDControl(ChassisWith4Motors.java:551): power = 0.68, correction = -0.00, global angle = 0.037, last angle = -89.94
01-03 21:09:20.086 19225 19480 I global  :  RENO - ChassisWith4Motors.setPowerWithPIDControl(ChassisWith4Motors.java:545): tDistance = -23.00, currLocation = 6.83
01-03 21:09:20.087 19225 19480 I global  :  RENO - ChassisWith4Motors.setPowerWithPIDControl(ChassisWith4Motors.java:546): rampUpPower = 0.71, rampDownPower = 0.88
01-03 21:09:20.094 19225 19480 I global  :  RENO - ChassisWith4Motors.setPowerWithPIDControl(ChassisWith4Motors.java:551): power = 0.71, correction = 0.00, global angle = -0.005, last angle = -89.99
01-03 21:09:20.110 19225 19480 I global  :  RENO - ChassisWith4Motors.setPowerWithPIDControl(ChassisWith4Motors.java:545): tDistance = -23.00, currLocation = 7.55
01-03 21:09:20.112 19225 19480 I global  :  RENO - ChassisWith4Motors.setPowerWithPIDControl(ChassisWith4Motors.java:546): rampUpPower = 0.75, rampDownPower = 0.88
01-03 21:09:20.118 19225 19480 I global  :  RENO - ChassisWith4Motors.setPowerWithPIDControl(ChassisWith4Motors.java:551): power = 0.75, correction = 0.00, global angle = -0.032, last angle = -90.01
01-03 21:09:20.130 19225 19480 I global  :  RENO - ChassisWith4Motors.setPowerWithPIDControl(ChassisWith4Motors.java:545): tDistance = -23.00, currLocation = 8.12
01-03 21:09:20.131 19225 19480 I global  :  RENO - ChassisWith4Motors.setPowerWithPIDControl(ChassisWith4Motors.java:546): rampUpPower = 0.78, rampDownPower = 0.88
01-03 21:09:20.137 19225 19480 I global  :  RENO - ChassisWith4Motors.setPowerWithPIDControl(ChassisWith4Motors.java:551): power = 0.78, correction = 0.00, global angle = -0.030, last angle = -90.01
01-03 21:09:20.149 19225 19480 I global  :  RENO - ChassisWith4Motors.setPowerWithPIDControl(ChassisWith4Motors.java:545): tDistance = -23.00, currLocation = 8.75
01-03 21:09:20.151 19225 19480 I global  :  RENO - ChassisWith4Motors.setPowerWithPIDControl(ChassisWith4Motors.java:546): rampUpPower = 0.81, rampDownPower = 0.88
01-03 21:09:20.157 19225 19480 I global  :  RENO - ChassisWith4Motors.setPowerWithPIDControl(ChassisWith4Motors.java:551): power = 0.81, correction = -0.00, global angle = 0.065, last angle = -89.92
01-03 21:09:20.172 19225 19480 I global  :  RENO - ChassisWith4Motors.setPowerWithPIDControl(ChassisWith4Motors.java:545): tDistance = -23.00, currLocation = 9.52
01-03 21:09:20.173 19225 19480 I global  :  RENO - ChassisWith4Motors.setPowerWithPIDControl(ChassisWith4Motors.java:546): rampUpPower = 0.85, rampDownPower = 0.88
01-03 21:09:20.180 19225 19480 I global  :  RENO - ChassisWith4Motors.setPowerWithPIDControl(ChassisWith4Motors.java:551): power = 0.85, correction = -0.01, global angle = 0.155, last angle = -89.83
01-03 21:09:20.192 19225 19480 I global  :  RENO - ChassisWith4Motors.setPowerWithPIDControl(ChassisWith4Motors.java:545): tDistance = -23.00, currLocation = 10.24
01-03 21:09:20.194 19225 19480 I global  :  RENO - ChassisWith4Motors.setPowerWithPIDControl(ChassisWith4Motors.java:546): rampUpPower = 0.88, rampDownPower = 0.88
01-03 21:09:20.200 19225 19480 I global  :  RENO - ChassisWith4Motors.setPowerWithPIDControl(ChassisWith4Motors.java:551): power = 0.88, correction = -0.00, global angle = 0.139, last angle = -89.84
01-03 21:09:20.214 19225 19480 I global  :  RENO - ChassisWith4Motors.setPowerWithPIDControl(ChassisWith4Motors.java:545): tDistance = -23.00, currLocation = 11.04
01-03 21:09:20.216 19225 19480 I global  :  RENO - ChassisWith4Motors.setPowerWithPIDControl(ChassisWith4Motors.java:546): rampUpPower = 0.88, rampDownPower = 0.88
01-03 21:09:20.221 19225 19480 I global  :  RENO - ChassisWith4Motors.setPowerWithPIDControl(ChassisWith4Motors.java:551): power = 0.88, correction = -0.01, global angle = 0.166, last angle = -89.81
01-03 21:09:20.240 19225 19480 I global  :  RENO - ChassisWith4Motors.setPowerWithPIDControl(ChassisWith4Motors.java:545): tDistance = -23.00, currLocation = 12.02
01-03 21:09:20.241 19225 19480 I global  :  RENO - ChassisWith4Motors.setPowerWithPIDControl(ChassisWith4Motors.java:546): rampUpPower = 0.88, rampDownPower = 0.88
01-03 21:09:20.247 19225 19480 I global  :  RENO - ChassisWith4Motors.setPowerWithPIDControl(ChassisWith4Motors.java:551): power = 0.88, correction = -0.01, global angle = 0.191, last angle = -89.79
01-03 21:09:20.259 19225 19480 I global  :  RENO - ChassisWith4Motors.setPowerWithPIDControl(ChassisWith4Motors.java:545): tDistance = -23.00, currLocation = 12.81
01-03 21:09:20.261 19225 19480 I global  :  RENO - ChassisWith4Motors.setPowerWithPIDControl(ChassisWith4Motors.java:546): rampUpPower = 0.88, rampDownPower = 0.88
01-03 21:09:20.267 19225 19480 I global  :  RENO - ChassisWith4Motors.setPowerWithPIDControl(ChassisWith4Motors.java:551): power = 0.88, correction = -0.01, global angle = 0.219, last angle = -89.76
01-03 21:09:20.281 19225 19480 I global  :  RENO - ChassisWith4Motors.setPowerWithPIDControl(ChassisWith4Motors.java:545): tDistance = -23.00, currLocation = 13.67
01-03 21:09:20.282 19225 19480 I global  :  RENO - ChassisWith4Motors.setPowerWithPIDControl(ChassisWith4Motors.java:546): rampUpPower = 0.88, rampDownPower = 0.34
01-03 21:09:20.288 19225 19480 I global  :  RENO - ChassisWith4Motors.setPowerWithPIDControl(ChassisWith4Motors.java:551): power = 0.34, correction = -0.01, global angle = 0.238, last angle = -89.74
01-03 21:09:20.301 19225 19480 I global  :  RENO - ChassisWith4Motors.setPowerWithPIDControl(ChassisWith4Motors.java:545): tDistance = -23.00, currLocation = 14.52
01-03 21:09:20.302 19225 19480 I global  :  RENO - ChassisWith4Motors.setPowerWithPIDControl(ChassisWith4Motors.java:546): rampUpPower = 0.88, rampDownPower = 0.33
01-03 21:09:20.308 19225 19480 I global  :  RENO - ChassisWith4Motors.setPowerWithPIDControl(ChassisWith4Motors.java:551): power = 0.33, correction = -0.01, global angle = 0.205, last angle = -89.78
01-03 21:09:20.320 19225 19480 I global  :  RENO - ChassisWith4Motors.setPowerWithPIDControl(ChassisWith4Motors.java:545): tDistance = -23.00, currLocation = 15.34
01-03 21:09:20.322 19225 19480 I global  :  RENO - ChassisWith4Motors.setPowerWithPIDControl(ChassisWith4Motors.java:546): rampUpPower = 0.88, rampDownPower = 0.32
01-03 21:09:20.328 19225 19480 I global  :  RENO - ChassisWith4Motors.setPowerWithPIDControl(ChassisWith4Motors.java:551): power = 0.32, correction = -0.00, global angle = 0.102, last angle = -89.88
01-03 21:09:20.341 19225 19480 I global  :  RENO - ChassisWith4Motors.setPowerWithPIDControl(ChassisWith4Motors.java:545): tDistance = -23.00, currLocation = 16.24
01-03 21:09:20.342 19225 19480 I global  :  RENO - ChassisWith4Motors.setPowerWithPIDControl(ChassisWith4Motors.java:546): rampUpPower = 0.88, rampDownPower = 0.30
01-03 21:09:20.348 19225 19480 I global  :  RENO - ChassisWith4Motors.setPowerWithPIDControl(ChassisWith4Motors.java:551): power = 0.30, correction = -0.00, global angle = 0.056, last angle = -89.92
01-03 21:09:20.362 19225 19480 I global  :  RENO - ChassisWith4Motors.setPowerWithPIDControl(ChassisWith4Motors.java:545): tDistance = -23.00, currLocation = 17.13
01-03 21:09:20.363 19225 19480 I global  :  RENO - ChassisWith4Motors.setPowerWithPIDControl(ChassisWith4Motors.java:546): rampUpPower = 0.88, rampDownPower = 0.29
01-03 21:09:20.369 19225 19480 I global  :  RENO - ChassisWith4Motors.setPowerWithPIDControl(ChassisWith4Motors.java:551): power = 0.29, correction = 0.00, global angle = -0.023, last angle = -90.00
01-03 21:09:20.381 19225 19480 I global  :  RENO - ChassisWith4Motors.setPowerWithPIDControl(ChassisWith4Motors.java:545): tDistance = -23.00, currLocation = 17.95
01-03 21:09:20.383 19225 19480 I global  :  RENO - ChassisWith4Motors.setPowerWithPIDControl(ChassisWith4Motors.java:546): rampUpPower = 0.88, rampDownPower = 0.28
01-03 21:09:20.389 19225 19480 I global  :  RENO - ChassisWith4Motors.setPowerWithPIDControl(ChassisWith4Motors.java:551): power = 0.28, correction = 0.00, global angle = -0.082, last angle = -90.06
01-03 21:09:20.403 19225 19480 I global  :  RENO - ChassisWith4Motors.setPowerWithPIDControl(ChassisWith4Motors.java:545): tDistance = -23.00, currLocation = 18.79
01-03 21:09:20.404 19225 19480 I global  :  RENO - ChassisWith4Motors.setPowerWithPIDControl(ChassisWith4Motors.java:546): rampUpPower = 0.88, rampDownPower = 0.26
01-03 21:09:20.410 19225 19480 I global  :  RENO - ChassisWith4Motors.setPowerWithPIDControl(ChassisWith4Motors.java:551): power = 0.26, correction = 0.01, global angle = -0.195, last angle = -90.18
01-03 21:09:20.424 19225 19480 I global  :  RENO - ChassisWith4Motors.setPowerWithPIDControl(ChassisWith4Motors.java:545): tDistance = -23.00, currLocation = 19.59
01-03 21:09:20.426 19225 19480 I global  :  RENO - ChassisWith4Motors.setPowerWithPIDControl(ChassisWith4Motors.java:546): rampUpPower = 0.88, rampDownPower = 0.25
01-03 21:09:20.432 19225 19480 I global  :  RENO - ChassisWith4Motors.setPowerWithPIDControl(ChassisWith4Motors.java:551): power = 0.25, correction = 0.01, global angle = -0.254, last angle = -90.23
01-03 21:09:20.446 19225 19480 I global  :  RENO - ChassisWith4Motors.setPowerWithPIDControl(ChassisWith4Motors.java:545): tDistance = -23.00, currLocation = 20.51
01-03 21:09:20.448 19225 19480 I global  :  RENO - ChassisWith4Motors.setPowerWithPIDControl(ChassisWith4Motors.java:546): rampUpPower = 0.88, rampDownPower = 0.24
01-03 21:09:20.455 19225 19480 I global  :  RENO - ChassisWith4Motors.setPowerWithPIDControl(ChassisWith4Motors.java:551): power = 0.24, correction = 0.01, global angle = -0.360, last angle = -90.34
01-03 21:09:20.469 19225 19480 I global  :  RENO - ChassisWith4Motors.setPowerWithPIDControl(ChassisWith4Motors.java:545): tDistance = -23.00, currLocation = 21.39
01-03 21:09:20.471 19225 19480 I global  :  RENO - ChassisWith4Motors.setPowerWithPIDControl(ChassisWith4Motors.java:546): rampUpPower = 0.88, rampDownPower = 0.22
01-03 21:09:20.478 19225 19480 I global  :  RENO - ChassisWith4Motors.setPowerWithPIDControl(ChassisWith4Motors.java:551): power = 0.22, correction = 0.01, global angle = -0.363, last angle = -90.34
01-03 21:09:20.491 19225 19480 I global  :  RENO - ChassisWith4Motors.setPowerWithPIDControl(ChassisWith4Motors.java:545): tDistance = -23.00, currLocation = 21.79
01-03 21:09:20.492 19225 19480 I global  :  RENO - ChassisWith4Motors.setPowerWithPIDControl(ChassisWith4Motors.java:546): rampUpPower = 0.88, rampDownPower = 0.22
01-03 21:09:20.498 19225 19480 I global  :  RENO - ChassisWith4Motors.setPowerWithPIDControl(ChassisWith4Motors.java:551): power = 0.22, correction = 0.02, global angle = -0.430, last angle = -90.41
01-03 21:09:20.511 19225 19480 I global  :  RENO - ChassisWith4Motors.setPowerWithPIDControl(ChassisWith4Motors.java:545): tDistance = -23.00, currLocation = 21.94
01-03 21:09:20.512 19225 19480 I global  :  RENO - ChassisWith4Motors.setPowerWithPIDControl(ChassisWith4Motors.java:546): rampUpPower = 0.88, rampDownPower = 0.22
01-03 21:09:20.518 19225 19480 I global  :  RENO - ChassisWith4Motors.setPowerWithPIDControl(ChassisWith4Motors.java:551): power = 0.22, correction = 0.02, global angle = -0.526, last angle = -90.51
01-03 21:09:20.532 19225 19480 I global  :  RENO - ChassisWith4Motors.setPowerWithPIDControl(ChassisWith4Motors.java:545): tDistance = -23.00, currLocation = 22.07
01-03 21:09:20.533 19225 19480 I global  :  RENO - ChassisWith4Motors.setPowerWithPIDControl(ChassisWith4Motors.java:546): rampUpPower = 0.88, rampDownPower = 0.21
01-03 21:09:20.539 19225 19480 I global  :  RENO - ChassisWith4Motors.setPowerWithPIDControl(ChassisWith4Motors.java:551): power = 0.21, correction = 0.02, global angle = -0.548, last angle = -90.53
01-03 21:09:20.552 19225 19480 I global  :  RENO - ChassisWith4Motors.setPowerWithPIDControl(ChassisWith4Motors.java:545): tDistance = -23.00, currLocation = 22.38
01-03 21:09:20.553 19225 19480 I global  :  RENO - ChassisWith4Motors.setPowerWithPIDControl(ChassisWith4Motors.java:546): rampUpPower = 0.88, rampDownPower = 0.21
01-03 21:09:20.559 19225 19480 I global  :  RENO - ChassisWith4Motors.setPowerWithPIDControl(ChassisWith4Motors.java:551): power = 0.21, correction = 0.03, global angle = -0.737, last angle = -90.72
01-03 21:09:20.579 19225 19480 I global  :  RENO - ChassisWith4Motors.setPowerWithPIDControl(ChassisWith4Motors.java:564): Drive power = 0.21, global angle = -0.898
01-03 21:09:20.599 19225 19480 I global  :  RENO - ChassisWith4Motors.runToPosition(ChassisWith4Motors.java:625): Required moving distance -23.00.
01-03 21:09:20.600 19225 19480 I global  :  RENO - ChassisWith4Motors.runToPosition(ChassisWith4Motors.java:626): Target Position = -984
01-03 21:09:20.601 19225 19480 I global  :  RENO - ChassisWith4Motors.runToPosition(ChassisWith4Motors.java:627): PID = -1
01-03 21:09:20.605 19225 19480 I global  :  RENO - ChassisWith4Motors.runToPosition(ChassisWith4Motors.java:628): Current Position after moving, FL = -7, FR= -11, BL = -10, BR = -8
01-03 21:09:20.606 19225 19480 I global  :  RENO - AutonomousRight.autonomousCore(AutonomousRight.java:292): Autonomous - Arrived at parking lot Mat: -23.00
01-03 21:09:20.613 19225 19480 I global  :  RENO - AutonomousRight.autonomousCore(AutonomousRight.java:295): Autonomous - Autonomous complete.
01-03 21:09:20.614 19225 19480 I global  :  RENO - AutonomousRight.runOpMode(AutonomousRight.java:194): Autonomous - total Run Time: 26.9742 seconds
01-03 21:09:20.631 19225 19480 D RobotCore: User runOpModeMethod exited
01-03 21:09:20.631 19225 19480 V RobotCore: thread: ...terminating 'OpModeThread'
01-03 21:09:20.633 19225 19363 I FtcEventLoop: auto-stopping OpMode 'Autonomous_Right'
01-03 21:09:20.634 19225 19363 I RobotCore: ******************** STOP - OPMODE /storage/emulated/0/FIRST/matchlogs/Match-0-Autonomous_Right.txt ********************
01-03 21:09:20.642 19225 19586 I RobotCore: saving match logcat to /storage/emulated/0/FIRST/matchlogs/Match-0-Autonomous_Right.txt
01-03 21:09:20.643 19225 19586 I RobotCore: logging command line: exec logcat -d -T '1-3 21:8:28.000' -f '/storage/emulated/0/FIRST/matchlogs/Match-0-Autonomous_Right.txt' -n4 -v threadtime UsbRequestJNI:S UsbRequest:S art:W ThreadPool:W System:W ExtendedExtractor:W OMXClient:W MediaPlayer:W dalvikvm:W  *:V
01-03 21:09:20.643 19225 19363 I RobotCore: Attempting to switch to op mode $Stop$Robot$
01-03 21:09:20.644 19225 19363 D HardwareMap: Clearing which device instances have been retrieved
01-03 21:09:20.644 19225 19363 D HardwareMap: Clearing which device instances have been retrieved
01-03 21:09:20.647 19225 19589 V RobotCore: thread: 'OpModeThread' starting...
01-03 21:09:20.657 19587 19587 I sh      : type=1400 audit(0.0:763): avc: denied { read } for name="/" dev="rootfs" ino=1 scontext=u:r:untrusted_app:s0:c512,c768 tcontext=u:object_r:rootfs:s0 tclass=dir permissive=1
01-03 21:09:20.657 19587 19587 I sh      : type=1400 audit(0.0:764): avc: denied { open } for path="/" dev="rootfs" ino=1 scontext=u:r:untrusted_app:s0:c512,c768 tcontext=u:object_r:rootfs:s0 tclass=dir permissive=1
01-03 21:09:20.669 19225 19338 V Robocol : sending CMD_STREAM_CHANGE(1372), attempt: 0
01-03 21:09:20.670 19225 19338 V Robocol : sending CMD_NOTIFY_INIT_OP_MODE(1379), attempt: 0
01-03 21:09:20.714 19225 19335 V Robocol : received command: CMD_RUN_OP_MODE(11325) $Stop$Robot$
01-03 21:09:20.749 19225 19338 V Robocol : sending CMD_NOTIFY_RUN_OP_MODE(1385), attempt: 0
01-03 21:09:20.784 19225 19586 I RobotCore: Done running exec logcat -d -T '1-3 21:8:28.000' -f '/storage/emulated/0/FIRST/matchlogs/Match-0-Autonomous_Right.txt' -n4 -v threadtime UsbRequestJNI:S UsbRequest:S art:W ThreadPool:W System:W ExtendedExtractor:W OMXClient:W MediaPlayer:W dalvikvm:W  *:V
01-03 21:09:20.784 19225 19586 I RobotCore: exiting match logcat for /storage/emulated/0/FIRST/matchlogs/Match-0-Autonomous_Right.txt
01-03 21:09:51.034 19225 19335 V Robocol : received command: CMD_INIT_OP_MODE(11738) $Stop$Robot$
01-03 21:09:51.048 19225 19589 V RobotCore: thread: ...terminating 'OpModeThread'
01-03 21:09:51.053 19225 19363 I RobotCore: Attempting to switch to op mode $Stop$Robot$
01-03 21:09:51.054 19225 19363 D HardwareMap: Clearing which device instances have been retrieved
01-03 21:09:51.055 19225 19363 D HardwareMap: Clearing which device instances have been retrieved
01-03 21:09:51.058 19225 19652 V RobotCore: thread: 'OpModeThread' starting...
01-03 21:09:51.070 19225 19338 V Robocol : sending CMD_NOTIFY_INIT_OP_MODE(1805), attempt: 0
01-03 21:09:51.154 19225 19335 V Robocol : received command: CMD_RUN_OP_MODE(11745) $Stop$Robot$
01-03 21:09:51.190 19225 19338 V Robocol : sending CMD_NOTIFY_RUN_OP_MODE(1811), attempt: 0
01-03 21:10:00.155 19225 19335 V Robocol : received command: CMD_SET_MATCH_NUMBER(11870) 0
01-03 21:10:00.156 19225 19335 V Robocol : received command: CMD_INIT_OP_MODE(11871) Teleop_DualDrivers
01-03 21:10:00.178 19225 19336 I RobotCore: ******************** START - OPMODE Teleop_DualDrivers ********************
01-03 21:10:00.182 19225 19652 V RobotCore: thread: ...terminating 'OpModeThread'
01-03 21:10:00.186 19225 19363 I RobotCore: Attempting to switch to op mode Teleop_DualDrivers
01-03 21:10:00.364 19225 19363 D HardwareMap: Clearing which device instances have been retrieved
01-03 21:10:00.364 19225 19363 D HardwareMap: Clearing which device instances have been retrieved
01-03 21:10:00.368 19225 19667 V RobotCore: thread: 'OpModeThread' starting...
01-03 21:10:00.372 19225 19667 I global  :  RENO - SlidersWith2Motors.init(SlidersWith2Motors.java:78): init slider motors.
01-03 21:10:00.389 19225 19338 V Robocol : sending CMD_NOTIFY_INIT_OP_MODE(1950), attempt: 0
01-03 21:10:00.431 19225 19667 I global  :  RENO - ChassisWith4Motors.init(ChassisWith4Motors.java:127): init driving motors.
01-03 21:10:00.489 19225 19667 I I2C     : Automatically initializing I2C device LynxEmbeddedBNO055IMUNew (USB (embedded); module 173; bus 0; addr7=0x28)
01-03 21:10:00.490 19225 19667 V BNO055  : Suppressing I2C warnings while we check for a BNO055 IMU
01-03 21:10:00.493 19225 19667 V BNO055  : Found BNO055 IMU
01-03 21:10:00.569 19225 19667 V BNO055  : Suppressing I2C warnings while we check for a BNO055 IMU
01-03 21:10:00.572 19225 19667 V BNO055  : Found BNO055 IMU
01-03 21:10:00.721 19225 19667 I I2C     : Automatically initializing I2C device Rev2mDistanceSensor (USB (embedded); module 173; bus 1; addr7=0x29)
01-03 21:10:00.721 19225 19667 D STMicroVL53L0X: : Checking to see if it's really a VL53L0X sensor...
01-03 21:10:00.725 19225 19667 D STMicroVL53L0X: : Reg 0xC0 = ee (should be 0xEE)
01-03 21:10:00.729 19225 19667 D STMicroVL53L0X: : Reg 0xC1 = aa (should be 0xAA)
01-03 21:10:00.732 19225 19667 D STMicroVL53L0X: : Reg 0xC2 = 10 (should be 0x10)
01-03 21:10:00.736 19225 19667 D STMicroVL53L0X: : Reg 0x51 = 0 (should be 0x0099)
01-03 21:10:00.739 19225 19667 D STMicroVL53L0X: : Reg 0x61 = 0 (should be 0x0000)
01-03 21:10:00.756 19225 19667 D STMicroVL53L0X: : initial sig rate lim (MCPS) 0.250000
01-03 21:10:00.760 19225 19667 D STMicroVL53L0X: : adjusted sig rate lim (MCPS) 0.250000
01-03 21:10:00.967 19225 19667 I I2C     : Automatically initializing I2C device Rev2mDistanceSensor (USB (embedded); module 2; bus 0; addr7=0x29)
01-03 21:10:00.967 19225 19667 D STMicroVL53L0X: : Checking to see if it's really a VL53L0X sensor...
01-03 21:10:00.971 19225 19667 D STMicroVL53L0X: : Reg 0xC0 = ee (should be 0xEE)
01-03 21:10:00.975 19225 19667 D STMicroVL53L0X: : Reg 0xC1 = aa (should be 0xAA)
