01-02 16:53:59.660  8060  8256 I global  :  RENO - ObjectDetection.sleeveColorDetect(ObjectDetection.java:125): Start Opcv process to detect sleeve color.
01-02 16:53:59.661  8060  8256 I global  :  RENO - ObjectDetection.sleeveColorDetect(ObjectDetection.java:132): Sleeve max color = 902.00, 41.00, 8740.00
01-02 16:53:59.662  8060  8256 I global  :  RENO - ObjectDetection.sleeveColorDetect(ObjectDetection.java:151): Sleeve position: RIGHT
01-02 16:53:59.724  8060  8256 I global  :  RENO - ObjectDetection.sleeveColorDetect(ObjectDetection.java:125): Start Opcv process to detect sleeve color.
01-02 16:53:59.726  8060  8256 I global  :  RENO - ObjectDetection.sleeveColorDetect(ObjectDetection.java:132): Sleeve max color = 656.00, 0.00, 7204.00
01-02 16:53:59.727  8060  8256 I global  :  RENO - ObjectDetection.sleeveColorDetect(ObjectDetection.java:151): Sleeve position: RIGHT
01-02 16:53:59.792  8060  8256 I global  :  RENO - ObjectDetection.sleeveColorDetect(ObjectDetection.java:125): Start Opcv process to detect sleeve color.
01-02 16:53:59.793  8060  8256 I global  :  RENO - ObjectDetection.sleeveColorDetect(ObjectDetection.java:132): Sleeve max color = 544.00, 0.00, 6960.00
01-02 16:53:59.794  8060  8256 I global  :  RENO - ObjectDetection.sleeveColorDetect(ObjectDetection.java:151): Sleeve position: RIGHT
01-02 16:53:59.861  8060  8256 I global  :  RENO - ObjectDetection.sleeveColorDetect(ObjectDetection.java:125): Start Opcv process to detect sleeve color.
01-02 16:53:59.862  8060  8256 I global  :  RENO - ObjectDetection.sleeveColorDetect(ObjectDetection.java:132): Sleeve max color = 470.00, 0.00, 7356.00
01-02 16:53:59.864  8060  8256 I global  :  RENO - ObjectDetection.sleeveColorDetect(ObjectDetection.java:151): Sleeve position: RIGHT
01-02 16:53:59.924  8060  8256 I global  :  RENO - ObjectDetection.sleeveColorDetect(ObjectDetection.java:125): Start Opcv process to detect sleeve color.
01-02 16:53:59.926  8060  8256 I global  :  RENO - ObjectDetection.sleeveColorDetect(ObjectDetection.java:132): Sleeve max color = 594.00, 0.00, 7328.00
01-02 16:53:59.927  8060  8256 I global  :  RENO - ObjectDetection.sleeveColorDetect(ObjectDetection.java:151): Sleeve position: RIGHT
01-02 16:53:59.993  8060  8256 I global  :  RENO - ObjectDetection.sleeveColorDetect(ObjectDetection.java:125): Start Opcv process to detect sleeve color.
01-02 16:53:59.994  8060  8256 I global  :  RENO - ObjectDetection.sleeveColorDetect(ObjectDetection.java:132): Sleeve max color = 746.00, 0.00, 7424.00
01-02 16:53:59.995  8060  8256 I global  :  RENO - ObjectDetection.sleeveColorDetect(ObjectDetection.java:151): Sleeve position: RIGHT
01-02 16:54:00.061  8060  8256 I global  :  RENO - ObjectDetection.sleeveColorDetect(ObjectDetection.java:125): Start Opcv process to detect sleeve color.
01-02 16:54:00.063  8060  8256 I global  :  RENO - ObjectDetection.sleeveColorDetect(ObjectDetection.java:132): Sleeve max color = 1112.00, 0.00, 5948.00
01-02 16:54:00.066  8060  8256 I global  :  RENO - ObjectDetection.sleeveColorDetect(ObjectDetection.java:151): Sleeve position: RIGHT
01-02 16:54:00.128  8060  8256 I global  :  RENO - ObjectDetection.sleeveColorDetect(ObjectDetection.java:125): Start Opcv process to detect sleeve color.
01-02 16:54:00.129  8060  8256 I global  :  RENO - ObjectDetection.sleeveColorDetect(ObjectDetection.java:132): Sleeve max color = 1578.00, 0.00, 5660.00
01-02 16:54:00.130  8060  8256 I global  :  RENO - ObjectDetection.sleeveColorDetect(ObjectDetection.java:151): Sleeve position: RIGHT
01-02 16:54:00.192  8060  8256 I global  :  RENO - ObjectDetection.sleeveColorDetect(ObjectDetection.java:125): Start Opcv process to detect sleeve color.
01-02 16:54:00.193  8060  8256 I global  :  RENO - ObjectDetection.sleeveColorDetect(ObjectDetection.java:132): Sleeve max color = 9942.00, 474.00, 4072.00
01-02 16:54:00.194  8060  8256 I global  :  RENO - ObjectDetection.sleeveColorDetect(ObjectDetection.java:151): Sleeve position: LEFT
01-02 16:54:00.260  8060  8256 I global  :  RENO - ObjectDetection.sleeveColorDetect(ObjectDetection.java:125): Start Opcv process to detect sleeve color.
01-02 16:54:00.261  8060  8256 I global  :  RENO - ObjectDetection.sleeveColorDetect(ObjectDetection.java:132): Sleeve max color = 28053.00, 4532.00, 4699.00
01-02 16:54:00.262  8060  8256 I global  :  RENO - ObjectDetection.sleeveColorDetect(ObjectDetection.java:151): Sleeve position: LEFT
01-02 16:54:00.328  8060  8256 I global  :  RENO - ObjectDetection.sleeveColorDetect(ObjectDetection.java:125): Start Opcv process to detect sleeve color.
01-02 16:54:00.329  8060  8256 I global  :  RENO - ObjectDetection.sleeveColorDetect(ObjectDetection.java:132): Sleeve max color = 46511.00, 9348.00, 6024.00
01-02 16:54:00.330  8060  8256 I global  :  RENO - ObjectDetection.sleeveColorDetect(ObjectDetection.java:151): Sleeve position: LEFT
01-02 16:54:00.398  8060  8256 I global  :  RENO - ObjectDetection.sleeveColorDetect(ObjectDetection.java:125): Start Opcv process to detect sleeve color.
01-02 16:54:00.399  8060  8256 I global  :  RENO - ObjectDetection.sleeveColorDetect(ObjectDetection.java:132): Sleeve max color = 57550.00, 12517.00, 6459.00
01-02 16:54:00.400  8060  8256 I global  :  RENO - ObjectDetection.sleeveColorDetect(ObjectDetection.java:151): Sleeve position: LEFT
01-02 16:54:00.461  8060  8256 I global  :  RENO - ObjectDetection.sleeveColorDetect(ObjectDetection.java:125): Start Opcv process to detect sleeve color.
01-02 16:54:00.464  8060  8256 I global  :  RENO - ObjectDetection.sleeveColorDetect(ObjectDetection.java:132): Sleeve max color = 60933.00, 13812.00, 7415.00
01-02 16:54:00.465  8060  8256 I global  :  RENO - ObjectDetection.sleeveColorDetect(ObjectDetection.java:151): Sleeve position: LEFT
01-02 16:54:00.529  8060  8256 I global  :  RENO - ObjectDetection.sleeveColorDetect(ObjectDetection.java:125): Start Opcv process to detect sleeve color.
01-02 16:54:00.530  8060  8256 I global  :  RENO - ObjectDetection.sleeveColorDetect(ObjectDetection.java:132): Sleeve max color = 65928.00, 16003.00, 8819.00
01-02 16:54:00.531  8060  8256 I global  :  RENO - ObjectDetection.sleeveColorDetect(ObjectDetection.java:151): Sleeve position: LEFT
01-02 16:54:00.597  8060  8256 I global  :  RENO - ObjectDetection.sleeveColorDetect(ObjectDetection.java:125): Start Opcv process to detect sleeve color.
01-02 16:54:00.597  8060  8256 I global  :  RENO - ObjectDetection.sleeveColorDetect(ObjectDetection.java:132): Sleeve max color = 72158.00, 19686.00, 10267.00
01-02 16:54:00.598  8060  8256 I global  :  RENO - ObjectDetection.sleeveColorDetect(ObjectDetection.java:151): Sleeve position: LEFT
01-02 16:54:00.660  8060  8256 I global  :  RENO - ObjectDetection.sleeveColorDetect(ObjectDetection.java:125): Start Opcv process to detect sleeve color.
01-02 16:54:00.661  8060  8256 I global  :  RENO - ObjectDetection.sleeveColorDetect(ObjectDetection.java:132): Sleeve max color = 84375.00, 28684.00, 16191.00
01-02 16:54:00.662  8060  8256 I global  :  RENO - ObjectDetection.sleeveColorDetect(ObjectDetection.java:151): Sleeve position: LEFT
01-02 16:54:00.728  8060  8256 I global  :  RENO - ObjectDetection.sleeveColorDetect(ObjectDetection.java:125): Start Opcv process to detect sleeve color.
01-02 16:54:00.730  8060  8256 I global  :  RENO - ObjectDetection.sleeveColorDetect(ObjectDetection.java:132): Sleeve max color = 123381.00, 57152.00, 37978.00
01-02 16:54:00.730  8060  8256 I global  :  RENO - ObjectDetection.sleeveColorDetect(ObjectDetection.java:151): Sleeve position: LEFT
01-02 16:54:00.796  8060  8256 I global  :  RENO - ObjectDetection.sleeveColorDetect(ObjectDetection.java:125): Start Opcv process to detect sleeve color.
01-02 16:54:00.797  8060  8256 I global  :  RENO - ObjectDetection.sleeveColorDetect(ObjectDetection.java:132): Sleeve max color = 154488.00, 82862.00, 56848.00
01-02 16:54:00.799  8060  8256 I global  :  RENO - ObjectDetection.sleeveColorDetect(ObjectDetection.java:151): Sleeve position: LEFT
01-02 16:54:00.864  8060  8256 I global  :  RENO - ObjectDetection.sleeveColorDetect(ObjectDetection.java:125): Start Opcv process to detect sleeve color.
01-02 16:54:00.865  8060  8256 I global  :  RENO - ObjectDetection.sleeveColorDetect(ObjectDetection.java:132): Sleeve max color = 173031.00, 100183.00, 68783.00
01-02 16:54:00.866  8060  8256 I global  :  RENO - ObjectDetection.sleeveColorDetect(ObjectDetection.java:151): Sleeve position: LEFT
01-02 16:54:00.928  8060  8256 I global  :  RENO - ObjectDetection.sleeveColorDetect(ObjectDetection.java:125): Start Opcv process to detect sleeve color.
01-02 16:54:00.929  8060  8256 I global  :  RENO - ObjectDetection.sleeveColorDetect(ObjectDetection.java:132): Sleeve max color = 179286.00, 106634.00, 74137.00
01-02 16:54:00.930  8060  8256 I global  :  RENO - ObjectDetection.sleeveColorDetect(ObjectDetection.java:151): Sleeve position: LEFT
01-02 16:54:00.996  8060  8256 I global  :  RENO - ObjectDetection.sleeveColorDetect(ObjectDetection.java:125): Start Opcv process to detect sleeve color.
01-02 16:54:00.997  8060  8256 I global  :  RENO - ObjectDetection.sleeveColorDetect(ObjectDetection.java:132): Sleeve max color = 180750.00, 108979.00, 76049.00
01-02 16:54:00.998  8060  8256 I global  :  RENO - ObjectDetection.sleeveColorDetect(ObjectDetection.java:151): Sleeve position: LEFT
01-02 16:54:01.065  8060  8256 I global  :  RENO - ObjectDetection.sleeveColorDetect(ObjectDetection.java:125): Start Opcv process to detect sleeve color.
01-02 16:54:01.067  8060  8256 I global  :  RENO - ObjectDetection.sleeveColorDetect(ObjectDetection.java:132): Sleeve max color = 181875.00, 110140.00, 77818.00
01-02 16:54:01.068  8060  8256 I global  :  RENO - ObjectDetection.sleeveColorDetect(ObjectDetection.java:151): Sleeve position: LEFT
01-02 16:54:01.130  8060  8256 I global  :  RENO - ObjectDetection.sleeveColorDetect(ObjectDetection.java:125): Start Opcv process to detect sleeve color.
01-02 16:54:01.131  8060  8256 I global  :  RENO - ObjectDetection.sleeveColorDetect(ObjectDetection.java:132): Sleeve max color = 183109.00, 110891.00, 77469.00
01-02 16:54:01.132  8060  8256 I global  :  RENO - ObjectDetection.sleeveColorDetect(ObjectDetection.java:151): Sleeve position: LEFT
01-02 16:54:01.196  8060  8256 I global  :  RENO - ObjectDetection.sleeveColorDetect(ObjectDetection.java:125): Start Opcv process to detect sleeve color.
01-02 16:54:01.197  8060  8256 I global  :  RENO - ObjectDetection.sleeveColorDetect(ObjectDetection.java:132): Sleeve max color = 183409.00, 111345.00, 78299.00
01-02 16:54:01.199  8060  8256 I global  :  RENO - ObjectDetection.sleeveColorDetect(ObjectDetection.java:151): Sleeve position: LEFT
01-02 16:54:01.266  8060  8256 I global  :  RENO - ObjectDetection.sleeveColorDetect(ObjectDetection.java:125): Start Opcv process to detect sleeve color.
01-02 16:54:01.267  8060  8256 I global  :  RENO - ObjectDetection.sleeveColorDetect(ObjectDetection.java:132): Sleeve max color = 183894.00, 111950.00, 78217.00
01-02 16:54:01.268  8060  8256 I global  :  RENO - ObjectDetection.sleeveColorDetect(ObjectDetection.java:151): Sleeve position: LEFT
01-02 16:54:01.332  8060  8256 I global  :  RENO - ObjectDetection.sleeveColorDetect(ObjectDetection.java:125): Start Opcv process to detect sleeve color.
01-02 16:54:01.333  8060  8256 I global  :  RENO - ObjectDetection.sleeveColorDetect(ObjectDetection.java:132): Sleeve max color = 184287.00, 112227.00, 77954.00
01-02 16:54:01.334  8060  8256 I global  :  RENO - ObjectDetection.sleeveColorDetect(ObjectDetection.java:151): Sleeve position: LEFT
01-02 16:54:01.398  8060  8256 I global  :  RENO - ObjectDetection.sleeveColorDetect(ObjectDetection.java:125): Start Opcv process to detect sleeve color.
01-02 16:54:01.399  8060  8256 I global  :  RENO - ObjectDetection.sleeveColorDetect(ObjectDetection.java:132): Sleeve max color = 184513.00, 112625.00, 78239.00
01-02 16:54:01.400  8060  8256 I global  :  RENO - ObjectDetection.sleeveColorDetect(ObjectDetection.java:151): Sleeve position: LEFT
01-02 16:54:01.464  8060  8256 I global  :  RENO - ObjectDetection.sleeveColorDetect(ObjectDetection.java:125): Start Opcv process to detect sleeve color.
01-02 16:54:01.465  8060  8256 I global  :  RENO - ObjectDetection.sleeveColorDetect(ObjectDetection.java:132): Sleeve max color = 184545.00, 112681.00, 78530.00
01-02 16:54:01.466  8060  8256 I global  :  RENO - ObjectDetection.sleeveColorDetect(ObjectDetection.java:151): Sleeve position: LEFT
01-02 16:54:01.532  8060  8256 I global  :  RENO - ObjectDetection.sleeveColorDetect(ObjectDetection.java:125): Start Opcv process to detect sleeve color.
01-02 16:54:01.533  8060  8256 I global  :  RENO - ObjectDetection.sleeveColorDetect(ObjectDetection.java:132): Sleeve max color = 184823.00, 112514.00, 78986.00
01-02 16:54:01.534  8060  8256 I global  :  RENO - ObjectDetection.sleeveColorDetect(ObjectDetection.java:151): Sleeve position: LEFT
01-02 16:54:01.601  8060  8256 I global  :  RENO - ObjectDetection.sleeveColorDetect(ObjectDetection.java:125): Start Opcv process to detect sleeve color.
01-02 16:54:01.602  8060  8256 I global  :  RENO - ObjectDetection.sleeveColorDetect(ObjectDetection.java:132): Sleeve max color = 184713.00, 112764.00, 79070.00
01-02 16:54:01.603  8060  8256 I global  :  RENO - ObjectDetection.sleeveColorDetect(ObjectDetection.java:151): Sleeve position: LEFT
01-02 16:54:01.664  8060  8256 I global  :  RENO - ObjectDetection.sleeveColorDetect(ObjectDetection.java:125): Start Opcv process to detect sleeve color.
01-02 16:54:01.665  8060  8256 I global  :  RENO - ObjectDetection.sleeveColorDetect(ObjectDetection.java:132): Sleeve max color = 185187.00, 112866.00, 78270.00
01-02 16:54:01.666  8060  8256 I global  :  RENO - ObjectDetection.sleeveColorDetect(ObjectDetection.java:151): Sleeve position: LEFT
01-02 16:54:01.732  8060  8256 I global  :  RENO - ObjectDetection.sleeveColorDetect(ObjectDetection.java:125): Start Opcv process to detect sleeve color.
01-02 16:54:01.733  8060  8256 I global  :  RENO - ObjectDetection.sleeveColorDetect(ObjectDetection.java:132): Sleeve max color = 184985.00, 113135.00, 78480.00
01-02 16:54:01.735  8060  8256 I global  :  RENO - ObjectDetection.sleeveColorDetect(ObjectDetection.java:151): Sleeve position: LEFT
01-02 16:54:01.800  8060  8256 I global  :  RENO - ObjectDetection.sleeveColorDetect(ObjectDetection.java:125): Start Opcv process to detect sleeve color.
01-02 16:54:01.801  8060  8256 I global  :  RENO - ObjectDetection.sleeveColorDetect(ObjectDetection.java:132): Sleeve max color = 185467.00, 113153.00, 79647.00
01-02 16:54:01.803  8060  8256 I global  :  RENO - ObjectDetection.sleeveColorDetect(ObjectDetection.java:151): Sleeve position: LEFT
01-02 16:54:01.864  8060  8256 I global  :  RENO - ObjectDetection.sleeveColorDetect(ObjectDetection.java:125): Start Opcv process to detect sleeve color.
01-02 16:54:01.866  8060  8256 I global  :  RENO - ObjectDetection.sleeveColorDetect(ObjectDetection.java:132): Sleeve max color = 185594.00, 113629.00, 79381.00
01-02 16:54:01.868  8060  8256 I global  :  RENO - ObjectDetection.sleeveColorDetect(ObjectDetection.java:151): Sleeve position: LEFT
01-02 16:54:01.932  8060  8256 I global  :  RENO - ObjectDetection.sleeveColorDetect(ObjectDetection.java:125): Start Opcv process to detect sleeve color.
01-02 16:54:01.934  8060  8256 I global  :  RENO - ObjectDetection.sleeveColorDetect(ObjectDetection.java:132): Sleeve max color = 185940.00, 114007.00, 79449.00
01-02 16:54:01.936  8060  8256 I global  :  RENO - ObjectDetection.sleeveColorDetect(ObjectDetection.java:151): Sleeve position: LEFT
01-02 16:54:02.000  8060  8256 I global  :  RENO - ObjectDetection.sleeveColorDetect(ObjectDetection.java:125): Start Opcv process to detect sleeve color.
01-02 16:54:02.002  8060  8256 I global  :  RENO - ObjectDetection.sleeveColorDetect(ObjectDetection.java:132): Sleeve max color = 185734.00, 113926.00, 80222.00
01-02 16:54:02.003  8060  8256 I global  :  RENO - ObjectDetection.sleeveColorDetect(ObjectDetection.java:151): Sleeve position: LEFT
01-02 16:54:02.069  8060  8256 I global  :  RENO - ObjectDetection.sleeveColorDetect(ObjectDetection.java:125): Start Opcv process to detect sleeve color.
01-02 16:54:02.071  8060  8256 I global  :  RENO - ObjectDetection.sleeveColorDetect(ObjectDetection.java:132): Sleeve max color = 185978.00, 114009.00, 80592.00
01-02 16:54:02.072  8060  8256 I global  :  RENO - ObjectDetection.sleeveColorDetect(ObjectDetection.java:151): Sleeve position: LEFT
01-02 16:54:02.132  8060  8256 I global  :  RENO - ObjectDetection.sleeveColorDetect(ObjectDetection.java:125): Start Opcv process to detect sleeve color.
01-02 16:54:02.133  8060  8256 I global  :  RENO - ObjectDetection.sleeveColorDetect(ObjectDetection.java:132): Sleeve max color = 186361.00, 114256.00, 80167.00
01-02 16:54:02.134  8060  8256 I global  :  RENO - ObjectDetection.sleeveColorDetect(ObjectDetection.java:151): Sleeve position: LEFT
01-02 16:54:02.201  8060  8256 I global  :  RENO - ObjectDetection.sleeveColorDetect(ObjectDetection.java:125): Start Opcv process to detect sleeve color.
01-02 16:54:02.203  8060  8256 I global  :  RENO - ObjectDetection.sleeveColorDetect(ObjectDetection.java:132): Sleeve max color = 186215.00, 114688.00, 81280.00
01-02 16:54:02.203  8060  8256 I global  :  RENO - ObjectDetection.sleeveColorDetect(ObjectDetection.java:151): Sleeve position: LEFT
01-02 16:54:02.268  8060  8256 I global  :  RENO - ObjectDetection.sleeveColorDetect(ObjectDetection.java:125): Start Opcv process to detect sleeve color.
01-02 16:54:02.269  8060  8256 I global  :  RENO - ObjectDetection.sleeveColorDetect(ObjectDetection.java:132): Sleeve max color = 186766.00, 114929.00, 81002.00
01-02 16:54:02.271  8060  8256 I global  :  RENO - ObjectDetection.sleeveColorDetect(ObjectDetection.java:151): Sleeve position: LEFT
01-02 16:54:02.332  8060  8256 I global  :  RENO - ObjectDetection.sleeveColorDetect(ObjectDetection.java:125): Start Opcv process to detect sleeve color.
01-02 16:54:02.334  8060  8256 I global  :  RENO - ObjectDetection.sleeveColorDetect(ObjectDetection.java:132): Sleeve max color = 187006.00, 114959.00, 80810.00
01-02 16:54:02.335  8060  8256 I global  :  RENO - ObjectDetection.sleeveColorDetect(ObjectDetection.java:151): Sleeve position: LEFT
01-02 16:54:02.400  8060  8256 I global  :  RENO - ObjectDetection.sleeveColorDetect(ObjectDetection.java:125): Start Opcv process to detect sleeve color.
01-02 16:54:02.401  8060  8256 I global  :  RENO - ObjectDetection.sleeveColorDetect(ObjectDetection.java:132): Sleeve max color = 186877.00, 115267.00, 81760.00
01-02 16:54:02.402  8060  8256 I global  :  RENO - ObjectDetection.sleeveColorDetect(ObjectDetection.java:151): Sleeve position: LEFT
01-02 16:54:02.468  8060  8256 I global  :  RENO - ObjectDetection.sleeveColorDetect(ObjectDetection.java:125): Start Opcv process to detect sleeve color.
01-02 16:54:02.470  8060  8256 I global  :  RENO - ObjectDetection.sleeveColorDetect(ObjectDetection.java:132): Sleeve max color = 187153.00, 115406.00, 80614.00
01-02 16:54:02.470  8060  8256 I global  :  RENO - ObjectDetection.sleeveColorDetect(ObjectDetection.java:151): Sleeve position: LEFT
01-02 16:54:02.536  8060  8256 I global  :  RENO - ObjectDetection.sleeveColorDetect(ObjectDetection.java:125): Start Opcv process to detect sleeve color.
01-02 16:54:02.537  8060  8256 I global  :  RENO - ObjectDetection.sleeveColorDetect(ObjectDetection.java:132): Sleeve max color = 187036.00, 115337.00, 81863.00
01-02 16:54:02.538  8060  8256 I global  :  RENO - ObjectDetection.sleeveColorDetect(ObjectDetection.java:151): Sleeve position: LEFT
01-02 16:54:02.601  8060  8256 I global  :  RENO - ObjectDetection.sleeveColorDetect(ObjectDetection.java:125): Start Opcv process to detect sleeve color.
01-02 16:54:02.602  8060  8256 I global  :  RENO - ObjectDetection.sleeveColorDetect(ObjectDetection.java:132): Sleeve max color = 187443.00, 115297.00, 81018.00
01-02 16:54:02.603  8060  8256 I global  :  RENO - ObjectDetection.sleeveColorDetect(ObjectDetection.java:151): Sleeve position: LEFT
01-02 16:54:02.668  8060  8256 I global  :  RENO - ObjectDetection.sleeveColorDetect(ObjectDetection.java:125): Start Opcv process to detect sleeve color.
01-02 16:54:02.669  8060  8256 I global  :  RENO - ObjectDetection.sleeveColorDetect(ObjectDetection.java:132): Sleeve max color = 187521.00, 115128.00, 81345.00
01-02 16:54:02.670  8060  8256 I global  :  RENO - ObjectDetection.sleeveColorDetect(ObjectDetection.java:151): Sleeve position: LEFT
01-02 16:54:02.736  8060  8256 I global  :  RENO - ObjectDetection.sleeveColorDetect(ObjectDetection.java:125): Start Opcv process to detect sleeve color.
01-02 16:54:02.737  8060  8256 I global  :  RENO - ObjectDetection.sleeveColorDetect(ObjectDetection.java:132): Sleeve max color = 187764.00, 115127.00, 81496.00
01-02 16:54:02.738  8060  8256 I global  :  RENO - ObjectDetection.sleeveColorDetect(ObjectDetection.java:151): Sleeve position: LEFT
01-02 16:54:02.806  8060  8256 I global  :  RENO - ObjectDetection.sleeveColorDetect(ObjectDetection.java:125): Start Opcv process to detect sleeve color.
01-02 16:54:02.808  8060  8256 I global  :  RENO - ObjectDetection.sleeveColorDetect(ObjectDetection.java:132): Sleeve max color = 187097.00, 115594.00, 80689.00
01-02 16:54:02.809  8060  8256 I global  :  RENO - ObjectDetection.sleeveColorDetect(ObjectDetection.java:151): Sleeve position: LEFT
01-02 16:54:02.868  8060  8256 I global  :  RENO - ObjectDetection.sleeveColorDetect(ObjectDetection.java:125): Start Opcv process to detect sleeve color.
01-02 16:54:02.869  8060  8256 I global  :  RENO - ObjectDetection.sleeveColorDetect(ObjectDetection.java:132): Sleeve max color = 187138.00, 115373.00, 80967.00
01-02 16:54:02.870  8060  8256 I global  :  RENO - ObjectDetection.sleeveColorDetect(ObjectDetection.java:151): Sleeve position: LEFT
01-02 16:54:02.936  8060  8256 I global  :  RENO - ObjectDetection.sleeveColorDetect(ObjectDetection.java:125): Start Opcv process to detect sleeve color.
01-02 16:54:02.937  8060  8256 I global  :  RENO - ObjectDetection.sleeveColorDetect(ObjectDetection.java:132): Sleeve max color = 187033.00, 115187.00, 80807.00
01-02 16:54:02.938  8060  8256 I global  :  RENO - ObjectDetection.sleeveColorDetect(ObjectDetection.java:151): Sleeve position: LEFT
01-02 16:54:03.004  8060  8256 I global  :  RENO - ObjectDetection.sleeveColorDetect(ObjectDetection.java:125): Start Opcv process to detect sleeve color.
01-02 16:54:03.005  8060  8256 I global  :  RENO - ObjectDetection.sleeveColorDetect(ObjectDetection.java:132): Sleeve max color = 187415.00, 115101.00, 81104.00
01-02 16:54:03.006  8060  8256 I global  :  RENO - ObjectDetection.sleeveColorDetect(ObjectDetection.java:151): Sleeve position: LEFT
01-02 16:54:03.068  8060  8256 I global  :  RENO - ObjectDetection.sleeveColorDetect(ObjectDetection.java:125): Start Opcv process to detect sleeve color.
01-02 16:54:03.069  8060  8256 I global  :  RENO - ObjectDetection.sleeveColorDetect(ObjectDetection.java:132): Sleeve max color = 186728.00, 115539.00, 81040.00
01-02 16:54:03.070  8060  8256 I global  :  RENO - ObjectDetection.sleeveColorDetect(ObjectDetection.java:151): Sleeve position: LEFT
01-02 16:54:03.136  8060  8256 I global  :  RENO - ObjectDetection.sleeveColorDetect(ObjectDetection.java:125): Start Opcv process to detect sleeve color.
01-02 16:54:03.137  8060  8256 I global  :  RENO - ObjectDetection.sleeveColorDetect(ObjectDetection.java:132): Sleeve max color = 186991.00, 115835.00, 80896.00
01-02 16:54:03.138  8060  8256 I global  :  RENO - ObjectDetection.sleeveColorDetect(ObjectDetection.java:151): Sleeve position: LEFT
01-02 16:54:03.204  8060  8256 I global  :  RENO - ObjectDetection.sleeveColorDetect(ObjectDetection.java:125): Start Opcv process to detect sleeve color.
01-02 16:54:03.205  8060  8256 I global  :  RENO - ObjectDetection.sleeveColorDetect(ObjectDetection.java:132): Sleeve max color = 187037.00, 115298.00, 81425.00
01-02 16:54:03.206  8060  8256 I global  :  RENO - ObjectDetection.sleeveColorDetect(ObjectDetection.java:151): Sleeve position: LEFT
01-02 16:54:03.272  8060  8256 I global  :  RENO - ObjectDetection.sleeveColorDetect(ObjectDetection.java:125): Start Opcv process to detect sleeve color.
01-02 16:54:03.273  8060  8256 I global  :  RENO - ObjectDetection.sleeveColorDetect(ObjectDetection.java:132): Sleeve max color = 186873.00, 115426.00, 81277.00
01-02 16:54:03.274  8060  8256 I global  :  RENO - ObjectDetection.sleeveColorDetect(ObjectDetection.java:151): Sleeve position: LEFT
01-02 16:54:03.336  8060  8256 I global  :  RENO - ObjectDetection.sleeveColorDetect(ObjectDetection.java:125): Start Opcv process to detect sleeve color.
01-02 16:54:03.337  8060  8256 I global  :  RENO - ObjectDetection.sleeveColorDetect(ObjectDetection.java:132): Sleeve max color = 186700.00, 115561.00, 80614.00
01-02 16:54:03.338  8060  8256 I global  :  RENO - ObjectDetection.sleeveColorDetect(ObjectDetection.java:151): Sleeve position: LEFT
01-02 16:54:03.404  8060  8256 I global  :  RENO - ObjectDetection.sleeveColorDetect(ObjectDetection.java:125): Start Opcv process to detect sleeve color.
01-02 16:54:03.406  8060  8256 I global  :  RENO - ObjectDetection.sleeveColorDetect(ObjectDetection.java:132): Sleeve max color = 186971.00, 115207.00, 81526.00
01-02 16:54:03.406  8060  8256 I global  :  RENO - ObjectDetection.sleeveColorDetect(ObjectDetection.java:151): Sleeve position: LEFT
01-02 16:54:03.472  8060  8256 I global  :  RENO - ObjectDetection.sleeveColorDetect(ObjectDetection.java:125): Start Opcv process to detect sleeve color.
01-02 16:54:03.473  8060  8256 I global  :  RENO - ObjectDetection.sleeveColorDetect(ObjectDetection.java:132): Sleeve max color = 187115.00, 115214.00, 81389.00
01-02 16:54:03.474  8060  8256 I global  :  RENO - ObjectDetection.sleeveColorDetect(ObjectDetection.java:151): Sleeve position: LEFT
01-02 16:54:03.536  8060  8256 I global  :  RENO - ObjectDetection.sleeveColorDetect(ObjectDetection.java:125): Start Opcv process to detect sleeve color.
01-02 16:54:03.537  8060  8256 I global  :  RENO - ObjectDetection.sleeveColorDetect(ObjectDetection.java:132): Sleeve max color = 186757.00, 115510.00, 80783.00
01-02 16:54:03.538  8060  8256 I global  :  RENO - ObjectDetection.sleeveColorDetect(ObjectDetection.java:151): Sleeve position: LEFT
01-02 16:54:03.604  8060  8256 I global  :  RENO - ObjectDetection.sleeveColorDetect(ObjectDetection.java:125): Start Opcv process to detect sleeve color.
01-02 16:54:03.606  8060  8256 I global  :  RENO - ObjectDetection.sleeveColorDetect(ObjectDetection.java:132): Sleeve max color = 186735.00, 115406.00, 80831.00
01-02 16:54:03.607  8060  8256 I global  :  RENO - ObjectDetection.sleeveColorDetect(ObjectDetection.java:151): Sleeve position: LEFT
01-02 16:54:03.672  8060  8256 I global  :  RENO - ObjectDetection.sleeveColorDetect(ObjectDetection.java:125): Start Opcv process to detect sleeve color.
01-02 16:54:03.673  8060  8256 I global  :  RENO - ObjectDetection.sleeveColorDetect(ObjectDetection.java:132): Sleeve max color = 186312.00, 115564.00, 82057.00
01-02 16:54:03.674  8060  8256 I global  :  RENO - ObjectDetection.sleeveColorDetect(ObjectDetection.java:151): Sleeve position: LEFT
01-02 16:54:03.740  8060  8256 I global  :  RENO - ObjectDetection.sleeveColorDetect(ObjectDetection.java:125): Start Opcv process to detect sleeve color.
01-02 16:54:03.741  8060  8256 I global  :  RENO - ObjectDetection.sleeveColorDetect(ObjectDetection.java:132): Sleeve max color = 186640.00, 115684.00, 80635.00
01-02 16:54:03.742  8060  8256 I global  :  RENO - ObjectDetection.sleeveColorDetect(ObjectDetection.java:151): Sleeve position: LEFT
01-02 16:54:03.804  8060  8256 I global  :  RENO - ObjectDetection.sleeveColorDetect(ObjectDetection.java:125): Start Opcv process to detect sleeve color.
01-02 16:54:03.805  8060  8256 I global  :  RENO - ObjectDetection.sleeveColorDetect(ObjectDetection.java:132): Sleeve max color = 187036.00, 115308.00, 80640.00
01-02 16:54:03.806  8060  8256 I global  :  RENO - ObjectDetection.sleeveColorDetect(ObjectDetection.java:151): Sleeve position: LEFT
01-02 16:54:03.872  8060  8256 I global  :  RENO - ObjectDetection.sleeveColorDetect(ObjectDetection.java:125): Start Opcv process to detect sleeve color.
01-02 16:54:03.873  8060  8256 I global  :  RENO - ObjectDetection.sleeveColorDetect(ObjectDetection.java:132): Sleeve max color = 186734.00, 115642.00, 81212.00
01-02 16:54:03.874  8060  8256 I global  :  RENO - ObjectDetection.sleeveColorDetect(ObjectDetection.java:151): Sleeve position: LEFT
01-02 16:54:03.940  8060  8256 I global  :  RENO - ObjectDetection.sleeveColorDetect(ObjectDetection.java:125): Start Opcv process to detect sleeve color.
01-02 16:54:03.941  8060  8256 I global  :  RENO - ObjectDetection.sleeveColorDetect(ObjectDetection.java:132): Sleeve max color = 186773.00, 115355.00, 80389.00
01-02 16:54:03.942  8060  8256 I global  :  RENO - ObjectDetection.sleeveColorDetect(ObjectDetection.java:151): Sleeve position: LEFT
01-02 16:54:04.008  8060  8256 I global  :  RENO - ObjectDetection.sleeveColorDetect(ObjectDetection.java:125): Start Opcv process to detect sleeve color.
01-02 16:54:04.009  8060  8256 I global  :  RENO - ObjectDetection.sleeveColorDetect(ObjectDetection.java:132): Sleeve max color = 186815.00, 115425.00, 80568.00
01-02 16:54:04.010  8060  8256 I global  :  RENO - ObjectDetection.sleeveColorDetect(ObjectDetection.java:151): Sleeve position: LEFT
01-02 16:54:04.072  8060  8256 I global  :  RENO - ObjectDetection.sleeveColorDetect(ObjectDetection.java:125): Start Opcv process to detect sleeve color.
01-02 16:54:04.073  8060  8256 I global  :  RENO - ObjectDetection.sleeveColorDetect(ObjectDetection.java:132): Sleeve max color = 186940.00, 115307.00, 80044.00
01-02 16:54:04.074  8060  8256 I global  :  RENO - ObjectDetection.sleeveColorDetect(ObjectDetection.java:151): Sleeve position: LEFT
01-02 16:54:04.140  8060  8256 I global  :  RENO - ObjectDetection.sleeveColorDetect(ObjectDetection.java:125): Start Opcv process to detect sleeve color.
01-02 16:54:04.141  8060  8256 I global  :  RENO - ObjectDetection.sleeveColorDetect(ObjectDetection.java:132): Sleeve max color = 187133.00, 115412.00, 80526.00
01-02 16:54:04.142  8060  8256 I global  :  RENO - ObjectDetection.sleeveColorDetect(ObjectDetection.java:151): Sleeve position: LEFT
01-02 16:54:04.149  8060  8171 V Robocol : received command: CMD_RUN_OP_MODE(10393) Auto Flip Right
01-02 16:54:04.158  8060  8251 I System.out: stopRecordingPipeline()
01-02 16:54:04.158  8060  8251 I System.out: ...stopRecordingPipeline()
01-02 16:54:04.160  8060  8251 D UsbResiliantWebcam|DelCaptureSession: stopCapture()...
01-02 16:54:04.161  8060  8251 D UsbResiliantWebcam|DelCaptureSequence: undoStreaming()...
01-02 16:54:04.161  8060  8251 D UvcApiCaptureSession: stopCapture()...
01-02 16:54:04.161  8060  8251 D Uvc     : [jni_streamhandle.cpp:184] Java_org_firstinspires_ftc_robotcore_internal_camera_libuvc_nativeobject_UvcStreamHandle_nativeStopStreaming()...
01-02 16:54:04.161  8060  8251 V Uvc     : API: Java_org_firstinspires_ftc_robotcore_internal_camera_libuvc_nativeobject_UvcStreamHandle_nativeStopStreaming: enter...
01-02 16:54:04.161  8060  8251 D Uvc     : [stream.cpp:1514] uvc_stream_stop()...
01-02 16:54:04.162  8060  8251 D UvcStream: [stream.cpp:1542] cancelling extant transfers
01-02 16:54:04.162  8060  8060 D OpenCvViewport: surfaceDestroyed()
01-02 16:54:04.162  8060  8060 D OpenCvViewport: CheckState(): lifecycle mandates deactivation regardless of user
01-02 16:54:04.162  8060  8060 D OpenCvViewport: CheckState(): deactivating viewport
01-02 16:54:04.163  8060  8254 W System.err: java.lang.InterruptedException
01-02 16:54:04.163  8060  8254 W System.err: 	at java.lang.Object.wait(Native Method)
01-02 16:54:04.163  8060  8254 W System.err: 	at org.firstinspires.ftc.robotcore.internal.collections.EvictingBlockingQueue.take(EvictingBlockingQueue.java:143)
01-02 16:54:04.163  8060  8254 W System.err: 	at org.openftc.easyopencv.OpenCvViewport$RenderThread.run(OpenCvViewport.java:554)
01-02 16:54:04.163  8060  8254 D OpenCvViewportRenderThread: About to exit
01-02 16:54:04.163  8060  8060 D OpenCvViewport: ...surfaceDestroyed()
01-02 16:54:04.194  8060  8174 V Robocol : sending CMD_NOTIFY_RUN_OP_MODE(454), attempt: 0
01-02 16:54:04.198  8060  8251 D Uvc     : [stream.cpp:1471] (waitForAllTransfers(waiting for cancelled transfers))...
01-02 16:54:04.200  8060  8251 D UvcStream: [stream.cpp:1485] no extant active transfers: continuing
01-02 16:54:04.200  8060  8251 D Uvc     : [stream.cpp:1471] ...()
01-02 16:54:04.200  8060  8251 D Uvc     : [stream.cpp:1189] uvc_stream_handle::stopIsochronousStreaming()...
01-02 16:54:04.200  8060  8251 D Uvc     : [libuvc/libuvc_internal.h:825] uvc_device_handle::setInterfaceAltSetting(setInterfaceAltSetting(intf=1 alt=0))...
01-02 16:54:04.200  8060  8251 D UvcDevice: setInterfaceAltSetting(1,0)
01-02 16:54:04.201  8060  8251 D UvcDevice: setInterfaceAltSetting(1,0) succeeded
01-02 16:54:04.201  8060  8251 D Uvc     : [libuvc/libuvc_internal.h:825] ...uvc_device_handle::setInterfaceAltSetting() rc=0
01-02 16:54:04.201  8060  8251 D Uvc     : [stream.cpp:1189] ...uvc_stream_handle::stopIsochronousStreaming() rc=0
01-02 16:54:04.201  8060  8251 D UvcStream: [stream.cpp:1558] awakening user thread
01-02 16:54:04.201  8060  8251 D UvcStream: [stream.cpp:1567] waiting for user callback thread to finish
01-02 16:54:04.201  8060  8256 D UvcStream: [stream.cpp:1329] user callback thread stopped
01-02 16:54:04.201  8060  8251 D Uvc     : [stream.cpp:1514] ...uvc_stream_stop() rc=0
01-02 16:54:04.201  8060  8251 V Uvc     : API: Java_org_firstinspires_ftc_robotcore_internal_camera_libuvc_nativeobject_UvcStreamHandle_nativeStopStreaming: ...exit
01-02 16:54:04.201  8060  8251 D Uvc     : [jni_streamhandle.cpp:184] ...Java_org_firstinspires_ftc_robotcore_internal_camera_libuvc_nativeobject_UvcStreamHandle_nativeStopStreaming()
01-02 16:54:04.201  8060  8251 V UvcFrameCallback: destroy(hash=0x005fc538)
01-02 16:54:04.202  8060  8251 V UvcFrameCallbackData: destroy(pointer=0xcd706300)
01-02 16:54:04.203  8060  8251 V Uvc     : API: Java_org_firstinspires_ftc_robotcore_internal_camera_libuvc_nativeobject_UvcFrameCallback_nativeReleaseCallbackState: enter...
01-02 16:54:04.203  8060  8251 V Uvc     : API: Java_org_firstinspires_ftc_robotcore_internal_camera_libuvc_nativeobject_UvcFrameCallback_nativeReleaseCallbackState: ...exit
01-02 16:54:04.203  8060  8251 V UvcStreamHandle: destroy(pointer=0xd28254e0)
01-02 16:54:04.203  8060  8251 D Uvc     : [jni_streamhandle.cpp:184] Java_org_firstinspires_ftc_robotcore_internal_camera_libuvc_nativeobject_UvcStreamHandle_nativeStopStreaming()...
01-02 16:54:04.203  8060  8251 V Uvc     : API: Java_org_firstinspires_ftc_robotcore_internal_camera_libuvc_nativeobject_UvcStreamHandle_nativeStopStreaming: enter...
01-02 16:54:04.203  8060  8251 D Uvc     : [stream.cpp:1514] uvc_stream_stop()...
01-02 16:54:04.204  8060  8251 D Uvc     : [stream.cpp:1514] ...uvc_stream_stop() rc=0
01-02 16:54:04.204  8060  8251 V Uvc     : API: Java_org_firstinspires_ftc_robotcore_internal_camera_libuvc_nativeobject_UvcStreamHandle_nativeStopStreaming: ...exit
01-02 16:54:04.204  8060  8251 D Uvc     : [jni_streamhandle.cpp:184] ...Java_org_firstinspires_ftc_robotcore_internal_camera_libuvc_nativeobject_UvcStreamHandle_nativeStopStreaming()
01-02 16:54:04.205  8060  8251 D Uvc     : [jni_streamhandle.cpp:200] Java_org_firstinspires_ftc_robotcore_internal_camera_libuvc_nativeobject_UvcStreamHandle_nativeCloseStreamHandle()...
01-02 16:54:04.205  8060  8251 V Uvc     : API: Java_org_firstinspires_ftc_robotcore_internal_camera_libuvc_nativeobject_UvcStreamHandle_nativeCloseStreamHandle: enter...
01-02 16:54:04.205  8060  8251 D Uvc     : [stream.cpp:1584] uvc_stream_close()...
01-02 16:54:04.205  8060  8251 D Uvc     : [streamhandle.cpp:45] uvc_stream_handle::~uvc_stream_handle()...
01-02 16:54:04.205  8060  8251 D Uvc     : [streamhandle.cpp:66] uvc_stream_handle::releaseInterface()...
01-02 16:54:04.205  8060  8251 D Uvc     : [libuvc/libuvc_internal.h:793] uvc_device_handle::releaseInterface()...
01-02 16:54:04.205  8060  8251 D UvcDevice: releaseInterface(1)
01-02 16:54:04.206  8060  8251 D UvcDevice: releaseInterface(1) succeeded
01-02 16:54:04.206  8060  8251 D Uvc     : [libuvc/libuvc_internal.h:793] ...uvc_device_handle::releaseInterface() rc=0
01-02 16:54:04.206  8060  8251 D Uvc     : [streamhandle.cpp:66] ...uvc_stream_handle::releaseInterface()
01-02 16:54:04.206  8060  8251 D Uvc     : [streamhandle.cpp:45] ...uvc_stream_handle::~uvc_stream_handle()
01-02 16:54:04.206  8060  8251 D Uvc     : [stream.cpp:1584] ...uvc_stream_close()
01-02 16:54:04.206  8060  8251 V Uvc     : API: Java_org_firstinspires_ftc_robotcore_internal_camera_libuvc_nativeobject_UvcStreamHandle_nativeCloseStreamHandle: ...exit
01-02 16:54:04.206  8060  8251 D Uvc     : [jni_streamhandle.cpp:200] ...Java_org_firstinspires_ftc_robotcore_internal_camera_libuvc_nativeobject_UvcStreamHandle_nativeCloseStreamHandle()
01-02 16:54:04.207  8060  8255 D RobotCore: capture sequence DelegatingCaptureSequenceId(1) reports completed: lastFrame=98
01-02 16:54:04.207  8060  8251 V UvcApiCameraCaptureSequence: destroy(hash=0x0ec95daa)
01-02 16:54:04.207  8060  8251 D UvcApiCaptureSession: ...stopCapture()
01-02 16:54:04.208  8060  8251 D UvcApiCaptureSession: doClose()...
01-02 16:54:04.208  8060  8251 D UvcApiCaptureSession: ...doClose()
01-02 16:54:04.208  8060  8130 D UsbResiliantWebcam|DelCaptureSession: camera session is closed: Webcam(D5386480)
01-02 16:54:04.208  8060  8251 D UsbResiliantWebcam|DelCaptureSequence: ...undoStreaming()
01-02 16:54:04.209  8060  8130 V UvcApiCaptureSession: destroy(hash=0x06bea895)
01-02 16:54:04.209  8060  8130 D UvcApiCaptureSession: destructor...
01-02 16:54:04.209  8060  8130 D UvcApiCaptureSession: ...destructor
01-02 16:54:04.210  8060  8255 D RobotCore: capture sequence DelegatingCaptureSequenceId(1) reports completed: lastFrame=98
01-02 16:54:04.210  8060  8251 V UsbResiliantWebcam|DelCaptureSequence: destroy(hash=0x041df04c)
01-02 16:54:04.211  8060  8251 D UsbResiliantWebcam|DelCaptureSession: ...stopCapture()
01-02 16:54:04.211  8060  8251 D UsbResiliantWebcam|DelCaptureSession: doClose()...
01-02 16:54:04.211  8060  8251 D UsbResiliantWebcam|DelCaptureSession: ...doClose()
01-02 16:54:04.212  8060  8251 V UsbResiliantWebcam|DelCaptureSession: destroy(hash=0x067e859e)
01-02 16:54:04.212  8060  8251 D UsbResiliantWebcam|DelCaptureSession: destructor()...
01-02 16:54:04.213  8060  8251 D UsbResiliantWebcam|DelCaptureSession: ...destructor()
01-02 16:54:04.213  8060  8251 V CameraImpl: destroy(hash=0x07ddd220)
01-02 16:54:04.213  8060  8251 D UsbResiliantWebcam: CameraImpl.destructor()...
01-02 16:54:04.213  8060  8251 D UsbResiliantWebcam: externalDestructor()...
01-02 16:54:04.214  8060  8251 V CameraImpl: destroy(hash=0x0ad104ee)
01-02 16:54:04.214  8060  8130 D CameraManager: camera reports closed: CameraImpl(UsbResiliantWebcam(Webcam(D5386480)))
01-02 16:54:04.214  8060  8251 D UvcDeviceHandle: CameraImpl.destructor()...
01-02 16:54:04.214  8060  8251 D UvcDeviceHandle: externalDestructor()...
01-02 16:54:04.215  8060  8251 D UsbResiliantWebcam: changeDelegatedCamera(CameraImpl(UvcDeviceHandle(pointer=0xcd88cc50|UvcDevice(/dev/bus/usb/003/003)))->null)...
01-02 16:54:04.216  8060  8251 D CachingExposureControl: onCameraChanged(CameraImpl(UvcDeviceHandle(pointer=0xcd88cc50|UvcDevice(/dev/bus/usb/003/003)))->null)...
01-02 16:54:04.216  8060  8251 D CachingExposureControl: ...onCameraChanged(CameraImpl(UvcDeviceHandle(pointer=0xcd88cc50|UvcDevice(/dev/bus/usb/003/003)))->null)
01-02 16:54:04.216  8060  8251 D UsbResiliantWebcam: ...changeDelegatedCamera(CameraImpl(UvcDeviceHandle(pointer=0xcd88cc50|UvcDevice(/dev/bus/usb/003/003)))->null)
01-02 16:54:04.217  8060  8251 D UvcDeviceHandle: ...externalDestructor()
01-02 16:54:04.218  8060  8251 V UvcDeviceHandle: destroy(pointer=0xcd88cc50)
01-02 16:54:04.218  8060  8251 D UvcDeviceHandle: destructor...
01-02 16:54:04.219  8060  8251 D Uvc     : [jni_devicehandle.cpp:87] Java_org_firstinspires_ftc_robotcore_internal_camera_libuvc_nativeobject_UvcDeviceHandle_nativeReleaseRefDeviceHandle()...
01-02 16:54:04.220  8060  8251 V Uvc     : API: Java_org_firstinspires_ftc_robotcore_internal_camera_libuvc_nativeobject_UvcDeviceHandle_nativeReleaseRefDeviceHandle: enter...
01-02 16:54:04.220  8060  8251 D Uvc     : [libuvc/libuvc_internal.h:872] uvc_device_handle::~uvc_device_handle()...
01-02 16:54:04.220  8060  8251 D Uvc     : [libuvc/libuvc_internal.h:840] uvc_device_handle::deconstruct()...
01-02 16:54:04.220  8060  8251 D Uvc     : [libuvc/libuvc_internal.h:751] uvc_device_handle::stop()...
01-02 16:54:04.220  8060  8251 D Uvc     : [libuvc/libuvc_internal.h:751] ...uvc_device_handle::stop()
01-02 16:54:04.220  8060  8251 D Uvc     : [libuvc/libuvc_internal.h:865] uvc_device_handle::close()...
01-02 16:54:04.220  8060  8251 E libusb  : [23.676726] [0000203b] libusb: error [do_close] Device handle closed while transfer was still being processed, but the device is still connected as far as we know
01-02 16:54:04.220  8060  8251 E libusb  : [23.676785] [0000203b] libusb: error [do_close] A cancellation hasn't even been scheduled on the transfer for which the device is closing
01-02 16:54:04.220  8060  8251 D Uvc     : [libuvc/libuvc_internal.h:865] ...uvc_device_handle::close()
01-02 16:54:04.220  8060  8251 D Uvc     : [libuvc/libuvc_internal.h:840] ...uvc_device_handle::deconstruct()
01-02 16:54:04.220  8060  8251 D Uvc     : [device.cpp:433] uvc_free_device_info()...
01-02 16:54:04.220  8060  8251 D Uvc     : [device.cpp:433] ...uvc_free_device_info()
01-02 16:54:04.220  8060  8251 D Uvc     : [libuvc/libuvc_internal.h:872] ...uvc_device_handle::~uvc_device_handle()
01-02 16:54:04.220  8060  8251 V Uvc     : API: Java_org_firstinspires_ftc_robotcore_internal_camera_libuvc_nativeobject_UvcDeviceHandle_nativeReleaseRefDeviceHandle: ...exit
01-02 16:54:04.220  8060  8251 D Uvc     : [jni_devicehandle.cpp:87] ...Java_org_firstinspires_ftc_robotcore_internal_camera_libuvc_nativeobject_UvcDeviceHandle_nativeReleaseRefDeviceHandle()
01-02 16:54:04.221  8060  8251 V UvcDevice: destroy(pointer=0xcddb66e8|/dev/bus/usb/003/003)
01-02 16:54:04.221  8060  8251 D UsbDeviceConnectionJNI: close
01-02 16:54:04.221  8060  8251 D Uvc     : [jni_device.cpp:126] Java_org_firstinspires_ftc_robotcore_internal_camera_libuvc_nativeobject_UvcDevice_nativeReleaseRefDevice()...
01-02 16:54:04.221  8060  8251 V Uvc     : API: Java_org_firstinspires_ftc_robotcore_internal_camera_libuvc_nativeobject_UvcDevice_nativeReleaseRefDevice: enter...
01-02 16:54:04.221  8060  8251 D Uvc     : [device.cpp:882] uvc_unref_device()...
01-02 16:54:04.223  8060  8251 D Uvc     : [device.cpp:882] ...uvc_unref_device()
01-02 16:54:04.223  8060  8251 V Uvc     : API: Java_org_firstinspires_ftc_robotcore_internal_camera_libuvc_nativeobject_UvcDevice_nativeReleaseRefDevice: ...exit
01-02 16:54:04.223  8060  8251 D Uvc     : [jni_device.cpp:126] ...Java_org_firstinspires_ftc_robotcore_internal_camera_libuvc_nativeobject_UvcDevice_nativeReleaseRefDevice()
01-02 16:54:04.224  8060  8251 V LibUsbDevice: destroy(pointer=0xd282b7a0)
01-02 16:54:04.224  8060  8251 D Uvc     : [jni_libusb_device.cpp:64] Java_org_firstinspires_ftc_robotcore_internal_camera_libuvc_nativeobject_LibUsbDevice_nativeReleaseRefDevice()...
01-02 16:54:04.224  8060  8251 D Uvc     : [jni_libusb_device.cpp:64] ...Java_org_firstinspires_ftc_robotcore_internal_camera_libuvc_nativeobject_LibUsbDevice_nativeReleaseRefDevice()
01-02 16:54:04.224  8060  8251 D UvcDeviceHandle: ...destructor
01-02 16:54:04.224  8060  8251 D UvcDeviceHandle: ...CameraImpl.destructor()
01-02 16:54:04.224  8060  8251 D UsbResiliantWebcam: ...externalDestructor()
01-02 16:54:04.225  8060  8251 V UsbResiliantWebcam: destroy(hash=0x0ba54cf0)
01-02 16:54:04.225  8060  8251 D UsbResiliantWebcam: destructor()...
01-02 16:54:04.225  8060  8251 D UsbResiliantWebcam: ...destructor()
01-02 16:54:04.225  8060  8251 D UsbResiliantWebcam: ...CameraImpl.destructor()
01-02 16:54:04.277  8060  8251 I global  :  RENO - ChassisWith4Motors.drivingWithPID(ChassisWith4Motors.java:797): Motors power - FL (-0.35), FR (0.35), BL (0.35), BR (-0.35)
01-02 16:54:04.280  8060  8251 I global  :  RENO - ChassisWith4Motors.strafeToJunction(ChassisWith4Motors.java:734): current encoder distance = 0.00
01-02 16:54:04.287  8060  8251 I global  :  RENO - ChassisWith4Motors.drivingWithPID(ChassisWith4Motors.java:797): Motors power - FL (-0.35), FR (0.35), BL (0.35), BR (-0.35)
01-02 16:54:04.290  8060  8251 I global  :  RENO - ChassisWith4Motors.strafeToJunction(ChassisWith4Motors.java:734): current encoder distance = 0.00
01-02 16:54:04.297  8060  8251 I global  :  RENO - ChassisWith4Motors.drivingWithPID(ChassisWith4Motors.java:797): Motors power - FL (-0.35), FR (0.35), BL (0.35), BR (-0.35)
01-02 16:54:04.301  8060  8251 I global  :  RENO - ChassisWith4Motors.strafeToJunction(ChassisWith4Motors.java:734): current encoder distance = 0.00
01-02 16:54:04.307  8060  8251 I global  :  RENO - ChassisWith4Motors.drivingWithPID(ChassisWith4Motors.java:797): Motors power - FL (-0.35), FR (0.35), BL (0.35), BR (-0.35)
01-02 16:54:04.311  8060  8251 I global  :  RENO - ChassisWith4Motors.strafeToJunction(ChassisWith4Motors.java:734): current encoder distance = 0.00
01-02 16:54:04.318  8060  8251 I global  :  RENO - ChassisWith4Motors.drivingWithPID(ChassisWith4Motors.java:797): Motors power - FL (-0.35), FR (0.35), BL (0.35), BR (-0.35)
01-02 16:54:04.321  8060  8251 I global  :  RENO - ChassisWith4Motors.strafeToJunction(ChassisWith4Motors.java:734): current encoder distance = 0.05
01-02 16:54:04.329  8060  8251 I global  :  RENO - ChassisWith4Motors.drivingWithPID(ChassisWith4Motors.java:797): Motors power - FL (-0.35), FR (0.35), BL (0.35), BR (-0.35)
01-02 16:54:04.333  8060  8251 I global  :  RENO - ChassisWith4Motors.strafeToJunction(ChassisWith4Motors.java:734): current encoder distance = 0.11
01-02 16:54:04.339  8060  8251 I global  :  RENO - ChassisWith4Motors.drivingWithPID(ChassisWith4Motors.java:797): Motors power - FL (-0.35), FR (0.35), BL (0.35), BR (-0.35)
01-02 16:54:04.343  8060  8251 I global  :  RENO - ChassisWith4Motors.strafeToJunction(ChassisWith4Motors.java:734): current encoder distance = 0.15
01-02 16:54:04.356  8060  8251 I global  :  RENO - ChassisWith4Motors.drivingWithPID(ChassisWith4Motors.java:797): Motors power - FL (-0.35), FR (0.35), BL (0.35), BR (-0.35)
01-02 16:54:04.359  8060  8251 I global  :  RENO - ChassisWith4Motors.strafeToJunction(ChassisWith4Motors.java:734): current encoder distance = 0.23
01-02 16:54:04.373  8060  8251 I global  :  RENO - ChassisWith4Motors.drivingWithPID(ChassisWith4Motors.java:797): Motors power - FL (-0.35), FR (0.35), BL (0.35), BR (-0.35)
01-02 16:54:04.377  8060  8251 I global  :  RENO - ChassisWith4Motors.strafeToJunction(ChassisWith4Motors.java:734): current encoder distance = 0.32
01-02 16:54:04.390  8060  8251 I global  :  RENO - ChassisWith4Motors.drivingWithPID(ChassisWith4Motors.java:797): Motors power - FL (-0.35), FR (0.35), BL (0.35), BR (-0.35)
01-02 16:54:04.394  8060  8251 I global  :  RENO - ChassisWith4Motors.strafeToJunction(ChassisWith4Motors.java:734): current encoder distance = 0.41
01-02 16:54:04.405  8060  8251 I global  :  RENO - ChassisWith4Motors.drivingWithPID(ChassisWith4Motors.java:797): Motors power - FL (-0.35), FR (0.35), BL (0.35), BR (-0.35)
01-02 16:54:04.409  8060  8251 I global  :  RENO - ChassisWith4Motors.strafeToJunction(ChassisWith4Motors.java:734): current encoder distance = 0.50
01-02 16:54:04.422  8060  8251 I global  :  RENO - ChassisWith4Motors.drivingWithPID(ChassisWith4Motors.java:797): Motors power - FL (-0.34), FR (0.34), BL (0.36), BR (-0.36)
01-02 16:54:04.425  8060  8251 I global  :  RENO - ChassisWith4Motors.strafeToJunction(ChassisWith4Motors.java:734): current encoder distance = 0.62
01-02 16:54:04.439  8060  8251 I global  :  RENO - ChassisWith4Motors.drivingWithPID(ChassisWith4Motors.java:797): Motors power - FL (-0.34), FR (0.34), BL (0.36), BR (-0.36)
01-02 16:54:04.443  8060  8251 I global  :  RENO - ChassisWith4Motors.strafeToJunction(ChassisWith4Motors.java:734): current encoder distance = 0.75
01-02 16:54:04.456  8060  8251 I global  :  RENO - ChassisWith4Motors.drivingWithPID(ChassisWith4Motors.java:797): Motors power - FL (-0.34), FR (0.34), BL (0.36), BR (-0.36)
01-02 16:54:04.460  8060  8251 I global  :  RENO - ChassisWith4Motors.strafeToJunction(ChassisWith4Motors.java:734): current encoder distance = 0.89
01-02 16:54:04.473  8060  8251 I global  :  RENO - ChassisWith4Motors.drivingWithPID(ChassisWith4Motors.java:797): Motors power - FL (-0.34), FR (0.34), BL (0.36), BR (-0.36)
01-02 16:54:04.476  8060  8251 I global  :  RENO - ChassisWith4Motors.strafeToJunction(ChassisWith4Motors.java:734): current encoder distance = 1.04
01-02 16:54:04.489  8060  8251 I global  :  RENO - ChassisWith4Motors.drivingWithPID(ChassisWith4Motors.java:797): Motors power - FL (-0.34), FR (0.34), BL (0.36), BR (-0.36)
01-02 16:54:04.493  8060  8251 I global  :  RENO - ChassisWith4Motors.strafeToJunction(ChassisWith4Motors.java:734): current encoder distance = 1.20
01-02 16:54:04.506  8060  8251 I global  :  RENO - ChassisWith4Motors.drivingWithPID(ChassisWith4Motors.java:797): Motors power - FL (-0.34), FR (0.34), BL (0.36), BR (-0.36)
