01-20 18:37:07.110 17568 17918 I global  :  RENO - ObjectDetection.sleeveColorDetect(ObjectDetection.java:132): Sleeve max color = 205434.00, 205162.00, 205307.00
01-20 18:37:07.111 17568 17918 I global  :  RENO - ObjectDetection.sleeveColorDetect(ObjectDetection.java:151): Sleeve position: LEFT
01-20 18:37:07.145 17568 17918 I global  :  RENO - ObjectDetection.sleeveColorDetect(ObjectDetection.java:125): Start Opcv process to detect sleeve color.
01-20 18:37:07.147 17568 17918 I global  :  RENO - ObjectDetection.sleeveColorDetect(ObjectDetection.java:132): Sleeve max color = 205536.00, 205252.00, 204814.00
01-20 18:37:07.148 17568 17918 I global  :  RENO - ObjectDetection.sleeveColorDetect(ObjectDetection.java:151): Sleeve position: LEFT
01-20 18:37:07.177 17568 17918 I global  :  RENO - ObjectDetection.sleeveColorDetect(ObjectDetection.java:125): Start Opcv process to detect sleeve color.
01-20 18:37:07.179 17568 17918 I global  :  RENO - ObjectDetection.sleeveColorDetect(ObjectDetection.java:132): Sleeve max color = 205484.00, 205163.00, 205132.00
01-20 18:37:07.180 17568 17918 I global  :  RENO - ObjectDetection.sleeveColorDetect(ObjectDetection.java:151): Sleeve position: LEFT
01-20 18:37:07.209 17568 17918 I global  :  RENO - ObjectDetection.sleeveColorDetect(ObjectDetection.java:125): Start Opcv process to detect sleeve color.
01-20 18:37:07.211 17568 17918 I global  :  RENO - ObjectDetection.sleeveColorDetect(ObjectDetection.java:132): Sleeve max color = 205576.00, 205149.00, 205266.00
01-20 18:37:07.212 17568 17918 I global  :  RENO - ObjectDetection.sleeveColorDetect(ObjectDetection.java:151): Sleeve position: LEFT
01-20 18:37:07.245 17568 17918 I global  :  RENO - ObjectDetection.sleeveColorDetect(ObjectDetection.java:125): Start Opcv process to detect sleeve color.
01-20 18:37:07.247 17568 17918 I global  :  RENO - ObjectDetection.sleeveColorDetect(ObjectDetection.java:132): Sleeve max color = 205377.00, 205249.00, 204974.00
01-20 18:37:07.248 17568 17918 I global  :  RENO - ObjectDetection.sleeveColorDetect(ObjectDetection.java:151): Sleeve position: LEFT
01-20 18:37:07.277 17568 17918 I global  :  RENO - ObjectDetection.sleeveColorDetect(ObjectDetection.java:125): Start Opcv process to detect sleeve color.
01-20 18:37:07.278 17568 17918 I global  :  RENO - ObjectDetection.sleeveColorDetect(ObjectDetection.java:132): Sleeve max color = 205432.00, 205236.00, 205004.00
01-20 18:37:07.279 17568 17918 I global  :  RENO - ObjectDetection.sleeveColorDetect(ObjectDetection.java:151): Sleeve position: LEFT
01-20 18:37:07.309 17568 17918 I global  :  RENO - ObjectDetection.sleeveColorDetect(ObjectDetection.java:125): Start Opcv process to detect sleeve color.
01-20 18:37:07.311 17568 17918 I global  :  RENO - ObjectDetection.sleeveColorDetect(ObjectDetection.java:132): Sleeve max color = 205391.00, 205305.00, 204780.00
01-20 18:37:07.312 17568 17918 I global  :  RENO - ObjectDetection.sleeveColorDetect(ObjectDetection.java:151): Sleeve position: LEFT
01-20 18:37:07.346 17568 17918 I global  :  RENO - ObjectDetection.sleeveColorDetect(ObjectDetection.java:125): Start Opcv process to detect sleeve color.
01-20 18:37:07.348 17568 17918 I global  :  RENO - ObjectDetection.sleeveColorDetect(ObjectDetection.java:132): Sleeve max color = 205561.00, 205115.00, 205264.00
01-20 18:37:07.350 17568 17918 I global  :  RENO - ObjectDetection.sleeveColorDetect(ObjectDetection.java:151): Sleeve position: LEFT
01-20 18:37:07.378 17568 17918 I global  :  RENO - ObjectDetection.sleeveColorDetect(ObjectDetection.java:125): Start Opcv process to detect sleeve color.
01-20 18:37:07.380 17568 17918 I global  :  RENO - ObjectDetection.sleeveColorDetect(ObjectDetection.java:132): Sleeve max color = 205455.00, 205242.00, 204698.00
01-20 18:37:07.381 17568 17918 I global  :  RENO - ObjectDetection.sleeveColorDetect(ObjectDetection.java:151): Sleeve position: LEFT
01-20 18:37:07.409 17568 17918 I global  :  RENO - ObjectDetection.sleeveColorDetect(ObjectDetection.java:125): Start Opcv process to detect sleeve color.
01-20 18:37:07.411 17568 17918 I global  :  RENO - ObjectDetection.sleeveColorDetect(ObjectDetection.java:132): Sleeve max color = 205340.00, 205306.00, 204788.00
01-20 18:37:07.413 17568 17918 I global  :  RENO - ObjectDetection.sleeveColorDetect(ObjectDetection.java:151): Sleeve position: LEFT
01-20 18:37:07.445 17568 17918 I global  :  RENO - ObjectDetection.sleeveColorDetect(ObjectDetection.java:125): Start Opcv process to detect sleeve color.
01-20 18:37:07.446 17568 17918 I global  :  RENO - ObjectDetection.sleeveColorDetect(ObjectDetection.java:132): Sleeve max color = 205466.00, 205237.00, 205070.00
01-20 18:37:07.447 17568 17918 I global  :  RENO - ObjectDetection.sleeveColorDetect(ObjectDetection.java:151): Sleeve position: LEFT
01-20 18:37:07.477 17568 17918 I global  :  RENO - ObjectDetection.sleeveColorDetect(ObjectDetection.java:125): Start Opcv process to detect sleeve color.
01-20 18:37:07.479 17568 17918 I global  :  RENO - ObjectDetection.sleeveColorDetect(ObjectDetection.java:132): Sleeve max color = 205492.00, 205159.00, 205121.00
01-20 18:37:07.480 17568 17918 I global  :  RENO - ObjectDetection.sleeveColorDetect(ObjectDetection.java:151): Sleeve position: LEFT
01-20 18:37:07.510 17568 17918 I global  :  RENO - ObjectDetection.sleeveColorDetect(ObjectDetection.java:125): Start Opcv process to detect sleeve color.
01-20 18:37:07.512 17568 17918 I global  :  RENO - ObjectDetection.sleeveColorDetect(ObjectDetection.java:132): Sleeve max color = 205522.00, 205219.00, 205122.00
01-20 18:37:07.512 17568 17918 I global  :  RENO - ObjectDetection.sleeveColorDetect(ObjectDetection.java:151): Sleeve position: LEFT
01-20 18:37:07.545 17568 17918 I global  :  RENO - ObjectDetection.sleeveColorDetect(ObjectDetection.java:125): Start Opcv process to detect sleeve color.
01-20 18:37:07.546 17568 17918 I global  :  RENO - ObjectDetection.sleeveColorDetect(ObjectDetection.java:132): Sleeve max color = 205445.00, 205325.00, 205023.00
01-20 18:37:07.548 17568 17918 I global  :  RENO - ObjectDetection.sleeveColorDetect(ObjectDetection.java:151): Sleeve position: LEFT
01-20 18:37:07.578 17568 17918 I global  :  RENO - ObjectDetection.sleeveColorDetect(ObjectDetection.java:125): Start Opcv process to detect sleeve color.
01-20 18:37:07.581 17568 17918 I global  :  RENO - ObjectDetection.sleeveColorDetect(ObjectDetection.java:132): Sleeve max color = 205479.00, 205231.00, 204797.00
01-20 18:37:07.583 17568 17918 I global  :  RENO - ObjectDetection.sleeveColorDetect(ObjectDetection.java:151): Sleeve position: LEFT
01-20 18:37:07.610 17568 17918 I global  :  RENO - ObjectDetection.sleeveColorDetect(ObjectDetection.java:125): Start Opcv process to detect sleeve color.
01-20 18:37:07.612 17568 17918 I global  :  RENO - ObjectDetection.sleeveColorDetect(ObjectDetection.java:132): Sleeve max color = 205319.00, 205142.00, 204911.00
01-20 18:37:07.613 17568 17918 I global  :  RENO - ObjectDetection.sleeveColorDetect(ObjectDetection.java:151): Sleeve position: LEFT
01-20 18:37:07.647 17568 17918 I global  :  RENO - ObjectDetection.sleeveColorDetect(ObjectDetection.java:125): Start Opcv process to detect sleeve color.
01-20 18:37:07.648 17568 17918 I global  :  RENO - ObjectDetection.sleeveColorDetect(ObjectDetection.java:132): Sleeve max color = 205338.00, 205226.00, 205044.00
01-20 18:37:07.649 17568 17918 I global  :  RENO - ObjectDetection.sleeveColorDetect(ObjectDetection.java:151): Sleeve position: LEFT
01-20 18:37:07.679 17568 17918 I global  :  RENO - ObjectDetection.sleeveColorDetect(ObjectDetection.java:125): Start Opcv process to detect sleeve color.
01-20 18:37:07.680 17568 17918 I global  :  RENO - ObjectDetection.sleeveColorDetect(ObjectDetection.java:132): Sleeve max color = 205490.00, 205159.00, 204956.00
01-20 18:37:07.681 17568 17918 I global  :  RENO - ObjectDetection.sleeveColorDetect(ObjectDetection.java:151): Sleeve position: LEFT
01-20 18:37:07.709 17568 17918 I global  :  RENO - ObjectDetection.sleeveColorDetect(ObjectDetection.java:125): Start Opcv process to detect sleeve color.
01-20 18:37:07.710 17568 17918 I global  :  RENO - ObjectDetection.sleeveColorDetect(ObjectDetection.java:132): Sleeve max color = 205487.00, 205312.00, 205144.00
01-20 18:37:07.712 17568 17918 I global  :  RENO - ObjectDetection.sleeveColorDetect(ObjectDetection.java:151): Sleeve position: LEFT
01-20 18:37:07.745 17568 17918 I global  :  RENO - ObjectDetection.sleeveColorDetect(ObjectDetection.java:125): Start Opcv process to detect sleeve color.
01-20 18:37:07.746 17568 17918 I global  :  RENO - ObjectDetection.sleeveColorDetect(ObjectDetection.java:132): Sleeve max color = 205260.00, 205259.00, 204647.00
01-20 18:37:07.747 17568 17918 I global  :  RENO - ObjectDetection.sleeveColorDetect(ObjectDetection.java:151): Sleeve position: LEFT
01-20 18:37:07.777 17568 17918 I global  :  RENO - ObjectDetection.sleeveColorDetect(ObjectDetection.java:125): Start Opcv process to detect sleeve color.
01-20 18:37:07.778 17568 17918 I global  :  RENO - ObjectDetection.sleeveColorDetect(ObjectDetection.java:132): Sleeve max color = 205467.00, 205166.00, 204781.00
01-20 18:37:07.779 17568 17918 I global  :  RENO - ObjectDetection.sleeveColorDetect(ObjectDetection.java:151): Sleeve position: LEFT
01-20 18:37:07.809 17568 17918 I global  :  RENO - ObjectDetection.sleeveColorDetect(ObjectDetection.java:125): Start Opcv process to detect sleeve color.
01-20 18:37:07.811 17568 17918 I global  :  RENO - ObjectDetection.sleeveColorDetect(ObjectDetection.java:132): Sleeve max color = 205530.00, 205170.00, 205165.00
01-20 18:37:07.812 17568 17918 I global  :  RENO - ObjectDetection.sleeveColorDetect(ObjectDetection.java:151): Sleeve position: LEFT
01-20 18:37:07.845 17568 17918 I global  :  RENO - ObjectDetection.sleeveColorDetect(ObjectDetection.java:125): Start Opcv process to detect sleeve color.
01-20 18:37:07.847 17568 17918 I global  :  RENO - ObjectDetection.sleeveColorDetect(ObjectDetection.java:132): Sleeve max color = 205576.00, 205143.00, 205206.00
01-20 18:37:07.848 17568 17918 I global  :  RENO - ObjectDetection.sleeveColorDetect(ObjectDetection.java:151): Sleeve position: LEFT
01-20 18:37:07.878 17568 17918 I global  :  RENO - ObjectDetection.sleeveColorDetect(ObjectDetection.java:125): Start Opcv process to detect sleeve color.
01-20 18:37:07.880 17568 17918 I global  :  RENO - ObjectDetection.sleeveColorDetect(ObjectDetection.java:132): Sleeve max color = 205588.00, 205247.00, 204757.00
01-20 18:37:07.881 17568 17918 I global  :  RENO - ObjectDetection.sleeveColorDetect(ObjectDetection.java:151): Sleeve position: LEFT
01-20 18:37:07.912 17568 17918 I global  :  RENO - ObjectDetection.sleeveColorDetect(ObjectDetection.java:125): Start Opcv process to detect sleeve color.
01-20 18:37:07.914 17568 17918 I global  :  RENO - ObjectDetection.sleeveColorDetect(ObjectDetection.java:132): Sleeve max color = 205509.00, 205308.00, 204990.00
01-20 18:37:07.915 17568 17918 I global  :  RENO - ObjectDetection.sleeveColorDetect(ObjectDetection.java:151): Sleeve position: LEFT
01-20 18:37:07.945 17568 17918 I global  :  RENO - ObjectDetection.sleeveColorDetect(ObjectDetection.java:125): Start Opcv process to detect sleeve color.
01-20 18:37:07.947 17568 17918 I global  :  RENO - ObjectDetection.sleeveColorDetect(ObjectDetection.java:132): Sleeve max color = 205483.00, 205214.00, 205045.00
01-20 18:37:07.948 17568 17918 I global  :  RENO - ObjectDetection.sleeveColorDetect(ObjectDetection.java:151): Sleeve position: LEFT
01-20 18:37:07.981 17568 17918 I global  :  RENO - ObjectDetection.sleeveColorDetect(ObjectDetection.java:125): Start Opcv process to detect sleeve color.
01-20 18:37:07.983 17568 17918 I global  :  RENO - ObjectDetection.sleeveColorDetect(ObjectDetection.java:132): Sleeve max color = 205522.00, 205308.00, 204956.00
01-20 18:37:07.985 17568 17918 I global  :  RENO - ObjectDetection.sleeveColorDetect(ObjectDetection.java:151): Sleeve position: LEFT
01-20 18:37:08.011 17568 17918 I global  :  RENO - ObjectDetection.sleeveColorDetect(ObjectDetection.java:125): Start Opcv process to detect sleeve color.
01-20 18:37:08.013 17568 17918 I global  :  RENO - ObjectDetection.sleeveColorDetect(ObjectDetection.java:132): Sleeve max color = 205590.00, 205315.00, 205130.00
01-20 18:37:08.014 17568 17918 I global  :  RENO - ObjectDetection.sleeveColorDetect(ObjectDetection.java:151): Sleeve position: LEFT
01-20 18:37:08.046 17568 17918 I global  :  RENO - ObjectDetection.sleeveColorDetect(ObjectDetection.java:125): Start Opcv process to detect sleeve color.
01-20 18:37:08.047 17568 17918 I global  :  RENO - ObjectDetection.sleeveColorDetect(ObjectDetection.java:132): Sleeve max color = 205559.00, 205328.00, 205041.00
01-20 18:37:08.048 17568 17918 I global  :  RENO - ObjectDetection.sleeveColorDetect(ObjectDetection.java:151): Sleeve position: LEFT
01-20 18:37:08.077 17568 17918 I global  :  RENO - ObjectDetection.sleeveColorDetect(ObjectDetection.java:125): Start Opcv process to detect sleeve color.
01-20 18:37:08.078 17568 17918 I global  :  RENO - ObjectDetection.sleeveColorDetect(ObjectDetection.java:132): Sleeve max color = 205417.00, 205314.00, 205225.00
01-20 18:37:08.079 17568 17918 I global  :  RENO - ObjectDetection.sleeveColorDetect(ObjectDetection.java:151): Sleeve position: LEFT
01-20 18:37:08.109 17568 17918 I global  :  RENO - ObjectDetection.sleeveColorDetect(ObjectDetection.java:125): Start Opcv process to detect sleeve color.
01-20 18:37:08.110 17568 17918 I global  :  RENO - ObjectDetection.sleeveColorDetect(ObjectDetection.java:132): Sleeve max color = 205538.00, 205305.00, 204908.00
01-20 18:37:08.111 17568 17918 I global  :  RENO - ObjectDetection.sleeveColorDetect(ObjectDetection.java:151): Sleeve position: LEFT
01-20 18:37:08.145 17568 17918 I global  :  RENO - ObjectDetection.sleeveColorDetect(ObjectDetection.java:125): Start Opcv process to detect sleeve color.
01-20 18:37:08.146 17568 17918 I global  :  RENO - ObjectDetection.sleeveColorDetect(ObjectDetection.java:132): Sleeve max color = 205293.00, 205306.00, 204856.00
01-20 18:37:08.147 17568 17918 I global  :  RENO - ObjectDetection.sleeveColorDetect(ObjectDetection.java:151): Sleeve position: CENTER
01-20 18:37:08.177 17568 17918 I global  :  RENO - ObjectDetection.sleeveColorDetect(ObjectDetection.java:125): Start Opcv process to detect sleeve color.
01-20 18:37:08.179 17568 17918 I global  :  RENO - ObjectDetection.sleeveColorDetect(ObjectDetection.java:132): Sleeve max color = 205600.00, 205222.00, 204934.00
01-20 18:37:08.180 17568 17918 I global  :  RENO - ObjectDetection.sleeveColorDetect(ObjectDetection.java:151): Sleeve position: LEFT
01-20 18:37:08.209 17568 17918 I global  :  RENO - ObjectDetection.sleeveColorDetect(ObjectDetection.java:125): Start Opcv process to detect sleeve color.
01-20 18:37:08.210 17568 17918 I global  :  RENO - ObjectDetection.sleeveColorDetect(ObjectDetection.java:132): Sleeve max color = 205528.00, 205326.00, 205038.00
01-20 18:37:08.211 17568 17918 I global  :  RENO - ObjectDetection.sleeveColorDetect(ObjectDetection.java:151): Sleeve position: LEFT
01-20 18:37:08.245 17568 17918 I global  :  RENO - ObjectDetection.sleeveColorDetect(ObjectDetection.java:125): Start Opcv process to detect sleeve color.
01-20 18:37:08.246 17568 17918 I global  :  RENO - ObjectDetection.sleeveColorDetect(ObjectDetection.java:132): Sleeve max color = 205557.00, 205235.00, 205186.00
01-20 18:37:08.247 17568 17918 I global  :  RENO - ObjectDetection.sleeveColorDetect(ObjectDetection.java:151): Sleeve position: LEFT
01-20 18:37:08.277 17568 17918 I global  :  RENO - ObjectDetection.sleeveColorDetect(ObjectDetection.java:125): Start Opcv process to detect sleeve color.
01-20 18:37:08.278 17568 17918 I global  :  RENO - ObjectDetection.sleeveColorDetect(ObjectDetection.java:132): Sleeve max color = 205543.00, 205287.00, 204818.00
01-20 18:37:08.279 17568 17918 I global  :  RENO - ObjectDetection.sleeveColorDetect(ObjectDetection.java:151): Sleeve position: LEFT
01-20 18:37:08.309 17568 17918 I global  :  RENO - ObjectDetection.sleeveColorDetect(ObjectDetection.java:125): Start Opcv process to detect sleeve color.
01-20 18:37:08.310 17568 17918 I global  :  RENO - ObjectDetection.sleeveColorDetect(ObjectDetection.java:132): Sleeve max color = 205545.00, 205318.00, 204860.00
01-20 18:37:08.311 17568 17918 I global  :  RENO - ObjectDetection.sleeveColorDetect(ObjectDetection.java:151): Sleeve position: LEFT
01-20 18:37:08.345 17568 17918 I global  :  RENO - ObjectDetection.sleeveColorDetect(ObjectDetection.java:125): Start Opcv process to detect sleeve color.
01-20 18:37:08.346 17568 17918 I global  :  RENO - ObjectDetection.sleeveColorDetect(ObjectDetection.java:132): Sleeve max color = 205616.00, 205266.00, 205422.00
01-20 18:37:08.348 17568 17918 I global  :  RENO - ObjectDetection.sleeveColorDetect(ObjectDetection.java:151): Sleeve position: LEFT
01-20 18:37:08.377 17568 17918 I global  :  RENO - ObjectDetection.sleeveColorDetect(ObjectDetection.java:125): Start Opcv process to detect sleeve color.
01-20 18:37:08.378 17568 17918 I global  :  RENO - ObjectDetection.sleeveColorDetect(ObjectDetection.java:132): Sleeve max color = 205541.00, 205306.00, 204874.00
01-20 18:37:08.380 17568 17918 I global  :  RENO - ObjectDetection.sleeveColorDetect(ObjectDetection.java:151): Sleeve position: LEFT
01-20 18:37:08.410 17568 17918 I global  :  RENO - ObjectDetection.sleeveColorDetect(ObjectDetection.java:125): Start Opcv process to detect sleeve color.
01-20 18:37:08.412 17568 17918 I global  :  RENO - ObjectDetection.sleeveColorDetect(ObjectDetection.java:132): Sleeve max color = 205747.00, 205184.00, 204963.00
01-20 18:37:08.413 17568 17918 I global  :  RENO - ObjectDetection.sleeveColorDetect(ObjectDetection.java:151): Sleeve position: LEFT
01-20 18:37:08.427 17568 17688 V Robocol : received command: CMD_RUN_OP_MODE(10581) Autonomous_Right
01-20 18:37:08.445 17568 17918 I global  :  RENO - ObjectDetection.sleeveColorDetect(ObjectDetection.java:125): Start Opcv process to detect sleeve color.
01-20 18:37:08.446 17568 17918 I global  :  RENO - ObjectDetection.sleeveColorDetect(ObjectDetection.java:132): Sleeve max color = 205671.00, 205343.00, 204711.00
01-20 18:37:08.447 17568 17918 I global  :  RENO - ObjectDetection.sleeveColorDetect(ObjectDetection.java:151): Sleeve position: LEFT
01-20 18:37:08.457 17568 17906 I System.out: stopRecordingPipeline()
01-20 18:37:08.457 17568 17906 I System.out: ...stopRecordingPipeline()
01-20 18:37:08.458 17568 17906 D UsbResiliantWebcam|DelCaptureSession: stopCapture()...
01-20 18:37:08.458 17568 17906 D UsbResiliantWebcam|DelCaptureSequence: undoStreaming()...
01-20 18:37:08.459 17568 17906 D UvcApiCaptureSession: stopCapture()...
01-20 18:37:08.459 17568 17906 D Uvc     : [jni_streamhandle.cpp:184] Java_org_firstinspires_ftc_robotcore_internal_camera_libuvc_nativeobject_UvcStreamHandle_nativeStopStreaming()...
01-20 18:37:08.459 17568 17906 V Uvc     : API: Java_org_firstinspires_ftc_robotcore_internal_camera_libuvc_nativeobject_UvcStreamHandle_nativeStopStreaming: enter...
01-20 18:37:08.459 17568 17906 D Uvc     : [stream.cpp:1514] uvc_stream_stop()...
01-20 18:37:08.459 17568 17906 D UvcStream: [stream.cpp:1542] cancelling extant transfers
01-20 18:37:08.465 17568 17568 D OpenCvViewport: surfaceDestroyed()
01-20 18:37:08.465 17568 17568 D OpenCvViewport: CheckState(): lifecycle mandates deactivation regardless of user
01-20 18:37:08.465 17568 17568 D OpenCvViewport: CheckState(): deactivating viewport
01-20 18:37:08.466 17568 17916 W System.err: java.lang.InterruptedException
01-20 18:37:08.466 17568 17916 W System.err: 	at java.lang.Object.wait(Native Method)
01-20 18:37:08.466 17568 17916 W System.err: 	at org.firstinspires.ftc.robotcore.internal.collections.EvictingBlockingQueue.take(EvictingBlockingQueue.java:143)
01-20 18:37:08.466 17568 17916 W System.err: 	at org.openftc.easyopencv.OpenCvViewport$RenderThread.run(OpenCvViewport.java:554)
01-20 18:37:08.466 17568 17916 D OpenCvViewportRenderThread: About to exit
01-20 18:37:08.467 17568 17568 D OpenCvViewport: ...surfaceDestroyed()
01-20 18:37:08.476 17568 17703 V Robocol : sending CMD_NOTIFY_RUN_OP_MODE(633), attempt: 0
01-20 18:37:08.499 17568 17906 D Uvc     : [stream.cpp:1471] (waitForAllTransfers(waiting for cancelled transfers))...
01-20 18:37:08.501 17568 17918 D UvcStream: [stream.cpp:1329] user callback thread stopped
01-20 18:37:08.502 17568 17906 D UvcStream: [stream.cpp:1485] no extant active transfers: continuing
01-20 18:37:08.502 17568 17906 D Uvc     : [stream.cpp:1471] ...()
01-20 18:37:08.502 17568 17906 D Uvc     : [stream.cpp:1189] uvc_stream_handle::stopIsochronousStreaming()...
01-20 18:37:08.502 17568 17906 D Uvc     : [libuvc/libuvc_internal.h:825] uvc_device_handle::setInterfaceAltSetting(setInterfaceAltSetting(intf=1 alt=0))...
01-20 18:37:08.502 17568 17906 D UvcDevice: setInterfaceAltSetting(1,0)
01-20 18:37:08.503 17568 17906 D UvcDevice: setInterfaceAltSetting(1,0) succeeded
01-20 18:37:08.503 17568 17906 D Uvc     : [libuvc/libuvc_internal.h:825] ...uvc_device_handle::setInterfaceAltSetting() rc=0
01-20 18:37:08.503 17568 17906 D Uvc     : [stream.cpp:1189] ...uvc_stream_handle::stopIsochronousStreaming() rc=0
01-20 18:37:08.504 17568 17906 D UvcStream: [stream.cpp:1558] awakening user thread
01-20 18:37:08.504 17568 17906 D UvcStream: [stream.cpp:1567] waiting for user callback thread to finish
01-20 18:37:08.504 17568 17906 D Uvc     : [stream.cpp:1514] ...uvc_stream_stop() rc=0
01-20 18:37:08.504 17568 17906 V Uvc     : API: Java_org_firstinspires_ftc_robotcore_internal_camera_libuvc_nativeobject_UvcStreamHandle_nativeStopStreaming: ...exit
01-20 18:37:08.504 17568 17906 D Uvc     : [jni_streamhandle.cpp:184] ...Java_org_firstinspires_ftc_robotcore_internal_camera_libuvc_nativeobject_UvcStreamHandle_nativeStopStreaming()
01-20 18:37:08.504 17568 17906 V UvcFrameCallback: destroy(hash=0x0693b9cd)
01-20 18:37:08.505 17568 17906 V UvcFrameCallbackData: destroy(pointer=0xce0896f0)
01-20 18:37:08.507 17568 17906 V Uvc     : API: Java_org_firstinspires_ftc_robotcore_internal_camera_libuvc_nativeobject_UvcFrameCallback_nativeReleaseCallbackState: enter...
01-20 18:37:08.507 17568 17906 V Uvc     : API: Java_org_firstinspires_ftc_robotcore_internal_camera_libuvc_nativeobject_UvcFrameCallback_nativeReleaseCallbackState: ...exit
01-20 18:37:08.509 17568 17906 V UvcStreamHandle: destroy(pointer=0xd2524d00)
01-20 18:37:08.509 17568 17906 D Uvc     : [jni_streamhandle.cpp:184] Java_org_firstinspires_ftc_robotcore_internal_camera_libuvc_nativeobject_UvcStreamHandle_nativeStopStreaming()...
01-20 18:37:08.509 17568 17906 V Uvc     : API: Java_org_firstinspires_ftc_robotcore_internal_camera_libuvc_nativeobject_UvcStreamHandle_nativeStopStreaming: enter...
01-20 18:37:08.509 17568 17906 D Uvc     : [stream.cpp:1514] uvc_stream_stop()...
01-20 18:37:08.509 17568 17906 D Uvc     : [stream.cpp:1514] ...uvc_stream_stop() rc=0
01-20 18:37:08.509 17568 17906 V Uvc     : API: Java_org_firstinspires_ftc_robotcore_internal_camera_libuvc_nativeobject_UvcStreamHandle_nativeStopStreaming: ...exit
01-20 18:37:08.510 17568 17906 D Uvc     : [jni_streamhandle.cpp:184] ...Java_org_firstinspires_ftc_robotcore_internal_camera_libuvc_nativeobject_UvcStreamHandle_nativeStopStreaming()
01-20 18:37:08.511 17568 17906 D Uvc     : [jni_streamhandle.cpp:200] Java_org_firstinspires_ftc_robotcore_internal_camera_libuvc_nativeobject_UvcStreamHandle_nativeCloseStreamHandle()...
01-20 18:37:08.511 17568 17906 V Uvc     : API: Java_org_firstinspires_ftc_robotcore_internal_camera_libuvc_nativeobject_UvcStreamHandle_nativeCloseStreamHandle: enter...
01-20 18:37:08.511 17568 17906 D Uvc     : [stream.cpp:1584] uvc_stream_close()...
01-20 18:37:08.511 17568 17906 D Uvc     : [streamhandle.cpp:45] uvc_stream_handle::~uvc_stream_handle()...
01-20 18:37:08.511 17568 17906 D Uvc     : [streamhandle.cpp:66] uvc_stream_handle::releaseInterface()...
01-20 18:37:08.511 17568 17906 D Uvc     : [libuvc/libuvc_internal.h:793] uvc_device_handle::releaseInterface()...
01-20 18:37:08.512 17568 17906 D UvcDevice: releaseInterface(1)
01-20 18:37:08.512 17568 17906 D UvcDevice: releaseInterface(1) succeeded
01-20 18:37:08.512 17568 17906 D Uvc     : [libuvc/libuvc_internal.h:793] ...uvc_device_handle::releaseInterface() rc=0
01-20 18:37:08.512 17568 17906 D Uvc     : [streamhandle.cpp:66] ...uvc_stream_handle::releaseInterface()
01-20 18:37:08.513 17568 17906 D Uvc     : [streamhandle.cpp:45] ...uvc_stream_handle::~uvc_stream_handle()
01-20 18:37:08.513 17568 17906 D Uvc     : [stream.cpp:1584] ...uvc_stream_close()
01-20 18:37:08.513 17568 17906 V Uvc     : API: Java_org_firstinspires_ftc_robotcore_internal_camera_libuvc_nativeobject_UvcStreamHandle_nativeCloseStreamHandle: ...exit
01-20 18:37:08.513 17568 17906 D Uvc     : [jni_streamhandle.cpp:200] ...Java_org_firstinspires_ftc_robotcore_internal_camera_libuvc_nativeobject_UvcStreamHandle_nativeCloseStreamHandle()
01-20 18:37:08.514 17568 17917 D RobotCore: capture sequence DelegatingCaptureSequenceId(1) reports completed: lastFrame=203
01-20 18:37:08.515 17568 17906 V UvcApiCameraCaptureSequence: destroy(hash=0x090a68f7)
01-20 18:37:08.515 17568 17906 D UvcApiCaptureSession: ...stopCapture()
01-20 18:37:08.515 17568 17906 D UvcApiCaptureSession: doClose()...
01-20 18:37:08.516 17568 17915 D UsbResiliantWebcam|DelCaptureSession: camera session is closed: Webcam(D5386480)
01-20 18:37:08.517 17568 17906 D UvcApiCaptureSession: ...doClose()
01-20 18:37:08.518 17568 17906 V UvcApiCaptureSession: destroy(hash=0x086cccf6)
01-20 18:37:08.518 17568 17906 D UvcApiCaptureSession: destructor...
01-20 18:37:08.519 17568 17906 D UvcApiCaptureSession: ...destructor
01-20 18:37:08.519 17568 17906 D UsbResiliantWebcam|DelCaptureSequence: ...undoStreaming()
01-20 18:37:08.520 17568 17917 D RobotCore: capture sequence DelegatingCaptureSequenceId(1) reports completed: lastFrame=203
01-20 18:37:08.521 17568 17906 V UsbResiliantWebcam|DelCaptureSequence: destroy(hash=0x01505591)
01-20 18:37:08.521 17568 17906 D UsbResiliantWebcam|DelCaptureSession: ...stopCapture()
01-20 18:37:08.522 17568 17906 D UsbResiliantWebcam|DelCaptureSession: doClose()...
01-20 18:37:08.522 17568 17906 D UsbResiliantWebcam|DelCaptureSession: ...doClose()
01-20 18:37:08.522 17568 17906 V UsbResiliantWebcam|DelCaptureSession: destroy(hash=0x0043861b)
01-20 18:37:08.523 17568 17906 D UsbResiliantWebcam|DelCaptureSession: destructor()...
01-20 18:37:08.523 17568 17906 D UsbResiliantWebcam|DelCaptureSession: ...destructor()
01-20 18:37:08.523 17568 17906 V CameraImpl: destroy(hash=0x0955c6cc)
01-20 18:37:08.524 17568 17906 D UsbResiliantWebcam: CameraImpl.destructor()...
01-20 18:37:08.524 17568 17906 D UsbResiliantWebcam: externalDestructor()...
01-20 18:37:08.524 17568 17906 V CameraImpl: destroy(hash=0x0830dc7a)
01-20 18:37:08.524 17568 17915 D CameraManager: camera reports closed: CameraImpl(UsbResiliantWebcam(Webcam(D5386480)))
01-20 18:37:08.524 17568 17906 D UvcDeviceHandle: CameraImpl.destructor()...
01-20 18:37:08.524 17568 17906 D UvcDeviceHandle: externalDestructor()...
01-20 18:37:08.525 17568 17906 D UsbResiliantWebcam: changeDelegatedCamera(CameraImpl(UvcDeviceHandle(pointer=0xce0ba470|UvcDevice(/dev/bus/usb/003/004)))->null)...
01-20 18:37:08.526 17568 17906 D CachingExposureControl: onCameraChanged(CameraImpl(UvcDeviceHandle(pointer=0xce0ba470|UvcDevice(/dev/bus/usb/003/004)))->null)...
01-20 18:37:08.526 17568 17906 D CachingExposureControl: ...onCameraChanged(CameraImpl(UvcDeviceHandle(pointer=0xce0ba470|UvcDevice(/dev/bus/usb/003/004)))->null)
01-20 18:37:08.526 17568 17906 D UsbResiliantWebcam: ...changeDelegatedCamera(CameraImpl(UvcDeviceHandle(pointer=0xce0ba470|UvcDevice(/dev/bus/usb/003/004)))->null)
01-20 18:37:08.526 17568 17906 D UvcDeviceHandle: ...externalDestructor()
01-20 18:37:08.526 17568 17906 V UvcDeviceHandle: destroy(pointer=0xce0ba470)
01-20 18:37:08.526 17568 17906 D UvcDeviceHandle: destructor...
01-20 18:37:08.528 17568 17906 D Uvc     : [jni_devicehandle.cpp:87] Java_org_firstinspires_ftc_robotcore_internal_camera_libuvc_nativeobject_UvcDeviceHandle_nativeReleaseRefDeviceHandle()...
01-20 18:37:08.528 17568 17906 V Uvc     : API: Java_org_firstinspires_ftc_robotcore_internal_camera_libuvc_nativeobject_UvcDeviceHandle_nativeReleaseRefDeviceHandle: enter...
01-20 18:37:08.528 17568 17906 D Uvc     : [libuvc/libuvc_internal.h:872] uvc_device_handle::~uvc_device_handle()...
01-20 18:37:08.528 17568 17906 D Uvc     : [libuvc/libuvc_internal.h:840] uvc_device_handle::deconstruct()...
01-20 18:37:08.528 17568 17906 D Uvc     : [libuvc/libuvc_internal.h:751] uvc_device_handle::stop()...
01-20 18:37:08.528 17568 17906 D Uvc     : [libuvc/libuvc_internal.h:751] ...uvc_device_handle::stop()
01-20 18:37:08.528 17568 17906 D Uvc     : [libuvc/libuvc_internal.h:865] uvc_device_handle::close()...
01-20 18:37:08.528 17568 17906 E libusb  : [38.123417] [000045f2] libusb: error [do_close] Device handle closed while transfer was still being processed, but the device is still connected as far as we know
01-20 18:37:08.528 17568 17906 E libusb  : [38.123493] [000045f2] libusb: error [do_close] A cancellation hasn't even been scheduled on the transfer for which the device is closing
01-20 18:37:08.528 17568 17906 D Uvc     : [libuvc/libuvc_internal.h:865] ...uvc_device_handle::close()
01-20 18:37:08.528 17568 17906 D Uvc     : [libuvc/libuvc_internal.h:840] ...uvc_device_handle::deconstruct()
01-20 18:37:08.528 17568 17906 D Uvc     : [device.cpp:433] uvc_free_device_info()...
01-20 18:37:08.528 17568 17906 D Uvc     : [device.cpp:433] ...uvc_free_device_info()
01-20 18:37:08.528 17568 17906 D Uvc     : [libuvc/libuvc_internal.h:872] ...uvc_device_handle::~uvc_device_handle()
01-20 18:37:08.528 17568 17906 V Uvc     : API: Java_org_firstinspires_ftc_robotcore_internal_camera_libuvc_nativeobject_UvcDeviceHandle_nativeReleaseRefDeviceHandle: ...exit
01-20 18:37:08.528 17568 17906 D Uvc     : [jni_devicehandle.cpp:87] ...Java_org_firstinspires_ftc_robotcore_internal_camera_libuvc_nativeobject_UvcDeviceHandle_nativeReleaseRefDeviceHandle()
01-20 18:37:08.529 17568 17906 V UvcDevice: destroy(pointer=0xce09f800|/dev/bus/usb/003/004)
01-20 18:37:08.529 17568 17906 D UsbDeviceConnectionJNI: close
01-20 18:37:08.529 17568 17906 D Uvc     : [jni_device.cpp:126] Java_org_firstinspires_ftc_robotcore_internal_camera_libuvc_nativeobject_UvcDevice_nativeReleaseRefDevice()...
01-20 18:37:08.529 17568 17906 V Uvc     : API: Java_org_firstinspires_ftc_robotcore_internal_camera_libuvc_nativeobject_UvcDevice_nativeReleaseRefDevice: enter...
01-20 18:37:08.529 17568 17906 D Uvc     : [device.cpp:882] uvc_unref_device()...
01-20 18:37:08.531 17568 17906 D Uvc     : [device.cpp:882] ...uvc_unref_device()
01-20 18:37:08.531 17568 17906 V Uvc     : API: Java_org_firstinspires_ftc_robotcore_internal_camera_libuvc_nativeobject_UvcDevice_nativeReleaseRefDevice: ...exit
01-20 18:37:08.531 17568 17906 D Uvc     : [jni_device.cpp:126] ...Java_org_firstinspires_ftc_robotcore_internal_camera_libuvc_nativeobject_UvcDevice_nativeReleaseRefDevice()
01-20 18:37:08.532 17568 17906 V LibUsbDevice: destroy(pointer=0xd252b560)
01-20 18:37:08.532 17568 17906 D Uvc     : [jni_libusb_device.cpp:64] Java_org_firstinspires_ftc_robotcore_internal_camera_libuvc_nativeobject_LibUsbDevice_nativeReleaseRefDevice()...
01-20 18:37:08.532 17568 17906 D Uvc     : [jni_libusb_device.cpp:64] ...Java_org_firstinspires_ftc_robotcore_internal_camera_libuvc_nativeobject_LibUsbDevice_nativeReleaseRefDevice()
01-20 18:37:08.532 17568 17906 D UvcDeviceHandle: ...destructor
01-20 18:37:08.532 17568 17906 D UvcDeviceHandle: ...CameraImpl.destructor()
01-20 18:37:08.533 17568 17906 D UsbResiliantWebcam: ...externalDestructor()
01-20 18:37:08.533 17568 17906 V UsbResiliantWebcam: destroy(hash=0x09677e9c)
01-20 18:37:08.533 17568 17906 D UsbResiliantWebcam: destructor()...
01-20 18:37:08.533 17568 17906 D UsbResiliantWebcam: ...destructor()
01-20 18:37:08.534 17568 17906 D UsbResiliantWebcam: ...CameraImpl.destructor()
01-20 18:37:12.988 17568 17906 I global  :  RENO - SlidersWith2Motors.waitRunningComplete(SlidersWith2Motors.java:147): Slider waiting time = 0.30 sec
01-20 18:37:12.991 17568 17906 I global  :  RENO - AutonomousRight.autoUnloadCone(AutonomousRight.java:327): Wait before unloading claw open.
01-20 18:37:13.001 17568 17906 I global  :  RENO - SlidersWith2Motors.waitRunningComplete(SlidersWith2Motors.java:147): Slider waiting time = 0.01 sec
01-20 18:37:14.198 17568 17906 I global  :  RENO - AutonomousRight.autoUnloadCone(AutonomousRight.java:335): Auto unload - Cone has been unloaded.
01-20 18:37:16.883 17568 17906 I global  :  RENO - AutonomousRight.autoLoadCone(AutonomousRight.java:308): Wait before claw close.
01-20 18:37:16.894 17568 17906 I global  :  RENO - SlidersWith2Motors.waitRunningComplete(SlidersWith2Motors.java:147): Slider waiting time = 0.01 sec
01-20 18:37:17.457 17568 17906 I global  :  RENO - SlidersWith2Motors.waitRunningComplete(SlidersWith2Motors.java:147): Slider waiting time = 0.35 sec
01-20 18:37:17.464 17568 17906 I global  :  RENO - AutonomousRight.autoLoadCone(AutonomousRight.java:315): Wait before moving out cone stack.
01-20 18:37:17.475 17568 17906 I global  :  RENO - SlidersWith2Motors.waitRunningComplete(SlidersWith2Motors.java:147): Slider waiting time = 0.01 sec
01-20 18:37:20.714 17568 17906 I global  :  RENO - SlidersWith2Motors.waitRunningComplete(SlidersWith2Motors.java:147): Slider waiting time = 0.29 sec
01-20 18:37:20.716 17568 17906 I global  :  RENO - AutonomousRight.autoUnloadCone(AutonomousRight.java:327): Wait before unloading claw open.
01-20 18:37:20.725 17568 17906 I global  :  RENO - SlidersWith2Motors.waitRunningComplete(SlidersWith2Motors.java:147): Slider waiting time = 0.01 sec
01-20 18:37:21.853 17568 17906 I global  :  RENO - AutonomousRight.autoUnloadCone(AutonomousRight.java:335): Auto unload - Cone has been unloaded.
01-20 18:37:24.547 17568 17906 I global  :  RENO - AutonomousRight.autoLoadCone(AutonomousRight.java:308): Wait before claw close.
01-20 18:37:24.736 17568 17906 I global  :  RENO - SlidersWith2Motors.waitRunningComplete(SlidersWith2Motors.java:147): Slider waiting time = 0.19 sec
01-20 18:37:25.376 17568 17906 I global  :  RENO - SlidersWith2Motors.waitRunningComplete(SlidersWith2Motors.java:147): Slider waiting time = 0.41 sec
01-20 18:37:25.382 17568 17906 I global  :  RENO - AutonomousRight.autoLoadCone(AutonomousRight.java:315): Wait before moving out cone stack.
01-20 18:37:25.394 17568 17906 I global  :  RENO - SlidersWith2Motors.waitRunningComplete(SlidersWith2Motors.java:147): Slider waiting time = 0.01 sec
01-20 18:37:28.565 17568 17906 I global  :  RENO - SlidersWith2Motors.waitRunningComplete(SlidersWith2Motors.java:147): Slider waiting time = 0.27 sec
01-20 18:37:28.566 17568 17906 I global  :  RENO - AutonomousRight.autoUnloadCone(AutonomousRight.java:327): Wait before unloading claw open.
01-20 18:37:28.575 17568 17906 I global  :  RENO - SlidersWith2Motors.waitRunningComplete(SlidersWith2Motors.java:147): Slider waiting time = 0.01 sec
01-20 18:37:29.733 17568 17906 I global  :  RENO - AutonomousRight.autoUnloadCone(AutonomousRight.java:335): Auto unload - Cone has been unloaded.
01-20 18:37:32.496 17568 17906 I global  :  RENO - AutonomousRight.autoLoadCone(AutonomousRight.java:308): Wait before claw close.
01-20 18:37:32.690 17568 17906 I global  :  RENO - SlidersWith2Motors.waitRunningComplete(SlidersWith2Motors.java:147): Slider waiting time = 0.19 sec
01-20 18:37:33.374 17568 17906 I global  :  RENO - SlidersWith2Motors.waitRunningComplete(SlidersWith2Motors.java:147): Slider waiting time = 0.38 sec
01-20 18:37:33.380 17568 17906 I global  :  RENO - AutonomousRight.autoLoadCone(AutonomousRight.java:315): Wait before moving out cone stack.
01-20 18:37:33.392 17568 17906 I global  :  RENO - SlidersWith2Motors.waitRunningComplete(SlidersWith2Motors.java:147): Slider waiting time = 0.01 sec
01-20 18:37:36.649 17568 17906 I global  :  RENO - SlidersWith2Motors.waitRunningComplete(SlidersWith2Motors.java:147): Slider waiting time = 0.32 sec
01-20 18:37:36.650 17568 17906 I global  :  RENO - AutonomousRight.autoUnloadCone(AutonomousRight.java:327): Wait before unloading claw open.
01-20 18:37:36.658 17568 17906 I global  :  RENO - SlidersWith2Motors.waitRunningComplete(SlidersWith2Motors.java:147): Slider waiting time = 0.01 sec
01-20 18:37:37.779 17568 17906 I global  :  RENO - AutonomousRight.autoUnloadCone(AutonomousRight.java:335): Auto unload - Cone has been unloaded.
01-20 18:37:38.510 17568 17688 V Robocol : received command: CMD_INIT_OP_MODE(10873) $Stop$Robot$
01-20 18:37:38.520 17568 17689 I RobotCore: ******************** STOP - OPMODE /storage/emulated/0/FIRST/matchlogs/Match-0-Autonomous_Right.txt ********************
01-20 18:37:38.529 17568 18112 I RobotCore: saving match logcat to /storage/emulated/0/FIRST/matchlogs/Match-0-Autonomous_Right.txt
01-20 18:37:38.529 17568 18112 I RobotCore: logging command line: exec logcat -d -T '1-20 18:37:0.000' -f '/storage/emulated/0/FIRST/matchlogs/Match-0-Autonomous_Right.txt' -n4 -v threadtime UsbRequestJNI:S UsbRequest:S art:W ThreadPool:W System:W ExtendedExtractor:W OMXClient:W MediaPlayer:W dalvikvm:W  *:V
01-20 18:37:38.532 17568 17906 E LynxI2cDeviceSynch: placeholder: readTimestamped
01-20 18:37:38.532 17568 17906 W BNO055IMU (new): getRobotOrientationAsQuaternion(): Failed to retrieve valid quaternion from IMU. Returning the identity quaternion.
01-20 18:37:38.536 17568 17906 W BNO055IMU (new): getRobotOrientationAsQuaternion(): Failed to retrieve valid quaternion from IMU. Returning the identity quaternion.
01-20 18:37:38.538 17568 17906 W BNO055IMU (new): getRobotOrientationAsQuaternion(): Failed to retrieve valid quaternion from IMU. Returning the identity quaternion.
01-20 18:37:38.541 17568 17906 W BNO055IMU (new): getRobotOrientationAsQuaternion(): Failed to retrieve valid quaternion from IMU. Returning the identity quaternion.
01-20 18:37:38.543 17568 17906 W BNO055IMU (new): getRobotOrientationAsQuaternion(): Failed to retrieve valid quaternion from IMU. Returning the identity quaternion.
01-20 18:37:38.542 18113 18113 I sh      : type=1400 audit(0.0:605): avc: denied { read } for name="/" dev="rootfs" ino=1 scontext=u:r:untrusted_app:s0:c512,c768 tcontext=u:object_r:rootfs:s0 tclass=dir permissive=1
01-20 18:37:38.547 17568 17906 W BNO055IMU (new): getRobotOrientationAsQuaternion(): Failed to retrieve valid quaternion from IMU. Returning the identity quaternion.
01-20 18:37:38.549 17568 17906 W BNO055IMU (new): getRobotOrientationAsQuaternion(): Failed to retrieve valid quaternion from IMU. Returning the identity quaternion.
01-20 18:37:38.551 17568 17906 W BNO055IMU (new): getRobotOrientationAsQuaternion(): Failed to retrieve valid quaternion from IMU. Returning the identity quaternion.
01-20 18:37:38.542 18113 18113 I sh      : type=1400 audit(0.0:606): avc: denied { open } for path="/" dev="rootfs" ino=1 scontext=u:r:untrusted_app:s0:c512,c768 tcontext=u:object_r:rootfs:s0 tclass=dir permissive=1
01-20 18:37:38.552 17568 17906 W BNO055IMU (new): getRobotOrientationAsQuaternion(): Failed to retrieve valid quaternion from IMU. Returning the identity quaternion.
01-20 18:37:38.554 17568 17906 W BNO055IMU (new): getRobotOrientationAsQuaternion(): Failed to retrieve valid quaternion from IMU. Returning the identity quaternion.
01-20 18:37:38.555 17568 17906 W BNO055IMU (new): getRobotOrientationAsQuaternion(): Failed to retrieve valid quaternion from IMU. Returning the identity quaternion.
01-20 18:37:38.557 17568 17906 W BNO055IMU (new): getRobotOrientationAsQuaternion(): Failed to retrieve valid quaternion from IMU. Returning the identity quaternion.
01-20 18:37:38.559 17568 17906 W BNO055IMU (new): getRobotOrientationAsQuaternion(): Failed to retrieve valid quaternion from IMU. Returning the identity quaternion.
01-20 18:37:38.560 17568 17906 W BNO055IMU (new): getRobotOrientationAsQuaternion(): Failed to retrieve valid quaternion from IMU. Returning the identity quaternion.
01-20 18:37:38.562 17568 17906 W BNO055IMU (new): getRobotOrientationAsQuaternion(): Failed to retrieve valid quaternion from IMU. Returning the identity quaternion.
01-20 18:37:38.564 17568 17906 W BNO055IMU (new): getRobotOrientationAsQuaternion(): Failed to retrieve valid quaternion from IMU. Returning the identity quaternion.
01-20 18:37:38.565 17568 17906 W BNO055IMU (new): getRobotOrientationAsQuaternion(): Failed to retrieve valid quaternion from IMU. Returning the identity quaternion.
01-20 18:37:38.567 17568 17906 W BNO055IMU (new): getRobotOrientationAsQuaternion(): Failed to retrieve valid quaternion from IMU. Returning the identity quaternion.
01-20 18:37:38.569 17568 17906 W BNO055IMU (new): getRobotOrientationAsQuaternion(): Failed to retrieve valid quaternion from IMU. Returning the identity quaternion.
01-20 18:37:38.570 17568 17906 W BNO055IMU (new): getRobotOrientationAsQuaternion(): Failed to retrieve valid quaternion from IMU. Returning the identity quaternion.
01-20 18:37:38.572 17568 17906 W BNO055IMU (new): getRobotOrientationAsQuaternion(): Failed to retrieve valid quaternion from IMU. Returning the identity quaternion.
01-20 18:37:38.574 17568 17906 W BNO055IMU (new): getRobotOrientationAsQuaternion(): Failed to retrieve valid quaternion from IMU. Returning the identity quaternion.
01-20 18:37:38.576 17568 17906 W BNO055IMU (new): getRobotOrientationAsQuaternion(): Failed to retrieve valid quaternion from IMU. Returning the identity quaternion.
01-20 18:37:38.577 17568 17906 W BNO055IMU (new): getRobotOrientationAsQuaternion(): Failed to retrieve valid quaternion from IMU. Returning the identity quaternion.
01-20 18:37:38.579 17568 17906 W BNO055IMU (new): getRobotOrientationAsQuaternion(): Failed to retrieve valid quaternion from IMU. Returning the identity quaternion.
01-20 18:37:38.580 17568 17906 W BNO055IMU (new): getRobotOrientationAsQuaternion(): Failed to retrieve valid quaternion from IMU. Returning the identity quaternion.
01-20 18:37:38.581 17568 17906 W BNO055IMU (new): getRobotOrientationAsQuaternion(): Failed to retrieve valid quaternion from IMU. Returning the identity quaternion.
01-20 18:37:38.583 17568 17906 W BNO055IMU (new): getRobotOrientationAsQuaternion(): Failed to retrieve valid quaternion from IMU. Returning the identity quaternion.
01-20 18:37:38.584 17568 17906 W BNO055IMU (new): getRobotOrientationAsQuaternion(): Failed to retrieve valid quaternion from IMU. Returning the identity quaternion.
01-20 18:37:38.586 17568 17906 W BNO055IMU (new): getRobotOrientationAsQuaternion(): Failed to retrieve valid quaternion from IMU. Returning the identity quaternion.
01-20 18:37:38.587 17568 17906 W BNO055IMU (new): getRobotOrientationAsQuaternion(): Failed to retrieve valid quaternion from IMU. Returning the identity quaternion.
01-20 18:37:38.588 17568 17906 W BNO055IMU (new): getRobotOrientationAsQuaternion(): Failed to retrieve valid quaternion from IMU. Returning the identity quaternion.
01-20 18:37:38.590 17568 17906 W BNO055IMU (new): getRobotOrientationAsQuaternion(): Failed to retrieve valid quaternion from IMU. Returning the identity quaternion.
01-20 18:37:38.591 17568 17906 W BNO055IMU (new): getRobotOrientationAsQuaternion(): Failed to retrieve valid quaternion from IMU. Returning the identity quaternion.
01-20 18:37:38.592 17568 17906 W BNO055IMU (new): getRobotOrientationAsQuaternion(): Failed to retrieve valid quaternion from IMU. Returning the identity quaternion.
01-20 18:37:38.594 17568 17906 W BNO055IMU (new): getRobotOrientationAsQuaternion(): Failed to retrieve valid quaternion from IMU. Returning the identity quaternion.
01-20 18:37:38.595 17568 17906 W BNO055IMU (new): getRobotOrientationAsQuaternion(): Failed to retrieve valid quaternion from IMU. Returning the identity quaternion.
01-20 18:37:38.597 17568 17906 W BNO055IMU (new): getRobotOrientationAsQuaternion(): Failed to retrieve valid quaternion from IMU. Returning the identity quaternion.
01-20 18:37:38.598 17568 17906 W BNO055IMU (new): getRobotOrientationAsQuaternion(): Failed to retrieve valid quaternion from IMU. Returning the identity quaternion.
01-20 18:37:38.600 17568 17906 W BNO055IMU (new): getRobotOrientationAsQuaternion(): Failed to retrieve valid quaternion from IMU. Returning the identity quaternion.
01-20 18:37:38.601 17568 17906 W BNO055IMU (new): getRobotOrientationAsQuaternion(): Failed to retrieve valid quaternion from IMU. Returning the identity quaternion.
01-20 18:37:38.603 17568 17906 W BNO055IMU (new): getRobotOrientationAsQuaternion(): Failed to retrieve valid quaternion from IMU. Returning the identity quaternion.
01-20 18:37:38.604 17568 17906 W BNO055IMU (new): getRobotOrientationAsQuaternion(): Failed to retrieve valid quaternion from IMU. Returning the identity quaternion.
01-20 18:37:38.606 17568 17906 W BNO055IMU (new): getRobotOrientationAsQuaternion(): Failed to retrieve valid quaternion from IMU. Returning the identity quaternion.
01-20 18:37:38.607 17568 17906 W BNO055IMU (new): getRobotOrientationAsQuaternion(): Failed to retrieve valid quaternion from IMU. Returning the identity quaternion.
01-20 18:37:38.608 17568 17906 W BNO055IMU (new): getRobotOrientationAsQuaternion(): Failed to retrieve valid quaternion from IMU. Returning the identity quaternion.
01-20 18:37:38.610 17568 17906 W BNO055IMU (new): getRobotOrientationAsQuaternion(): Failed to retrieve valid quaternion from IMU. Returning the identity quaternion.
01-20 18:37:38.611 17568 17906 W BNO055IMU (new): getRobotOrientationAsQuaternion(): Failed to retrieve valid quaternion from IMU. Returning the identity quaternion.
01-20 18:37:38.612 17568 17906 W BNO055IMU (new): getRobotOrientationAsQuaternion(): Failed to retrieve valid quaternion from IMU. Returning the identity quaternion.
01-20 18:37:38.614 17568 17906 W BNO055IMU (new): getRobotOrientationAsQuaternion(): Failed to retrieve valid quaternion from IMU. Returning the identity quaternion.
01-20 18:37:38.615 17568 17906 W BNO055IMU (new): getRobotOrientationAsQuaternion(): Failed to retrieve valid quaternion from IMU. Returning the identity quaternion.
01-20 18:37:38.616 17568 17906 W BNO055IMU (new): getRobotOrientationAsQuaternion(): Failed to retrieve valid quaternion from IMU. Returning the identity quaternion.
01-20 18:37:38.618 17568 17906 W BNO055IMU (new): getRobotOrientationAsQuaternion(): Failed to retrieve valid quaternion from IMU. Returning the identity quaternion.
01-20 18:37:38.620 17568 17906 W BNO055IMU (new): getRobotOrientationAsQuaternion(): Failed to retrieve valid quaternion from IMU. Returning the identity quaternion.
01-20 18:37:38.621 17568 17906 W BNO055IMU (new): getRobotOrientationAsQuaternion(): Failed to retrieve valid quaternion from IMU. Returning the identity quaternion.
01-20 18:37:38.622 17568 17906 W BNO055IMU (new): getRobotOrientationAsQuaternion(): Failed to retrieve valid quaternion from IMU. Returning the identity quaternion.
01-20 18:37:38.623 17568 17906 W BNO055IMU (new): getRobotOrientationAsQuaternion(): Failed to retrieve valid quaternion from IMU. Returning the identity quaternion.
01-20 18:37:38.624 17568 17906 W BNO055IMU (new): getRobotOrientationAsQuaternion(): Failed to retrieve valid quaternion from IMU. Returning the identity quaternion.
01-20 18:37:38.625 17568 17906 W BNO055IMU (new): getRobotOrientationAsQuaternion(): Failed to retrieve valid quaternion from IMU. Returning the identity quaternion.
01-20 18:37:38.627 17568 17906 W BNO055IMU (new): getRobotOrientationAsQuaternion(): Failed to retrieve valid quaternion from IMU. Returning the identity quaternion.
01-20 18:37:38.628 17568 17906 W BNO055IMU (new): getRobotOrientationAsQuaternion(): Failed to retrieve valid quaternion from IMU. Returning the identity quaternion.
01-20 18:37:38.629 17568 17906 W BNO055IMU (new): getRobotOrientationAsQuaternion(): Failed to retrieve valid quaternion from IMU. Returning the identity quaternion.
01-20 18:37:38.630 17568 17906 W BNO055IMU (new): getRobotOrientationAsQuaternion(): Failed to retrieve valid quaternion from IMU. Returning the identity quaternion.
01-20 18:37:38.631 17568 17906 W BNO055IMU (new): getRobotOrientationAsQuaternion(): Failed to retrieve valid quaternion from IMU. Returning the identity quaternion.
01-20 18:37:38.632 17568 17906 W BNO055IMU (new): getRobotOrientationAsQuaternion(): Failed to retrieve valid quaternion from IMU. Returning the identity quaternion.
01-20 18:37:38.634 17568 17906 W BNO055IMU (new): getRobotOrientationAsQuaternion(): Failed to retrieve valid quaternion from IMU. Returning the identity quaternion.
01-20 18:37:38.635 17568 17906 W BNO055IMU (new): getRobotOrientationAsQuaternion(): Failed to retrieve valid quaternion from IMU. Returning the identity quaternion.
01-20 18:37:38.636 17568 17906 W BNO055IMU (new): getRobotOrientationAsQuaternion(): Failed to retrieve valid quaternion from IMU. Returning the identity quaternion.
01-20 18:37:38.637 17568 17906 W BNO055IMU (new): getRobotOrientationAsQuaternion(): Failed to retrieve valid quaternion from IMU. Returning the identity quaternion.
01-20 18:37:38.639 17568 17906 W BNO055IMU (new): getRobotOrientationAsQuaternion(): Failed to retrieve valid quaternion from IMU. Returning the identity quaternion.
01-20 18:37:38.640 17568 17906 W BNO055IMU (new): getRobotOrientationAsQuaternion(): Failed to retrieve valid quaternion from IMU. Returning the identity quaternion.
