01-02 16:54:14.003  8060  8251 I global  :  RENO - ChassisWith4Motors.drivingWithPID(ChassisWith4Motors.java:797): Motors power - FL (0.00), FR (0.40), BL (0.00), BR (0.40)
01-02 16:54:14.016  8060  8251 I global  :  RENO - ChassisWith4Motors.drivingWithPID(ChassisWith4Motors.java:797): Motors power - FL (0.00), FR (0.40), BL (0.00), BR (0.40)
01-02 16:54:14.029  8060  8251 I global  :  RENO - ChassisWith4Motors.drivingWithPID(ChassisWith4Motors.java:797): Motors power - FL (0.00), FR (0.40), BL (0.00), BR (0.40)
01-02 16:54:14.042  8060  8251 I global  :  RENO - ChassisWith4Motors.drivingWithPID(ChassisWith4Motors.java:797): Motors power - FL (0.00), FR (0.40), BL (0.00), BR (0.40)
01-02 16:54:14.055  8060  8251 I global  :  RENO - ChassisWith4Motors.drivingWithPID(ChassisWith4Motors.java:797): Motors power - FL (0.00), FR (0.40), BL (0.00), BR (0.40)
01-02 16:54:14.072  8060  8251 I global  :  RENO - ChassisWith4Motors.drivingWithPID(ChassisWith4Motors.java:797): Motors power - FL (0.00), FR (0.40), BL (0.00), BR (0.40)
01-02 16:54:14.085  8060  8251 I global  :  RENO - ChassisWith4Motors.drivingWithPID(ChassisWith4Motors.java:797): Motors power - FL (0.00), FR (0.40), BL (0.00), BR (0.40)
01-02 16:54:14.098  8060  8251 I global  :  RENO - ChassisWith4Motors.drivingWithPID(ChassisWith4Motors.java:797): Motors power - FL (0.00), FR (0.40), BL (0.00), BR (0.40)
01-02 16:54:14.113  8060  8251 I global  :  RENO - ChassisWith4Motors.drivingWithPID(ChassisWith4Motors.java:797): Motors power - FL (0.00), FR (0.40), BL (0.00), BR (0.40)
01-02 16:54:14.126  8060  8251 I global  :  RENO - ChassisWith4Motors.drivingWithPID(ChassisWith4Motors.java:797): Motors power - FL (0.00), FR (0.40), BL (0.00), BR (0.40)
01-02 16:54:14.139  8060  8251 I global  :  RENO - ChassisWith4Motors.drivingWithPID(ChassisWith4Motors.java:797): Motors power - FL (0.00), FR (0.40), BL (0.00), BR (0.40)
01-02 16:54:14.152  8060  8251 I global  :  RENO - ChassisWith4Motors.drivingWithPID(ChassisWith4Motors.java:797): Motors power - FL (0.00), FR (0.40), BL (0.00), BR (0.40)
01-02 16:54:14.167  8060  8251 I global  :  RENO - ChassisWith4Motors.drivingWithPID(ChassisWith4Motors.java:797): Motors power - FL (0.00), FR (0.40), BL (0.00), BR (0.40)
01-02 16:54:14.180  8060  8251 I global  :  RENO - ChassisWith4Motors.drivingWithPID(ChassisWith4Motors.java:797): Motors power - FL (0.00), FR (0.40), BL (0.00), BR (0.40)
01-02 16:54:14.193  8060  8251 I global  :  RENO - ChassisWith4Motors.drivingWithPID(ChassisWith4Motors.java:797): Motors power - FL (0.00), FR (0.40), BL (0.00), BR (0.40)
01-02 16:54:14.211  8060  8251 I global  :  RENO - ChassisWith4Motors.drivingWithPID(ChassisWith4Motors.java:797): Motors power - FL (0.00), FR (0.40), BL (0.00), BR (0.40)
01-02 16:54:14.227  8060  8251 I global  :  RENO - ChassisWith4Motors.drivingWithPID(ChassisWith4Motors.java:797): Motors power - FL (0.00), FR (0.40), BL (0.00), BR (0.40)
01-02 16:54:14.241  8060  8251 I global  :  RENO - ChassisWith4Motors.drivingWithPID(ChassisWith4Motors.java:797): Motors power - FL (0.00), FR (0.40), BL (0.00), BR (0.40)
01-02 16:54:14.259  8060  8251 I global  :  RENO - ChassisWith4Motors.drivingWithPID(ChassisWith4Motors.java:797): Motors power - FL (0.00), FR (0.40), BL (0.00), BR (0.40)
01-02 16:54:14.272  8060  8251 I global  :  RENO - ChassisWith4Motors.drivingWithPID(ChassisWith4Motors.java:797): Motors power - FL (0.00), FR (0.40), BL (0.00), BR (0.40)
01-02 16:54:14.285  8060  8251 I global  :  RENO - ChassisWith4Motors.drivingWithPID(ChassisWith4Motors.java:797): Motors power - FL (0.00), FR (0.40), BL (0.00), BR (0.40)
01-02 16:54:14.297  8060  8251 I global  :  RENO - ChassisWith4Motors.drivingWithPID(ChassisWith4Motors.java:797): Motors power - FL (0.00), FR (0.40), BL (0.00), BR (0.40)
01-02 16:54:14.310  8060  8251 I global  :  RENO - ChassisWith4Motors.drivingWithPID(ChassisWith4Motors.java:797): Motors power - FL (0.00), FR (0.40), BL (0.00), BR (0.40)
01-02 16:54:14.323  8060  8251 I global  :  RENO - ChassisWith4Motors.drivingWithPID(ChassisWith4Motors.java:797): Motors power - FL (0.00), FR (0.40), BL (0.00), BR (0.40)
01-02 16:54:14.336  8060  8251 I global  :  RENO - ChassisWith4Motors.drivingWithPID(ChassisWith4Motors.java:797): Motors power - FL (0.00), FR (0.40), BL (0.00), BR (0.40)
01-02 16:54:14.348  8060  8251 I global  :  RENO - ChassisWith4Motors.drivingWithPID(ChassisWith4Motors.java:797): Motors power - FL (0.00), FR (0.40), BL (0.00), BR (0.40)
01-02 16:54:14.361  8060  8251 I global  :  RENO - ChassisWith4Motors.drivingWithPID(ChassisWith4Motors.java:797): Motors power - FL (0.00), FR (0.40), BL (0.00), BR (0.40)
01-02 16:54:14.373  8060  8251 I global  :  RENO - ChassisWith4Motors.drivingWithPID(ChassisWith4Motors.java:797): Motors power - FL (0.00), FR (0.40), BL (0.00), BR (0.40)
01-02 16:54:14.386  8060  8251 I global  :  RENO - ChassisWith4Motors.drivingWithPID(ChassisWith4Motors.java:797): Motors power - FL (0.00), FR (0.40), BL (0.00), BR (0.40)
01-02 16:54:14.399  8060  8251 I global  :  RENO - ChassisWith4Motors.drivingWithPID(ChassisWith4Motors.java:797): Motors power - FL (0.00), FR (0.40), BL (0.00), BR (0.40)
01-02 16:54:14.412  8060  8251 I global  :  RENO - ChassisWith4Motors.drivingWithPID(ChassisWith4Motors.java:797): Motors power - FL (0.00), FR (0.40), BL (0.00), BR (0.40)
01-02 16:54:14.425  8060  8251 I global  :  RENO - ChassisWith4Motors.drivingWithPID(ChassisWith4Motors.java:797): Motors power - FL (0.00), FR (0.40), BL (0.00), BR (0.40)
01-02 16:54:14.438  8060  8251 I global  :  RENO - ChassisWith4Motors.drivingWithPID(ChassisWith4Motors.java:797): Motors power - FL (0.00), FR (0.40), BL (0.00), BR (0.40)
01-02 16:54:14.451  8060  8251 I global  :  RENO - ChassisWith4Motors.drivingWithPID(ChassisWith4Motors.java:797): Motors power - FL (0.00), FR (0.40), BL (0.00), BR (0.40)
01-02 16:54:14.463  8060  8251 I global  :  RENO - ChassisWith4Motors.drivingWithPID(ChassisWith4Motors.java:797): Motors power - FL (0.00), FR (0.40), BL (0.00), BR (0.40)
01-02 16:54:14.477  8060  8251 I global  :  RENO - ChassisWith4Motors.drivingWithPID(ChassisWith4Motors.java:797): Motors power - FL (0.00), FR (0.40), BL (0.00), BR (0.40)
01-02 16:54:14.492  8060  8251 I global  :  RENO - ChassisWith4Motors.drivingWithPID(ChassisWith4Motors.java:797): Motors power - FL (0.00), FR (0.40), BL (0.00), BR (0.40)
01-02 16:54:14.506  8060  8251 I global  :  RENO - ChassisWith4Motors.drivingWithPID(ChassisWith4Motors.java:797): Motors power - FL (0.00), FR (0.40), BL (0.00), BR (0.40)
01-02 16:54:14.521  8060  8251 I global  :  RENO - ChassisWith4Motors.drivingWithPID(ChassisWith4Motors.java:797): Motors power - FL (0.00), FR (0.40), BL (0.00), BR (0.40)
01-02 16:54:14.535  8060  8251 I global  :  RENO - ChassisWith4Motors.drivingWithPID(ChassisWith4Motors.java:797): Motors power - FL (0.00), FR (0.40), BL (0.00), BR (0.40)
01-02 16:54:14.547  8060  8251 I global  :  RENO - ChassisWith4Motors.drivingWithPID(ChassisWith4Motors.java:797): Motors power - FL (0.00), FR (0.40), BL (0.00), BR (0.40)
01-02 16:54:14.559  8060  8251 I global  :  RENO - ChassisWith4Motors.drivingWithPID(ChassisWith4Motors.java:797): Motors power - FL (0.00), FR (0.40), BL (0.00), BR (0.40)
01-02 16:54:14.578  8060  8251 I global  :  RENO - ChassisWith4Motors.drivingWithPID(ChassisWith4Motors.java:797): Motors power - FL (0.00), FR (0.40), BL (0.00), BR (0.40)
01-02 16:54:14.591  8060  8251 I global  :  RENO - ChassisWith4Motors.drivingWithPID(ChassisWith4Motors.java:797): Motors power - FL (0.00), FR (0.40), BL (0.00), BR (0.40)
01-02 16:54:14.603  8060  8251 I global  :  RENO - ChassisWith4Motors.drivingWithPID(ChassisWith4Motors.java:797): Motors power - FL (0.00), FR (0.40), BL (0.00), BR (0.40)
01-02 16:54:14.616  8060  8251 I global  :  RENO - ChassisWith4Motors.drivingWithPID(ChassisWith4Motors.java:797): Motors power - FL (0.00), FR (0.40), BL (0.00), BR (0.40)
01-02 16:54:14.629  8060  8251 I global  :  RENO - ChassisWith4Motors.drivingWithPID(ChassisWith4Motors.java:797): Motors power - FL (0.00), FR (0.40), BL (0.00), BR (0.40)
01-02 16:54:14.820  8060  8251 I global  :  RENO - ChassisWith4Motors.setPowerWithPIDControl(ChassisWith4Motors.java:550): power = 0.40, correction = 0.00, global angle = 6.487, last angle = 58.22
01-02 16:54:14.841  8060  8251 I global  :  RENO - ChassisWith4Motors.setPowerWithPIDControl(ChassisWith4Motors.java:550): power = 0.40, correction = 0.00, global angle = 6.670, last angle = 58.41
01-02 16:54:14.854  8060  8251 I global  :  RENO - ChassisWith4Motors.setPowerWithPIDControl(ChassisWith4Motors.java:550): power = 0.40, correction = 0.00, global angle = 6.713, last angle = 58.45
01-02 16:54:14.869  8060  8251 I global  :  RENO - ChassisWith4Motors.setPowerWithPIDControl(ChassisWith4Motors.java:550): power = 0.40, correction = 0.00, global angle = 6.764, last angle = 58.50
01-02 16:54:14.884  8060  8251 I global  :  RENO - ChassisWith4Motors.setPowerWithPIDControl(ChassisWith4Motors.java:550): power = 0.40, correction = 0.00, global angle = 6.809, last angle = 58.55
01-02 16:54:14.899  8060  8251 I global  :  RENO - ChassisWith4Motors.setPowerWithPIDControl(ChassisWith4Motors.java:550): power = 0.40, correction = 0.00, global angle = 6.789, last angle = 58.53
01-02 16:54:14.913  8060  8251 I global  :  RENO - ChassisWith4Motors.setPowerWithPIDControl(ChassisWith4Motors.java:550): power = 0.40, correction = 0.00, global angle = 6.872, last angle = 58.61
01-02 16:54:14.926  8060  8251 I global  :  RENO - ChassisWith4Motors.setPowerWithPIDControl(ChassisWith4Motors.java:550): power = 0.40, correction = 0.00, global angle = 6.926, last angle = 58.66
01-02 16:54:14.940  8060  8251 I global  :  RENO - ChassisWith4Motors.setPowerWithPIDControl(ChassisWith4Motors.java:550): power = 0.40, correction = 0.00, global angle = 7.068, last angle = 58.81
01-02 16:54:14.952  8060  8251 I global  :  RENO - ChassisWith4Motors.setPowerWithPIDControl(ChassisWith4Motors.java:550): power = 0.40, correction = 0.00, global angle = 7.124, last angle = 58.86
01-02 16:54:14.965  8060  8251 I global  :  RENO - ChassisWith4Motors.setPowerWithPIDControl(ChassisWith4Motors.java:550): power = 0.40, correction = 0.00, global angle = 7.198, last angle = 58.94
01-02 16:54:14.978  8060  8251 I global  :  RENO - ChassisWith4Motors.setPowerWithPIDControl(ChassisWith4Motors.java:550): power = 0.40, correction = 0.00, global angle = 7.273, last angle = 59.01
01-02 16:54:14.994  8060  8251 I global  :  RENO - ChassisWith4Motors.setPowerWithPIDControl(ChassisWith4Motors.java:550): power = 0.40, correction = 0.00, global angle = 7.354, last angle = 59.09
01-02 16:54:15.008  8060  8251 I global  :  RENO - ChassisWith4Motors.setPowerWithPIDControl(ChassisWith4Motors.java:550): power = 0.40, correction = 0.00, global angle = 7.381, last angle = 59.12
01-02 16:54:15.020  8060  8251 I global  :  RENO - ChassisWith4Motors.setPowerWithPIDControl(ChassisWith4Motors.java:550): power = 0.40, correction = 0.00, global angle = 7.411, last angle = 59.15
01-02 16:54:15.033  8060  8251 I global  :  RENO - ChassisWith4Motors.setPowerWithPIDControl(ChassisWith4Motors.java:550): power = 0.40, correction = 0.00, global angle = 7.422, last angle = 59.16
01-02 16:54:15.046  8060  8251 I global  :  RENO - ChassisWith4Motors.setPowerWithPIDControl(ChassisWith4Motors.java:550): power = 0.40, correction = 0.00, global angle = 7.447, last angle = 59.18
01-02 16:54:15.060  8060  8251 I global  :  RENO - ChassisWith4Motors.setPowerWithPIDControl(ChassisWith4Motors.java:550): power = 0.40, correction = 0.00, global angle = 7.467, last angle = 59.20
01-02 16:54:15.074  8060  8251 I global  :  RENO - ChassisWith4Motors.setPowerWithPIDControl(ChassisWith4Motors.java:550): power = 0.40, correction = 0.00, global angle = 7.452, last angle = 59.19
01-02 16:54:15.085  8060  8251 I global  :  RENO - ChassisWith4Motors.setPowerWithPIDControl(ChassisWith4Motors.java:550): power = 0.40, correction = 0.00, global angle = 7.452, last angle = 59.19
01-02 16:54:15.098  8060  8251 I global  :  RENO - ChassisWith4Motors.setPowerWithPIDControl(ChassisWith4Motors.java:550): power = 0.40, correction = 0.00, global angle = 7.434, last angle = 59.17
01-02 16:54:15.112  8060  8251 I global  :  RENO - ChassisWith4Motors.setPowerWithPIDControl(ChassisWith4Motors.java:550): power = 0.40, correction = 0.00, global angle = 7.388, last angle = 59.13
01-02 16:54:15.127  8060  8251 I global  :  RENO - ChassisWith4Motors.setPowerWithPIDControl(ChassisWith4Motors.java:550): power = 0.40, correction = 0.00, global angle = 7.379, last angle = 59.12
01-02 16:54:15.140  8060  8251 I global  :  RENO - ChassisWith4Motors.setPowerWithPIDControl(ChassisWith4Motors.java:550): power = 0.40, correction = 0.00, global angle = 7.395, last angle = 59.13
01-02 16:54:15.153  8060  8251 I global  :  RENO - ChassisWith4Motors.setPowerWithPIDControl(ChassisWith4Motors.java:550): power = 0.40, correction = 0.00, global angle = 7.427, last angle = 59.17
01-02 16:54:15.167  8060  8251 I global  :  RENO - ChassisWith4Motors.setPowerWithPIDControl(ChassisWith4Motors.java:550): power = 0.40, correction = 0.00, global angle = 7.442, last angle = 59.18
01-02 16:54:15.182  8060  8251 I global  :  RENO - ChassisWith4Motors.setPowerWithPIDControl(ChassisWith4Motors.java:550): power = 0.40, correction = 0.00, global angle = 7.463, last angle = 59.20
01-02 16:54:15.195  8060  8251 I global  :  RENO - ChassisWith4Motors.setPowerWithPIDControl(ChassisWith4Motors.java:550): power = 0.40, correction = 0.00, global angle = 7.495, last angle = 59.23
01-02 16:54:15.208  8060  8251 I global  :  RENO - ChassisWith4Motors.setPowerWithPIDControl(ChassisWith4Motors.java:550): power = 0.40, correction = 0.00, global angle = 7.480, last angle = 59.22
01-02 16:54:15.221  8060  8251 I global  :  RENO - ChassisWith4Motors.setPowerWithPIDControl(ChassisWith4Motors.java:550): power = 0.40, correction = 0.00, global angle = 7.487, last angle = 59.23
01-02 16:54:15.237  8060  8251 I global  :  RENO - ChassisWith4Motors.setPowerWithPIDControl(ChassisWith4Motors.java:550): power = 0.40, correction = 0.00, global angle = 7.542, last angle = 59.28
01-02 16:54:15.254  8060  8251 I global  :  RENO - ChassisWith4Motors.setPowerWithPIDControl(ChassisWith4Motors.java:563): Drive power = 0.40, global angle = 7.693
01-02 16:54:15.279  8060  8251 I global  :  RENO - ChassisWith4Motors.runToPosition(ChassisWith4Motors.java:624): Required moving distance 5.50.
01-02 16:54:15.281  8060  8251 I global  :  RENO - ChassisWith4Motors.runToPosition(ChassisWith4Motors.java:625): Target Position = 235
01-02 16:54:15.282  8060  8251 I global  :  RENO - ChassisWith4Motors.runToPosition(ChassisWith4Motors.java:626): PID = 1
01-02 16:54:15.287  8060  8251 I global  :  RENO - ChassisWith4Motors.runToPosition(ChassisWith4Motors.java:627): Current Position after moving, FL = -1, FR= 0, BL = 5, BR = 3
01-02 16:54:15.470  8060  8171 V Robocol : received command: CMD_INIT_OP_MODE(10509) $Stop$Robot$
01-02 16:54:15.484  8060  8172 I RobotCore: ******************** STOP - OPMODE /storage/emulated/0/FIRST/matchlogs/Match-0-Auto_Flip_Right.txt ********************
01-02 16:54:15.497  8060  8292 I RobotCore: saving match logcat to /storage/emulated/0/FIRST/matchlogs/Match-0-Auto_Flip_Right.txt
01-02 16:54:15.498  8060  8292 I RobotCore: logging command line: exec logcat -d -T '1-2 16:53:56.000' -f '/storage/emulated/0/FIRST/matchlogs/Match-0-Auto_Flip_Right.txt' -n4 -v threadtime UsbRequestJNI:S UsbRequest:S art:W ThreadPool:W System:W ExtendedExtractor:W OMXClient:W MediaPlayer:W dalvikvm:W  *:V
01-02 16:54:15.505  8060  8251 I global  :  RENO - AutoFlipRight.autonomousCore(AutoFlipRight.java:159): Autonomous - Autonomous complete.
01-02 16:54:15.507  8060  8251 I global  :  RENO - AutonomousRight.runOpMode(AutonomousRight.java:197): Autonomous - total Run Time: 11.3471 seconds
01-02 16:54:15.515  8060  8251 D RobotCore: User runOpModeMethod exited
01-02 16:54:15.516  8060  8251 V RobotCore: thread: ...terminating 'OpModeThread'
01-02 16:54:15.523  8060  8199 I RobotCore: Attempting to switch to op mode $Stop$Robot$
01-02 16:54:15.519  8293  8293 I sh      : type=1400 audit(0.0:537): avc: denied { read } for name="/" dev="rootfs" ino=1 scontext=u:r:untrusted_app:s0:c512,c768 tcontext=u:object_r:rootfs:s0 tclass=dir permissive=1
01-02 16:54:15.525  8060  8199 D HardwareMap: Clearing which device instances have been retrieved
01-02 16:54:15.525  8060  8199 D HardwareMap: Clearing which device instances have been retrieved
01-02 16:54:15.519  8293  8293 I sh      : type=1400 audit(0.0:538): avc: denied { open } for path="/" dev="rootfs" ino=1 scontext=u:r:untrusted_app:s0:c512,c768 tcontext=u:object_r:rootfs:s0 tclass=dir permissive=1
01-02 16:54:15.530  8060  8296 V RobotCore: thread: 'OpModeThread' starting...
01-02 16:54:15.554  8060  8174 V Robocol : sending CMD_STREAM_CHANGE(570), attempt: 0
01-02 16:54:15.555  8060  8174 V Robocol : sending CMD_NOTIFY_INIT_OP_MODE(575), attempt: 0
01-02 16:54:15.590  8060  8171 V Robocol : received command: CMD_RUN_OP_MODE(10517) $Stop$Robot$
01-02 16:54:15.634  8060  8174 V Robocol : sending CMD_NOTIFY_RUN_OP_MODE(582), attempt: 0
01-02 16:54:15.684  8060  8292 I RobotCore: Done running exec logcat -d -T '1-2 16:53:56.000' -f '/storage/emulated/0/FIRST/matchlogs/Match-0-Auto_Flip_Right.txt' -n4 -v threadtime UsbRequestJNI:S UsbRequest:S art:W ThreadPool:W System:W ExtendedExtractor:W OMXClient:W MediaPlayer:W dalvikvm:W  *:V
01-02 16:54:15.684  8060  8292 I RobotCore: exiting match logcat for /storage/emulated/0/FIRST/matchlogs/Match-0-Auto_Flip_Right.txt
--------- beginning of main
12-31 18:00:13.882   976   976 V OnBotJavaService: onCreate()
12-31 18:00:13.883   976   976 V OnBotJavaService: onStartCommand() intent=Intent { cmp=com.qualcomm.ftcrobotcontroller/org.firstinspires.ftc.onbotjava.OnBotJavaService } flags=0x0 startId=1
12-31 18:00:13.884   976   976 V OnBotJava: OnBotJavaManager::static
12-31 18:00:14.663   976   976 V OnBotJava: ctor()...
12-31 18:00:14.665   976   976 V OnBotJava: ...ctor()
12-31 18:00:14.670   976   976 V RCActivity: Permissions validated already
12-31 18:00:14.670   976   976 V RCActivity: onCreate()
12-31 18:00:14.672   976   976 V RCActivity: rootActivity is of class PermissionValidatorWrapper
12-31 18:00:14.673   976   976 V RCActivity: launchActivity is of class class org.firstinspires.ftc.robotcontroller.internal.PermissionValidatorWrapper
12-31 18:00:14.682   976  1091 V CallbackLooper: thread=30
12-31 18:00:14.689   976   976 V NetDiscover_wifiDirectAgent: doStart()...
12-31 18:00:14.693   976   976 V NetDiscover_wifiDirectAgent: ...doStart()
12-31 18:00:14.694   976   976 V NetDiscover_prefremrc: ----- all preferences -----
12-31 18:00:14.694   976   976 V NetDiscover_prefremrc: name='android.permission.READ_PHONE_STATE' value=false
12-31 18:00:14.695   976   976 V NetDiscover_prefremrc: name='pref_autostarted_robot_controller' value=true
12-31 18:00:14.695   976   976 V NetDiscover_prefremrc: name='pref_warn_about_obsolete_software' value=true
12-31 18:00:14.695   976   976 V NetDiscover_prefremrc: name='pref_has_independent_phone_battery' value=false
12-31 18:00:14.695   976   976 V NetDiscover_prefremrc: name='android.permission.CAMERA' value=false
12-31 18:00:14.695   976   976 V NetDiscover_prefremrc: name='pref_wifip2p_remote_channel_change_works' value=false
12-31 18:00:14.695   976   976 V NetDiscover_prefremrc: name='pref_hardware_config_filename' value={"isDirty":false,"location":"LOCAL_STORAGE","name":"ExCamera4DsCs","resourceId":0}
12-31 18:00:14.696   976   976 V NetDiscover_prefremrc: name='pref_sound_on_off' value=false
12-31 18:00:14.696   976   976 V NetDiscover_prefremrc: name='pref_warn_about_mismatched_app_versions' value=true
12-31 18:00:14.696   976   976 V NetDiscover_prefremrc: name='pref_ftc_season_year_of_current_rc_new' value=2022
12-31 18:00:14.696   976   976 V NetDiscover_prefremrc: name='App Restrictions' value=AAAAAA==
12-31 18:00:14.696   976   976 V NetDiscover_prefremrc:     
12-31 18:00:14.696   976   976 V NetDiscover_prefremrc: name='pref_warn_about_incorrect_clocks' value=true
12-31 18:00:14.696   976   976 V NetDiscover_prefremrc: name='pref_has_speaker' value=false
12-31 18:00:14.696   976   976 V NetDiscover_prefremrc: name='pref_ftc_season_year_of_current_rc' value=2022
12-31 18:00:14.697   976   976 V NetDiscover_prefremrc: name='android.permission.ACCESS_COARSE_LOCATION' value=false
12-31 18:00:14.697   976   976 V NetDiscover_prefremrc: name='android.permission.WRITE_EXTERNAL_STORAGE' value=false
12-31 18:00:14.697   976   976 V NetDiscover_prefremrc: name='pref_connection_owner_password' value=ftc21180
12-31 18:00:14.697   976   976 V NetDiscover_prefremrc: name='pref_pairing_kind' value=RCWIRELESSAP
12-31 18:00:14.697   976   976 V NetDiscover_prefremrc: name='pref_device_name_internal' value=21180-RC
12-31 18:00:14.697   976   976 V NetDiscover_prefremrc: name='pref_app_theme' value=red
12-31 18:00:14.697   976   976 V NetDiscover_prefremrc: name='android.permission.ACCESS_FINE_LOCATION' value=false
12-31 18:00:14.698   976   976 V NetDiscover_prefremrc: name='pref_device_name' value=21180-RC
12-31 18:00:14.698   976   976 V NetDiscover_prefremrc: name='pref_warn_about_2_4_ghz_band' value=true
12-31 18:00:14.698   976   976 V NetDiscover_prefremrc: name='pref_device_name_tracking' value=WIFIAP
12-31 18:00:14.698   976   976 V NetDiscover_prefremrc: name='android.permission.READ_EXTERNAL_STORAGE' value=false
12-31 18:00:14.698   976   976 V NetDiscover_prefremrc: name='pref_rc_connected' value=true
12-31 18:00:14.704   976   976 V Robocol : SendOnceRunnable created
12-31 18:00:14.706   976   976 V NetDiscover_prefremrc: doStart()...
12-31 18:00:14.706   976   976 V NetDiscover_prefremrc: ...doStart()
12-31 18:00:14.750   976   976 W System  : ClassLoader referenced unknown path: /system/app/webview/lib/arm
12-31 18:00:14.751   976   976 D ApplicationLoaders: ignored Vulkan layer search path /system/app/webview/lib/arm:/system/app/webview/webview.apk!/lib/armeabi-v7a:/system/lib:/vendor/lib for namespace 0xe9045090
12-31 18:00:14.754   976   976 I WebViewFactory: Loading com.android.webview version 52.0.2743.100 (code 275610050)
12-31 18:00:14.867   976   976 I cr_LibraryLoader: Time to load native libraries: 83 ms (timestamps 4784-4867)
12-31 18:00:14.867   976   976 I cr_LibraryLoader: Expected native library version number "52.0.2743.100", actual native library version number "52.0.2743.100"
12-31 18:00:14.887   976   976 V WebViewChromiumFactoryProvider: Binding Chromium to main looper Looper (main, tid 1) {e8dc9b9}
12-31 18:00:14.888   976   976 I cr_LibraryLoader: Expected native library version number "52.0.2743.100", actual native library version number "52.0.2743.100"
12-31 18:00:14.913   976   976 I chromium: [INFO:library_loader_hooks.cc(143)] Chromium logging enabled: level = 0, default verbosity = 0
12-31 18:00:14.934   976   976 I cr_BrowserStartup: Initializing chromium process, singleProcess=true
12-31 18:00:14.985   976   976 I mali_so : [File] : hardware/rockchip/driver/./src/base/arch/arch_011_udd/base_arch_main.c; [Line] : 565; [Func] : deal_with_version_affairs_rk_ext;
12-31 18:00:14.985   976   976 I mali_so : arm_release_ver of this mali_so is 'r7p0-00rel1', rk_so_ver is '1@2' for 3328h_android_7.1, built at '15:47:49', on 'Jun 28 2017'.
12-31 18:00:14.985   976   976 I mali_so : [File] : hardware/rockchip/driver/./src/base/arch/arch_011_udd/base_arch_main.c; [Line] : 578; [Func] : deal_with_version_affairs_rk_ext;
12-31 18:00:14.985   976   976 I mali_so : mali_ver_property has been set to 'r7p0-00rel1-5-1@2', to return.
12-31 18:00:15.084   976   976 I cr_DRP  : No DRP key due to exception:java.lang.ClassNotFoundException: com.android.webview.chromium.Drp
12-31 18:00:15.140   976   976 W cr_AwContents: onDetachedFromWindow called when already detached. Ignoring
12-31 18:00:15.416   976   976 W System  : ClassLoader referenced unknown path: 
12-31 18:00:17.281   976   976 V UpdateUI: Network: inactive, disconnected
12-31 18:00:17.282   976   976 V ServiceStarter: attempting to start service FtcRobotControllerWatchdogService
12-31 18:00:17.284   976   976 V ServiceStarter: started service FtcRobotControllerWatchdogService
12-31 18:00:17.305   976   976 I RobotCore: App info: version=8.1.1 appId=com.qualcomm.ftcrobotcontroller
12-31 18:00:17.305   976   976 I RobotCore: Android Device: maker=REV Robotics model=Control Hub v1.0 sdk=25 serial=caade241cd00a884
12-31 18:00:17.306   976   976 V AndroidBoard: REV Control Hub contains REV3328
12-31 18:00:17.306   976   976 V AndroidBoard: Communicating with embedded REV hub via /dev/ttyS1
12-31 18:00:17.308   976   976 V RCActivity: onStart()
12-31 18:00:17.311   976   976 V RCActivity: onResume()
12-31 18:00:17.336   976   976 V NetDiscover_prefremrc: onSharedPreferenceChanged(name=App Restrictions, value=AAAAAA==
12-31 18:00:17.336   976   976 V NetDiscover_prefremrc: )
12-31 18:00:17.347   976   976 V FtcRobotControllerWatchdogService: onCreate()
12-31 18:00:17.347   976   976 V FtcRobotControllerWatchdogService: onStartCommand() intent=Intent { cmp=com.qualcomm.ftcrobotcontroller/org.firstinspires.ftc.ftccommon.internal.FtcRobotControllerWatchdogService } flags=0x0 startId=1
12-31 18:00:17.348   976   976 V FtcRobotControllerWatchdogService: shouldAutoLauchRobotController() result=true
12-31 18:00:17.348   976   976 V FTCService: onCreate()
12-31 18:00:17.382   976   976 W art     : Before Android 4.1, method double java.util.concurrent.ThreadLocalRandom.internalNextDouble(double, double) would have incorrectly overridden the package-private method in java.util.Random
12-31 18:00:17.382   976   976 W art     : Before Android 4.1, method int java.util.concurrent.ThreadLocalRandom.internalNextInt(int, int) would have incorrectly overridden the package-private method in java.util.Random
12-31 18:00:17.382   976   976 W art     : Before Android 4.1, method long java.util.concurrent.ThreadLocalRandom.internalNextLong(long, long) would have incorrectly overridden the package-private method in java.util.Random
12-31 18:00:17.418   976   976 V FTCService: onBind()
12-31 18:00:17.440   976   976 V CoreRobotWebServer: creating NanoHTTPD(8080)
12-31 18:00:17.445   976   976 V WebSocketManager: Registered broadcast-only namespace progress
12-31 18:00:17.451   976   976 V WebSocketManager: Registered handler for namespace ControlHubUpdater
12-31 18:00:17.452   976   976 V RobotCore: Getting network assistant of type: RCWIRELESSAP
12-31 18:00:17.454   976   976 I RobotControllerAccessPointAssistant: Enabling network services
12-31 18:00:17.456   976   976 I RobotControllerAccessPointAssistant: Sending SSID and password to AP service
12-31 18:00:17.457   976   976 I RobotCore: ftc21180
12-31 18:00:17.457   976   976 D RobotControllerAccessPointAssistant: setNetworkProperties(deviceName=21180-RC, password=ftc21180, ApChannel=null) sendSettingsIndividually=false
12-31 18:00:17.457   976   976 I NetDiscover_ControlHubNameManager: Robot controller name: 21180-RC
12-31 18:00:17.457   976   976 I ControlHubPasswordManager: Robot controller password: ftc21180
12-31 18:00:17.457   976   976 D RobotControllerAccessPointAssistant: Sending bulk settings broadcast intent
12-31 18:00:17.531   976  1123 I OpenGLRenderer: Initialized EGL, version 1.4
12-31 18:00:17.531   976  1123 D OpenGLRenderer: Swap behavior 1
12-31 18:00:17.541   976   976 I RobotControllerAccessPointAssistant: Wi-Fi state change:, wifiApState: 13
12-31 18:00:17.541   976   976 I FTCService: onNetworkConnectionEvent: CONNECTION_INFO_AVAILABLE
12-31 18:00:17.541   976   976 I RobotCore: ftc21180
12-31 18:00:17.541   976   976 I FTCService: Network Connection Passphrase: ftc21180
12-31 18:00:17.542   976   976 V CoreRobotWebServer: starting port=8080
12-31 18:00:17.553   976   976 V RobotCore: Getting network assistant of type: RCWIRELESSAP
12-31 18:00:17.560   976  1128 V TooTallWebSocketServer: Started WebSocket server on port 8081
12-31 18:00:17.594   976   976 V CoreRobotWebServer: started port=8080
12-31 18:00:17.595   976   976 V FTCService: RCActivity.controllerService=bound
12-31 18:00:17.595   976   976 V UpdateUI: Network: active, disconnected
12-31 18:00:17.596   976   976 V RobotCore: Robot Status: stopped
12-31 18:00:17.606   976  1131 V RobotCore: thread: 'RobotSetupRunnable.run()' starting...
12-31 18:00:17.606   976  1131 V FTCService: Processing robot setup
12-31 18:00:17.606   976  1131 V RobotCore: Robot Status: stopped, scanning for USB devices
12-31 18:00:17.607   976  1131 I AppAliveNotifier: Telling the OS to set the RC alive notification timeout to 10 seconds
12-31 18:00:17.628   976   976 V WebSocketManager: Registered handler for namespace ONBOTJAVA
12-31 18:00:17.638   976  1123 I [Gralloc]:  ion device open success! fd = 90
12-31 18:00:17.692   976   976 V AppUtil : rootActivity=PermissionValidatorWrapper destroyed
12-31 18:00:17.692   976   976 V AppUtil : rootActivity=FtcRobotControllerActivity
12-31 18:00:17.692   976   976 I PermissionValidatorActivity: Lifecycle onDestroy : 6a70b24
12-31 18:00:22.614   976  1131 V RobotCore: EventLoopManager state is NOT_STARTED
12-31 18:00:22.615   976  1131 V FTCService: Waiting for a connection to a Wi-Fi service
12-31 18:00:22.615   976  1131 V RobotCore: Robot Status: stopped, waiting for network to become active
12-31 18:00:22.617   976  1131 I RobotControllerAccessPointAssistant: Wi-Fi AP is enabled
12-31 18:00:22.617   976  1131 V CoreRobotWebServer: Asked an already running WebServer to start
12-31 18:00:22.617   976  1131 V RobotCore: Robot Status: stopped, starting robot
12-31 18:00:22.618   976  1131 V Robocol : EventLoopManager.start()
12-31 18:00:22.618   976  1131 V RobotCore: Getting network assistant of type: RCWIRELESSAP
12-31 18:00:22.619   976  1131 I RobotControllerAccessPointAssistant: Wi-Fi AP is enabled
12-31 18:00:22.619   976  1131 V Robocol : Spoofing a Network Connection event...
12-31 18:00:22.619   976  1131 I EventLoopManager: onNetworkConnectionEvent: CONNECTION_INFO_AVAILABLE
12-31 18:00:22.619   976  1131 I Robocol : Received network connection event
12-31 18:00:22.621   976  1131 I RobotControllerAccessPointAssistant: Wi-Fi AP is enabled
12-31 18:00:22.621   976  1131 I NetworkConnectionHandler: Handling new network connection infomation, connected: true setup needed: true
12-31 18:00:22.622   976  1131 I RobotControllerAccessPointAssistant: Wi-Fi AP is enabled
12-31 18:00:25.639   976  1167 V RobotCore: thread: 'SetupRunnable.run()' starting...
12-31 18:00:25.639   976  1131 V RobotCore: EventLoopManager state is STOPPED
12-31 18:00:25.641   976  1131 V Robocol : eventLoop=FtcEventLoop
12-31 18:00:25.642   976  1131 V RobotCore: EventLoopManager state is INIT
12-31 18:00:25.643   976  1131 V RobotCore: Robot Status: initializing, starting robot
12-31 18:00:25.643   976  1131 I FtcEventLoop: ======= INIT START =======
12-31 18:00:25.645   976  1131 V OpmodeRegistration: registered {DefaultOpMode} as {$Stop$Robot$}
12-31 18:00:25.655   976  1167 D Robocol : RobocolDatagramSocket listening addr=/192.168.43.1:20884 cbRec=65520 cbSend=106496 msRecTO=300
12-31 18:00:25.656   976  1167 V Robocol : RecvLoopRunnable created
12-31 18:00:25.659   976  1168 V Robocol : PacketProcessor started
12-31 18:00:25.661   976  1169 V Robocol : CommandProcessor started
12-31 18:00:25.663   976  1170 V RobotCore: thread: 'RecvLoopRunnable.run()' starting...
12-31 18:00:25.665   976  1167 V PeerDiscovery: Starting peer discovery remote: /192.168.43.1 local: /192.168.43.1
12-31 18:00:25.666   976  1167 V PeerDiscovery: No need for initiating peer discovery, we are the Robot Controller
12-31 18:00:25.666   976  1167 V RobotCore: Setup complete
12-31 18:00:25.666   976  1167 V RobotCore: thread: ...terminating 'SetupRunnable.run()'
12-31 18:00:25.914   976  1131 V MD5     : Calculated digest: 9d9a9ed11665dc92c91c475aad54ef94
12-31 18:00:25.914   976  1131 V MD5     : Provided digest: 9d9a9ed11665dc92c91c475aad54ef94
12-31 18:00:25.966   976  1170 E Robocol : exception SocketTimeoutException(Receive timed out): no packet received [java.net.PlainDatagramSocketImpl.receive0(Native Method)]
12-31 18:00:26.540   976  1131 V OpmodeRegistration: registered {AutoFlipRight} as {Auto Flip Right}
12-31 18:00:26.541   976  1131 V OpmodeRegistration: registered {AutonomousLeft} as {Autonomous_Left}
12-31 18:00:26.541   976  1131 V OpmodeRegistration: registered {TeleopDualDrivers} as {Teleop_DualDrivers}
12-31 18:00:26.542   976  1131 V OpmodeRegistration: registered {AutonomousTest} as {Only For Test}
12-31 18:00:26.542   976  1131 V OpmodeRegistration: registered {AutoSwingRight} as {Swing arm - Right}
12-31 18:00:26.542   976  1131 V OpmodeRegistration: registered {TeleopTest} as {Teleop_Test}
12-31 18:00:26.543   976  1131 V OpmodeRegistration: registered {AutonomousRight} as {Autonomous_Right}
12-31 18:00:26.596   976  1131 V FtcEventLoop: Ensuring that the embedded Control Hub module is set up correctly
12-31 18:00:26.602   976  1131 V RobotCore: Creating REV Robotics USB Expansion Hub Portal [(embedded)]
12-31 18:00:26.602   976  1131 V LynxUsb : creating new [(embedded)]: 0x0c588273
12-31 18:00:26.606   976  1131 V FtDeviceManager: createDeviceInfoList(): 0 USB devices
12-31 18:00:26.613   976  1131 V RobotUsbManagerCombining: FTDI driver failed to open USB device with serial number (embedded) (returned null device)
12-31 18:00:26.610   976   976 I pRunnable.run(): type=1400 audit(0.0:96): avc: denied { read } for name="ttyS1" dev="tmpfs" ino=1092 scontext=u:r:untrusted_app:s0:c512,c768 tcontext=u:object_r:serial_device:s0 tclass=chr_file permissive=1
12-31 18:00:26.616   976   976 I pRunnable.run(): type=1400 audit(0.0:97): avc: denied { write } for name="ttyS1" dev="tmpfs" ino=1092 scontext=u:r:untrusted_app:s0:c512,c768 tcontext=u:object_r:serial_device:s0 tclass=chr_file permissive=1
12-31 18:00:26.617   976  1131 V SerialPortNative: [SerialPort.cpp:150] opened(/dev/ttyS1): fd=99
12-31 18:00:26.618   976  1131 V RobotUsbDeviceTTY: opening serial=(embedded) file=/dev/ttyS1
12-31 18:00:26.618   976  1131 V LynxUsb : armDevice() serial=(embedded)...
12-31 18:00:26.618   976  1131 V LynxUsb : resetDevice() serial=(embedded)
12-31 18:00:26.619   976  1131 V LynxModule: resetting embedded usb device: isPresent: was=true
12-31 18:00:26.616   976   976 I pRunnable.run(): type=1400 audit(0.0:98): avc: denied { open } for path="/dev/ttyS1" dev="tmpfs" ino=1092 scontext=u:r:untrusted_app:s0:c512,c768 tcontext=u:object_r:serial_device:s0 tclass=chr_file permissive=1
12-31 18:00:26.616   976   976 I pRunnable.run(): type=1400 audit(0.0:99): avc: denied { ioctl } for path="/dev/ttyS1" dev="tmpfs" ino=1092 ioctlcmd=5401 scontext=u:r:untrusted_app:s0:c512,c768 tcontext=u:object_r:serial_device:s0 tclass=chr_file permissive=1
12-31 18:00:26.616   976   976 I pRunnable.run(): type=1400 audit(0.0:100): avc: denied { read } for name="value" dev="sysfs" ino=13327 scontext=u:r:untrusted_app:s0:c512,c768 tcontext=u:object_r:sysfs:s0 tclass=file permissive=1
12-31 18:00:26.616   976   976 I pRunnable.run(): type=1400 audit(0.0:101): avc: denied { open } for path="/sys/devices/pinctrl.26/gpio/gpio50/value" dev="sysfs" ino=13327 scontext=u:r:untrusted_app:s0:c512,c768 tcontext=u:object_r:sysfs:s0 tclass=file permissive=1
12-31 18:00:26.616   976   976 I pRunnable.run(): type=1400 audit(0.0:102): avc: denied { getattr } for path="/sys/devices/pinctrl.26/gpio/gpio50/value" dev="sysfs" ino=13327 scontext=u:r:untrusted_app:s0:c512,c768 tcontext=u:object_r:sysfs:s0 tclass=file permissive=1
12-31 18:00:26.620   976   976 I pRunnable.run(): type=1400 audit(0.0:103): avc: denied { write } for name="value" dev="sysfs" ino=16645 scontext=u:r:untrusted_app:s0:c512,c768 tcontext=u:object_r:sysfs:s0 tclass=file permissive=1
12-31 18:00:26.977   976  1131 V LynxUsb : ...done armDevice()
12-31 18:00:26.977   976  1172 V RobotCore: thread: 'lynx incoming datagrams' starting...
12-31 18:00:26.978   976  1131 V LynxUsb : 0x038bd72e on 0x0c588273: new delegate to [(embedded)]
12-31 18:00:26.985   976  1131 V LynxUsb : addConfiguredModule() module#=173
12-31 18:00:26.986   976  1131 V LynxModule: pingAndQueryKnownInterfaces mod=173
12-31 18:00:26.988   976  1172 V LynxUsb : synchronization gained: serial=(embedded)
12-31 18:00:27.009   976  1131 V LynxModule: mod#=173 queryInterface(DEKA)=54 commands starting at 4096
12-31 18:00:27.022   976  1131 V LynxModule: sending LynxFtdiResetControlCommand(true) wasInterrupted=false
12-31 18:00:27.028   976  1131 V LynxModule: sendLEDPatternSteps(): steps=[Step(color=65280, msDuration=1000)]
12-31 18:00:27.033   976  1131 V LynxModule: setAsControlHubEmbeddedModule(mod=173)
12-31 18:00:27.033   976  1131 V EmbeddedControlHubModule: setting embedded module
12-31 18:00:27.034   976  1131 V LynxModule: sending LynxFtdiResetControlCommand(false) wasInterrupted=false
12-31 18:00:27.036   976  1131 V LynxModule: close(#173)
12-31 18:00:27.037   976  1131 V LynxUsb : Verified that the embedded Control Hub module has the correct address
12-31 18:00:27.039   976  1131 V LynxUsb : addConfiguredModule() module#=173
12-31 18:00:27.039   976  1131 V LynxModule: pingAndQueryKnownInterfaces mod=173
12-31 18:00:27.052   976  1131 V LynxModule: mod#=173 queryInterface(DEKA)=54 commands starting at 4096
12-31 18:00:27.062   976  1131 V LynxModule: sending LynxFtdiResetControlCommand(true) wasInterrupted=false
12-31 18:00:27.067   976  1131 V LynxModule: sendLEDPatternSteps(): steps=[Step(color=65280, msDuration=1000)]
12-31 18:00:27.071   976  1131 V LynxModule: setAsControlHubEmbeddedModule(mod=173)
12-31 18:00:27.071   976  1131 V EmbeddedControlHubModule: setting embedded module
12-31 18:00:27.071   976  1131 I RobotCore: LynxFirmwareVersionManager: LynxI2cDeviceSynchV2
12-31 18:00:27.072   976  1131 V LynxI2cDeviceSynch: initializeHardware() mod#=173
12-31 18:00:27.073   976  1131 V BHI260IMU: Suppressing I2C warnings while we check for a BHI260AP IMU
12-31 18:00:27.077   976  1131 V BHI260IMU: No BHI260AP IMU found
12-31 18:00:27.079   976  1131 V BNO055  : Suppressing I2C warnings while we check for a BNO055 IMU
12-31 18:00:27.083   976  1131 V BNO055  : Found BNO055 IMU
12-31 18:00:27.083   976  1131 V LynxModule: sending LynxFtdiResetControlCommand(false) wasInterrupted=false
12-31 18:00:27.085   976  1131 V LynxModule: close(#173)
12-31 18:00:27.086   976  1131 V HardwareFactory: createHardwareMap()
12-31 18:00:27.086   976  1131 V EmbeddedControlHubModule: clearing embedded module
12-31 18:00:27.099   976  1131 V ReadXMLFileHandler: embedded lynx USB device is already present
12-31 18:00:27.099   976  1131 V RobotCore: Creating REV Robotics USB Expansion Hub Portal [(embedded)]
12-31 18:00:27.099   976  1131 V LynxUsb : using existing [(embedded)]: 0x0c588273
12-31 18:00:27.099   976  1131 V LynxUsb : 0x09ef586f on 0x0c588273: new delegate to [(embedded)]
12-31 18:00:27.100   976  1131 V RobotCore: Creating Lynx Module - mod=173 parent=true
12-31 18:00:27.102   976  1131 V RobotCore: Creating Lynx Module - mod=2 parent=false
12-31 18:00:27.103   976  1131 V LynxUsb : addConfiguredModule() module#=173
12-31 18:00:27.103   976  1131 V LynxModule: pingAndQueryKnownInterfaces mod=173
12-31 18:00:27.115   976  1131 V LynxModule: mod#=173 queryInterface(DEKA)=54 commands starting at 4096
12-31 18:00:27.123   976  1131 V LynxModule: sending LynxFtdiResetControlCommand(true) wasInterrupted=false
12-31 18:00:27.128   976  1131 V LynxModule: sendLEDPatternSteps(): steps=[Step(color=65280, msDuration=1000)]
12-31 18:00:27.130   976  1175 V LynxModule: received status: LynxGetModuleStatusResponse(status=0x02 alerts=0x00: Reset)
12-31 18:00:27.134   976  1131 V LynxModule: setAsControlHubEmbeddedModule(mod=173)
12-31 18:00:27.134   976  1131 V EmbeddedControlHubModule: setting embedded module
12-31 18:00:27.135   976  1131 V LynxUsb : addConfiguredModule() module#=2
12-31 18:00:27.135   976  1131 V LynxModule: pingAndQueryKnownInterfaces mod=2
12-31 18:00:27.141   976  1175 W HubPowerCycle: Expansion Hub 173 regained power after a complete power loss. No user Op Mode was running.
12-31 18:00:27.141   976  1175 V LynxModule: resendCurrentPattern()
12-31 18:00:27.141   976  1175 V LynxModule: sendLEDPatternSteps(): steps=[Step(color=65280, msDuration=1000)]
12-31 18:00:27.152   976  1131 V LynxModule: mod#=2 queryInterface(DEKA)=54 commands starting at 4096
12-31 18:00:27.160   976  1131 V LynxModule: sending LynxFtdiResetControlCommand(true) wasInterrupted=false
12-31 18:00:27.166   976  1176 V LynxModule: received status: LynxGetModuleStatusResponse(status=0x02 alerts=0x00: Reset)
12-31 18:00:27.167   976  1176 W HubPowerCycle: Expansion Hub 2 regained power after a complete power loss. No user Op Mode was running.
12-31 18:00:27.167   976  1176 V LynxModule: resendCurrentPattern()
12-31 18:00:27.167   976  1176 V LynxModule: sendLEDPatternSteps(): steps=[]
12-31 18:00:27.169   976  1131 V LynxModule: sendLEDPatternSteps(): steps=[Step(color=65280, msDuration=4500), Step(color=0, msDuration=500), Step(color=255, msDuration=500), Step(color=0, msDuration=500), Step(color=255, msDuration=500), Step(color=0, msDuration=500)]
12-31 18:00:27.181   976  1131 V LynxMotor: initializeHardware() mod#=173
12-31 18:00:27.217   976  1131 V RobotCore: DcMotorImpl(type=goBILDA5202SeriesMotor)
12-31 18:00:27.217   976  1131 V RobotCore: DcMotorImpl(type=goBILDA5202SeriesMotor)
12-31 18:00:27.218   976  1131 V RobotCore: DcMotorImpl(type=goBILDA5202SeriesMotor)
12-31 18:00:27.218   976  1131 V RobotCore: DcMotorImpl(type=goBILDA5202SeriesMotor)
12-31 18:00:27.219   976  1131 V LynxServoController: initializeHardware() mod#=173
12-31 18:00:27.245   976  1131 V LynxVoltageSensor: initializeHardware() mod#=173
12-31 18:00:27.245   976  1131 V LynxAnalogInputController: initializeHardware() mod#=173
12-31 18:00:27.247   976  1131 V LynxDigitalChannelController: initializeHardware() mod#=173
12-31 18:00:27.263   976  1131 V RobotCore: Creating user sensor REV internal IMU (BNO055) - on Lynx module=173 bus=0
12-31 18:00:27.263   976  1131 I RobotCore: LynxFirmwareVersionManager: LynxI2cDeviceSynchV2
12-31 18:00:27.263   976  1131 V LynxI2cDeviceSynch: initializeHardware() mod#=173
12-31 18:00:27.265   976  1131 V BNO055  : Suppressing I2C warnings while we check for a BNO055 IMU
12-31 18:00:27.269   976  1131 V BNO055  : Found BNO055 IMU
12-31 18:00:27.269   976  1131 V BNO055  : Suppressing I2C warnings while we check for a BNO055 IMU
12-31 18:00:27.273   976  1131 V BNO055  : Found BNO055 IMU
12-31 18:00:27.390   976  1131 I RobotCore: LynxFirmwareVersionManager: LynxI2cDeviceSynchV2
12-31 18:00:27.391   976  1131 V LynxI2cDeviceSynch: initializeHardware() mod#=173
12-31 18:00:27.392   976  1131 V RobotCore: Creating user sensor REV Color Sensor V3 - on Lynx module=173 bus=2
12-31 18:00:27.393   976  1131 I RobotCore: LynxFirmwareVersionManager: LynxI2cDeviceSynchV2
12-31 18:00:27.393   976  1131 V LynxI2cDeviceSynch: initializeHardware() mod#=173
12-31 18:00:27.395   976  1131 I I2C     : Automatically initializing I2C device RevColorSensorV3 (USB (embedded); module 173; bus 2; addr7=0x00)
12-31 18:00:27.395   976  1131 V BroadcomColorSensorImpl: internalInitialize()...
12-31 18:00:27.403   976  1131 V BroadcomColorSensorImpl: state: 00 36 08 05 22 01 c2 
12-31 18:00:27.403   976  1131 V BroadcomColorSensorImpl: setGain(0x01)
12-31 18:00:27.407   976  1131 V BroadcomColorSensorImpl: setLEDParameters(0x37)
12-31 18:00:27.410   976  1131 V BroadcomColorSensorImpl: setProximityPulseCount(0x20)
12-31 18:00:27.414   976  1131 V BroadcomColorSensorImpl: setPSMeasRate(0x1d)
12-31 18:00:27.418   976  1131 V BroadcomColorSensorImpl: setLSMeasRate(0x42)
12-31 18:00:27.425   976  1131 V BroadcomColorSensorImpl: enable() enabled=0x00...
12-31 18:00:27.432   976  1131 V BroadcomColorSensorImpl: ...enable() enabled=0x07
12-31 18:00:27.437   976  1131 V BroadcomColorSensorImpl: state: 07 37 20 1d 42 01 c2 
12-31 18:00:27.437   976  1131 V BroadcomColorSensorImpl: ...internalInitialize()
12-31 18:00:27.437   976  1131 V RobotCore: Creating user sensor REV 2M Distance Sensor - on Lynx module=173 bus=1
12-31 18:00:27.438   976  1131 I RobotCore: LynxFirmwareVersionManager: LynxI2cDeviceSynchV2
12-31 18:00:27.438   976  1131 V LynxI2cDeviceSynch: initializeHardware() mod#=173
12-31 18:00:27.439   976  1131 V RobotCore: Creating user sensor REV 2M Distance Sensor - on Lynx module=173 bus=3
12-31 18:00:27.439   976  1131 I RobotCore: LynxFirmwareVersionManager: LynxI2cDeviceSynchV2
12-31 18:00:27.439   976  1131 V LynxI2cDeviceSynch: initializeHardware() mod#=173
12-31 18:00:27.441   976  1131 V LynxMotor: initializeHardware() mod#=2
12-31 18:00:27.491   976  1131 V RobotCore: DcMotorImpl(type=goBILDA5202SeriesMotor)
12-31 18:00:27.491   976  1131 V RobotCore: DcMotorImpl(type=goBILDA5202SeriesMotor)
12-31 18:00:27.492   976  1131 V LynxServoController: initializeHardware() mod#=2
12-31 18:00:27.525   976  1131 V LynxVoltageSensor: initializeHardware() mod#=2
12-31 18:00:27.525   976  1131 V LynxAnalogInputController: initializeHardware() mod#=2
12-31 18:00:27.526   976  1131 V LynxDigitalChannelController: initializeHardware() mod#=2
12-31 18:00:27.549   976  1131 V RobotCore: Creating user sensor REV 2M Distance Sensor - on Lynx module=2 bus=0
12-31 18:00:27.549   976  1131 I RobotCore: LynxFirmwareVersionManager: LynxI2cDeviceSynchV2
12-31 18:00:27.550   976  1131 V LynxI2cDeviceSynch: initializeHardware() mod#=2
12-31 18:00:27.551   976  1131 V RobotCore: Creating user sensor REV 2M Distance Sensor - on Lynx module=2 bus=1
12-31 18:00:27.551   976  1131 I RobotCore: LynxFirmwareVersionManager: LynxI2cDeviceSynchV2
12-31 18:00:27.552   976  1131 V LynxI2cDeviceSynch: initializeHardware() mod#=2
12-31 18:00:27.554   976  1131 V RobotCore: Creating Webcam [D5386480]
12-31 18:00:27.555   976  1131 V CameraManager: construct(hash=0x0b74a447|inst#=0)
12-31 18:00:27.557   976  1131 D libusb  : [ 0.000827] [0000046b] libusb: debug [op_init] sysfs(/sys/bus/usb/devices) available
12-31 18:00:27.557   976  1131 D libusb  : [ 0.000960] [0000046b] libusb: debug [op_init] sysfs can relate devices
12-31 18:00:27.557   976  1131 D libusb  : [ 0.001012] [0000046b] libusb: debug [op_init] sysfs has complete descriptors
12-31 18:00:27.557   976  1131 D libusb  : [ 0.001062] [0000046b] libusb: debug [op_init] sysfs has serial numbers
12-31 18:00:27.553   976   976 I pRunnable.run(): type=1400 audit(0.0:104): avc: denied { read } for name="devices" dev="sysfs" ino=7258 scontext=u:r:untrusted_app:s0:c512,c768 tcontext=u:object_r:sysfs:s0 tclass=dir permissive=1
12-31 18:00:27.559   976  1131 V UvcContext: construct(pointer=0xc5cf30c0|inst#=0)
12-31 18:00:27.556   976   976 I pRunnable.run(): type=1400 audit(0.0:105): avc: denied { open } for path="/sys/bus/usb/devices" dev="sysfs" ino=7258 scontext=u:r:untrusted_app:s0:c512,c768 tcontext=u:object_r:sysfs:s0 tclass=dir permissive=1
12-31 18:00:27.567   976  1131 I RobotCore: ========= Device Information ===================================================
12-31 18:00:27.568   976  1131 I RobotCore: Type                                               Name                           Connection
12-31 18:00:27.568   976  1131 I RobotCore: Motor                                              LeftSlider                     USB (embedded); module 2; port 1
12-31 18:00:27.569   976  1131 I RobotCore: Motor                                              RightSlider                    USB (embedded); module 2; port 0
12-31 18:00:27.569   976  1131 I RobotCore: REV 2M ToF Distance Sensor                         fcds                           USB (embedded); module 173; bus 1; addr7=0x29
12-31 18:00:27.570   976  1131 I RobotCore: REV 2M ToF Distance Sensor                         frds                           USB (embedded); module 2; bus 1; addr7=0x29
12-31 18:00:27.571   976  1131 I RobotCore: Rev Color Sensor v3                                cs                             USB (embedded); module 173; bus 2; addr7=0x52
12-31 18:00:27.571   976  1131 I RobotCore: REV Robotics USB Expansion Hub Portal              Control Hub Portal             USB (embedded)
12-31 18:00:27.572   976  1131 I RobotCore: Motor                                              FrontLeft                      USB (embedded); module 173; port 0
12-31 18:00:27.572   976  1131 I RobotCore: Motor                                              BackRight                      USB (embedded); module 173; port 3
12-31 18:00:27.573   976  1131 I RobotCore: Expansion Hub DC Motor Controller                  Expansion Hub 2                USB (embedded); module 2
12-31 18:00:27.573   976  1131 I RobotCore: Expansion Hub Servo Controller                     Expansion Hub 2                USB (embedded); module 2
12-31 18:00:27.574   976  1131 I RobotCore: Expansion Hub Voltage Sensor                       Expansion Hub 2                USB (embedded); module 2
12-31 18:00:27.574   976  1131 I RobotCore: Expansion Hub Analog Input Controller              Expansion Hub 2                USB (embedded); module 2
12-31 18:00:27.575   976  1131 I RobotCore: Expansion Hub Digital Channel Controller           Expansion Hub 2                USB (embedded); module 2
12-31 18:00:27.580   976  1131 I RobotCore: Expansion Hub (HW: 20, Maj: 1, Min: 8, Eng: 2)     Expansion Hub 2                USB (embedded); module 2
12-31 18:00:27.581   976  1131 I RobotCore: REV internal IMU (BNO055)                          imu                            USB (embedded); module 173; bus 0; addr7=0x28
