11-27 14:21:16.596 10870 11504 I global  :  RENO - ObjectDetection.sleeveColorDetect(ObjectDetection.java:128): Sleeve max color = 255454.00, 256570.00, 265081.00
11-27 14:21:16.598 10870 11504 I global  :  RENO - ObjectDetection.sleeveColorDetect(ObjectDetection.java:147): Sleeve position: RIGHT
11-27 14:21:16.599 10870 11504 I global  :  RENO - ObjectDetection.processFrame(ObjectDetection.java:86): Start Opcv process to detect cone.
11-27 14:21:16.615 10870 11496 I global  :  RENO - ChassisWith4Motors.driveWithPIDControl(ChassisWith4Motors.java:481): tDistance = 24.00, currLocation = 0.05
11-27 14:21:16.616 10870 11496 I global  :  RENO - ChassisWith4Motors.driveWithPIDControl(ChassisWith4Motors.java:482): rampUpPower = 0.35, rampDownPower = 0.88
11-27 14:21:16.622 10870 11496 I global  :  RENO - ChassisWith4Motors.driveWithPIDControl(ChassisWith4Motors.java:488): power = 0.35, correction = -0.09, global angle = 2.125, last angle = 92.56
11-27 14:21:16.638 10870 11496 I global  :  RENO - ChassisWith4Motors.driveWithPIDControl(ChassisWith4Motors.java:481): tDistance = 24.00, currLocation = 0.00
11-27 14:21:16.639 10870 11496 I global  :  RENO - ChassisWith4Motors.driveWithPIDControl(ChassisWith4Motors.java:482): rampUpPower = 0.35, rampDownPower = 0.88
11-27 14:21:16.645 10870 11496 I global  :  RENO - ChassisWith4Motors.driveWithPIDControl(ChassisWith4Motors.java:488): power = 0.35, correction = -0.09, global angle = 2.125, last angle = 92.56
11-27 14:21:16.667 10870 11496 I global  :  RENO - ChassisWith4Motors.driveWithPIDControl(ChassisWith4Motors.java:481): tDistance = 24.00, currLocation = 0.30
11-27 14:21:16.668 10870 11496 I global  :  RENO - ChassisWith4Motors.driveWithPIDControl(ChassisWith4Motors.java:482): rampUpPower = 0.37, rampDownPower = 0.88
11-27 14:21:16.674 10870 11496 I global  :  RENO - ChassisWith4Motors.driveWithPIDControl(ChassisWith4Motors.java:488): power = 0.37, correction = -0.08, global angle = 2.063, last angle = 92.50
11-27 14:21:16.693 10870 11496 I global  :  RENO - ChassisWith4Motors.driveWithPIDControl(ChassisWith4Motors.java:481): tDistance = 24.00, currLocation = 0.68
11-27 14:21:16.694 10870 11496 I global  :  RENO - ChassisWith4Motors.driveWithPIDControl(ChassisWith4Motors.java:482): rampUpPower = 0.39, rampDownPower = 0.88
11-27 14:21:16.700 10870 11496 I global  :  RENO - ChassisWith4Motors.driveWithPIDControl(ChassisWith4Motors.java:488): power = 0.39, correction = -0.07, global angle = 1.688, last angle = 92.13
11-27 14:21:16.716 10870 11496 I global  :  RENO - ChassisWith4Motors.driveWithPIDControl(ChassisWith4Motors.java:481): tDistance = 24.00, currLocation = 1.00
11-27 14:21:16.717 10870 11496 I global  :  RENO - ChassisWith4Motors.driveWithPIDControl(ChassisWith4Motors.java:482): rampUpPower = 0.40, rampDownPower = 0.88
11-27 14:21:16.723 10870 11496 I global  :  RENO - ChassisWith4Motors.driveWithPIDControl(ChassisWith4Motors.java:488): power = 0.40, correction = -0.07, global angle = 1.563, last angle = 92.00
11-27 14:21:16.738 10870 11496 I global  :  RENO - ChassisWith4Motors.driveWithPIDControl(ChassisWith4Motors.java:481): tDistance = 24.00, currLocation = 1.31
11-27 14:21:16.740 10870 11496 I global  :  RENO - ChassisWith4Motors.driveWithPIDControl(ChassisWith4Motors.java:482): rampUpPower = 0.42, rampDownPower = 0.88
11-27 14:21:16.745 10870 11496 I global  :  RENO - ChassisWith4Motors.driveWithPIDControl(ChassisWith4Motors.java:488): power = 0.42, correction = -0.05, global angle = 1.313, last angle = 91.75
11-27 14:21:16.761 10870 11496 I global  :  RENO - ChassisWith4Motors.driveWithPIDControl(ChassisWith4Motors.java:481): tDistance = 24.00, currLocation = 1.57
11-27 14:21:16.763 10870 11496 I global  :  RENO - ChassisWith4Motors.driveWithPIDControl(ChassisWith4Motors.java:482): rampUpPower = 0.43, rampDownPower = 0.88
11-27 14:21:16.769 10870 11496 I global  :  RENO - ChassisWith4Motors.driveWithPIDControl(ChassisWith4Motors.java:488): power = 0.43, correction = -0.05, global angle = 1.188, last angle = 91.63
11-27 14:21:16.787 10870 11496 I global  :  RENO - ChassisWith4Motors.driveWithPIDControl(ChassisWith4Motors.java:481): tDistance = 24.00, currLocation = 1.89
11-27 14:21:16.788 10870 11496 I global  :  RENO - ChassisWith4Motors.driveWithPIDControl(ChassisWith4Motors.java:482): rampUpPower = 0.45, rampDownPower = 0.88
11-27 14:21:16.795 10870 11496 I global  :  RENO - ChassisWith4Motors.driveWithPIDControl(ChassisWith4Motors.java:488): power = 0.45, correction = -0.04, global angle = 0.875, last angle = 91.31
11-27 14:21:16.811 10870 11496 I global  :  RENO - ChassisWith4Motors.driveWithPIDControl(ChassisWith4Motors.java:481): tDistance = 24.00, currLocation = 2.29
11-27 14:21:16.812 10870 11496 I global  :  RENO - ChassisWith4Motors.driveWithPIDControl(ChassisWith4Motors.java:482): rampUpPower = 0.47, rampDownPower = 0.88
11-27 14:21:16.819 10870 11496 I global  :  RENO - ChassisWith4Motors.driveWithPIDControl(ChassisWith4Motors.java:488): power = 0.47, correction = -0.03, global angle = 0.625, last angle = 91.06
11-27 14:21:16.835 10870 11496 I global  :  RENO - ChassisWith4Motors.driveWithPIDControl(ChassisWith4Motors.java:481): tDistance = 24.00, currLocation = 2.71
11-27 14:21:16.836 10870 11496 I global  :  RENO - ChassisWith4Motors.driveWithPIDControl(ChassisWith4Motors.java:482): rampUpPower = 0.49, rampDownPower = 0.88
11-27 14:21:16.842 10870 11496 I global  :  RENO - ChassisWith4Motors.driveWithPIDControl(ChassisWith4Motors.java:488): power = 0.49, correction = -0.02, global angle = 0.438, last angle = 90.88
11-27 14:21:16.859 10870 11496 I global  :  RENO - ChassisWith4Motors.driveWithPIDControl(ChassisWith4Motors.java:481): tDistance = 24.00, currLocation = 3.13
11-27 14:21:16.860 10870 11496 I global  :  RENO - ChassisWith4Motors.driveWithPIDControl(ChassisWith4Motors.java:482): rampUpPower = 0.52, rampDownPower = 0.88
11-27 14:21:16.866 10870 11496 I global  :  RENO - ChassisWith4Motors.driveWithPIDControl(ChassisWith4Motors.java:488): power = 0.52, correction = -0.02, global angle = 0.438, last angle = 90.88
11-27 14:21:16.881 10870 11496 I global  :  RENO - ChassisWith4Motors.driveWithPIDControl(ChassisWith4Motors.java:481): tDistance = 24.00, currLocation = 3.53
11-27 14:21:16.882 10870 11496 I global  :  RENO - ChassisWith4Motors.driveWithPIDControl(ChassisWith4Motors.java:482): rampUpPower = 0.54, rampDownPower = 0.88
11-27 14:21:16.888 10870 11496 I global  :  RENO - ChassisWith4Motors.driveWithPIDControl(ChassisWith4Motors.java:488): power = 0.54, correction = -0.02, global angle = 0.438, last angle = 90.88
11-27 14:21:16.905 10870 11496 I global  :  RENO - ChassisWith4Motors.driveWithPIDControl(ChassisWith4Motors.java:481): tDistance = 24.00, currLocation = 3.97
11-27 14:21:16.906 10870 11496 I global  :  RENO - ChassisWith4Motors.driveWithPIDControl(ChassisWith4Motors.java:482): rampUpPower = 0.56, rampDownPower = 0.88
11-27 14:21:16.910 10870 11496 I global  :  RENO - ChassisWith4Motors.driveWithPIDControl(ChassisWith4Motors.java:488): power = 0.56, correction = -0.02, global angle = 0.313, last angle = 90.75
11-27 14:21:16.928 10870 11496 I global  :  RENO - ChassisWith4Motors.driveWithPIDControl(ChassisWith4Motors.java:481): tDistance = 24.00, currLocation = 4.53
11-27 14:21:16.929 10870 11496 I global  :  RENO - ChassisWith4Motors.driveWithPIDControl(ChassisWith4Motors.java:482): rampUpPower = 0.59, rampDownPower = 0.88
11-27 14:21:16.936 10870 11496 I global  :  RENO - ChassisWith4Motors.driveWithPIDControl(ChassisWith4Motors.java:488): power = 0.59, correction = -0.01, global angle = 0.313, last angle = 90.75
11-27 14:21:16.953 10870 11496 I global  :  RENO - ChassisWith4Motors.driveWithPIDControl(ChassisWith4Motors.java:481): tDistance = 24.00, currLocation = 5.07
11-27 14:21:16.954 10870 11496 I global  :  RENO - ChassisWith4Motors.driveWithPIDControl(ChassisWith4Motors.java:482): rampUpPower = 0.62, rampDownPower = 0.88
11-27 14:21:16.960 10870 11496 I global  :  RENO - ChassisWith4Motors.driveWithPIDControl(ChassisWith4Motors.java:488): power = 0.62, correction = -0.01, global angle = 0.250, last angle = 90.69
11-27 14:21:16.977 10870 11496 I global  :  RENO - ChassisWith4Motors.driveWithPIDControl(ChassisWith4Motors.java:481): tDistance = 24.00, currLocation = 5.61
11-27 14:21:16.978 10870 11496 I global  :  RENO - ChassisWith4Motors.driveWithPIDControl(ChassisWith4Motors.java:482): rampUpPower = 0.65, rampDownPower = 0.88
11-27 14:21:16.981 10870 11504 I global  :  RENO - ObjectDetection.verifyObjectDetected(ObjectDetection.java:314): per [0] = 0.937
11-27 14:21:16.982 10870 11504 I global  :  RENO - ObjectDetection.verifyObjectDetected(ObjectDetection.java:314): per [1] = 0.959
11-27 14:21:16.985 10870 11504 I global  :  RENO - ObjectDetection.verifyObjectDetected(ObjectDetection.java:314): per [2] = 0.957
11-27 14:21:16.985 10870 11496 I global  :  RENO - ChassisWith4Motors.driveWithPIDControl(ChassisWith4Motors.java:488): power = 0.65, correction = -0.01, global angle = 0.313, last angle = 90.75
11-27 14:21:16.986 10870 11504 I System.out: GC probably ran
11-27 14:21:16.991 10870 11504 I global  :  RENO - ObjectDetection.processFrame(ObjectDetection.java:83): Start Opcv process to detect sleeve color.
11-27 14:21:16.992 10870 11504 I global  :  RENO - ObjectDetection.sleeveColorDetect(ObjectDetection.java:121): Start Opcv process to detect sleeve color.
11-27 14:21:16.993 10870 11504 I global  :  RENO - ObjectDetection.sleeveColorDetect(ObjectDetection.java:128): Sleeve max color = 230009.00, 218990.00, 212720.00
11-27 14:21:16.994 10870 11504 I global  :  RENO - ObjectDetection.sleeveColorDetect(ObjectDetection.java:147): Sleeve position: LEFT
11-27 14:21:16.996 10870 11504 I global  :  RENO - ObjectDetection.processFrame(ObjectDetection.java:86): Start Opcv process to detect cone.
11-27 14:21:17.007 10870 11496 I global  :  RENO - ChassisWith4Motors.driveWithPIDControl(ChassisWith4Motors.java:481): tDistance = 24.00, currLocation = 6.33
11-27 14:21:17.008 10870 11496 I global  :  RENO - ChassisWith4Motors.driveWithPIDControl(ChassisWith4Motors.java:482): rampUpPower = 0.69, rampDownPower = 0.88
11-27 14:21:17.015 10870 11496 I global  :  RENO - ChassisWith4Motors.driveWithPIDControl(ChassisWith4Motors.java:488): power = 0.69, correction = -0.01, global angle = 0.250, last angle = 90.69
11-27 14:21:17.031 10870 11496 I global  :  RENO - ChassisWith4Motors.driveWithPIDControl(ChassisWith4Motors.java:481): tDistance = 24.00, currLocation = 7.01
11-27 14:21:17.032 10870 11496 I global  :  RENO - ChassisWith4Motors.driveWithPIDControl(ChassisWith4Motors.java:482): rampUpPower = 0.72, rampDownPower = 0.88
11-27 14:21:17.038 10870 11496 I global  :  RENO - ChassisWith4Motors.driveWithPIDControl(ChassisWith4Motors.java:488): power = 0.72, correction = -0.01, global angle = 0.188, last angle = 90.63
11-27 14:21:17.054 10870 11496 I global  :  RENO - ChassisWith4Motors.driveWithPIDControl(ChassisWith4Motors.java:481): tDistance = 24.00, currLocation = 7.67
11-27 14:21:17.055 10870 11496 I global  :  RENO - ChassisWith4Motors.driveWithPIDControl(ChassisWith4Motors.java:482): rampUpPower = 0.76, rampDownPower = 0.88
11-27 14:21:17.059 10870 11496 I global  :  RENO - ChassisWith4Motors.driveWithPIDControl(ChassisWith4Motors.java:488): power = 0.76, correction = -0.01, global angle = 0.125, last angle = 90.56
11-27 14:21:17.077 10870 11496 I global  :  RENO - ChassisWith4Motors.driveWithPIDControl(ChassisWith4Motors.java:481): tDistance = 24.00, currLocation = 8.37
11-27 14:21:17.078 10870 11496 I global  :  RENO - ChassisWith4Motors.driveWithPIDControl(ChassisWith4Motors.java:482): rampUpPower = 0.79, rampDownPower = 0.88
11-27 14:21:17.084 10870 11496 I global  :  RENO - ChassisWith4Motors.driveWithPIDControl(ChassisWith4Motors.java:488): power = 0.79, correction = -0.01, global angle = 0.125, last angle = 90.56
11-27 14:21:17.109 10870 11496 I global  :  RENO - ChassisWith4Motors.driveWithPIDControl(ChassisWith4Motors.java:481): tDistance = 24.00, currLocation = 9.37
11-27 14:21:17.110 10870 11496 I global  :  RENO - ChassisWith4Motors.driveWithPIDControl(ChassisWith4Motors.java:482): rampUpPower = 0.85, rampDownPower = 0.88
11-27 14:21:17.116 10870 11496 I global  :  RENO - ChassisWith4Motors.driveWithPIDControl(ChassisWith4Motors.java:488): power = 0.85, correction = -0.01, global angle = 0.125, last angle = 90.56
11-27 14:21:17.131 10870 11496 I global  :  RENO - ChassisWith4Motors.driveWithPIDControl(ChassisWith4Motors.java:481): tDistance = 24.00, currLocation = 10.17
11-27 14:21:17.132 10870 11496 I global  :  RENO - ChassisWith4Motors.driveWithPIDControl(ChassisWith4Motors.java:482): rampUpPower = 0.88, rampDownPower = 0.88
11-27 14:21:17.139 10870 11496 I global  :  RENO - ChassisWith4Motors.driveWithPIDControl(ChassisWith4Motors.java:488): power = 0.88, correction = -0.00, global angle = 0.063, last angle = 90.50
11-27 14:21:17.158 10870 11496 I global  :  RENO - ChassisWith4Motors.driveWithPIDControl(ChassisWith4Motors.java:481): tDistance = 24.00, currLocation = 11.15
11-27 14:21:17.159 10870 11496 I global  :  RENO - ChassisWith4Motors.driveWithPIDControl(ChassisWith4Motors.java:482): rampUpPower = 0.88, rampDownPower = 0.88
11-27 14:21:17.167 10870 11496 I global  :  RENO - ChassisWith4Motors.driveWithPIDControl(ChassisWith4Motors.java:488): power = 0.88, correction = 0.00, global angle = -0.125, last angle = 90.31
11-27 14:21:17.181 10870 11496 I global  :  RENO - ChassisWith4Motors.driveWithPIDControl(ChassisWith4Motors.java:481): tDistance = 24.00, currLocation = 12.06
11-27 14:21:17.182 10870 11496 I global  :  RENO - ChassisWith4Motors.driveWithPIDControl(ChassisWith4Motors.java:482): rampUpPower = 0.88, rampDownPower = 0.88
11-27 14:21:17.188 10870 11496 I global  :  RENO - ChassisWith4Motors.driveWithPIDControl(ChassisWith4Motors.java:488): power = 0.88, correction = 0.00, global angle = -0.063, last angle = 90.38
11-27 14:21:17.205 10870 11496 I global  :  RENO - ChassisWith4Motors.driveWithPIDControl(ChassisWith4Motors.java:481): tDistance = 24.00, currLocation = 12.99
11-27 14:21:17.207 10870 11496 I global  :  RENO - ChassisWith4Motors.driveWithPIDControl(ChassisWith4Motors.java:482): rampUpPower = 0.88, rampDownPower = 0.88
11-27 14:21:17.213 10870 11496 I global  :  RENO - ChassisWith4Motors.driveWithPIDControl(ChassisWith4Motors.java:488): power = 0.88, correction = 0.00, global angle = -0.063, last angle = 90.38
11-27 14:21:17.224 10870 11496 I global  :  RENO - ChassisWith4Motors.driveWithPIDControl(ChassisWith4Motors.java:481): tDistance = 24.00, currLocation = 13.76
11-27 14:21:17.226 10870 11496 I global  :  RENO - ChassisWith4Motors.driveWithPIDControl(ChassisWith4Motors.java:482): rampUpPower = 0.88, rampDownPower = 0.88
11-27 14:21:17.231 10870 11496 I global  :  RENO - ChassisWith4Motors.driveWithPIDControl(ChassisWith4Motors.java:488): power = 0.88, correction = 0.01, global angle = -0.188, last angle = 90.25
11-27 14:21:17.247 10870 11496 I global  :  RENO - ChassisWith4Motors.driveWithPIDControl(ChassisWith4Motors.java:481): tDistance = 24.00, currLocation = 14.70
11-27 14:21:17.248 10870 11496 I global  :  RENO - ChassisWith4Motors.driveWithPIDControl(ChassisWith4Motors.java:482): rampUpPower = 0.88, rampDownPower = 0.88
11-27 14:21:17.253 10870 11496 I global  :  RENO - ChassisWith4Motors.driveWithPIDControl(ChassisWith4Motors.java:488): power = 0.88, correction = 0.01, global angle = -0.250, last angle = 90.19
11-27 14:21:17.266 10870 11496 I global  :  RENO - ChassisWith4Motors.driveWithPIDControl(ChassisWith4Motors.java:481): tDistance = 24.00, currLocation = 15.47
11-27 14:21:17.267 10870 11496 I global  :  RENO - ChassisWith4Motors.driveWithPIDControl(ChassisWith4Motors.java:482): rampUpPower = 0.88, rampDownPower = 0.29
11-27 14:21:17.271 10870 11496 I global  :  RENO - ChassisWith4Motors.driveWithPIDControl(ChassisWith4Motors.java:488): power = 0.29, correction = 0.01, global angle = -0.250, last angle = 90.19
11-27 14:21:17.287 10870 11496 I global  :  RENO - ChassisWith4Motors.driveWithPIDControl(ChassisWith4Motors.java:481): tDistance = 24.00, currLocation = 16.41
11-27 14:21:17.289 10870 11496 I global  :  RENO - ChassisWith4Motors.driveWithPIDControl(ChassisWith4Motors.java:482): rampUpPower = 0.88, rampDownPower = 0.28
11-27 14:21:17.296 10870 11496 I global  :  RENO - ChassisWith4Motors.driveWithPIDControl(ChassisWith4Motors.java:488): power = 0.28, correction = 0.01, global angle = -0.188, last angle = 90.25
11-27 14:21:17.312 10870 11496 I global  :  RENO - ChassisWith4Motors.driveWithPIDControl(ChassisWith4Motors.java:481): tDistance = 24.00, currLocation = 17.50
11-27 14:21:17.314 10870 11496 I global  :  RENO - ChassisWith4Motors.driveWithPIDControl(ChassisWith4Motors.java:482): rampUpPower = 0.88, rampDownPower = 0.27
11-27 14:21:17.320 10870 11496 I global  :  RENO - ChassisWith4Motors.driveWithPIDControl(ChassisWith4Motors.java:488): power = 0.27, correction = 0.01, global angle = -0.188, last angle = 90.25
11-27 14:21:17.336 10870 11496 I global  :  RENO - ChassisWith4Motors.driveWithPIDControl(ChassisWith4Motors.java:481): tDistance = 24.00, currLocation = 18.49
11-27 14:21:17.338 10870 11496 I global  :  RENO - ChassisWith4Motors.driveWithPIDControl(ChassisWith4Motors.java:482): rampUpPower = 0.88, rampDownPower = 0.26
11-27 14:21:17.344 10870 11496 I global  :  RENO - ChassisWith4Motors.driveWithPIDControl(ChassisWith4Motors.java:488): power = 0.26, correction = 0.00, global angle = -0.063, last angle = 90.38
11-27 14:21:17.359 10870 11504 I global  :  RENO - ObjectDetection.verifyObjectDetected(ObjectDetection.java:314): per [0] = 0.877
11-27 14:21:17.359 10870 11504 I global  :  RENO - ObjectDetection.verifyObjectDetected(ObjectDetection.java:314): per [1] = 0.848
11-27 14:21:17.360 10870 11504 I global  :  RENO - ObjectDetection.verifyObjectDetected(ObjectDetection.java:314): per [2] = 0.860
11-27 14:21:17.360 10870 11496 I global  :  RENO - ChassisWith4Motors.driveWithPIDControl(ChassisWith4Motors.java:481): tDistance = 24.00, currLocation = 19.42
11-27 14:21:17.365 10870 11496 I global  :  RENO - ChassisWith4Motors.driveWithPIDControl(ChassisWith4Motors.java:482): rampUpPower = 0.88, rampDownPower = 0.25
11-27 14:21:17.366 10870 11504 I global  :  RENO - ObjectDetection.processFrame(ObjectDetection.java:83): Start Opcv process to detect sleeve color.
11-27 14:21:17.367 10870 11504 I global  :  RENO - ObjectDetection.sleeveColorDetect(ObjectDetection.java:121): Start Opcv process to detect sleeve color.
11-27 14:21:17.368 10870 11504 I global  :  RENO - ObjectDetection.sleeveColorDetect(ObjectDetection.java:128): Sleeve max color = 146599.00, 128177.00, 114332.00
11-27 14:21:17.369 10870 11504 I global  :  RENO - ObjectDetection.sleeveColorDetect(ObjectDetection.java:147): Sleeve position: LEFT
11-27 14:21:17.370 10870 11504 I global  :  RENO - ObjectDetection.processFrame(ObjectDetection.java:86): Start Opcv process to detect cone.
11-27 14:21:17.371 10870 11496 I global  :  RENO - ChassisWith4Motors.driveWithPIDControl(ChassisWith4Motors.java:488): power = 0.25, correction = 0.00, global angle = 0.063, last angle = 90.50
11-27 14:21:17.393 10870 11496 I global  :  RENO - ChassisWith4Motors.driveWithPIDControl(ChassisWith4Motors.java:481): tDistance = 24.00, currLocation = 20.68
11-27 14:21:17.394 10870 11496 I global  :  RENO - ChassisWith4Motors.driveWithPIDControl(ChassisWith4Motors.java:482): rampUpPower = 0.88, rampDownPower = 0.23
11-27 14:21:17.401 10870 11496 I global  :  RENO - ChassisWith4Motors.driveWithPIDControl(ChassisWith4Motors.java:488): power = 0.23, correction = 0.00, global angle = 0.000, last angle = 90.44
11-27 14:21:17.421 10870 11496 I global  :  RENO - ChassisWith4Motors.driveWithPIDControl(ChassisWith4Motors.java:481): tDistance = 24.00, currLocation = 21.55
11-27 14:21:17.422 10870 11496 I global  :  RENO - ChassisWith4Motors.driveWithPIDControl(ChassisWith4Motors.java:482): rampUpPower = 0.88, rampDownPower = 0.23
11-27 14:21:17.428 10870 11496 I global  :  RENO - ChassisWith4Motors.driveWithPIDControl(ChassisWith4Motors.java:488): power = 0.23, correction = 0.00, global angle = 0.000, last angle = 90.44
11-27 14:21:17.446 10870 11496 I global  :  RENO - ChassisWith4Motors.driveWithPIDControl(ChassisWith4Motors.java:481): tDistance = 24.00, currLocation = 21.83
11-27 14:21:17.447 10870 11496 I global  :  RENO - ChassisWith4Motors.driveWithPIDControl(ChassisWith4Motors.java:482): rampUpPower = 0.88, rampDownPower = 0.22
11-27 14:21:17.451 10870 11496 I global  :  RENO - ChassisWith4Motors.driveWithPIDControl(ChassisWith4Motors.java:488): power = 0.22, correction = 0.00, global angle = -0.063, last angle = 90.38
11-27 14:21:17.468 10870 11496 I global  :  RENO - ChassisWith4Motors.driveWithPIDControl(ChassisWith4Motors.java:481): tDistance = 24.00, currLocation = 22.11
11-27 14:21:17.469 10870 11496 I global  :  RENO - ChassisWith4Motors.driveWithPIDControl(ChassisWith4Motors.java:482): rampUpPower = 0.88, rampDownPower = 0.22
11-27 14:21:17.475 10870 11496 I global  :  RENO - ChassisWith4Motors.driveWithPIDControl(ChassisWith4Motors.java:488): power = 0.22, correction = 0.01, global angle = -0.250, last angle = 90.19
11-27 14:21:17.493 10870 11496 I global  :  RENO - ChassisWith4Motors.driveWithPIDControl(ChassisWith4Motors.java:481): tDistance = 24.00, currLocation = 22.65
11-27 14:21:17.494 10870 11496 I global  :  RENO - ChassisWith4Motors.driveWithPIDControl(ChassisWith4Motors.java:482): rampUpPower = 0.88, rampDownPower = 0.21
11-27 14:21:17.501 10870 11496 I global  :  RENO - ChassisWith4Motors.driveWithPIDControl(ChassisWith4Motors.java:488): power = 0.21, correction = 0.01, global angle = -0.375, last angle = 90.06
11-27 14:21:17.519 10870 11496 I global  :  RENO - ChassisWith4Motors.driveWithPIDControl(ChassisWith4Motors.java:481): tDistance = 24.00, currLocation = 23.37
11-27 14:21:17.520 10870 11496 I global  :  RENO - ChassisWith4Motors.driveWithPIDControl(ChassisWith4Motors.java:482): rampUpPower = 0.88, rampDownPower = 0.21
11-27 14:21:17.526 10870 11496 I global  :  RENO - ChassisWith4Motors.driveWithPIDControl(ChassisWith4Motors.java:488): power = 0.21, correction = 0.02, global angle = -0.625, last angle = 89.81
11-27 14:21:17.542 10870 11496 I global  :  RENO - ChassisWith4Motors.driveWithPIDControl(ChassisWith4Motors.java:481): tDistance = 24.00, currLocation = 23.98
11-27 14:21:17.543 10870 11496 I global  :  RENO - ChassisWith4Motors.driveWithPIDControl(ChassisWith4Motors.java:482): rampUpPower = 0.88, rampDownPower = 0.20
11-27 14:21:17.549 10870 11496 I global  :  RENO - ChassisWith4Motors.driveWithPIDControl(ChassisWith4Motors.java:488): power = 0.20, correction = 0.02, global angle = -0.750, last angle = 89.69
11-27 14:21:17.565 10870 11496 I global  :  RENO - ChassisWith4Motors.driveWithPIDControl(ChassisWith4Motors.java:481): tDistance = 24.00, currLocation = 24.42
11-27 14:21:17.566 10870 11496 I global  :  RENO - ChassisWith4Motors.driveWithPIDControl(ChassisWith4Motors.java:482): rampUpPower = 0.88, rampDownPower = 0.20
11-27 14:21:17.571 10870 11496 I global  :  RENO - ChassisWith4Motors.driveWithPIDControl(ChassisWith4Motors.java:488): power = 0.20, correction = 0.03, global angle = -0.750, last angle = 89.69
11-27 14:21:17.588 10870 11496 I global  :  RENO - ChassisWith4Motors.driveWithPIDControl(ChassisWith4Motors.java:481): tDistance = 24.00, currLocation = 24.35
11-27 14:21:17.588 10870 11496 I global  :  RENO - ChassisWith4Motors.driveWithPIDControl(ChassisWith4Motors.java:482): rampUpPower = 0.88, rampDownPower = 0.20
11-27 14:21:17.594 10870 11496 I global  :  RENO - ChassisWith4Motors.driveWithPIDControl(ChassisWith4Motors.java:488): power = 0.20, correction = 0.03, global angle = -0.875, last angle = 89.56
11-27 14:21:17.622 10870 11496 I global  :  RENO - ChassisWith4Motors.driveWithPIDControl(ChassisWith4Motors.java:481): tDistance = 24.00, currLocation = 24.28
11-27 14:21:17.623 10870 11496 I global  :  RENO - ChassisWith4Motors.driveWithPIDControl(ChassisWith4Motors.java:482): rampUpPower = 0.88, rampDownPower = 0.20
11-27 14:21:17.629 10870 11496 I global  :  RENO - ChassisWith4Motors.driveWithPIDControl(ChassisWith4Motors.java:488): power = 0.20, correction = 0.04, global angle = -1.063, last angle = 89.38
11-27 14:21:17.645 10870 11496 I global  :  RENO - ChassisWith4Motors.driveWithPIDControl(ChassisWith4Motors.java:501): Autonomous -power = 0.20, global angle = -1.250
11-27 14:21:17.662 10870 11496 I global  :  RENO - ChassisWith4Motors.runToPosition(ChassisWith4Motors.java:579): Required moving distance 24.00.
11-27 14:21:17.662 10870 11496 I global  :  RENO - ChassisWith4Motors.runToPosition(ChassisWith4Motors.java:580): Target Position = 1026
11-27 14:21:17.663 10870 11496 I global  :  RENO - ChassisWith4Motors.runToPosition(ChassisWith4Motors.java:581): PID = 1
11-27 14:21:17.670 10870 11496 I global  :  RENO - ChassisWith4Motors.runToPosition(ChassisWith4Motors.java:582): Current Position after moving, FL = 1050, FR= 1033, BL = 1030, BR = 1027
11-27 14:21:17.672 10870 11496 I global  :  RENO - AutonomousRight.autonomousCore(AutonomousRight.java:347): Autonomous - Arrived at parking lot aisle: -24.00
11-27 14:21:17.719 10870 11504 I global  :  RENO - ObjectDetection.verifyObjectDetected(ObjectDetection.java:314): per [0] = 0.888
11-27 14:21:17.720 10870 11504 I global  :  RENO - ObjectDetection.verifyObjectDetected(ObjectDetection.java:314): per [1] = 0.851
11-27 14:21:17.721 10870 11504 I global  :  RENO - ObjectDetection.verifyObjectDetected(ObjectDetection.java:314): per [2] = 0.818
11-27 14:21:17.726 10870 11504 I global  :  RENO - ObjectDetection.processFrame(ObjectDetection.java:83): Start Opcv process to detect sleeve color.
11-27 14:21:17.727 10870 11504 I global  :  RENO - ObjectDetection.sleeveColorDetect(ObjectDetection.java:121): Start Opcv process to detect sleeve color.
11-27 14:21:17.728 10870 11504 I global  :  RENO - ObjectDetection.sleeveColorDetect(ObjectDetection.java:128): Sleeve max color = 266218.00, 287078.00, 304823.00
11-27 14:21:17.730 10870 11504 I global  :  RENO - ObjectDetection.sleeveColorDetect(ObjectDetection.java:147): Sleeve position: RIGHT
11-27 14:21:17.731 10870 11504 I global  :  RENO - ObjectDetection.processFrame(ObjectDetection.java:86): Start Opcv process to detect cone.
11-27 14:21:17.875 10870 11496 I global  :  RENO - AutonomousRight.autonomousCore(AutonomousRight.java:350): Autonomous - Autonomous complete.
11-27 14:21:17.876 10870 11496 I global  :  RENO - AutonomousRight.runOpMode(AutonomousRight.java:209): Autonomous - total Run Time: 26.6258 seconds
11-27 14:21:17.897 10870 11496 D RobotCore: User runOpModeMethod exited
11-27 14:21:17.898 10870 11496 V RobotCore: thread: ...terminating 'OpModeThread'
11-27 14:21:17.898 10870 11024 I FtcEventLoop: auto-stopping OpMode 'AutonomousRight'
11-27 14:21:18.064 10870 11504 I global  :  RENO - ObjectDetection.verifyObjectDetected(ObjectDetection.java:314): per [0] = 0.875
11-27 14:21:18.065 10870 11504 I global  :  RENO - ObjectDetection.verifyObjectDetected(ObjectDetection.java:314): per [1] = 0.857
11-27 14:21:18.066 10870 11504 I global  :  RENO - ObjectDetection.verifyObjectDetected(ObjectDetection.java:314): per [2] = 0.848
11-27 14:21:18.067 10870 11024 D UsbResiliantWebcam|DelCaptureSession: stopCapture()...
11-27 14:21:18.067 10870 11024 D UsbResiliantWebcam|DelCaptureSequence: undoStreaming()...
11-27 14:21:18.068 10870 11024 D UvcApiCaptureSession: stopCapture()...
11-27 14:21:18.068 10870 11024 D Uvc     : [jni_streamhandle.cpp:184] Java_org_firstinspires_ftc_robotcore_internal_camera_libuvc_nativeobject_UvcStreamHandle_nativeStopStreaming()...
11-27 14:21:18.068 10870 11024 V Uvc     : API: Java_org_firstinspires_ftc_robotcore_internal_camera_libuvc_nativeobject_UvcStreamHandle_nativeStopStreaming: enter...
11-27 14:21:18.068 10870 11024 D Uvc     : [stream.cpp:1514] uvc_stream_stop()...
11-27 14:21:18.068 10870 11024 D UvcStream: [stream.cpp:1542] cancelling extant transfers
11-27 14:21:18.080 10870 10870 D OpenCvViewport: surfaceDestroyed()
11-27 14:21:18.080 10870 10870 D OpenCvViewport: CheckState(): lifecycle mandates deactivation regardless of user
11-27 14:21:18.080 10870 10870 D OpenCvViewport: CheckState(): deactivating viewport
11-27 14:21:18.080 10870 11503 W System.err: java.lang.InterruptedException
11-27 14:21:18.081 10870 11503 W System.err: 	at java.lang.Object.wait(Native Method)
11-27 14:21:18.081 10870 11503 W System.err: 	at org.firstinspires.ftc.robotcore.internal.collections.EvictingBlockingQueue.take(EvictingBlockingQueue.java:143)
11-27 14:21:18.081 10870 11503 W System.err: 	at org.openftc.easyopencv.OpenCvViewport$RenderThread.run(OpenCvViewport.java:554)
11-27 14:21:18.081 10870 11503 D OpenCvViewportRenderThread: About to exit
11-27 14:21:18.081 10870 10870 D OpenCvViewport: ...surfaceDestroyed()
11-27 14:21:18.105 10870 11024 D Uvc     : [stream.cpp:1471] (waitForAllTransfers(waiting for cancelled transfers))...
11-27 14:21:18.106 10870 11024 D UvcStream: [stream.cpp:1485] no extant active transfers: continuing
11-27 14:21:18.106 10870 11024 D Uvc     : [stream.cpp:1471] ...()
11-27 14:21:18.106 10870 11024 D Uvc     : [stream.cpp:1189] uvc_stream_handle::stopIsochronousStreaming()...
11-27 14:21:18.106 10870 11024 D Uvc     : [libuvc/libuvc_internal.h:825] uvc_device_handle::setInterfaceAltSetting(setInterfaceAltSetting(intf=1 alt=0))...
11-27 14:21:18.107 10870 11024 D UvcDevice: setInterfaceAltSetting(1,0)
11-27 14:21:18.108 10870 11024 D UvcDevice: setInterfaceAltSetting(1,0) succeeded
11-27 14:21:18.108 10870 11024 D Uvc     : [libuvc/libuvc_internal.h:825] ...uvc_device_handle::setInterfaceAltSetting() rc=0
11-27 14:21:18.108 10870 11024 D Uvc     : [stream.cpp:1189] ...uvc_stream_handle::stopIsochronousStreaming() rc=0
11-27 14:21:18.108 10870 11024 D UvcStream: [stream.cpp:1558] awakening user thread
11-27 14:21:18.108 10870 11024 D UvcStream: [stream.cpp:1567] waiting for user callback thread to finish
11-27 14:21:18.108 10870 11504 D UvcStream: [stream.cpp:1329] user callback thread stopped
11-27 14:21:18.108 10870 11024 D Uvc     : [stream.cpp:1514] ...uvc_stream_stop() rc=0
11-27 14:21:18.108 10870 11024 V Uvc     : API: Java_org_firstinspires_ftc_robotcore_internal_camera_libuvc_nativeobject_UvcStreamHandle_nativeStopStreaming: ...exit
11-27 14:21:18.108 10870 11024 D Uvc     : [jni_streamhandle.cpp:184] ...Java_org_firstinspires_ftc_robotcore_internal_camera_libuvc_nativeobject_UvcStreamHandle_nativeStopStreaming()
11-27 14:21:18.109 10870 11024 V UvcFrameCallback: destroy(hash=0x09a38834)
11-27 14:21:18.109 10870 11024 V UvcFrameCallbackData: destroy(pointer=0xc9138578)
11-27 14:21:18.109 10870 11024 V Uvc     : API: Java_org_firstinspires_ftc_robotcore_internal_camera_libuvc_nativeobject_UvcFrameCallback_nativeReleaseCallbackState: enter...
11-27 14:21:18.109 10870 11024 V Uvc     : API: Java_org_firstinspires_ftc_robotcore_internal_camera_libuvc_nativeobject_UvcFrameCallback_nativeReleaseCallbackState: ...exit
11-27 14:21:18.110 10870 11024 V UvcStreamHandle: destroy(pointer=0xcdd252e0)
11-27 14:21:18.110 10870 11024 D Uvc     : [jni_streamhandle.cpp:184] Java_org_firstinspires_ftc_robotcore_internal_camera_libuvc_nativeobject_UvcStreamHandle_nativeStopStreaming()...
11-27 14:21:18.110 10870 11024 V Uvc     : API: Java_org_firstinspires_ftc_robotcore_internal_camera_libuvc_nativeobject_UvcStreamHandle_nativeStopStreaming: enter...
11-27 14:21:18.110 10870 11024 D Uvc     : [stream.cpp:1514] uvc_stream_stop()...
11-27 14:21:18.110 10870 11024 D Uvc     : [stream.cpp:1514] ...uvc_stream_stop() rc=0
11-27 14:21:18.110 10870 11024 V Uvc     : API: Java_org_firstinspires_ftc_robotcore_internal_camera_libuvc_nativeobject_UvcStreamHandle_nativeStopStreaming: ...exit
11-27 14:21:18.110 10870 11024 D Uvc     : [jni_streamhandle.cpp:184] ...Java_org_firstinspires_ftc_robotcore_internal_camera_libuvc_nativeobject_UvcStreamHandle_nativeStopStreaming()
11-27 14:21:18.110 10870 11024 D Uvc     : [jni_streamhandle.cpp:200] Java_org_firstinspires_ftc_robotcore_internal_camera_libuvc_nativeobject_UvcStreamHandle_nativeCloseStreamHandle()...
11-27 14:21:18.110 10870 11024 V Uvc     : API: Java_org_firstinspires_ftc_robotcore_internal_camera_libuvc_nativeobject_UvcStreamHandle_nativeCloseStreamHandle: enter...
11-27 14:21:18.110 10870 11024 D Uvc     : [stream.cpp:1584] uvc_stream_close()...
11-27 14:21:18.110 10870 11024 D Uvc     : [streamhandle.cpp:45] uvc_stream_handle::~uvc_stream_handle()...
11-27 14:21:18.110 10870 11024 D Uvc     : [streamhandle.cpp:66] uvc_stream_handle::releaseInterface()...
11-27 14:21:18.110 10870 11024 D Uvc     : [libuvc/libuvc_internal.h:793] uvc_device_handle::releaseInterface()...
11-27 14:21:18.111 10870 11024 D UvcDevice: releaseInterface(1)
11-27 14:21:18.111 10870 11024 D UvcDevice: releaseInterface(1) succeeded
11-27 14:21:18.112 10870 11024 D Uvc     : [libuvc/libuvc_internal.h:793] ...uvc_device_handle::releaseInterface() rc=0
11-27 14:21:18.112 10870 11024 D Uvc     : [streamhandle.cpp:66] ...uvc_stream_handle::releaseInterface()
11-27 14:21:18.112 10870 11024 D Uvc     : [streamhandle.cpp:45] ...uvc_stream_handle::~uvc_stream_handle()
11-27 14:21:18.112 10870 11024 D Uvc     : [stream.cpp:1584] ...uvc_stream_close()
11-27 14:21:18.112 10870 11024 V Uvc     : API: Java_org_firstinspires_ftc_robotcore_internal_camera_libuvc_nativeobject_UvcStreamHandle_nativeCloseStreamHandle: ...exit
11-27 14:21:18.112 10870 11024 D Uvc     : [jni_streamhandle.cpp:200] ...Java_org_firstinspires_ftc_robotcore_internal_camera_libuvc_nativeobject_UvcStreamHandle_nativeCloseStreamHandle()
11-27 14:21:18.112 10870 11024 V UvcApiCameraCaptureSequence: destroy(hash=0x0c065146)
11-27 14:21:18.112 10870 11086 D RobotCore: capture sequence DelegatingCaptureSequenceId(1) reports completed: lastFrame=275
11-27 14:21:18.112 10870 11024 D UvcApiCaptureSession: ...stopCapture()
11-27 14:21:18.113 10870 11024 D UvcApiCaptureSession: doClose()...
11-27 14:21:18.113 10870 11502 D UsbResiliantWebcam|DelCaptureSession: camera session is closed: Webcam(D5386480)
11-27 14:21:18.114 10870 11024 D UvcApiCaptureSession: ...doClose()
11-27 14:21:18.115 10870 11024 V UvcApiCaptureSession: destroy(hash=0x0726f921)
11-27 14:21:18.115 10870 11024 D UvcApiCaptureSession: destructor...
11-27 14:21:18.115 10870 11024 D UvcApiCaptureSession: ...destructor
11-27 14:21:18.115 10870 11024 D UsbResiliantWebcam|DelCaptureSequence: ...undoStreaming()
11-27 14:21:18.116 10870 11024 V UsbResiliantWebcam|DelCaptureSequence: destroy(hash=0x0c623b88)
11-27 14:21:18.116 10870 11086 D RobotCore: capture sequence DelegatingCaptureSequenceId(1) reports completed: lastFrame=275
11-27 14:21:18.116 10870 11024 D UsbResiliantWebcam|DelCaptureSession: ...stopCapture()
11-27 14:21:18.116 10870 11024 D UsbResiliantWebcam|DelCaptureSession: doClose()...
11-27 14:21:18.117 10870 11024 D UsbResiliantWebcam|DelCaptureSession: ...doClose()
11-27 14:21:18.118 10870 11024 V UsbResiliantWebcam|DelCaptureSession: destroy(hash=0x0126fb2b)
11-27 14:21:18.118 10870 11024 D UsbResiliantWebcam|DelCaptureSession: destructor()...
11-27 14:21:18.118 10870 11024 D UsbResiliantWebcam|DelCaptureSession: ...destructor()
11-27 14:21:18.118 10870 11024 V CameraImpl: destroy(hash=0x0e3ea19c)
11-27 14:21:18.119 10870 11024 D UsbResiliantWebcam: CameraImpl.destructor()...
11-27 14:21:18.119 10870 11024 D UsbResiliantWebcam: externalDestructor()...
11-27 14:21:18.120 10870 11502 D CameraManager: camera reports closed: CameraImpl(UsbResiliantWebcam(Webcam(D5386480)))
11-27 14:21:18.121 10870 11024 V CameraImpl: destroy(hash=0x071f0e70)
11-27 14:21:18.121 10870 11024 D UvcDeviceHandle: CameraImpl.destructor()...
11-27 14:21:18.121 10870 11024 D UvcDeviceHandle: externalDestructor()...
11-27 14:21:18.122 10870 11024 D UsbResiliantWebcam: changeDelegatedCamera(CameraImpl(UvcDeviceHandle(pointer=0xc90dda70|UvcDevice(/dev/bus/usb/003/003)))->null)...
11-27 14:21:18.123 10870 11024 D CachingExposureControl: onCameraChanged(CameraImpl(UvcDeviceHandle(pointer=0xc90dda70|UvcDevice(/dev/bus/usb/003/003)))->null)...
11-27 14:21:18.123 10870 11024 D CachingExposureControl: ...onCameraChanged(CameraImpl(UvcDeviceHandle(pointer=0xc90dda70|UvcDevice(/dev/bus/usb/003/003)))->null)
11-27 14:21:18.124 10870 11024 D UsbResiliantWebcam: ...changeDelegatedCamera(CameraImpl(UvcDeviceHandle(pointer=0xc90dda70|UvcDevice(/dev/bus/usb/003/003)))->null)
11-27 14:21:18.124 10870 11024 D UvcDeviceHandle: ...externalDestructor()
11-27 14:21:18.124 10870 11024 V UvcDeviceHandle: destroy(pointer=0xc90dda70)
11-27 14:21:18.125 10870 11024 D UvcDeviceHandle: destructor...
11-27 14:21:18.125 10870 11024 D Uvc     : [jni_devicehandle.cpp:87] Java_org_firstinspires_ftc_robotcore_internal_camera_libuvc_nativeobject_UvcDeviceHandle_nativeReleaseRefDeviceHandle()...
11-27 14:21:18.125 10870 11024 V Uvc     : API: Java_org_firstinspires_ftc_robotcore_internal_camera_libuvc_nativeobject_UvcDeviceHandle_nativeReleaseRefDeviceHandle: enter...
11-27 14:21:18.125 10870 11024 D Uvc     : [libuvc/libuvc_internal.h:872] uvc_device_handle::~uvc_device_handle()...
11-27 14:21:18.125 10870 11024 D Uvc     : [libuvc/libuvc_internal.h:840] uvc_device_handle::deconstruct()...
11-27 14:21:18.125 10870 11024 D Uvc     : [libuvc/libuvc_internal.h:751] uvc_device_handle::stop()...
11-27 14:21:18.125 10870 11024 D Uvc     : [libuvc/libuvc_internal.h:751] ...uvc_device_handle::stop()
11-27 14:21:18.125 10870 11024 D Uvc     : [libuvc/libuvc_internal.h:865] uvc_device_handle::close()...
11-27 14:21:18.125 10870 11024 E libusb  : [270.973850] [00002b10] libusb: error [do_close] Device handle closed while transfer was still being processed, but the device is still connected as far as we know
11-27 14:21:18.125 10870 11024 E libusb  : [270.973919] [00002b10] libusb: error [do_close] A cancellation hasn't even been scheduled on the transfer for which the device is closing
11-27 14:21:18.125 10870 11024 D Uvc     : [libuvc/libuvc_internal.h:865] ...uvc_device_handle::close()
11-27 14:21:18.125 10870 11024 D Uvc     : [libuvc/libuvc_internal.h:840] ...uvc_device_handle::deconstruct()
11-27 14:21:18.125 10870 11024 D Uvc     : [device.cpp:433] uvc_free_device_info()...
11-27 14:21:18.125 10870 11024 D Uvc     : [device.cpp:433] ...uvc_free_device_info()
11-27 14:21:18.125 10870 11024 D Uvc     : [libuvc/libuvc_internal.h:872] ...uvc_device_handle::~uvc_device_handle()
11-27 14:21:18.125 10870 11024 V Uvc     : API: Java_org_firstinspires_ftc_robotcore_internal_camera_libuvc_nativeobject_UvcDeviceHandle_nativeReleaseRefDeviceHandle: ...exit
11-27 14:21:18.126 10870 11024 D Uvc     : [jni_devicehandle.cpp:87] ...Java_org_firstinspires_ftc_robotcore_internal_camera_libuvc_nativeobject_UvcDeviceHandle_nativeReleaseRefDeviceHandle()
11-27 14:21:18.126 10870 11024 V UvcDevice: destroy(pointer=0xc986c098|/dev/bus/usb/003/003)
11-27 14:21:18.126 10870 11024 D UsbDeviceConnectionJNI: close
11-27 14:21:18.126 10870 11024 D Uvc     : [jni_device.cpp:126] Java_org_firstinspires_ftc_robotcore_internal_camera_libuvc_nativeobject_UvcDevice_nativeReleaseRefDevice()...
11-27 14:21:18.126 10870 11024 V Uvc     : API: Java_org_firstinspires_ftc_robotcore_internal_camera_libuvc_nativeobject_UvcDevice_nativeReleaseRefDevice: enter...
11-27 14:21:18.126 10870 11024 D Uvc     : [device.cpp:882] uvc_unref_device()...
11-27 14:21:18.128 10870 11024 D Uvc     : [device.cpp:882] ...uvc_unref_device()
11-27 14:21:18.128 10870 11024 V Uvc     : API: Java_org_firstinspires_ftc_robotcore_internal_camera_libuvc_nativeobject_UvcDevice_nativeReleaseRefDevice: ...exit
11-27 14:21:18.129 10870 11024 D Uvc     : [jni_device.cpp:126] ...Java_org_firstinspires_ftc_robotcore_internal_camera_libuvc_nativeobject_UvcDevice_nativeReleaseRefDevice()
11-27 14:21:18.129 10870 11024 V LibUsbDevice: destroy(pointer=0xcdd2e7a0)
11-27 14:21:18.129 10870 11024 D Uvc     : [jni_libusb_device.cpp:64] Java_org_firstinspires_ftc_robotcore_internal_camera_libuvc_nativeobject_LibUsbDevice_nativeReleaseRefDevice()...
11-27 14:21:18.129 10870 11024 D Uvc     : [jni_libusb_device.cpp:64] ...Java_org_firstinspires_ftc_robotcore_internal_camera_libuvc_nativeobject_LibUsbDevice_nativeReleaseRefDevice()
11-27 14:21:18.130 10870 11024 D UvcDeviceHandle: ...destructor
11-27 14:21:18.130 10870 11024 D UvcDeviceHandle: ...CameraImpl.destructor()
11-27 14:21:18.130 10870 11024 D UsbResiliantWebcam: ...externalDestructor()
11-27 14:21:18.131 10870 11024 V UsbResiliantWebcam: destroy(hash=0x002c0622)
11-27 14:21:18.131 10870 11024 D UsbResiliantWebcam: destructor()...
11-27 14:21:18.131 10870 11024 D UsbResiliantWebcam: ...destructor()
11-27 14:21:18.131 10870 11024 D UsbResiliantWebcam: ...CameraImpl.destructor()
11-27 14:21:18.132 10870 11024 I RobotCore: ******************** STOP - OPMODE /storage/emulated/0/FIRST/matchlogs/Match-0-AutonomousRight.txt ********************
11-27 14:21:18.138 10870 11552 I RobotCore: saving match logcat to /storage/emulated/0/FIRST/matchlogs/Match-0-AutonomousRight.txt
11-27 14:21:18.138 10870 10999 V Robocol : sending CMD_STREAM_CHANGE(3554), attempt: 0
11-27 14:21:18.138 10870 11552 I RobotCore: logging command line: exec logcat -d -T '11-27 14:20:49.000' -f '/storage/emulated/0/FIRST/matchlogs/Match-0-AutonomousRight.txt' -n4 -v threadtime UsbRequestJNI:S UsbRequest:S art:W ThreadPool:W System:W ExtendedExtractor:W OMXClient:W MediaPlayer:W dalvikvm:W  *:V
11-27 14:21:18.140 10870 11024 I RobotCore: Attempting to switch to op mode $Stop$Robot$
11-27 14:21:18.141 10870 11024 D HardwareMap: Clearing which device instances have been retrieved
11-27 14:21:18.141 10870 11024 D HardwareMap: Clearing which device instances have been retrieved
11-27 14:21:18.144 10870 11555 V RobotCore: thread: 'OpModeThread' starting...
11-27 14:21:18.178 10870 10999 V Robocol : sending CMD_NOTIFY_INIT_OP_MODE(3561), attempt: 0
11-27 14:21:18.219 10870 10996 V Robocol : received command: CMD_RUN_OP_MODE(13479) $Stop$Robot$
11-27 14:21:18.259 10870 10999 V Robocol : sending CMD_NOTIFY_RUN_OP_MODE(3568), attempt: 0
11-27 14:21:18.289 10870 11552 I RobotCore: Done running exec logcat -d -T '11-27 14:20:49.000' -f '/storage/emulated/0/FIRST/matchlogs/Match-0-AutonomousRight.txt' -n4 -v threadtime UsbRequestJNI:S UsbRequest:S art:W ThreadPool:W System:W ExtendedExtractor:W OMXClient:W MediaPlayer:W dalvikvm:W  *:V
11-27 14:21:18.290 10870 11552 I RobotCore: exiting match logcat for /storage/emulated/0/FIRST/matchlogs/Match-0-AutonomousRight.txt
11-27 14:21:39.225 10870 10943 V FtcWebSocket: Opening websocket (ip=192.168.43.107/192.168.43.107 port=8081)
11-27 14:21:39.262 10870 10943 V WebSocketManager: Subscribed websocket (ip=192.168.43.107/192.168.43.107 port=8081) to namespace (ControlHubUpdater)
11-27 14:21:39.263 10870 11590 I RobotCore: password
11-27 14:21:39.264 10870 10943 V WebSocketManager: Subscribed websocket (ip=192.168.43.107/192.168.43.107 port=8081) to namespace (progress)
11-27 14:21:39.370 10870 11582 V ProgrammingModeManager: serve uri=/css/colors.less
