11-17 20:26:03.243  8754  9065 I global  :  RENO - AutonomousRight.rotate(AutonomousRight.java:531): Autonomous - Powers: FL = -0.18, FR = 0.21, BL = -0.19, BR = 0.20
11-17 20:26:03.254  8754  9065 I global  :  RENO - AutonomousRight.rotate(AutonomousRight.java:520): Autonomous - Positions: FL = -424, FR = 421, BL = -424, BR = 423
11-17 20:26:03.258  8754  9065 I global  :  RENO - AutonomousRight.rotate(AutonomousRight.java:531): Autonomous - Powers: FL = -0.19, FR = 0.22, BL = -0.19, BR = 0.20
11-17 20:26:03.267  8754  9065 I global  :  RENO - AutonomousRight.rotate(AutonomousRight.java:520): Autonomous - Positions: FL = -428, FR = 426, BL = -429, BR = 427
11-17 20:26:03.273  8754  9065 I global  :  RENO - AutonomousRight.rotate(AutonomousRight.java:531): Autonomous - Powers: FL = -0.19, FR = 0.21, BL = -0.18, BR = 0.20
11-17 20:26:03.282  8754  9065 I global  :  RENO - AutonomousRight.rotate(AutonomousRight.java:520): Autonomous - Positions: FL = -432, FR = 430, BL = -433, BR = 431
11-17 20:26:03.287  8754  9065 I global  :  RENO - AutonomousRight.rotate(AutonomousRight.java:531): Autonomous - Powers: FL = -0.19, FR = 0.21, BL = -0.18, BR = 0.20
11-17 20:26:03.298  8754  9065 I global  :  RENO - AutonomousRight.rotate(AutonomousRight.java:520): Autonomous - Positions: FL = -436, FR = 434, BL = -436, BR = 436
11-17 20:26:03.303  8754  9065 I global  :  RENO - AutonomousRight.rotate(AutonomousRight.java:531): Autonomous - Powers: FL = -0.19, FR = 0.21, BL = -0.19, BR = 0.19
11-17 20:26:03.322  8754  9065 I global  :  RENO - AutonomousRight.rotate(AutonomousRight.java:546): Autonomous - Rotation angle is 44.19.
11-17 20:26:03.634  8754  9065 I global  :  RENO - AutonomousRight.rotate(AutonomousRight.java:556): Autonomous - IMU angle after turn is 91.13.
11-17 20:26:03.641  8754  9065 I global  :  RENO - AutonomousRight.robotRunToPosition(AutonomousRight.java:349): Autonomous - Required moving distance -0.00.
11-17 20:26:03.643  8754  9065 I global  :  RENO - AutonomousRight.autonomousCore(AutonomousRight.java:807): Autonomous - Arrived at parking lot aisle: 0.00
11-17 20:26:03.647  8754  9065 I global  :  RENO - AutonomousRight.autonomousCore(AutonomousRight.java:809): Autonomous - imu angle is: 91.13
11-17 20:26:04.172  8754  9065 I global  :  RENO - AutonomousRight.autonomousCore(AutonomousRight.java:811): Autonomous - slider lowered to ground.
11-17 20:26:04.173  8754  9065 I global  :  RENO - AutonomousRight.autonomousCore(AutonomousRight.java:812): Autonomous - Autonomous complete.
11-17 20:26:04.174  8754  9065 I global  :  RENO - AutonomousRight.runOpMode(AutonomousRight.java:280): Autonomous - total Run Time: 28.4095 seconds
11-17 20:26:04.220  8754  9065 D LinearOpModeHelper: User runOpModeMethod exited
11-17 20:26:04.221  8754  9065 V RobotCore: thread: ...terminating 'LinearOpMode main'
11-17 20:26:04.225  8754  8912 I FtcEventLoop: auto-stopping OpMode 'AutonomousRight'
11-17 20:26:04.228  8754  8912 I RobotCore: ******************** STOP - OPMODE /storage/emulated/0/FIRST/matchlogs/Match-0-AutonomousRight.txt ********************
11-17 20:26:04.235  8754  9155 I RobotCore: saving match logcat to /storage/emulated/0/FIRST/matchlogs/Match-0-AutonomousRight.txt
11-17 20:26:04.235  8754  9155 I RobotCore: logging command line: exec logcat -d -T '11-17 20:25:31.000' -f '/storage/emulated/0/FIRST/matchlogs/Match-0-AutonomousRight.txt' -n4 -v threadtime UsbRequestJNI:S UsbRequest:S art:W ThreadPool:W System:W ExtendedExtractor:W OMXClient:W MediaPlayer:W dalvikvm:W  *:V
11-17 20:26:04.245  8754  8912 I RobotCore: Attempting to switch to op mode $Stop$Robot$
11-17 20:26:04.284  8754  8888 V Robocol : sending CMD_NOTIFY_INIT_OP_MODE(1209), attempt: 0
11-17 20:26:04.314  8754  8885 V Robocol : received command: CMD_RUN_OP_MODE(11174) $Stop$Robot$
11-17 20:26:04.325  8754  8888 V Robocol : sending CMD_NOTIFY_RUN_OP_MODE(1215), attempt: 0
11-17 20:26:04.347  8754  9155 I RobotCore: Done running exec logcat -d -T '11-17 20:25:31.000' -f '/storage/emulated/0/FIRST/matchlogs/Match-0-AutonomousRight.txt' -n4 -v threadtime UsbRequestJNI:S UsbRequest:S art:W ThreadPool:W System:W ExtendedExtractor:W OMXClient:W MediaPlayer:W dalvikvm:W  *:V
11-17 20:26:04.347  8754  9155 I RobotCore: exiting match logcat for /storage/emulated/0/FIRST/matchlogs/Match-0-AutonomousRight.txt
11-17 20:27:39.036  8754  8885 V Robocol : received command: CMD_INIT_OP_MODE(12455) $Stop$Robot$
11-17 20:27:39.049  8754  8912 I RobotCore: Attempting to switch to op mode $Stop$Robot$
11-17 20:27:39.085  8754  8888 V Robocol : sending CMD_NOTIFY_INIT_OP_MODE(2497), attempt: 0
11-17 20:27:39.324  8754  8888 V Robocol : sending CMD_NOTIFY_INIT_OP_MODE(2497), attempt: 1
11-17 20:27:39.337  8754  8887 E Robocol : exception SocketTimeoutException(Receive timed out): no packet received [java.net.PlainDatagramSocketImpl.receive0(Native Method)]
11-17 20:27:39.565  8754  8888 V Robocol : sending CMD_NOTIFY_INIT_OP_MODE(2497), attempt: 2
11-17 20:27:39.805  8754  8888 V Robocol : sending CMD_NOTIFY_INIT_OP_MODE(2497), attempt: 3
11-17 20:27:40.045  8754  8888 V Robocol : sending CMD_NOTIFY_INIT_OP_MODE(2497), attempt: 4
11-17 20:27:40.284  8754  8888 V Robocol : sending CMD_NOTIFY_INIT_OP_MODE(2497), attempt: 5
11-17 20:27:40.524  8754  8888 V Robocol : sending CMD_NOTIFY_INIT_OP_MODE(2497), attempt: 6
11-17 20:27:40.764  8754  8888 V Robocol : sending CMD_NOTIFY_INIT_OP_MODE(2497), attempt: 7
11-17 20:27:41.005  8754  8888 V Robocol : sending CMD_NOTIFY_INIT_OP_MODE(2497), attempt: 8
11-17 20:27:41.046  8754  8888 V UpdateUI: Network: active, disconnected
11-17 20:27:41.046  8754  8888 I EventLoopManager: Lost connection while running op mode: $Stop$Robot$
11-17 20:27:41.046  8754  8888 V NetworkConnectionHandler: Peer connection lost
11-17 20:27:41.153  8754  8891 V SoundInfo: construct(0x0bffaed7)
11-17 20:27:41.176  8754  8890 I MediaCodec: callingProcessName:com.qualcomm.ftcrobotcontroller
11-17 20:27:41.179  8754  9433 I ACodec  : onAllocateComponent:6752 mSoftCodecPref:0 componentName:
11-17 20:27:41.180  8754  9433 I ACodec  : onAllocateComponent:6783 mSoftCodecPref:0 componentName:OMX.google.raw.decoder
11-17 20:27:41.206  8754  8793 D SoundPlayer: onLoadComplete(samp=3|ms=901, samp=3)=0
11-17 20:27:41.207  8754  8891 W AudioTrack: AUDIO_OUTPUT_FLAG_FAST denied by client; transfer 4, track 48000 Hz, output 44100 Hz
11-17 20:27:41.213  8754  8891 D SoundPlayer: playing volume=0.000000 samp=3|ms=901
11-17 20:27:41.549  8754  8912 I RobotCore: Attempting to switch to op mode $Stop$Robot$
11-17 20:27:42.470  8754  8825 V FtcWebSocket: Opening websocket (ip=192.168.43.107/192.168.43.107 port=8081)
11-17 20:27:42.472  8754  9439 I RobotCore: password
11-17 20:27:42.477  8754  8825 V WebSocketManager: Subscribed websocket (ip=192.168.43.107/192.168.43.107 port=8081) to namespace (ControlHubUpdater)
11-17 20:27:42.480  8754  8825 V WebSocketManager: Subscribed websocket (ip=192.168.43.107/192.168.43.107 port=8081) to namespace (progress)
11-17 20:27:42.578  8754  9423 V ProgrammingModeManager: serve uri=/css/colors.less
