11-17 14:13:14.198  7826  7901 I AppAliveNotifier: Telling the OS to set the RC alive notification timeout to 10 seconds
11-17 14:13:14.235  7826  7826 V WebSocketManager: Registered handler for namespace ONBOTJAVA
11-17 14:13:14.249  7826  7892 I [Gralloc]:  ion device open success! fd = 93
11-17 14:13:14.283  7826  7900 V FtcWebSocket: Opening websocket (ip=192.168.43.107/192.168.43.107 port=8081)
11-17 14:13:14.292  7826  7900 V WebSocketManager: Subscribed websocket (ip=192.168.43.107/192.168.43.107 port=8081) to namespace (progress)
11-17 14:13:14.295  7826  7900 V WebSocketManager: Subscribed websocket (ip=192.168.43.107/192.168.43.107 port=8081) to namespace (ControlHubUpdater)
11-17 14:13:14.309  7826  7900 V FtcWebSocket: Opening websocket (ip=192.168.43.107/192.168.43.107 port=8081)
11-17 14:13:14.317  7826  7900 V WebSocketManager: Subscribed websocket (ip=192.168.43.107/192.168.43.107 port=8081) to namespace (progress)
11-17 14:13:14.319  7826  7900 V WebSocketManager: Subscribed websocket (ip=192.168.43.107/192.168.43.107 port=8081) to namespace (ControlHubUpdater)
11-17 14:13:14.338  7826  7900 V FtcWebSocket: Opening websocket (ip=192.168.43.107/192.168.43.107 port=8081)
11-17 14:13:14.341  7826  7900 V WebSocketManager: Subscribed websocket (ip=192.168.43.107/192.168.43.107 port=8081) to namespace (progress)
11-17 14:13:14.342  7826  7826 V AppUtil : rootActivity=PermissionValidatorWrapper destroyed
11-17 14:13:14.342  7826  7900 V WebSocketManager: Subscribed websocket (ip=192.168.43.107/192.168.43.107 port=8081) to namespace (ControlHubUpdater)
11-17 14:13:14.342  7826  7826 V AppUtil : rootActivity=FtcRobotControllerActivity
11-17 14:13:14.343  7826  7826 I PermissionValidatorActivity: Lifecycle onDestroy : e96b6b5
11-17 14:13:16.629  7826  7900 V FtcWebSocket: Opening websocket (ip=192.168.43.107/192.168.43.107 port=8081)
11-17 14:13:16.634  7826  7900 V WebSocketManager: Subscribed websocket (ip=192.168.43.107/192.168.43.107 port=8081) to namespace (progress)
11-17 14:13:16.635  7826  7900 V WebSocketManager: Subscribed websocket (ip=192.168.43.107/192.168.43.107 port=8081) to namespace (ControlHubUpdater)
11-17 14:13:17.108  7826  7927 I RobotCore: password
11-17 14:13:17.161  7826  7929 V ProgrammingModeManager: serve uri=/css/colors.less
11-17 14:13:17.440  7826  7931 I RobotCore: password
11-17 14:13:17.547  7826  7929 V ProgrammingModeManager: serve uri=/css/colors.less
11-17 14:13:19.208  7826  7901 V RobotCore: EventLoopManager state is NOT_STARTED
11-17 14:13:19.208  7826  7901 V FTCService: Waiting for a connection to a Wi-Fi service
11-17 14:13:19.209  7826  7901 V RobotCore: Robot Status: stopped, waiting for network to become active
11-17 14:13:19.210  7826  7901 I RobotControllerAccessPointAssistant: Wi-Fi AP is enabled
11-17 14:13:19.211  7826  7901 V CoreRobotWebServer: Asked an already running WebServer to start
11-17 14:13:19.211  7826  7901 V RobotCore: Robot Status: stopped, starting robot
11-17 14:13:19.211  7826  7901 V Robocol : EventLoopManager.start()
11-17 14:13:19.212  7826  7901 V RobotCore: Getting network assistant of type: RCWIRELESSAP
11-17 14:13:19.213  7826  7901 I RobotControllerAccessPointAssistant: Wi-Fi AP is enabled
11-17 14:13:19.213  7826  7901 V Robocol : Spoofing a Network Connection event...
11-17 14:13:19.213  7826  7901 I EventLoopManager: onNetworkConnectionEvent: CONNECTION_INFO_AVAILABLE
11-17 14:13:19.213  7826  7901 I Robocol : Received network connection event
11-17 14:13:19.215  7826  7901 I RobotControllerAccessPointAssistant: Wi-Fi AP is enabled
11-17 14:13:19.215  7826  7901 I NetworkConnectionHandler: Handling new network connection infomation, connected: true setup needed: true
11-17 14:13:19.217  7826  7901 I RobotControllerAccessPointAssistant: Wi-Fi AP is enabled
11-17 14:13:19.371  7826  7929 I RobotCore: password
11-17 14:13:21.131  7826  7900 V FtcWebSocket: Opening websocket (ip=192.168.43.107/192.168.43.107 port=8081)
11-17 14:13:21.135  7826  7900 V WebSocketManager: Subscribed websocket (ip=192.168.43.107/192.168.43.107 port=8081) to namespace (progress)
11-17 14:13:21.138  7826  7900 V WebSocketManager: Subscribed websocket (ip=192.168.43.107/192.168.43.107 port=8081) to namespace (ControlHubUpdater)
11-17 14:13:22.239  7826  7965 V RobotCore: thread: 'SetupRunnable.run()' starting...
11-17 14:13:22.240  7826  7901 V RobotCore: EventLoopManager state is STOPPED
11-17 14:13:22.244  7826  7901 V Robocol : eventLoop=FtcEventLoop
11-17 14:13:22.244  7826  7901 V RobotCore: EventLoopManager state is INIT
11-17 14:13:22.245  7826  7901 V RobotCore: Robot Status: initializing, starting robot
11-17 14:13:22.246  7826  7901 I FtcEventLoop: ======= INIT START =======
11-17 14:13:22.247  7826  7901 V OpmodeRegistration: registered {DefaultOpMode} as {$Stop$Robot$}
11-17 14:13:22.249  7826  7965 D Robocol : RobocolDatagramSocket listening addr=/192.168.43.1:20884 cbRec=65520 cbSend=106496 msRecTO=300
11-17 14:13:22.251  7826  7965 V Robocol : RecvLoopRunnable created
11-17 14:13:22.254  7826  7966 V Robocol : PacketProcessor started
11-17 14:13:22.258  7826  7967 V Robocol : CommandProcessor started
11-17 14:13:22.263  7826  7968 V RobotCore: thread: 'RecvLoopRunnable.run()' starting...
11-17 14:13:22.264  7826  7965 V PeerDiscovery: Starting peer discovery remote: /192.168.43.1 local: /192.168.43.1
11-17 14:13:22.264  7826  7965 V PeerDiscovery: No need for initiating peer discovery, we are the Robot Controller
11-17 14:13:22.264  7826  7965 V RobotCore: Setup complete
11-17 14:13:22.265  7826  7965 V RobotCore: thread: ...terminating 'SetupRunnable.run()'
11-17 14:13:22.493  7826  7901 V MD5     : Calculated digest: 9d9a9ed11665dc92c91c475aad54ef94
11-17 14:13:22.493  7826  7901 V MD5     : Provided digest: 9d9a9ed11665dc92c91c475aad54ef94
11-17 14:13:22.565  7826  7968 E Robocol : exception SocketTimeoutException(Receive timed out): no packet received [java.net.PlainDatagramSocketImpl.receive0(Native Method)]
11-17 14:13:22.577  7826  7966 D RobotCore: system telemetry: key=$System$None$ msg=""
11-17 14:13:22.578  7826  7966 V PeerDiscovery: new remote peer discovered: 192.168.43.39
11-17 14:13:22.578  7826  7966 V NetworkConnectionHandler: starting sending loop
11-17 14:13:22.581  7826  7969 V Robocol : sending CMD_NOTIFY_ROBOT_STATE(7), attempt: 0
11-17 14:13:22.581  7826  7969 V Robocol : sending CMD_NOTIFY_ROBOT_STATE(8), attempt: 0
11-17 14:13:22.582  7826  7969 V Robocol : sending CMD_NOTIFY_ROBOT_STATE(9), attempt: 0
11-17 14:13:22.597  7826  7966 V UpdateUI: Network: active, connected
11-17 14:13:22.598  7826  7966 D FTCService: Sending user device types and preferences to driver station
11-17 14:13:22.664  7826  7972 V SoundInfo: construct(0x077dd39a)
11-17 14:13:22.677  7826  7971 E WVMExtractor: Failed to open libwvm.so: dlopen failed: library "libwvm.so" not found
11-17 14:13:22.687  7826  7966 V NetDiscover_prefremrc: sendAllPreferences()
11-17 14:13:22.688  7826  7966 V NetDiscover_prefremrc: sending RC pref name=pref_wifip2p_remote_channel_change_works value=false
11-17 14:13:22.694  7826  7966 V NetDiscover_prefremrc: sending RC pref name=pref_device_name value=FTC-eE8w
11-17 14:13:22.695  7826  7966 V NetDiscover_prefremrc: sending RC pref name=pref_warn_about_incorrect_clocks value=true
11-17 14:13:22.696  7826  7966 V NetDiscover_prefremrc: sending RC pref name=pref_warn_about_obsolete_software value=true
11-17 14:13:22.696  7826  7966 V NetDiscover_prefremrc: sending RC pref name=pref_has_speaker value=false
11-17 14:13:22.697  7826  7966 V NetDiscover_prefremrc: sending RC pref name=pref_warn_about_2_4_ghz_band value=true
11-17 14:13:22.698  7826  7969 V Robocol : sending CMD_NOTIFY_USER_DEVICE_LIST(13), attempt: 0
11-17 14:13:22.701  7826  7971 I MediaCodec: callingProcessName:com.qualcomm.ftcrobotcontroller
11-17 14:13:22.701  7826  7969 V Robocol : sending CMD_ROBOT_CONTROLLER_PREFERENCE(14), attempt: 0
11-17 14:13:22.702  7826  7969 V Robocol : sending CMD_ROBOT_CONTROLLER_PREFERENCE(15), attempt: 0
11-17 14:13:22.703  7826  7969 V Robocol : sending CMD_ROBOT_CONTROLLER_PREFERENCE(16), attempt: 0
11-17 14:13:22.704  7826  7966 V NetDiscover_prefremrc: sending RC pref name=pref_has_independent_phone_battery value=false
11-17 14:13:22.704  7826  7966 V NetDiscover_prefremrc: sending RC pref name=pref_app_theme value=red
11-17 14:13:22.705  7826  7978 I ACodec  : onAllocateComponent:6752 mSoftCodecPref:0 componentName:
11-17 14:13:22.705  7826  7966 V NetDiscover_prefremrc: sending RC pref name=pref_warn_about_mismatched_app_versions value=true
11-17 14:13:22.706  7826  7966 V NetDiscover_prefremrc: sending RC pref name=pref_sound_on_off value=false
11-17 14:13:22.706  7826  7978 I ACodec  : onAllocateComponent:6783 mSoftCodecPref:0 componentName:OMX.google.raw.decoder
11-17 14:13:22.706  7826  7966 V NetworkConnectionHandler: Peer connection established
11-17 14:13:22.710  7826  7966 V Robocol : packet processing took 132.7ms: type=PEER_DISCOVERY
11-17 14:13:22.710  7826  7969 V Robocol : sending CMD_ROBOT_CONTROLLER_PREFERENCE(17), attempt: 0
11-17 14:13:22.711  7826  7969 V Robocol : sending CMD_ROBOT_CONTROLLER_PREFERENCE(18), attempt: 0
11-17 14:13:22.712  7826  7969 V Robocol : sending CMD_ROBOT_CONTROLLER_PREFERENCE(19), attempt: 0
11-17 14:13:22.735  7826  7968 V EventLoopManager: Setting authoritative wall clock based on connected DS.
11-17 14:13:22.735  7826  7968 D Uvc     : [time.cpp:64] Java_org_firstinspires_ftc_robotcore_internal_system_AppUtil_nativeSetCurrentTimeMillis()...
11-17 14:13:22.712  7826  7968 I JniTime : [time.cpp:83] settimeofday() succeeded
11-17 14:13:22.712  7826  7968 D Uvc     : [time.cpp:64] ...Java_org_firstinspires_ftc_robotcore_internal_system_AppUtil_nativeSetCurrentTimeMillis()
11-17 14:13:22.714  7826  7968 V AppUtil : attempted to set timezone: before=America/Chicago after=America/Chicago
11-17 14:13:22.715  7826  7969 V Robocol : sending CMD_ROBOT_CONTROLLER_PREFERENCE(20), attempt: 0
11-17 14:13:22.716  7826  7969 V Robocol : sending CMD_ROBOT_CONTROLLER_PREFERENCE(21), attempt: 0
11-17 14:13:22.716  7826  7969 V Robocol : sending CMD_ROBOT_CONTROLLER_PREFERENCE(22), attempt: 0
11-17 14:13:22.718  7826  7966 V Robocol : received command: CMD_REQUEST_ACTIVE_CONFIG(10001) 
11-17 14:13:22.718  7826  7969 V Robocol : sending CMD_ROBOT_CONTROLLER_PREFERENCE(23), attempt: 0
11-17 14:13:22.720  7826  7966 V Robocol : received command: CMD_REQUEST_USER_DEVICE_TYPES(10002) 
11-17 14:13:22.721  7826  7865 D SoundPlayer: onLoadComplete(samp=1|ms=757, samp=1)=0
11-17 14:13:22.722  7826  7966 V Robocol : received command: CMD_REQUEST_OP_MODE_LIST(10003) 
11-17 14:13:22.722  7826  7966 V Robocol : received command: CMD_ROBOT_CONTROLLER_PREFERENCE(10004) {"booleanValue":true,"prefName":"pref_ds_supports_5_ghz"}
11-17 14:13:22.723  7826  7966 V Robocol : received command: CMD_ROBOT_CONTROLLER_PREFERENCE(10005) {"intValue":21,"prefName":"pref_dh_os_version_code"}
11-17 14:13:22.725  7826  7972 W AudioTrack: AUDIO_OUTPUT_FLAG_FAST denied by client; transfer 4, track 48000 Hz, output 44100 Hz
11-17 14:13:22.733  7826  7972 D SoundPlayer: playing volume=0.000000 samp=1|ms=757
11-17 14:13:22.756  7826  7969 V Robocol : sending CMD_PLAY_SOUND(33), attempt: 0
11-17 14:13:22.795  7826  7969 V Robocol : sending CMD_NOTIFY_ROBOT_STATE(7), attempt: 1
11-17 14:13:22.795  7826  7969 V Robocol : sending CMD_NOTIFY_ROBOT_STATE(8), attempt: 1
11-17 14:13:22.796  7826  7969 V Robocol : sending CMD_NOTIFY_ROBOT_STATE(9), attempt: 1
11-17 14:13:22.915  7826  7969 V Robocol : sending CMD_NOTIFY_USER_DEVICE_LIST(13), attempt: 1
11-17 14:13:22.917  7826  7969 V Robocol : sending CMD_ROBOT_CONTROLLER_PREFERENCE(14), attempt: 1
11-17 14:13:22.918  7826  7969 V Robocol : sending CMD_ROBOT_CONTROLLER_PREFERENCE(15), attempt: 1
11-17 14:13:22.919  7826  7969 V Robocol : sending CMD_ROBOT_CONTROLLER_PREFERENCE(16), attempt: 1
11-17 14:13:23.214  7826  7901 V OpmodeRegistration: registered {AutonomousRight} as {AutonomousRight}
11-17 14:13:23.215  7826  7901 V OpmodeRegistration: registered {ConceptAutoDriveCalibration} as {POC: Auto Drive Calibration}
11-17 14:13:23.215  7826  7901 V OpmodeRegistration: registered {ConceptFieldNavigationAutoV2} as {POC - Field Nav Encoder}
11-17 14:13:23.216  7826  7901 V OpmodeRegistration: registered {ConceptAutoDriveByGyro} as {POC: Drive By Gyro}
11-17 14:13:23.217  7826  7901 V OpmodeRegistration: registered {ConceptFieldNavigation} as {POC - Field Nav}
11-17 14:13:23.217  7826  7901 V OpmodeRegistration: registered {TensorFlowObjectDetectionWebcam} as {Nap: camera 3}
11-17 14:13:23.218  7826  7901 V OpmodeRegistration: registered {TeleopCalibration} as {TeleopCalibration}
11-17 14:13:23.218  7826  7901 V OpmodeRegistration: registered {ConceptOpenCVSignalSleeveDetection} as {POC - OpenCV Signal Sleeve}
11-17 14:13:23.219  7826  7901 V OpmodeRegistration: registered {ConceptFieldNavigationAuto} as {POC - Field Nav Auto}
11-17 14:13:23.219  7826  7901 V OpmodeRegistration: registered {ConceptBNO055IMU} as {POC: IMU Display}
11-17 14:13:23.220  7826  7901 V OpmodeRegistration: registered {ConceptVuforiaLocalization} as {POC - Vuforia Localization}
11-17 14:13:23.220  7826  7901 V OpmodeRegistration: registered {CameraVuforia} as {Camera}
11-17 14:13:23.221  7826  7901 V OpmodeRegistration: registered {ConceptWebcamTest} as {nap: Webcam}
11-17 14:13:23.222  7826  7901 V OpmodeRegistration: registered {Forward} as { Nept-Forward and Turning }
11-17 14:13:23.223  7826  7901 V OpmodeRegistration: registered {TeleopDualDrivers} as {TeleopDualDrivers}
11-17 14:13:23.223  7826  7901 V OpmodeRegistration: registered {ConceptSignalSleeveIdentification} as {POC: Signal Sleeve}
11-17 14:13:23.224  7826  7901 V OpmodeRegistration: registered {ConceptTensorFlowObjectDetection} as {POC: TensorFlow Object Detection}
11-17 14:13:23.225  7826  7901 V OpmodeRegistration: registered {PushbotAutodrive} as {Nep-TestMotor }
11-17 14:13:23.225  7826  7901 V OpmodeRegistration: registered {ConceptBNO055IMUCalibration} as {POC: IMU Calibration}
11-17 14:13:23.226  7826  7901 V OpmodeRegistration: registered {TensorFLowWebcam} as {Nap-Camera 2}
11-17 14:13:23.235  7826  7969 V Robocol : sending CMD_NOTIFY_ACTIVE_CONFIGURATION(50), attempt: 0
11-17 14:13:23.251  7826  7901 V FtcEventLoop: Ensuring that the embedded Control Hub module is set up correctly
11-17 14:13:23.256  7826  7901 V RobotCore: Creating REV Robotics USB Expansion Hub Portal [(embedded)]
11-17 14:13:23.257  7826  7901 V LynxUsb : creating new [(embedded)]: 0x00e82984
11-17 14:13:23.262  7826  7901 V FtDeviceManager: createDeviceInfoList(): 0 USB devices
11-17 14:13:23.262  7826  7901 V RobotUsbManagerCombining: FTDI driver failed to open USB device with serial number (embedded) (returned null device)
11-17 14:13:23.262  7826  7826 I pRunnable.run(): type=1400 audit(0.0:283): avc: denied { read } for name="ttyS1" dev="tmpfs" ino=7192 scontext=u:r:untrusted_app:s0:c512,c768 tcontext=u:object_r:serial_device:s0 tclass=chr_file permissive=1
11-17 14:13:23.264  7826  7901 V SerialPortNative: [SerialPort.cpp:150] opened(/dev/ttyS1): fd=102
11-17 14:13:23.265  7826  7901 V RobotUsbDeviceTTY: opening serial=(embedded) file=/dev/ttyS1
11-17 14:13:23.265  7826  7901 V LynxUsb : armDevice() serial=(embedded)...
11-17 14:13:23.266  7826  7901 V LynxUsb : resetDevice() serial=(embedded)
11-17 14:13:23.267  7826  7901 V LynxModule: resetting embedded usb device: isPresent: was=true
11-17 14:13:23.262  7826  7826 I pRunnable.run(): type=1400 audit(0.0:284): avc: denied { write } for name="ttyS1" dev="tmpfs" ino=7192 scontext=u:r:untrusted_app:s0:c512,c768 tcontext=u:object_r:serial_device:s0 tclass=chr_file permissive=1
11-17 14:13:23.262  7826  7826 I pRunnable.run(): type=1400 audit(0.0:285): avc: denied { open } for path="/dev/ttyS1" dev="tmpfs" ino=7192 scontext=u:r:untrusted_app:s0:c512,c768 tcontext=u:object_r:serial_device:s0 tclass=chr_file permissive=1
11-17 14:13:23.262  7826  7826 I pRunnable.run(): type=1400 audit(0.0:286): avc: denied { ioctl } for path="/dev/ttyS1" dev="tmpfs" ino=7192 ioctlcmd=5401 scontext=u:r:untrusted_app:s0:c512,c768 tcontext=u:object_r:serial_device:s0 tclass=chr_file permissive=1
11-17 14:13:23.275  7826  7969 V Robocol : sending CMD_NOTIFY_USER_DEVICE_LIST(51), attempt: 0
11-17 14:13:23.277  7826  7969 V Robocol : sending CMD_NOTIFY_OP_MODE_LIST(52), attempt: 0
11-17 14:13:23.623  7826  7901 V LynxUsb : ...done armDevice()
11-17 14:13:23.624  7826  7901 V LynxUsb : 0x0f1a7233 on 0x00e82984: new delegate to [(embedded)]
11-17 14:13:23.624  7826  7991 V RobotCore: thread: 'lynx incoming datagrams' starting...
11-17 14:13:23.634  7826  7901 V LynxUsb : addConfiguredModule() module#=173
11-17 14:13:23.634  7826  7901 V LynxModule: pingAndQueryKnownInterfaces mod=173
11-17 14:13:23.637  7826  7991 V LynxUsb : synchronization gained: serial=(embedded)
11-17 14:13:23.666  7826  7901 V LynxModule: mod#=173 queryInterface(DEKA)=54 commands starting at 4096
11-17 14:13:23.680  7826  7901 V LynxModule: sending LynxFtdiResetControlCommand(true) wasInterrupted=false
11-17 14:13:23.685  7826  7901 V LynxModule: sendLEDPatternSteps(): steps=[Step(color=65280, msDuration=1000)]
11-17 14:13:23.690  7826  7901 V LynxModule: setAsControlHubEmbeddedModule(mod=173)
11-17 14:13:23.690  7826  7901 V EmbeddedControlHubModule: setting embedded module
11-17 14:13:23.691  7826  7901 V LynxModule: sending LynxFtdiResetControlCommand(false) wasInterrupted=false
11-17 14:13:23.693  7826  7901 V LynxModule: close(#173)
11-17 14:13:23.695  7826  7901 V LynxUsb : Verified that the embedded Control Hub module has the correct address
11-17 14:13:23.697  7826  7901 V LynxUsb : addConfiguredModule() module#=173
11-17 14:13:23.697  7826  7901 V LynxModule: pingAndQueryKnownInterfaces mod=173
11-17 14:13:23.711  7826  7901 V LynxModule: mod#=173 queryInterface(DEKA)=54 commands starting at 4096
11-17 14:13:23.722  7826  7901 V LynxModule: sending LynxFtdiResetControlCommand(true) wasInterrupted=false
11-17 14:13:23.726  7826  7901 V LynxModule: sendLEDPatternSteps(): steps=[Step(color=65280, msDuration=1000)]
11-17 14:13:23.731  7826  7901 V LynxModule: setAsControlHubEmbeddedModule(mod=173)
11-17 14:13:23.731  7826  7901 V EmbeddedControlHubModule: setting embedded module
11-17 14:13:23.731  7826  7901 I RobotCore: LynxFirmwareVersionManager: LynxI2cDeviceSynchV2
11-17 14:13:23.732  7826  7901 V LynxI2cDeviceSynch: initializeHardware() mod#=173
11-17 14:13:23.732  7826  7901 V BHI260IMU: Suppressing I2C warnings while we check for a BHI260AP IMU
11-17 14:13:23.737  7826  7901 V BHI260IMU: No BHI260AP IMU found
11-17 14:13:23.737  7826  7901 V LynxModule: sending LynxFtdiResetControlCommand(false) wasInterrupted=false
11-17 14:13:23.739  7826  7901 V LynxModule: close(#173)
11-17 14:13:23.742  7826  7901 V HardwareFactory: createHardwareMap()
11-17 14:13:23.742  7826  7901 V EmbeddedControlHubModule: clearing embedded module
11-17 14:13:23.757  7826  7901 V ReadXMLFileHandler: embedded lynx USB device is already present
11-17 14:13:23.757  7826  7901 V RobotCore: Creating REV Robotics USB Expansion Hub Portal [(embedded)]
11-17 14:13:23.758  7826  7901 V LynxUsb : using existing [(embedded)]: 0x00e82984
11-17 14:13:23.758  7826  7901 V LynxUsb : 0x02487dd3 on 0x00e82984: new delegate to [(embedded)]
11-17 14:13:23.758  7826  7901 V RobotCore: Creating Lynx Module - mod=173 parent=true
11-17 14:13:23.759  7826  7901 V RobotCore: Creating Lynx Module - mod=2 parent=false
11-17 14:13:23.761  7826  7901 V LynxUsb : addConfiguredModule() module#=173
11-17 14:13:23.761  7826  7901 V LynxModule: pingAndQueryKnownInterfaces mod=173
11-17 14:13:23.773  7826  7901 V LynxModule: mod#=173 queryInterface(DEKA)=54 commands starting at 4096
11-17 14:13:23.782  7826  7901 V LynxModule: sending LynxFtdiResetControlCommand(true) wasInterrupted=false
11-17 14:13:23.787  7826  7998 V LynxModule: received status: LynxGetModuleStatusResponse(status=0x02 alerts=0x00: Reset)
11-17 14:13:23.788  7826  7998 W HubPowerCycle: Expansion Hub 173 regained power after a complete power loss. No user Op Mode was running.
11-17 14:13:23.789  7826  7998 V LynxModule: resendCurrentPattern()
11-17 14:13:23.789  7826  7998 V LynxModule: sendLEDPatternSteps(): steps=[]
11-17 14:13:23.790  7826  7901 V LynxModule: sendLEDPatternSteps(): steps=[Step(color=65280, msDuration=1000)]
11-17 14:13:23.799  7826  7901 V LynxModule: setAsControlHubEmbeddedModule(mod=173)
11-17 14:13:23.799  7826  7901 V EmbeddedControlHubModule: setting embedded module
11-17 14:13:23.799  7826  7901 V LynxUsb : addConfiguredModule() module#=2
11-17 14:13:23.799  7826  7901 V LynxModule: pingAndQueryKnownInterfaces mod=2
11-17 14:13:23.814  7826  7901 V LynxModule: mod#=2 queryInterface(DEKA)=54 commands starting at 4096
11-17 14:13:23.821  7826  7901 V LynxModule: sending LynxFtdiResetControlCommand(true) wasInterrupted=false
11-17 14:13:23.827  7826  7901 V LynxModule: sendLEDPatternSteps(): steps=[Step(color=65280, msDuration=4500), Step(color=0, msDuration=500), Step(color=255, msDuration=500), Step(color=0, msDuration=500), Step(color=255, msDuration=500), Step(color=0, msDuration=500)]
11-17 14:13:23.829  7826  7999 V LynxModule: received status: LynxGetModuleStatusResponse(status=0x05 alerts=0x00: KeepAliveTimeout|FailSafe)
11-17 14:13:23.829  7826  7999 V LynxModule: resendCurrentPattern()
11-17 14:13:23.830  7826  7999 V LynxModule: sendLEDPatternSteps(): steps=[Step(color=65280, msDuration=4500), Step(color=0, msDuration=500), Step(color=255, msDuration=500), Step(color=0, msDuration=500), Step(color=255, msDuration=500), Step(color=0, msDuration=500)]
11-17 14:13:23.839  7826  7901 V LynxMotor: initializeHardware() mod#=173
11-17 14:13:23.879  7826  7901 V RobotCore: DcMotorImpl(type=goBILDA5202SeriesMotor)
11-17 14:13:23.879  7826  7901 V RobotCore: DcMotorImpl(type=goBILDA5202SeriesMotor)
11-17 14:13:23.879  7826  7901 V RobotCore: DcMotorImpl(type=goBILDA5202SeriesMotor)
11-17 14:13:23.879  7826  7901 V RobotCore: DcMotorImpl(type=goBILDA5202SeriesMotor)
11-17 14:13:23.880  7826  7901 V LynxServoController: initializeHardware() mod#=173
11-17 14:13:23.903  7826  7901 V LynxVoltageSensor: initializeHardware() mod#=173
11-17 14:13:23.904  7826  7901 V LynxAnalogInputController: initializeHardware() mod#=173
11-17 14:13:23.905  7826  7901 V LynxDigitalChannelController: initializeHardware() mod#=173
11-17 14:13:23.922  7826  7901 V RobotCore: Creating user sensor REV internal IMU (BNO055) - on Lynx module=173 bus=0
11-17 14:13:23.922  7826  7901 V RobotCore: Creating I2cDeviceSynch (Lynx) - mod=173 bus=0
11-17 14:13:23.922  7826  7901 I RobotCore: LynxFirmwareVersionManager: LynxI2cDeviceSynchV2
11-17 14:13:23.923  7826  7901 V LynxI2cDeviceSynch: initializeHardware() mod#=173
11-17 14:13:23.926  7826  7901 V RobotCore: Creating user sensor REV 2M Distance Sensor - on Lynx module=173 bus=1
11-17 14:13:23.926  7826  7901 V RobotCore: Creating I2cDeviceSynch (Lynx) - mod=173 bus=1
11-17 14:13:23.926  7826  7901 I RobotCore: LynxFirmwareVersionManager: LynxI2cDeviceSynchV2
11-17 14:13:23.927  7826  7901 V LynxI2cDeviceSynch: initializeHardware() mod#=173
11-17 14:13:23.928  7826  7901 V RobotCore: Creating user sensor REV Color Sensor V3 - on Lynx module=173 bus=2
11-17 14:13:23.928  7826  7901 I RobotCore: LynxFirmwareVersionManager: LynxI2cDeviceSynchV2
11-17 14:13:23.928  7826  7901 V LynxI2cDeviceSynch: initializeHardware() mod#=173
11-17 14:13:23.930  7826  7901 I I2C     : Automatically initializing I2C device RevColorSensorV3 USB (embedded); module 173; bus 2; addr7=0x00
11-17 14:13:23.930  7826  7901 V BroadcomColorSensorImpl: internalInitialize()...
11-17 14:13:23.939  7826  7901 V BroadcomColorSensorImpl: state: 07 37 20 1d 42 01 c2 
11-17 14:13:23.939  7826  7901 V BroadcomColorSensorImpl: setGain(0x01)
11-17 14:13:23.944  7826  7901 V BroadcomColorSensorImpl: setLEDParameters(0x37)
11-17 14:13:23.948  7826  7901 V BroadcomColorSensorImpl: setProximityPulseCount(0x20)
11-17 14:13:23.952  7826  7901 V BroadcomColorSensorImpl: setPSMeasRate(0x1d)
11-17 14:13:23.956  7826  7901 V BroadcomColorSensorImpl: setLSMeasRate(0x42)
11-17 14:13:23.965  7826  7901 V BroadcomColorSensorImpl: enable() enabled=0x07...
11-17 14:13:23.973  7826  7901 V BroadcomColorSensorImpl: ...enable() enabled=0x07
11-17 14:13:23.977  7826  7901 V BroadcomColorSensorImpl: state: 07 37 20 1d 42 01 c2 
11-17 14:13:23.978  7826  7901 V BroadcomColorSensorImpl: ...internalInitialize()
11-17 14:13:23.979  7826  7901 V LynxMotor: initializeHardware() mod#=2
11-17 14:13:24.045  7826  7901 V RobotCore: DcMotorImpl(type=goBILDA5202SeriesMotor)
11-17 14:13:24.045  7826  7901 V RobotCore: DcMotorImpl(type=goBILDA5202SeriesMotor)
11-17 14:13:24.047  7826  7901 V LynxServoController: initializeHardware() mod#=2
11-17 14:13:24.082  7826  7901 V LynxVoltageSensor: initializeHardware() mod#=2
11-17 14:13:24.083  7826  7901 V LynxAnalogInputController: initializeHardware() mod#=2
11-17 14:13:24.086  7826  7901 V LynxDigitalChannelController: initializeHardware() mod#=2
11-17 14:13:24.111  7826  7901 V RobotCore: Creating Webcam [D5386480]
11-17 14:13:24.112  7826  7901 V CameraManager: construct(hash=0x017161b3|inst#=0)
11-17 14:13:24.114  7826  7901 D libusb  : [ 0.000238] [00001edd] libusb: debug [op_init] sysfs(/sys/bus/usb/devices) available
11-17 14:13:24.114  7826  7901 D libusb  : [ 0.000347] [00001edd] libusb: debug [op_init] sysfs can relate devices
11-17 14:13:24.114  7826  7901 D libusb  : [ 0.000385] [00001edd] libusb: debug [op_init] sysfs has complete descriptors
11-17 14:13:24.114  7826  7901 D libusb  : [ 0.000422] [00001edd] libusb: debug [op_init] sysfs has serial numbers
11-17 14:13:24.112  7826  7826 I pRunnable.run(): type=1400 audit(0.0:287): avc: denied { read } for name="devices" dev="sysfs" ino=7258 scontext=u:r:untrusted_app:s0:c512,c768 tcontext=u:object_r:sysfs:s0 tclass=dir permissive=1
11-17 14:13:24.115  7826  7901 V UvcContext: construct(pointer=0xcfbeb440|inst#=0)
11-17 14:13:24.112  7826  7826 I pRunnable.run(): type=1400 audit(0.0:288): avc: denied { open } for path="/sys/bus/usb/devices" dev="sysfs" ino=7258 scontext=u:r:untrusted_app:s0:c512,c768 tcontext=u:object_r:sysfs:s0 tclass=dir permissive=1
11-17 14:13:24.124  7826  7901 I RobotCore: ========= Device Information ===================================================
11-17 14:13:24.124  7826  7901 I RobotCore: Type                                               Name                           Connection
11-17 14:13:24.125  7826  7901 I RobotCore: Motor                                              LeftSlider                     USB (embedded); module 2; port 1
11-17 14:13:24.125  7826  7901 I RobotCore: Rev Color Sensor v3                                ColorSensor                    USB (embedded); module 173; bus 2; addr7=0x52
11-17 14:13:24.126  7826  7901 I RobotCore: Motor                                              RightSlider                    USB (embedded); module 2; port 0
11-17 14:13:24.127  7826  7901 I RobotCore: REV Robotics USB Expansion Hub Portal              Control Hub Portal             USB (embedded)
11-17 14:13:24.127  7826  7901 I RobotCore: Motor                                              FrontLeft                      USB (embedded); module 173; port 0
11-17 14:13:24.128  7826  7901 I RobotCore: Motor                                              BackRight                      USB (embedded); module 173; port 3
11-17 14:13:24.129  7826  7901 I RobotCore: Expansion Hub DC Motor Controller                  Expansion Hub 2                USB (embedded); module 2
11-17 14:13:24.129  7826  7901 I RobotCore: Expansion Hub Servo Controller                     Expansion Hub 2                USB (embedded); module 2
11-17 14:13:24.130  7826  7901 I RobotCore: Expansion Hub Voltage Sensor                       Expansion Hub 2                USB (embedded); module 2
11-17 14:13:24.131  7826  7901 I RobotCore: Expansion Hub Analog Input Controller              Expansion Hub 2                USB (embedded); module 2
11-17 14:13:24.132  7826  7901 I RobotCore: Expansion Hub Digital Channel Controller           Expansion Hub 2                USB (embedded); module 2
11-17 14:13:24.138  7826  7901 I RobotCore: Expansion Hub (HW: 20, Maj: 1, Min: 8, Eng: 2)     Expansion Hub 2                USB (embedded); module 2
11-17 14:13:24.138  7826  7901 I RobotCore: REV 2M ToF Distance Sensor                         DistanceSensor                 USB (embedded); module 173; bus 1; addr7=0x29
11-17 14:13:24.139  7826  7901 I RobotCore: REV internal IMU (BNO055)                          imu                            USB (embedded); module 173; bus 0; addr7=0x00
11-17 14:13:24.146  7826  7901 I RobotCore: Logitech C270 HD WEBCAM                            Webcam 1                       USB (D5386480)
11-17 14:13:24.146  7826  7901 I RobotCore: Expansion Hub DC Motor Controller                  Control Hub                    USB (embedded); module 173
11-17 14:13:24.147  7826  7901 I RobotCore: Expansion Hub Servo Controller                     Control Hub                    USB (embedded); module 173
11-17 14:13:24.147  7826  7901 I RobotCore: Expansion Hub Voltage Sensor                       Control Hub                    USB (embedded); module 173
11-17 14:13:24.147  7826  7901 I RobotCore: Expansion Hub Analog Input Controller              Control Hub                    USB (embedded); module 173
11-17 14:13:24.148  7826  7901 I RobotCore: Expansion Hub Digital Channel Controller           Control Hub                    USB (embedded); module 173
11-17 14:13:24.151  7826  7901 I RobotCore: Expansion Hub (HW: 20, Maj: 1, Min: 8, Eng: 2)     Control Hub                    USB (embedded); module 173
11-17 14:13:24.152  7826  7901 I RobotCore: Servo                                              ClawServo                      USB (embedded); module 173; port 0
11-17 14:13:24.153  7826  7901 I RobotCore: Motor                                              FrontRight                     USB (embedded); module 173; port 1
11-17 14:13:24.153  7826  7901 I RobotCore: Motor                                              BackLeft                       USB (embedded); module 173; port 2
11-17 14:13:24.154  7826  7901 I RobotCore: Servo                                              ArmServo                       USB (embedded); module 173; port 1
11-17 14:13:24.157  7826  7901 I RobotCore: LynxFirmwareVersionManager: LynxI2cDeviceSynchV2
11-17 14:13:24.158  7826  7901 V LynxI2cDeviceSynch: initializeHardware() mod#=173
11-17 14:13:24.158  7826  7901 V BNO055  : Suppressing I2C warnings while we check for a BNO055 IMU
11-17 14:13:24.163  7826  7901 V BNO055  : Found BNO055 IMU
11-17 14:13:24.171  7826  7901 I RobotCore: LynxFirmwareVersionManager: LynxI2cDeviceSynchV2
11-17 14:13:24.172  7826  7901 V LynxI2cDeviceSynch: initializeHardware() mod#=2
11-17 14:13:24.172  7826  7901 V BNO055  : Suppressing I2C warnings while we check for a BNO055 IMU
11-17 14:13:24.178  7826  7901 V BNO055  : Found BNO055 IMU
11-17 14:13:24.187  7826  7901 V LynxUsb : 0x0f1a7233 on 0x00e82984: releasing delegate to [(embedded)]
11-17 14:13:24.188  7826  7901 I FtcEventLoop: ======= INIT FINISH =======
11-17 14:13:24.188  7826  7967 W art     : Long monitor contention with owner RobotSetupRunnable.run() (7901) at void libcore.io.IoBridge.write(java.io.FileDescriptor, byte[], int, int)(IoBridge.java:495) waiters=0 in org.firstinspires.ftc.robotcore.internal.network.CallbackResult com.qualcomm.robotcore.eventloop.EventLoopManager.commandEvent(com.qualcomm.robotcore.robocol.Command) for 1.469s
11-17 14:13:24.189  7826  7901 V RobotCore: EventLoopManager state is RUNNING
11-17 14:13:24.192  7826  7901 V RobotCore: Robot Status: running, starting robot
11-17 14:13:24.192  7826  7901 V RobotCore: Robot Status: running
11-17 14:13:24.194  7826  8002 V RobotCore: thread: 'opmode loop()' starting...
11-17 14:13:24.195  7826  7901 D FTCService: Detecting Wi-Fi reset
11-17 14:13:24.195  7826  7969 V Robocol : sending CMD_NOTIFY_ROBOT_STATE(67), attempt: 0
11-17 14:13:24.196  7826  7969 V Robocol : sending CMD_SHOW_TOAST(68), attempt: 0
11-17 14:13:24.196  7826  7901 D RobotControllerAccessPointAssistant: detectWifiReset button=false
11-17 14:13:24.197  7826  7901 V RobotCore: thread: ...terminating 'RobotSetupRunnable.run()'
11-17 14:13:24.201  7826  7967 E Robocol : command processing took 1482 ms: command=CMD_REQUEST_ACTIVE_CONFIG
11-17 14:13:24.236  7826  7969 V Robocol : sending CMD_NOTIFY_ACTIVE_CONFIGURATION(70), attempt: 0
11-17 14:13:24.274  7826  7972 V SoundInfo: construct(0x015b0807)
11-17 14:13:24.276  7826  7969 V Robocol : sending CMD_NOTIFY_USER_DEVICE_LIST(75), attempt: 0
11-17 14:13:24.282  7826  7969 V Robocol : sending CMD_NOTIFY_OP_MODE_LIST(78), attempt: 0
11-17 14:13:24.334  7826  7971 I MediaCodec: callingProcessName:com.qualcomm.ftcrobotcontroller
11-17 14:13:24.336  7826  8007 I ACodec  : onAllocateComponent:6752 mSoftCodecPref:0 componentName:
11-17 14:13:24.337  7826  8007 I ACodec  : onAllocateComponent:6783 mSoftCodecPref:0 componentName:OMX.google.raw.decoder
11-17 14:13:24.385  7826  7865 D SoundPlayer: onLoadComplete(samp=2|ms=4506, samp=2)=0
11-17 14:13:24.387  7826  7972 W AudioTrack: AUDIO_OUTPUT_FLAG_FAST denied by client; transfer 4, track 48000 Hz, output 44100 Hz
11-17 14:13:24.397  7826  7972 D SoundPlayer: playing volume=0.000000 samp=2|ms=4506
11-17 14:13:24.435  7826  7969 V Robocol : sending CMD_PLAY_SOUND(89), attempt: 0
11-17 14:13:24.713  7826  8002 I RobotCore: Attempting to switch to op mode $Stop$Robot$
11-17 14:13:24.795  7826  7969 V Robocol : sending CMD_NOTIFY_INIT_OP_MODE(97), attempt: 0
--------- beginning of main
11-17 14:33:10.005 12983 12983 I ps      : type=1400 audit(0.0:294): avc: denied { getattr } for path="/proc/1" dev="proc" ino=4995 scontext=u:r:untrusted_app:s0:c512,c768 tcontext=u:r:init:s0 tclass=dir permissive=1
11-17 14:33:10.005 12983 12983 I ps      : type=1400 audit(0.0:295): avc: denied { search } for name="1" dev="proc" ino=4995 scontext=u:r:untrusted_app:s0:c512,c768 tcontext=u:r:init:s0 tclass=dir permissive=1
11-17 14:33:10.005 12983 12983 I ps      : type=1400 audit(0.0:296): avc: denied { read } for name="cmdline" dev="proc" ino=9027 scontext=u:r:untrusted_app:s0:c512,c768 tcontext=u:r:init:s0 tclass=file permissive=1
11-17 14:33:10.005 12983 12983 I ps      : type=1400 audit(0.0:297): avc: denied { open } for path="/proc/1/cmdline" dev="proc" ino=9027 scontext=u:r:untrusted_app:s0:c512,c768 tcontext=u:r:init:s0 tclass=file permissive=1
11-17 14:33:10.005 12983 12983 I ps      : type=1400 audit(0.0:298): avc: denied { getattr } for path="/proc/2" dev="proc" ino=10524 scontext=u:r:untrusted_app:s0:c512,c768 tcontext=u:r:kernel:s0 tclass=dir permissive=1
11-17 14:33:10.005 12983 12983 I ps      : type=1400 audit(0.0:299): avc: denied { search } for name="2" dev="proc" ino=10524 scontext=u:r:untrusted_app:s0:c512,c768 tcontext=u:r:kernel:s0 tclass=dir permissive=1
11-17 14:33:10.005 12983 12983 I ps      : type=1400 audit(0.0:300): avc: denied { read } for name="cmdline" dev="proc" ino=10623 scontext=u:r:untrusted_app:s0:c512,c768 tcontext=u:r:kernel:s0 tclass=file permissive=1
11-17 14:33:10.005 12983 12983 I ps      : type=1400 audit(0.0:301): avc: denied { open } for path="/proc/2/cmdline" dev="proc" ino=10623 scontext=u:r:untrusted_app:s0:c512,c768 tcontext=u:r:kernel:s0 tclass=file permissive=1
11-17 14:33:11.878 13033 13033 D Uvc     : [jni.cpp:72] JNI_OnLoad()...
11-17 14:33:11.878 13033 13033 D Uvc     : [JniEnv.h:32] ScopedJniEnv::onJniLoad()...
11-17 14:33:11.878 13033 13033 D Uvc     : [JniEnv.h:32] ...ScopedJniEnv::onJniLoad()
11-17 14:33:11.878 13033 13033 D Uvc     : [jni.cpp:72] ...JNI_OnLoad()
11-17 14:33:11.884 13033 13033 V AppUtil : initializing: getExternalStorageDirectory()=/storage/emulated/0
11-17 14:33:11.892 13033 13033 I robotcontroller: type=1400 audit(0.0:305): avc: denied { read } for name="direction" dev="sysfs" ino=16602 scontext=u:r:untrusted_app:s0:c512,c768 tcontext=u:object_r:sysfs:s0 tclass=file permissive=1
11-17 14:33:11.890 13033 13033 I AppUtil : found usbFileSystemRoot: /dev/bus/usb
11-17 14:33:11.892 13033 13033 I robotcontroller: type=1400 audit(0.0:306): avc: denied { open } for path="/sys/devices/pinctrl.26/gpio/gpio50/direction" dev="sysfs" ino=16602 scontext=u:r:untrusted_app:s0:c512,c768 tcontext=u:object_r:sysfs:s0 tclass=file permissive=1
11-17 14:33:11.892 13033 13033 I robotcontroller: type=1400 audit(0.0:307): avc: denied { getattr } for path="/sys/devices/pinctrl.26/gpio/gpio50/direction" dev="sysfs" ino=16602 scontext=u:r:untrusted_app:s0:c512,c768 tcontext=u:object_r:sysfs:s0 tclass=file permissive=1
11-17 14:33:11.892 13033 13033 I robotcontroller: type=1400 audit(0.0:308): avc: denied { write } for name="value" dev="sysfs" ino=13327 scontext=u:r:untrusted_app:s0:c512,c768 tcontext=u:object_r:sysfs:s0 tclass=file permissive=1
11-17 14:33:11.904 13033 13033 I AppAliveNotifier: Telling the OS to set the RC alive notification timeout to 20 seconds
11-17 14:33:11.910 13033 13054 V RobotCore: saving logcat to /storage/emulated/0/robotControllerLog.txt
11-17 14:33:11.910 13033 13054 V RobotCore: logging command line: exec logcat -f /storage/emulated/0/robotControllerLog.txt -r4096 -n4 -v threadtime UsbRequestJNI:S UsbRequest:S art:W ThreadPool:W System:W ExtendedExtractor:W OMXClient:W MediaPlayer:W dalvikvm:W  *:V
11-17 14:33:11.921 13033 13033 V AppUtil : rootActivity=PermissionValidatorWrapper
11-17 14:33:11.921 13033 13033 I PermissionValidatorActivity: Lifecycle onCreate : e96b6b5
11-17 14:33:11.960 13033 13054 I RobotCore: Done running ps
11-17 14:33:11.978 13064 13064 I sh      : type=1400 audit(0.0:309): avc: denied { read } for name="/" dev="rootfs" ino=1 scontext=u:r:untrusted_app:s0:c512,c768 tcontext=u:object_r:rootfs:s0 tclass=dir permissive=1
11-17 14:33:11.978 13064 13064 I sh      : type=1400 audit(0.0:310): avc: denied { open } for path="/" dev="rootfs" ino=1 scontext=u:r:untrusted_app:s0:c512,c768 tcontext=u:object_r:rootfs:s0 tclass=dir permissive=1
11-17 14:33:11.988 13058 13058 I ps      : type=1400 audit(0.0:311): avc: denied { read } for name="cmdline" dev="proc" ino=9027 scontext=u:r:untrusted_app:s0:c512,c768 tcontext=u:r:init:s0 tclass=file permissive=1
11-17 14:33:11.988 13058 13058 I ps      : type=1400 audit(0.0:312): avc: denied { open } for path="/proc/1/cmdline" dev="proc" ino=9027 scontext=u:r:untrusted_app:s0:c512,c768 tcontext=u:r:init:s0 tclass=file permissive=1
11-17 14:33:12.030 13033 13033 I PermissionValidatorActivity: Lifecycle onStart : e96b6b5
11-17 14:33:12.032 13033 13033 I PermissionValidator: Checking permission for android.permission.WRITE_EXTERNAL_STORAGE
11-17 14:33:12.037 13033 13033 I PermissionValidator:     Granted: android.permission.WRITE_EXTERNAL_STORAGE
11-17 14:33:12.037 13033 13033 I PermissionValidator: Checking permission for android.permission.READ_EXTERNAL_STORAGE
11-17 14:33:12.038 13033 13033 I PermissionValidator:     Granted: android.permission.READ_EXTERNAL_STORAGE
11-17 14:33:12.038 13033 13033 I PermissionValidator: Checking permission for android.permission.CAMERA
11-17 14:33:12.039 13033 13033 I PermissionValidator:     Granted: android.permission.CAMERA
11-17 14:33:12.039 13033 13033 I PermissionValidator: Checking permission for android.permission.ACCESS_COARSE_LOCATION
11-17 14:33:12.040 13033 13033 I PermissionValidator:     Granted: android.permission.ACCESS_COARSE_LOCATION
11-17 14:33:12.040 13033 13033 I PermissionValidator: Checking permission for android.permission.ACCESS_FINE_LOCATION
11-17 14:33:12.041 13033 13033 I PermissionValidator:     Granted: android.permission.ACCESS_FINE_LOCATION
11-17 14:33:12.042 13033 13033 I PermissionValidator: Checking permission for android.permission.READ_PHONE_STATE
11-17 14:33:12.042 13033 13033 I PermissionValidator:     Granted: android.permission.READ_PHONE_STATE
11-17 14:33:12.046 13033 13033 V ServiceStarter: attempting to start service MediaTransferProtocolMonitorService
11-17 14:33:12.048 13033 13033 V ServiceStarter: started service MediaTransferProtocolMonitorService
11-17 14:33:12.049 13033 13033 V ServiceStarter: attempting to start service OnBotJavaService
11-17 14:33:12.051 13033 13033 V ServiceStarter: started service OnBotJavaService
11-17 14:33:12.051 13033 13033 I PermissionValidatorActivity: All permissions validated.  Starting RobotController
11-17 14:33:12.064 13033 13033 V MTPMonitorService: onCreate()
11-17 14:33:12.065 13033 13033 V MTPMonitorService: onStartCommand() intent=Intent { cmp=com.qualcomm.ftcrobotcontroller/org.firstinspires.ftc.robotcore.internal.files.MediaTransferProtocolMonitorService } flags=0x0 startId=1
11-17 14:33:12.069 13033 13033 V MTPMonitor: observing: /storage/emulated/0
11-17 14:33:12.162 13033 13033 V OnBotJavaService: onCreate()
11-17 14:33:12.163 13033 13033 V OnBotJavaService: onStartCommand() intent=Intent { cmp=com.qualcomm.ftcrobotcontroller/org.firstinspires.ftc.onbotjava.OnBotJavaService } flags=0x0 startId=1
11-17 14:33:12.164 13033 13033 V OnBotJava: OnBotJavaManager::static
11-17 14:33:12.759 13033 13033 V OnBotJava: ctor()...
11-17 14:33:12.761 13033 13033 V OnBotJava: ...ctor()
11-17 14:33:12.766 13033 13033 V RCActivity: Permissions validated already
11-17 14:33:12.766 13033 13033 V RCActivity: onCreate()
11-17 14:33:12.768 13033 13033 V RCActivity: rootActivity is of class PermissionValidatorWrapper
11-17 14:33:12.771 13033 13033 V RCActivity: launchActivity is of class class org.firstinspires.ftc.robotcontroller.internal.PermissionValidatorWrapper
11-17 14:33:12.768 13033 13033 I robotcontroller: type=1400 audit(0.0:313): avc: denied { read } for name="direction" dev="sysfs" ino=16602 scontext=u:r:untrusted_app:s0:c512,c768 tcontext=u:object_r:sysfs:s0 tclass=file permissive=1
11-17 14:33:12.768 13033 13033 I robotcontroller: type=1400 audit(0.0:314): avc: denied { open } for path="/sys/devices/pinctrl.26/gpio/gpio50/direction" dev="sysfs" ino=16602 scontext=u:r:untrusted_app:s0:c512,c768 tcontext=u:object_r:sysfs:s0 tclass=file permissive=1
11-17 14:33:12.768 13033 13033 I robotcontroller: type=1400 audit(0.0:315): avc: denied { getattr } for path="/sys/devices/pinctrl.26/gpio/gpio50/direction" dev="sysfs" ino=16602 scontext=u:r:untrusted_app:s0:c512,c768 tcontext=u:object_r:sysfs:s0 tclass=file permissive=1
11-17 14:33:12.768 13033 13033 I robotcontroller: type=1400 audit(0.0:316): avc: denied { write } for name="value" dev="sysfs" ino=13327 scontext=u:r:untrusted_app:s0:c512,c768 tcontext=u:object_r:sysfs:s0 tclass=file permissive=1
11-17 14:33:12.780 13033 13078 V CallbackLooper: thread=50
11-17 14:33:12.784 13033 13033 V NetDiscover_wifiDirectAgent: doStart()...
11-17 14:33:12.788 13033 13033 V NetDiscover_wifiDirectAgent: ...doStart()
11-17 14:33:12.789 13033 13033 V NetDiscover_prefremrc: ----- all preferences -----
11-17 14:33:12.789 13033 13033 V NetDiscover_prefremrc: name='android.permission.READ_PHONE_STATE' value=false
11-17 14:33:12.789 13033 13033 V NetDiscover_prefremrc: name='pref_autostarted_robot_controller' value=true
11-17 14:33:12.789 13033 13033 V NetDiscover_prefremrc: name='pref_warn_about_obsolete_software' value=true
11-17 14:33:12.789 13033 13033 V NetDiscover_prefremrc: name='pref_has_independent_phone_battery' value=false
11-17 14:33:12.789 13033 13033 V NetDiscover_prefremrc: name='android.permission.CAMERA' value=false
11-17 14:33:12.790 13033 13033 V NetDiscover_prefremrc: name='pref_wifip2p_remote_channel_change_works' value=false
11-17 14:33:12.790 13033 13033 V NetDiscover_prefremrc: name='pref_hardware_config_filename' value={"isDirty":false,"location":"LOCAL_STORAGE","name":"Error418Test6dcCamera","resourceId":0}
11-17 14:33:12.790 13033 13033 V NetDiscover_prefremrc: name='pref_sound_on_off' value=false
11-17 14:33:12.790 13033 13033 V NetDiscover_prefremrc: name='pref_warn_about_mismatched_app_versions' value=true
11-17 14:33:12.790 13033 13033 V NetDiscover_prefremrc: name='pref_ftc_season_year_of_current_rc_new' value=2022
11-17 14:33:12.790 13033 13033 V NetDiscover_prefremrc: name='App Restrictions' value=AAAAAA==
11-17 14:33:12.790 13033 13033 V NetDiscover_prefremrc:     
11-17 14:33:12.791 13033 13033 V NetDiscover_prefremrc: name='pref_warn_about_incorrect_clocks' value=true
11-17 14:33:12.791 13033 13033 V NetDiscover_prefremrc: name='android.permission.ACCESS_COARSE_LOCATION' value=false
11-17 14:33:12.791 13033 13033 V NetDiscover_prefremrc: name='pref_ftc_season_year_of_current_rc' value=2022
11-17 14:33:12.791 13033 13033 V NetDiscover_prefremrc: name='pref_has_speaker' value=false
11-17 14:33:12.791 13033 13033 V NetDiscover_prefremrc: name='android.permission.WRITE_EXTERNAL_STORAGE' value=false
11-17 14:33:12.791 13033 13033 V NetDiscover_prefremrc: name='pref_connection_owner_password' value=password
11-17 14:33:12.791 13033 13033 V NetDiscover_prefremrc: name='pref_pairing_kind' value=RCWIRELESSAP
11-17 14:33:12.792 13033 13033 V NetDiscover_prefremrc: name='android.permission.ACCESS_FINE_LOCATION' value=false
11-17 14:33:12.792 13033 13033 V NetDiscover_prefremrc: name='pref_app_theme' value=red
11-17 14:33:12.792 13033 13033 V NetDiscover_prefremrc: name='pref_device_name_internal' value=FTC-eE8w
11-17 14:33:12.792 13033 13033 V NetDiscover_prefremrc: name='pref_device_name' value=FTC-eE8w
11-17 14:33:12.792 13033 13033 V NetDiscover_prefremrc: name='pref_warn_about_2_4_ghz_band' value=true
11-17 14:33:12.792 13033 13033 V NetDiscover_prefremrc: name='android.permission.READ_EXTERNAL_STORAGE' value=false
11-17 14:33:12.793 13033 13033 V NetDiscover_prefremrc: name='pref_device_name_tracking' value=WIFIAP
11-17 14:33:12.793 13033 13033 V NetDiscover_prefremrc: name='pref_rc_connected' value=true
11-17 14:33:12.798 13033 13033 V Robocol : SendOnceRunnable created
11-17 14:33:12.800 13033 13033 V NetDiscover_prefremrc: doStart()...
11-17 14:33:12.801 13033 13033 V NetDiscover_prefremrc: ...doStart()
11-17 14:33:12.827 13033 13033 W System  : ClassLoader referenced unknown path: /system/app/webview/lib/arm
11-17 14:33:12.828 13033 13033 D ApplicationLoaders: ignored Vulkan layer search path /system/app/webview/lib/arm:/system/app/webview/webview.apk!/lib/armeabi-v7a:/system/lib:/vendor/lib for namespace 0xf2585090
11-17 14:33:12.831 13033 13033 I WebViewFactory: Loading com.android.webview version 52.0.2743.100 (code 275610050)
11-17 14:33:12.861 13033 13033 I cr_LibraryLoader: Time to load native libraries: 3 ms (timestamps 8494-8497)
11-17 14:33:12.861 13033 13033 I cr_LibraryLoader: Expected native library version number "52.0.2743.100", actual native library version number "52.0.2743.100"
11-17 14:33:12.874 13033 13033 V WebViewChromiumFactoryProvider: Binding Chromium to main looper Looper (main, tid 1) {5ed8586}
11-17 14:33:12.874 13033 13033 I cr_LibraryLoader: Expected native library version number "52.0.2743.100", actual native library version number "52.0.2743.100"
11-17 14:33:12.875 13033 13033 I chromium: [INFO:library_loader_hooks.cc(143)] Chromium logging enabled: level = 0, default verbosity = 0
11-17 14:33:12.892 13033 13033 I cr_BrowserStartup: Initializing chromium process, singleProcess=true
11-17 14:33:12.916 13033 13033 I mali_so : [File] : hardware/rockchip/driver/./src/base/arch/arch_011_udd/base_arch_main.c; [Line] : 565; [Func] : deal_with_version_affairs_rk_ext;
11-17 14:33:12.916 13033 13033 I mali_so : arm_release_ver of this mali_so is 'r7p0-00rel1', rk_so_ver is '1@2' for 3328h_android_7.1, built at '15:47:49', on 'Jun 28 2017'.
11-17 14:33:12.916 13033 13033 I mali_so : [File] : hardware/rockchip/driver/./src/base/arch/arch_011_udd/base_arch_main.c; [Line] : 578; [Func] : deal_with_version_affairs_rk_ext;
11-17 14:33:12.916 13033 13033 I mali_so : mali_ver_property has been set to 'r7p0-00rel1-5-1@2', to return.
11-17 14:33:12.989 13033 13033 I cr_DRP  : No DRP key due to exception:java.lang.ClassNotFoundException: com.android.webview.chromium.Drp
11-17 14:33:13.040 13033 13033 W cr_AwContents: onDetachedFromWindow called when already detached. Ignoring
11-17 14:33:13.290 13033 13033 W System  : ClassLoader referenced unknown path: 
11-17 14:33:13.328 13033 13033 W ClassManager: com.journeyapps.barcodescanner.ScanContract java.lang.ClassNotFoundException: com.journeyapps.barcodescanner.ScanContract
11-17 14:33:13.332 13033 13033 E ClassManager: java.lang.ClassNotFoundException: com.journeyapps.barcodescanner.ScanContract
11-17 14:33:13.334 13033 13033 E ClassManager: 	at java.lang.Class.classForName(Native Method)
11-17 14:33:13.336 13033 13033 E ClassManager: 	at java.lang.Class.forName(Class.java:400)
11-17 14:33:13.339 13033 13033 E ClassManager: 	at org.firstinspires.ftc.robotcore.internal.opmode.ClassManager.classNamesToClasses(ClassManager.java:215)
11-17 14:33:13.340 13033 13033 E ClassManager: 	at org.firstinspires.ftc.robotcore.internal.opmode.ClassManager.processAllClasses(ClassManager.java:258)
11-17 14:33:13.341 13033 13033 E ClassManager: 	at com.qualcomm.ftccommon.ClassManagerFactory.processAllClasses(ClassManagerFactory.java:94)
11-17 14:33:13.342 13033 13033 E ClassManager: 	at org.firstinspires.ftc.robotcontroller.internal.FtcRobotControllerActivity.onCreate(FtcRobotControllerActivity.java:356)
11-17 14:33:13.343 13033 13033 E ClassManager: 	at android.app.Activity.performCreate(Activity.java:6709)
11-17 14:33:13.344 13033 13033 E ClassManager: 	at android.app.Instrumentation.callActivityOnCreate(Instrumentation.java:1118)
11-17 14:33:13.344 13033 13033 E ClassManager: 	at android.app.ActivityThread.performLaunchActivity(ActivityThread.java:2619)
