12-04 11:29:36.012  4580  7317 E LynxModule: 	at com.qualcomm.robotcore.eventloop.EventLoopManager$1.run(EventLoopManager.java:606)
12-04 11:29:36.012  4580  4711 E LynxModule: 	at org.firstinspires.ftc.robotcore.internal.network.NetworkConnectionHandler$RecvLoopCallbackChainer.packetReceived(NetworkConnectionHandler.java:746)
12-04 11:29:36.012  4580  7317 E LynxModule: 	at java.util.concurrent.ThreadPoolExecutor.runWorker(ThreadPoolExecutor.java:1133)
12-04 11:29:36.013  4580  4711 E LynxModule: 	at org.firstinspires.ftc.robotcore.internal.network.RecvLoopRunnable$PacketProcessor.run(RecvLoopRunnable.java:106)
12-04 11:29:36.013  4580  7317 E LynxModule: 	at java.util.concurrent.ThreadPoolExecutor$Worker.run(ThreadPoolExecutor.java:607)
12-04 11:29:36.013  4580  4711 E LynxModule: 	at java.util.concurrent.ThreadPoolExecutor.runWorker(ThreadPoolExecutor.java:1133)
12-04 11:29:36.013  4580  7317 E LynxModule: 	at com.qualcomm.robotcore.util.ThreadPool$ThreadFactoryImpl$1.run(ThreadPool.java:793)
12-04 11:29:36.014  4580  7317 E LynxModule: 	at java.lang.Thread.run(Thread.java:761)
12-04 11:29:36.014  4580  4711 E LynxModule: 	at java.util.concurrent.ThreadPoolExecutor$Worker.run(ThreadPoolExecutor.java:607)
12-04 11:29:36.014  4580  7317 W LynxModule: Attempted use of a closed LynxModule instance
12-04 11:29:36.014  4580  4711 E LynxModule: 	at com.qualcomm.robotcore.util.ThreadPool$ThreadFactoryImpl$1.run(ThreadPool.java:793)
12-04 11:29:36.015  4580  4711 E LynxModule: 	at java.lang.Thread.run(Thread.java:761)
12-04 11:29:36.015  4580  7317 E LynxModule: java.lang.RuntimeException
12-04 11:29:36.016  4580  7317 E LynxModule: 	at com.qualcomm.hardware.lynx.LynxModule.warnIfClosed(LynxModule.java:509)
12-04 11:29:36.017  4580  7317 E LynxModule: 	at com.qualcomm.hardware.lynx.LynxModule.acquireNetworkTransmissionLock(LynxModule.java:1861)
12-04 11:29:36.017  4580  4711 W LynxModule: Attempted use of a closed LynxModule instance
12-04 11:29:36.017  4580  7317 E LynxModule: 	at com.qualcomm.hardware.lynx.commands.LynxMessage.acquireNetworkLock(LynxMessage.java:125)
12-04 11:29:36.018  4580  4711 E LynxModule: java.lang.RuntimeException
12-04 11:29:36.018  4580  7317 E LynxModule: 	at com.qualcomm.hardware.lynx.commands.LynxRespondable.sendReceive(LynxRespondable.java:260)
12-04 11:29:36.018  4580  4711 E LynxModule: 	at com.qualcomm.hardware.lynx.LynxModule.warnIfClosed(LynxModule.java:509)
12-04 11:29:36.019  4580  7317 E LynxModule: 	at com.qualcomm.hardware.lynx.LynxDcMotorController.internalGetMotorChannelMode(LynxDcMotorController.java:454)
12-04 11:29:36.019  4580  4711 E LynxModule: 	at com.qualcomm.hardware.lynx.LynxModule.getGlobalWarnings(LynxModule.java:635)
12-04 11:29:36.019  4580  7317 E LynxModule: 	at com.qualcomm.hardware.lynx.LynxDcMotorController.internalSetZeroPowerBehavior(LynxDcMotorController.java:505)
12-04 11:29:36.019  4580  4711 E LynxModule: 	at com.qualcomm.hardware.lynx.LynxUsbDeviceImpl.composeGlobalWarning(LynxUsbDeviceImpl.java:535)
12-04 11:29:36.020  4580  7317 E LynxModule: 	at com.qualcomm.hardware.lynx.LynxDcMotorController.setMotorPowerFloat(LynxDcMotorController.java:671)
12-04 11:29:36.020  4580  4711 E LynxModule: 	at org.firstinspires.ftc.robotcore.internal.hardware.usb.ArmableUsbDevice.getGlobalWarning(ArmableUsbDevice.java:178)
12-04 11:29:36.020  4580  7317 E LynxModule: 	at com.qualcomm.hardware.lynx.LynxDcMotorController.floatHardware(LynxDcMotorController.java:1055)
12-04 11:29:36.020  4580  4711 E LynxModule: 	at com.qualcomm.robotcore.util.RobotLog.getGlobalWarningMessage(RobotLog.java:454)
12-04 11:29:36.021  4580  7317 E LynxModule: 	at com.qualcomm.hardware.lynx.LynxController.close(LynxController.java:179)
12-04 11:29:36.021  4580  4711 E LynxModule: 	at com.qualcomm.robotcore.eventloop.EventLoopManager.refreshSystemTelemetry(EventLoopManager.java:409)
12-04 11:29:36.021  4580  7317 E LynxModule: 	at com.qualcomm.hardware.lynx.LynxModule.close(LynxModule.java:349)
12-04 11:29:36.021  4580  4711 E LynxModule: 	at com.qualcomm.robotcore.eventloop.EventLoopManager.packetReceived(EventLoopManager.java:257)
12-04 11:29:36.021  4580  7317 E LynxModule: 	at com.qualcomm.hardware.lynx.LynxUsbDeviceImpl.closeModules(LynxUsbDeviceImpl.java:422)
12-04 11:29:36.022  4580  7317 E LynxModule: 	at com.qualcomm.hardware.lynx.LynxUsbDeviceImpl.doCloseFromArmed(LynxUsbDeviceImpl.java:408)
12-04 11:29:36.022  4580  4711 E LynxModule: 	at org.firstinspires.ftc.robotcore.internal.network.NetworkConnectionHandler$RecvLoopCallbackChainer.packetReceived(NetworkConnectionHandler.java:746)
12-04 11:29:36.023  4580  4711 E LynxModule: 	at org.firstinspires.ftc.robotcore.internal.network.RecvLoopRunnable$PacketProcessor.run(RecvLoopRunnable.java:106)
12-04 11:29:36.023  4580  7317 E LynxModule: 	at org.firstinspires.ftc.robotcore.internal.hardware.usb.ArmableUsbDevice$4.run(ArmableUsbDevice.java:591)
12-04 11:29:36.023  4580  7317 E LynxModule: 	at org.firstinspires.ftc.robotcore.internal.system.Tracer.trace(Tracer.java:161)
12-04 11:29:36.023  4580  4711 E LynxModule: 	at java.util.concurrent.ThreadPoolExecutor.runWorker(ThreadPoolExecutor.java:1133)
12-04 11:29:36.024  4580  7317 E LynxModule: 	at org.firstinspires.ftc.robotcore.internal.hardware.usb.ArmableUsbDevice.doClose(ArmableUsbDevice.java:577)
12-04 11:29:36.024  4580  4711 E LynxModule: 	at java.util.concurrent.ThreadPoolExecutor$Worker.run(ThreadPoolExecutor.java:607)
12-04 11:29:36.024  4580  4711 E LynxModule: 	at com.qualcomm.robotcore.util.ThreadPool$ThreadFactoryImpl$1.run(ThreadPool.java:793)
12-04 11:29:36.025  4580  7317 E LynxModule: 	at com.qualcomm.hardware.lynx.LynxUsbDeviceImpl.doClose(LynxUsbDeviceImpl.java:219)
12-04 11:29:36.025  4580  4711 E LynxModule: 	at java.lang.Thread.run(Thread.java:761)
12-04 11:29:36.025  4580  4711 W LynxModule: Attempted use of a closed LynxModule instance
12-04 11:29:36.025  4580  7317 E LynxModule: 	at org.firstinspires.ftc.robotcore.internal.hardware.usb.ArmableUsbDevice.releaseRef(ArmableUsbDevice.java:549)
12-04 11:29:36.026  4580  7317 E LynxModule: 	at com.qualcomm.hardware.lynx.LynxUsbDeviceDelegate.close(LynxUsbDeviceDelegate.java:92)
12-04 11:29:36.026  4580  4711 E LynxModule: java.lang.RuntimeException
12-04 11:29:36.026  4580  7317 E LynxModule: 	at com.qualcomm.ftccommon.FtcEventLoopHandler.closeAutoCloseOnTeardown(FtcEventLoopHandler.java:535)
12-04 11:29:36.027  4580  4711 E LynxModule: 	at com.qualcomm.hardware.lynx.LynxModule.warnIfClosed(LynxModule.java:509)
12-04 11:29:36.027  4580  7317 E LynxModule: 	at com.qualcomm.ftccommon.FtcEventLoopHandler.closeHardwareMap(FtcEventLoopHandler.java:167)
12-04 11:29:36.027  4580  4711 E LynxModule: 	at com.qualcomm.hardware.lynx.LynxModule.isNotResponding(LynxModule.java:501)
12-04 11:29:36.027  4580  7317 E LynxModule: 	at com.qualcomm.ftccommon.FtcEventLoopHandler.close(FtcEventLoopHandler.java:148)
12-04 11:29:36.028  4580  7317 E LynxModule: 	at com.qualcomm.ftccommon.FtcEventLoopBase.teardown(FtcEventLoopBase.java:233)
12-04 11:29:36.028  4580  4711 E LynxModule: 	at com.qualcomm.hardware.lynx.LynxModuleWarningManager$UnresponsiveStatus.conditionCurrentlyTrue(LynxModuleWarningManager.java:236)
12-04 11:29:36.028  4580  7317 E LynxModule: 	at com.qualcomm.ftccommon.FtcEventLoop.teardown(FtcEventLoop.java:286)
12-04 11:29:36.028  4580  4711 E LynxModule: 	at com.qualcomm.hardware.lynx.LynxModuleWarningManager$ConditionStatus.hasChangedSinceLastCheck(LynxModuleWarningManager.java:224)
12-04 11:29:36.029  4580  7317 E LynxModule: 	at com.qualcomm.robotcore.eventloop.EventLoopManager$EventLoopRunnable$1.run(EventLoopManager.java:371)
12-04 11:29:36.029  4580  4711 E LynxModule: 	at com.qualcomm.hardware.lynx.LynxModuleWarningManager$LynxModuleWarningSource.getGlobalWarning(LynxModuleWarningManager.java:278)
12-04 11:29:36.029  4580  7317 E LynxModule: 	at com.qualcomm.robotcore.util.ThreadPool.logThreadLifeCycle(ThreadPool.java:737)
12-04 11:29:36.029  4580  4711 E LynxModule: 	at com.qualcomm.robotcore.util.RobotLog.getGlobalWarningMessage(RobotLog.java:454)
12-04 11:29:36.030  4580  7317 E LynxModule: 	at com.qualcomm.robotcore.eventloop.EventLoopManager$EventLoopRunnable.run(EventLoopManager.java:267)
12-04 11:29:36.030  4580  4711 E LynxModule: 	at com.qualcomm.robotcore.eventloop.EventLoopManager.refreshSystemTelemetry(EventLoopManager.java:409)
12-04 11:29:36.030  4580  7317 E LynxModule: 	at com.qualcomm.robotcore.eventloop.EventLoopManager$1.run(EventLoopManager.java:606)
12-04 11:29:36.030  4580  4711 E LynxModule: 	at com.qualcomm.robotcore.eventloop.EventLoopManager.packetReceived(EventLoopManager.java:257)
12-04 11:29:36.030  4580  7317 E LynxModule: 	at java.util.concurrent.ThreadPoolExecutor.runWorker(ThreadPoolExecutor.java:1133)
12-04 11:29:36.031  4580  4711 E LynxModule: 	at org.firstinspires.ftc.robotcore.internal.network.NetworkConnectionHandler$RecvLoopCallbackChainer.packetReceived(NetworkConnectionHandler.java:746)
12-04 11:29:36.031  4580  7317 E LynxModule: 	at java.util.concurrent.ThreadPoolExecutor$Worker.run(ThreadPoolExecutor.java:607)
12-04 11:29:36.031  4580  7317 E LynxModule: 	at com.qualcomm.robotcore.util.ThreadPool$ThreadFactoryImpl$1.run(ThreadPool.java:793)
12-04 11:29:36.031  4580  4711 E LynxModule: 	at org.firstinspires.ftc.robotcore.internal.network.RecvLoopRunnable$PacketProcessor.run(RecvLoopRunnable.java:106)
12-04 11:29:36.032  4580  7317 E LynxModule: 	at java.lang.Thread.run(Thread.java:761)
12-04 11:29:36.032  4580  4711 E LynxModule: 	at java.util.concurrent.ThreadPoolExecutor.runWorker(ThreadPoolExecutor.java:1133)
12-04 11:29:36.032  4580  7317 W LynxModule: Attempted use of a closed LynxModule instance
12-04 11:29:36.032  4580  4711 E LynxModule: 	at java.util.concurrent.ThreadPoolExecutor$Worker.run(ThreadPoolExecutor.java:607)
12-04 11:29:36.033  4580  4711 E LynxModule: 	at com.qualcomm.robotcore.util.ThreadPool$ThreadFactoryImpl$1.run(ThreadPool.java:793)
12-04 11:29:36.033  4580  7317 E LynxModule: java.lang.RuntimeException
12-04 11:29:36.033  4580  4711 E LynxModule: 	at java.lang.Thread.run(Thread.java:761)
12-04 11:29:36.034  4580  7317 E LynxModule: 	at com.qualcomm.hardware.lynx.LynxModule.warnIfClosed(LynxModule.java:509)
12-04 11:29:36.034  4580  7317 E LynxModule: 	at com.qualcomm.hardware.lynx.LynxModule.acquireNetworkTransmissionLock(LynxModule.java:1861)
12-04 11:29:36.035  4580  7317 E LynxModule: 	at com.qualcomm.hardware.lynx.commands.LynxMessage.acquireNetworkLock(LynxMessage.java:125)
12-04 11:29:36.035  4580  7317 E LynxModule: 	at com.qualcomm.hardware.lynx.commands.LynxRespondable.send(LynxRespondable.java:233)
12-04 11:29:36.036  4580  7317 E LynxModule: 	at com.qualcomm.hardware.lynx.LynxDcMotorController.internalSetZeroPowerBehavior(LynxDcMotorController.java:510)
12-04 11:29:36.037  4580  7317 E LynxModule: 	at com.qualcomm.hardware.lynx.LynxDcMotorController.setMotorPowerFloat(LynxDcMotorController.java:671)
12-04 11:29:36.037  4580  7317 E LynxModule: 	at com.qualcomm.hardware.lynx.LynxDcMotorController.floatHardware(LynxDcMotorController.java:1055)
12-04 11:29:36.038  4580  7317 E LynxModule: 	at com.qualcomm.hardware.lynx.LynxController.close(LynxController.java:179)
12-04 11:29:36.039  4580  7317 E LynxModule: 	at com.qualcomm.hardware.lynx.LynxModule.close(LynxModule.java:349)
12-04 11:29:36.039  4580  7317 E LynxModule: 	at com.qualcomm.hardware.lynx.LynxUsbDeviceImpl.closeModules(LynxUsbDeviceImpl.java:422)
12-04 11:29:36.040  4580  7317 E LynxModule: 	at com.qualcomm.hardware.lynx.LynxUsbDeviceImpl.doCloseFromArmed(LynxUsbDeviceImpl.java:408)
12-04 11:29:36.040  4580  7317 E LynxModule: 	at org.firstinspires.ftc.robotcore.internal.hardware.usb.ArmableUsbDevice$4.run(ArmableUsbDevice.java:591)
12-04 11:29:36.041  4580  7317 E LynxModule: 	at org.firstinspires.ftc.robotcore.internal.system.Tracer.trace(Tracer.java:161)
12-04 11:29:36.041  4580  7317 E LynxModule: 	at org.firstinspires.ftc.robotcore.internal.hardware.usb.ArmableUsbDevice.doClose(ArmableUsbDevice.java:577)
12-04 11:29:36.042  4580  7317 E LynxModule: 	at com.qualcomm.hardware.lynx.LynxUsbDeviceImpl.doClose(LynxUsbDeviceImpl.java:219)
12-04 11:29:36.042  4580  7317 E LynxModule: 	at org.firstinspires.ftc.robotcore.internal.hardware.usb.ArmableUsbDevice.releaseRef(ArmableUsbDevice.java:549)
12-04 11:29:36.043  4580  7317 E LynxModule: 	at com.qualcomm.hardware.lynx.LynxUsbDeviceDelegate.close(LynxUsbDeviceDelegate.java:92)
12-04 11:29:36.044  4580  7317 E LynxModule: 	at com.qualcomm.ftccommon.FtcEventLoopHandler.closeAutoCloseOnTeardown(FtcEventLoopHandler.java:535)
12-04 11:29:36.044  4580  7317 E LynxModule: 	at com.qualcomm.ftccommon.FtcEventLoopHandler.closeHardwareMap(FtcEventLoopHandler.java:167)
12-04 11:29:36.044  4580  7317 E LynxModule: 	at com.qualcomm.ftccommon.FtcEventLoopHandler.close(FtcEventLoopHandler.java:148)
12-04 11:29:36.045  4580  7317 E LynxModule: 	at com.qualcomm.ftccommon.FtcEventLoopBase.teardown(FtcEventLoopBase.java:233)
12-04 11:29:36.045  4580  7317 E LynxModule: 	at com.qualcomm.ftccommon.FtcEventLoop.teardown(FtcEventLoop.java:286)
12-04 11:29:36.046  4580  7317 E LynxModule: 	at com.qualcomm.robotcore.eventloop.EventLoopManager$EventLoopRunnable$1.run(EventLoopManager.java:371)
12-04 11:29:36.046  4580  7317 E LynxModule: 	at com.qualcomm.robotcore.util.ThreadPool.logThreadLifeCycle(ThreadPool.java:737)
12-04 11:29:36.047  4580  7317 E LynxModule: 	at com.qualcomm.robotcore.eventloop.EventLoopManager$EventLoopRunnable.run(EventLoopManager.java:267)
12-04 11:29:36.048  4580  7317 E LynxModule: 	at com.qualcomm.robotcore.eventloop.EventLoopManager$1.run(EventLoopManager.java:606)
12-04 11:29:36.048  4580  7317 E LynxModule: 	at java.util.concurrent.ThreadPoolExecutor.runWorker(ThreadPoolExecutor.java:1133)
12-04 11:29:36.049  4580  7317 E LynxModule: 	at java.util.concurrent.ThreadPoolExecutor$Worker.run(ThreadPoolExecutor.java:607)
12-04 11:29:36.049  4580  7317 E LynxModule: 	at com.qualcomm.robotcore.util.ThreadPool$ThreadFactoryImpl$1.run(ThreadPool.java:793)
12-04 11:29:36.049  4580  7317 E LynxModule: 	at java.lang.Thread.run(Thread.java:761)
12-04 11:29:36.050  4580  7317 W LynxModule: Attempted use of a closed LynxModule instance
12-04 11:29:36.050  4580  7317 E LynxModule: java.lang.RuntimeException
12-04 11:29:36.051  4580  7317 E LynxModule: 	at com.qualcomm.hardware.lynx.LynxModule.warnIfClosed(LynxModule.java:509)
12-04 11:29:36.052  4580  7317 E LynxModule: 	at com.qualcomm.hardware.lynx.LynxModule.acquireNetworkTransmissionLock(LynxModule.java:1861)
12-04 11:29:36.053  4580  7317 E LynxModule: 	at com.qualcomm.hardware.lynx.commands.LynxMessage.acquireNetworkLock(LynxMessage.java:125)
12-04 11:29:36.053  4580  7317 E LynxModule: 	at com.qualcomm.hardware.lynx.commands.LynxRespondable.sendReceive(LynxRespondable.java:260)
12-04 11:29:36.054  4580  7317 E LynxModule: 	at com.qualcomm.hardware.lynx.LynxDcMotorController.internalGetPublicMotorMode(LynxDcMotorController.java:427)
12-04 11:29:36.054  4580  7317 E LynxModule: 	at com.qualcomm.hardware.lynx.LynxDcMotorController.internalSetMotorPower(LynxDcMotorController.java:530)
12-04 11:29:36.054  4580  7317 E LynxModule: 	at com.qualcomm.hardware.lynx.LynxDcMotorController.internalSetMotorPower(LynxDcMotorController.java:521)
12-04 11:29:36.055  4580  7317 E LynxModule: 	at com.qualcomm.hardware.lynx.LynxDcMotorController.setMotorPowerFloat(LynxDcMotorController.java:672)
12-04 11:29:36.055  4580  7317 E LynxModule: 	at com.qualcomm.hardware.lynx.LynxDcMotorController.floatHardware(LynxDcMotorController.java:1055)
12-04 11:29:36.056  4580  7317 E LynxModule: 	at com.qualcomm.hardware.lynx.LynxController.close(LynxController.java:179)
12-04 11:29:36.056  4580  7317 E LynxModule: 	at com.qualcomm.hardware.lynx.LynxModule.close(LynxModule.java:349)
12-04 11:29:36.057  4580  4711 W LynxModule: Attempted use of a closed LynxModule instance
12-04 11:29:36.057  4580  7317 E LynxModule: 	at com.qualcomm.hardware.lynx.LynxUsbDeviceImpl.closeModules(LynxUsbDeviceImpl.java:422)
12-04 11:29:36.057  4580  4711 E LynxModule: java.lang.RuntimeException
12-04 11:29:36.057  4580  7317 E LynxModule: 	at com.qualcomm.hardware.lynx.LynxUsbDeviceImpl.doCloseFromArmed(LynxUsbDeviceImpl.java:408)
12-04 11:29:36.058  4580  7317 E LynxModule: 	at org.firstinspires.ftc.robotcore.internal.hardware.usb.ArmableUsbDevice$4.run(ArmableUsbDevice.java:591)
12-04 11:29:36.058  4580  4711 E LynxModule: 	at com.qualcomm.hardware.lynx.LynxModule.warnIfClosed(LynxModule.java:509)
12-04 11:29:36.059  4580  4711 E LynxModule: 	at com.qualcomm.hardware.lynx.LynxModule.getGlobalWarnings(LynxModule.java:635)
12-04 11:29:36.059  4580  7317 E LynxModule: 	at org.firstinspires.ftc.robotcore.internal.system.Tracer.trace(Tracer.java:161)
12-04 11:29:36.059  4580  4711 E LynxModule: 	at com.qualcomm.hardware.lynx.LynxUsbDeviceImpl.composeGlobalWarning(LynxUsbDeviceImpl.java:535)
12-04 11:29:36.059  4580  7317 E LynxModule: 	at org.firstinspires.ftc.robotcore.internal.hardware.usb.ArmableUsbDevice.doClose(ArmableUsbDevice.java:577)
12-04 11:29:36.060  4580  7317 E LynxModule: 	at com.qualcomm.hardware.lynx.LynxUsbDeviceImpl.doClose(LynxUsbDeviceImpl.java:219)
12-04 11:29:36.060  4580  4711 E LynxModule: 	at org.firstinspires.ftc.robotcore.internal.hardware.usb.ArmableUsbDevice.getGlobalWarning(ArmableUsbDevice.java:178)
12-04 11:29:36.060  4580  4711 E LynxModule: 	at com.qualcomm.robotcore.util.RobotLog.getGlobalWarningMessage(RobotLog.java:454)
12-04 11:29:36.060  4580  7317 E LynxModule: 	at org.firstinspires.ftc.robotcore.internal.hardware.usb.ArmableUsbDevice.releaseRef(ArmableUsbDevice.java:549)
12-04 11:29:36.061  4580  7317 E LynxModule: 	at com.qualcomm.hardware.lynx.LynxUsbDeviceDelegate.close(LynxUsbDeviceDelegate.java:92)
12-04 11:29:36.061  4580  4711 E LynxModule: 	at com.qualcomm.robotcore.eventloop.EventLoopManager.refreshSystemTelemetry(EventLoopManager.java:409)
12-04 11:29:36.062  4580  4711 E LynxModule: 	at com.qualcomm.robotcore.eventloop.EventLoopManager.packetReceived(EventLoopManager.java:257)
12-04 11:29:36.062  4580  7317 E LynxModule: 	at com.qualcomm.ftccommon.FtcEventLoopHandler.closeAutoCloseOnTeardown(FtcEventLoopHandler.java:535)
12-04 11:29:36.062  4580  7317 E LynxModule: 	at com.qualcomm.ftccommon.FtcEventLoopHandler.closeHardwareMap(FtcEventLoopHandler.java:167)
12-04 11:29:36.062  4580  4711 E LynxModule: 	at org.firstinspires.ftc.robotcore.internal.network.NetworkConnectionHandler$RecvLoopCallbackChainer.packetReceived(NetworkConnectionHandler.java:746)
12-04 11:29:36.063  4580  7317 E LynxModule: 	at com.qualcomm.ftccommon.FtcEventLoopHandler.close(FtcEventLoopHandler.java:148)
12-04 11:29:36.063  4580  4711 E LynxModule: 	at org.firstinspires.ftc.robotcore.internal.network.RecvLoopRunnable$PacketProcessor.run(RecvLoopRunnable.java:106)
12-04 11:29:36.063  4580  7317 E LynxModule: 	at com.qualcomm.ftccommon.FtcEventLoopBase.teardown(FtcEventLoopBase.java:233)
12-04 11:29:36.063  4580  4711 E LynxModule: 	at java.util.concurrent.ThreadPoolExecutor.runWorker(ThreadPoolExecutor.java:1133)
12-04 11:29:36.063  4580  7317 E LynxModule: 	at com.qualcomm.ftccommon.FtcEventLoop.teardown(FtcEventLoop.java:286)
12-04 11:29:36.064  4580  4711 E LynxModule: 	at java.util.concurrent.ThreadPoolExecutor$Worker.run(ThreadPoolExecutor.java:607)
12-04 11:29:36.064  4580  7317 E LynxModule: 	at com.qualcomm.robotcore.eventloop.EventLoopManager$EventLoopRunnable$1.run(EventLoopManager.java:371)
12-04 11:29:36.064  4580  4711 E LynxModule: 	at com.qualcomm.robotcore.util.ThreadPool$ThreadFactoryImpl$1.run(ThreadPool.java:793)
12-04 11:29:36.064  4580  7317 E LynxModule: 	at com.qualcomm.robotcore.util.ThreadPool.logThreadLifeCycle(ThreadPool.java:737)
12-04 11:29:36.064  4580  4711 E LynxModule: 	at java.lang.Thread.run(Thread.java:761)
12-04 11:29:36.064  4580  4711 W LynxModule: Attempted use of a closed LynxModule instance
12-04 11:29:36.064  4580  7317 E LynxModule: 	at com.qualcomm.robotcore.eventloop.EventLoopManager$EventLoopRunnable.run(EventLoopManager.java:267)
12-04 11:29:36.065  4580  7317 E LynxModule: 	at com.qualcomm.robotcore.eventloop.EventLoopManager$1.run(EventLoopManager.java:606)
12-04 11:29:36.065  4580  4711 E LynxModule: java.lang.RuntimeException
12-04 11:29:36.065  4580  7317 E LynxModule: 	at java.util.concurrent.ThreadPoolExecutor.runWorker(ThreadPoolExecutor.java:1133)
12-04 11:29:36.066  4580  4711 E LynxModule: 	at com.qualcomm.hardware.lynx.LynxModule.warnIfClosed(LynxModule.java:509)
12-04 11:29:36.066  4580  7317 E LynxModule: 	at java.util.concurrent.ThreadPoolExecutor$Worker.run(ThreadPoolExecutor.java:607)
12-04 11:29:36.066  4580  4711 E LynxModule: 	at com.qualcomm.hardware.lynx.LynxModule.isNotResponding(LynxModule.java:501)
12-04 11:29:36.066  4580  7317 E LynxModule: 	at com.qualcomm.robotcore.util.ThreadPool$ThreadFactoryImpl$1.run(ThreadPool.java:793)
12-04 11:29:36.067  4580  7317 E LynxModule: 	at java.lang.Thread.run(Thread.java:761)
12-04 11:29:36.067  4580  4711 E LynxModule: 	at com.qualcomm.hardware.lynx.LynxModuleWarningManager$UnresponsiveStatus.conditionCurrentlyTrue(LynxModuleWarningManager.java:236)
12-04 11:29:36.067  4580  7317 W LynxModule: Attempted use of a closed LynxModule instance
12-04 11:29:36.068  4580  4711 E LynxModule: 	at com.qualcomm.hardware.lynx.LynxModuleWarningManager$ConditionStatus.hasChangedSinceLastCheck(LynxModuleWarningManager.java:224)
12-04 11:29:36.068  4580  7317 E LynxModule: java.lang.RuntimeException
12-04 11:29:36.069  4580  4711 E LynxModule: 	at com.qualcomm.hardware.lynx.LynxModuleWarningManager$LynxModuleWarningSource.getGlobalWarning(LynxModuleWarningManager.java:278)
12-04 11:29:36.069  4580  7317 E LynxModule: 	at com.qualcomm.hardware.lynx.LynxModule.warnIfClosed(LynxModule.java:509)
12-04 11:29:36.069  4580  4711 E LynxModule: 	at com.qualcomm.robotcore.util.RobotLog.getGlobalWarningMessage(RobotLog.java:454)
12-04 11:29:36.070  4580  4711 E LynxModule: 	at com.qualcomm.robotcore.eventloop.EventLoopManager.refreshSystemTelemetry(EventLoopManager.java:409)
12-04 11:29:36.070  4580  7317 E LynxModule: 	at com.qualcomm.hardware.lynx.LynxModule.acquireNetworkTransmissionLock(LynxModule.java:1861)
12-04 11:29:36.070  4580  7317 E LynxModule: 	at com.qualcomm.hardware.lynx.commands.LynxMessage.acquireNetworkLock(LynxMessage.java:125)
12-04 11:29:36.070  4580  4711 E LynxModule: 	at com.qualcomm.robotcore.eventloop.EventLoopManager.packetReceived(EventLoopManager.java:257)
12-04 11:29:36.071  4580  7317 E LynxModule: 	at com.qualcomm.hardware.lynx.commands.LynxRespondable.send(LynxRespondable.java:233)
12-04 11:29:36.071  4580  4711 E LynxModule: 	at org.firstinspires.ftc.robotcore.internal.network.NetworkConnectionHandler$RecvLoopCallbackChainer.packetReceived(NetworkConnectionHandler.java:746)
12-04 11:29:36.072  4580  7317 E LynxModule: 	at com.qualcomm.hardware.lynx.LynxDcMotorController.internalSetMotorPower(LynxDcMotorController.java:562)
12-04 11:29:36.072  4580  4711 E LynxModule: 	at org.firstinspires.ftc.robotcore.internal.network.RecvLoopRunnable$PacketProcessor.run(RecvLoopRunnable.java:106)
12-04 11:29:36.072  4580  4711 E LynxModule: 	at java.util.concurrent.ThreadPoolExecutor.runWorker(ThreadPoolExecutor.java:1133)
12-04 11:29:36.072  4580  7317 E LynxModule: 	at com.qualcomm.hardware.lynx.LynxDcMotorController.internalSetMotorPower(LynxDcMotorController.java:521)
12-04 11:29:36.073  4580  4711 E LynxModule: 	at java.util.concurrent.ThreadPoolExecutor$Worker.run(ThreadPoolExecutor.java:607)
12-04 11:29:36.073  4580  7317 E LynxModule: 	at com.qualcomm.hardware.lynx.LynxDcMotorController.setMotorPowerFloat(LynxDcMotorController.java:672)
12-04 11:29:36.073  4580  4711 E LynxModule: 	at com.qualcomm.robotcore.util.ThreadPool$ThreadFactoryImpl$1.run(ThreadPool.java:793)
12-04 11:29:36.073  4580  7317 E LynxModule: 	at com.qualcomm.hardware.lynx.LynxDcMotorController.floatHardware(LynxDcMotorController.java:1055)
12-04 11:29:36.073  4580  4711 E LynxModule: 	at java.lang.Thread.run(Thread.java:761)
12-04 11:29:36.073  4580  7317 E LynxModule: 	at com.qualcomm.hardware.lynx.LynxController.close(LynxController.java:179)
12-04 11:29:36.074  4580  7317 E LynxModule: 	at com.qualcomm.hardware.lynx.LynxModule.close(LynxModule.java:349)
12-04 11:29:36.074  4580  7317 E LynxModule: 	at com.qualcomm.hardware.lynx.LynxUsbDeviceImpl.closeModules(LynxUsbDeviceImpl.java:422)
12-04 11:29:36.075  4580  7317 E LynxModule: 	at com.qualcomm.hardware.lynx.LynxUsbDeviceImpl.doCloseFromArmed(LynxUsbDeviceImpl.java:408)
12-04 11:29:36.076  4580  7317 E LynxModule: 	at org.firstinspires.ftc.robotcore.internal.hardware.usb.ArmableUsbDevice$4.run(ArmableUsbDevice.java:591)
12-04 11:29:36.076  4580  7317 E LynxModule: 	at org.firstinspires.ftc.robotcore.internal.system.Tracer.trace(Tracer.java:161)
12-04 11:29:36.077  4580  7317 E LynxModule: 	at org.firstinspires.ftc.robotcore.internal.hardware.usb.ArmableUsbDevice.doClose(ArmableUsbDevice.java:577)
12-04 11:29:36.077  4580  7317 E LynxModule: 	at com.qualcomm.hardware.lynx.LynxUsbDeviceImpl.doClose(LynxUsbDeviceImpl.java:219)
12-04 11:29:36.078  4580  7317 E LynxModule: 	at org.firstinspires.ftc.robotcore.internal.hardware.usb.ArmableUsbDevice.releaseRef(ArmableUsbDevice.java:549)
12-04 11:29:36.079  4580  7317 E LynxModule: 	at com.qualcomm.hardware.lynx.LynxUsbDeviceDelegate.close(LynxUsbDeviceDelegate.java:92)
12-04 11:29:36.079  4580  7317 E LynxModule: 	at com.qualcomm.ftccommon.FtcEventLoopHandler.closeAutoCloseOnTeardown(FtcEventLoopHandler.java:535)
12-04 11:29:36.080  4580  7317 E LynxModule: 	at com.qualcomm.ftccommon.FtcEventLoopHandler.closeHardwareMap(FtcEventLoopHandler.java:167)
12-04 11:29:36.080  4580  7317 E LynxModule: 	at com.qualcomm.ftccommon.FtcEventLoopHandler.close(FtcEventLoopHandler.java:148)
12-04 11:29:36.080  4580  7317 E LynxModule: 	at com.qualcomm.ftccommon.FtcEventLoopBase.teardown(FtcEventLoopBase.java:233)
12-04 11:29:36.081  4580  7317 E LynxModule: 	at com.qualcomm.ftccommon.FtcEventLoop.teardown(FtcEventLoop.java:286)
12-04 11:29:36.081  4580  7317 E LynxModule: 	at com.qualcomm.robotcore.eventloop.EventLoopManager$EventLoopRunnable$1.run(EventLoopManager.java:371)
12-04 11:29:36.082  4580  7317 E LynxModule: 	at com.qualcomm.robotcore.util.ThreadPool.logThreadLifeCycle(ThreadPool.java:737)
12-04 11:29:36.082  4580  7317 E LynxModule: 	at com.qualcomm.robotcore.eventloop.EventLoopManager$EventLoopRunnable.run(EventLoopManager.java:267)
12-04 11:29:36.083  4580  7317 E LynxModule: 	at com.qualcomm.robotcore.eventloop.EventLoopManager$1.run(EventLoopManager.java:606)
12-04 11:29:36.083  4580  7317 E LynxModule: 	at java.util.concurrent.ThreadPoolExecutor.runWorker(ThreadPoolExecutor.java:1133)
12-04 11:29:36.084  4580  7317 E LynxModule: 	at java.util.concurrent.ThreadPoolExecutor$Worker.run(ThreadPoolExecutor.java:607)
12-04 11:29:36.084  4580  7317 E LynxModule: 	at com.qualcomm.robotcore.util.ThreadPool$ThreadFactoryImpl$1.run(ThreadPool.java:793)
12-04 11:29:36.084  4580  7317 E LynxModule: 	at java.lang.Thread.run(Thread.java:761)
12-04 11:29:36.085  4580  7317 W LynxModule: Attempted use of a closed LynxModule instance
12-04 11:29:36.086  4580  7317 E LynxModule: java.lang.RuntimeException
12-04 11:29:36.087  4580  7317 E LynxModule: 	at com.qualcomm.hardware.lynx.LynxModule.warnIfClosed(LynxModule.java:509)
12-04 11:29:36.088  4580  7317 E LynxModule: 	at com.qualcomm.hardware.lynx.LynxModule.acquireNetworkTransmissionLock(LynxModule.java:1861)
12-04 11:29:36.088  4580  7317 E LynxModule: 	at com.qualcomm.hardware.lynx.commands.LynxMessage.acquireNetworkLock(LynxMessage.java:125)
12-04 11:29:36.089  4580  7317 E LynxModule: 	at com.qualcomm.hardware.lynx.commands.LynxRespondable.send(LynxRespondable.java:233)
12-04 11:29:36.089  4580  7317 E LynxModule: 	at com.qualcomm.hardware.lynx.LynxServoController.internalSetPwmEnable(LynxServoController.java:218)
12-04 11:29:36.090  4580  7317 E LynxModule: 	at com.qualcomm.hardware.lynx.LynxServoController.pwmDisable(LynxServoController.java:156)
12-04 11:29:36.090  4580  7317 E LynxModule: 	at com.qualcomm.hardware.lynx.LynxServoController.floatHardware(LynxServoController.java:118)
12-04 11:29:36.090  4580  7317 E LynxModule: 	at com.qualcomm.hardware.lynx.LynxController.close(LynxController.java:179)
12-04 11:29:36.091  4580  7317 E LynxModule: 	at com.qualcomm.hardware.lynx.LynxModule.close(LynxModule.java:349)
12-04 11:29:36.091  4580  7317 E LynxModule: 	at com.qualcomm.hardware.lynx.LynxUsbDeviceImpl.closeModules(LynxUsbDeviceImpl.java:422)
12-04 11:29:36.092  4580  7317 E LynxModule: 	at com.qualcomm.hardware.lynx.LynxUsbDeviceImpl.doCloseFromArmed(LynxUsbDeviceImpl.java:408)
12-04 11:29:36.092  4580  7317 E LynxModule: 	at org.firstinspires.ftc.robotcore.internal.hardware.usb.ArmableUsbDevice$4.run(ArmableUsbDevice.java:591)
12-04 11:29:36.093  4580  7317 E LynxModule: 	at org.firstinspires.ftc.robotcore.internal.system.Tracer.trace(Tracer.java:161)
12-04 11:29:36.094  4580  7317 E LynxModule: 	at org.firstinspires.ftc.robotcore.internal.hardware.usb.ArmableUsbDevice.doClose(ArmableUsbDevice.java:577)
12-04 11:29:36.094  4580  7317 E LynxModule: 	at com.qualcomm.hardware.lynx.LynxUsbDeviceImpl.doClose(LynxUsbDeviceImpl.java:219)
12-04 11:29:36.094  4580  7317 E LynxModule: 	at org.firstinspires.ftc.robotcore.internal.hardware.usb.ArmableUsbDevice.releaseRef(ArmableUsbDevice.java:549)
12-04 11:29:36.095  4580  7317 E LynxModule: 	at com.qualcomm.hardware.lynx.LynxUsbDeviceDelegate.close(LynxUsbDeviceDelegate.java:92)
12-04 11:29:36.095  4580  7317 E LynxModule: 	at com.qualcomm.ftccommon.FtcEventLoopHandler.closeAutoCloseOnTeardown(FtcEventLoopHandler.java:535)
12-04 11:29:36.095  4580  4713 W LynxModule: Attempted use of a closed LynxModule instance
12-04 11:29:36.096  4580  7317 E LynxModule: 	at com.qualcomm.ftccommon.FtcEventLoopHandler.closeHardwareMap(FtcEventLoopHandler.java:167)
12-04 11:29:36.096  4580  4713 E LynxModule: java.lang.RuntimeException
12-04 11:29:36.096  4580  7317 E LynxModule: 	at com.qualcomm.ftccommon.FtcEventLoopHandler.close(FtcEventLoopHandler.java:148)
12-04 11:29:36.097  4580  7317 E LynxModule: 	at com.qualcomm.ftccommon.FtcEventLoopBase.teardown(FtcEventLoopBase.java:233)
12-04 11:29:36.097  4580  4713 E LynxModule: 	at com.qualcomm.hardware.lynx.LynxModule.warnIfClosed(LynxModule.java:509)
12-04 11:29:36.097  4580  7317 E LynxModule: 	at com.qualcomm.ftccommon.FtcEventLoop.teardown(FtcEventLoop.java:286)
12-04 11:29:36.097  4580  4713 E LynxModule: 	at com.qualcomm.hardware.lynx.LynxModule.getGlobalWarnings(LynxModule.java:635)
12-04 11:29:36.097  4580  7317 E LynxModule: 	at com.qualcomm.robotcore.eventloop.EventLoopManager$EventLoopRunnable$1.run(EventLoopManager.java:371)
12-04 11:29:36.098  4580  7317 E LynxModule: 	at com.qualcomm.robotcore.util.ThreadPool.logThreadLifeCycle(ThreadPool.java:737)
12-04 11:29:36.098  4580  4713 E LynxModule: 	at com.qualcomm.hardware.lynx.LynxUsbDeviceImpl.composeGlobalWarning(LynxUsbDeviceImpl.java:535)
12-04 11:29:36.099  4580  7317 E LynxModule: 	at com.qualcomm.robotcore.eventloop.EventLoopManager$EventLoopRunnable.run(EventLoopManager.java:267)
12-04 11:29:36.099  4580  4713 E LynxModule: 	at org.firstinspires.ftc.robotcore.internal.hardware.usb.ArmableUsbDevice.getGlobalWarning(ArmableUsbDevice.java:178)
12-04 11:29:36.099  4580  7317 E LynxModule: 	at com.qualcomm.robotcore.eventloop.EventLoopManager$1.run(EventLoopManager.java:606)
12-04 11:29:36.100  4580  4713 E LynxModule: 	at com.qualcomm.robotcore.util.RobotLog.getGlobalWarningMessage(RobotLog.java:454)
12-04 11:29:36.100  4580  7317 E LynxModule: 	at java.util.concurrent.ThreadPoolExecutor.runWorker(ThreadPoolExecutor.java:1133)
12-04 11:29:36.100  4580  7317 E LynxModule: 	at java.util.concurrent.ThreadPoolExecutor$Worker.run(ThreadPoolExecutor.java:607)
12-04 11:29:36.100  4580  4713 E LynxModule: 	at com.qualcomm.robotcore.eventloop.EventLoopManager.refreshSystemTelemetry(EventLoopManager.java:409)
12-04 11:29:36.101  4580  7317 E LynxModule: 	at com.qualcomm.robotcore.util.ThreadPool$ThreadFactoryImpl$1.run(ThreadPool.java:793)
12-04 11:29:36.101  4580  7317 E LynxModule: 	at java.lang.Thread.run(Thread.java:761)
12-04 11:29:36.102  4580  4713 E LynxModule: 	at com.qualcomm.robotcore.eventloop.EventLoopManager.packetReceived(EventLoopManager.java:257)
12-04 11:29:36.102  4580  7317 W LynxModule: Attempted use of a closed LynxModule instance
12-04 11:29:36.102  4580  4713 E LynxModule: 	at org.firstinspires.ftc.robotcore.internal.network.NetworkConnectionHandler$RecvLoopCallbackChainer.packetReceived(NetworkConnectionHandler.java:746)
12-04 11:29:36.102  4580  7317 E LynxModule: java.lang.RuntimeException
12-04 11:29:36.103  4580  4713 E LynxModule: 	at org.firstinspires.ftc.robotcore.internal.network.RecvLoopRunnable$1.run(RecvLoopRunnable.java:249)
12-04 11:29:36.103  4580  7317 E LynxModule: 	at com.qualcomm.hardware.lynx.LynxModule.warnIfClosed(LynxModule.java:509)
12-04 11:29:36.104  4580  4713 E LynxModule: 	at com.qualcomm.robotcore.util.ThreadPool.logThreadLifeCycle(ThreadPool.java:737)
12-04 11:29:36.104  4580  7317 E LynxModule: 	at com.qualcomm.hardware.lynx.LynxModule.acquireNetworkTransmissionLock(LynxModule.java:1861)
12-04 11:29:36.105  4580  7317 E LynxModule: 	at com.qualcomm.hardware.lynx.commands.LynxMessage.acquireNetworkLock(LynxMessage.java:125)
12-04 11:29:36.105  4580  4713 E LynxModule: 	at org.firstinspires.ftc.robotcore.internal.network.RecvLoopRunnable.run(RecvLoopRunnable.java:210)
12-04 11:29:36.105  4580  7317 E LynxModule: 	at com.qualcomm.hardware.lynx.commands.LynxRespondable.send(LynxRespondable.java:233)
12-04 11:29:36.105  4580  4713 E LynxModule: 	at java.util.concurrent.ThreadPoolExecutor.runWorker(ThreadPoolExecutor.java:1133)
12-04 11:29:36.106  4580  7317 E LynxModule: 	at com.qualcomm.hardware.lynx.LynxServoController.internalSetPwmEnable(LynxServoController.java:218)
12-04 11:29:36.106  4580  4713 E LynxModule: 	at java.util.concurrent.ThreadPoolExecutor$Worker.run(ThreadPoolExecutor.java:607)
12-04 11:29:36.106  4580  7317 E LynxModule: 	at com.qualcomm.hardware.lynx.LynxServoController.pwmDisable(LynxServoController.java:156)
12-04 11:29:36.106  4580  4713 E LynxModule: 	at com.qualcomm.robotcore.util.ThreadPool$ThreadFactoryImpl$1.run(ThreadPool.java:793)
12-04 11:29:36.107  4580  7317 E LynxModule: 	at com.qualcomm.hardware.lynx.LynxServoController.floatHardware(LynxServoController.java:118)
12-04 11:29:36.107  4580  4713 E LynxModule: 	at java.lang.Thread.run(Thread.java:761)
12-04 11:29:36.107  4580  4713 W LynxModule: Attempted use of a closed LynxModule instance
12-04 11:29:36.107  4580  7317 E LynxModule: 	at com.qualcomm.hardware.lynx.LynxController.close(LynxController.java:179)
12-04 11:29:36.108  4580  4713 E LynxModule: java.lang.RuntimeException
12-04 11:29:36.108  4580  7317 E LynxModule: 	at com.qualcomm.hardware.lynx.LynxModule.close(LynxModule.java:349)
12-04 11:29:36.108  4580  7317 E LynxModule: 	at com.qualcomm.hardware.lynx.LynxUsbDeviceImpl.closeModules(LynxUsbDeviceImpl.java:422)
12-04 11:29:36.109  4580  4713 E LynxModule: 	at com.qualcomm.hardware.lynx.LynxModule.warnIfClosed(LynxModule.java:509)
12-04 11:29:36.109  4580  7317 E LynxModule: 	at com.qualcomm.hardware.lynx.LynxUsbDeviceImpl.doCloseFromArmed(LynxUsbDeviceImpl.java:408)
12-04 11:29:36.109  4580  7317 E LynxModule: 	at org.firstinspires.ftc.robotcore.internal.hardware.usb.ArmableUsbDevice$4.run(ArmableUsbDevice.java:591)
12-04 11:29:36.109  4580  4713 E LynxModule: 	at com.qualcomm.hardware.lynx.LynxModule.isNotResponding(LynxModule.java:501)
12-04 11:29:36.110  4580  7317 E LynxModule: 	at org.firstinspires.ftc.robotcore.internal.system.Tracer.trace(Tracer.java:161)
12-04 11:29:36.110  4580  4713 E LynxModule: 	at com.qualcomm.hardware.lynx.LynxModuleWarningManager$UnresponsiveStatus.conditionCurrentlyTrue(LynxModuleWarningManager.java:236)
12-04 11:29:36.110  4580  7317 E LynxModule: 	at org.firstinspires.ftc.robotcore.internal.hardware.usb.ArmableUsbDevice.doClose(ArmableUsbDevice.java:577)
12-04 11:29:36.110  4580  4713 E LynxModule: 	at com.qualcomm.hardware.lynx.LynxModuleWarningManager$ConditionStatus.hasChangedSinceLastCheck(LynxModuleWarningManager.java:224)
12-04 11:29:36.111  4580  7317 E LynxModule: 	at com.qualcomm.hardware.lynx.LynxUsbDeviceImpl.doClose(LynxUsbDeviceImpl.java:219)
12-04 11:29:36.111  4580  4713 E LynxModule: 	at com.qualcomm.hardware.lynx.LynxModuleWarningManager$LynxModuleWarningSource.getGlobalWarning(LynxModuleWarningManager.java:278)
12-04 11:29:36.111  4580  7317 E LynxModule: 	at org.firstinspires.ftc.robotcore.internal.hardware.usb.ArmableUsbDevice.releaseRef(ArmableUsbDevice.java:549)
12-04 11:29:36.111  4580  4713 E LynxModule: 	at com.qualcomm.robotcore.util.RobotLog.getGlobalWarningMessage(RobotLog.java:454)
12-04 11:29:36.111  4580  7317 E LynxModule: 	at com.qualcomm.hardware.lynx.LynxUsbDeviceDelegate.close(LynxUsbDeviceDelegate.java:92)
12-04 11:29:36.112  4580  4713 E LynxModule: 	at com.qualcomm.robotcore.eventloop.EventLoopManager.refreshSystemTelemetry(EventLoopManager.java:409)
12-04 11:29:36.112  4580  7317 E LynxModule: 	at com.qualcomm.ftccommon.FtcEventLoopHandler.closeAutoCloseOnTeardown(FtcEventLoopHandler.java:535)
12-04 11:29:36.114  4580  4713 E LynxModule: 	at com.qualcomm.robotcore.eventloop.EventLoopManager.packetReceived(EventLoopManager.java:257)
12-04 11:29:36.114  4580  7317 E LynxModule: 	at com.qualcomm.ftccommon.FtcEventLoopHandler.closeHardwareMap(FtcEventLoopHandler.java:167)
12-04 11:29:36.114  4580  7317 E LynxModule: 	at com.qualcomm.ftccommon.FtcEventLoopHandler.close(FtcEventLoopHandler.java:148)
12-04 11:29:36.114  4580  4713 E LynxModule: 	at org.firstinspires.ftc.robotcore.internal.network.NetworkConnectionHandler$RecvLoopCallbackChainer.packetReceived(NetworkConnectionHandler.java:746)
12-04 11:29:36.115  4580  7317 E LynxModule: 	at com.qualcomm.ftccommon.FtcEventLoopBase.teardown(FtcEventLoopBase.java:233)
12-04 11:29:36.115  4580  4713 E LynxModule: 	at org.firstinspires.ftc.robotcore.internal.network.RecvLoopRunnable$1.run(RecvLoopRunnable.java:249)
12-04 11:29:36.115  4580  7317 E LynxModule: 	at com.qualcomm.ftccommon.FtcEventLoop.teardown(FtcEventLoop.java:286)
12-04 11:29:36.116  4580  4713 E LynxModule: 	at com.qualcomm.robotcore.util.ThreadPool.logThreadLifeCycle(ThreadPool.java:737)
12-04 11:29:36.116  4580  7317 E LynxModule: 	at com.qualcomm.robotcore.eventloop.EventLoopManager$EventLoopRunnable$1.run(EventLoopManager.java:371)
12-04 11:29:36.116  4580  4713 E LynxModule: 	at org.firstinspires.ftc.robotcore.internal.network.RecvLoopRunnable.run(RecvLoopRunnable.java:210)
12-04 11:29:36.116  4580  7317 E LynxModule: 	at com.qualcomm.robotcore.util.ThreadPool.logThreadLifeCycle(ThreadPool.java:737)
12-04 11:29:36.117  4580  4713 E LynxModule: 	at java.util.concurrent.ThreadPoolExecutor.runWorker(ThreadPoolExecutor.java:1133)
12-04 11:29:36.117  4580  7317 E LynxModule: 	at com.qualcomm.robotcore.eventloop.EventLoopManager$EventLoopRunnable.run(EventLoopManager.java:267)
12-04 11:29:36.117  4580  4713 E LynxModule: 	at java.util.concurrent.ThreadPoolExecutor$Worker.run(ThreadPoolExecutor.java:607)
12-04 11:29:36.117  4580  7317 E LynxModule: 	at com.qualcomm.robotcore.eventloop.EventLoopManager$1.run(EventLoopManager.java:606)
12-04 11:29:36.118  4580  4713 E LynxModule: 	at com.qualcomm.robotcore.util.ThreadPool$ThreadFactoryImpl$1.run(ThreadPool.java:793)
12-04 11:29:36.118  4580  7317 E LynxModule: 	at java.util.concurrent.ThreadPoolExecutor.runWorker(ThreadPoolExecutor.java:1133)
12-04 11:29:36.118  4580  4713 E LynxModule: 	at java.lang.Thread.run(Thread.java:761)
12-04 11:29:36.118  4580  7317 E LynxModule: 	at java.util.concurrent.ThreadPoolExecutor$Worker.run(ThreadPoolExecutor.java:607)
12-04 11:29:36.119  4580  7317 E LynxModule: 	at com.qualcomm.robotcore.util.ThreadPool$ThreadFactoryImpl$1.run(ThreadPool.java:793)
12-04 11:29:36.119  4580  4711 W LynxModule: Attempted use of a closed LynxModule instance
12-04 11:29:36.119  4580  7317 E LynxModule: 	at java.lang.Thread.run(Thread.java:761)
12-04 11:29:36.120  4580  7317 W LynxModule: Attempted use of a closed LynxModule instance
12-04 11:29:36.120  4580  4711 E LynxModule: java.lang.RuntimeException
12-04 11:29:36.120  4580  7317 E LynxModule: java.lang.RuntimeException
12-04 11:29:36.121  4580  4711 E LynxModule: 	at com.qualcomm.hardware.lynx.LynxModule.warnIfClosed(LynxModule.java:509)
12-04 11:29:36.121  4580  7317 E LynxModule: 	at com.qualcomm.hardware.lynx.LynxModule.warnIfClosed(LynxModule.java:509)
12-04 11:29:36.121  4580  4711 E LynxModule: 	at com.qualcomm.hardware.lynx.LynxModule.getGlobalWarnings(LynxModule.java:635)
12-04 11:29:36.121  4580  7317 E LynxModule: 	at com.qualcomm.hardware.lynx.LynxModule.acquireNetworkTransmissionLock(LynxModule.java:1861)
12-04 11:29:36.122  4580  4711 E LynxModule: 	at com.qualcomm.hardware.lynx.LynxUsbDeviceImpl.composeGlobalWarning(LynxUsbDeviceImpl.java:535)
12-04 11:29:36.122  4580  7317 E LynxModule: 	at com.qualcomm.hardware.lynx.commands.LynxMessage.acquireNetworkLock(LynxMessage.java:125)
12-04 11:29:36.122  4580  4711 E LynxModule: 	at org.firstinspires.ftc.robotcore.internal.hardware.usb.ArmableUsbDevice.getGlobalWarning(ArmableUsbDevice.java:178)
12-04 11:29:36.122  4580  7317 E LynxModule: 	at com.qualcomm.hardware.lynx.commands.LynxRespondable.send(LynxRespondable.java:233)
12-04 11:29:36.123  4580  4711 E LynxModule: 	at com.qualcomm.robotcore.util.RobotLog.getGlobalWarningMessage(RobotLog.java:454)
12-04 11:29:36.123  4580  7317 E LynxModule: 	at com.qualcomm.hardware.lynx.LynxServoController.internalSetPwmEnable(LynxServoController.java:218)
12-04 11:29:36.123  4580  4711 E LynxModule: 	at com.qualcomm.robotcore.eventloop.EventLoopManager.refreshSystemTelemetry(EventLoopManager.java:409)
12-04 11:29:36.123  4580  7317 E LynxModule: 	at com.qualcomm.hardware.lynx.LynxServoController.pwmDisable(LynxServoController.java:156)
12-04 11:29:36.124  4580  4711 E LynxModule: 	at com.qualcomm.robotcore.eventloop.EventLoopManager.packetReceived(EventLoopManager.java:257)
12-04 11:29:36.124  4580  7317 E LynxModule: 	at com.qualcomm.hardware.lynx.LynxServoController.floatHardware(LynxServoController.java:118)
12-04 11:29:36.124  4580  4711 E LynxModule: 	at org.firstinspires.ftc.robotcore.internal.network.NetworkConnectionHandler$RecvLoopCallbackChainer.packetReceived(NetworkConnectionHandler.java:746)
12-04 11:29:36.125  4580  7317 E LynxModule: 	at com.qualcomm.hardware.lynx.LynxController.close(LynxController.java:179)
12-04 11:29:36.125  4580  4711 E LynxModule: 	at org.firstinspires.ftc.robotcore.internal.network.RecvLoopRunnable$PacketProcessor.run(RecvLoopRunnable.java:106)
12-04 11:29:36.125  4580  7317 E LynxModule: 	at com.qualcomm.hardware.lynx.LynxModule.close(LynxModule.java:349)
12-04 11:29:36.125  4580  4711 E LynxModule: 	at java.util.concurrent.ThreadPoolExecutor.runWorker(ThreadPoolExecutor.java:1133)
12-04 11:29:36.126  4580  7317 E LynxModule: 	at com.qualcomm.hardware.lynx.LynxUsbDeviceImpl.closeModules(LynxUsbDeviceImpl.java:422)
12-04 11:29:36.126  4580  4711 E LynxModule: 	at java.util.concurrent.ThreadPoolExecutor$Worker.run(ThreadPoolExecutor.java:607)
12-04 11:29:36.126  4580  7317 E LynxModule: 	at com.qualcomm.hardware.lynx.LynxUsbDeviceImpl.doCloseFromArmed(LynxUsbDeviceImpl.java:408)
12-04 11:29:36.126  4580  4711 E LynxModule: 	at com.qualcomm.robotcore.util.ThreadPool$ThreadFactoryImpl$1.run(ThreadPool.java:793)
12-04 11:29:36.126  4580  7317 E LynxModule: 	at org.firstinspires.ftc.robotcore.internal.hardware.usb.ArmableUsbDevice$4.run(ArmableUsbDevice.java:591)
12-04 11:29:36.127  4580  4711 E LynxModule: 	at java.lang.Thread.run(Thread.java:761)
12-04 11:29:36.127  4580  4711 W LynxModule: Attempted use of a closed LynxModule instance
12-04 11:29:36.127  4580  7317 E LynxModule: 	at org.firstinspires.ftc.robotcore.internal.system.Tracer.trace(Tracer.java:161)
12-04 11:29:36.128  4580  7317 E LynxModule: 	at org.firstinspires.ftc.robotcore.internal.hardware.usb.ArmableUsbDevice.doClose(ArmableUsbDevice.java:577)
12-04 11:29:36.128  4580  4711 E LynxModule: java.lang.RuntimeException
12-04 11:29:36.128  4580  7317 E LynxModule: 	at com.qualcomm.hardware.lynx.LynxUsbDeviceImpl.doClose(LynxUsbDeviceImpl.java:219)
12-04 11:29:36.128  4580  4711 E LynxModule: 	at com.qualcomm.hardware.lynx.LynxModule.warnIfClosed(LynxModule.java:509)
12-04 11:29:36.129  4580  7317 E LynxModule: 	at org.firstinspires.ftc.robotcore.internal.hardware.usb.ArmableUsbDevice.releaseRef(ArmableUsbDevice.java:549)
12-04 11:29:36.129  4580  4711 E LynxModule: 	at com.qualcomm.hardware.lynx.LynxModule.isNotResponding(LynxModule.java:501)
12-04 11:29:36.129  4580  7317 E LynxModule: 	at com.qualcomm.hardware.lynx.LynxUsbDeviceDelegate.close(LynxUsbDeviceDelegate.java:92)
12-04 11:29:36.130  4580  4711 E LynxModule: 	at com.qualcomm.hardware.lynx.LynxModuleWarningManager$UnresponsiveStatus.conditionCurrentlyTrue(LynxModuleWarningManager.java:236)
12-04 11:29:36.130  4580  7317 E LynxModule: 	at com.qualcomm.ftccommon.FtcEventLoopHandler.closeAutoCloseOnTeardown(FtcEventLoopHandler.java:535)
12-04 11:29:36.130  4580  7317 E LynxModule: 	at com.qualcomm.ftccommon.FtcEventLoopHandler.closeHardwareMap(FtcEventLoopHandler.java:167)
12-04 11:29:36.130  4580  4711 E LynxModule: 	at com.qualcomm.hardware.lynx.LynxModuleWarningManager$ConditionStatus.hasChangedSinceLastCheck(LynxModuleWarningManager.java:224)
12-04 11:29:36.131  4580  7317 E LynxModule: 	at com.qualcomm.ftccommon.FtcEventLoopHandler.close(FtcEventLoopHandler.java:148)
12-04 11:29:36.131  4580  4711 E LynxModule: 	at com.qualcomm.hardware.lynx.LynxModuleWarningManager$LynxModuleWarningSource.getGlobalWarning(LynxModuleWarningManager.java:278)
12-04 11:29:36.131  4580  4711 E LynxModule: 	at com.qualcomm.robotcore.util.RobotLog.getGlobalWarningMessage(RobotLog.java:454)
12-04 11:29:36.131  4580  7317 E LynxModule: 	at com.qualcomm.ftccommon.FtcEventLoopBase.teardown(FtcEventLoopBase.java:233)
12-04 11:29:36.132  4580  7317 E LynxModule: 	at com.qualcomm.ftccommon.FtcEventLoop.teardown(FtcEventLoop.java:286)
12-04 11:29:36.132  4580  4711 E LynxModule: 	at com.qualcomm.robotcore.eventloop.EventLoopManager.refreshSystemTelemetry(EventLoopManager.java:409)
12-04 11:29:36.132  4580  7317 E LynxModule: 	at com.qualcomm.robotcore.eventloop.EventLoopManager$EventLoopRunnable$1.run(EventLoopManager.java:371)
12-04 11:29:36.132  4580  4711 E LynxModule: 	at com.qualcomm.robotcore.eventloop.EventLoopManager.packetReceived(EventLoopManager.java:257)
12-04 11:29:36.133  4580  7317 E LynxModule: 	at com.qualcomm.robotcore.util.ThreadPool.logThreadLifeCycle(ThreadPool.java:737)
12-04 11:29:36.133  4580  4711 E LynxModule: 	at org.firstinspires.ftc.robotcore.internal.network.NetworkConnectionHandler$RecvLoopCallbackChainer.packetReceived(NetworkConnectionHandler.java:746)
12-04 11:29:36.134  4580  7317 E LynxModule: 	at com.qualcomm.robotcore.eventloop.EventLoopManager$EventLoopRunnable.run(EventLoopManager.java:267)
12-04 11:29:36.134  4580  4711 E LynxModule: 	at org.firstinspires.ftc.robotcore.internal.network.RecvLoopRunnable$PacketProcessor.run(RecvLoopRunnable.java:106)
12-04 11:29:36.134  4580  7317 E LynxModule: 	at com.qualcomm.robotcore.eventloop.EventLoopManager$1.run(EventLoopManager.java:606)
12-04 11:29:36.134  4580  4711 E LynxModule: 	at java.util.concurrent.ThreadPoolExecutor.runWorker(ThreadPoolExecutor.java:1133)
12-04 11:29:36.134  4580  7317 E LynxModule: 	at java.util.concurrent.ThreadPoolExecutor.runWorker(ThreadPoolExecutor.java:1133)
12-04 11:29:36.135  4580  4711 E LynxModule: 	at java.util.concurrent.ThreadPoolExecutor$Worker.run(ThreadPoolExecutor.java:607)
12-04 11:29:36.135  4580  7317 E LynxModule: 	at java.util.concurrent.ThreadPoolExecutor$Worker.run(ThreadPoolExecutor.java:607)
12-04 11:29:36.135  4580  4711 E LynxModule: 	at com.qualcomm.robotcore.util.ThreadPool$ThreadFactoryImpl$1.run(ThreadPool.java:793)
12-04 11:29:36.135  4580  7317 E LynxModule: 	at com.qualcomm.robotcore.util.ThreadPool$ThreadFactoryImpl$1.run(ThreadPool.java:793)
12-04 11:29:36.135  4580  4711 E LynxModule: 	at java.lang.Thread.run(Thread.java:761)
12-04 11:29:36.136  4580  7317 E LynxModule: 	at java.lang.Thread.run(Thread.java:761)
12-04 11:29:36.136  4580  7317 W LynxModule: Attempted use of a closed LynxModule instance
12-04 11:29:36.137  4580  7317 E LynxModule: java.lang.RuntimeException
12-04 11:29:36.137  4580  4711 W LynxModule: Attempted use of a closed LynxModule instance
12-04 11:29:36.138  4580  4711 E LynxModule: java.lang.RuntimeException
12-04 11:29:36.138  4580  7317 E LynxModule: 	at com.qualcomm.hardware.lynx.LynxModule.warnIfClosed(LynxModule.java:509)
12-04 11:29:36.139  4580  7317 E LynxModule: 	at com.qualcomm.hardware.lynx.LynxModule.acquireNetworkTransmissionLock(LynxModule.java:1861)
12-04 11:29:36.139  4580  4711 E LynxModule: 	at com.qualcomm.hardware.lynx.LynxModule.warnIfClosed(LynxModule.java:509)
12-04 11:29:36.139  4580  7317 E LynxModule: 	at com.qualcomm.hardware.lynx.commands.LynxMessage.acquireNetworkLock(LynxMessage.java:125)
12-04 11:29:36.139  4580  4711 E LynxModule: 	at com.qualcomm.hardware.lynx.LynxModule.getGlobalWarnings(LynxModule.java:635)
12-04 11:29:36.140  4580  7317 E LynxModule: 	at com.qualcomm.hardware.lynx.commands.LynxRespondable.send(LynxRespondable.java:233)
12-04 11:29:36.140  4580  4711 E LynxModule: 	at com.qualcomm.hardware.lynx.LynxUsbDeviceImpl.composeGlobalWarning(LynxUsbDeviceImpl.java:535)
