11-23 10:32:10.156  5022  5095 I [Gralloc]:  ion device open success! fd = 91
11-23 10:32:10.245  5022  5022 I PermissionValidatorActivity: Lifecycle onDestroy : 8d5b55f
11-23 10:32:10.247  5022  5022 V AppUtil : rootActivity=PermissionValidatorWrapper destroyed
11-23 10:32:10.247  5022  5022 V AppUtil : rootActivity=FtcRobotControllerActivity
11-23 10:32:10.247  5022  5022 I PermissionValidatorActivity: Lifecycle onDestroy : 6d5214a
11-23 10:32:11.883  5022  5103 V FtcWebSocket: Opening websocket (ip=192.168.43.107/192.168.43.107 port=8081)
11-23 10:32:11.889  5022  5103 V WebSocketManager: Subscribed websocket (ip=192.168.43.107/192.168.43.107 port=8081) to namespace (progress)
11-23 10:32:11.890  5022  5103 V WebSocketManager: Subscribed websocket (ip=192.168.43.107/192.168.43.107 port=8081) to namespace (ControlHubUpdater)
11-23 10:32:12.285  5022  5145 I RobotCore: password
11-23 10:32:12.360  5022  5144 V ProgrammingModeManager: serve uri=/css/colors.less
11-23 10:32:12.623  5022  5147 I RobotCore: password
11-23 10:32:12.730  5022  5151 V ProgrammingModeManager: serve uri=/css/colors.less
11-23 10:32:13.907  5022  5103 V FtcWebSocket: Opening websocket (ip=192.168.43.107/192.168.43.107 port=8081)
11-23 10:32:13.910  5022  5103 V WebSocketManager: Subscribed websocket (ip=192.168.43.107/192.168.43.107 port=8081) to namespace (progress)
11-23 10:32:13.911  5022  5103 V WebSocketManager: Subscribed websocket (ip=192.168.43.107/192.168.43.107 port=8081) to namespace (ControlHubUpdater)
11-23 10:32:13.927  5022  5103 V FtcWebSocket: Opening websocket (ip=192.168.43.107/192.168.43.107 port=8081)
11-23 10:32:13.930  5022  5103 V WebSocketManager: Subscribed websocket (ip=192.168.43.107/192.168.43.107 port=8081) to namespace (progress)
11-23 10:32:13.931  5022  5103 V WebSocketManager: Subscribed websocket (ip=192.168.43.107/192.168.43.107 port=8081) to namespace (ControlHubUpdater)
11-23 10:32:14.544  5022  5151 I RobotCore: password
11-23 10:32:14.552  5022  5103 V FtcWebSocket: Opening websocket (ip=192.168.43.107/192.168.43.107 port=8081)
11-23 10:32:14.554  5022  5103 V WebSocketManager: Subscribed websocket (ip=192.168.43.107/192.168.43.107 port=8081) to namespace (progress)
11-23 10:32:14.555  5022  5103 V WebSocketManager: Subscribed websocket (ip=192.168.43.107/192.168.43.107 port=8081) to namespace (ControlHubUpdater)
11-23 10:32:14.580  5022  5103 V FtcWebSocket: Opening websocket (ip=192.168.43.107/192.168.43.107 port=8081)
11-23 10:32:14.583  5022  5103 V WebSocketManager: Subscribed websocket (ip=192.168.43.107/192.168.43.107 port=8081) to namespace (progress)
11-23 10:32:14.584  5022  5103 V WebSocketManager: Subscribed websocket (ip=192.168.43.107/192.168.43.107 port=8081) to namespace (ControlHubUpdater)
11-23 10:32:14.604  5022  5103 V FtcWebSocket: Opening websocket (ip=192.168.43.107/192.168.43.107 port=8081)
11-23 10:32:14.608  5022  5103 V WebSocketManager: Subscribed websocket (ip=192.168.43.107/192.168.43.107 port=8081) to namespace (progress)
11-23 10:32:14.609  5022  5103 V WebSocketManager: Subscribed websocket (ip=192.168.43.107/192.168.43.107 port=8081) to namespace (ControlHubUpdater)
11-23 10:32:14.626  5022  5103 V FtcWebSocket: Opening websocket (ip=192.168.43.107/192.168.43.107 port=8081)
11-23 10:32:14.631  5022  5103 V WebSocketManager: Subscribed websocket (ip=192.168.43.107/192.168.43.107 port=8081) to namespace (progress)
11-23 10:32:14.632  5022  5103 V WebSocketManager: Subscribed websocket (ip=192.168.43.107/192.168.43.107 port=8081) to namespace (ControlHubUpdater)
11-23 10:32:15.018  5022  5103 V FtcWebSocket: Opening websocket (ip=192.168.43.107/192.168.43.107 port=8081)
11-23 10:32:15.021  5022  5103 V WebSocketManager: Subscribed websocket (ip=192.168.43.107/192.168.43.107 port=8081) to namespace (progress)
11-23 10:32:15.022  5022  5103 V WebSocketManager: Subscribed websocket (ip=192.168.43.107/192.168.43.107 port=8081) to namespace (ControlHubUpdater)
11-23 10:32:15.049  5022  5103 V FtcWebSocket: Opening websocket (ip=192.168.43.107/192.168.43.107 port=8081)
11-23 10:32:15.052  5022  5103 V WebSocketManager: Subscribed websocket (ip=192.168.43.107/192.168.43.107 port=8081) to namespace (progress)
11-23 10:32:15.054  5022  5103 V WebSocketManager: Subscribed websocket (ip=192.168.43.107/192.168.43.107 port=8081) to namespace (ControlHubUpdater)
11-23 10:32:15.123  5022  5105 V RobotCore: EventLoopManager state is NOT_STARTED
11-23 10:32:15.123  5022  5105 V FTCService: Waiting for a connection to a Wi-Fi service
11-23 10:32:15.124  5022  5105 V RobotCore: Robot Status: stopped, waiting for network to become active
11-23 10:32:15.126  5022  5105 I RobotControllerAccessPointAssistant: Wi-Fi AP is enabled
11-23 10:32:15.126  5022  5105 V CoreRobotWebServer: Asked an already running WebServer to start
11-23 10:32:15.127  5022  5105 V RobotCore: Robot Status: stopped, starting robot
11-23 10:32:15.127  5022  5105 V Robocol : EventLoopManager.start()
11-23 10:32:15.127  5022  5105 V RobotCore: Getting network assistant of type: RCWIRELESSAP
11-23 10:32:15.128  5022  5105 I RobotControllerAccessPointAssistant: Wi-Fi AP is enabled
11-23 10:32:15.128  5022  5105 V Robocol : Spoofing a Network Connection event...
11-23 10:32:15.128  5022  5105 I EventLoopManager: onNetworkConnectionEvent: CONNECTION_INFO_AVAILABLE
11-23 10:32:15.128  5022  5105 I Robocol : Received network connection event
11-23 10:32:15.129  5022  5105 I RobotControllerAccessPointAssistant: Wi-Fi AP is enabled
11-23 10:32:15.130  5022  5105 I NetworkConnectionHandler: Handling new network connection infomation, connected: true setup needed: true
11-23 10:32:15.131  5022  5105 I RobotControllerAccessPointAssistant: Wi-Fi AP is enabled
11-23 10:32:18.147  5022  5182 V RobotCore: thread: 'SetupRunnable.run()' starting...
11-23 10:32:18.147  5022  5105 V RobotCore: EventLoopManager state is STOPPED
11-23 10:32:18.148  5022  5105 V Robocol : eventLoop=FtcEventLoop
11-23 10:32:18.149  5022  5105 V RobotCore: EventLoopManager state is INIT
11-23 10:32:18.151  5022  5105 V RobotCore: Robot Status: initializing, starting robot
11-23 10:32:18.151  5022  5105 I FtcEventLoop: ======= INIT START =======
11-23 10:32:18.153  5022  5105 V OpmodeRegistration: registered {DefaultOpMode} as {$Stop$Robot$}
11-23 10:32:18.156  5022  5182 D Robocol : RobocolDatagramSocket listening addr=/192.168.43.1:20884 cbRec=65520 cbSend=106496 msRecTO=300
11-23 10:32:18.158  5022  5182 V Robocol : RecvLoopRunnable created
11-23 10:32:18.161  5022  5183 V Robocol : PacketProcessor started
11-23 10:32:18.165  5022  5184 V Robocol : CommandProcessor started
11-23 10:32:18.169  5022  5185 V RobotCore: thread: 'RecvLoopRunnable.run()' starting...
11-23 10:32:18.172  5022  5182 V PeerDiscovery: Starting peer discovery remote: /192.168.43.1 local: /192.168.43.1
11-23 10:32:18.172  5022  5182 V PeerDiscovery: No need for initiating peer discovery, we are the Robot Controller
11-23 10:32:18.172  5022  5182 V RobotCore: Setup complete
11-23 10:32:18.173  5022  5182 V RobotCore: thread: ...terminating 'SetupRunnable.run()'
11-23 10:32:18.390  5022  5105 V MD5     : Calculated digest: 9d9a9ed11665dc92c91c475aad54ef94
11-23 10:32:18.390  5022  5105 V MD5     : Provided digest: 9d9a9ed11665dc92c91c475aad54ef94
11-23 10:32:18.471  5022  5185 E Robocol : exception SocketTimeoutException(Receive timed out): no packet received [java.net.PlainDatagramSocketImpl.receive0(Native Method)]
11-23 10:32:18.746  5022  5183 D RobotCore: system telemetry: key=$System$None$ msg=""
11-23 10:32:18.747  5022  5183 V PeerDiscovery: new remote peer discovered: 192.168.43.39
11-23 10:32:18.747  5022  5183 V NetworkConnectionHandler: starting sending loop
11-23 10:32:18.748  5022  5186 V Robocol : sending CMD_NOTIFY_ROBOT_STATE(9), attempt: 0
11-23 10:32:18.749  5022  5186 V Robocol : sending CMD_NOTIFY_ROBOT_STATE(10), attempt: 0
11-23 10:32:18.750  5022  5186 V Robocol : sending CMD_NOTIFY_ROBOT_STATE(11), attempt: 0
11-23 10:32:18.766  5022  5183 V UpdateUI: Network: active, connected
11-23 10:32:18.767  5022  5183 D FTCService: Sending user device types and preferences to driver station
11-23 10:32:18.840  5022  5183 V NetDiscover_prefremrc: sendAllPreferences()
11-23 10:32:18.841  5022  5183 V NetDiscover_prefremrc: sending RC pref name=pref_wifip2p_remote_channel_change_works value=false
11-23 10:32:18.845  5022  5183 V NetDiscover_prefremrc: sending RC pref name=pref_device_name value=FTC-eE8w
11-23 10:32:18.846  5022  5183 V NetDiscover_prefremrc: sending RC pref name=pref_warn_about_incorrect_clocks value=true
11-23 10:32:18.847  5022  5183 V NetDiscover_prefremrc: sending RC pref name=pref_warn_about_obsolete_software value=true
11-23 10:32:18.847  5022  5183 V NetDiscover_prefremrc: sending RC pref name=pref_has_speaker value=false
11-23 10:32:18.848  5022  5183 V NetDiscover_prefremrc: sending RC pref name=pref_warn_about_2_4_ghz_band value=true
11-23 10:32:18.848  5022  5183 V NetDiscover_prefremrc: sending RC pref name=pref_has_independent_phone_battery value=false
11-23 10:32:18.849  5022  5183 V NetDiscover_prefremrc: sending RC pref name=pref_app_theme value=red
11-23 10:32:18.850  5022  5183 V NetDiscover_prefremrc: sending RC pref name=pref_warn_about_mismatched_app_versions value=true
11-23 10:32:18.850  5022  5183 V NetDiscover_prefremrc: sending RC pref name=pref_sound_on_off value=false
11-23 10:32:18.851  5022  5183 V NetworkConnectionHandler: Peer connection established
11-23 10:32:18.851  5022  5189 V SoundInfo: construct(0x0ab4b238)
11-23 10:32:18.854  5022  5183 V Robocol : packet processing took 107.8ms: type=PEER_DISCOVERY
11-23 10:32:18.862  5022  5188 E WVMExtractor: Failed to open libwvm.so: dlopen failed: library "libwvm.so" not found
11-23 10:32:18.865  5022  5185 V EventLoopManager: Setting authoritative wall clock based on connected DS.
11-23 10:32:18.865  5022  5185 D Uvc     : [time.cpp:64] Java_org_firstinspires_ftc_robotcore_internal_system_AppUtil_nativeSetCurrentTimeMillis()...
11-23 10:32:18.819  5022  5185 I JniTime : [time.cpp:83] settimeofday() succeeded
11-23 10:32:18.819  5022  5185 D Uvc     : [time.cpp:64] ...Java_org_firstinspires_ftc_robotcore_internal_system_AppUtil_nativeSetCurrentTimeMillis()
11-23 10:32:18.820  5022  5185 V AppUtil : attempted to set timezone: before=America/Chicago after=America/Chicago
11-23 10:32:18.821  5022  5186 V Robocol : sending CMD_NOTIFY_USER_DEVICE_LIST(15), attempt: 0
11-23 10:32:18.822  5022  5183 V Robocol : received command: CMD_REQUEST_ACTIVE_CONFIG(10001) 
11-23 10:32:18.823  5022  5183 V Robocol : received command: CMD_REQUEST_USER_DEVICE_TYPES(10002) 
11-23 10:32:18.824  5022  5186 V Robocol : sending CMD_ROBOT_CONTROLLER_PREFERENCE(16), attempt: 0
11-23 10:32:18.825  5022  5186 V Robocol : sending CMD_ROBOT_CONTROLLER_PREFERENCE(17), attempt: 0
11-23 10:32:18.825  5022  5186 V Robocol : sending CMD_ROBOT_CONTROLLER_PREFERENCE(18), attempt: 0
11-23 10:32:18.826  5022  5186 V Robocol : sending CMD_ROBOT_CONTROLLER_PREFERENCE(19), attempt: 0
11-23 10:32:18.827  5022  5186 V Robocol : sending CMD_ROBOT_CONTROLLER_PREFERENCE(20), attempt: 0
11-23 10:32:18.827  5022  5183 V Robocol : received command: CMD_REQUEST_OP_MODE_LIST(10003) 
11-23 10:32:18.828  5022  5186 V Robocol : sending CMD_ROBOT_CONTROLLER_PREFERENCE(21), attempt: 0
11-23 10:32:18.828  5022  5186 V Robocol : sending CMD_ROBOT_CONTROLLER_PREFERENCE(22), attempt: 0
11-23 10:32:18.836  5022  5186 V Robocol : sending CMD_ROBOT_CONTROLLER_PREFERENCE(23), attempt: 0
11-23 10:32:18.837  5022  5186 V Robocol : sending CMD_ROBOT_CONTROLLER_PREFERENCE(24), attempt: 0
11-23 10:32:18.838  5022  5186 V Robocol : sending CMD_ROBOT_CONTROLLER_PREFERENCE(25), attempt: 0
11-23 10:32:18.840  5022  5188 I MediaCodec: callingProcessName:com.qualcomm.ftcrobotcontroller
11-23 10:32:18.845  5022  5195 I ACodec  : onAllocateComponent:6752 mSoftCodecPref:0 componentName:
11-23 10:32:18.847  5022  5195 I ACodec  : onAllocateComponent:6783 mSoftCodecPref:0 componentName:OMX.google.raw.decoder
11-23 10:32:18.860  5022  5183 V Robocol : received command: CMD_ROBOT_CONTROLLER_PREFERENCE(10005) {"booleanValue":true,"prefName":"pref_ds_supports_5_ghz"}
11-23 10:32:18.861  5022  5183 V Robocol : received command: CMD_ROBOT_CONTROLLER_PREFERENCE(10006) {"intValue":21,"prefName":"pref_dh_os_version_code"}
11-23 10:32:18.886  5022  5071 D SoundPlayer: onLoadComplete(samp=1|ms=757, samp=1)=0
11-23 10:32:18.889  5022  5189 W AudioTrack: AUDIO_OUTPUT_FLAG_FAST denied by client; transfer 4, track 48000 Hz, output 44100 Hz
11-23 10:32:18.894  5022  5189 D SoundPlayer: playing volume=0.000000 samp=1|ms=757
11-23 10:32:18.902  5022  5186 V Robocol : sending CMD_PLAY_SOUND(43), attempt: 0
11-23 10:32:18.941  5022  5186 V Robocol : sending CMD_NOTIFY_ROBOT_STATE(9), attempt: 1
11-23 10:32:18.942  5022  5186 V Robocol : sending CMD_NOTIFY_ROBOT_STATE(10), attempt: 1
11-23 10:32:18.943  5022  5186 V Robocol : sending CMD_NOTIFY_ROBOT_STATE(11), attempt: 1
11-23 10:32:19.057  5022  5105 V OpmodeRegistration: registered {PushbotAutodrive} as {Nep-TestMotor }
11-23 10:32:19.058  5022  5105 V OpmodeRegistration: registered {ConceptBNO055IMU} as {POC: IMU Display}
11-23 10:32:19.059  5022  5105 V OpmodeRegistration: registered {ConceptAutoDriveByGyro} as {POC: Drive By Gyro}
11-23 10:32:19.059  5022  5105 V OpmodeRegistration: registered {ConceptWebcamTest} as {nap: Webcam}
11-23 10:32:19.060  5022  5105 V OpmodeRegistration: registered {TensorFlowObjectDetectionWebcam} as {Nap: camera 3}
11-23 10:32:19.061  5022  5105 V OpmodeRegistration: registered {Forward} as { Nept-Forward and Turning }
11-23 10:32:19.062  5022  5105 V OpmodeRegistration: registered {TeleopDualDrivers} as {TeleopDualDrivers}
11-23 10:32:19.063  5022  5105 V OpmodeRegistration: registered {ConceptBNO055IMUCalibration} as {POC: IMU Calibration}
11-23 10:32:19.063  5022  5105 V OpmodeRegistration: registered {AutonomousRight} as {AutonomousRight}
11-23 10:32:19.064  5022  5105 V OpmodeRegistration: registered {ConceptAutoDriveCalibration} as {POC: Auto Drive Calibration}
11-23 10:32:19.065  5022  5105 V OpmodeRegistration: registered {TeleopCalibration} as {TeleopCalibration}
11-23 10:32:19.065  5022  5105 V OpmodeRegistration: registered {ConceptVuforiaLocalization} as {POC - Vuforia Localization}
11-23 10:32:19.066  5022  5105 V OpmodeRegistration: registered {CameraVuforia} as {Camera}
11-23 10:32:19.066  5022  5105 V OpmodeRegistration: registered {ConceptOpenCVSignalSleeveDetection} as {POC - OpenCV Signal Sleeve}
11-23 10:32:19.067  5022  5105 V OpmodeRegistration: registered {ConceptFieldNavigationAuto} as {POC - Field Nav Auto}
11-23 10:32:19.067  5022  5105 V OpmodeRegistration: registered {TensorFLowWebcam} as {Nap-Camera 2}
11-23 10:32:19.068  5022  5105 V OpmodeRegistration: registered {ConceptFieldNavigation} as {POC - Field Nav}
11-23 10:32:19.068  5022  5105 V OpmodeRegistration: registered {ConceptFieldNavigationAutoV2} as {POC - Field Nav Encoder}
11-23 10:32:19.069  5022  5105 V OpmodeRegistration: registered {ConceptTensorFlowObjectDetection} as {POC: TensorFlow Object Detection}
11-23 10:32:19.069  5022  5105 V OpmodeRegistration: registered {ConceptSignalSleeveIdentification} as {POC: Signal Sleeve}
11-23 10:32:19.090  5022  5105 V FtcEventLoop: Ensuring that the embedded Control Hub module is set up correctly
11-23 10:32:19.095  5022  5105 V RobotCore: Creating REV Robotics USB Expansion Hub Portal [(embedded)]
11-23 10:32:19.096  5022  5105 V LynxUsb : creating new [(embedded)]: 0x09fee4bd
11-23 10:32:19.099  5022  5022 I pRunnable.run(): type=1400 audit(0.0:282): avc: denied { read } for name="ttyS1" dev="tmpfs" ino=4898 scontext=u:r:untrusted_app:s0:c512,c768 tcontext=u:object_r:serial_device:s0 tclass=chr_file permissive=1
11-23 10:32:19.099  5022  5022 I pRunnable.run(): type=1400 audit(0.0:283): avc: denied { write } for name="ttyS1" dev="tmpfs" ino=4898 scontext=u:r:untrusted_app:s0:c512,c768 tcontext=u:object_r:serial_device:s0 tclass=chr_file permissive=1
11-23 10:32:19.099  5022  5022 I pRunnable.run(): type=1400 audit(0.0:284): avc: denied { open } for path="/dev/ttyS1" dev="tmpfs" ino=4898 scontext=u:r:untrusted_app:s0:c512,c768 tcontext=u:object_r:serial_device:s0 tclass=chr_file permissive=1
11-23 10:32:19.102  5022  5022 I pRunnable.run(): type=1400 audit(0.0:285): avc: denied { ioctl } for path="/dev/ttyS1" dev="tmpfs" ino=4898 ioctlcmd=5401 scontext=u:r:untrusted_app:s0:c512,c768 tcontext=u:object_r:serial_device:s0 tclass=chr_file permissive=1
11-23 10:32:19.101  5022  5186 V Robocol : sending CMD_NOTIFY_ACTIVE_CONFIGURATION(50), attempt: 0
11-23 10:32:19.101  5022  5105 V FtDeviceManager: createDeviceInfoList(): 0 USB devices
11-23 10:32:19.101  5022  5105 V RobotUsbManagerCombining: FTDI driver failed to open USB device with serial number (embedded) (returned null device)
11-23 10:32:19.102  5022  5186 V Robocol : sending CMD_NOTIFY_USER_DEVICE_LIST(51), attempt: 0
11-23 10:32:19.102  5022  5105 V SerialPortNative: [SerialPort.cpp:150] opened(/dev/ttyS1): fd=99
11-23 10:32:19.103  5022  5105 V RobotUsbDeviceTTY: opening serial=(embedded) file=/dev/ttyS1
11-23 10:32:19.104  5022  5186 V Robocol : sending CMD_NOTIFY_OP_MODE_LIST(52), attempt: 0
11-23 10:32:19.104  5022  5105 V LynxUsb : armDevice() serial=(embedded)...
11-23 10:32:19.104  5022  5105 V LynxUsb : resetDevice() serial=(embedded)
11-23 10:32:19.102  5022  5022 I pRunnable.run(): type=1400 audit(0.0:286): avc: denied { read } for name="value" dev="sysfs" ino=13327 scontext=u:r:untrusted_app:s0:c512,c768 tcontext=u:object_r:sysfs:s0 tclass=file permissive=1
11-23 10:32:19.102  5022  5022 I pRunnable.run(): type=1400 audit(0.0:287): avc: denied { open } for path="/sys/devices/pinctrl.26/gpio/gpio50/value" dev="sysfs" ino=13327 scontext=u:r:untrusted_app:s0:c512,c768 tcontext=u:object_r:sysfs:s0 tclass=file permissive=1
11-23 10:32:19.102  5022  5022 I pRunnable.run(): type=1400 audit(0.0:288): avc: denied { getattr } for path="/sys/devices/pinctrl.26/gpio/gpio50/value" dev="sysfs" ino=13327 scontext=u:r:untrusted_app:s0:c512,c768 tcontext=u:object_r:sysfs:s0 tclass=file permissive=1
11-23 10:32:19.105  5022  5105 V LynxModule: resetting embedded usb device: isPresent: was=true
11-23 10:32:19.105  5022  5022 I pRunnable.run(): type=1400 audit(0.0:289): avc: denied { write } for name="value" dev="sysfs" ino=16645 scontext=u:r:untrusted_app:s0:c512,c768 tcontext=u:object_r:sysfs:s0 tclass=file permissive=1
11-23 10:32:19.463  5022  5105 V LynxUsb : ...done armDevice()
11-23 10:32:19.464  5022  5201 V RobotCore: thread: 'lynx incoming datagrams' starting...
11-23 10:32:19.465  5022  5105 V LynxUsb : 0x087fad80 on 0x09fee4bd: new delegate to [(embedded)]
11-23 10:32:19.476  5022  5105 V LynxUsb : addConfiguredModule() module#=173
11-23 10:32:19.477  5022  5105 V LynxModule: pingAndQueryKnownInterfaces mod=173
11-23 10:32:19.479  5022  5201 V LynxUsb : synchronization gained: serial=(embedded)
11-23 10:32:19.504  5022  5105 V LynxModule: mod#=173 queryInterface(DEKA)=54 commands starting at 4096
11-23 10:32:19.520  5022  5105 V LynxModule: sending LynxFtdiResetControlCommand(true) wasInterrupted=false
11-23 10:32:19.525  5022  5105 V LynxModule: sendLEDPatternSteps(): steps=[Step(color=65280, msDuration=1000)]
11-23 10:32:19.531  5022  5105 V LynxModule: setAsControlHubEmbeddedModule(mod=173)
11-23 10:32:19.531  5022  5105 V EmbeddedControlHubModule: setting embedded module
11-23 10:32:19.531  5022  5105 V LynxModule: sending LynxFtdiResetControlCommand(false) wasInterrupted=false
11-23 10:32:19.534  5022  5105 V LynxModule: close(#173)
11-23 10:32:19.536  5022  5105 V LynxUsb : Verified that the embedded Control Hub module has the correct address
11-23 10:32:19.540  5022  5105 V LynxUsb : addConfiguredModule() module#=173
11-23 10:32:19.540  5022  5105 V LynxModule: pingAndQueryKnownInterfaces mod=173
11-23 10:32:19.555  5022  5105 V LynxModule: mod#=173 queryInterface(DEKA)=54 commands starting at 4096
11-23 10:32:19.563  5022  5105 V LynxModule: sending LynxFtdiResetControlCommand(true) wasInterrupted=false
11-23 10:32:19.567  5022  5105 V LynxModule: sendLEDPatternSteps(): steps=[Step(color=65280, msDuration=1000)]
11-23 10:32:19.571  5022  5105 V LynxModule: setAsControlHubEmbeddedModule(mod=173)
11-23 10:32:19.571  5022  5105 V EmbeddedControlHubModule: setting embedded module
11-23 10:32:19.571  5022  5105 I RobotCore: LynxFirmwareVersionManager: LynxI2cDeviceSynchV2
11-23 10:32:19.572  5022  5105 V LynxI2cDeviceSynch: initializeHardware() mod#=173
11-23 10:32:19.573  5022  5105 V BHI260IMU: Suppressing I2C warnings while we check for a BHI260AP IMU
11-23 10:32:19.577  5022  5105 V BHI260IMU: No BHI260AP IMU found
11-23 10:32:19.580  5022  5105 V BNO055  : Suppressing I2C warnings while we check for a BNO055 IMU
11-23 10:32:19.585  5022  5105 V BNO055  : Found BNO055 IMU
11-23 10:32:19.585  5022  5105 V LynxModule: sending LynxFtdiResetControlCommand(false) wasInterrupted=false
11-23 10:32:19.587  5022  5105 V LynxModule: close(#173)
11-23 10:32:19.590  5022  5105 V HardwareFactory: createHardwareMap()
11-23 10:32:19.590  5022  5105 V EmbeddedControlHubModule: clearing embedded module
11-23 10:32:19.601  5022  5105 V ReadXMLFileHandler: embedded lynx USB device is already present
11-23 10:32:19.601  5022  5105 V RobotCore: Creating REV Robotics USB Expansion Hub Portal [(embedded)]
11-23 10:32:19.602  5022  5105 V LynxUsb : using existing [(embedded)]: 0x09fee4bd
11-23 10:32:19.602  5022  5105 V LynxUsb : 0x0e684c59 on 0x09fee4bd: new delegate to [(embedded)]
11-23 10:32:19.602  5022  5105 V RobotCore: Creating Lynx Module - mod=173 parent=true
11-23 10:32:19.604  5022  5105 V RobotCore: Creating Lynx Module - mod=2 parent=false
11-23 10:32:19.605  5022  5105 V LynxUsb : addConfiguredModule() module#=173
11-23 10:32:19.605  5022  5105 V LynxModule: pingAndQueryKnownInterfaces mod=173
11-23 10:32:19.616  5022  5105 V LynxModule: mod#=173 queryInterface(DEKA)=54 commands starting at 4096
11-23 10:32:19.624  5022  5105 V LynxModule: sending LynxFtdiResetControlCommand(true) wasInterrupted=false
11-23 10:32:19.628  5022  5105 V LynxModule: sendLEDPatternSteps(): steps=[Step(color=65280, msDuration=1000)]
11-23 10:32:19.631  5022  5206 V LynxModule: received status: LynxGetModuleStatusResponse(status=0x02 alerts=0x00: Reset)
11-23 10:32:19.632  5022  5206 W HubPowerCycle: Expansion Hub 173 regained power after a complete power loss. No user Op Mode was running.
11-23 10:32:19.632  5022  5206 V LynxModule: resendCurrentPattern()
11-23 10:32:19.632  5022  5206 V LynxModule: sendLEDPatternSteps(): steps=[Step(color=65280, msDuration=1000)]
11-23 10:32:19.637  5022  5105 V LynxModule: setAsControlHubEmbeddedModule(mod=173)
11-23 10:32:19.638  5022  5105 V EmbeddedControlHubModule: setting embedded module
11-23 10:32:19.638  5022  5105 V LynxUsb : addConfiguredModule() module#=2
11-23 10:32:19.638  5022  5105 V LynxModule: pingAndQueryKnownInterfaces mod=2
11-23 10:32:19.652  5022  5105 V LynxModule: mod#=2 queryInterface(DEKA)=54 commands starting at 4096
11-23 10:32:19.659  5022  5105 V LynxModule: sending LynxFtdiResetControlCommand(true) wasInterrupted=false
11-23 10:32:19.665  5022  5207 V LynxModule: received status: LynxGetModuleStatusResponse(status=0x05 alerts=0x00: KeepAliveTimeout|FailSafe)
11-23 10:32:19.665  5022  5207 V LynxModule: resendCurrentPattern()
11-23 10:32:19.665  5022  5207 V LynxModule: sendLEDPatternSteps(): steps=[]
11-23 10:32:19.668  5022  5105 V LynxModule: sendLEDPatternSteps(): steps=[Step(color=65280, msDuration=4500), Step(color=0, msDuration=500), Step(color=255, msDuration=500), Step(color=0, msDuration=500), Step(color=255, msDuration=500), Step(color=0, msDuration=500)]
11-23 10:32:19.680  5022  5105 V LynxMotor: initializeHardware() mod#=173
11-23 10:32:19.717  5022  5105 V RobotCore: DcMotorImpl(type=goBILDA5202SeriesMotor)
11-23 10:32:19.718  5022  5105 V RobotCore: DcMotorImpl(type=goBILDA5202SeriesMotor)
11-23 10:32:19.718  5022  5105 V RobotCore: DcMotorImpl(type=goBILDA5202SeriesMotor)
11-23 10:32:19.719  5022  5105 V RobotCore: DcMotorImpl(type=goBILDA5202SeriesMotor)
11-23 10:32:19.720  5022  5105 V LynxServoController: initializeHardware() mod#=173
11-23 10:32:19.745  5022  5105 V LynxVoltageSensor: initializeHardware() mod#=173
11-23 10:32:19.746  5022  5105 V LynxAnalogInputController: initializeHardware() mod#=173
11-23 10:32:19.747  5022  5105 V LynxDigitalChannelController: initializeHardware() mod#=173
11-23 10:32:19.764  5022  5105 V RobotCore: Creating user sensor REV internal IMU (BNO055) - on Lynx module=173 bus=0
11-23 10:32:19.765  5022  5105 I RobotCore: LynxFirmwareVersionManager: LynxI2cDeviceSynchV2
11-23 10:32:19.765  5022  5105 V LynxI2cDeviceSynch: initializeHardware() mod#=173
11-23 10:32:19.768  5022  5105 V BNO055  : Suppressing I2C warnings while we check for a BNO055 IMU
11-23 10:32:19.772  5022  5105 V BNO055  : Found BNO055 IMU
11-23 10:32:19.773  5022  5105 V BNO055  : Suppressing I2C warnings while we check for a BNO055 IMU
11-23 10:32:19.777  5022  5105 V BNO055  : Found BNO055 IMU
11-23 10:32:19.927  5022  5105 I RobotCore: LynxFirmwareVersionManager: LynxI2cDeviceSynchV2
11-23 10:32:19.928  5022  5105 V LynxI2cDeviceSynch: initializeHardware() mod#=173
11-23 10:32:19.930  5022  5105 V RobotCore: Creating user sensor REV 2M Distance Sensor - on Lynx module=173 bus=1
11-23 10:32:19.931  5022  5105 I RobotCore: LynxFirmwareVersionManager: LynxI2cDeviceSynchV2
11-23 10:32:19.931  5022  5105 V LynxI2cDeviceSynch: initializeHardware() mod#=173
11-23 10:32:19.933  5022  5105 V RobotCore: Creating user sensor REV Color Sensor V3 - on Lynx module=173 bus=2
11-23 10:32:19.933  5022  5105 I RobotCore: LynxFirmwareVersionManager: LynxI2cDeviceSynchV2
11-23 10:32:19.934  5022  5105 V LynxI2cDeviceSynch: initializeHardware() mod#=173
11-23 10:32:19.936  5022  5105 I I2C     : Automatically initializing I2C device RevColorSensorV3 (USB (embedded); module 173; bus 2; addr7=0x00)
11-23 10:32:19.936  5022  5105 V BroadcomColorSensorImpl: internalInitialize()...
11-23 10:32:19.947  5022  5105 V BroadcomColorSensorImpl: state: 07 37 20 1d 42 01 c2 
11-23 10:32:19.948  5022  5105 V BroadcomColorSensorImpl: setGain(0x01)
11-23 10:32:19.952  5022  5105 V BroadcomColorSensorImpl: setLEDParameters(0x37)
11-23 10:32:19.957  5022  5105 V BroadcomColorSensorImpl: setProximityPulseCount(0x20)
11-23 10:32:19.961  5022  5105 V BroadcomColorSensorImpl: setPSMeasRate(0x1d)
11-23 10:32:19.965  5022  5105 V BroadcomColorSensorImpl: setLSMeasRate(0x42)
11-23 10:32:19.973  5022  5105 V BroadcomColorSensorImpl: enable() enabled=0x07...
11-23 10:32:19.982  5022  5105 V BroadcomColorSensorImpl: ...enable() enabled=0x07
11-23 10:32:19.987  5022  5105 V BroadcomColorSensorImpl: state: 07 37 20 1d 42 01 c2 
11-23 10:32:19.987  5022  5105 V BroadcomColorSensorImpl: ...internalInitialize()
11-23 10:32:19.989  5022  5105 V LynxMotor: initializeHardware() mod#=2
11-23 10:32:20.055  5022  5105 V RobotCore: DcMotorImpl(type=goBILDA5202SeriesMotor)
11-23 10:32:20.057  5022  5105 V RobotCore: DcMotorImpl(type=goBILDA5202SeriesMotor)
11-23 10:32:20.058  5022  5105 V LynxServoController: initializeHardware() mod#=2
11-23 10:32:20.100  5022  5105 V LynxVoltageSensor: initializeHardware() mod#=2
11-23 10:32:20.101  5022  5105 V LynxAnalogInputController: initializeHardware() mod#=2
11-23 10:32:20.102  5022  5105 V LynxDigitalChannelController: initializeHardware() mod#=2
11-23 10:32:20.127  5022  5105 V RobotCore: Creating Webcam [D5386480]
11-23 10:32:20.129  5022  5105 V CameraManager: construct(hash=0x002cdadf|inst#=0)
11-23 10:32:20.131  5022  5105 D libusb  : [ 0.000366] [000013f1] libusb: debug [op_init] sysfs(/sys/bus/usb/devices) available
11-23 10:32:20.131  5022  5105 D libusb  : [ 0.000555] [000013f1] libusb: debug [op_init] sysfs can relate devices
11-23 10:32:20.131  5022  5105 D libusb  : [ 0.000613] [000013f1] libusb: debug [op_init] sysfs has complete descriptors
11-23 10:32:20.131  5022  5105 D libusb  : [ 0.000913] [000013f1] libusb: debug [op_init] sysfs has serial numbers
11-23 10:32:20.129  5022  5022 I pRunnable.run(): type=1400 audit(0.0:290): avc: denied { read } for name="devices" dev="sysfs" ino=7258 scontext=u:r:untrusted_app:s0:c512,c768 tcontext=u:object_r:sysfs:s0 tclass=dir permissive=1
11-23 10:32:20.133  5022  5105 V UvcContext: construct(pointer=0xcfcfcc60|inst#=0)
11-23 10:32:20.129  5022  5022 I pRunnable.run(): type=1400 audit(0.0:291): avc: denied { open } for path="/sys/bus/usb/devices" dev="sysfs" ino=7258 scontext=u:r:untrusted_app:s0:c512,c768 tcontext=u:object_r:sysfs:s0 tclass=dir permissive=1
11-23 10:32:20.142  5022  5105 I RobotCore: ========= Device Information ===================================================
11-23 10:32:20.143  5022  5105 I RobotCore: Type                                               Name                           Connection
11-23 10:32:20.144  5022  5105 I RobotCore: Motor                                              LeftSlider                     USB (embedded); module 2; port 1
11-23 10:32:20.144  5022  5105 I RobotCore: Rev Color Sensor v3                                ColorSensor                    USB (embedded); module 173; bus 2; addr7=0x52
11-23 10:32:20.145  5022  5105 I RobotCore: Motor                                              RightSlider                    USB (embedded); module 2; port 0
11-23 10:32:20.146  5022  5105 I RobotCore: REV Robotics USB Expansion Hub Portal              Control Hub Portal             USB (embedded)
11-23 10:32:20.147  5022  5105 I RobotCore: Motor                                              FrontLeft                      USB (embedded); module 173; port 0
11-23 10:32:20.148  5022  5105 I RobotCore: Motor                                              BackRight                      USB (embedded); module 173; port 3
11-23 10:32:20.149  5022  5105 I RobotCore: Expansion Hub DC Motor Controller                  Expansion Hub 2                USB (embedded); module 2
11-23 10:32:20.149  5022  5105 I RobotCore: Expansion Hub Servo Controller                     Expansion Hub 2                USB (embedded); module 2
11-23 10:32:20.150  5022  5105 I RobotCore: Expansion Hub Voltage Sensor                       Expansion Hub 2                USB (embedded); module 2
11-23 10:32:20.151  5022  5105 I RobotCore: Expansion Hub Analog Input Controller              Expansion Hub 2                USB (embedded); module 2
11-23 10:32:20.152  5022  5105 I RobotCore: Expansion Hub Digital Channel Controller           Expansion Hub 2                USB (embedded); module 2
11-23 10:32:20.159  5022  5105 I RobotCore: Expansion Hub (HW: 20, Maj: 1, Min: 8, Eng: 2)     Expansion Hub 2                USB (embedded); module 2
11-23 10:32:20.159  5022  5105 I RobotCore: REV 2M ToF Distance Sensor                         DistanceSensor                 USB (embedded); module 173; bus 1; addr7=0x29
11-23 10:32:20.161  5022  5105 I RobotCore: REV internal IMU (BNO055)                          imu                            USB (embedded); module 173; bus 0; addr7=0x28
11-23 10:32:20.161  5022  5105 I RobotCore: REV internal IMU (BNO055)                          imu                            USB (embedded); module 173; bus 0; addr7=0x28
11-23 10:32:20.171  5022  5105 I RobotCore: Logitech C270 HD WEBCAM                            Webcam 1                       USB (D5386480)
11-23 10:32:20.172  5022  5105 I RobotCore: Expansion Hub DC Motor Controller                  Control Hub                    USB (embedded); module 173
11-23 10:32:20.172  5022  5105 I RobotCore: Expansion Hub Servo Controller                     Control Hub                    USB (embedded); module 173
11-23 10:32:20.173  5022  5105 I RobotCore: Expansion Hub Voltage Sensor                       Control Hub                    USB (embedded); module 173
11-23 10:32:20.174  5022  5105 I RobotCore: Expansion Hub Analog Input Controller              Control Hub                    USB (embedded); module 173
11-23 10:32:20.174  5022  5105 I RobotCore: Expansion Hub Digital Channel Controller           Control Hub                    USB (embedded); module 173
11-23 10:32:20.178  5022  5105 I RobotCore: Expansion Hub (HW: 20, Maj: 1, Min: 8, Eng: 2)     Control Hub                    USB (embedded); module 173
11-23 10:32:20.179  5022  5105 I RobotCore: Servo                                              ClawServo                      USB (embedded); module 173; port 0
11-23 10:32:20.179  5022  5105 I RobotCore: Motor                                              FrontRight                     USB (embedded); module 173; port 1
11-23 10:32:20.180  5022  5105 I RobotCore: Motor                                              BackLeft                       USB (embedded); module 173; port 2
11-23 10:32:20.181  5022  5105 I RobotCore: Servo                                              ArmServo                       USB (embedded); module 173; port 1
11-23 10:32:20.187  5022  5105 I RobotCore: LynxFirmwareVersionManager: LynxI2cDeviceSynchV2
11-23 10:32:20.188  5022  5105 V LynxI2cDeviceSynch: initializeHardware() mod#=2
11-23 10:32:20.188  5022  5105 V BNO055  : Suppressing I2C warnings while we check for a BNO055 IMU
11-23 10:32:20.194  5022  5105 V BNO055  : Found BNO055 IMU
11-23 10:32:20.198  5022  5105 I RobotCore: LynxFirmwareVersionManager: LynxI2cDeviceSynchV2
11-23 10:32:20.199  5022  5105 V LynxI2cDeviceSynch: initializeHardware() mod#=173
11-23 10:32:20.199  5022  5105 V BHI260IMU: Suppressing I2C warnings while we check for a BHI260AP IMU
11-23 10:32:20.203  5022  5105 V BHI260IMU: No BHI260AP IMU found
11-23 10:32:20.203  5022  5105 V BNO055  : Suppressing I2C warnings while we check for a BNO055 IMU
11-23 10:32:20.207  5022  5105 V BNO055  : Found BNO055 IMU
11-23 10:32:20.217  5022  5105 V LynxUsb : 0x087fad80 on 0x09fee4bd: releasing delegate to [(embedded)]
11-23 10:32:20.217  5022  5105 I FtcEventLoop: ======= INIT FINISH =======
11-23 10:32:20.217  5022  5105 V RobotCore: EventLoopManager state is RUNNING
11-23 10:32:20.218  5022  5184 W art     : Long monitor contention with owner RobotSetupRunnable.run() (5105) at int libcore.io.Posix.readBytes(java.io.FileDescriptor, java.lang.Object, int, int)(Posix.java:-2) waiters=0 in org.firstinspires.ftc.robotcore.internal.network.CallbackResult com.qualcomm.robotcore.eventloop.EventLoopManager.commandEvent(com.qualcomm.robotcore.robocol.Command) for 1.394s
11-23 10:32:20.222  5022  5105 V RobotCore: Robot Status: running, starting robot
11-23 10:32:20.223  5022  5105 V RobotCore: Robot Status: running
11-23 10:32:20.225  5022  5210 V RobotCore: thread: 'EventLoop' starting...
11-23 10:32:20.226  5022  5105 D FTCService: Detecting Wi-Fi reset
11-23 10:32:20.228  5022  5105 D RobotControllerAccessPointAssistant: detectWifiReset button=false
11-23 10:32:20.229  5022  5105 V RobotCore: thread: ...terminating 'RobotSetupRunnable.run()'
11-23 10:32:20.231  5022  5184 E Robocol : command processing took 1408 ms: command=CMD_REQUEST_ACTIVE_CONFIG
11-23 10:32:20.261  5022  5186 V Robocol : sending CMD_NOTIFY_ROBOT_STATE(68), attempt: 0
11-23 10:32:20.262  5022  5186 V Robocol : sending CMD_SHOW_TOAST(69), attempt: 0
11-23 10:32:20.263  5022  5186 V Robocol : sending CMD_NOTIFY_ACTIVE_CONFIGURATION(71), attempt: 0
11-23 10:32:20.302  5022  5186 V Robocol : sending CMD_NOTIFY_USER_DEVICE_LIST(75), attempt: 0
11-23 10:32:20.305  5022  5186 V Robocol : sending CMD_NOTIFY_OP_MODE_LIST(78), attempt: 0
11-23 10:32:20.324  5022  5189 V SoundInfo: construct(0x0cebf030)
11-23 10:32:20.372  5022  5188 I MediaCodec: callingProcessName:com.qualcomm.ftcrobotcontroller
11-23 10:32:20.375  5022  5215 I ACodec  : onAllocateComponent:6752 mSoftCodecPref:0 componentName:
11-23 10:32:20.376  5022  5215 I ACodec  : onAllocateComponent:6783 mSoftCodecPref:0 componentName:OMX.google.raw.decoder
11-23 10:32:20.424  5022  5071 D SoundPlayer: onLoadComplete(samp=2|ms=4506, samp=2)=0
11-23 10:32:20.426  5022  5189 W AudioTrack: AUDIO_OUTPUT_FLAG_FAST denied by client; transfer 4, track 48000 Hz, output 44100 Hz
11-23 10:32:20.447  5022  5189 D SoundPlayer: playing volume=0.000000 samp=2|ms=4506
11-23 10:32:20.461  5022  5186 V Robocol : sending CMD_PLAY_SOUND(90), attempt: 0
11-23 10:32:20.737  5022  5210 I RobotCore: Attempting to switch to op mode $Stop$Robot$
11-23 10:32:20.739  5022  5210 D HardwareMap: Clearing which device instances have been retrieved
11-23 10:32:20.739  5022  5210 D HardwareMap: Clearing which device instances have been retrieved
11-23 10:32:20.744  5022  5219 V RobotCore: thread: 'OpModeThread' starting...
11-23 10:32:20.781  5022  5186 V Robocol : sending CMD_NOTIFY_INIT_OP_MODE(102), attempt: 0
11-23 10:33:20.582  5022  5183 V Robocol : received command: CMD_INIT_OP_MODE(10872) $Stop$Robot$
11-23 10:33:20.598  5022  5219 V RobotCore: thread: ...terminating 'OpModeThread'
11-23 10:33:20.602  5022  5210 I RobotCore: Attempting to switch to op mode $Stop$Robot$
11-23 10:33:20.603  5022  5210 D HardwareMap: Clearing which device instances have been retrieved
11-23 10:33:20.604  5022  5210 D HardwareMap: Clearing which device instances have been retrieved
11-23 10:33:20.608  5022  5345 V RobotCore: thread: 'OpModeThread' starting...
11-23 10:33:20.622  5022  5186 V Robocol : sending CMD_NOTIFY_INIT_OP_MODE(919), attempt: 0
11-23 10:33:28.983  5022  5183 V Robocol : received command: CMD_SET_MATCH_NUMBER(10991) 0
11-23 10:33:28.984  5022  5183 V Robocol : received command: CMD_INIT_OP_MODE(10992) AutonomousRight
11-23 10:33:29.006  5022  5184 I RobotCore: ******************** START - OPMODE AutonomousRight ********************
11-23 10:33:29.011  5022  5345 V RobotCore: thread: ...terminating 'OpModeThread'
11-23 10:33:29.014  5022  5210 I RobotCore: Attempting to switch to op mode AutonomousRight
11-23 10:33:29.189  5022  5210 D HardwareMap: Clearing which device instances have been retrieved
11-23 10:33:29.189  5022  5210 D HardwareMap: Clearing which device instances have been retrieved
11-23 10:33:29.193  5022  5360 V RobotCore: thread: 'OpModeThread' starting...
11-23 10:33:29.195  5022  5360 I global  :  RENO - AutonomousRight.runOpMode(AutonomousRight.java:181): Status - Initialized
11-23 10:33:29.197  5022  5360 I global  :  RENO - SliderWith2Motors.init(SliderWith2Motors.java:73): init slider motors.
11-23 10:33:29.221  5022  5186 V Robocol : sending CMD_NOTIFY_INIT_OP_MODE(1050), attempt: 0
11-23 10:33:29.240  5022  5360 I I2C     : Automatically initializing I2C device LynxEmbeddedIMU (USB (embedded); module 173; bus 0; addr7=0x28)
11-23 10:33:29.241  5022  5360 I I2C     : Automatically initializing I2C device Rev2mDistanceSensor (USB (embedded); module 173; bus 1; addr7=0x29)
11-23 10:33:29.242  5022  5360 D STMicroVL53L0X: : Checking to see if it's really a VL53L0X sensor...
11-23 10:33:29.246  5022  5360 D STMicroVL53L0X: : Reg 0xC0 = ee (should be 0xEE)
11-23 10:33:29.250  5022  5360 D STMicroVL53L0X: : Reg 0xC1 = aa (should be 0xAA)
11-23 10:33:29.254  5022  5360 D STMicroVL53L0X: : Reg 0xC2 = 10 (should be 0x10)
11-23 10:33:29.259  5022  5360 D STMicroVL53L0X: : Reg 0x51 = 0 (should be 0x0099)
11-23 10:33:29.266  5022  5360 D STMicroVL53L0X: : Reg 0x61 = 0 (should be 0x0000)
11-23 10:33:29.291  5022  5360 D STMicroVL53L0X: : initial sig rate lim (MCPS) 0.250000
11-23 10:33:29.297  5022  5360 D STMicroVL53L0X: : adjusted sig rate lim (MCPS) 0.250000
11-23 10:33:29.553  5022  5360 I I2C     : Automatically initializing I2C device RevColorSensorV3 (USB (embedded); module 173; bus 2; addr7=0x52)
11-23 10:33:29.553  5022  5360 V BroadcomColorSensorImpl: internalInitialize()...
11-23 10:33:29.562  5022  5360 V BroadcomColorSensorImpl: state: 07 37 20 1d 42 01 c2 
11-23 10:33:29.562  5022  5360 V BroadcomColorSensorImpl: setGain(0x01)
11-23 10:33:29.565  5022  5360 V BroadcomColorSensorImpl: setLEDParameters(0x37)
11-23 10:33:29.568  5022  5360 V BroadcomColorSensorImpl: setProximityPulseCount(0x20)
11-23 10:33:29.572  5022  5360 V BroadcomColorSensorImpl: setPSMeasRate(0x1d)
11-23 10:33:29.576  5022  5360 V BroadcomColorSensorImpl: setLSMeasRate(0x42)
11-23 10:33:29.582  5022  5360 V BroadcomColorSensorImpl: enable() enabled=0x07...
11-23 10:33:29.589  5022  5360 V BroadcomColorSensorImpl: ...enable() enabled=0x07
11-23 10:33:29.594  5022  5360 V BroadcomColorSensorImpl: state: 07 37 20 1d 42 01 c2 
11-23 10:33:29.594  5022  5360 V BroadcomColorSensorImpl: ...internalInitialize()
11-23 10:33:29.643  5022  5360 V BNO055  : Suppressing I2C warnings while we check for a BNO055 IMU
11-23 10:33:29.646  5022  5360 V BNO055  : Found BNO055 IMU
11-23 10:33:30.081  5022  5360 V BNO055IMU: Now polling until IMU comes out of reset. It is normal to see I2C failures below
11-23 10:33:30.086  5022  5360 V RobotCore: addr=false data=true arb=false clock=false
11-23 10:33:30.088  5022  5360 E LynxI2cDeviceSynch: readStatusQuery: cbExpected=1 cbRead=0
11-23 10:33:30.088  5022  5360 E LynxI2cDeviceSynch: placeholder: readStatusQuery
11-23 10:33:30.153  5022  5360 V RobotCore: addr=false data=true arb=false clock=false
11-23 10:33:30.153  5022  5360 E LynxI2cDeviceSynch: readStatusQuery: cbExpected=1 cbRead=0
11-23 10:33:30.320  5022  5360 V BNO055IMU: IMU has come out of reset. No more I2C failures should occur.
11-23 10:33:30.880  5022  5360 I System.out: OpenCvCameraBase ctor: EasyOpenCV version 1.5.2
11-23 10:33:30.886  5022  5364 D CameraManager: doOpenCamera()...
11-23 10:33:30.886  5022  5364 D CameraManager: requesting permission for camera: Webcam(D5386480)
11-23 10:33:30.895  5022  5364 D WebcamNameImpl: requesting permission for /dev/bus/usb/003/004
11-23 10:33:30.896  5022  5364 V WebcamNameImpl: asyncRequestUsbPermission()...
11-23 10:33:30.899  5022  5364 D WebcamNameImpl: permission already available for /dev/bus/usb/003/004
11-23 10:33:30.901  5022  5186 V Robocol : sending CMD_STREAM_CHANGE(1069), attempt: 0
11-23 10:33:30.904  5022  5364 V WebcamNameImpl: ...asyncRequestUsbPermission()
11-23 10:33:30.904  5022  5364 D ContinuationSynchronizer: awaiting(camera open)...
11-23 10:33:30.904  5022  5365 D WebcamNameImpl: permission for /dev/bus/usb/003/004=true
11-23 10:33:30.906  5022  5365 D CameraManager: permission granted for camera: Webcam(D5386480)
11-23 10:33:30.908  5022  5365 D CameraManager: asyncOpenCamera(Webcam(D5386480))...
11-23 10:33:30.910  5022  5365 D CameraManager: asyncOpenWebcam(Webcam(D5386480))...
11-23 10:33:30.910  5022  5365 V UsbResiliantWebcam: construct(0x00b6a78e)
11-23 10:33:30.913  5022  5365 D UsbResiliantWebcam: openAssumingPermission()...
11-23 10:33:30.919  5022  5022 D OpenCvViewport: surfaceCreated()
11-23 10:33:30.919  5022  5022 D OpenCvViewport: ...surfaceCreated()
11-23 10:33:30.919  5022  5022 D OpenCvViewport: surfaceChanged()
11-23 10:33:30.919  5022  5022 D OpenCvViewport: CheckState(): user requested that we deactivate
11-23 10:33:30.919  5022  5022 D OpenCvViewport: CheckState(): already deactivated
11-23 10:33:30.919  5022  5022 D OpenCvViewport: ...surfaceChanged()
11-23 10:33:30.921  5022  5365 D UvcContext: found webcam: usbPath=/dev/bus/usb/003/004 vid=0x46D pid=0x825 serial=D5386480 product=C270 HD WEBCAM
11-23 10:33:30.927  5022  5365 D Uvc     : [jni_context.cpp:120] Java_org_firstinspires_ftc_robotcore_internal_camera_libuvc_nativeobject_UvcContext_nativeCreateUvcDevice()...
11-23 10:33:30.928  5022  5365 V Uvc     : API: Java_org_firstinspires_ftc_robotcore_internal_camera_libuvc_nativeobject_UvcContext_nativeCreateUvcDevice: enter...
11-23 10:33:30.930  5022  5365 D libusb  : [70.799616] [000014f5] libusb: debug [op_create] op_create: szUsbPath=/dev/bus/usb/003/004 szSysfsDir=3-1.4
11-23 10:33:30.931  5022  5365 D libusb  : [70.800331] [000014f5] libusb: debug [initialize_device] initialize_device(szUsbPath=/dev/bus/usb/003/004 szSysfsDir=3-1.4)
11-23 10:33:30.932  5022  5365 D libusb  : [70.800995] [000014f5] libusb: debug [initialize_device] initialize_device(szUsbPath=(null) szSysfsDir=3-1)
11-23 10:33:30.939  5022  5365 E libusb  : [70.808385] [000014f5] libusb: error [initialize_device] unable to open serial number sysfs; error ignored
11-23 10:33:30.939  5022  5365 D libusb  : [70.808772] [000014f5] libusb: debug [initialize_device] initialize_device(szUsbPath=(null) szSysfsDir=usb3)
11-23 10:33:30.940  5022  5365 D Uvc     : [device.cpp:613] uvc_create_uvc_device()...
11-23 10:33:30.940  5022  5365 D Uvc     : [libuvc/libuvc_internal.h:346] uvc_device::uvc_device()...
11-23 10:33:30.940  5022  5365 D Uvc     : [libuvc/libuvc_internal.h:375] acquired vid=1133 & pid=2085
11-23 10:33:30.940  5022  5365 D Uvc     : [libuvc/libuvc_internal.h:346] ...uvc_device::uvc_device()
11-23 10:33:30.940  5022  5365 D Uvc     : [device.cpp:613] ...uvc_create_uvc_device() rc=0
11-23 10:33:30.940  5022  5365 V Uvc     : API: Java_org_firstinspires_ftc_robotcore_internal_camera_libuvc_nativeobject_UvcContext_nativeCreateUvcDevice: ...exit
11-23 10:33:30.940  5022  5365 D Uvc     : [jni_context.cpp:120] ...Java_org_firstinspires_ftc_robotcore_internal_camera_libuvc_nativeobject_UvcContext_nativeCreateUvcDevice()
11-23 10:33:30.945  5022  5365 V UvcDevice: construct(pointer=0xd02b2340|null)
11-23 10:33:30.946  5022  5365 D Uvc     : [jni_device.cpp:108] Java_org_firstinspires_ftc_robotcore_internal_camera_libuvc_nativeobject_UvcDevice_nativeGetLibUsbDevice()...
11-23 10:33:30.946  5022  5365 D Uvc     : [jni_device.cpp:108] ...Java_org_firstinspires_ftc_robotcore_internal_camera_libuvc_nativeobject_UvcDevice_nativeGetLibUsbDevice()
11-23 10:33:30.946  5022  5365 V LibUsbDevice: construct(pointer=0xd3d108c0)
11-23 10:33:30.947  5022  5365 D UvcContext: usb device is *not* UVC compatible, /dev/bus/usb/003/003
11-23 10:33:30.952  5022  5365 D UvcDevice: open()...
11-23 10:33:31.011  5022  5365 D Uvc     : [jni_device.cpp:50] Java_org_firstinspires_ftc_robotcore_internal_camera_libuvc_nativeobject_UvcDevice_nativeSetUsbDeviceInfo()...
11-23 10:33:31.012  5022  5365 D Uvc     : [jni_device.cpp:50] ...Java_org_firstinspires_ftc_robotcore_internal_camera_libuvc_nativeobject_UvcDevice_nativeSetUsbDeviceInfo()
11-23 10:33:31.013  5022  5365 D Uvc     : [jni_device.cpp:233] Java_org_firstinspires_ftc_robotcore_internal_camera_libuvc_nativeobject_UvcDevice_nativeOpenDeviceHandle()...
11-23 10:33:31.013  5022  5365 V Uvc     : API: Java_org_firstinspires_ftc_robotcore_internal_camera_libuvc_nativeobject_UvcDevice_nativeOpenDeviceHandle: enter...
11-23 10:33:31.013  5022  5365 D Uvc     : [device.cpp:279] uvc_open()...
11-23 10:33:31.013  5022  5365 D Uvc     : [libuvc/libuvc_internal.h:356] uvc_device::open()...
11-23 10:33:31.013  5022  5365 D libusb  : [70.882790] [000014f5] libusb: debug [op_open] op_open: szUsbPath=/dev/bus/usb/003/004
11-23 10:33:31.014  5022  5365 D Uvc     : [libuvc/libuvc_internal.h:356] ...uvc_device::open() rc=0
11-23 10:33:31.014  5022  5365 D Uvc     : [device.cpp:295] calling libusb_reset_device()...
11-23 10:33:31.578  5022  5365 D Uvc     : [device.cpp:303] ...libusb_reset_device() called
11-23 10:33:31.578  5022  5365 D Uvc     : [device.cpp:311] libusb_open() = 0
11-23 10:33:31.578  5022  5365 D Uvc     : [libuvc/libuvc_internal.h:732] uvc_device_handle::uvc_device_handle()...
11-23 10:33:31.578  5022  5365 D Uvc     : [libuvc/libuvc_internal.h:732] ...uvc_device_handle::uvc_device_handle()
11-23 10:33:31.578  5022  5365 D Uvc     : [device.cpp:386] uvc_get_device_info()...
11-23 10:33:31.578  5022  5365 D libusb  : [71.448192] [000014f5] libusb: debug [op_get_config_descriptor] op_get_config_descriptor: config_index=0
11-23 10:33:31.579  5022  5365 D libusb  : [71.448262] [000014f5] libusb: debug [op_get_config_descriptor] op_get_config_descriptor: config_index=0
11-23 10:33:31.579  5022  5365 D Uvc     : [device.cpp:986] uvc_scan_control()...
11-23 10:33:31.579  5022  5365 D Uvc     : [device.cpp:1041] uvc_parse_vc_header()...
11-23 10:33:31.579  5022  5365 D Uvc     : [device.cpp:1284] uvc_scan_streaming()...
11-23 10:33:31.579  5022  5365 D Uvc     : [device.cpp:1340] uvc_parse_vs_input_header()...
11-23 10:33:31.579  5022  5365 D Uvc     : [device.cpp:1340] ...uvc_parse_vs_input_header() rc=0
11-23 10:33:31.579  5022  5365 D Uvc     : [device.cpp:1389] uvc_parse_vs_format_uncompressed()...
11-23 10:33:31.579  5022  5365 D Uvc     : [device.cpp:1389] ...uvc_parse_vs_format_uncompressed() rc=0
11-23 10:33:31.579  5022  5365 V Uvc     : [device.cpp:1630] unsupported descriptor subtype: 13 UVC_VS_COLORFORMAT
11-23 10:33:31.579  5022  5365 D Uvc     : [device.cpp:1449] uvc_parse_vs_format_mjpeg()...
11-23 10:33:31.579  5022  5365 D Uvc     : [device.cpp:1449] ...uvc_parse_vs_format_mjpeg() rc=0
11-23 10:33:31.579  5022  5365 V Uvc     : [device.cpp:1630] unsupported descriptor subtype: 13 UVC_VS_COLORFORMAT
11-23 10:33:31.579  5022  5365 D Uvc     : [device.cpp:1284] ...uvc_scan_streaming() rc=0
11-23 10:33:31.580  5022  5365 D Uvc     : [device.cpp:1041] ...uvc_parse_vc_header() rc=0
11-23 10:33:31.580  5022  5365 D Uvc     : [device.cpp:1083] uvc_parse_vc_input_terminal()...
11-23 10:33:31.580  5022  5365 D Uvc     : [device.cpp:1083] ...uvc_parse_vc_input_terminal() rc=0
11-23 10:33:31.580  5022  5365 D Uvc     : [device.cpp:1156] uvc_parse_vc_processing_unit()...
11-23 10:33:31.580  5022  5365 D Uvc     : [device.cpp:1156] ...uvc_parse_vc_processing_unit() rc=0
11-23 10:33:31.580  5022  5365 D Uvc     : [device.cpp:986] ...uvc_scan_control() rc=0
11-23 10:33:31.580  5022  5365 D Uvc     : [device.cpp:386] ...uvc_get_device_info() rc=0
11-23 10:33:31.580  5022  5365 D Uvc     : [device.cpp:326] claiming control interface 0
