01-20 18:37:01.296 17568 17913 D UvcApiPtzControl: getMinZoom()...
01-20 18:37:01.299 17568 17913 E UvcDeviceHandle: [jni_devicehandle.cpp:219] Failed to get min zoom : error -9
01-20 18:37:01.299 17568 17913 D UvcApiPtzControl: ...getMinZoom(): 0
01-20 18:37:01.300 17568 17913 D UvcApiPtzControl: getMaxZoom()...
01-20 18:37:01.302 17568 17913 E UvcDeviceHandle: [jni_devicehandle.cpp:242] Failed to get max zoom : error -9
01-20 18:37:01.302 17568 17913 D UvcApiPtzControl: ...getMaxZoom(): 0
01-20 18:37:01.303 17568 17913 D UvcApiPtzControl: getMinPanTilt()...
01-20 18:37:01.305 17568 17913 E UvcDeviceHandle: [jni_devicehandle.cpp:365] Failed to get min pan/tilt : error -9
01-20 18:37:01.305 17568 17913 D UvcApiPtzControl: ...getMinPanTilt(): org.firstinspires.ftc.robotcore.external.hardware.camera.controls.PtzControl$PanTiltHolder@1557459
01-20 18:37:01.305 17568 17913 D UvcApiPtzControl: getMaxPanTilt()...
01-20 18:37:01.308 17568 17913 E UvcDeviceHandle: [jni_devicehandle.cpp:333] Failed to get max pan/tilt : error -9
01-20 18:37:01.308 17568 17913 D UvcApiPtzControl: ...getMaxPanTilt(): org.firstinspires.ftc.robotcore.external.hardware.camera.controls.PtzControl$PanTiltHolder@abd81e
01-20 18:37:01.308 17568 17913 D UvcApiPtzControl: getZoom()...
01-20 18:37:01.310 17568 17913 E UvcDeviceHandle: [jni_devicehandle.cpp:196] Failed to get zoom : error -9
01-20 18:37:01.310 17568 17913 D UvcApiPtzControl: ...getZoom(): 0
01-20 18:37:01.311 17568 17913 D UvcApiPtzControl: getPanTilt()...
01-20 18:37:01.313 17568 17913 E UvcDeviceHandle: [jni_devicehandle.cpp:301] Failed to get pan/tilt : error -9
01-20 18:37:01.313 17568 17913 D UvcApiPtzControl: ...getPanTilt(): org.firstinspires.ftc.robotcore.external.hardware.camera.controls.PtzControl$PanTiltHolder@a3858ff
01-20 18:37:01.314 17568 17913 D UvcApiGainControl: getMinGain()...
01-20 18:37:01.315 17568 17913 D Uvc     : [jni_devicehandle.cpp:894] Java_org_firstinspires_ftc_robotcore_internal_camera_libuvc_nativeobject_UvcDeviceHandle_nativeGetMinGain()...
01-20 18:37:01.316 17568 17913 D Uvc     : [jni_devicehandle.cpp:894] ...Java_org_firstinspires_ftc_robotcore_internal_camera_libuvc_nativeobject_UvcDeviceHandle_nativeGetMinGain()
01-20 18:37:01.317 17568 17913 D UvcApiGainControl: ...getMinGain(): 0
01-20 18:37:01.317 17568 17913 D UvcApiGainControl: getMaxGain()...
01-20 18:37:01.318 17568 17913 D Uvc     : [jni_devicehandle.cpp:917] Java_org_firstinspires_ftc_robotcore_internal_camera_libuvc_nativeobject_UvcDeviceHandle_nativeGetMaxGain()...
01-20 18:37:01.320 17568 17913 D Uvc     : [jni_devicehandle.cpp:917] ...Java_org_firstinspires_ftc_robotcore_internal_camera_libuvc_nativeobject_UvcDeviceHandle_nativeGetMaxGain()
01-20 18:37:01.320 17568 17913 D UvcApiGainControl: ...getMaxGain(): 255
01-20 18:37:01.320 17568 17913 D UvcApiGainControl: getGain()...
01-20 18:37:01.321 17568 17913 D Uvc     : [jni_devicehandle.cpp:940] Java_org_firstinspires_ftc_robotcore_internal_camera_libuvc_nativeobject_UvcDeviceHandle_nativeGetGain()...
01-20 18:37:01.323 17568 17913 D Uvc     : [jni_devicehandle.cpp:940] ...Java_org_firstinspires_ftc_robotcore_internal_camera_libuvc_nativeobject_UvcDeviceHandle_nativeGetGain()
01-20 18:37:01.323 17568 17913 D UvcApiGainControl: ...getGain(): 0
01-20 18:37:01.324 17568 17913 D UvcApiWhiteBalanceControl: getMinWhiteBalanceTemperature()...
01-20 18:37:01.325 17568 17913 D Uvc     : [jni_devicehandle.cpp:726] Java_org_firstinspires_ftc_robotcore_internal_camera_libuvc_nativeobject_UvcDeviceHandle_nativeGetMinWhiteBalanceTemperature()...
01-20 18:37:01.326 17568 17913 D Uvc     : [jni_devicehandle.cpp:726] ...Java_org_firstinspires_ftc_robotcore_internal_camera_libuvc_nativeobject_UvcDeviceHandle_nativeGetMinWhiteBalanceTemperature()
01-20 18:37:01.327 17568 17913 D UvcApiWhiteBalanceControl: ...getMinWhiteBalanceTemperature(): 0
01-20 18:37:01.327 17568 17913 D UvcApiWhiteBalanceControl: getMaxWhiteBalanceTemperature()...
01-20 18:37:01.328 17568 17913 D Uvc     : [jni_devicehandle.cpp:748] Java_org_firstinspires_ftc_robotcore_internal_camera_libuvc_nativeobject_UvcDeviceHandle_nativeGetMaxWhiteBalanceTemperature()...
01-20 18:37:01.330 17568 17913 D Uvc     : [jni_devicehandle.cpp:748] ...Java_org_firstinspires_ftc_robotcore_internal_camera_libuvc_nativeobject_UvcDeviceHandle_nativeGetMaxWhiteBalanceTemperature()
01-20 18:37:01.330 17568 17913 D UvcApiWhiteBalanceControl: ...getMaxWhiteBalanceTemperature(): 10000
01-20 18:37:01.330 17568 17913 D UvcApiWhiteBalanceControl: getWhiteBalanceTemperature()...
01-20 18:37:01.331 17568 17913 D Uvc     : [jni_devicehandle.cpp:793] Java_org_firstinspires_ftc_robotcore_internal_camera_libuvc_nativeobject_UvcDeviceHandle_nativeGetWhiteBalanceTemperature()...
01-20 18:37:01.333 17568 17913 D Uvc     : [jni_devicehandle.cpp:793] ...Java_org_firstinspires_ftc_robotcore_internal_camera_libuvc_nativeobject_UvcDeviceHandle_nativeGetWhiteBalanceTemperature()
01-20 18:37:01.333 17568 17913 D UvcApiWhiteBalanceControl: ...getWhiteBalanceTemperature(): 4000
01-20 18:37:01.333 17568 17913 D UsbResiliantWebcam: ...changeDelegatedCamera(null->CameraImpl(UvcDeviceHandle(pointer=0xce0ba470|UvcDevice(/dev/bus/usb/003/004))))
01-20 18:37:01.334 17568 17913 D UsbResiliantWebcam: openSelfAndReport()...
01-20 18:37:01.334 17568 17913 V CameraImpl: construct(0x0955c6cc)
01-20 18:37:01.336 17568 17913 D UsbResiliantWebcam: ...openSelfAndReport()
01-20 18:37:01.336 17568 17913 D UsbResiliantWebcam.InterveningStateCallback: ...onOpened() camera=CameraImpl(UvcDeviceHandle(pointer=0xce0ba470|UvcDevice(/dev/bus/usb/003/004)))
01-20 18:37:01.336 17568 17913 D UvcDevice: ...open()
01-20 18:37:01.336 17568 17913 D UsbResiliantWebcam: ...openAssumingPermission()
01-20 18:37:01.336 17568 17913 D CameraManager: ...asyncOpenWebcam(Webcam(D5386480))
01-20 18:37:01.337 17568 17913 D CameraManager: ...asyncOpenCamera(Webcam(D5386480))
01-20 18:37:01.337 17568 17915 D CameraManager: camera reports opened: CameraImpl(UsbResiliantWebcam(Webcam(D5386480)))
01-20 18:37:01.338 17568 17915 D ContinuationSynchronizer: finish("camera reports opened: Webcam(D5386480)": CameraImpl(UsbResiliantWebcam(Webcam(D5386480))))...
01-20 18:37:01.338 17568 17915 D ContinuationSynchronizer: ...finish("camera reports opened: Webcam(D5386480)": CameraImpl(UsbResiliantWebcam(Webcam(D5386480))))
01-20 18:37:01.338 17568 17908 D ContinuationSynchronizer: ...awaiting(camera open)
01-20 18:37:01.338 17568 17908 D CameraManager: ...doOpenCamera()
01-20 18:37:01.343 17568 17908 D UvcContext: found webcam: usbPath=/dev/bus/usb/003/004 vid=0x46D pid=0x825 serial=D5386480 product=C270 HD WEBCAM
01-20 18:37:01.343 17568 17908 D Uvc     : [jni_context.cpp:120] Java_org_firstinspires_ftc_robotcore_internal_camera_libuvc_nativeobject_UvcContext_nativeCreateUvcDevice()...
01-20 18:37:01.343 17568 17908 V Uvc     : API: Java_org_firstinspires_ftc_robotcore_internal_camera_libuvc_nativeobject_UvcContext_nativeCreateUvcDevice: enter...
01-20 18:37:01.344 17568 17908 D libusb  : [30.939679] [000045f4] libusb: debug [op_create] op_create: szUsbPath=/dev/bus/usb/003/004 szSysfsDir=3-1.4
01-20 18:37:01.344 17568 17908 D Uvc     : [device.cpp:613] uvc_create_uvc_device()...
01-20 18:37:01.344 17568 17908 D Uvc     : [libuvc/libuvc_internal.h:346] uvc_device::uvc_device()...
01-20 18:37:01.344 17568 17908 D Uvc     : [libuvc/libuvc_internal.h:375] acquired vid=1133 & pid=2085
01-20 18:37:01.344 17568 17908 D Uvc     : [libuvc/libuvc_internal.h:346] ...uvc_device::uvc_device()
01-20 18:37:01.345 17568 17908 D Uvc     : [device.cpp:613] ...uvc_create_uvc_device() rc=0
01-20 18:37:01.345 17568 17908 V Uvc     : API: Java_org_firstinspires_ftc_robotcore_internal_camera_libuvc_nativeobject_UvcContext_nativeCreateUvcDevice: ...exit
01-20 18:37:01.345 17568 17908 D Uvc     : [jni_context.cpp:120] ...Java_org_firstinspires_ftc_robotcore_internal_camera_libuvc_nativeobject_UvcContext_nativeCreateUvcDevice()
01-20 18:37:01.345 17568 17908 V UvcDevice: construct(pointer=0xce09f990|null)
01-20 18:37:01.345 17568 17908 D Uvc     : [jni_device.cpp:108] Java_org_firstinspires_ftc_robotcore_internal_camera_libuvc_nativeobject_UvcDevice_nativeGetLibUsbDevice()...
01-20 18:37:01.345 17568 17908 D Uvc     : [jni_device.cpp:108] ...Java_org_firstinspires_ftc_robotcore_internal_camera_libuvc_nativeobject_UvcDevice_nativeGetLibUsbDevice()
01-20 18:37:01.346 17568 17908 V LibUsbDevice: construct(pointer=0xd252b560)
01-20 18:37:01.346 17568 17908 D UvcContext: usb device is *not* UVC compatible, /dev/bus/usb/003/003
01-20 18:37:01.346 17568 17908 V UvcApiCameraCharacteristicsBuilder: construct(0x06b9582a)
01-20 18:37:01.349 17568 17908 D Uvc     : [jni_device.cpp:289] Java_org_firstinspires_ftc_robotcore_internal_camera_libuvc_nativeobject_UvcDevice_nativeGetDeviceInfo()...
01-20 18:37:01.349 17568 17908 V Uvc     : API: Java_org_firstinspires_ftc_robotcore_internal_camera_libuvc_nativeobject_UvcDevice_nativeGetDeviceInfo: enter...
01-20 18:37:01.349 17568 17908 D Uvc     : [device.cpp:386] uvc_get_device_info()...
01-20 18:37:01.349 17568 17908 D libusb  : [30.944710] [000045f4] libusb: debug [op_get_config_descriptor] op_get_config_descriptor: config_index=0
01-20 18:37:01.349 17568 17908 D libusb  : [30.944770] [000045f4] libusb: debug [op_get_config_descriptor] op_get_config_descriptor: config_index=0
01-20 18:37:01.349 17568 17908 D Uvc     : [device.cpp:986] uvc_scan_control()...
01-20 18:37:01.349 17568 17908 D Uvc     : [device.cpp:1041] uvc_parse_vc_header()...
01-20 18:37:01.349 17568 17908 D Uvc     : [device.cpp:1284] uvc_scan_streaming()...
01-20 18:37:01.349 17568 17908 D Uvc     : [device.cpp:1340] uvc_parse_vs_input_header()...
01-20 18:37:01.350 17568 17908 D Uvc     : [device.cpp:1340] ...uvc_parse_vs_input_header() rc=0
01-20 18:37:01.350 17568 17908 D Uvc     : [device.cpp:1389] uvc_parse_vs_format_uncompressed()...
01-20 18:37:01.350 17568 17908 D Uvc     : [device.cpp:1389] ...uvc_parse_vs_format_uncompressed() rc=0
01-20 18:37:01.350 17568 17908 V Uvc     : [device.cpp:1630] unsupported descriptor subtype: 13 UVC_VS_COLORFORMAT
01-20 18:37:01.350 17568 17908 D Uvc     : [device.cpp:1449] uvc_parse_vs_format_mjpeg()...
01-20 18:37:01.350 17568 17908 D Uvc     : [device.cpp:1449] ...uvc_parse_vs_format_mjpeg() rc=0
01-20 18:37:01.350 17568 17908 V Uvc     : [device.cpp:1630] unsupported descriptor subtype: 13 UVC_VS_COLORFORMAT
01-20 18:37:01.350 17568 17908 D Uvc     : [device.cpp:1284] ...uvc_scan_streaming() rc=0
01-20 18:37:01.350 17568 17908 D Uvc     : [device.cpp:1041] ...uvc_parse_vc_header() rc=0
01-20 18:37:01.350 17568 17908 D Uvc     : [device.cpp:1083] uvc_parse_vc_input_terminal()...
01-20 18:37:01.350 17568 17908 D Uvc     : [device.cpp:1083] ...uvc_parse_vc_input_terminal() rc=0
01-20 18:37:01.350 17568 17908 D Uvc     : [device.cpp:1156] uvc_parse_vc_processing_unit()...
01-20 18:37:01.350 17568 17908 D Uvc     : [device.cpp:1156] ...uvc_parse_vc_processing_unit() rc=0
01-20 18:37:01.351 17568 17908 D Uvc     : [device.cpp:986] ...uvc_scan_control() rc=0
01-20 18:37:01.351 17568 17908 D Uvc     : [device.cpp:386] ...uvc_get_device_info() rc=0
01-20 18:37:01.351 17568 17908 V Uvc     : API: Java_org_firstinspires_ftc_robotcore_internal_camera_libuvc_nativeobject_UvcDevice_nativeGetDeviceInfo: ...exit
01-20 18:37:01.351 17568 17908 D Uvc     : [jni_device.cpp:289] ...Java_org_firstinspires_ftc_robotcore_internal_camera_libuvc_nativeobject_UvcDevice_nativeGetDeviceInfo()
01-20 18:37:01.351 17568 17908 V UvcDeviceInfo: construct(pointer=0xce087050)
01-20 18:37:01.354 17568 17908 V UvcStreamingInterface: construct(pointer=0xd253d420)
01-20 18:37:01.424 17568 17906 I I2C     : Automatically initializing I2C device Rev2mDistanceSensor (USB (embedded); module 2; bus 2; addr7=0x29)
01-20 18:37:01.424 17568 17906 D STMicroVL53L0X: : Checking to see if it's really a VL53L0X sensor...
01-20 18:37:01.429 17568 17906 D STMicroVL53L0X: : Reg 0xC0 = ee (should be 0xEE)
01-20 18:37:01.435 17568 17906 D STMicroVL53L0X: : Reg 0xC1 = aa (should be 0xAA)
01-20 18:37:01.436 17568 17908 V UvcStreamingInterface: destroy(pointer=0xd253d420)
01-20 18:37:01.437 17568 17908 V UvcDeviceInfo: destroy(pointer=0xce087050)
01-20 18:37:01.438 17568 17908 D Uvc     : [jni_deviceinfo.cpp:63] Java_org_firstinspires_ftc_robotcore_internal_camera_libuvc_nativeobject_UvcDeviceInfo_nativeFreeDeviceInfo()...
01-20 18:37:01.438 17568 17908 V Uvc     : API: Java_org_firstinspires_ftc_robotcore_internal_camera_libuvc_nativeobject_UvcDeviceInfo_nativeFreeDeviceInfo: enter...
01-20 18:37:01.438 17568 17908 D Uvc     : [device.cpp:433] uvc_free_device_info()...
01-20 18:37:01.438 17568 17908 D Uvc     : [device.cpp:433] ...uvc_free_device_info()
01-20 18:37:01.438 17568 17908 V Uvc     : API: Java_org_firstinspires_ftc_robotcore_internal_camera_libuvc_nativeobject_UvcDeviceInfo_nativeFreeDeviceInfo: ...exit
01-20 18:37:01.438 17568 17908 D Uvc     : [jni_deviceinfo.cpp:63] ...Java_org_firstinspires_ftc_robotcore_internal_camera_libuvc_nativeobject_UvcDeviceInfo_nativeFreeDeviceInfo()
01-20 18:37:01.438 17568 17908 V UvcApiCameraCharacteristicsBuilder: destroy(hash=0x06b9582a)
01-20 18:37:01.439 17568 17908 V UvcDevice: destroy(pointer=0xce09f990|/dev/bus/usb/003/004)
01-20 18:37:01.439 17568 17908 D Uvc     : [jni_device.cpp:126] Java_org_firstinspires_ftc_robotcore_internal_camera_libuvc_nativeobject_UvcDevice_nativeReleaseRefDevice()...
01-20 18:37:01.439 17568 17908 V Uvc     : API: Java_org_firstinspires_ftc_robotcore_internal_camera_libuvc_nativeobject_UvcDevice_nativeReleaseRefDevice: enter...
01-20 18:37:01.439 17568 17908 D Uvc     : [device.cpp:882] uvc_unref_device()...
01-20 18:37:01.440 17568 17908 D Uvc     : [device.cpp:882] ...uvc_unref_device()
01-20 18:37:01.440 17568 17908 V Uvc     : API: Java_org_firstinspires_ftc_robotcore_internal_camera_libuvc_nativeobject_UvcDevice_nativeReleaseRefDevice: ...exit
01-20 18:37:01.440 17568 17908 D Uvc     : [jni_device.cpp:126] ...Java_org_firstinspires_ftc_robotcore_internal_camera_libuvc_nativeobject_UvcDevice_nativeReleaseRefDevice()
01-20 18:37:01.440 17568 17906 D STMicroVL53L0X: : Reg 0xC2 = 10 (should be 0x10)
01-20 18:37:01.440 17568 17908 V LibUsbDevice: destroy(pointer=0xd252b560)
01-20 18:37:01.441 17568 17908 D Uvc     : [jni_libusb_device.cpp:64] Java_org_firstinspires_ftc_robotcore_internal_camera_libuvc_nativeobject_LibUsbDevice_nativeReleaseRefDevice()...
01-20 18:37:01.441 17568 17908 D Uvc     : [jni_libusb_device.cpp:64] ...Java_org_firstinspires_ftc_robotcore_internal_camera_libuvc_nativeobject_LibUsbDevice_nativeReleaseRefDevice()
01-20 18:37:01.442 17568 17908 D OpenCvViewport: CheckState(): user requested that we activate
01-20 18:37:01.442 17568 17908 D OpenCvViewport: CheckState(): activating viewport
01-20 18:37:01.443 17568 17916 D OpenCvViewportRenderThread: Render thread is up!
01-20 18:37:01.443 17568 17908 D UsbResiliantWebcam: createCaptureSession()...
01-20 18:37:01.444 17568 17908 V DelCaptureSession: construct(0x0043861b)
01-20 18:37:01.445 17568 17906 D STMicroVL53L0X: : Reg 0x51 = 0 (should be 0x0099)
01-20 18:37:01.446 17568 17908 D UsbResiliantWebcam|DelCaptureSession: onCameraChange(null->CameraImpl(UvcDeviceHandle(pointer=0xce0ba470|UvcDevice(/dev/bus/usb/003/004))))...
01-20 18:37:01.446 17568 17908 D UsbResiliantWebcam|DelCaptureSession: ...onCameraChange(null->CameraImpl(UvcDeviceHandle(pointer=0xce0ba470|UvcDevice(/dev/bus/usb/003/004))))
01-20 18:37:01.448 17568 17908 D CachingExposureControl: onCameraChanged(CameraImpl(UvcDeviceHandle(pointer=0xce0ba470|UvcDevice(/dev/bus/usb/003/004)))->CameraImpl(UvcDeviceHandle(pointer=0xce0ba470|UvcDevice(/dev/bus/usb/003/004))))...
01-20 18:37:01.448 17568 17908 D CachingExposureControl: ...onCameraChanged(CameraImpl(UvcDeviceHandle(pointer=0xce0ba470|UvcDevice(/dev/bus/usb/003/004)))->CameraImpl(UvcDeviceHandle(pointer=0xce0ba470|UvcDevice(/dev/bus/usb/003/004))))
01-20 18:37:01.448 17568 17908 D UsbResiliantWebcam: ...createCaptureSession()
01-20 18:37:01.449 17568 17917 D UsbResiliantWebcam|DelCaptureSession: startCapture()...
01-20 18:37:01.449 17568 17917 V DelCaptureSequence: construct(0x01505591)
01-20 18:37:01.451 17568 17906 D STMicroVL53L0X: : Reg 0x61 = 0 (should be 0x0000)
01-20 18:37:01.452 17568 17917 D UsbResiliantWebcam|DelCaptureSequence: onCameraChange(null->CameraImpl(UvcDeviceHandle(pointer=0xce0ba470|UvcDevice(/dev/bus/usb/003/004))))...
01-20 18:37:01.453 17568 17917 D UsbResiliantWebcam|DelCaptureSequence: pauseStreaming(Stopped)...
01-20 18:37:01.453 17568 17917 D UsbResiliantWebcam|DelCaptureSequence: ...pauseStreaming(Stopped)
01-20 18:37:01.454 17568 17917 D UsbResiliantWebcam|DelCaptureSequence: resumeStreaming(Stopped)...
01-20 18:37:01.454 17568 17917 D UsbResiliantWebcam|DelCaptureSequence: ...resumeStreaming(Stopped)
01-20 18:37:01.454 17568 17917 D UsbResiliantWebcam|DelCaptureSequence: ...onCameraChange(null->CameraImpl(UvcDeviceHandle(pointer=0xce0ba470|UvcDevice(/dev/bus/usb/003/004))))
01-20 18:37:01.454 17568 17917 D UsbResiliantWebcam|DelCaptureSequence: startStreaming(Stopped)...
01-20 18:37:01.454 17568 17917 D UsbResiliantWebcam|DelCaptureSequence: doStreaming()...
01-20 18:37:01.455 17568 17917 V UvcApiCaptureSession: construct(0x086cccf6)
01-20 18:37:01.457 17568 17915 D UsbResiliantWebcam|DelCaptureSession: camera session is configured: Webcam(D5386480)
01-20 18:37:01.458 17568 17917 V UvcApiCameraCaptureSequence: construct(0x090a68f7)
01-20 18:37:01.459 17568 17917 D UvcDeviceHandle: getStreamControl(320x240 30)...
01-20 18:37:01.460 17568 17917 V UvcStreamCtrl: construct(0x0b742364)
01-20 18:37:01.462 17568 17917 D Uvc     : [jni_devicehandle.cpp:115] Java_org_firstinspires_ftc_robotcore_internal_camera_libuvc_nativeobject_UvcDeviceHandle_nativeGetStreamControlFormatSize()...
01-20 18:37:01.462 17568 17917 V Uvc     : API: Java_org_firstinspires_ftc_robotcore_internal_camera_libuvc_nativeobject_UvcDeviceHandle_nativeGetStreamControlFormatSize: enter...
01-20 18:37:01.462 17568 17917 D Uvc     : [stream.cpp:373] uvc_get_stream_ctrl_format_size()...
01-20 18:37:01.462 17568 17917 D Uvc     : [libuvc/libuvc_internal.h:770] uvc_device_handle::claimInterface(idx=1)...
01-20 18:37:01.463 17568 17917 D UvcDevice: claimInterface(1)
01-20 18:37:01.463 17568 17917 D UvcDevice: claimInterface(1) succeeded
01-20 18:37:01.463 17568 17917 D Uvc     : [libuvc/libuvc_internal.h:783] claimInterface(1) succeeded
01-20 18:37:01.463 17568 17917 D Uvc     : [libuvc/libuvc_internal.h:770] ...uvc_device_handle::claimInterface() rc=0
01-20 18:37:01.463 17568 17917 D UvcStream: [stream.cpp:412] 320x240 30fps
01-20 18:37:01.464 17568 17917 D Uvc     : [stream.cpp:162] uvc_query_stream_ctrl()...
01-20 18:37:01.468 17568 17917 D Uvc     : [stream.cpp:162] ...uvc_query_stream_ctrl() rc=0
01-20 18:37:01.468 17568 17917 D Uvc     : [libuvc/libuvc_internal.h:793] uvc_device_handle::releaseInterface()...
01-20 18:37:01.468 17568 17917 D UvcDevice: releaseInterface(1)
01-20 18:37:01.468 17568 17917 D UvcDevice: releaseInterface(1) succeeded
01-20 18:37:01.468 17568 17917 D Uvc     : [libuvc/libuvc_internal.h:793] ...uvc_device_handle::releaseInterface() rc=0
01-20 18:37:01.468 17568 17917 D Uvc     : [stream.cpp:523] uvc_probe_stream_ctrl()...
01-20 18:37:01.468 17568 17917 D Uvc     : [libuvc/libuvc_internal.h:770] uvc_device_handle::claimInterface(idx=1)...
01-20 18:37:01.469 17568 17917 D UvcDevice: claimInterface(1)
01-20 18:37:01.469 17568 17917 D UvcDevice: claimInterface(1) succeeded
01-20 18:37:01.469 17568 17917 D Uvc     : [libuvc/libuvc_internal.h:783] claimInterface(1) succeeded
01-20 18:37:01.469 17568 17917 D Uvc     : [libuvc/libuvc_internal.h:770] ...uvc_device_handle::claimInterface() rc=0
01-20 18:37:01.469 17568 17917 D Uvc     : [stream.cpp:162] uvc_query_stream_ctrl()...
01-20 18:37:01.473 17568 17917 D Uvc     : [stream.cpp:162] ...uvc_query_stream_ctrl() rc=0
01-20 18:37:01.473 17568 17917 D Uvc     : [stream.cpp:162] uvc_query_stream_ctrl()...
01-20 18:37:01.477 17568 17917 D Uvc     : [stream.cpp:162] ...uvc_query_stream_ctrl() rc=0
01-20 18:37:01.477 17568 17917 D Uvc     : [stream.cpp:523] ...uvc_probe_stream_ctrl() rc=0
01-20 18:37:01.477 17568 17917 D Uvc     : [stream.cpp:373] ...uvc_get_stream_ctrl_format_size() rc=0
01-20 18:37:01.477 17568 17917 V Uvc     : API: Java_org_firstinspires_ftc_robotcore_internal_camera_libuvc_nativeobject_UvcDeviceHandle_nativeGetStreamControlFormatSize: ...exit
01-20 18:37:01.477 17568 17917 D Uvc     : [jni_devicehandle.cpp:115] ...Java_org_firstinspires_ftc_robotcore_internal_camera_libuvc_nativeobject_UvcDeviceHandle_nativeGetStreamControlFormatSize()
01-20 18:37:01.477 17568 17917 D UvcDeviceHandle: ...getStreamControl(320x240 30)
01-20 18:37:01.478 17568 17917 D Uvc     : [jni_streamcontrol.cpp:101] Java_org_firstinspires_ftc_robotcore_internal_camera_libuvc_nativeobject_UvcStreamCtrl_nativeOpen()...
01-20 18:37:01.478 17568 17917 V Uvc     : API: Java_org_firstinspires_ftc_robotcore_internal_camera_libuvc_nativeobject_UvcStreamCtrl_nativeOpen: enter...
01-20 18:37:01.478 17568 17917 D Uvc     : [devicehandle.cpp:46] uvc_device_handle::openStreamControl()...
01-20 18:37:01.478 17568 17917 D Uvc     : [streamhandle.cpp:58] uvc_stream_handle::claimInterface()...
01-20 18:37:01.478 17568 17917 D Uvc     : [libuvc/libuvc_internal.h:770] uvc_device_handle::claimInterface(idx=1)...
01-20 18:37:01.478 17568 17917 D UvcDevice: claimInterface(1)
01-20 18:37:01.479 17568 17917 D UvcDevice: claimInterface(1) succeeded
01-20 18:37:01.479 17568 17917 D Uvc     : [libuvc/libuvc_internal.h:783] claimInterface(1) succeeded
01-20 18:37:01.479 17568 17917 D Uvc     : [libuvc/libuvc_internal.h:770] ...uvc_device_handle::claimInterface() rc=0
01-20 18:37:01.479 17568 17917 D Uvc     : [streamhandle.cpp:58] ...uvc_stream_handle::claimInterface() rc=0
01-20 18:37:01.479 17568 17917 D Uvc     : [stream.cpp:162] uvc_query_stream_ctrl()...
01-20 18:37:01.483 17568 17917 D Uvc     : [stream.cpp:162] ...uvc_query_stream_ctrl() rc=0
01-20 18:37:01.483 17568 17917 D Uvc     : [devicehandle.cpp:46] ...uvc_device_handle::openStreamControl() rc=0
01-20 18:37:01.483 17568 17917 V Uvc     : API: Java_org_firstinspires_ftc_robotcore_internal_camera_libuvc_nativeobject_UvcStreamCtrl_nativeOpen: ...exit
01-20 18:37:01.483 17568 17917 D Uvc     : [jni_streamcontrol.cpp:101] ...Java_org_firstinspires_ftc_robotcore_internal_camera_libuvc_nativeobject_UvcStreamCtrl_nativeOpen()
01-20 18:37:01.484 17568 17917 V UvcStreamHandle: construct(pointer=0xd2524d00)
01-20 18:37:01.485 17568 17917 D Uvc     : [jni_streamhandle.cpp:184] Java_org_firstinspires_ftc_robotcore_internal_camera_libuvc_nativeobject_UvcStreamHandle_nativeStopStreaming()...
01-20 18:37:01.485 17568 17917 V Uvc     : API: Java_org_firstinspires_ftc_robotcore_internal_camera_libuvc_nativeobject_UvcStreamHandle_nativeStopStreaming: enter...
01-20 18:37:01.485 17568 17917 D Uvc     : [stream.cpp:1514] uvc_stream_stop()...
01-20 18:37:01.485 17568 17917 D Uvc     : [stream.cpp:1514] ...uvc_stream_stop() rc=0
01-20 18:37:01.485 17568 17917 V Uvc     : API: Java_org_firstinspires_ftc_robotcore_internal_camera_libuvc_nativeobject_UvcStreamHandle_nativeStopStreaming: ...exit
01-20 18:37:01.485 17568 17917 D Uvc     : [jni_streamhandle.cpp:184] ...Java_org_firstinspires_ftc_robotcore_internal_camera_libuvc_nativeobject_UvcStreamHandle_nativeStopStreaming()
01-20 18:37:01.485 17568 17917 V UvcFrameCallback: construct(0x0693b9cd)
01-20 18:37:01.487 17568 17917 V UvcFrameCallbackData: construct(pointer=0xce0896f0)
01-20 18:37:01.488 17568 17917 V Uvc     : API: Java_org_firstinspires_ftc_robotcore_internal_camera_libuvc_nativeobject_UvcStreamHandle_nativeStartStreaming: enter...
01-20 18:37:01.488 17568 17917 D Uvc     : [stream.cpp:970] uvc_stream_start_bandwidth()...
01-20 18:37:01.488 17568 17917 D Uvc     : [stream.cpp:1173] uvc_stream_handle::startIsochronousStreaming()...
01-20 18:37:01.488 17568 17917 D Uvc     : [libuvc/libuvc_internal.h:825] uvc_device_handle::setInterfaceAltSetting(setInterfaceAltSetting(intf=1 alt=11))...
01-20 18:37:01.488 17568 17917 D UvcDevice: setInterfaceAltSetting(1,11)
01-20 18:37:01.489 17568 17917 D UvcDevice: setInterfaceAltSetting(1,11) succeeded
01-20 18:37:01.489 17568 17917 D Uvc     : [libuvc/libuvc_internal.h:825] ...uvc_device_handle::setInterfaceAltSetting() rc=0
01-20 18:37:01.489 17568 17917 D Uvc     : [stream.cpp:1173] ...uvc_stream_handle::startIsochronousStreaming() rc=0
01-20 18:37:01.489 17568 17917 D Uvc     : [stream.cpp:1201] uvc_stream_handle::startUserCallbackThread()...
01-20 18:37:01.490 17568 17918 D UvcStream: [stream.cpp:1265] User Callback thread started
01-20 18:37:01.490 17568 17917 D Uvc     : [stream.cpp:1201] ...uvc_stream_handle::startUserCallbackThread() rc=0
01-20 18:37:01.490 17568 17917 D Uvc     : [stream.cpp:1221] uvc_stream_handle::submitTransfers()...
01-20 18:37:01.491 17568 17917 D Uvc     : [stream.cpp:1221] ...uvc_stream_handle::submitTransfers() rc=0
01-20 18:37:01.491 17568 17917 D Uvc     : [stream.cpp:970] ...uvc_stream_start_bandwidth() rc=0
01-20 18:37:01.491 17568 17917 D UvcStreamHandle: [jni_streamhandle.cpp:150] successfully started streaming
01-20 18:37:01.491 17568 17917 V Uvc     : API: Java_org_firstinspires_ftc_robotcore_internal_camera_libuvc_nativeobject_UvcStreamHandle_nativeStartStreaming: ...exit
01-20 18:37:01.492 17568 17917 V UvcStreamCtrl: destroy(pointer=0xce17af40)
01-20 18:37:01.493 17568 17917 D UsbResiliantWebcam|DelCaptureSequence: ...doStreaming()
01-20 18:37:01.493 17568 17917 D UsbResiliantWebcam|DelCaptureSequence: ...startStreaming(Stopped)
01-20 18:37:01.493 17568 17917 D UsbResiliantWebcam|DelCaptureSession: ...startCapture()
01-20 18:37:01.493 17568 17917 I System.out: OpenCvWebcam: onConfigured
01-20 18:37:01.494 17568 17908 I System.out: OpenCvWebcam: streaming started
01-20 18:37:01.494 17568 17906 D STMicroVL53L0X: : initial sig rate lim (MCPS) 0.250000
01-20 18:37:01.494 17568 17908 I global  :  RENO - AutonomousRight$1.onOpened(AutonomousRight.java:137): Start stream to detect sleeve color.
01-20 18:37:01.498 17568 17727 D UvcStream: [stream.cpp:729] this is the UVC processTransfer() stream processing thread
01-20 18:37:01.502 17568 17906 D STMicroVL53L0X: : adjusted sig rate lim (MCPS) 0.250000
01-20 18:37:01.724 17568 17918 I global  :  RENO - ObjectDetection.sleeveColorDetect(ObjectDetection.java:125): Start Opcv process to detect sleeve color.
01-20 18:37:01.727 17568 17918 I global  :  RENO - ObjectDetection.sleeveColorDetect(ObjectDetection.java:132): Sleeve max color = 0.00, 0.00, 0.00
01-20 18:37:01.729 17568 17918 I global  :  RENO - ObjectDetection.sleeveColorDetect(ObjectDetection.java:151): Sleeve position: UNKNOWN
01-20 18:37:01.747 17568 17918 I global  :  RENO - ObjectDetection.sleeveColorDetect(ObjectDetection.java:125): Start Opcv process to detect sleeve color.
01-20 18:37:01.749 17568 17918 I global  :  RENO - ObjectDetection.sleeveColorDetect(ObjectDetection.java:132): Sleeve max color = 0.00, 0.00, 0.00
01-20 18:37:01.750 17568 17918 I global  :  RENO - ObjectDetection.sleeveColorDetect(ObjectDetection.java:151): Sleeve position: UNKNOWN
01-20 18:37:01.785 17568 17918 I global  :  RENO - ObjectDetection.sleeveColorDetect(ObjectDetection.java:125): Start Opcv process to detect sleeve color.
01-20 18:37:01.787 17568 17918 I global  :  RENO - ObjectDetection.sleeveColorDetect(ObjectDetection.java:132): Sleeve max color = 0.00, 0.00, 0.00
01-20 18:37:01.788 17568 17918 I global  :  RENO - ObjectDetection.sleeveColorDetect(ObjectDetection.java:151): Sleeve position: UNKNOWN
01-20 18:37:01.814 17568 17918 I global  :  RENO - ObjectDetection.sleeveColorDetect(ObjectDetection.java:125): Start Opcv process to detect sleeve color.
01-20 18:37:01.816 17568 17918 I global  :  RENO - ObjectDetection.sleeveColorDetect(ObjectDetection.java:132): Sleeve max color = 0.00, 0.00, 0.00
01-20 18:37:01.818 17568 17918 I global  :  RENO - ObjectDetection.sleeveColorDetect(ObjectDetection.java:151): Sleeve position: UNKNOWN
01-20 18:37:01.846 17568 17918 I global  :  RENO - ObjectDetection.sleeveColorDetect(ObjectDetection.java:125): Start Opcv process to detect sleeve color.
01-20 18:37:01.848 17568 17918 I global  :  RENO - ObjectDetection.sleeveColorDetect(ObjectDetection.java:132): Sleeve max color = 0.00, 0.00, 0.00
01-20 18:37:01.849 17568 17918 I global  :  RENO - ObjectDetection.sleeveColorDetect(ObjectDetection.java:151): Sleeve position: UNKNOWN
01-20 18:37:01.879 17568 17918 I global  :  RENO - ObjectDetection.sleeveColorDetect(ObjectDetection.java:125): Start Opcv process to detect sleeve color.
01-20 18:37:01.880 17568 17918 I global  :  RENO - ObjectDetection.sleeveColorDetect(ObjectDetection.java:132): Sleeve max color = 0.00, 0.00, 0.00
01-20 18:37:01.881 17568 17918 I global  :  RENO - ObjectDetection.sleeveColorDetect(ObjectDetection.java:151): Sleeve position: UNKNOWN
01-20 18:37:01.914 17568 17918 I global  :  RENO - ObjectDetection.sleeveColorDetect(ObjectDetection.java:125): Start Opcv process to detect sleeve color.
01-20 18:37:01.914 17568 17906 I global  :  RENO - ArmClawUnit.init(ArmClawUnit.java:90): init servo motors for arm and claw.
01-20 18:37:01.915 17568 17918 I global  :  RENO - ObjectDetection.sleeveColorDetect(ObjectDetection.java:132): Sleeve max color = 0.00, 0.00, 0.00
01-20 18:37:01.916 17568 17918 I global  :  RENO - ObjectDetection.sleeveColorDetect(ObjectDetection.java:151): Sleeve position: UNKNOWN
01-20 18:37:01.945 17568 17918 I global  :  RENO - ObjectDetection.sleeveColorDetect(ObjectDetection.java:125): Start Opcv process to detect sleeve color.
01-20 18:37:01.947 17568 17918 I global  :  RENO - ObjectDetection.sleeveColorDetect(ObjectDetection.java:132): Sleeve max color = 0.00, 0.00, 0.00
01-20 18:37:01.948 17568 17918 I global  :  RENO - ObjectDetection.sleeveColorDetect(ObjectDetection.java:151): Sleeve position: UNKNOWN
01-20 18:37:01.977 17568 17918 I global  :  RENO - ObjectDetection.sleeveColorDetect(ObjectDetection.java:125): Start Opcv process to detect sleeve color.
01-20 18:37:01.979 17568 17918 I global  :  RENO - ObjectDetection.sleeveColorDetect(ObjectDetection.java:132): Sleeve max color = 0.00, 0.00, 0.00
01-20 18:37:01.980 17568 17918 I global  :  RENO - ObjectDetection.sleeveColorDetect(ObjectDetection.java:151): Sleeve position: UNKNOWN
01-20 18:37:02.013 17568 17918 I global  :  RENO - ObjectDetection.sleeveColorDetect(ObjectDetection.java:125): Start Opcv process to detect sleeve color.
01-20 18:37:02.015 17568 17918 I global  :  RENO - ObjectDetection.sleeveColorDetect(ObjectDetection.java:132): Sleeve max color = 0.00, 0.00, 0.00
01-20 18:37:02.016 17568 17918 I global  :  RENO - ObjectDetection.sleeveColorDetect(ObjectDetection.java:151): Sleeve position: UNKNOWN
01-20 18:37:02.045 17568 17918 I global  :  RENO - ObjectDetection.sleeveColorDetect(ObjectDetection.java:125): Start Opcv process to detect sleeve color.
01-20 18:37:02.047 17568 17918 I global  :  RENO - ObjectDetection.sleeveColorDetect(ObjectDetection.java:132): Sleeve max color = 0.00, 0.00, 0.00
01-20 18:37:02.048 17568 17918 I global  :  RENO - ObjectDetection.sleeveColorDetect(ObjectDetection.java:151): Sleeve position: UNKNOWN
01-20 18:37:02.077 17568 17918 I global  :  RENO - ObjectDetection.sleeveColorDetect(ObjectDetection.java:125): Start Opcv process to detect sleeve color.
01-20 18:37:02.078 17568 17918 I global  :  RENO - ObjectDetection.sleeveColorDetect(ObjectDetection.java:132): Sleeve max color = 0.00, 0.00, 0.00
01-20 18:37:02.079 17568 17918 I global  :  RENO - ObjectDetection.sleeveColorDetect(ObjectDetection.java:151): Sleeve position: UNKNOWN
01-20 18:37:02.113 17568 17918 I global  :  RENO - ObjectDetection.sleeveColorDetect(ObjectDetection.java:125): Start Opcv process to detect sleeve color.
01-20 18:37:02.114 17568 17918 I global  :  RENO - ObjectDetection.sleeveColorDetect(ObjectDetection.java:132): Sleeve max color = 0.00, 0.00, 0.00
01-20 18:37:02.115 17568 17918 I global  :  RENO - ObjectDetection.sleeveColorDetect(ObjectDetection.java:151): Sleeve position: UNKNOWN
01-20 18:37:02.145 17568 17918 I global  :  RENO - ObjectDetection.sleeveColorDetect(ObjectDetection.java:125): Start Opcv process to detect sleeve color.
01-20 18:37:02.146 17568 17918 I global  :  RENO - ObjectDetection.sleeveColorDetect(ObjectDetection.java:132): Sleeve max color = 0.00, 0.00, 0.00
01-20 18:37:02.147 17568 17918 I global  :  RENO - ObjectDetection.sleeveColorDetect(ObjectDetection.java:151): Sleeve position: UNKNOWN
01-20 18:37:02.177 17568 17918 I global  :  RENO - ObjectDetection.sleeveColorDetect(ObjectDetection.java:125): Start Opcv process to detect sleeve color.
01-20 18:37:02.179 17568 17918 I global  :  RENO - ObjectDetection.sleeveColorDetect(ObjectDetection.java:132): Sleeve max color = 0.00, 0.00, 0.00
01-20 18:37:02.180 17568 17918 I global  :  RENO - ObjectDetection.sleeveColorDetect(ObjectDetection.java:151): Sleeve position: UNKNOWN
01-20 18:37:02.213 17568 17918 I global  :  RENO - ObjectDetection.sleeveColorDetect(ObjectDetection.java:125): Start Opcv process to detect sleeve color.
01-20 18:37:02.219 17568 17918 I global  :  RENO - ObjectDetection.sleeveColorDetect(ObjectDetection.java:132): Sleeve max color = 0.00, 0.00, 0.00
01-20 18:37:02.220 17568 17918 I global  :  RENO - ObjectDetection.sleeveColorDetect(ObjectDetection.java:151): Sleeve position: UNKNOWN
01-20 18:37:02.247 17568 17918 I global  :  RENO - ObjectDetection.sleeveColorDetect(ObjectDetection.java:125): Start Opcv process to detect sleeve color.
01-20 18:37:02.249 17568 17918 I global  :  RENO - ObjectDetection.sleeveColorDetect(ObjectDetection.java:132): Sleeve max color = 0.00, 0.00, 0.00
01-20 18:37:02.250 17568 17918 I global  :  RENO - ObjectDetection.sleeveColorDetect(ObjectDetection.java:151): Sleeve position: UNKNOWN
01-20 18:37:02.279 17568 17918 I global  :  RENO - ObjectDetection.sleeveColorDetect(ObjectDetection.java:125): Start Opcv process to detect sleeve color.
01-20 18:37:02.280 17568 17918 I global  :  RENO - ObjectDetection.sleeveColorDetect(ObjectDetection.java:132): Sleeve max color = 0.00, 0.00, 0.00
01-20 18:37:02.281 17568 17918 I global  :  RENO - ObjectDetection.sleeveColorDetect(ObjectDetection.java:151): Sleeve position: UNKNOWN
01-20 18:37:02.313 17568 17918 I global  :  RENO - ObjectDetection.sleeveColorDetect(ObjectDetection.java:125): Start Opcv process to detect sleeve color.
01-20 18:37:02.315 17568 17918 I global  :  RENO - ObjectDetection.sleeveColorDetect(ObjectDetection.java:132): Sleeve max color = 0.00, 0.00, 0.00
01-20 18:37:02.317 17568 17918 I global  :  RENO - ObjectDetection.sleeveColorDetect(ObjectDetection.java:151): Sleeve position: UNKNOWN
01-20 18:37:02.345 17568 17918 I global  :  RENO - ObjectDetection.sleeveColorDetect(ObjectDetection.java:125): Start Opcv process to detect sleeve color.
01-20 18:37:02.346 17568 17918 I global  :  RENO - ObjectDetection.sleeveColorDetect(ObjectDetection.java:132): Sleeve max color = 0.00, 0.00, 0.00
01-20 18:37:02.347 17568 17918 I global  :  RENO - ObjectDetection.sleeveColorDetect(ObjectDetection.java:151): Sleeve position: UNKNOWN
01-20 18:37:02.377 17568 17918 I global  :  RENO - ObjectDetection.sleeveColorDetect(ObjectDetection.java:125): Start Opcv process to detect sleeve color.
01-20 18:37:02.379 17568 17918 I global  :  RENO - ObjectDetection.sleeveColorDetect(ObjectDetection.java:132): Sleeve max color = 0.00, 0.00, 0.00
01-20 18:37:02.380 17568 17918 I global  :  RENO - ObjectDetection.sleeveColorDetect(ObjectDetection.java:151): Sleeve position: UNKNOWN
01-20 18:37:02.413 17568 17918 I global  :  RENO - ObjectDetection.sleeveColorDetect(ObjectDetection.java:125): Start Opcv process to detect sleeve color.
01-20 18:37:02.415 17568 17918 I global  :  RENO - ObjectDetection.sleeveColorDetect(ObjectDetection.java:132): Sleeve max color = 0.00, 0.00, 0.00
01-20 18:37:02.416 17568 17918 I global  :  RENO - ObjectDetection.sleeveColorDetect(ObjectDetection.java:151): Sleeve position: UNKNOWN
01-20 18:37:02.445 17568 17918 I global  :  RENO - ObjectDetection.sleeveColorDetect(ObjectDetection.java:125): Start Opcv process to detect sleeve color.
01-20 18:37:02.447 17568 17918 I global  :  RENO - ObjectDetection.sleeveColorDetect(ObjectDetection.java:132): Sleeve max color = 201107.00, 199842.00, 203899.00
01-20 18:37:02.448 17568 17906 I global  :  RENO - AutonomousRight.runOpMode(AutonomousRight.java:173): Parking Lot position: RIGHT
01-20 18:37:02.448 17568 17918 I global  :  RENO - ObjectDetection.sleeveColorDetect(ObjectDetection.java:151): Sleeve position: RIGHT
01-20 18:37:02.477 17568 17918 I global  :  RENO - ObjectDetection.sleeveColorDetect(ObjectDetection.java:125): Start Opcv process to detect sleeve color.
01-20 18:37:02.481 17568 17918 I global  :  RENO - ObjectDetection.sleeveColorDetect(ObjectDetection.java:132): Sleeve max color = 200985.00, 200133.00, 203025.00
01-20 18:37:02.482 17568 17918 I global  :  RENO - ObjectDetection.sleeveColorDetect(ObjectDetection.java:151): Sleeve position: RIGHT
01-20 18:37:02.516 17568 17918 I global  :  RENO - ObjectDetection.sleeveColorDetect(ObjectDetection.java:125): Start Opcv process to detect sleeve color.
01-20 18:37:02.517 17568 17918 I global  :  RENO - ObjectDetection.sleeveColorDetect(ObjectDetection.java:132): Sleeve max color = 201087.00, 200119.00, 203318.00
01-20 18:37:02.519 17568 17918 I global  :  RENO - ObjectDetection.sleeveColorDetect(ObjectDetection.java:151): Sleeve position: RIGHT
01-20 18:37:02.548 17568 17918 I global  :  RENO - ObjectDetection.sleeveColorDetect(ObjectDetection.java:125): Start Opcv process to detect sleeve color.
01-20 18:37:02.549 17568 17918 I global  :  RENO - ObjectDetection.sleeveColorDetect(ObjectDetection.java:132): Sleeve max color = 200930.00, 200360.00, 201900.00
01-20 18:37:02.551 17568 17918 I global  :  RENO - ObjectDetection.sleeveColorDetect(ObjectDetection.java:151): Sleeve position: RIGHT
01-20 18:37:02.577 17568 17918 I global  :  RENO - ObjectDetection.sleeveColorDetect(ObjectDetection.java:125): Start Opcv process to detect sleeve color.
01-20 18:37:02.580 17568 17918 I global  :  RENO - ObjectDetection.sleeveColorDetect(ObjectDetection.java:132): Sleeve max color = 200757.00, 200256.00, 201190.00
01-20 18:37:02.581 17568 17918 I global  :  RENO - ObjectDetection.sleeveColorDetect(ObjectDetection.java:151): Sleeve position: RIGHT
01-20 18:37:02.613 17568 17918 I global  :  RENO - ObjectDetection.sleeveColorDetect(ObjectDetection.java:125): Start Opcv process to detect sleeve color.
01-20 18:37:02.616 17568 17918 I global  :  RENO - ObjectDetection.sleeveColorDetect(ObjectDetection.java:132): Sleeve max color = 204142.00, 202686.00, 204438.00
01-20 18:37:02.618 17568 17918 I global  :  RENO - ObjectDetection.sleeveColorDetect(ObjectDetection.java:151): Sleeve position: RIGHT
01-20 18:37:02.645 17568 17918 I global  :  RENO - ObjectDetection.sleeveColorDetect(ObjectDetection.java:125): Start Opcv process to detect sleeve color.
01-20 18:37:02.646 17568 17918 I global  :  RENO - ObjectDetection.sleeveColorDetect(ObjectDetection.java:132): Sleeve max color = 204103.00, 202966.00, 203989.00
01-20 18:37:02.647 17568 17918 I global  :  RENO - ObjectDetection.sleeveColorDetect(ObjectDetection.java:151): Sleeve position: LEFT
01-20 18:37:02.677 17568 17918 I global  :  RENO - ObjectDetection.sleeveColorDetect(ObjectDetection.java:125): Start Opcv process to detect sleeve color.
01-20 18:37:02.679 17568 17918 I global  :  RENO - ObjectDetection.sleeveColorDetect(ObjectDetection.java:132): Sleeve max color = 204502.00, 203127.00, 204040.00
01-20 18:37:02.680 17568 17918 I global  :  RENO - ObjectDetection.sleeveColorDetect(ObjectDetection.java:151): Sleeve position: LEFT
01-20 18:37:02.714 17568 17918 I global  :  RENO - ObjectDetection.sleeveColorDetect(ObjectDetection.java:125): Start Opcv process to detect sleeve color.
01-20 18:37:02.716 17568 17918 I global  :  RENO - ObjectDetection.sleeveColorDetect(ObjectDetection.java:132): Sleeve max color = 204781.00, 203236.00, 204282.00
01-20 18:37:02.717 17568 17918 I global  :  RENO - ObjectDetection.sleeveColorDetect(ObjectDetection.java:151): Sleeve position: LEFT
01-20 18:37:02.746 17568 17918 I global  :  RENO - ObjectDetection.sleeveColorDetect(ObjectDetection.java:125): Start Opcv process to detect sleeve color.
01-20 18:37:02.747 17568 17918 I global  :  RENO - ObjectDetection.sleeveColorDetect(ObjectDetection.java:132): Sleeve max color = 203546.00, 203393.00, 203416.00
01-20 18:37:02.749 17568 17918 I global  :  RENO - ObjectDetection.sleeveColorDetect(ObjectDetection.java:151): Sleeve position: LEFT
01-20 18:37:02.780 17568 17918 I global  :  RENO - ObjectDetection.sleeveColorDetect(ObjectDetection.java:125): Start Opcv process to detect sleeve color.
01-20 18:37:02.781 17568 17918 I global  :  RENO - ObjectDetection.sleeveColorDetect(ObjectDetection.java:132): Sleeve max color = 203853.00, 203588.00, 203855.00
01-20 18:37:02.783 17568 17918 I global  :  RENO - ObjectDetection.sleeveColorDetect(ObjectDetection.java:151): Sleeve position: RIGHT
01-20 18:37:02.813 17568 17918 I global  :  RENO - ObjectDetection.sleeveColorDetect(ObjectDetection.java:125): Start Opcv process to detect sleeve color.
01-20 18:37:02.815 17568 17918 I global  :  RENO - ObjectDetection.sleeveColorDetect(ObjectDetection.java:132): Sleeve max color = 203784.00, 203625.00, 203713.00
01-20 18:37:02.816 17568 17918 I global  :  RENO - ObjectDetection.sleeveColorDetect(ObjectDetection.java:151): Sleeve position: LEFT
01-20 18:37:02.848 17568 17918 I global  :  RENO - ObjectDetection.sleeveColorDetect(ObjectDetection.java:125): Start Opcv process to detect sleeve color.
01-20 18:37:02.849 17568 17918 I global  :  RENO - ObjectDetection.sleeveColorDetect(ObjectDetection.java:132): Sleeve max color = 203848.00, 203603.00, 203717.00
01-20 18:37:02.850 17568 17918 I global  :  RENO - ObjectDetection.sleeveColorDetect(ObjectDetection.java:151): Sleeve position: LEFT
01-20 18:37:02.878 17568 17918 I global  :  RENO - ObjectDetection.sleeveColorDetect(ObjectDetection.java:125): Start Opcv process to detect sleeve color.
01-20 18:37:02.879 17568 17918 I global  :  RENO - ObjectDetection.sleeveColorDetect(ObjectDetection.java:132): Sleeve max color = 203800.00, 203565.00, 203744.00
01-20 18:37:02.880 17568 17918 I global  :  RENO - ObjectDetection.sleeveColorDetect(ObjectDetection.java:151): Sleeve position: LEFT
01-20 18:37:02.915 17568 17918 I global  :  RENO - ObjectDetection.sleeveColorDetect(ObjectDetection.java:125): Start Opcv process to detect sleeve color.
01-20 18:37:02.917 17568 17918 I global  :  RENO - ObjectDetection.sleeveColorDetect(ObjectDetection.java:132): Sleeve max color = 203987.00, 203776.00, 204018.00
01-20 18:37:02.919 17568 17918 I global  :  RENO - ObjectDetection.sleeveColorDetect(ObjectDetection.java:151): Sleeve position: RIGHT
01-20 18:37:02.945 17568 17918 I global  :  RENO - ObjectDetection.sleeveColorDetect(ObjectDetection.java:125): Start Opcv process to detect sleeve color.
01-20 18:37:02.948 17568 17918 I global  :  RENO - ObjectDetection.sleeveColorDetect(ObjectDetection.java:132): Sleeve max color = 204026.00, 203794.00, 203883.00
01-20 18:37:02.949 17568 17918 I global  :  RENO - ObjectDetection.sleeveColorDetect(ObjectDetection.java:151): Sleeve position: LEFT
01-20 18:37:02.977 17568 17918 I global  :  RENO - ObjectDetection.sleeveColorDetect(ObjectDetection.java:125): Start Opcv process to detect sleeve color.
01-20 18:37:02.978 17568 17918 I global  :  RENO - ObjectDetection.sleeveColorDetect(ObjectDetection.java:132): Sleeve max color = 204129.00, 203796.00, 203915.00
01-20 18:37:02.979 17568 17918 I global  :  RENO - ObjectDetection.sleeveColorDetect(ObjectDetection.java:151): Sleeve position: LEFT
01-20 18:37:03.013 17568 17918 I global  :  RENO - ObjectDetection.sleeveColorDetect(ObjectDetection.java:125): Start Opcv process to detect sleeve color.
01-20 18:37:03.015 17568 17918 I global  :  RENO - ObjectDetection.sleeveColorDetect(ObjectDetection.java:132): Sleeve max color = 204146.00, 203872.00, 204012.00
01-20 18:37:03.016 17568 17918 I global  :  RENO - ObjectDetection.sleeveColorDetect(ObjectDetection.java:151): Sleeve position: LEFT
01-20 18:37:03.045 17568 17918 I global  :  RENO - ObjectDetection.sleeveColorDetect(ObjectDetection.java:125): Start Opcv process to detect sleeve color.
01-20 18:37:03.047 17568 17918 I global  :  RENO - ObjectDetection.sleeveColorDetect(ObjectDetection.java:132): Sleeve max color = 204227.00, 203882.00, 204131.00
01-20 18:37:03.048 17568 17918 I global  :  RENO - ObjectDetection.sleeveColorDetect(ObjectDetection.java:151): Sleeve position: LEFT
01-20 18:37:03.078 17568 17918 I global  :  RENO - ObjectDetection.sleeveColorDetect(ObjectDetection.java:125): Start Opcv process to detect sleeve color.
01-20 18:37:03.080 17568 17918 I global  :  RENO - ObjectDetection.sleeveColorDetect(ObjectDetection.java:132): Sleeve max color = 204287.00, 203895.00, 204059.00
01-20 18:37:03.081 17568 17918 I global  :  RENO - ObjectDetection.sleeveColorDetect(ObjectDetection.java:151): Sleeve position: LEFT
01-20 18:37:03.113 17568 17918 I global  :  RENO - ObjectDetection.sleeveColorDetect(ObjectDetection.java:125): Start Opcv process to detect sleeve color.
01-20 18:37:03.115 17568 17918 I global  :  RENO - ObjectDetection.sleeveColorDetect(ObjectDetection.java:132): Sleeve max color = 204153.00, 204054.00, 203893.00
01-20 18:37:03.116 17568 17918 I global  :  RENO - ObjectDetection.sleeveColorDetect(ObjectDetection.java:151): Sleeve position: LEFT
01-20 18:37:03.145 17568 17918 I global  :  RENO - ObjectDetection.sleeveColorDetect(ObjectDetection.java:125): Start Opcv process to detect sleeve color.
01-20 18:37:03.147 17568 17918 I global  :  RENO - ObjectDetection.sleeveColorDetect(ObjectDetection.java:132): Sleeve max color = 204463.00, 203972.00, 204202.00
01-20 18:37:03.149 17568 17918 I global  :  RENO - ObjectDetection.sleeveColorDetect(ObjectDetection.java:151): Sleeve position: LEFT
01-20 18:37:03.177 17568 17918 I global  :  RENO - ObjectDetection.sleeveColorDetect(ObjectDetection.java:125): Start Opcv process to detect sleeve color.
01-20 18:37:03.180 17568 17918 I global  :  RENO - ObjectDetection.sleeveColorDetect(ObjectDetection.java:132): Sleeve max color = 204283.00, 204019.00, 204299.00
01-20 18:37:03.181 17568 17918 I global  :  RENO - ObjectDetection.sleeveColorDetect(ObjectDetection.java:151): Sleeve position: RIGHT
01-20 18:37:03.213 17568 17918 I global  :  RENO - ObjectDetection.sleeveColorDetect(ObjectDetection.java:125): Start Opcv process to detect sleeve color.
01-20 18:37:03.214 17568 17918 I global  :  RENO - ObjectDetection.sleeveColorDetect(ObjectDetection.java:132): Sleeve max color = 204234.00, 204215.00, 203805.00
01-20 18:37:03.215 17568 17918 I global  :  RENO - ObjectDetection.sleeveColorDetect(ObjectDetection.java:151): Sleeve position: LEFT
01-20 18:37:03.245 17568 17918 I global  :  RENO - ObjectDetection.sleeveColorDetect(ObjectDetection.java:125): Start Opcv process to detect sleeve color.
01-20 18:37:03.246 17568 17918 I global  :  RENO - ObjectDetection.sleeveColorDetect(ObjectDetection.java:132): Sleeve max color = 204447.00, 204221.00, 204425.00
01-20 18:37:03.247 17568 17918 I global  :  RENO - ObjectDetection.sleeveColorDetect(ObjectDetection.java:151): Sleeve position: LEFT
01-20 18:37:03.277 17568 17918 I global  :  RENO - ObjectDetection.sleeveColorDetect(ObjectDetection.java:125): Start Opcv process to detect sleeve color.
01-20 18:37:03.279 17568 17918 I global  :  RENO - ObjectDetection.sleeveColorDetect(ObjectDetection.java:132): Sleeve max color = 204439.00, 204261.00, 204258.00
01-20 18:37:03.280 17568 17918 I global  :  RENO - ObjectDetection.sleeveColorDetect(ObjectDetection.java:151): Sleeve position: LEFT
01-20 18:37:03.313 17568 17918 I global  :  RENO - ObjectDetection.sleeveColorDetect(ObjectDetection.java:125): Start Opcv process to detect sleeve color.
01-20 18:37:03.314 17568 17918 I global  :  RENO - ObjectDetection.sleeveColorDetect(ObjectDetection.java:132): Sleeve max color = 204592.00, 204261.00, 204389.00
01-20 18:37:03.315 17568 17918 I global  :  RENO - ObjectDetection.sleeveColorDetect(ObjectDetection.java:151): Sleeve position: LEFT
01-20 18:37:03.346 17568 17918 I global  :  RENO - ObjectDetection.sleeveColorDetect(ObjectDetection.java:125): Start Opcv process to detect sleeve color.
01-20 18:37:03.348 17568 17918 I global  :  RENO - ObjectDetection.sleeveColorDetect(ObjectDetection.java:132): Sleeve max color = 204686.00, 204594.00, 204319.00
01-20 18:37:03.350 17568 17918 I global  :  RENO - ObjectDetection.sleeveColorDetect(ObjectDetection.java:151): Sleeve position: LEFT
01-20 18:37:03.378 17568 17918 I global  :  RENO - ObjectDetection.sleeveColorDetect(ObjectDetection.java:125): Start Opcv process to detect sleeve color.
01-20 18:37:03.380 17568 17918 I global  :  RENO - ObjectDetection.sleeveColorDetect(ObjectDetection.java:132): Sleeve max color = 204590.00, 204442.00, 204351.00
01-20 18:37:03.382 17568 17918 I global  :  RENO - ObjectDetection.sleeveColorDetect(ObjectDetection.java:151): Sleeve position: LEFT
01-20 18:37:03.414 17568 17918 I global  :  RENO - ObjectDetection.sleeveColorDetect(ObjectDetection.java:125): Start Opcv process to detect sleeve color.
01-20 18:37:03.416 17568 17918 I global  :  RENO - ObjectDetection.sleeveColorDetect(ObjectDetection.java:132): Sleeve max color = 204484.00, 204184.00, 204310.00
01-20 18:37:03.418 17568 17918 I global  :  RENO - ObjectDetection.sleeveColorDetect(ObjectDetection.java:151): Sleeve position: LEFT
