12-31 18:00:27.581   976  1131 I RobotCore: REV internal IMU (BNO055)                          imu                            USB (embedded); module 173; bus 0; addr7=0x28
12-31 18:00:27.590   976  1131 I RobotCore: Logitech C270 HD WEBCAM                            Webcam 1                       USB (D5386480)
12-31 18:00:27.591   976  1131 I RobotCore: Expansion Hub DC Motor Controller                  Control Hub                    USB (embedded); module 173
12-31 18:00:27.591   976  1131 I RobotCore: Expansion Hub Servo Controller                     Control Hub                    USB (embedded); module 173
12-31 18:00:27.591   976  1131 I RobotCore: Expansion Hub Voltage Sensor                       Control Hub                    USB (embedded); module 173
12-31 18:00:27.592   976  1131 I RobotCore: Expansion Hub Analog Input Controller              Control Hub                    USB (embedded); module 173
12-31 18:00:27.592   976  1131 I RobotCore: Expansion Hub Digital Channel Controller           Control Hub                    USB (embedded); module 173
12-31 18:00:27.596   976  1131 I RobotCore: Expansion Hub (HW: 20, Maj: 1, Min: 8, Eng: 2)     Control Hub                    USB (embedded); module 173
12-31 18:00:27.596   976  1131 I RobotCore: Servo                                              ClawServo                      USB (embedded); module 173; port 0
12-31 18:00:27.597   976  1131 I RobotCore: Motor                                              FrontRight                     USB (embedded); module 173; port 1
12-31 18:00:27.598   976  1131 I RobotCore: REV 2M ToF Distance Sensor                         rcds                           USB (embedded); module 2; bus 0; addr7=0x29
12-31 18:00:27.598   976  1131 I RobotCore: REV 2M ToF Distance Sensor                         flds                           USB (embedded); module 173; bus 3; addr7=0x29
12-31 18:00:27.599   976  1131 I RobotCore: Motor                                              BackLeft                       USB (embedded); module 173; port 2
12-31 18:00:27.599   976  1131 I RobotCore: Servo                                              ArmServo                       USB (embedded); module 173; port 1
12-31 18:00:27.603   976  1131 I RobotCore: LynxFirmwareVersionManager: LynxI2cDeviceSynchV2
12-31 18:00:27.604   976  1131 V LynxI2cDeviceSynch: initializeHardware() mod#=173
12-31 18:00:27.604   976  1131 V BHI260IMU: Suppressing I2C warnings while we check for a BHI260AP IMU
12-31 18:00:27.607   976  1131 V BHI260IMU: No BHI260AP IMU found
12-31 18:00:27.607   976  1131 V BNO055  : Suppressing I2C warnings while we check for a BNO055 IMU
12-31 18:00:27.611   976  1131 V BNO055  : Found BNO055 IMU
12-31 18:00:27.616   976  1131 I RobotCore: LynxFirmwareVersionManager: LynxI2cDeviceSynchV2
12-31 18:00:27.616   976  1131 V LynxI2cDeviceSynch: initializeHardware() mod#=2
12-31 18:00:27.616   976  1131 V BNO055  : Suppressing I2C warnings while we check for a BNO055 IMU
12-31 18:00:27.621   976  1131 V BNO055  : Found BNO055 IMU
12-31 18:00:27.630   976  1131 V LynxUsb : 0x038bd72e on 0x0c588273: releasing delegate to [(embedded)]
12-31 18:00:27.630   976  1131 I FtcEventLoop: ======= INIT FINISH =======
12-31 18:00:27.631   976  1131 V RobotCore: EventLoopManager state is RUNNING
12-31 18:00:27.651   976  1131 V RobotCore: Robot Status: running, starting robot
12-31 18:00:27.654   976  1131 V RobotCore: Robot Status: running
12-31 18:00:27.661   976  1181 V RobotCore: thread: 'EventLoop' starting...
12-31 18:00:27.662   976  1131 D FTCService: Detecting Wi-Fi reset
12-31 18:00:27.664   976  1131 D RobotControllerAccessPointAssistant: detectWifiReset button=false
12-31 18:00:27.665   976  1131 V RobotCore: thread: ...terminating 'RobotSetupRunnable.run()'
12-31 18:00:27.669   976  1181 D RobotCore: system telemetry: key=$System$None$ msg=""
12-31 18:00:27.790   976  1180 V SoundInfo: construct(0x02492d37)
12-31 18:00:27.838   976  1179 E WVMExtractor: Failed to open libwvm.so: dlopen failed: library "libwvm.so" not found
12-31 18:00:27.860   976  1179 I MediaCodec: callingProcessName:com.qualcomm.ftcrobotcontroller
12-31 18:00:27.863   976  1188 I ACodec  : onAllocateComponent:6752 mSoftCodecPref:0 componentName:
12-31 18:00:27.864   976  1188 I ACodec  : onAllocateComponent:6783 mSoftCodecPref:0 componentName:OMX.google.raw.decoder
12-31 18:00:27.912   976  1091 D SoundPlayer: onLoadComplete(samp=1|ms=4506, samp=1)=0
12-31 18:00:27.914   976  1180 W AudioTrack: AUDIO_OUTPUT_FLAG_FAST denied by client; transfer 4, track 48000 Hz, output 44100 Hz
12-31 18:00:28.088   976  1180 D SoundPlayer: playing volume=0.000000 samp=1|ms=4506
12-31 18:00:28.175   976  1181 I RobotCore: Attempting to switch to op mode $Stop$Robot$
12-31 18:00:28.177   976  1181 D HardwareMap: Clearing which device instances have been retrieved
12-31 18:00:28.177   976  1181 D HardwareMap: Clearing which device instances have been retrieved
12-31 18:00:28.181   976  1192 V RobotCore: thread: 'OpModeThread' starting...
12-31 18:00:54.315   976  1130 V FtcWebSocket: Opening websocket (ip=192.168.43.107/192.168.43.107 port=8081)
12-31 18:00:54.322   976  1130 V WebSocketManager: Subscribed websocket (ip=192.168.43.107/192.168.43.107 port=8081) to namespace (progress)
12-31 18:00:54.324   976  1130 V WebSocketManager: Subscribed websocket (ip=192.168.43.107/192.168.43.107 port=8081) to namespace (ControlHubUpdater)
12-31 18:00:54.554   976  1130 V FtcWebSocket: Opening websocket (ip=192.168.43.107/192.168.43.107 port=8081)
12-31 18:00:54.560   976  1130 V WebSocketManager: Subscribed websocket (ip=192.168.43.107/192.168.43.107 port=8081) to namespace (progress)
12-31 18:00:54.562   976  1130 V WebSocketManager: Subscribed websocket (ip=192.168.43.107/192.168.43.107 port=8081) to namespace (ControlHubUpdater)
12-31 18:00:54.944   976  1130 V FtcWebSocket: Opening websocket (ip=192.168.43.107/192.168.43.107 port=8081)
12-31 18:00:54.952   976  1130 V WebSocketManager: Subscribed websocket (ip=192.168.43.107/192.168.43.107 port=8081) to namespace (progress)
12-31 18:00:54.955   976  1130 V WebSocketManager: Subscribed websocket (ip=192.168.43.107/192.168.43.107 port=8081) to namespace (ControlHubUpdater)
12-31 18:00:54.972   976  1130 V FtcWebSocket: Opening websocket (ip=192.168.43.107/192.168.43.107 port=8081)
12-31 18:00:54.977   976  1130 V WebSocketManager: Subscribed websocket (ip=192.168.43.107/192.168.43.107 port=8081) to namespace (progress)
12-31 18:00:54.978   976  1130 V WebSocketManager: Subscribed websocket (ip=192.168.43.107/192.168.43.107 port=8081) to namespace (ControlHubUpdater)
12-31 18:00:54.999   976  1130 V FtcWebSocket: Opening websocket (ip=192.168.43.107/192.168.43.107 port=8081)
12-31 18:00:55.004   976  1130 V WebSocketManager: Subscribed websocket (ip=192.168.43.107/192.168.43.107 port=8081) to namespace (progress)
12-31 18:00:55.005   976  1130 V WebSocketManager: Subscribed websocket (ip=192.168.43.107/192.168.43.107 port=8081) to namespace (ControlHubUpdater)
12-31 18:00:55.474   976  1214 I RobotCore: ftc21180
12-31 18:00:55.569   976  1216 V ProgrammingModeManager: serve uri=/css/colors.less
12-31 18:00:55.918   976  1214 I RobotCore: ftc21180
12-31 18:00:56.038   976  1212 V ProgrammingModeManager: serve uri=/css/colors.less
12-31 18:00:59.484   976  1231 I RobotCore: ftc21180
12-31 18:02:53.620   976  1497 V SessionCookie: added SessionCookie: cookie=24cfc267-4f13-4d1d-8142-852bd9aad237 uri='/js/rcInfo.json'
12-31 18:02:53.621   976  1497 I RobotCore: ftc21180
12-31 18:02:53.644   976  1499 V SessionCookie: added SessionCookie: cookie=272a41bc-18dc-4a00-b45f-9ba2ff6d40e8 uri='/revHubsAvailableForUpdate'
12-31 18:02:53.647   976  1499 V Robocol : locally injecting CMD_GET_USB_ACCESSIBLE_LYNX_MODULES
12-31 18:02:53.655   976  1501 V FtcEventLoop: getUSBAccessibleLynxDevices(includeModuleAddresses=true)...
12-31 18:02:53.658   976  1502 V FtcConfigTag: scanning USB bus...
12-31 18:02:53.662   976  1502 V FtDeviceManager: createDeviceInfoList(): 0 USB devices
12-31 18:02:53.662   976  1502 V USBScan : device count=1
12-31 18:02:53.663   976  1503 V USBScan : opening (embedded)...
12-31 18:02:53.664   976  1503 V RobotUsbManagerCombining: FTDI driver failed to open USB device with serial number (embedded) (returned null device)
12-31 18:02:53.664   976  1503 V RobotUsbManagerCombining: (embedded) is already open: unable to open second time
12-31 18:02:53.665   976  1503 V USBScan : RobotCoreException(Unable to open USB device (embedded): Combiner unable to open device with serialNumber = (embedded)) exception while opening (embedded)
12-31 18:02:53.665   976  1503 V USBScan : ... done opening (embedded)
12-31 18:02:53.665   976  1502 V USBScan : added extant device (embedded) type=LYNX_USB_DEVICE
12-31 18:02:53.669   976  1502 D UvcContext: usb device is *not* UVC compatible, /dev/bus/usb/003/004
12-31 18:02:53.670   976  1502 D UvcContext: found webcam: usbPath=/dev/bus/usb/003/003 vid=0x46D pid=0x825 serial=D5386480 product=C270 HD WEBCAM
12-31 18:02:53.670   976  1502 D Uvc     : [jni_context.cpp:120] Java_org_firstinspires_ftc_robotcore_internal_camera_libuvc_nativeobject_UvcContext_nativeCreateUvcDevice()...
12-31 18:02:53.670   976  1502 V Uvc     : API: Java_org_firstinspires_ftc_robotcore_internal_camera_libuvc_nativeobject_UvcContext_nativeCreateUvcDevice: enter...
12-31 18:02:53.671   976  1502 D libusb  : [146.115302] [000005de] libusb: debug [op_create] op_create: szUsbPath=/dev/bus/usb/003/003 szSysfsDir=3-1.4
12-31 18:02:53.671   976  1502 D libusb  : [146.115489] [000005de] libusb: debug [initialize_device] initialize_device(szUsbPath=/dev/bus/usb/003/003 szSysfsDir=3-1.4)
12-31 18:02:53.672   976  1502 D libusb  : [146.115924] [000005de] libusb: debug [initialize_device] initialize_device(szUsbPath=(null) szSysfsDir=3-1)
12-31 18:02:53.672   976  1502 E libusb  : [146.116155] [000005de] libusb: error [initialize_device] unable to open serial number sysfs; error ignored
12-31 18:02:53.672   976  1502 D libusb  : [146.116330] [000005de] libusb: debug [initialize_device] initialize_device(szUsbPath=(null) szSysfsDir=usb3)
12-31 18:02:53.672   976  1502 D Uvc     : [device.cpp:613] uvc_create_uvc_device()...
12-31 18:02:53.673   976  1502 D Uvc     : [libuvc/libuvc_internal.h:346] uvc_device::uvc_device()...
12-31 18:02:53.673   976  1502 D Uvc     : [libuvc/libuvc_internal.h:375] acquired vid=1133 & pid=2085
12-31 18:02:53.673   976  1502 D Uvc     : [libuvc/libuvc_internal.h:346] ...uvc_device::uvc_device()
12-31 18:02:53.673   976  1502 D Uvc     : [device.cpp:613] ...uvc_create_uvc_device() rc=0
12-31 18:02:53.673   976  1502 V Uvc     : API: Java_org_firstinspires_ftc_robotcore_internal_camera_libuvc_nativeobject_UvcContext_nativeCreateUvcDevice: ...exit
12-31 18:02:53.673   976  1502 D Uvc     : [jni_context.cpp:120] ...Java_org_firstinspires_ftc_robotcore_internal_camera_libuvc_nativeobject_UvcContext_nativeCreateUvcDevice()
12-31 18:02:53.673   976  1502 V UvcDevice: construct(pointer=0xc5cf5bd0|null)
12-31 18:02:53.674   976  1502 D Uvc     : [jni_device.cpp:108] Java_org_firstinspires_ftc_robotcore_internal_camera_libuvc_nativeobject_UvcDevice_nativeGetLibUsbDevice()...
12-31 18:02:53.674   976  1502 D Uvc     : [jni_device.cpp:108] ...Java_org_firstinspires_ftc_robotcore_internal_camera_libuvc_nativeobject_UvcDevice_nativeGetLibUsbDevice()
12-31 18:02:53.674   976  1502 V LibUsbDevice: construct(pointer=0xc9eaf740)
12-31 18:02:53.675   976  1502 V UvcDevice: destroy(pointer=0xc5cf5bd0|/dev/bus/usb/003/003)
12-31 18:02:53.675   976  1502 D Uvc     : [jni_device.cpp:126] Java_org_firstinspires_ftc_robotcore_internal_camera_libuvc_nativeobject_UvcDevice_nativeReleaseRefDevice()...
12-31 18:02:53.675   976  1502 V Uvc     : API: Java_org_firstinspires_ftc_robotcore_internal_camera_libuvc_nativeobject_UvcDevice_nativeReleaseRefDevice: enter...
12-31 18:02:53.675   976  1502 D Uvc     : [device.cpp:882] uvc_unref_device()...
12-31 18:02:53.675   976  1502 D Uvc     : [device.cpp:882] ...uvc_unref_device()
12-31 18:02:53.675   976  1502 V Uvc     : API: Java_org_firstinspires_ftc_robotcore_internal_camera_libuvc_nativeobject_UvcDevice_nativeReleaseRefDevice: ...exit
12-31 18:02:53.675   976  1502 D Uvc     : [jni_device.cpp:126] ...Java_org_firstinspires_ftc_robotcore_internal_camera_libuvc_nativeobject_UvcDevice_nativeReleaseRefDevice()
12-31 18:02:53.675   976  1502 V LibUsbDevice: destroy(pointer=0xc9eaf740)
12-31 18:02:53.675   976  1502 D Uvc     : [jni_libusb_device.cpp:64] Java_org_firstinspires_ftc_robotcore_internal_camera_libuvc_nativeobject_LibUsbDevice_nativeReleaseRefDevice()...
12-31 18:02:53.675   976  1502 D Uvc     : [jni_libusb_device.cpp:64] ...Java_org_firstinspires_ftc_robotcore_internal_camera_libuvc_nativeobject_LibUsbDevice_nativeReleaseRefDevice()
12-31 18:02:53.676   976  1502 V HardwareDeviceManager: scanned webcam serial=D5386480
12-31 18:02:53.676   976  1502 V USBScan : scanForUsbDevices() took 18ms count=2
12-31 18:02:53.676   976  1502 V FtcConfigTag: .. scanning complete: [(embedded), D5386480]
12-31 18:02:53.678   976  1501 V FtcEventLoop: getUSBAccessibleLynxDevices: found serial=(embedded)
12-31 18:02:53.678   976  1501 V FtcEventLoop: finding module addresses and current firmware versions
12-31 18:02:53.678   976  1501 V FtcEventLoop: getUSBAccessibleLynxDevices: finding module address for usbModule (embedded)
12-31 18:02:53.679   976  1501 V RobotCore: Creating REV Robotics USB Expansion Hub Portal [(embedded)]
12-31 18:02:53.679   976  1501 V LynxUsb : using existing [(embedded)]: 0x0c588273
12-31 18:02:53.680   976  1501 V LynxUsb : 0x098e2c0b on 0x0c588273: new delegate to [(embedded)]
12-31 18:02:53.680   976  1501 V LynxUsb : lynx discovery beginning...transmitting LynxDiscoveryCommand()...
12-31 18:02:53.684   976  1172 V LynxUsb : onLynxDiscoveryResponseReceived()... module#=173 isParent=true
12-31 18:02:53.685   976  1172 V LynxUsb : discovered lynx module#=173 isParent=true
12-31 18:02:53.685   976  1172 V LynxUsb : ...onLynxDiscoveryResponseReceived()
12-31 18:02:53.686   976  1501 V LynxUsb : discovery waiting 1012ms and 0ns
12-31 18:02:53.788   976  1192 V LynxModule: retransmitting: mod=2 cmd=0x7f05 msg#=220 ref#=0 
12-31 18:02:53.889   976  1192 V LynxModule: retransmitting: mod=2 cmd=0x7f05 msg#=220 ref#=0 
12-31 18:02:53.938   976  1192 V LynxModule: retransmitting: mod=2 cmd=0x7f05 msg#=220 ref#=0 
12-31 18:02:53.944   976  1192 E LynxModule: timeout: abandoning waiting 250ms for ack: cmd=LynxFailSafeCommand mod=2 msg#=220
12-31 18:02:53.944   976  1192 E LynxModule: Marking module #2 as unresponsive until we receive some data back
12-31 18:02:53.946   976  1192 W RobotCore: Expansion Hub 2 is currently unresponsive.
12-31 18:02:54.052   976  1192 V LynxModule: retransmitting: mod=173 cmd=0x7f05 msg#=49 ref#=0 
12-31 18:02:54.154   976  1192 V LynxModule: retransmitting: mod=173 cmd=0x7f05 msg#=49 ref#=0 
12-31 18:02:54.189   976  1172 V LynxUsb : onLynxDiscoveryResponseReceived()... module#=173 isParent=true
12-31 18:02:54.189   976  1172 V LynxUsb : ...onLynxDiscoveryResponseReceived()
12-31 18:02:54.190   976  1172 V LynxUsb : onLynxDiscoveryResponseReceived()... module#=173 isParent=true
12-31 18:02:54.190   976  1172 V LynxUsb : ...onLynxDiscoveryResponseReceived()
12-31 18:02:54.191   976  1172 V LynxModule: REV Hub #2 has reconnected
12-31 18:02:54.192   976  1172 E LynxModule: unable to find originating LynxRespondable for mod=2 msg#=221 ref#=220
12-31 18:02:54.397   976  1176 V LynxModule: retransmitting: mod=2 cmd=0x7f03 msg#=223 ref#=0 
12-31 18:02:54.499   976  1176 V LynxModule: retransmitting: mod=2 cmd=0x7f03 msg#=223 ref#=0 
12-31 18:02:54.547   976  1176 V LynxModule: retransmitting: mod=2 cmd=0x7f03 msg#=223 ref#=0 
12-31 18:02:54.549   976  1176 E LynxModule: timeout: abandoning waiting 250ms for response: cmd=LynxGetModuleStatusCommand mod=2 msg#=223
12-31 18:02:54.549   976  1176 E LynxModule: Marking module #2 as unresponsive until we receive some data back
12-31 18:02:54.658   976  1172 V LynxModule: REV Hub #2 has reconnected
12-31 18:02:54.658   976  1172 E LynxModule: unable to find originating LynxRespondable for mod=2 msg#=225 ref#=224
12-31 18:02:54.699   976  1501 V LynxUsb : discovery waiting complete: #modules=1
12-31 18:02:54.699   976  1501 V LynxModule: close(#0)
12-31 18:02:54.702   976  1501 V LynxUsb : ...lynx discovery completed
12-31 18:02:54.702   976  1501 V FtcEventLoop: assessing LynxModuleMeta(#173,true,ImuType.unknown)
12-31 18:02:54.706   976  1501 V LynxUsb : addConfiguredModule() module#=173
12-31 18:02:54.706   976  1501 V LynxUsb : addConfiguredModule() module#=173: already exists
12-31 18:02:54.714   976  1501 V LynxUsb : 0x098e2c0b on 0x0c588273: releasing delegate to [(embedded)]
12-31 18:02:54.714   976  1501 V FtcEventLoop: getUSBAccessibleLynxDevices(): 1 modules found
12-31 18:02:54.714   976  1501 V FtcEventLoop: ...getUSBAccessibleLynxDevices()
12-31 18:02:54.724   976  1501 V Robocol : locally injecting CMD_GET_USB_ACCESSIBLE_LYNX_MODULES_RESP
12-31 18:02:54.756   976  1130 V FtcWebSocket: Opening websocket (ip=192.168.43.107/192.168.43.107 port=8081)
12-31 18:02:54.760   976  1130 V WebSocketManager: Subscribed websocket (ip=192.168.43.107/192.168.43.107 port=8081) to namespace (progress)
12-31 18:02:54.762   976  1130 V WebSocketManager: Subscribed websocket (ip=192.168.43.107/192.168.43.107 port=8081) to namespace (ControlHubUpdater)
12-31 18:02:54.784   976  1130 V FtcWebSocket: Opening websocket (ip=192.168.43.107/192.168.43.107 port=8081)
12-31 18:02:54.788   976  1130 V WebSocketManager: Subscribed websocket (ip=192.168.43.107/192.168.43.107 port=8081) to namespace (progress)
12-31 18:02:56.936  1551  1551 I ps      : type=1400 audit(0.0:125): avc: denied { getattr } for path="/proc/1" dev="proc" ino=5226 scontext=u:r:untrusted_app:s0:c512,c768 tcontext=u:r:init:s0 tclass=dir permissive=1
12-31 18:02:56.936  1551  1551 I ps      : type=1400 audit(0.0:126): avc: denied { search } for name="1" dev="proc" ino=5226 scontext=u:r:untrusted_app:s0:c512,c768 tcontext=u:r:init:s0 tclass=dir permissive=1
12-31 18:02:56.936  1551  1551 I ps      : type=1400 audit(0.0:127): avc: denied { read } for name="cmdline" dev="proc" ino=1804 scontext=u:r:untrusted_app:s0:c512,c768 tcontext=u:r:init:s0 tclass=file permissive=1
12-31 18:02:56.936  1551  1551 I ps      : type=1400 audit(0.0:128): avc: denied { open } for path="/proc/1/cmdline" dev="proc" ino=1804 scontext=u:r:untrusted_app:s0:c512,c768 tcontext=u:r:init:s0 tclass=file permissive=1
12-31 18:02:56.936  1551  1551 I ps      : type=1400 audit(0.0:129): avc: denied { getattr } for path="/proc/2" dev="proc" ino=10504 scontext=u:r:untrusted_app:s0:c512,c768 tcontext=u:r:kernel:s0 tclass=dir permissive=1
12-31 18:02:56.936  1551  1551 I ps      : type=1400 audit(0.0:130): avc: denied { search } for name="2" dev="proc" ino=10504 scontext=u:r:untrusted_app:s0:c512,c768 tcontext=u:r:kernel:s0 tclass=dir permissive=1
12-31 18:02:56.936  1551  1551 I ps      : type=1400 audit(0.0:131): avc: denied { read } for name="cmdline" dev="proc" ino=10603 scontext=u:r:untrusted_app:s0:c512,c768 tcontext=u:r:kernel:s0 tclass=file permissive=1
12-31 18:02:56.936  1551  1551 I ps      : type=1400 audit(0.0:132): avc: denied { open } for path="/proc/2/cmdline" dev="proc" ino=10603 scontext=u:r:untrusted_app:s0:c512,c768 tcontext=u:r:kernel:s0 tclass=file permissive=1
--------- beginning of main
12-31 18:03:09.453  1652  1652 I ps      : type=1400 audit(0.0:135): avc: denied { getattr } for path="/proc/1" dev="proc" ino=5226 scontext=u:r:untrusted_app:s0:c512,c768 tcontext=u:r:init:s0 tclass=dir permissive=1
12-31 18:03:09.453  1652  1652 I ps      : type=1400 audit(0.0:136): avc: denied { search } for name="1" dev="proc" ino=5226 scontext=u:r:untrusted_app:s0:c512,c768 tcontext=u:r:init:s0 tclass=dir permissive=1
12-31 18:03:09.453  1652  1652 I ps      : type=1400 audit(0.0:137): avc: denied { read } for name="cmdline" dev="proc" ino=1804 scontext=u:r:untrusted_app:s0:c512,c768 tcontext=u:r:init:s0 tclass=file permissive=1
12-31 18:03:09.453  1652  1652 I ps      : type=1400 audit(0.0:138): avc: denied { open } for path="/proc/1/cmdline" dev="proc" ino=1804 scontext=u:r:untrusted_app:s0:c512,c768 tcontext=u:r:init:s0 tclass=file permissive=1
12-31 18:03:09.453  1652  1652 I ps      : type=1400 audit(0.0:139): avc: denied { getattr } for path="/proc/2" dev="proc" ino=10504 scontext=u:r:untrusted_app:s0:c512,c768 tcontext=u:r:kernel:s0 tclass=dir permissive=1
12-31 18:03:09.453  1652  1652 I ps      : type=1400 audit(0.0:140): avc: denied { search } for name="2" dev="proc" ino=10504 scontext=u:r:untrusted_app:s0:c512,c768 tcontext=u:r:kernel:s0 tclass=dir permissive=1
12-31 18:03:09.453  1652  1652 I ps      : type=1400 audit(0.0:141): avc: denied { read } for name="cmdline" dev="proc" ino=10603 scontext=u:r:untrusted_app:s0:c512,c768 tcontext=u:r:kernel:s0 tclass=file permissive=1
12-31 18:03:09.453  1652  1652 I ps      : type=1400 audit(0.0:142): avc: denied { open } for path="/proc/2/cmdline" dev="proc" ino=10603 scontext=u:r:untrusted_app:s0:c512,c768 tcontext=u:r:kernel:s0 tclass=file permissive=1
12-31 18:03:14.686  1669  1669 D Uvc     : [jni.cpp:72] JNI_OnLoad()...
12-31 18:03:14.686  1669  1669 D Uvc     : [JniEnv.h:32] ScopedJniEnv::onJniLoad()...
12-31 18:03:14.686  1669  1669 D Uvc     : [JniEnv.h:32] ...ScopedJniEnv::onJniLoad()
12-31 18:03:14.686  1669  1669 D Uvc     : [jni.cpp:72] ...JNI_OnLoad()
12-31 18:03:14.692  1669  1669 V AppUtil : initializing: getExternalStorageDirectory()=/storage/emulated/0
12-31 18:03:14.705  1669  1669 I AppUtil : found usbFileSystemRoot: /dev/bus/usb
12-31 18:03:14.706  1669  1669 I robotcontroller: type=1400 audit(0.0:145): avc: denied { read } for name="direction" dev="sysfs" ino=16602 scontext=u:r:untrusted_app:s0:c512,c768 tcontext=u:object_r:sysfs:s0 tclass=file permissive=1
12-31 18:03:14.706  1669  1669 I robotcontroller: type=1400 audit(0.0:146): avc: denied { open } for path="/sys/devices/pinctrl.26/gpio/gpio50/direction" dev="sysfs" ino=16602 scontext=u:r:untrusted_app:s0:c512,c768 tcontext=u:object_r:sysfs:s0 tclass=file permissive=1
12-31 18:03:14.706  1669  1669 I robotcontroller: type=1400 audit(0.0:147): avc: denied { getattr } for path="/sys/devices/pinctrl.26/gpio/gpio50/direction" dev="sysfs" ino=16602 scontext=u:r:untrusted_app:s0:c512,c768 tcontext=u:object_r:sysfs:s0 tclass=file permissive=1
12-31 18:03:14.710  1669  1669 I robotcontroller: type=1400 audit(0.0:148): avc: denied { write } for name="value" dev="sysfs" ino=13327 scontext=u:r:untrusted_app:s0:c512,c768 tcontext=u:object_r:sysfs:s0 tclass=file permissive=1
12-31 18:03:14.720  1669  1669 I AppAliveNotifier: Telling the OS to set the RC alive notification timeout to 20 seconds
12-31 18:03:14.725  1669  1685 V RobotCore: saving logcat to /storage/emulated/0/robotControllerLog.txt
12-31 18:03:14.726  1669  1685 V RobotCore: logging command line: exec logcat -f /storage/emulated/0/robotControllerLog.txt -r4096 -n4 -v threadtime UsbRequestJNI:S UsbRequest:S art:W ThreadPool:W System:W ExtendedExtractor:W OMXClient:W MediaPlayer:W dalvikvm:W  *:V
12-31 18:03:14.737  1669  1669 V AppUtil : rootActivity=PermissionValidatorWrapper
12-31 18:03:14.738  1669  1669 I PermissionValidatorActivity: Lifecycle onCreate : 89d17b7
12-31 18:03:14.759  1669  1685 I RobotCore: Done running ps
12-31 18:03:14.770  1688  1688 I sh      : type=1400 audit(0.0:149): avc: denied { read } for name="/" dev="rootfs" ino=1 scontext=u:r:untrusted_app:s0:c512,c768 tcontext=u:object_r:rootfs:s0 tclass=dir permissive=1
12-31 18:03:14.770  1688  1688 I sh      : type=1400 audit(0.0:150): avc: denied { open } for path="/" dev="rootfs" ino=1 scontext=u:r:untrusted_app:s0:c512,c768 tcontext=u:object_r:rootfs:s0 tclass=dir permissive=1
12-31 18:03:14.875  1669  1669 I PermissionValidatorActivity: Lifecycle onStart : 89d17b7
12-31 18:03:14.876  1669  1669 I PermissionValidator: Checking permission for android.permission.WRITE_EXTERNAL_STORAGE
12-31 18:03:14.881  1669  1669 I PermissionValidator:     Granted: android.permission.WRITE_EXTERNAL_STORAGE
12-31 18:03:14.881  1669  1669 I PermissionValidator: Checking permission for android.permission.READ_EXTERNAL_STORAGE
12-31 18:03:14.882  1669  1669 I PermissionValidator:     Granted: android.permission.READ_EXTERNAL_STORAGE
12-31 18:03:14.882  1669  1669 I PermissionValidator: Checking permission for android.permission.CAMERA
12-31 18:03:14.882  1669  1669 I PermissionValidator:     Granted: android.permission.CAMERA
12-31 18:03:14.883  1669  1669 I PermissionValidator: Checking permission for android.permission.ACCESS_COARSE_LOCATION
12-31 18:03:14.883  1669  1669 I PermissionValidator:     Granted: android.permission.ACCESS_COARSE_LOCATION
12-31 18:03:14.884  1669  1669 I PermissionValidator: Checking permission for android.permission.ACCESS_FINE_LOCATION
12-31 18:03:14.884  1669  1669 I PermissionValidator:     Granted: android.permission.ACCESS_FINE_LOCATION
12-31 18:03:14.885  1669  1669 I PermissionValidator: Checking permission for android.permission.READ_PHONE_STATE
12-31 18:03:14.885  1669  1669 I PermissionValidator:     Granted: android.permission.READ_PHONE_STATE
12-31 18:03:14.889  1669  1669 V ServiceStarter: attempting to start service MediaTransferProtocolMonitorService
12-31 18:03:14.891  1669  1669 V ServiceStarter: started service MediaTransferProtocolMonitorService
12-31 18:03:14.892  1669  1669 V ServiceStarter: attempting to start service OnBotJavaService
12-31 18:03:14.894  1669  1669 V ServiceStarter: started service OnBotJavaService
12-31 18:03:14.894  1669  1669 I PermissionValidatorActivity: All permissions validated.  Starting RobotController
12-31 18:03:14.906  1669  1669 V MTPMonitorService: onCreate()
12-31 18:03:14.907  1669  1669 V MTPMonitorService: onStartCommand() intent=Intent { cmp=com.qualcomm.ftcrobotcontroller/org.firstinspires.ftc.robotcore.internal.files.MediaTransferProtocolMonitorService } flags=0x0 startId=1
12-31 18:03:14.912  1669  1669 V MTPMonitor: observing: /storage/emulated/0
12-31 18:03:14.980  1669  1669 V OnBotJavaService: onCreate()
12-31 18:03:14.982  1669  1669 V OnBotJavaService: onStartCommand() intent=Intent { cmp=com.qualcomm.ftcrobotcontroller/org.firstinspires.ftc.onbotjava.OnBotJavaService } flags=0x0 startId=1
12-31 18:03:14.983  1669  1669 V OnBotJava: OnBotJavaManager::static
12-31 18:03:15.416  1697  1697 I ps      : type=1400 audit(0.0:151): avc: denied { getattr } for path="/proc/1" dev="proc" ino=5226 scontext=u:r:untrusted_app:s0:c512,c768 tcontext=u:r:init:s0 tclass=dir permissive=1
12-31 18:03:15.420  1697  1697 I ps      : type=1400 audit(0.0:152): avc: denied { search } for name="1" dev="proc" ino=5226 scontext=u:r:untrusted_app:s0:c512,c768 tcontext=u:r:init:s0 tclass=dir permissive=1
12-31 18:03:15.420  1697  1697 I ps      : type=1400 audit(0.0:153): avc: denied { read } for name="cmdline" dev="proc" ino=1804 scontext=u:r:untrusted_app:s0:c512,c768 tcontext=u:r:init:s0 tclass=file permissive=1
12-31 18:03:15.420  1697  1697 I ps      : type=1400 audit(0.0:154): avc: denied { open } for path="/proc/1/cmdline" dev="proc" ino=1804 scontext=u:r:untrusted_app:s0:c512,c768 tcontext=u:r:init:s0 tclass=file permissive=1
12-31 18:03:15.658  1669  1669 V OnBotJava: ctor()...
12-31 18:03:15.661  1669  1669 V OnBotJava: ...ctor()
12-31 18:03:15.668  1669  1669 W asset   : Asset path /data/app/com.qualcomm.ftcrobotcontroller-1/base.apk is neither a directory nor file (type=1).
12-31 18:03:15.668  1669  1669 E ResourcesManager: failed to add asset path /data/app/com.qualcomm.ftcrobotcontroller-1/base.apk
12-31 18:03:15.672  1669  1669 V AppUtil : initializing: getExternalStorageDirectory()=/storage/emulated/0
12-31 18:03:15.675  1669  1669 I AppUtil : found usbFileSystemRoot: /dev/bus/usb
12-31 18:03:15.676  1669  1669 I AppAliveNotifier: Telling the OS to set the RC alive notification timeout to 20 seconds
12-31 18:03:15.678  1669  1669 W asset   : Asset path /data/app/com.qualcomm.ftcrobotcontroller-1/base.apk is neither a directory nor file (type=1).
12-31 18:03:15.678  1669  1669 E ResourcesManager: failed to add asset path /data/app/com.qualcomm.ftcrobotcontroller-1/base.apk
12-31 18:03:15.687  1669  1669 D AndroidRuntime: Shutting down VM
--------- beginning of crash
12-31 18:03:15.699  1669  1669 E AndroidRuntime: FATAL EXCEPTION: main
12-31 18:03:15.699  1669  1669 E AndroidRuntime: Process: com.qualcomm.ftcrobotcontroller, PID: 1669
12-31 18:03:15.699  1669  1669 E AndroidRuntime: java.lang.RuntimeException: Unable to start activity ComponentInfo{com.qualcomm.ftcrobotcontroller/org.firstinspires.ftc.robotcontroller.internal.FtcRobotControllerActivity}: java.lang.NullPointerException: Attempt to invoke virtual method 'android.content.res.AssetManager android.content.res.Resources.getAssets()' on a null object reference
12-31 18:03:15.699  1669  1669 E AndroidRuntime: 	at android.app.ActivityThread.performLaunchActivity(ActivityThread.java:2666)
12-31 18:03:15.699  1669  1669 E AndroidRuntime: 	at android.app.ActivityThread.handleLaunchActivity(ActivityThread.java:2727)
12-31 18:03:15.699  1669  1669 E AndroidRuntime: 	at android.app.ActivityThread.-wrap12(ActivityThread.java)
12-31 18:03:15.699  1669  1669 E AndroidRuntime: 	at android.app.ActivityThread$H.handleMessage(ActivityThread.java:1478)
12-31 18:03:15.699  1669  1669 E AndroidRuntime: 	at android.os.Handler.dispatchMessage(Handler.java:102)
12-31 18:03:15.699  1669  1669 E AndroidRuntime: 	at android.os.Looper.loop(Looper.java:154)
12-31 18:03:15.699  1669  1669 E AndroidRuntime: 	at android.app.ActivityThread.main(ActivityThread.java:6121)
12-31 18:03:15.699  1669  1669 E AndroidRuntime: 	at java.lang.reflect.Method.invoke(Native Method)
12-31 18:03:15.699  1669  1669 E AndroidRuntime: 	at com.android.internal.os.ZygoteInit$MethodAndArgsCaller.run(ZygoteInit.java:905)
12-31 18:03:15.699  1669  1669 E AndroidRuntime: 	at com.android.internal.os.ZygoteInit.main(ZygoteInit.java:795)
12-31 18:03:15.699  1669  1669 E AndroidRuntime: Caused by: java.lang.NullPointerException: Attempt to invoke virtual method 'android.content.res.AssetManager android.content.res.Resources.getAssets()' on a null object reference
12-31 18:03:15.699  1669  1669 E AndroidRuntime: 	at android.app.LoadedApk.getAssets(LoadedApk.java:761)
12-31 18:03:15.699  1669  1669 E AndroidRuntime: 	at android.app.LoadedApk.makeApplication(LoadedApk.java:824)
12-31 18:03:15.699  1669  1669 E AndroidRuntime: 	at android.app.ActivityThread.performLaunchActivity(ActivityThread.java:2575)
12-31 18:03:15.699  1669  1669 E AndroidRuntime: 	... 9 more
12-31 18:03:16.470  1760  1760 I ps      : type=1400 audit(0.0:155): avc: denied { getattr } for path="/proc/2" dev="proc" ino=10504 scontext=u:r:untrusted_app:s0:c512,c768 tcontext=u:r:kernel:s0 tclass=dir permissive=1
12-31 18:03:16.470  1760  1760 I ps      : type=1400 audit(0.0:156): avc: denied { search } for name="2" dev="proc" ino=10504 scontext=u:r:untrusted_app:s0:c512,c768 tcontext=u:r:kernel:s0 tclass=dir permissive=1
--------- beginning of main
12-31 18:03:37.395  1792  1792 D Uvc     : [jni.cpp:72] JNI_OnLoad()...
12-31 18:03:37.395  1792  1792 D Uvc     : [JniEnv.h:32] ScopedJniEnv::onJniLoad()...
12-31 18:03:37.395  1792  1792 D Uvc     : [JniEnv.h:32] ...ScopedJniEnv::onJniLoad()
12-31 18:03:37.395  1792  1792 D Uvc     : [jni.cpp:72] ...JNI_OnLoad()
12-31 18:03:37.401  1792  1792 V AppUtil : initializing: getExternalStorageDirectory()=/storage/emulated/0
12-31 18:03:37.407  1792  1792 I AppUtil : found usbFileSystemRoot: /dev/bus/usb
12-31 18:03:37.406  1792  1792 I robotcontroller: type=1400 audit(0.0:160): avc: denied { read } for name="direction" dev="sysfs" ino=16602 scontext=u:r:untrusted_app:s0:c512,c768 tcontext=u:object_r:sysfs:s0 tclass=file permissive=1
12-31 18:03:37.406  1792  1792 I robotcontroller: type=1400 audit(0.0:161): avc: denied { open } for path="/sys/devices/pinctrl.26/gpio/gpio50/direction" dev="sysfs" ino=16602 scontext=u:r:untrusted_app:s0:c512,c768 tcontext=u:object_r:sysfs:s0 tclass=file permissive=1
12-31 18:03:37.406  1792  1792 I robotcontroller: type=1400 audit(0.0:162): avc: denied { getattr } for path="/sys/devices/pinctrl.26/gpio/gpio50/direction" dev="sysfs" ino=16602 scontext=u:r:untrusted_app:s0:c512,c768 tcontext=u:object_r:sysfs:s0 tclass=file permissive=1
12-31 18:03:37.410  1792  1792 I robotcontroller: type=1400 audit(0.0:163): avc: denied { write } for name="value" dev="sysfs" ino=13327 scontext=u:r:untrusted_app:s0:c512,c768 tcontext=u:object_r:sysfs:s0 tclass=file permissive=1
12-31 18:03:37.419  1792  1792 I AppAliveNotifier: Telling the OS to set the RC alive notification timeout to 20 seconds
12-31 18:03:37.426  1792  1808 V RobotCore: saving logcat to /storage/emulated/0/robotControllerLog.txt
12-31 18:03:37.426  1792  1808 V RobotCore: logging command line: exec logcat -f /storage/emulated/0/robotControllerLog.txt -r4096 -n4 -v threadtime UsbRequestJNI:S UsbRequest:S art:W ThreadPool:W System:W ExtendedExtractor:W OMXClient:W MediaPlayer:W dalvikvm:W  *:V
12-31 18:03:37.438  1792  1792 V AppUtil : rootActivity=PermissionValidatorWrapper
12-31 18:03:37.438  1792  1792 I PermissionValidatorActivity: Lifecycle onCreate : 89d17b7
12-31 18:03:37.460  1792  1808 I RobotCore: Done running ps
12-31 18:03:37.470  1812  1812 I sh      : type=1400 audit(0.0:164): avc: denied { read } for name="/" dev="rootfs" ino=1 scontext=u:r:untrusted_app:s0:c512,c768 tcontext=u:object_r:rootfs:s0 tclass=dir permissive=1
12-31 18:03:37.470  1812  1812 I sh      : type=1400 audit(0.0:165): avc: denied { open } for path="/" dev="rootfs" ino=1 scontext=u:r:untrusted_app:s0:c512,c768 tcontext=u:object_r:rootfs:s0 tclass=dir permissive=1
12-31 18:03:37.537  1792  1792 I PermissionValidatorActivity: Lifecycle onStart : 89d17b7
12-31 18:03:37.539  1792  1792 I PermissionValidator: Checking permission for android.permission.WRITE_EXTERNAL_STORAGE
12-31 18:03:37.543  1792  1792 I PermissionValidator:     Granted: android.permission.WRITE_EXTERNAL_STORAGE
12-31 18:03:37.543  1792  1792 I PermissionValidator: Checking permission for android.permission.READ_EXTERNAL_STORAGE
12-31 18:03:37.544  1792  1792 I PermissionValidator:     Granted: android.permission.READ_EXTERNAL_STORAGE
12-31 18:03:37.544  1792  1792 I PermissionValidator: Checking permission for android.permission.CAMERA
12-31 18:03:37.545  1792  1792 I PermissionValidator:     Granted: android.permission.CAMERA
12-31 18:03:37.545  1792  1792 I PermissionValidator: Checking permission for android.permission.ACCESS_COARSE_LOCATION
12-31 18:03:37.547  1792  1792 I PermissionValidator:     Granted: android.permission.ACCESS_COARSE_LOCATION
12-31 18:03:37.547  1792  1792 I PermissionValidator: Checking permission for android.permission.ACCESS_FINE_LOCATION
12-31 18:03:37.548  1792  1792 I PermissionValidator:     Granted: android.permission.ACCESS_FINE_LOCATION
12-31 18:03:37.548  1792  1792 I PermissionValidator: Checking permission for android.permission.READ_PHONE_STATE
12-31 18:03:37.549  1792  1792 I PermissionValidator:     Granted: android.permission.READ_PHONE_STATE
12-31 18:03:37.552  1792  1792 V ServiceStarter: attempting to start service MediaTransferProtocolMonitorService
12-31 18:03:37.554  1792  1792 V ServiceStarter: started service MediaTransferProtocolMonitorService
12-31 18:03:37.555  1792  1792 V ServiceStarter: attempting to start service OnBotJavaService
12-31 18:03:37.557  1792  1792 V ServiceStarter: started service OnBotJavaService
12-31 18:03:37.557  1792  1792 I PermissionValidatorActivity: All permissions validated.  Starting RobotController
12-31 18:03:37.569  1792  1792 V MTPMonitorService: onCreate()
12-31 18:03:37.569  1792  1792 V MTPMonitorService: onStartCommand() intent=Intent { cmp=com.qualcomm.ftcrobotcontroller/org.firstinspires.ftc.robotcore.internal.files.MediaTransferProtocolMonitorService } flags=0x0 startId=1
12-31 18:03:37.572  1792  1792 V MTPMonitor: observing: /storage/emulated/0
12-31 18:03:37.634  1792  1792 V OnBotJavaService: onCreate()
12-31 18:03:37.635  1792  1792 V OnBotJavaService: onStartCommand() intent=Intent { cmp=com.qualcomm.ftcrobotcontroller/org.firstinspires.ftc.onbotjava.OnBotJavaService } flags=0x0 startId=1
12-31 18:03:37.636  1792  1792 V OnBotJava: OnBotJavaManager::static
12-31 18:03:38.100  1792  1792 V OnBotJava: ctor()...
12-31 18:03:38.101  1792  1792 V OnBotJava: ...ctor()
12-31 18:03:38.105  1792  1792 V RCActivity: Permissions validated already
12-31 18:03:38.106  1792  1792 V RCActivity: onCreate()
12-31 18:03:38.108  1792  1792 V RCActivity: rootActivity is of class PermissionValidatorWrapper
12-31 18:03:38.111  1792  1792 V RCActivity: launchActivity is of class class org.firstinspires.ftc.robotcontroller.internal.PermissionValidatorWrapper
12-31 18:03:38.118  1792  1818 V CallbackLooper: thread=38
12-31 18:03:38.122  1792  1792 V NetDiscover_wifiDirectAgent: doStart()...
12-31 18:03:38.126  1792  1792 V NetDiscover_wifiDirectAgent: ...doStart()
12-31 18:03:38.126  1792  1792 V NetDiscover_prefremrc: ----- all preferences -----
12-31 18:03:38.127  1792  1792 V NetDiscover_prefremrc: name='android.permission.READ_PHONE_STATE' value=false
12-31 18:03:38.127  1792  1792 V NetDiscover_prefremrc: name='pref_autostarted_robot_controller' value=true
12-31 18:03:38.127  1792  1792 V NetDiscover_prefremrc: name='pref_warn_about_obsolete_software' value=true
12-31 18:03:38.127  1792  1792 V NetDiscover_prefremrc: name='pref_has_independent_phone_battery' value=false
12-31 18:03:38.128  1792  1792 V NetDiscover_prefremrc: name='android.permission.CAMERA' value=false
12-31 18:03:38.128  1792  1792 V NetDiscover_prefremrc: name='pref_wifip2p_remote_channel_change_works' value=false
12-31 18:03:38.128  1792  1792 V NetDiscover_prefremrc: name='pref_hardware_config_filename' value={"isDirty":false,"location":"LOCAL_STORAGE","name":"ExCamera4DsCs","resourceId":0}
12-31 18:03:38.128  1792  1792 V NetDiscover_prefremrc: name='pref_warn_about_mismatched_app_versions' value=true
12-31 18:03:38.128  1792  1792 V NetDiscover_prefremrc: name='pref_sound_on_off' value=false
12-31 18:03:38.128  1792  1792 V NetDiscover_prefremrc: name='pref_ftc_season_year_of_current_rc_new' value=2022
12-31 18:03:38.128  1792  1792 V NetDiscover_prefremrc: name='App Restrictions' value=AAAAAA==
12-31 18:03:38.128  1792  1792 V NetDiscover_prefremrc:     
12-31 18:03:38.129  1792  1792 V NetDiscover_prefremrc: name='pref_warn_about_incorrect_clocks' value=true
12-31 18:03:38.129  1792  1792 V NetDiscover_prefremrc: name='pref_has_speaker' value=false
12-31 18:03:38.129  1792  1792 V NetDiscover_prefremrc: name='pref_ftc_season_year_of_current_rc' value=2022
12-31 18:03:38.129  1792  1792 V NetDiscover_prefremrc: name='android.permission.ACCESS_COARSE_LOCATION' value=false
12-31 18:03:38.129  1792  1792 V NetDiscover_prefremrc: name='android.permission.WRITE_EXTERNAL_STORAGE' value=false
12-31 18:03:38.129  1792  1792 V NetDiscover_prefremrc: name='pref_connection_owner_password' value=ftc21180
12-31 18:03:38.129  1792  1792 V NetDiscover_prefremrc: name='pref_pairing_kind' value=RCWIRELESSAP
12-31 18:03:38.129  1792  1792 V NetDiscover_prefremrc: name='pref_device_name_internal' value=21180-RC
12-31 18:03:38.129  1792  1792 V NetDiscover_prefremrc: name='pref_app_theme' value=red
12-31 18:03:38.129  1792  1792 V NetDiscover_prefremrc: name='android.permission.ACCESS_FINE_LOCATION' value=false
12-31 18:03:38.130  1792  1792 V NetDiscover_prefremrc: name='pref_device_name' value=21180-RC
12-31 18:03:38.130  1792  1792 V NetDiscover_prefremrc: name='pref_warn_about_2_4_ghz_band' value=true
12-31 18:03:38.130  1792  1792 V NetDiscover_prefremrc: name='android.permission.READ_EXTERNAL_STORAGE' value=false
12-31 18:03:38.130  1792  1792 V NetDiscover_prefremrc: name='pref_device_name_tracking' value=WIFIAP
12-31 18:03:38.130  1792  1792 V NetDiscover_prefremrc: name='pref_rc_connected' value=true
12-31 18:03:38.135  1792  1792 V Robocol : SendOnceRunnable created
12-31 18:03:38.137  1792  1792 V NetDiscover_prefremrc: doStart()...
12-31 18:03:38.137  1792  1792 V NetDiscover_prefremrc: ...doStart()
12-31 18:03:38.163  1792  1792 W System  : ClassLoader referenced unknown path: /system/app/webview/lib/arm
12-31 18:03:38.164  1792  1792 D ApplicationLoaders: ignored Vulkan layer search path /system/app/webview/lib/arm:/system/app/webview/webview.apk!/lib/armeabi-v7a:/system/lib:/vendor/lib for namespace 0xe9045090
12-31 18:03:38.167  1792  1792 I WebViewFactory: Loading com.android.webview version 52.0.2743.100 (code 275610050)
12-31 18:03:38.251  1792  1792 I cr_LibraryLoader: Time to load native libraries: 39 ms (timestamps 8212-8251)
12-31 18:03:38.252  1792  1792 I cr_LibraryLoader: Expected native library version number "52.0.2743.100", actual native library version number "52.0.2743.100"
12-31 18:03:38.264  1792  1792 V WebViewChromiumFactoryProvider: Binding Chromium to main looper Looper (main, tid 1) {e8dc9b9}
12-31 18:03:38.265  1792  1792 I cr_LibraryLoader: Expected native library version number "52.0.2743.100", actual native library version number "52.0.2743.100"
12-31 18:03:38.275  1792  1792 I chromium: [INFO:library_loader_hooks.cc(143)] Chromium logging enabled: level = 0, default verbosity = 0
12-31 18:03:38.294  1792  1792 I cr_BrowserStartup: Initializing chromium process, singleProcess=true
12-31 18:03:38.325  1792  1792 I mali_so : [File] : hardware/rockchip/driver/./src/base/arch/arch_011_udd/base_arch_main.c; [Line] : 565; [Func] : deal_with_version_affairs_rk_ext;
12-31 18:03:38.325  1792  1792 I mali_so : arm_release_ver of this mali_so is 'r7p0-00rel1', rk_so_ver is '1@2' for 3328h_android_7.1, built at '15:47:49', on 'Jun 28 2017'.
12-31 18:03:38.325  1792  1792 I mali_so : [File] : hardware/rockchip/driver/./src/base/arch/arch_011_udd/base_arch_main.c; [Line] : 578; [Func] : deal_with_version_affairs_rk_ext;
12-31 18:03:38.325  1792  1792 I mali_so : mali_ver_property has been set to 'r7p0-00rel1-5-1@2', to return.
12-31 18:03:38.392  1792  1792 I cr_DRP  : No DRP key due to exception:java.lang.ClassNotFoundException: com.android.webview.chromium.Drp
12-31 18:03:38.444  1792  1792 W cr_AwContents: onDetachedFromWindow called when already detached. Ignoring
12-31 18:03:38.684  1792  1792 W System  : ClassLoader referenced unknown path: 
12-31 18:03:40.230  1792  1792 V UpdateUI: Network: inactive, disconnected
12-31 18:03:40.231  1792  1792 V ServiceStarter: attempting to start service FtcRobotControllerWatchdogService
12-31 18:03:40.234  1792  1792 V ServiceStarter: started service FtcRobotControllerWatchdogService
12-31 18:03:40.258  1792  1792 I RobotCore: App info: version=8.1.1 appId=com.qualcomm.ftcrobotcontroller
12-31 18:03:40.259  1792  1792 I RobotCore: Android Device: maker=REV Robotics model=Control Hub v1.0 sdk=25 serial=caade241cd00a884
12-31 18:03:40.259  1792  1792 V AndroidBoard: REV Control Hub contains REV3328
12-31 18:03:40.259  1792  1792 V AndroidBoard: Communicating with embedded REV hub via /dev/ttyS1
12-31 18:03:40.261  1792  1792 V RCActivity: onStart()
12-31 18:03:40.265  1792  1792 V RCActivity: onResume()
12-31 18:03:40.286  1792  1792 V NetDiscover_prefremrc: onSharedPreferenceChanged(name=App Restrictions, value=AAAAAA==
12-31 18:03:40.286  1792  1792 V NetDiscover_prefremrc: )
12-31 18:03:40.298  1792  1792 V FtcRobotControllerWatchdogService: onCreate()
12-31 18:03:40.299  1792  1792 V FtcRobotControllerWatchdogService: onStartCommand() intent=Intent { cmp=com.qualcomm.ftcrobotcontroller/org.firstinspires.ftc.ftccommon.internal.FtcRobotControllerWatchdogService } flags=0x0 startId=1
12-31 18:03:40.300  1792  1792 V FtcRobotControllerWatchdogService: shouldAutoLauchRobotController() result=true
12-31 18:03:40.340  1792  1792 V FTCService: onCreate()
12-31 18:03:40.381  1792  1792 W art     : Before Android 4.1, method double java.util.concurrent.ThreadLocalRandom.internalNextDouble(double, double) would have incorrectly overridden the package-private method in java.util.Random
12-31 18:03:40.381  1792  1792 W art     : Before Android 4.1, method int java.util.concurrent.ThreadLocalRandom.internalNextInt(int, int) would have incorrectly overridden the package-private method in java.util.Random
12-31 18:03:40.381  1792  1792 W art     : Before Android 4.1, method long java.util.concurrent.ThreadLocalRandom.internalNextLong(long, long) would have incorrectly overridden the package-private method in java.util.Random
12-31 18:03:40.425  1792  1792 V FTCService: onBind()
12-31 18:03:40.450  1792  1792 V CoreRobotWebServer: creating NanoHTTPD(8080)
12-31 18:03:40.457  1792  1792 V WebSocketManager: Registered broadcast-only namespace progress
12-31 18:03:40.465  1792  1792 V WebSocketManager: Registered handler for namespace ControlHubUpdater
12-31 18:03:40.467  1792  1792 V RobotCore: Getting network assistant of type: RCWIRELESSAP
12-31 18:03:40.469  1792  1792 I RobotControllerAccessPointAssistant: Enabling network services
12-31 18:03:40.471  1792  1792 I RobotControllerAccessPointAssistant: Sending SSID and password to AP service
12-31 18:03:40.472  1792  1792 I RobotCore: ftc21180
12-31 18:03:40.473  1792  1792 D RobotControllerAccessPointAssistant: setNetworkProperties(deviceName=21180-RC, password=ftc21180, ApChannel=null) sendSettingsIndividually=false
12-31 18:03:40.473  1792  1792 I NetDiscover_ControlHubNameManager: Robot controller name: 21180-RC
12-31 18:03:40.473  1792  1792 I ControlHubPasswordManager: Robot controller password: ftc21180
12-31 18:03:40.473  1792  1792 D RobotControllerAccessPointAssistant: Sending bulk settings broadcast intent
12-31 18:03:40.530  1792  1841 I OpenGLRenderer: Initialized EGL, version 1.4
12-31 18:03:40.530  1792  1841 D OpenGLRenderer: Swap behavior 1
12-31 18:03:40.547  1792  1792 I RobotControllerAccessPointAssistant: Wi-Fi state change:, wifiApState: 13
12-31 18:03:40.548  1792  1792 I FTCService: onNetworkConnectionEvent: CONNECTION_INFO_AVAILABLE
12-31 18:03:40.549  1792  1792 I RobotCore: ftc21180
12-31 18:03:40.549  1792  1792 I FTCService: Network Connection Passphrase: ftc21180
12-31 18:03:40.549  1792  1792 V CoreRobotWebServer: starting port=8080
12-31 18:03:40.561  1792  1792 V RobotCore: Getting network assistant of type: RCWIRELESSAP
12-31 18:03:40.562  1792  1792 V CoreRobotWebServer: started port=8080
12-31 18:03:40.562  1792  1792 V FTCService: RCActivity.controllerService=bound
12-31 18:03:40.563  1792  1792 V UpdateUI: Network: active, disconnected
12-31 18:03:40.564  1792  1792 V RobotCore: Robot Status: stopped
12-31 18:03:40.573  1792  1847 V TooTallWebSocketServer: Started WebSocket server on port 8081
12-31 18:03:40.578  1792  1850 V RobotCore: thread: 'RobotSetupRunnable.run()' starting...
12-31 18:03:40.578  1792  1850 V FTCService: Processing robot setup
12-31 18:03:40.579  1792  1850 V RobotCore: Robot Status: stopped, scanning for USB devices
12-31 18:03:40.579  1792  1850 I AppAliveNotifier: Telling the OS to set the RC alive notification timeout to 10 seconds
12-31 18:03:40.604  1792  1792 V WebSocketManager: Registered handler for namespace ONBOTJAVA
12-31 18:03:40.611  1792  1849 V FtcWebSocket: Opening websocket (ip=192.168.43.107/192.168.43.107 port=8081)
12-31 18:03:40.617  1792  1841 I [Gralloc]:  ion device open success! fd = 92
12-31 18:03:40.624  1792  1849 V WebSocketManager: Subscribed websocket (ip=192.168.43.107/192.168.43.107 port=8081) to namespace (progress)
12-31 18:03:40.625  1792  1849 V WebSocketManager: Subscribed websocket (ip=192.168.43.107/192.168.43.107 port=8081) to namespace (ControlHubUpdater)
12-31 18:03:40.635  1792  1849 V FtcWebSocket: Opening websocket (ip=192.168.43.107/192.168.43.107 port=8081)
12-31 18:03:40.639  1792  1849 V WebSocketManager: Subscribed websocket (ip=192.168.43.107/192.168.43.107 port=8081) to namespace (progress)
12-31 18:03:40.641  1792  1849 V WebSocketManager: Subscribed websocket (ip=192.168.43.107/192.168.43.107 port=8081) to namespace (ControlHubUpdater)
12-31 18:03:40.657  1792  1849 V FtcWebSocket: Opening websocket (ip=192.168.43.107/192.168.43.107 port=8081)
12-31 18:03:40.662  1792  1849 V WebSocketManager: Subscribed websocket (ip=192.168.43.107/192.168.43.107 port=8081) to namespace (progress)
12-31 18:03:40.663  1792  1849 V WebSocketManager: Subscribed websocket (ip=192.168.43.107/192.168.43.107 port=8081) to namespace (ControlHubUpdater)
12-31 18:03:40.685  1792  1849 V FtcWebSocket: Opening websocket (ip=192.168.43.107/192.168.43.107 port=8081)
12-31 18:03:40.694  1792  1849 V WebSocketManager: Subscribed websocket (ip=192.168.43.107/192.168.43.107 port=8081) to namespace (progress)
12-31 18:03:40.696  1792  1849 V WebSocketManager: Subscribed websocket (ip=192.168.43.107/192.168.43.107 port=8081) to namespace (ControlHubUpdater)
12-31 18:03:40.710  1792  1849 V FtcWebSocket: Opening websocket (ip=192.168.43.107/192.168.43.107 port=8081)
12-31 18:03:40.713  1792  1849 V WebSocketManager: Subscribed websocket (ip=192.168.43.107/192.168.43.107 port=8081) to namespace (progress)
12-31 18:03:40.715  1792  1849 V WebSocketManager: Subscribed websocket (ip=192.168.43.107/192.168.43.107 port=8081) to namespace (ControlHubUpdater)
12-31 18:03:40.718  1792  1792 V AppUtil : rootActivity=PermissionValidatorWrapper destroyed
12-31 18:03:40.718  1792  1792 V AppUtil : rootActivity=FtcRobotControllerActivity
12-31 18:03:40.718  1792  1792 I PermissionValidatorActivity: Lifecycle onDestroy : 89d17b7
12-31 18:03:42.445  1792  1849 V FtcWebSocket: Opening websocket (ip=192.168.43.107/192.168.43.107 port=8081)
