11-17 14:34:21.237 13626 13626 V RCActivity: Permissions validated already
11-17 14:34:21.237 13626 13626 V RCActivity: onCreate()
11-17 14:34:21.239 13626 13626 V RCActivity: rootActivity is of class PermissionValidatorWrapper
11-17 14:34:21.242 13626 13626 V RCActivity: launchActivity is of class class org.firstinspires.ftc.robotcontroller.internal.PermissionValidatorWrapper
11-17 14:34:21.250 13626 13684 V CallbackLooper: thread=55
11-17 14:34:21.254 13626 13626 V NetDiscover_wifiDirectAgent: doStart()...
11-17 14:34:21.259 13626 13626 V NetDiscover_wifiDirectAgent: ...doStart()
11-17 14:34:21.259 13626 13626 V NetDiscover_prefremrc: ----- all preferences -----
11-17 14:34:21.259 13626 13626 V NetDiscover_prefremrc: name='android.permission.READ_PHONE_STATE' value=false
11-17 14:34:21.260 13626 13626 V NetDiscover_prefremrc: name='pref_autostarted_robot_controller' value=true
11-17 14:34:21.260 13626 13626 V NetDiscover_prefremrc: name='pref_warn_about_obsolete_software' value=true
11-17 14:34:21.260 13626 13626 V NetDiscover_prefremrc: name='pref_has_independent_phone_battery' value=false
11-17 14:34:21.260 13626 13626 V NetDiscover_prefremrc: name='android.permission.CAMERA' value=false
11-17 14:34:21.260 13626 13626 V NetDiscover_prefremrc: name='pref_wifip2p_remote_channel_change_works' value=false
11-17 14:34:21.260 13626 13626 V NetDiscover_prefremrc: name='pref_hardware_config_filename' value={"isDirty":false,"location":"LOCAL_STORAGE","name":"Error418Test6dcCamera","resourceId":0}
11-17 14:34:21.260 13626 13626 V NetDiscover_prefremrc: name='pref_warn_about_mismatched_app_versions' value=true
11-17 14:34:21.260 13626 13626 V NetDiscover_prefremrc: name='pref_sound_on_off' value=false
11-17 14:34:21.260 13626 13626 V NetDiscover_prefremrc: name='pref_ftc_season_year_of_current_rc_new' value=2022
11-17 14:34:21.261 13626 13626 V NetDiscover_prefremrc: name='App Restrictions' value=AAAAAA==
11-17 14:34:21.261 13626 13626 V NetDiscover_prefremrc:     
11-17 14:34:21.261 13626 13626 V NetDiscover_prefremrc: name='pref_warn_about_incorrect_clocks' value=true
11-17 14:34:21.261 13626 13626 V NetDiscover_prefremrc: name='android.permission.ACCESS_COARSE_LOCATION' value=false
11-17 14:34:21.261 13626 13626 V NetDiscover_prefremrc: name='pref_ftc_season_year_of_current_rc' value=2022
11-17 14:34:21.261 13626 13626 V NetDiscover_prefremrc: name='pref_has_speaker' value=false
11-17 14:34:21.261 13626 13626 V NetDiscover_prefremrc: name='android.permission.WRITE_EXTERNAL_STORAGE' value=false
11-17 14:34:21.261 13626 13626 V NetDiscover_prefremrc: name='pref_connection_owner_password' value=password
11-17 14:34:21.261 13626 13626 V NetDiscover_prefremrc: name='pref_pairing_kind' value=RCWIRELESSAP
11-17 14:34:21.262 13626 13626 V NetDiscover_prefremrc: name='android.permission.ACCESS_FINE_LOCATION' value=false
11-17 14:34:21.262 13626 13626 V NetDiscover_prefremrc: name='pref_app_theme' value=red
11-17 14:34:21.262 13626 13626 V NetDiscover_prefremrc: name='pref_device_name_internal' value=FTC-eE8w
11-17 14:34:21.262 13626 13626 V NetDiscover_prefremrc: name='pref_device_name' value=FTC-eE8w
11-17 14:34:21.262 13626 13626 V NetDiscover_prefremrc: name='pref_warn_about_2_4_ghz_band' value=true
11-17 14:34:21.262 13626 13626 V NetDiscover_prefremrc: name='pref_device_name_tracking' value=WIFIAP
11-17 14:34:21.262 13626 13626 V NetDiscover_prefremrc: name='android.permission.READ_EXTERNAL_STORAGE' value=false
11-17 14:34:21.263 13626 13626 V NetDiscover_prefremrc: name='pref_rc_connected' value=true
11-17 14:34:21.269 13626 13626 V Robocol : SendOnceRunnable created
11-17 14:34:21.272 13626 13626 V NetDiscover_prefremrc: doStart()...
11-17 14:34:21.273 13626 13626 V NetDiscover_prefremrc: ...doStart()
11-17 14:34:21.300 13626 13626 W System  : ClassLoader referenced unknown path: /system/app/webview/lib/arm
11-17 14:34:21.301 13626 13626 D ApplicationLoaders: ignored Vulkan layer search path /system/app/webview/lib/arm:/system/app/webview/webview.apk!/lib/armeabi-v7a:/system/lib:/vendor/lib for namespace 0xf2585090
11-17 14:34:21.305 13626 13626 I WebViewFactory: Loading com.android.webview version 52.0.2743.100 (code 275610050)
11-17 14:34:21.335 13626 13626 I cr_LibraryLoader: Time to load native libraries: 3 ms (timestamps 7026-7029)
11-17 14:34:21.335 13626 13626 I cr_LibraryLoader: Expected native library version number "52.0.2743.100", actual native library version number "52.0.2743.100"
11-17 14:34:21.349 13626 13626 V WebViewChromiumFactoryProvider: Binding Chromium to main looper Looper (main, tid 1) {e53eeca}
11-17 14:34:21.350 13626 13626 I cr_LibraryLoader: Expected native library version number "52.0.2743.100", actual native library version number "52.0.2743.100"
11-17 14:34:21.350 13626 13626 I chromium: [INFO:library_loader_hooks.cc(143)] Chromium logging enabled: level = 0, default verbosity = 0
11-17 14:34:21.368 13626 13626 I cr_BrowserStartup: Initializing chromium process, singleProcess=true
11-17 14:34:21.393 13626 13626 I mali_so : [File] : hardware/rockchip/driver/./src/base/arch/arch_011_udd/base_arch_main.c; [Line] : 565; [Func] : deal_with_version_affairs_rk_ext;
11-17 14:34:21.393 13626 13626 I mali_so : arm_release_ver of this mali_so is 'r7p0-00rel1', rk_so_ver is '1@2' for 3328h_android_7.1, built at '15:47:49', on 'Jun 28 2017'.
11-17 14:34:21.393 13626 13626 I mali_so : [File] : hardware/rockchip/driver/./src/base/arch/arch_011_udd/base_arch_main.c; [Line] : 578; [Func] : deal_with_version_affairs_rk_ext;
11-17 14:34:21.393 13626 13626 I mali_so : mali_ver_property has been set to 'r7p0-00rel1-5-1@2', to return.
11-17 14:34:21.457 13626 13626 I cr_DRP  : No DRP key due to exception:java.lang.ClassNotFoundException: com.android.webview.chromium.Drp
11-17 14:34:21.503 13626 13626 W cr_AwContents: onDetachedFromWindow called when already detached. Ignoring
11-17 14:34:21.755 13626 13626 W System  : ClassLoader referenced unknown path: 
11-17 14:34:21.793 13626 13626 W ClassManager: com.journeyapps.barcodescanner.ScanContract java.lang.ClassNotFoundException: com.journeyapps.barcodescanner.ScanContract
11-17 14:34:21.797 13626 13626 E ClassManager: java.lang.ClassNotFoundException: com.journeyapps.barcodescanner.ScanContract
11-17 14:34:21.799 13626 13626 E ClassManager: 	at java.lang.Class.classForName(Native Method)
11-17 14:34:21.801 13626 13626 E ClassManager: 	at java.lang.Class.forName(Class.java:400)
11-17 14:34:21.804 13626 13626 E ClassManager: 	at org.firstinspires.ftc.robotcore.internal.opmode.ClassManager.classNamesToClasses(ClassManager.java:215)
11-17 14:34:21.806 13626 13626 E ClassManager: 	at org.firstinspires.ftc.robotcore.internal.opmode.ClassManager.processAllClasses(ClassManager.java:258)
11-17 14:34:21.808 13626 13626 E ClassManager: 	at com.qualcomm.ftccommon.ClassManagerFactory.processAllClasses(ClassManagerFactory.java:94)
11-17 14:34:21.809 13626 13626 E ClassManager: 	at org.firstinspires.ftc.robotcontroller.internal.FtcRobotControllerActivity.onCreate(FtcRobotControllerActivity.java:356)
11-17 14:34:21.810 13626 13626 E ClassManager: 	at android.app.Activity.performCreate(Activity.java:6709)
11-17 14:34:21.810 13626 13626 E ClassManager: 	at android.app.Instrumentation.callActivityOnCreate(Instrumentation.java:1118)
11-17 14:34:21.811 13626 13626 E ClassManager: 	at android.app.ActivityThread.performLaunchActivity(ActivityThread.java:2619)
11-17 14:34:21.811 13626 13626 E ClassManager: 	at android.app.ActivityThread.handleLaunchActivity(ActivityThread.java:2727)
11-17 14:34:21.812 13626 13626 E ClassManager: 	at android.app.ActivityThread.-wrap12(ActivityThread.java)
11-17 14:34:21.813 13626 13626 E ClassManager: 	at android.app.ActivityThread$H.handleMessage(ActivityThread.java:1478)
11-17 14:34:21.813 13626 13626 E ClassManager: 	at android.os.Handler.dispatchMessage(Handler.java:102)
11-17 14:34:21.814 13626 13626 E ClassManager: 	at android.os.Looper.loop(Looper.java:154)
11-17 14:34:21.814 13626 13626 E ClassManager: 	at android.app.ActivityThread.main(ActivityThread.java:6121)
11-17 14:34:21.815 13626 13626 E ClassManager: 	at java.lang.reflect.Method.invoke(Native Method)
11-17 14:34:21.815 13626 13626 E ClassManager: 	at com.android.internal.os.ZygoteInit$MethodAndArgsCaller.run(ZygoteInit.java:905)
11-17 14:34:21.816 13626 13626 E ClassManager: 	at com.android.internal.os.ZygoteInit.main(ZygoteInit.java:795)
11-17 14:34:21.819 13626 13626 E ClassManager: Caused by: java.lang.ClassNotFoundException: Didn't find class "com.journeyapps.barcodescanner.ScanContract" on path: DexPathList[[],nativeLibraryDirectories=[/system/lib, /vendor/lib]]
11-17 14:34:21.819 13626 13626 E ClassManager: 	at dalvik.system.BaseDexClassLoader.findClass(BaseDexClassLoader.java:56)
11-17 14:34:21.820 13626 13626 E ClassManager: 	at java.lang.ClassLoader.loadClass(ClassLoader.java:380)
11-17 14:34:21.820 13626 13626 E ClassManager: 	at java.lang.ClassLoader.loadClass(ClassLoader.java:312)
11-17 14:34:21.821 13626 13626 E ClassManager: 	... 18 more
11-17 14:34:23.353 13626 13626 V UpdateUI: Network: inactive, disconnected
11-17 14:34:23.354 13626 13626 V ServiceStarter: attempting to start service FtcRobotControllerWatchdogService
11-17 14:34:23.356 13626 13626 V ServiceStarter: started service FtcRobotControllerWatchdogService
11-17 14:34:23.379 13626 13626 I RobotCore: App info: version=8.0.0 appId=com.qualcomm.ftcrobotcontroller
11-17 14:34:23.379 13626 13626 I RobotCore: Android Device: maker=REV Robotics model=Control Hub v1.0 sdk=25 serial=caade241cd00a884
11-17 14:34:23.379 13626 13626 V AndroidBoard: REV Control Hub contains REV3328
11-17 14:34:23.379 13626 13626 V AndroidBoard: Communicating with embedded REV hub via /dev/ttyS1
11-17 14:34:23.381 13626 13626 V RCActivity: onStart()
11-17 14:34:23.385 13626 13626 V RCActivity: onResume()
11-17 14:34:23.404 13626 13626 V NetDiscover_prefremrc: onSharedPreferenceChanged(name=App Restrictions, value=AAAAAA==
11-17 14:34:23.404 13626 13626 V NetDiscover_prefremrc: )
11-17 14:34:23.417 13626 13626 V FtcRobotControllerWatchdogService: onCreate()
11-17 14:34:23.418 13626 13626 V FtcRobotControllerWatchdogService: onStartCommand() intent=Intent { cmp=com.qualcomm.ftcrobotcontroller/org.firstinspires.ftc.ftccommon.internal.FtcRobotControllerWatchdogService } flags=0x0 startId=1
11-17 14:34:23.419 13626 13626 V FtcRobotControllerWatchdogService: shouldAutoLauchRobotController() result=true
11-17 14:34:23.420 13626 13626 V FTCService: onCreate()
11-17 14:34:23.459 13626 13626 W art     : Before Android 4.1, method double java.util.concurrent.ThreadLocalRandom.internalNextDouble(double, double) would have incorrectly overridden the package-private method in java.util.Random
11-17 14:34:23.459 13626 13626 W art     : Before Android 4.1, method int java.util.concurrent.ThreadLocalRandom.internalNextInt(int, int) would have incorrectly overridden the package-private method in java.util.Random
11-17 14:34:23.459 13626 13626 W art     : Before Android 4.1, method long java.util.concurrent.ThreadLocalRandom.internalNextLong(long, long) would have incorrectly overridden the package-private method in java.util.Random
11-17 14:34:23.498 13626 13626 V FTCService: onBind()
11-17 14:34:23.522 13626 13626 V CoreRobotWebServer: creating NanoHTTPD(8080)
11-17 14:34:23.527 13626 13626 V WebSocketManager: Registered broadcast-only namespace progress
11-17 14:34:23.534 13626 13626 V WebSocketManager: Registered handler for namespace ControlHubUpdater
11-17 14:34:23.536 13626 13626 V RobotCore: Getting network assistant of type: RCWIRELESSAP
11-17 14:34:23.538 13626 13626 I RobotControllerAccessPointAssistant: Enabling network services
11-17 14:34:23.540 13626 13626 I RobotControllerAccessPointAssistant: Sending SSID and password to AP service
11-17 14:34:23.541 13626 13626 I RobotCore: password
11-17 14:34:23.541 13626 13626 D RobotControllerAccessPointAssistant: setNetworkProperties(deviceName=FTC-eE8w, password=password, ApChannel=null) sendSettingsIndividually=false
11-17 14:34:23.541 13626 13626 I NetDiscover_ControlHubNameManager: Robot controller name: FTC-eE8w
11-17 14:34:23.542 13626 13626 I ControlHubPasswordManager: Robot controller password: password
11-17 14:34:23.542 13626 13626 D RobotControllerAccessPointAssistant: Sending bulk settings broadcast intent
11-17 14:34:23.596 13626 13707 I OpenGLRenderer: Initialized EGL, version 1.4
11-17 14:34:23.596 13626 13707 D OpenGLRenderer: Swap behavior 1
11-17 14:34:23.602 13626 13626 I RobotControllerAccessPointAssistant: Wi-Fi state change:, wifiApState: 13
11-17 14:34:23.602 13626 13626 I FTCService: onNetworkConnectionEvent: CONNECTION_INFO_AVAILABLE
11-17 14:34:23.602 13626 13626 I RobotCore: password
11-17 14:34:23.602 13626 13626 I FTCService: Network Connection Passphrase: password
11-17 14:34:23.603 13626 13626 V CoreRobotWebServer: starting port=8080
11-17 14:34:23.614 13626 13626 V RobotCore: Getting network assistant of type: RCWIRELESSAP
11-17 14:34:23.615 13626 13626 V CoreRobotWebServer: started port=8080
11-17 14:34:23.615 13626 13626 V FTCService: RCActivity.controllerService=bound
11-17 14:34:23.616 13626 13626 V UpdateUI: Network: active, disconnected
11-17 14:34:23.617 13626 13626 V RobotCore: Robot Status: stopped
11-17 14:34:23.626 13626 13713 V TooTallWebSocketServer: Started WebSocket server on port 8081
11-17 14:34:23.629 13626 13716 V RobotCore: thread: 'RobotSetupRunnable.run()' starting...
11-17 14:34:23.630 13626 13716 V FTCService: Processing robot setup
11-17 14:34:23.630 13626 13716 V RobotCore: Robot Status: stopped, scanning for USB devices
11-17 14:34:23.630 13626 13716 I AppAliveNotifier: Telling the OS to set the RC alive notification timeout to 10 seconds
11-17 14:34:23.658 13626 13626 V WebSocketManager: Registered handler for namespace ONBOTJAVA
11-17 14:34:23.667 13626 13707 I [Gralloc]:  ion device open success! fd = 91
11-17 14:34:23.723 13626 13715 V FtcWebSocket: Opening websocket (ip=192.168.43.107/192.168.43.107 port=8081)
11-17 14:34:23.731 13626 13715 V WebSocketManager: Subscribed websocket (ip=192.168.43.107/192.168.43.107 port=8081) to namespace (progress)
11-17 14:34:23.733 13626 13715 V WebSocketManager: Subscribed websocket (ip=192.168.43.107/192.168.43.107 port=8081) to namespace (ControlHubUpdater)
11-17 14:34:23.742 13626 13626 I PermissionValidatorActivity: Lifecycle onDestroy : 3fca1b9
11-17 14:34:23.744 13626 13626 V AppUtil : rootActivity=PermissionValidatorWrapper destroyed
11-17 14:34:23.744 13626 13626 V AppUtil : rootActivity=FtcRobotControllerActivity
11-17 14:34:23.744 13626 13626 I PermissionValidatorActivity: Lifecycle onDestroy : e96b6b5
11-17 14:34:23.755 13626 13715 V FtcWebSocket: Opening websocket (ip=192.168.43.107/192.168.43.107 port=8081)
11-17 14:34:23.760 13626 13715 V WebSocketManager: Subscribed websocket (ip=192.168.43.107/192.168.43.107 port=8081) to namespace (progress)
11-17 14:34:23.761 13626 13715 V WebSocketManager: Subscribed websocket (ip=192.168.43.107/192.168.43.107 port=8081) to namespace (ControlHubUpdater)
11-17 14:34:24.167 13626 13727 I RobotCore: password
11-17 14:34:24.264 13626 13731 V ProgrammingModeManager: serve uri=/css/colors.less
11-17 14:34:24.564 13626 13732 I RobotCore: password
11-17 14:34:24.586 13626 13715 V FtcWebSocket: Opening websocket (ip=192.168.43.107/192.168.43.107 port=8081)
11-17 14:34:24.589 13626 13715 V WebSocketManager: Subscribed websocket (ip=192.168.43.107/192.168.43.107 port=8081) to namespace (progress)
11-17 14:34:24.591 13626 13715 V WebSocketManager: Subscribed websocket (ip=192.168.43.107/192.168.43.107 port=8081) to namespace (ControlHubUpdater)
11-17 14:34:24.674 13626 13730 V ProgrammingModeManager: serve uri=/css/colors.less
11-17 14:34:26.493 13626 13730 I RobotCore: password
11-17 14:34:28.336 13626 13715 V FtcWebSocket: Opening websocket (ip=192.168.43.107/192.168.43.107 port=8081)
11-17 14:34:28.339 13626 13715 V WebSocketManager: Subscribed websocket (ip=192.168.43.107/192.168.43.107 port=8081) to namespace (progress)
11-17 14:34:28.341 13626 13715 V WebSocketManager: Subscribed websocket (ip=192.168.43.107/192.168.43.107 port=8081) to namespace (ControlHubUpdater)
11-17 14:34:28.493 13626 13715 V FtcWebSocket: Opening websocket (ip=192.168.43.107/192.168.43.107 port=8081)
11-17 14:34:28.496 13626 13715 V WebSocketManager: Subscribed websocket (ip=192.168.43.107/192.168.43.107 port=8081) to namespace (progress)
11-17 14:34:28.497 13626 13715 V WebSocketManager: Subscribed websocket (ip=192.168.43.107/192.168.43.107 port=8081) to namespace (ControlHubUpdater)
11-17 14:34:28.639 13626 13716 V RobotCore: EventLoopManager state is NOT_STARTED
11-17 14:34:28.639 13626 13716 V FTCService: Waiting for a connection to a Wi-Fi service
11-17 14:34:28.639 13626 13716 V RobotCore: Robot Status: stopped, waiting for network to become active
11-17 14:34:28.641 13626 13716 I RobotControllerAccessPointAssistant: Wi-Fi AP is enabled
11-17 14:34:28.641 13626 13716 V CoreRobotWebServer: Asked an already running WebServer to start
11-17 14:34:28.642 13626 13716 V RobotCore: Robot Status: stopped, starting robot
11-17 14:34:28.642 13626 13716 V Robocol : EventLoopManager.start()
11-17 14:34:28.642 13626 13716 V RobotCore: Getting network assistant of type: RCWIRELESSAP
11-17 14:34:28.644 13626 13716 I RobotControllerAccessPointAssistant: Wi-Fi AP is enabled
11-17 14:34:28.644 13626 13716 V Robocol : Spoofing a Network Connection event...
11-17 14:34:28.644 13626 13716 I EventLoopManager: onNetworkConnectionEvent: CONNECTION_INFO_AVAILABLE
11-17 14:34:28.644 13626 13716 I Robocol : Received network connection event
11-17 14:34:28.645 13626 13716 I RobotControllerAccessPointAssistant: Wi-Fi AP is enabled
11-17 14:34:28.645 13626 13716 I NetworkConnectionHandler: Handling new network connection infomation, connected: true setup needed: true
11-17 14:34:28.646 13626 13716 I RobotControllerAccessPointAssistant: Wi-Fi AP is enabled
11-17 14:34:31.665 13626 13764 V RobotCore: thread: 'SetupRunnable.run()' starting...
11-17 14:34:31.665 13626 13716 V RobotCore: EventLoopManager state is STOPPED
11-17 14:34:31.667 13626 13716 V Robocol : eventLoop=FtcEventLoop
11-17 14:34:31.667 13626 13716 V RobotCore: EventLoopManager state is INIT
11-17 14:34:31.669 13626 13716 V RobotCore: Robot Status: initializing, starting robot
11-17 14:34:31.669 13626 13716 I FtcEventLoop: ======= INIT START =======
11-17 14:34:31.673 13626 13716 V OpmodeRegistration: registered {DefaultOpMode} as {$Stop$Robot$}
11-17 14:34:31.679 13626 13764 D Robocol : RobocolDatagramSocket listening addr=/192.168.43.1:20884 cbRec=65520 cbSend=106496 msRecTO=300
11-17 14:34:31.682 13626 13764 V Robocol : RecvLoopRunnable created
11-17 14:34:31.685 13626 13765 V Robocol : PacketProcessor started
11-17 14:34:31.688 13626 13766 V Robocol : CommandProcessor started
11-17 14:34:31.690 13626 13767 V RobotCore: thread: 'RecvLoopRunnable.run()' starting...
11-17 14:34:31.696 13626 13764 V PeerDiscovery: Starting peer discovery remote: /192.168.43.1 local: /192.168.43.1
11-17 14:34:31.697 13626 13764 V PeerDiscovery: No need for initiating peer discovery, we are the Robot Controller
11-17 14:34:31.697 13626 13764 V RobotCore: Setup complete
11-17 14:34:31.697 13626 13764 V RobotCore: thread: ...terminating 'SetupRunnable.run()'
11-17 14:34:31.901 13626 13716 V MD5     : Calculated digest: 9d9a9ed11665dc92c91c475aad54ef94
11-17 14:34:31.901 13626 13716 V MD5     : Provided digest: 9d9a9ed11665dc92c91c475aad54ef94
11-17 14:34:31.992 13626 13767 E Robocol : exception SocketTimeoutException(Receive timed out): no packet received [java.net.PlainDatagramSocketImpl.receive0(Native Method)]
11-17 14:34:32.556 13626 13765 D RobotCore: system telemetry: key=$System$None$ msg=""
11-17 14:34:32.557 13626 13765 V PeerDiscovery: new remote peer discovered: 192.168.43.39
11-17 14:34:32.557 13626 13765 V NetworkConnectionHandler: starting sending loop
11-17 14:34:32.559 13626 13776 V Robocol : sending CMD_NOTIFY_ROBOT_STATE(7), attempt: 0
11-17 14:34:32.561 13626 13776 V Robocol : sending CMD_NOTIFY_ROBOT_STATE(8), attempt: 0
11-17 14:34:32.562 13626 13776 V Robocol : sending CMD_NOTIFY_ROBOT_STATE(9), attempt: 0
11-17 14:34:32.622 13626 13716 V OpmodeRegistration: registered {TeleopCalibration} as {TeleopCalibration}
11-17 14:34:32.623 13626 13716 V OpmodeRegistration: registered {Forward} as { Nept-Forward and Turning }
11-17 14:34:32.623 13626 13716 V OpmodeRegistration: registered {ConceptAutoDriveCalibration} as {POC: Auto Drive Calibration}
11-17 14:34:32.624 13626 13716 V OpmodeRegistration: registered {AutonomousRight} as {AutonomousRight}
11-17 14:34:32.625 13626 13716 V OpmodeRegistration: registered {PushbotAutodrive} as {Nep-TestMotor }
11-17 14:34:32.625 13626 13765 V UpdateUI: Network: active, connected
11-17 14:34:32.625 13626 13765 D FTCService: Sending user device types and preferences to driver station
11-17 14:34:32.625 13626 13716 V OpmodeRegistration: registered {ConceptTensorFlowObjectDetection} as {POC: TensorFlow Object Detection}
11-17 14:34:32.626 13626 13716 V OpmodeRegistration: registered {ConceptVuforiaLocalization} as {POC - Vuforia Localization}
11-17 14:34:32.627 13626 13716 V OpmodeRegistration: registered {TensorFLowWebcam} as {Nap-Camera 2}
11-17 14:34:32.627 13626 13716 V OpmodeRegistration: registered {ConceptFieldNavigation} as {POC - Field Nav}
11-17 14:34:32.628 13626 13716 V OpmodeRegistration: registered {ConceptOpenCVSignalSleeveDetection} as {POC - OpenCV Signal Sleeve}
11-17 14:34:32.628 13626 13716 V OpmodeRegistration: registered {CameraVuforia} as {Camera}
11-17 14:34:32.629 13626 13716 V OpmodeRegistration: registered {ConceptSignalSleeveIdentification} as {POC: Signal Sleeve}
11-17 14:34:32.630 13626 13716 V OpmodeRegistration: registered {TensorFlowObjectDetectionWebcam} as {Nap: camera 3}
11-17 14:34:32.630 13626 13716 V OpmodeRegistration: registered {ConceptFieldNavigationAutoV2} as {POC - Field Nav Encoder}
11-17 14:34:32.631 13626 13716 V OpmodeRegistration: registered {ConceptBNO055IMUCalibration} as {POC: IMU Calibration}
11-17 14:34:32.631 13626 13716 V OpmodeRegistration: registered {TeleopDualDrivers} as {TeleopDualDrivers}
11-17 14:34:32.632 13626 13716 V OpmodeRegistration: registered {ConceptWebcamTest} as {nap: Webcam}
11-17 14:34:32.632 13626 13716 V OpmodeRegistration: registered {ConceptFieldNavigationAuto} as {POC - Field Nav Auto}
11-17 14:34:32.633 13626 13716 V OpmodeRegistration: registered {ConceptAutoDriveByGyro} as {POC: Drive By Gyro}
11-17 14:34:32.634 13626 13716 V OpmodeRegistration: registered {ConceptBNO055IMU} as {POC: IMU Display}
11-17 14:34:32.638 13626 13776 V Robocol : sending CMD_NOTIFY_ACTIVE_CONFIGURATION(13), attempt: 0
11-17 14:34:32.700 13626 13779 V SoundInfo: construct(0x0ce81a9e)
11-17 14:34:32.704 13626 13765 V NetDiscover_prefremrc: sendAllPreferences()
11-17 14:34:32.705 13626 13765 V NetDiscover_prefremrc: sending RC pref name=pref_wifip2p_remote_channel_change_works value=false
11-17 14:34:32.709 13626 13778 E WVMExtractor: Failed to open libwvm.so: dlopen failed: library "libwvm.so" not found
11-17 14:34:32.711 13626 13765 V NetDiscover_prefremrc: sending RC pref name=pref_device_name value=FTC-eE8w
11-17 14:34:32.712 13626 13765 V NetDiscover_prefremrc: sending RC pref name=pref_warn_about_incorrect_clocks value=true
11-17 14:34:32.712 13626 13765 V NetDiscover_prefremrc: sending RC pref name=pref_warn_about_obsolete_software value=true
11-17 14:34:32.713 13626 13765 V NetDiscover_prefremrc: sending RC pref name=pref_has_speaker value=false
11-17 14:34:32.714 13626 13765 V NetDiscover_prefremrc: sending RC pref name=pref_warn_about_2_4_ghz_band value=true
11-17 14:34:32.714 13626 13716 V FtcEventLoop: Ensuring that the embedded Control Hub module is set up correctly
11-17 14:34:32.714 13626 13765 V NetDiscover_prefremrc: sending RC pref name=pref_has_independent_phone_battery value=false
11-17 14:34:32.715 13626 13765 V NetDiscover_prefremrc: sending RC pref name=pref_app_theme value=red
11-17 14:34:32.716 13626 13765 V NetDiscover_prefremrc: sending RC pref name=pref_warn_about_mismatched_app_versions value=true
11-17 14:34:32.717 13626 13765 V NetDiscover_prefremrc: sending RC pref name=pref_sound_on_off value=false
11-17 14:34:32.717 13626 13776 V Robocol : sending CMD_NOTIFY_USER_DEVICE_LIST(14), attempt: 0
11-17 14:34:32.718 13626 13765 V NetworkConnectionHandler: Peer connection established
11-17 14:34:32.720 13626 13776 V Robocol : sending CMD_NOTIFY_USER_DEVICE_LIST(15), attempt: 0
11-17 14:34:32.720 13626 13716 V RobotCore: Creating REV Robotics USB Expansion Hub Portal [(embedded)]
11-17 14:34:32.721 13626 13716 V LynxUsb : creating new [(embedded)]: 0x087daa5a
11-17 14:34:32.722 13626 13765 V Robocol : packet processing took 166.4ms: type=PEER_DISCOVERY
11-17 14:34:32.723 13626 13776 V Robocol : sending CMD_ROBOT_CONTROLLER_PREFERENCE(16), attempt: 0
11-17 14:34:32.724 13626 13776 V Robocol : sending CMD_NOTIFY_OP_MODE_LIST(17), attempt: 0
11-17 14:34:32.724 13626 13776 V Robocol : sending CMD_ROBOT_CONTROLLER_PREFERENCE(18), attempt: 0
11-17 14:34:32.725 13626 13716 V FtDeviceManager: createDeviceInfoList(): 0 USB devices
11-17 14:34:32.725 13626 13716 V RobotUsbManagerCombining: FTDI driver failed to open USB device with serial number (embedded) (returned null device)
11-17 14:34:32.727 13626 13716 V SerialPortNative: [SerialPort.cpp:150] opened(/dev/ttyS1): fd=111
11-17 14:34:32.728 13626 13716 V RobotUsbDeviceTTY: opening serial=(embedded) file=/dev/ttyS1
11-17 14:34:32.729 13626 13776 V Robocol : sending CMD_ROBOT_CONTROLLER_PREFERENCE(19), attempt: 0
11-17 14:34:32.729 13626 13716 V LynxUsb : armDevice() serial=(embedded)...
11-17 14:34:32.729 13626 13716 V LynxUsb : resetDevice() serial=(embedded)
11-17 14:34:32.730 13626 13776 V Robocol : sending CMD_ROBOT_CONTROLLER_PREFERENCE(20), attempt: 0
11-17 14:34:32.731 13626 13716 V LynxModule: resetting embedded usb device: isPresent: was=true
11-17 14:34:32.731 13626 13778 I MediaCodec: callingProcessName:com.qualcomm.ftcrobotcontroller
11-17 14:34:32.731 13626 13776 V Robocol : sending CMD_ROBOT_CONTROLLER_PREFERENCE(22), attempt: 0
11-17 14:34:32.732 13626 13776 V Robocol : sending CMD_ROBOT_CONTROLLER_PREFERENCE(23), attempt: 0
11-17 14:34:32.722 13626 13626 I pRunnable.run(): type=1400 audit(0.0:366): avc: denied { read } for name="ttyS1" dev="tmpfs" ino=7192 scontext=u:r:untrusted_app:s0:c512,c768 tcontext=u:object_r:serial_device:s0 tclass=chr_file permissive=1
11-17 14:34:32.722 13626 13626 I pRunnable.run(): type=1400 audit(0.0:367): avc: denied { write } for name="ttyS1" dev="tmpfs" ino=7192 scontext=u:r:untrusted_app:s0:c512,c768 tcontext=u:object_r:serial_device:s0 tclass=chr_file permissive=1
11-17 14:34:32.722 13626 13626 I pRunnable.run(): type=1400 audit(0.0:368): avc: denied { open } for path="/dev/ttyS1" dev="tmpfs" ino=7192 scontext=u:r:untrusted_app:s0:c512,c768 tcontext=u:object_r:serial_device:s0 tclass=chr_file permissive=1
11-17 14:34:32.722 13626 13626 I pRunnable.run(): type=1400 audit(0.0:369): avc: denied { ioctl } for path="/dev/ttyS1" dev="tmpfs" ino=7192 ioctlcmd=5401 scontext=u:r:untrusted_app:s0:c512,c768 tcontext=u:object_r:serial_device:s0 tclass=chr_file permissive=1
11-17 14:34:32.725 13626 13626 I pRunnable.run(): type=1400 audit(0.0:370): avc: denied { read } for name="value" dev="sysfs" ino=13327 scontext=u:r:untrusted_app:s0:c512,c768 tcontext=u:object_r:sysfs:s0 tclass=file permissive=1
11-17 14:34:32.725 13626 13626 I pRunnable.run(): type=1400 audit(0.0:371): avc: denied { open } for path="/sys/devices/pinctrl.26/gpio/gpio50/value" dev="sysfs" ino=13327 scontext=u:r:untrusted_app:s0:c512,c768 tcontext=u:object_r:sysfs:s0 tclass=file permissive=1
11-17 14:34:32.734 13626 13776 V Robocol : sending CMD_ROBOT_CONTROLLER_PREFERENCE(24), attempt: 0
11-17 14:34:32.735 13626 13776 V Robocol : sending CMD_ROBOT_CONTROLLER_PREFERENCE(25), attempt: 0
11-17 14:34:32.736 13626 13776 V Robocol : sending CMD_ROBOT_CONTROLLER_PREFERENCE(26), attempt: 0
11-17 14:34:32.736 13626 13787 I ACodec  : onAllocateComponent:6752 mSoftCodecPref:0 componentName:
11-17 14:34:32.737 13626 13787 I ACodec  : onAllocateComponent:6783 mSoftCodecPref:0 componentName:OMX.google.raw.decoder
11-17 14:34:32.725 13626 13626 I pRunnable.run(): type=1400 audit(0.0:372): avc: denied { getattr } for path="/sys/devices/pinctrl.26/gpio/gpio50/value" dev="sysfs" ino=13327 scontext=u:r:untrusted_app:s0:c512,c768 tcontext=u:object_r:sysfs:s0 tclass=file permissive=1
11-17 14:34:32.728 13626 13626 I pRunnable.run(): type=1400 audit(0.0:373): avc: denied { write } for name="value" dev="sysfs" ino=16645 scontext=u:r:untrusted_app:s0:c512,c768 tcontext=u:object_r:sysfs:s0 tclass=file permissive=1
11-17 14:34:32.754 13626 13767 V EventLoopManager: Setting authoritative wall clock based on connected DS.
11-17 14:34:32.754 13626 13767 D Uvc     : [time.cpp:64] Java_org_firstinspires_ftc_robotcore_internal_system_AppUtil_nativeSetCurrentTimeMillis()...
11-17 14:34:32.752 13626 13767 I JniTime : [time.cpp:83] settimeofday() succeeded
11-17 14:34:32.752 13626 13767 D Uvc     : [time.cpp:64] ...Java_org_firstinspires_ftc_robotcore_internal_system_AppUtil_nativeSetCurrentTimeMillis()
11-17 14:34:32.754 13626 13767 V AppUtil : attempted to set timezone: before=America/Chicago after=America/Chicago
11-17 14:34:32.755 13626 13776 V Robocol : sending CMD_ROBOT_CONTROLLER_PREFERENCE(27), attempt: 0
11-17 14:34:32.755 13626 13765 V Robocol : received command: CMD_REQUEST_ACTIVE_CONFIG(10001) 
11-17 14:34:32.756 13626 13765 V Robocol : received command: CMD_REQUEST_USER_DEVICE_TYPES(10002) 
11-17 14:34:32.757 13626 13765 V Robocol : received command: CMD_REQUEST_OP_MODE_LIST(10003) 
11-17 14:34:32.759 13626 13765 V Robocol : received command: CMD_ROBOT_CONTROLLER_PREFERENCE(10004) {"booleanValue":true,"prefName":"pref_ds_supports_5_ghz"}
11-17 14:34:32.761 13626 13765 V Robocol : received command: CMD_ROBOT_CONTROLLER_PREFERENCE(10005) {"intValue":21,"prefName":"pref_dh_os_version_code"}
11-17 14:34:32.774 13626 13684 D SoundPlayer: onLoadComplete(samp=1|ms=757, samp=1)=0
11-17 14:34:32.776 13626 13779 W AudioTrack: AUDIO_OUTPUT_FLAG_FAST denied by client; transfer 4, track 48000 Hz, output 44100 Hz
11-17 14:34:32.780 13626 13779 D SoundPlayer: playing volume=0.000000 samp=1|ms=757
11-17 14:34:32.795 13626 13776 V Robocol : sending CMD_NOTIFY_ROBOT_STATE(7), attempt: 1
11-17 14:34:32.796 13626 13776 V Robocol : sending CMD_NOTIFY_ROBOT_STATE(8), attempt: 1
11-17 14:34:32.796 13626 13776 V Robocol : sending CMD_NOTIFY_ROBOT_STATE(9), attempt: 1
11-17 14:34:32.799 13626 13776 V Robocol : sending CMD_PLAY_SOUND(40), attempt: 0
11-17 14:34:32.875 13626 13776 V Robocol : sending CMD_NOTIFY_ACTIVE_CONFIGURATION(13), attempt: 1
11-17 14:34:32.956 13626 13776 V Robocol : sending CMD_NOTIFY_USER_DEVICE_LIST(14), attempt: 1
11-17 14:34:33.085 13626 13716 V LynxUsb : ...done armDevice()
11-17 14:34:33.086 13626 13794 V RobotCore: thread: 'lynx incoming datagrams' starting...
11-17 14:34:33.087 13626 13716 V LynxUsb : 0x0c1f7e67 on 0x087daa5a: new delegate to [(embedded)]
11-17 14:34:33.096 13626 13716 V LynxUsb : addConfiguredModule() module#=173
11-17 14:34:33.096 13626 13716 V LynxModule: pingAndQueryKnownInterfaces mod=173
11-17 14:34:33.099 13626 13794 V LynxUsb : synchronization gained: serial=(embedded)
11-17 14:34:33.124 13626 13716 V LynxModule: mod#=173 queryInterface(DEKA)=54 commands starting at 4096
11-17 14:34:33.138 13626 13716 V LynxModule: sending LynxFtdiResetControlCommand(true) wasInterrupted=false
11-17 14:34:33.144 13626 13716 V LynxModule: sendLEDPatternSteps(): steps=[Step(color=65280, msDuration=1000)]
11-17 14:34:33.150 13626 13716 V LynxModule: setAsControlHubEmbeddedModule(mod=173)
11-17 14:34:33.151 13626 13716 V EmbeddedControlHubModule: setting embedded module
11-17 14:34:33.151 13626 13716 V LynxModule: sending LynxFtdiResetControlCommand(false) wasInterrupted=false
11-17 14:34:33.154 13626 13716 V LynxModule: close(#173)
11-17 14:34:33.155 13626 13716 V LynxUsb : Verified that the embedded Control Hub module has the correct address
11-17 14:34:33.157 13626 13716 V LynxUsb : addConfiguredModule() module#=173
11-17 14:34:33.157 13626 13716 V LynxModule: pingAndQueryKnownInterfaces mod=173
11-17 14:34:33.172 13626 13716 V LynxModule: mod#=173 queryInterface(DEKA)=54 commands starting at 4096
11-17 14:34:33.183 13626 13716 V LynxModule: sending LynxFtdiResetControlCommand(true) wasInterrupted=false
11-17 14:34:33.188 13626 13716 V LynxModule: sendLEDPatternSteps(): steps=[Step(color=65280, msDuration=1000)]
11-17 14:34:33.193 13626 13716 V LynxModule: setAsControlHubEmbeddedModule(mod=173)
11-17 14:34:33.193 13626 13716 V EmbeddedControlHubModule: setting embedded module
11-17 14:34:33.193 13626 13716 I RobotCore: LynxFirmwareVersionManager: LynxI2cDeviceSynchV2
11-17 14:34:33.194 13626 13716 V LynxI2cDeviceSynch: initializeHardware() mod#=173
11-17 14:34:33.194 13626 13716 V BHI260IMU: Suppressing I2C warnings while we check for a BHI260AP IMU
11-17 14:34:33.199 13626 13716 V BHI260IMU: No BHI260AP IMU found
11-17 14:34:33.199 13626 13716 V LynxModule: sending LynxFtdiResetControlCommand(false) wasInterrupted=false
11-17 14:34:33.201 13626 13716 V LynxModule: close(#173)
11-17 14:34:33.202 13626 13716 V HardwareFactory: createHardwareMap()
11-17 14:34:33.202 13626 13716 V EmbeddedControlHubModule: clearing embedded module
11-17 14:34:33.216 13626 13716 V ReadXMLFileHandler: embedded lynx USB device is already present
11-17 14:34:33.216 13626 13716 V RobotCore: Creating REV Robotics USB Expansion Hub Portal [(embedded)]
11-17 14:34:33.217 13626 13716 V LynxUsb : using existing [(embedded)]: 0x087daa5a
11-17 14:34:33.217 13626 13716 V LynxUsb : 0x015b0807 on 0x087daa5a: new delegate to [(embedded)]
11-17 14:34:33.217 13626 13716 V RobotCore: Creating Lynx Module - mod=173 parent=true
11-17 14:34:33.218 13626 13716 V RobotCore: Creating Lynx Module - mod=2 parent=false
11-17 14:34:33.219 13626 13716 V LynxUsb : addConfiguredModule() module#=173
11-17 14:34:33.219 13626 13716 V LynxModule: pingAndQueryKnownInterfaces mod=173
11-17 14:34:33.233 13626 13716 V LynxModule: mod#=173 queryInterface(DEKA)=54 commands starting at 4096
11-17 14:34:33.241 13626 13716 V LynxModule: sending LynxFtdiResetControlCommand(true) wasInterrupted=false
11-17 14:34:33.245 13626 13797 V LynxModule: received status: LynxGetModuleStatusResponse(status=0x02 alerts=0x00: Reset)
11-17 14:34:33.247 13626 13797 W HubPowerCycle: Expansion Hub 173 regained power after a complete power loss. No user Op Mode was running.
11-17 14:34:33.247 13626 13716 V LynxModule: sendLEDPatternSteps(): steps=[Step(color=65280, msDuration=1000)]
11-17 14:34:33.247 13626 13797 V LynxModule: resendCurrentPattern()
11-17 14:34:33.247 13626 13797 V LynxModule: sendLEDPatternSteps(): steps=[Step(color=65280, msDuration=1000)]
11-17 14:34:33.253 13626 13716 V LynxModule: setAsControlHubEmbeddedModule(mod=173)
11-17 14:34:33.253 13626 13716 V EmbeddedControlHubModule: setting embedded module
11-17 14:34:33.254 13626 13716 V LynxUsb : addConfiguredModule() module#=2
11-17 14:34:33.254 13626 13716 V LynxModule: pingAndQueryKnownInterfaces mod=2
11-17 14:34:33.268 13626 13716 V LynxModule: mod#=2 queryInterface(DEKA)=54 commands starting at 4096
11-17 14:34:33.275 13626 13716 V LynxModule: sending LynxFtdiResetControlCommand(true) wasInterrupted=false
11-17 14:34:33.281 13626 13798 V LynxModule: received status: LynxGetModuleStatusResponse(status=0x05 alerts=0x00: KeepAliveTimeout|FailSafe)
11-17 14:34:33.282 13626 13798 V LynxModule: resendCurrentPattern()
11-17 14:34:33.282 13626 13798 V LynxModule: sendLEDPatternSteps(): steps=[]
11-17 14:34:33.285 13626 13716 V LynxModule: sendLEDPatternSteps(): steps=[Step(color=65280, msDuration=4500), Step(color=0, msDuration=500), Step(color=255, msDuration=500), Step(color=0, msDuration=500), Step(color=255, msDuration=500), Step(color=0, msDuration=500)]
11-17 14:34:33.296 13626 13716 V LynxMotor: initializeHardware() mod#=173
11-17 14:34:33.332 13626 13716 V RobotCore: DcMotorImpl(type=goBILDA5202SeriesMotor)
11-17 14:34:33.332 13626 13716 V RobotCore: DcMotorImpl(type=goBILDA5202SeriesMotor)
11-17 14:34:33.333 13626 13716 V RobotCore: DcMotorImpl(type=goBILDA5202SeriesMotor)
11-17 14:34:33.334 13626 13716 V RobotCore: DcMotorImpl(type=goBILDA5202SeriesMotor)
11-17 14:34:33.334 13626 13716 V LynxServoController: initializeHardware() mod#=173
11-17 14:34:33.362 13626 13716 V LynxVoltageSensor: initializeHardware() mod#=173
11-17 14:34:33.362 13626 13716 V LynxAnalogInputController: initializeHardware() mod#=173
11-17 14:34:33.363 13626 13716 V LynxDigitalChannelController: initializeHardware() mod#=173
11-17 14:34:33.379 13626 13716 V RobotCore: Creating user sensor REV internal IMU (BNO055) - on Lynx module=173 bus=0
11-17 14:34:33.380 13626 13716 V RobotCore: Creating I2cDeviceSynch (Lynx) - mod=173 bus=0
11-17 14:34:33.380 13626 13716 I RobotCore: LynxFirmwareVersionManager: LynxI2cDeviceSynchV2
11-17 14:34:33.380 13626 13716 V LynxI2cDeviceSynch: initializeHardware() mod#=173
11-17 14:34:33.383 13626 13716 V RobotCore: Creating user sensor REV 2M Distance Sensor - on Lynx module=173 bus=1
11-17 14:34:33.383 13626 13716 V RobotCore: Creating I2cDeviceSynch (Lynx) - mod=173 bus=1
11-17 14:34:33.384 13626 13716 I RobotCore: LynxFirmwareVersionManager: LynxI2cDeviceSynchV2
11-17 14:34:33.384 13626 13716 V LynxI2cDeviceSynch: initializeHardware() mod#=173
11-17 14:34:33.385 13626 13716 V RobotCore: Creating user sensor REV Color Sensor V3 - on Lynx module=173 bus=2
11-17 14:34:33.385 13626 13716 I RobotCore: LynxFirmwareVersionManager: LynxI2cDeviceSynchV2
11-17 14:34:33.385 13626 13716 V LynxI2cDeviceSynch: initializeHardware() mod#=173
11-17 14:34:33.387 13626 13716 I I2C     : Automatically initializing I2C device RevColorSensorV3 USB (embedded); module 173; bus 2; addr7=0x00
11-17 14:34:33.387 13626 13716 V BroadcomColorSensorImpl: internalInitialize()...
11-17 14:34:33.396 13626 13716 V BroadcomColorSensorImpl: state: 07 37 20 1d 42 01 c2 
11-17 14:34:33.396 13626 13716 V BroadcomColorSensorImpl: setGain(0x01)
11-17 14:34:33.401 13626 13716 V BroadcomColorSensorImpl: setLEDParameters(0x37)
11-17 14:34:33.406 13626 13716 V BroadcomColorSensorImpl: setProximityPulseCount(0x20)
11-17 14:34:33.410 13626 13716 V BroadcomColorSensorImpl: setPSMeasRate(0x1d)
11-17 14:34:33.414 13626 13716 V BroadcomColorSensorImpl: setLSMeasRate(0x42)
11-17 14:34:33.422 13626 13716 V BroadcomColorSensorImpl: enable() enabled=0x07...
11-17 14:34:33.430 13626 13716 V BroadcomColorSensorImpl: ...enable() enabled=0x07
11-17 14:34:33.435 13626 13716 V BroadcomColorSensorImpl: state: 07 37 20 1d 42 01 c2 
11-17 14:34:33.435 13626 13716 V BroadcomColorSensorImpl: ...internalInitialize()
11-17 14:34:33.436 13626 13716 V LynxMotor: initializeHardware() mod#=2
11-17 14:34:33.495 13626 13716 V RobotCore: DcMotorImpl(type=goBILDA5202SeriesMotor)
11-17 14:34:33.496 13626 13716 V RobotCore: DcMotorImpl(type=goBILDA5202SeriesMotor)
11-17 14:34:33.497 13626 13716 V LynxServoController: initializeHardware() mod#=2
11-17 14:34:33.537 13626 13716 V LynxVoltageSensor: initializeHardware() mod#=2
11-17 14:34:33.538 13626 13716 V LynxAnalogInputController: initializeHardware() mod#=2
11-17 14:34:33.539 13626 13716 V LynxDigitalChannelController: initializeHardware() mod#=2
11-17 14:34:33.568 13626 13716 V RobotCore: Creating Webcam [D5386480]
11-17 14:34:33.568 13626 13626 I pRunnable.run(): type=1400 audit(0.0:377): avc: denied { read } for name="devices" dev="sysfs" ino=7258 scontext=u:r:untrusted_app:s0:c512,c768 tcontext=u:object_r:sysfs:s0 tclass=dir permissive=1
11-17 14:34:33.570 13626 13716 V CameraManager: construct(hash=0x0ded15e7|inst#=0)
11-17 14:34:33.572 13626 13716 D libusb  : [ 0.000271] [00003594] libusb: debug [op_init] sysfs(/sys/bus/usb/devices) available
11-17 14:34:33.572 13626 13716 D libusb  : [ 0.000382] [00003594] libusb: debug [op_init] sysfs can relate devices
11-17 14:34:33.572 13626 13716 D libusb  : [ 0.000430] [00003594] libusb: debug [op_init] sysfs has complete descriptors
11-17 14:34:33.572 13626 13716 D libusb  : [ 0.000480] [00003594] libusb: debug [op_init] sysfs has serial numbers
11-17 14:34:33.568 13626 13626 I pRunnable.run(): type=1400 audit(0.0:378): avc: denied { open } for path="/sys/bus/usb/devices" dev="sysfs" ino=7258 scontext=u:r:untrusted_app:s0:c512,c768 tcontext=u:object_r:sysfs:s0 tclass=dir permissive=1
11-17 14:34:33.574 13626 13716 V UvcContext: construct(pointer=0xcfaace40|inst#=0)
11-17 14:34:33.583 13626 13716 I RobotCore: ========= Device Information ===================================================
11-17 14:34:33.584 13626 13716 I RobotCore: Type                                               Name                           Connection
11-17 14:34:33.585 13626 13716 I RobotCore: Motor                                              LeftSlider                     USB (embedded); module 2; port 1
11-17 14:34:33.585 13626 13716 I RobotCore: Rev Color Sensor v3                                ColorSensor                    USB (embedded); module 173; bus 2; addr7=0x52
11-17 14:34:33.586 13626 13716 I RobotCore: Motor                                              RightSlider                    USB (embedded); module 2; port 0
11-17 14:34:33.587 13626 13716 I RobotCore: REV Robotics USB Expansion Hub Portal              Control Hub Portal             USB (embedded)
11-17 14:34:33.588 13626 13716 I RobotCore: Motor                                              FrontLeft                      USB (embedded); module 173; port 0
11-17 14:34:33.590 13626 13716 I RobotCore: Motor                                              BackRight                      USB (embedded); module 173; port 3
11-17 14:34:33.593 13626 13716 I RobotCore: Expansion Hub DC Motor Controller                  Expansion Hub 2                USB (embedded); module 2
11-17 14:34:33.595 13626 13716 I RobotCore: Expansion Hub Servo Controller                     Expansion Hub 2                USB (embedded); module 2
11-17 14:34:33.596 13626 13716 I RobotCore: Expansion Hub Voltage Sensor                       Expansion Hub 2                USB (embedded); module 2
11-17 14:34:33.598 13626 13716 I RobotCore: Expansion Hub Analog Input Controller              Expansion Hub 2                USB (embedded); module 2
11-17 14:34:33.599 13626 13716 I RobotCore: Expansion Hub Digital Channel Controller           Expansion Hub 2                USB (embedded); module 2
11-17 14:34:33.605 13626 13716 I RobotCore: Expansion Hub (HW: 20, Maj: 1, Min: 8, Eng: 2)     Expansion Hub 2                USB (embedded); module 2
11-17 14:34:33.606 13626 13716 I RobotCore: REV 2M ToF Distance Sensor                         DistanceSensor                 USB (embedded); module 173; bus 1; addr7=0x29
11-17 14:34:33.608 13626 13716 I RobotCore: REV internal IMU (BNO055)                          imu                            USB (embedded); module 173; bus 0; addr7=0x00
11-17 14:34:33.620 13626 13716 I RobotCore: Logitech C270 HD WEBCAM                            Webcam 1                       USB (D5386480)
11-17 14:34:33.621 13626 13716 I RobotCore: Expansion Hub DC Motor Controller                  Control Hub                    USB (embedded); module 173
11-17 14:34:33.621 13626 13716 I RobotCore: Expansion Hub Servo Controller                     Control Hub                    USB (embedded); module 173
11-17 14:34:33.622 13626 13716 I RobotCore: Expansion Hub Voltage Sensor                       Control Hub                    USB (embedded); module 173
11-17 14:34:33.624 13626 13716 I RobotCore: Expansion Hub Analog Input Controller              Control Hub                    USB (embedded); module 173
11-17 14:34:33.624 13626 13716 I RobotCore: Expansion Hub Digital Channel Controller           Control Hub                    USB (embedded); module 173
11-17 14:34:33.631 13626 13716 I RobotCore: Expansion Hub (HW: 20, Maj: 1, Min: 8, Eng: 2)     Control Hub                    USB (embedded); module 173
11-17 14:34:33.631 13626 13716 I RobotCore: Servo                                              ClawServo                      USB (embedded); module 173; port 0
11-17 14:34:33.632 13626 13716 I RobotCore: Motor                                              FrontRight                     USB (embedded); module 173; port 1
11-17 14:34:33.633 13626 13716 I RobotCore: Motor                                              BackLeft                       USB (embedded); module 173; port 2
11-17 14:34:33.634 13626 13716 I RobotCore: Servo                                              ArmServo                       USB (embedded); module 173; port 1
11-17 14:34:33.638 13626 13716 I RobotCore: LynxFirmwareVersionManager: LynxI2cDeviceSynchV2
11-17 14:34:33.638 13626 13716 V LynxI2cDeviceSynch: initializeHardware() mod#=173
11-17 14:34:33.639 13626 13716 V BNO055  : Suppressing I2C warnings while we check for a BNO055 IMU
11-17 14:34:33.643 13626 13716 V BNO055  : Found BNO055 IMU
11-17 14:34:33.650 13626 13716 I RobotCore: LynxFirmwareVersionManager: LynxI2cDeviceSynchV2
11-17 14:34:33.650 13626 13716 V LynxI2cDeviceSynch: initializeHardware() mod#=2
11-17 14:34:33.650 13626 13716 V BNO055  : Suppressing I2C warnings while we check for a BNO055 IMU
11-17 14:34:33.657 13626 13716 V BNO055  : Found BNO055 IMU
11-17 14:34:33.668 13626 13716 V LynxUsb : 0x0c1f7e67 on 0x087daa5a: releasing delegate to [(embedded)]
11-17 14:34:33.668 13626 13716 I FtcEventLoop: ======= INIT FINISH =======
11-17 14:34:33.669 13626 13766 W art     : Long monitor contention with owner RobotSetupRunnable.run() (13716) at void java.lang.Thread.sleep!(java.lang.Object, long, int)(Thread.java:-2) waiters=0 in org.firstinspires.ftc.robotcore.internal.network.CallbackResult com.qualcomm.robotcore.eventloop.EventLoopManager.commandEvent(com.qualcomm.robotcore.robocol.Command) for 911ms
11-17 14:34:33.671 13626 13716 V RobotCore: EventLoopManager state is RUNNING
11-17 14:34:33.672 13626 13716 V RobotCore: Robot Status: running, starting robot
11-17 14:34:33.672 13626 13716 V RobotCore: Robot Status: running
11-17 14:34:33.676 13626 13716 D FTCService: Detecting Wi-Fi reset
11-17 14:34:33.676 13626 13776 V Robocol : sending CMD_NOTIFY_ROBOT_STATE(62), attempt: 0
11-17 14:34:33.676 13626 13801 V RobotCore: thread: 'opmode loop()' starting...
11-17 14:34:33.677 13626 13716 D RobotControllerAccessPointAssistant: detectWifiReset button=false
11-17 14:34:33.679 13626 13716 V RobotCore: thread: ...terminating 'RobotSetupRunnable.run()'
11-17 14:34:33.685 13626 13766 E Robocol : command processing took 928 ms: command=CMD_REQUEST_ACTIVE_CONFIG
11-17 14:34:33.716 13626 13776 V Robocol : sending CMD_SHOW_TOAST(63), attempt: 0
11-17 14:34:33.717 13626 13776 V Robocol : sending CMD_NOTIFY_ACTIVE_CONFIGURATION(65), attempt: 0
11-17 14:34:33.755 13626 13776 V Robocol : sending CMD_NOTIFY_USER_DEVICE_LIST(70), attempt: 0
11-17 14:34:33.760 13626 13776 V Robocol : sending CMD_NOTIFY_OP_MODE_LIST(73), attempt: 0
11-17 14:34:33.790 13626 13779 V SoundInfo: construct(0x0d2e45fb)
11-17 14:34:33.840 13626 13778 I MediaCodec: callingProcessName:com.qualcomm.ftcrobotcontroller
11-17 14:34:33.842 13626 13807 I ACodec  : onAllocateComponent:6752 mSoftCodecPref:0 componentName:
11-17 14:34:33.844 13626 13807 I ACodec  : onAllocateComponent:6783 mSoftCodecPref:0 componentName:OMX.google.raw.decoder
11-17 14:34:33.897 13626 13684 D SoundPlayer: onLoadComplete(samp=2|ms=4506, samp=2)=0
11-17 14:34:33.899 13626 13779 W AudioTrack: AUDIO_OUTPUT_FLAG_FAST denied by client; transfer 4, track 48000 Hz, output 44100 Hz
11-17 14:34:33.914 13626 13779 D SoundPlayer: playing volume=0.000000 samp=2|ms=4506
11-17 14:34:33.915 13626 13776 V Robocol : sending CMD_PLAY_SOUND(84), attempt: 0
11-17 14:34:34.198 13626 13801 I RobotCore: Attempting to switch to op mode $Stop$Robot$
11-17 14:34:34.275 13626 13776 V Robocol : sending CMD_NOTIFY_INIT_OP_MODE(91), attempt: 0
11-17 14:35:00.596 13626 13765 V Robocol : received command: CMD_INIT_OP_MODE(10416) $Stop$Robot$
11-17 14:35:00.611 13626 13801 I RobotCore: Attempting to switch to op mode $Stop$Robot$
11-17 14:35:00.675 13626 13776 V Robocol : sending CMD_NOTIFY_INIT_OP_MODE(454), attempt: 0
11-17 14:35:03.115 13626 13765 V Robocol : received command: CMD_SET_MATCH_NUMBER(10453) 0
11-17 14:35:03.116 13626 13765 V Robocol : received command: CMD_INIT_OP_MODE(10454) AutonomousRight
11-17 14:35:03.138 13626 13766 I RobotCore: ******************** START - OPMODE AutonomousRight ********************
11-17 14:35:03.142 13626 13801 I RobotCore: Attempting to switch to op mode AutonomousRight
11-17 14:35:03.354 13626 13933 V RobotCore: thread: 'LinearOpMode main' starting...
11-17 14:35:03.355 13626 13776 V Robocol : sending CMD_NOTIFY_INIT_OP_MODE(499), attempt: 0
11-17 14:35:03.357 13626 13933 I global  :  RENO - AutonomousRight.runOpMode(AutonomousRight.java:177): Status - Initialized
11-17 14:35:03.360 13626 13933 I I2C     : Automatically initializing I2C device LynxEmbeddedIMU USB (embedded); module 173; bus 0; addr7=0x00
11-17 14:35:03.362 13626 13933 I I2C     : Automatically initializing I2C device Rev2mDistanceSensor USB (embedded); module 173; bus 1; addr7=0x29
11-17 14:35:03.362 13626 13933 D STMicroVL53L0X: : Checking to see if it's really a VL53L0X sensor...
11-17 14:35:03.368 13626 13933 D STMicroVL53L0X: : Reg 0xC0 = ee (should be 0xEE)
11-17 14:35:03.374 13626 13933 D STMicroVL53L0X: : Reg 0xC1 = aa (should be 0xAA)
11-17 14:35:03.381 13626 13933 D STMicroVL53L0X: : Reg 0xC2 = 10 (should be 0x10)
11-17 14:35:03.385 13626 13933 D STMicroVL53L0X: : Reg 0x51 = 0 (should be 0x0099)
