12-19 10:56:06.658 14264 14575 D Uvc     : [stream.cpp:162] uvc_query_stream_ctrl()...
12-19 10:56:06.662 14264 14575 D Uvc     : [stream.cpp:162] ...uvc_query_stream_ctrl() rc=0
12-19 10:56:06.662 14264 14575 D Uvc     : [stream.cpp:162] uvc_query_stream_ctrl()...
12-19 10:56:06.666 14264 14575 D Uvc     : [stream.cpp:162] ...uvc_query_stream_ctrl() rc=0
12-19 10:56:06.666 14264 14575 D Uvc     : [stream.cpp:523] ...uvc_probe_stream_ctrl() rc=0
12-19 10:56:06.666 14264 14575 D Uvc     : [stream.cpp:373] ...uvc_get_stream_ctrl_format_size() rc=0
12-19 10:56:06.666 14264 14575 V Uvc     : API: Java_org_firstinspires_ftc_robotcore_internal_camera_libuvc_nativeobject_UvcDeviceHandle_nativeGetStreamControlFormatSize: ...exit
12-19 10:56:06.666 14264 14575 D Uvc     : [jni_devicehandle.cpp:115] ...Java_org_firstinspires_ftc_robotcore_internal_camera_libuvc_nativeobject_UvcDeviceHandle_nativeGetStreamControlFormatSize()
12-19 10:56:06.666 14264 14575 D UvcDeviceHandle: ...getStreamControl(320x240 30)
12-19 10:56:06.667 14264 14575 D Uvc     : [jni_streamcontrol.cpp:101] Java_org_firstinspires_ftc_robotcore_internal_camera_libuvc_nativeobject_UvcStreamCtrl_nativeOpen()...
12-19 10:56:06.667 14264 14575 V Uvc     : API: Java_org_firstinspires_ftc_robotcore_internal_camera_libuvc_nativeobject_UvcStreamCtrl_nativeOpen: enter...
12-19 10:56:06.667 14264 14575 D Uvc     : [devicehandle.cpp:46] uvc_device_handle::openStreamControl()...
12-19 10:56:06.668 14264 14575 D Uvc     : [streamhandle.cpp:58] uvc_stream_handle::claimInterface()...
12-19 10:56:06.668 14264 14575 D Uvc     : [libuvc/libuvc_internal.h:770] uvc_device_handle::claimInterface(idx=1)...
12-19 10:56:06.668 14264 14575 D UvcDevice: claimInterface(1)
12-19 10:56:06.668 14264 14575 D UvcDevice: claimInterface(1) succeeded
12-19 10:56:06.671 14264 14575 D Uvc     : [libuvc/libuvc_internal.h:783] claimInterface(1) succeeded
12-19 10:56:06.671 14264 14575 D Uvc     : [libuvc/libuvc_internal.h:770] ...uvc_device_handle::claimInterface() rc=0
12-19 10:56:06.671 14264 14575 D Uvc     : [streamhandle.cpp:58] ...uvc_stream_handle::claimInterface() rc=0
12-19 10:56:06.671 14264 14575 D Uvc     : [stream.cpp:162] uvc_query_stream_ctrl()...
12-19 10:56:06.674 14264 14575 D Uvc     : [stream.cpp:162] ...uvc_query_stream_ctrl() rc=0
12-19 10:56:06.674 14264 14575 D Uvc     : [devicehandle.cpp:46] ...uvc_device_handle::openStreamControl() rc=0
12-19 10:56:06.674 14264 14575 V Uvc     : API: Java_org_firstinspires_ftc_robotcore_internal_camera_libuvc_nativeobject_UvcStreamCtrl_nativeOpen: ...exit
12-19 10:56:06.674 14264 14575 D Uvc     : [jni_streamcontrol.cpp:101] ...Java_org_firstinspires_ftc_robotcore_internal_camera_libuvc_nativeobject_UvcStreamCtrl_nativeOpen()
12-19 10:56:06.675 14264 14575 V UvcStreamHandle: construct(pointer=0xcd724400)
12-19 10:56:06.676 14264 14575 D Uvc     : [jni_streamhandle.cpp:184] Java_org_firstinspires_ftc_robotcore_internal_camera_libuvc_nativeobject_UvcStreamHandle_nativeStopStreaming()...
12-19 10:56:06.676 14264 14575 V Uvc     : API: Java_org_firstinspires_ftc_robotcore_internal_camera_libuvc_nativeobject_UvcStreamHandle_nativeStopStreaming: enter...
12-19 10:56:06.676 14264 14575 D Uvc     : [stream.cpp:1514] uvc_stream_stop()...
12-19 10:56:06.676 14264 14575 D Uvc     : [stream.cpp:1514] ...uvc_stream_stop() rc=0
12-19 10:56:06.676 14264 14575 V Uvc     : API: Java_org_firstinspires_ftc_robotcore_internal_camera_libuvc_nativeobject_UvcStreamHandle_nativeStopStreaming: ...exit
12-19 10:56:06.676 14264 14575 D Uvc     : [jni_streamhandle.cpp:184] ...Java_org_firstinspires_ftc_robotcore_internal_camera_libuvc_nativeobject_UvcStreamHandle_nativeStopStreaming()
12-19 10:56:06.677 14264 14575 V UvcFrameCallback: construct(0x06bea895)
12-19 10:56:06.679 14264 14575 V UvcFrameCallbackData: construct(pointer=0xc8612498)
12-19 10:56:06.680 14264 14575 V Uvc     : API: Java_org_firstinspires_ftc_robotcore_internal_camera_libuvc_nativeobject_UvcStreamHandle_nativeStartStreaming: enter...
12-19 10:56:06.680 14264 14575 D Uvc     : [stream.cpp:970] uvc_stream_start_bandwidth()...
12-19 10:56:06.680 14264 14575 D Uvc     : [stream.cpp:1173] uvc_stream_handle::startIsochronousStreaming()...
12-19 10:56:06.680 14264 14575 D Uvc     : [libuvc/libuvc_internal.h:825] uvc_device_handle::setInterfaceAltSetting(setInterfaceAltSetting(intf=1 alt=11))...
12-19 10:56:06.681 14264 14575 D UvcDevice: setInterfaceAltSetting(1,11)
12-19 10:56:06.682 14264 14575 D UvcDevice: setInterfaceAltSetting(1,11) succeeded
12-19 10:56:06.682 14264 14575 D Uvc     : [libuvc/libuvc_internal.h:825] ...uvc_device_handle::setInterfaceAltSetting() rc=0
12-19 10:56:06.682 14264 14575 D Uvc     : [stream.cpp:1173] ...uvc_stream_handle::startIsochronousStreaming() rc=0
12-19 10:56:06.682 14264 14575 D Uvc     : [stream.cpp:1201] uvc_stream_handle::startUserCallbackThread()...
12-19 10:56:06.682 14264 14576 D UvcStream: [stream.cpp:1265] User Callback thread started
12-19 10:56:06.683 14264 14575 D Uvc     : [stream.cpp:1201] ...uvc_stream_handle::startUserCallbackThread() rc=0
12-19 10:56:06.683 14264 14575 D Uvc     : [stream.cpp:1221] uvc_stream_handle::submitTransfers()...
12-19 10:56:06.685 14264 14575 D Uvc     : [stream.cpp:1221] ...uvc_stream_handle::submitTransfers() rc=0
12-19 10:56:06.685 14264 14575 D Uvc     : [stream.cpp:970] ...uvc_stream_start_bandwidth() rc=0
12-19 10:56:06.685 14264 14575 D UvcStreamHandle: [jni_streamhandle.cpp:150] successfully started streaming
12-19 10:56:06.685 14264 14575 V Uvc     : API: Java_org_firstinspires_ftc_robotcore_internal_camera_libuvc_nativeobject_UvcStreamHandle_nativeStartStreaming: ...exit
12-19 10:56:06.685 14264 14575 V UvcStreamCtrl: destroy(pointer=0xcd765480)
12-19 10:56:06.687 14264 14575 D UsbResiliantWebcam|DelCaptureSequence: ...doStreaming()
12-19 10:56:06.688 14264 14575 D UsbResiliantWebcam|DelCaptureSequence: ...startStreaming(Stopped)
12-19 10:56:06.688 14264 14575 D UsbResiliantWebcam|DelCaptureSession: ...startCapture()
12-19 10:56:06.688 14264 14575 I System.out: OpenCvWebcam: onConfigured
12-19 10:56:06.688 14264 14569 I System.out: OpenCvWebcam: streaming started
12-19 10:56:06.689 14264 14569 I global  :  RENO - AutonomousRight$1.onOpened(AutonomousRight.java:158): Start stream to detect sleeve color.
12-19 10:56:06.692 14264 14439 D UvcStream: [stream.cpp:729] this is the UVC processTransfer() stream processing thread
12-19 10:56:06.911 14264 14576 I global  :  RENO - ObjectDetection.sleeveColorDetect(ObjectDetection.java:125): Start Opcv process to detect sleeve color.
12-19 10:56:06.918 14264 14576 I global  :  RENO - ObjectDetection.sleeveColorDetect(ObjectDetection.java:132): Sleeve max color = 0.00, 0.00, 0.00
12-19 10:56:06.920 14264 14576 I global  :  RENO - ObjectDetection.sleeveColorDetect(ObjectDetection.java:151): Sleeve position: UNKNOWN
12-19 10:56:06.942 14264 14576 I global  :  RENO - ObjectDetection.sleeveColorDetect(ObjectDetection.java:125): Start Opcv process to detect sleeve color.
12-19 10:56:06.943 14264 14576 I global  :  RENO - ObjectDetection.sleeveColorDetect(ObjectDetection.java:132): Sleeve max color = 0.00, 0.00, 0.00
12-19 10:56:06.945 14264 14576 I global  :  RENO - ObjectDetection.sleeveColorDetect(ObjectDetection.java:151): Sleeve position: UNKNOWN
12-19 10:56:06.987 14264 14576 I global  :  RENO - ObjectDetection.sleeveColorDetect(ObjectDetection.java:125): Start Opcv process to detect sleeve color.
12-19 10:56:06.989 14264 14576 I global  :  RENO - ObjectDetection.sleeveColorDetect(ObjectDetection.java:132): Sleeve max color = 0.00, 0.00, 0.00
12-19 10:56:06.990 14264 14576 I global  :  RENO - ObjectDetection.sleeveColorDetect(ObjectDetection.java:151): Sleeve position: UNKNOWN
12-19 10:56:07.033 14264 14568 I global  :  RENO - ChassisWith4Motors.init(ChassisWith4Motors.java:172): imu calib status
12-19 10:56:07.033 14264 14568 I I2C     : Automatically initializing I2C device Rev2mDistanceSensor (USB (embedded); module 173; bus 1; addr7=0x29)
12-19 10:56:07.033 14264 14568 D STMicroVL53L0X: : Checking to see if it's really a VL53L0X sensor...
12-19 10:56:07.037 14264 14568 D STMicroVL53L0X: : Reg 0xC0 = ee (should be 0xEE)
12-19 10:56:07.040 14264 14576 I global  :  RENO - ObjectDetection.sleeveColorDetect(ObjectDetection.java:125): Start Opcv process to detect sleeve color.
12-19 10:56:07.042 14264 14568 D STMicroVL53L0X: : Reg 0xC1 = aa (should be 0xAA)
12-19 10:56:07.043 14264 14576 I global  :  RENO - ObjectDetection.sleeveColorDetect(ObjectDetection.java:132): Sleeve max color = 0.00, 0.00, 0.00
12-19 10:56:07.044 14264 14576 I global  :  RENO - ObjectDetection.sleeveColorDetect(ObjectDetection.java:151): Sleeve position: UNKNOWN
12-19 10:56:07.045 14264 14568 D STMicroVL53L0X: : Reg 0xC2 = 10 (should be 0x10)
12-19 10:56:07.049 14264 14568 D STMicroVL53L0X: : Reg 0x51 = 0 (should be 0x0099)
12-19 10:56:07.054 14264 14568 D STMicroVL53L0X: : Reg 0x61 = 0 (should be 0x0000)
12-19 10:56:07.076 14264 14568 D STMicroVL53L0X: : initial sig rate lim (MCPS) 0.250000
12-19 10:56:07.081 14264 14568 D STMicroVL53L0X: : adjusted sig rate lim (MCPS) 0.250000
12-19 10:56:07.087 14264 14576 I global  :  RENO - ObjectDetection.sleeveColorDetect(ObjectDetection.java:125): Start Opcv process to detect sleeve color.
12-19 10:56:07.089 14264 14576 I global  :  RENO - ObjectDetection.sleeveColorDetect(ObjectDetection.java:132): Sleeve max color = 0.00, 0.00, 0.00
12-19 10:56:07.090 14264 14576 I global  :  RENO - ObjectDetection.sleeveColorDetect(ObjectDetection.java:151): Sleeve position: UNKNOWN
12-19 10:56:07.139 14264 14576 I global  :  RENO - ObjectDetection.sleeveColorDetect(ObjectDetection.java:125): Start Opcv process to detect sleeve color.
12-19 10:56:07.140 14264 14576 I global  :  RENO - ObjectDetection.sleeveColorDetect(ObjectDetection.java:132): Sleeve max color = 0.00, 0.00, 0.00
12-19 10:56:07.142 14264 14576 I global  :  RENO - ObjectDetection.sleeveColorDetect(ObjectDetection.java:151): Sleeve position: UNKNOWN
12-19 10:56:07.187 14264 14576 I global  :  RENO - ObjectDetection.sleeveColorDetect(ObjectDetection.java:125): Start Opcv process to detect sleeve color.
12-19 10:56:07.189 14264 14576 I global  :  RENO - ObjectDetection.sleeveColorDetect(ObjectDetection.java:132): Sleeve max color = 0.00, 0.00, 0.00
12-19 10:56:07.190 14264 14576 I global  :  RENO - ObjectDetection.sleeveColorDetect(ObjectDetection.java:151): Sleeve position: UNKNOWN
12-19 10:56:07.240 14264 14576 I global  :  RENO - ObjectDetection.sleeveColorDetect(ObjectDetection.java:125): Start Opcv process to detect sleeve color.
12-19 10:56:07.241 14264 14576 I global  :  RENO - ObjectDetection.sleeveColorDetect(ObjectDetection.java:132): Sleeve max color = 0.00, 0.00, 0.00
12-19 10:56:07.243 14264 14576 I global  :  RENO - ObjectDetection.sleeveColorDetect(ObjectDetection.java:151): Sleeve position: UNKNOWN
12-19 10:56:07.291 14264 14576 I global  :  RENO - ObjectDetection.sleeveColorDetect(ObjectDetection.java:125): Start Opcv process to detect sleeve color.
12-19 10:56:07.293 14264 14576 I global  :  RENO - ObjectDetection.sleeveColorDetect(ObjectDetection.java:132): Sleeve max color = 0.00, 0.00, 0.00
12-19 10:56:07.294 14264 14576 I global  :  RENO - ObjectDetection.sleeveColorDetect(ObjectDetection.java:151): Sleeve position: UNKNOWN
12-19 10:56:07.339 14264 14576 I global  :  RENO - ObjectDetection.sleeveColorDetect(ObjectDetection.java:125): Start Opcv process to detect sleeve color.
12-19 10:56:07.341 14264 14576 I global  :  RENO - ObjectDetection.sleeveColorDetect(ObjectDetection.java:132): Sleeve max color = 0.00, 0.00, 0.00
12-19 10:56:07.342 14264 14576 I global  :  RENO - ObjectDetection.sleeveColorDetect(ObjectDetection.java:151): Sleeve position: UNKNOWN
12-19 10:56:07.345 14264 14568 I I2C     : Automatically initializing I2C device RevColorSensorV3 (USB (embedded); module 173; bus 2; addr7=0x52)
12-19 10:56:07.346 14264 14568 V BroadcomColorSensorImpl: internalInitialize()...
12-19 10:56:07.353 14264 14568 V BroadcomColorSensorImpl: state: 07 37 20 1d 42 01 c2 
12-19 10:56:07.353 14264 14568 V BroadcomColorSensorImpl: setGain(0x01)
12-19 10:56:07.356 14264 14568 V BroadcomColorSensorImpl: setLEDParameters(0x37)
12-19 10:56:07.360 14264 14568 V BroadcomColorSensorImpl: setProximityPulseCount(0x20)
12-19 10:56:07.363 14264 14568 V BroadcomColorSensorImpl: setPSMeasRate(0x1d)
12-19 10:56:07.366 14264 14568 V BroadcomColorSensorImpl: setLSMeasRate(0x42)
12-19 10:56:07.373 14264 14568 V BroadcomColorSensorImpl: enable() enabled=0x07...
12-19 10:56:07.378 14264 14568 V BroadcomColorSensorImpl: ...enable() enabled=0x07
12-19 10:56:07.383 14264 14568 V BroadcomColorSensorImpl: state: 07 37 20 1d 42 01 c2 
12-19 10:56:07.383 14264 14568 V BroadcomColorSensorImpl: ...internalInitialize()
12-19 10:56:07.392 14264 14576 I global  :  RENO - ObjectDetection.sleeveColorDetect(ObjectDetection.java:125): Start Opcv process to detect sleeve color.
12-19 10:56:07.393 14264 14576 I global  :  RENO - ObjectDetection.sleeveColorDetect(ObjectDetection.java:132): Sleeve max color = 0.00, 0.00, 0.00
12-19 10:56:07.394 14264 14576 I global  :  RENO - ObjectDetection.sleeveColorDetect(ObjectDetection.java:151): Sleeve position: UNKNOWN
12-19 10:56:07.439 14264 14576 I global  :  RENO - ObjectDetection.sleeveColorDetect(ObjectDetection.java:125): Start Opcv process to detect sleeve color.
12-19 10:56:07.440 14264 14576 I global  :  RENO - ObjectDetection.sleeveColorDetect(ObjectDetection.java:132): Sleeve max color = 0.00, 0.00, 0.00
12-19 10:56:07.442 14264 14576 I global  :  RENO - ObjectDetection.sleeveColorDetect(ObjectDetection.java:151): Sleeve position: UNKNOWN
12-19 10:56:07.491 14264 14576 I global  :  RENO - ObjectDetection.sleeveColorDetect(ObjectDetection.java:125): Start Opcv process to detect sleeve color.
12-19 10:56:07.493 14264 14576 I global  :  RENO - ObjectDetection.sleeveColorDetect(ObjectDetection.java:132): Sleeve max color = 0.00, 0.00, 0.00
12-19 10:56:07.494 14264 14576 I global  :  RENO - ObjectDetection.sleeveColorDetect(ObjectDetection.java:151): Sleeve position: UNKNOWN
12-19 10:56:07.539 14264 14576 I global  :  RENO - ObjectDetection.sleeveColorDetect(ObjectDetection.java:125): Start Opcv process to detect sleeve color.
12-19 10:56:07.540 14264 14576 I global  :  RENO - ObjectDetection.sleeveColorDetect(ObjectDetection.java:132): Sleeve max color = 0.00, 0.00, 0.00
12-19 10:56:07.542 14264 14576 I global  :  RENO - ObjectDetection.sleeveColorDetect(ObjectDetection.java:151): Sleeve position: UNKNOWN
12-19 10:56:07.591 14264 14576 I global  :  RENO - ObjectDetection.sleeveColorDetect(ObjectDetection.java:125): Start Opcv process to detect sleeve color.
12-19 10:56:07.592 14264 14576 I global  :  RENO - ObjectDetection.sleeveColorDetect(ObjectDetection.java:132): Sleeve max color = 0.00, 0.00, 0.00
12-19 10:56:07.593 14264 14576 I global  :  RENO - ObjectDetection.sleeveColorDetect(ObjectDetection.java:151): Sleeve position: UNKNOWN
12-19 10:56:07.638 14264 14576 I global  :  RENO - ObjectDetection.sleeveColorDetect(ObjectDetection.java:125): Start Opcv process to detect sleeve color.
12-19 10:56:07.640 14264 14576 I global  :  RENO - ObjectDetection.sleeveColorDetect(ObjectDetection.java:132): Sleeve max color = 132215.00, 126772.00, 126003.00
12-19 10:56:07.641 14264 14568 I global  :  RENO - AutonomousRight.runOpMode(AutonomousRight.java:191): Parking Lot position: LEFT
12-19 10:56:07.641 14264 14576 I global  :  RENO - ObjectDetection.sleeveColorDetect(ObjectDetection.java:151): Sleeve position: LEFT
12-19 10:56:07.692 14264 14576 I global  :  RENO - ObjectDetection.sleeveColorDetect(ObjectDetection.java:125): Start Opcv process to detect sleeve color.
12-19 10:56:07.694 14264 14576 I global  :  RENO - ObjectDetection.sleeveColorDetect(ObjectDetection.java:132): Sleeve max color = 135704.00, 130605.00, 130437.00
12-19 10:56:07.696 14264 14576 I global  :  RENO - ObjectDetection.sleeveColorDetect(ObjectDetection.java:151): Sleeve position: LEFT
12-19 10:56:07.742 14264 14576 I global  :  RENO - ObjectDetection.sleeveColorDetect(ObjectDetection.java:125): Start Opcv process to detect sleeve color.
12-19 10:56:07.743 14264 14576 I global  :  RENO - ObjectDetection.sleeveColorDetect(ObjectDetection.java:132): Sleeve max color = 136068.00, 130548.00, 130169.00
12-19 10:56:07.744 14264 14576 I global  :  RENO - ObjectDetection.sleeveColorDetect(ObjectDetection.java:151): Sleeve position: LEFT
12-19 10:56:07.806 14264 14576 I global  :  RENO - ObjectDetection.sleeveColorDetect(ObjectDetection.java:125): Start Opcv process to detect sleeve color.
12-19 10:56:07.808 14264 14576 I global  :  RENO - ObjectDetection.sleeveColorDetect(ObjectDetection.java:132): Sleeve max color = 141706.00, 130216.00, 131963.00
12-19 10:56:07.809 14264 14576 I global  :  RENO - ObjectDetection.sleeveColorDetect(ObjectDetection.java:151): Sleeve position: LEFT
12-19 10:56:07.875 14264 14576 I global  :  RENO - ObjectDetection.sleeveColorDetect(ObjectDetection.java:125): Start Opcv process to detect sleeve color.
12-19 10:56:07.876 14264 14576 I global  :  RENO - ObjectDetection.sleeveColorDetect(ObjectDetection.java:132): Sleeve max color = 145064.00, 133975.00, 135390.00
12-19 10:56:07.877 14264 14576 I global  :  RENO - ObjectDetection.sleeveColorDetect(ObjectDetection.java:151): Sleeve position: LEFT
12-19 10:56:07.942 14264 14576 I global  :  RENO - ObjectDetection.sleeveColorDetect(ObjectDetection.java:125): Start Opcv process to detect sleeve color.
12-19 10:56:07.944 14264 14576 I global  :  RENO - ObjectDetection.sleeveColorDetect(ObjectDetection.java:132): Sleeve max color = 144937.00, 133870.00, 135827.00
12-19 10:56:07.945 14264 14576 I global  :  RENO - ObjectDetection.sleeveColorDetect(ObjectDetection.java:151): Sleeve position: LEFT
12-19 10:56:08.006 14264 14576 I global  :  RENO - ObjectDetection.sleeveColorDetect(ObjectDetection.java:125): Start Opcv process to detect sleeve color.
12-19 10:56:08.008 14264 14576 I global  :  RENO - ObjectDetection.sleeveColorDetect(ObjectDetection.java:132): Sleeve max color = 146806.00, 134230.00, 135919.00
12-19 10:56:08.009 14264 14576 I global  :  RENO - ObjectDetection.sleeveColorDetect(ObjectDetection.java:151): Sleeve position: LEFT
12-19 10:56:08.075 14264 14576 I global  :  RENO - ObjectDetection.sleeveColorDetect(ObjectDetection.java:125): Start Opcv process to detect sleeve color.
12-19 10:56:08.076 14264 14576 I global  :  RENO - ObjectDetection.sleeveColorDetect(ObjectDetection.java:132): Sleeve max color = 146943.00, 134323.00, 136180.00
12-19 10:56:08.077 14264 14576 I global  :  RENO - ObjectDetection.sleeveColorDetect(ObjectDetection.java:151): Sleeve position: LEFT
12-19 10:56:08.142 14264 14576 I global  :  RENO - ObjectDetection.sleeveColorDetect(ObjectDetection.java:125): Start Opcv process to detect sleeve color.
12-19 10:56:08.143 14264 14576 I global  :  RENO - ObjectDetection.sleeveColorDetect(ObjectDetection.java:132): Sleeve max color = 151355.00, 138828.00, 140692.00
12-19 10:56:08.144 14264 14576 I global  :  RENO - ObjectDetection.sleeveColorDetect(ObjectDetection.java:151): Sleeve position: LEFT
12-19 10:56:08.211 14264 14576 I global  :  RENO - ObjectDetection.sleeveColorDetect(ObjectDetection.java:125): Start Opcv process to detect sleeve color.
12-19 10:56:08.212 14264 14576 I global  :  RENO - ObjectDetection.sleeveColorDetect(ObjectDetection.java:132): Sleeve max color = 152258.00, 138646.00, 140363.00
12-19 10:56:08.214 14264 14576 I global  :  RENO - ObjectDetection.sleeveColorDetect(ObjectDetection.java:151): Sleeve position: LEFT
12-19 10:56:08.275 14264 14576 I global  :  RENO - ObjectDetection.sleeveColorDetect(ObjectDetection.java:125): Start Opcv process to detect sleeve color.
12-19 10:56:08.276 14264 14576 I global  :  RENO - ObjectDetection.sleeveColorDetect(ObjectDetection.java:132): Sleeve max color = 151874.00, 138564.00, 140430.00
12-19 10:56:08.277 14264 14576 I global  :  RENO - ObjectDetection.sleeveColorDetect(ObjectDetection.java:151): Sleeve position: LEFT
12-19 10:56:08.343 14264 14576 I global  :  RENO - ObjectDetection.sleeveColorDetect(ObjectDetection.java:125): Start Opcv process to detect sleeve color.
12-19 10:56:08.344 14264 14576 I global  :  RENO - ObjectDetection.sleeveColorDetect(ObjectDetection.java:132): Sleeve max color = 151660.00, 138410.00, 140784.00
12-19 10:56:08.346 14264 14576 I global  :  RENO - ObjectDetection.sleeveColorDetect(ObjectDetection.java:151): Sleeve position: LEFT
12-19 10:56:08.411 14264 14576 I global  :  RENO - ObjectDetection.sleeveColorDetect(ObjectDetection.java:125): Start Opcv process to detect sleeve color.
12-19 10:56:08.412 14264 14576 I global  :  RENO - ObjectDetection.sleeveColorDetect(ObjectDetection.java:132): Sleeve max color = 156082.00, 142729.00, 145123.00
12-19 10:56:08.413 14264 14576 I global  :  RENO - ObjectDetection.sleeveColorDetect(ObjectDetection.java:151): Sleeve position: LEFT
12-19 10:56:08.479 14264 14576 I global  :  RENO - ObjectDetection.sleeveColorDetect(ObjectDetection.java:125): Start Opcv process to detect sleeve color.
12-19 10:56:08.480 14264 14576 I global  :  RENO - ObjectDetection.sleeveColorDetect(ObjectDetection.java:132): Sleeve max color = 156073.00, 142698.00, 144886.00
12-19 10:56:08.482 14264 14576 I global  :  RENO - ObjectDetection.sleeveColorDetect(ObjectDetection.java:151): Sleeve position: LEFT
12-19 10:56:08.543 14264 14576 I global  :  RENO - ObjectDetection.sleeveColorDetect(ObjectDetection.java:125): Start Opcv process to detect sleeve color.
12-19 10:56:08.544 14264 14576 I global  :  RENO - ObjectDetection.sleeveColorDetect(ObjectDetection.java:132): Sleeve max color = 156803.00, 143381.00, 145268.00
12-19 10:56:08.546 14264 14576 I global  :  RENO - ObjectDetection.sleeveColorDetect(ObjectDetection.java:151): Sleeve position: LEFT
12-19 10:56:08.611 14264 14576 I global  :  RENO - ObjectDetection.sleeveColorDetect(ObjectDetection.java:125): Start Opcv process to detect sleeve color.
12-19 10:56:08.613 14264 14576 I global  :  RENO - ObjectDetection.sleeveColorDetect(ObjectDetection.java:132): Sleeve max color = 157530.00, 143710.00, 145601.00
12-19 10:56:08.614 14264 14576 I global  :  RENO - ObjectDetection.sleeveColorDetect(ObjectDetection.java:151): Sleeve position: LEFT
12-19 10:56:08.679 14264 14576 I global  :  RENO - ObjectDetection.sleeveColorDetect(ObjectDetection.java:125): Start Opcv process to detect sleeve color.
12-19 10:56:08.680 14264 14576 I global  :  RENO - ObjectDetection.sleeveColorDetect(ObjectDetection.java:132): Sleeve max color = 163177.00, 148695.00, 150316.00
12-19 10:56:08.681 14264 14576 I global  :  RENO - ObjectDetection.sleeveColorDetect(ObjectDetection.java:151): Sleeve position: LEFT
12-19 10:56:08.743 14264 14576 I global  :  RENO - ObjectDetection.sleeveColorDetect(ObjectDetection.java:125): Start Opcv process to detect sleeve color.
12-19 10:56:08.745 14264 14576 I global  :  RENO - ObjectDetection.sleeveColorDetect(ObjectDetection.java:132): Sleeve max color = 163541.00, 148949.00, 150124.00
12-19 10:56:08.747 14264 14576 I global  :  RENO - ObjectDetection.sleeveColorDetect(ObjectDetection.java:151): Sleeve position: LEFT
12-19 10:56:08.784 14264 14405 V Robocol : received command: CMD_RUN_OP_MODE(10609) Autonomous_Test
12-19 10:56:08.791 14264 14568 I System.out: stopRecordingPipeline()
12-19 10:56:08.791 14264 14568 I System.out: ...stopRecordingPipeline()
12-19 10:56:08.792 14264 14568 D UsbResiliantWebcam|DelCaptureSession: stopCapture()...
12-19 10:56:08.792 14264 14568 D UsbResiliantWebcam|DelCaptureSequence: undoStreaming()...
12-19 10:56:08.792 14264 14568 D UvcApiCaptureSession: stopCapture()...
12-19 10:56:08.793 14264 14568 D Uvc     : [jni_streamhandle.cpp:184] Java_org_firstinspires_ftc_robotcore_internal_camera_libuvc_nativeobject_UvcStreamHandle_nativeStopStreaming()...
12-19 10:56:08.793 14264 14568 V Uvc     : API: Java_org_firstinspires_ftc_robotcore_internal_camera_libuvc_nativeobject_UvcStreamHandle_nativeStopStreaming: enter...
12-19 10:56:08.793 14264 14568 D Uvc     : [stream.cpp:1514] uvc_stream_stop()...
12-19 10:56:08.793 14264 14568 D UvcStream: [stream.cpp:1542] cancelling extant transfers
12-19 10:56:08.795 14264 14411 V Robocol : sending CMD_NOTIFY_RUN_OP_MODE(661), attempt: 0
12-19 10:56:08.795 14264 14264 D OpenCvViewport: surfaceDestroyed()
12-19 10:56:08.795 14264 14264 D OpenCvViewport: CheckState(): lifecycle mandates deactivation regardless of user
12-19 10:56:08.795 14264 14264 D OpenCvViewport: CheckState(): deactivating viewport
12-19 10:56:08.795 14264 14574 W System.err: java.lang.InterruptedException
12-19 10:56:08.796 14264 14574 W System.err: 	at java.lang.Object.wait(Native Method)
12-19 10:56:08.796 14264 14574 W System.err: 	at org.firstinspires.ftc.robotcore.internal.collections.EvictingBlockingQueue.take(EvictingBlockingQueue.java:143)
12-19 10:56:08.796 14264 14574 W System.err: 	at org.openftc.easyopencv.OpenCvViewport$RenderThread.run(OpenCvViewport.java:554)
12-19 10:56:08.796 14264 14574 D OpenCvViewportRenderThread: About to exit
12-19 10:56:08.796 14264 14264 D OpenCvViewport: ...surfaceDestroyed()
12-19 10:56:08.832 14264 14568 D Uvc     : [stream.cpp:1471] (waitForAllTransfers(waiting for cancelled transfers))...
12-19 10:56:08.833 14264 14576 D UvcStream: [stream.cpp:1329] user callback thread stopped
12-19 10:56:08.834 14264 14568 D UvcStream: [stream.cpp:1485] no extant active transfers: continuing
12-19 10:56:08.834 14264 14568 D Uvc     : [stream.cpp:1471] ...()
12-19 10:56:08.834 14264 14568 D Uvc     : [stream.cpp:1189] uvc_stream_handle::stopIsochronousStreaming()...
12-19 10:56:08.834 14264 14568 D Uvc     : [libuvc/libuvc_internal.h:825] uvc_device_handle::setInterfaceAltSetting(setInterfaceAltSetting(intf=1 alt=0))...
12-19 10:56:08.834 14264 14568 D UvcDevice: setInterfaceAltSetting(1,0)
12-19 10:56:08.835 14264 14568 D UvcDevice: setInterfaceAltSetting(1,0) succeeded
12-19 10:56:08.835 14264 14568 D Uvc     : [libuvc/libuvc_internal.h:825] ...uvc_device_handle::setInterfaceAltSetting() rc=0
12-19 10:56:08.835 14264 14568 D Uvc     : [stream.cpp:1189] ...uvc_stream_handle::stopIsochronousStreaming() rc=0
12-19 10:56:08.835 14264 14568 D UvcStream: [stream.cpp:1558] awakening user thread
12-19 10:56:08.835 14264 14568 D UvcStream: [stream.cpp:1567] waiting for user callback thread to finish
12-19 10:56:08.835 14264 14568 D Uvc     : [stream.cpp:1514] ...uvc_stream_stop() rc=0
12-19 10:56:08.835 14264 14568 V Uvc     : API: Java_org_firstinspires_ftc_robotcore_internal_camera_libuvc_nativeobject_UvcStreamHandle_nativeStopStreaming: ...exit
12-19 10:56:08.835 14264 14568 D Uvc     : [jni_streamhandle.cpp:184] ...Java_org_firstinspires_ftc_robotcore_internal_camera_libuvc_nativeobject_UvcStreamHandle_nativeStopStreaming()
12-19 10:56:08.836 14264 14568 V UvcFrameCallback: destroy(hash=0x06bea895)
12-19 10:56:08.836 14264 14568 V UvcFrameCallbackData: destroy(pointer=0xc8612498)
12-19 10:56:08.837 14264 14568 V Uvc     : API: Java_org_firstinspires_ftc_robotcore_internal_camera_libuvc_nativeobject_UvcFrameCallback_nativeReleaseCallbackState: enter...
12-19 10:56:08.837 14264 14568 V Uvc     : API: Java_org_firstinspires_ftc_robotcore_internal_camera_libuvc_nativeobject_UvcFrameCallback_nativeReleaseCallbackState: ...exit
12-19 10:56:08.837 14264 14568 V UvcStreamHandle: destroy(pointer=0xcd724400)
12-19 10:56:08.837 14264 14568 D Uvc     : [jni_streamhandle.cpp:184] Java_org_firstinspires_ftc_robotcore_internal_camera_libuvc_nativeobject_UvcStreamHandle_nativeStopStreaming()...
12-19 10:56:08.837 14264 14568 V Uvc     : API: Java_org_firstinspires_ftc_robotcore_internal_camera_libuvc_nativeobject_UvcStreamHandle_nativeStopStreaming: enter...
12-19 10:56:08.837 14264 14568 D Uvc     : [stream.cpp:1514] uvc_stream_stop()...
12-19 10:56:08.837 14264 14568 D Uvc     : [stream.cpp:1514] ...uvc_stream_stop() rc=0
12-19 10:56:08.838 14264 14568 V Uvc     : API: Java_org_firstinspires_ftc_robotcore_internal_camera_libuvc_nativeobject_UvcStreamHandle_nativeStopStreaming: ...exit
12-19 10:56:08.838 14264 14568 D Uvc     : [jni_streamhandle.cpp:184] ...Java_org_firstinspires_ftc_robotcore_internal_camera_libuvc_nativeobject_UvcStreamHandle_nativeStopStreaming()
12-19 10:56:08.838 14264 14568 D Uvc     : [jni_streamhandle.cpp:200] Java_org_firstinspires_ftc_robotcore_internal_camera_libuvc_nativeobject_UvcStreamHandle_nativeCloseStreamHandle()...
12-19 10:56:08.838 14264 14568 V Uvc     : API: Java_org_firstinspires_ftc_robotcore_internal_camera_libuvc_nativeobject_UvcStreamHandle_nativeCloseStreamHandle: enter...
12-19 10:56:08.838 14264 14568 D Uvc     : [stream.cpp:1584] uvc_stream_close()...
12-19 10:56:08.838 14264 14568 D Uvc     : [streamhandle.cpp:45] uvc_stream_handle::~uvc_stream_handle()...
12-19 10:56:08.838 14264 14568 D Uvc     : [streamhandle.cpp:66] uvc_stream_handle::releaseInterface()...
12-19 10:56:08.838 14264 14568 D Uvc     : [libuvc/libuvc_internal.h:793] uvc_device_handle::releaseInterface()...
12-19 10:56:08.839 14264 14568 D UvcDevice: releaseInterface(1)
12-19 10:56:08.839 14264 14568 D UvcDevice: releaseInterface(1) succeeded
12-19 10:56:08.839 14264 14568 D Uvc     : [libuvc/libuvc_internal.h:793] ...uvc_device_handle::releaseInterface() rc=0
12-19 10:56:08.839 14264 14568 D Uvc     : [streamhandle.cpp:66] ...uvc_stream_handle::releaseInterface()
12-19 10:56:08.839 14264 14568 D Uvc     : [streamhandle.cpp:45] ...uvc_stream_handle::~uvc_stream_handle()
12-19 10:56:08.839 14264 14568 D Uvc     : [stream.cpp:1584] ...uvc_stream_close()
12-19 10:56:08.839 14264 14568 V Uvc     : API: Java_org_firstinspires_ftc_robotcore_internal_camera_libuvc_nativeobject_UvcStreamHandle_nativeCloseStreamHandle: ...exit
12-19 10:56:08.839 14264 14568 D Uvc     : [jni_streamhandle.cpp:200] ...Java_org_firstinspires_ftc_robotcore_internal_camera_libuvc_nativeobject_UvcStreamHandle_nativeCloseStreamHandle()
12-19 10:56:08.840 14264 14568 V UvcApiCameraCaptureSequence: destroy(hash=0x06c9387f)
12-19 10:56:08.840 14264 14568 D UvcApiCaptureSession: ...stopCapture()
12-19 10:56:08.840 14264 14568 D UvcApiCaptureSession: doClose()...
12-19 10:56:08.840 14264 14575 D RobotCore: capture sequence DelegatingCaptureSequenceId(1) reports completed: lastFrame=33
12-19 10:56:08.841 14264 14568 D UvcApiCaptureSession: ...doClose()
12-19 10:56:08.841 14264 14568 D UsbResiliantWebcam|DelCaptureSequence: ...undoStreaming()
12-19 10:56:08.841 14264 14573 D UsbResiliantWebcam|DelCaptureSession: camera session is closed: Webcam(D5386480)
12-19 10:56:08.841 14264 14568 V UsbResiliantWebcam|DelCaptureSequence: destroy(hash=0x043867d9)
12-19 10:56:08.842 14264 14575 D RobotCore: capture sequence DelegatingCaptureSequenceId(1) reports completed: lastFrame=33
12-19 10:56:08.842 14264 14568 D UsbResiliantWebcam|DelCaptureSession: ...stopCapture()
12-19 10:56:08.842 14264 14568 D UsbResiliantWebcam|DelCaptureSession: doClose()...
12-19 10:56:08.842 14264 14573 V UvcApiCaptureSession: destroy(hash=0x067e859e)
12-19 10:56:08.842 14264 14573 D UvcApiCaptureSession: destructor...
12-19 10:56:08.842 14264 14568 D UsbResiliantWebcam|DelCaptureSession: ...doClose()
12-19 10:56:08.842 14264 14573 D UvcApiCaptureSession: ...destructor
12-19 10:56:08.842 14264 14568 V CameraImpl: destroy(hash=0x068d7eb4)
12-19 10:56:08.843 14264 14568 D UsbResiliantWebcam: CameraImpl.destructor()...
12-19 10:56:08.843 14264 14568 D UsbResiliantWebcam: externalDestructor()...
12-19 10:56:08.843 14264 14575 V UsbResiliantWebcam|DelCaptureSession: destroy(hash=0x0ffeed23)
12-19 10:56:08.844 14264 14575 D UsbResiliantWebcam|DelCaptureSession: destructor()...
12-19 10:56:08.844 14264 14573 D CameraManager: camera reports closed: CameraImpl(UsbResiliantWebcam(Webcam(D5386480)))
12-19 10:56:08.844 14264 14575 D UsbResiliantWebcam|DelCaptureSession: ...destructor()
12-19 10:56:08.844 14264 14568 V CameraImpl: destroy(hash=0x065780a2)
12-19 10:56:08.845 14264 14568 D UvcDeviceHandle: CameraImpl.destructor()...
12-19 10:56:08.845 14264 14568 D UvcDeviceHandle: externalDestructor()...
12-19 10:56:08.846 14264 14568 D UsbResiliantWebcam: changeDelegatedCamera(CameraImpl(UvcDeviceHandle(pointer=0xc87d0fd0|UvcDevice(/dev/bus/usb/003/003)))->null)...
12-19 10:56:08.846 14264 14568 D CachingExposureControl: onCameraChanged(CameraImpl(UvcDeviceHandle(pointer=0xc87d0fd0|UvcDevice(/dev/bus/usb/003/003)))->null)...
12-19 10:56:08.846 14264 14568 D CachingExposureControl: ...onCameraChanged(CameraImpl(UvcDeviceHandle(pointer=0xc87d0fd0|UvcDevice(/dev/bus/usb/003/003)))->null)
12-19 10:56:08.847 14264 14568 D UsbResiliantWebcam: ...changeDelegatedCamera(CameraImpl(UvcDeviceHandle(pointer=0xc87d0fd0|UvcDevice(/dev/bus/usb/003/003)))->null)
12-19 10:56:08.847 14264 14568 D UvcDeviceHandle: ...externalDestructor()
12-19 10:56:08.847 14264 14568 V UvcDeviceHandle: destroy(pointer=0xc87d0fd0)
12-19 10:56:08.848 14264 14568 D UvcDeviceHandle: destructor...
12-19 10:56:08.849 14264 14568 D Uvc     : [jni_devicehandle.cpp:87] Java_org_firstinspires_ftc_robotcore_internal_camera_libuvc_nativeobject_UvcDeviceHandle_nativeReleaseRefDeviceHandle()...
12-19 10:56:08.849 14264 14568 V Uvc     : API: Java_org_firstinspires_ftc_robotcore_internal_camera_libuvc_nativeobject_UvcDeviceHandle_nativeReleaseRefDeviceHandle: enter...
12-19 10:56:08.849 14264 14568 D Uvc     : [libuvc/libuvc_internal.h:872] uvc_device_handle::~uvc_device_handle()...
12-19 10:56:08.849 14264 14568 D Uvc     : [libuvc/libuvc_internal.h:840] uvc_device_handle::deconstruct()...
12-19 10:56:08.849 14264 14568 D Uvc     : [libuvc/libuvc_internal.h:751] uvc_device_handle::stop()...
12-19 10:56:08.849 14264 14568 D Uvc     : [libuvc/libuvc_internal.h:751] ...uvc_device_handle::stop()
12-19 10:56:08.849 14264 14568 D Uvc     : [libuvc/libuvc_internal.h:865] uvc_device_handle::close()...
12-19 10:56:08.849 14264 14568 E libusb  : [39.984746] [000038e8] libusb: error [do_close] Device handle closed while transfer was still being processed, but the device is still connected as far as we know
12-19 10:56:08.849 14264 14568 E libusb  : [39.984816] [000038e8] libusb: error [do_close] A cancellation hasn't even been scheduled on the transfer for which the device is closing
12-19 10:56:08.849 14264 14568 D Uvc     : [libuvc/libuvc_internal.h:865] ...uvc_device_handle::close()
12-19 10:56:08.849 14264 14568 D Uvc     : [libuvc/libuvc_internal.h:840] ...uvc_device_handle::deconstruct()
12-19 10:56:08.849 14264 14568 D Uvc     : [device.cpp:433] uvc_free_device_info()...
12-19 10:56:08.849 14264 14568 D Uvc     : [device.cpp:433] ...uvc_free_device_info()
12-19 10:56:08.849 14264 14568 D Uvc     : [libuvc/libuvc_internal.h:872] ...uvc_device_handle::~uvc_device_handle()
12-19 10:56:08.849 14264 14568 V Uvc     : API: Java_org_firstinspires_ftc_robotcore_internal_camera_libuvc_nativeobject_UvcDeviceHandle_nativeReleaseRefDeviceHandle: ...exit
12-19 10:56:08.849 14264 14568 D Uvc     : [jni_devicehandle.cpp:87] ...Java_org_firstinspires_ftc_robotcore_internal_camera_libuvc_nativeobject_UvcDeviceHandle_nativeReleaseRefDeviceHandle()
12-19 10:56:08.850 14264 14568 V UvcDevice: destroy(pointer=0xc8c95850|/dev/bus/usb/003/003)
12-19 10:56:08.850 14264 14568 D UsbDeviceConnectionJNI: close
12-19 10:56:08.850 14264 14568 D Uvc     : [jni_device.cpp:126] Java_org_firstinspires_ftc_robotcore_internal_camera_libuvc_nativeobject_UvcDevice_nativeReleaseRefDevice()...
12-19 10:56:08.850 14264 14568 V Uvc     : API: Java_org_firstinspires_ftc_robotcore_internal_camera_libuvc_nativeobject_UvcDevice_nativeReleaseRefDevice: enter...
12-19 10:56:08.850 14264 14568 D Uvc     : [device.cpp:882] uvc_unref_device()...
12-19 10:56:08.852 14264 14568 D Uvc     : [device.cpp:882] ...uvc_unref_device()
12-19 10:56:08.852 14264 14568 V Uvc     : API: Java_org_firstinspires_ftc_robotcore_internal_camera_libuvc_nativeobject_UvcDevice_nativeReleaseRefDevice: ...exit
12-19 10:56:08.853 14264 14568 D Uvc     : [jni_device.cpp:126] ...Java_org_firstinspires_ftc_robotcore_internal_camera_libuvc_nativeobject_UvcDevice_nativeReleaseRefDevice()
12-19 10:56:08.853 14264 14568 V LibUsbDevice: destroy(pointer=0xcd72faa0)
12-19 10:56:08.853 14264 14568 D Uvc     : [jni_libusb_device.cpp:64] Java_org_firstinspires_ftc_robotcore_internal_camera_libuvc_nativeobject_LibUsbDevice_nativeReleaseRefDevice()...
12-19 10:56:08.853 14264 14568 D Uvc     : [jni_libusb_device.cpp:64] ...Java_org_firstinspires_ftc_robotcore_internal_camera_libuvc_nativeobject_LibUsbDevice_nativeReleaseRefDevice()
12-19 10:56:08.853 14264 14568 D UvcDeviceHandle: ...destructor
12-19 10:56:08.853 14264 14568 D UvcDeviceHandle: ...CameraImpl.destructor()
12-19 10:56:08.854 14264 14568 D UsbResiliantWebcam: ...externalDestructor()
12-19 10:56:08.854 14264 14568 V UsbResiliantWebcam: destroy(hash=0x02552297)
12-19 10:56:08.854 14264 14568 D UsbResiliantWebcam: destructor()...
12-19 10:56:08.854 14264 14568 D UsbResiliantWebcam: ...destructor()
12-19 10:56:08.855 14264 14568 D UsbResiliantWebcam: ...CameraImpl.destructor()
12-19 10:56:08.909 14264 14568 I global  :  RENO - ChassisWith4Motors.drivingWithPID(ChassisWith4Motors.java:678): Motors power - FL (0.30), FR (0.30), BL (0.30), BR (0.30)
12-19 10:56:08.915 14264 14568 I global  :  RENO - ChassisWith4Motors.runWithColorSensor(ChassisWith4Motors.java:200): Red = 189.0, Blue = 320.0
12-19 10:56:08.919 14264 14568 I global  :  RENO - ChassisWith4Motors.drivingWithPID(ChassisWith4Motors.java:678): Motors power - FL (0.30), FR (0.30), BL (0.30), BR (0.30)
12-19 10:56:08.929 14264 14568 I global  :  RENO - ChassisWith4Motors.runWithColorSensor(ChassisWith4Motors.java:200): Red = 189.0, Blue = 320.0
12-19 10:56:08.933 14264 14568 I global  :  RENO - ChassisWith4Motors.drivingWithPID(ChassisWith4Motors.java:678): Motors power - FL (0.30), FR (0.30), BL (0.30), BR (0.30)
12-19 10:56:08.940 14264 14568 I global  :  RENO - ChassisWith4Motors.runWithColorSensor(ChassisWith4Motors.java:200): Red = 189.0, Blue = 320.0
12-19 10:56:08.944 14264 14568 I global  :  RENO - ChassisWith4Motors.drivingWithPID(ChassisWith4Motors.java:678): Motors power - FL (0.30), FR (0.30), BL (0.30), BR (0.30)
12-19 10:56:08.952 14264 14568 I global  :  RENO - ChassisWith4Motors.runWithColorSensor(ChassisWith4Motors.java:200): Red = 189.0, Blue = 320.0
12-19 10:56:08.957 14264 14568 I global  :  RENO - ChassisWith4Motors.drivingWithPID(ChassisWith4Motors.java:678): Motors power - FL (0.30), FR (0.30), BL (0.30), BR (0.30)
12-19 10:56:08.964 14264 14568 I global  :  RENO - ChassisWith4Motors.runWithColorSensor(ChassisWith4Motors.java:200): Red = 189.0, Blue = 320.0
12-19 10:56:08.969 14264 14568 I global  :  RENO - ChassisWith4Motors.drivingWithPID(ChassisWith4Motors.java:678): Motors power - FL (0.30), FR (0.30), BL (0.30), BR (0.30)
12-19 10:56:08.975 14264 14568 I global  :  RENO - ChassisWith4Motors.runWithColorSensor(ChassisWith4Motors.java:200): Red = 189.0, Blue = 320.0
12-19 10:56:08.980 14264 14568 I global  :  RENO - ChassisWith4Motors.drivingWithPID(ChassisWith4Motors.java:678): Motors power - FL (0.30), FR (0.30), BL (0.30), BR (0.30)
12-19 10:56:08.988 14264 14568 I global  :  RENO - ChassisWith4Motors.runWithColorSensor(ChassisWith4Motors.java:200): Red = 189.0, Blue = 320.0
12-19 10:56:08.993 14264 14568 I global  :  RENO - ChassisWith4Motors.drivingWithPID(ChassisWith4Motors.java:678): Motors power - FL (0.30), FR (0.30), BL (0.30), BR (0.30)
12-19 10:56:09.000 14264 14568 I global  :  RENO - ChassisWith4Motors.runWithColorSensor(ChassisWith4Motors.java:200): Red = 189.0, Blue = 320.0
12-19 10:56:09.004 14264 14568 I global  :  RENO - ChassisWith4Motors.drivingWithPID(ChassisWith4Motors.java:678): Motors power - FL (0.30), FR (0.30), BL (0.30), BR (0.30)
12-19 10:56:09.011 14264 14568 I global  :  RENO - ChassisWith4Motors.runWithColorSensor(ChassisWith4Motors.java:200): Red = 189.0, Blue = 320.0
12-19 10:56:09.015 14264 14568 I global  :  RENO - ChassisWith4Motors.drivingWithPID(ChassisWith4Motors.java:678): Motors power - FL (0.30), FR (0.30), BL (0.30), BR (0.30)
12-19 10:56:09.022 14264 14568 I global  :  RENO - ChassisWith4Motors.runWithColorSensor(ChassisWith4Motors.java:200): Red = 189.0, Blue = 320.0
12-19 10:56:09.026 14264 14568 I global  :  RENO - ChassisWith4Motors.drivingWithPID(ChassisWith4Motors.java:678): Motors power - FL (0.30), FR (0.30), BL (0.30), BR (0.30)
12-19 10:56:09.038 14264 14568 I global  :  RENO - ChassisWith4Motors.runWithColorSensor(ChassisWith4Motors.java:200): Red = 185.0, Blue = 316.0
12-19 10:56:09.042 14264 14568 I global  :  RENO - ChassisWith4Motors.drivingWithPID(ChassisWith4Motors.java:678): Motors power - FL (0.30), FR (0.30), BL (0.30), BR (0.30)
12-19 10:56:09.049 14264 14568 I global  :  RENO - ChassisWith4Motors.runWithColorSensor(ChassisWith4Motors.java:200): Red = 185.0, Blue = 316.0
12-19 10:56:09.054 14264 14568 I global  :  RENO - ChassisWith4Motors.drivingWithPID(ChassisWith4Motors.java:678): Motors power - FL (0.30), FR (0.30), BL (0.30), BR (0.30)
12-19 10:56:09.062 14264 14568 I global  :  RENO - ChassisWith4Motors.runWithColorSensor(ChassisWith4Motors.java:200): Red = 185.0, Blue = 316.0
12-19 10:56:09.067 14264 14568 I global  :  RENO - ChassisWith4Motors.drivingWithPID(ChassisWith4Motors.java:678): Motors power - FL (0.30), FR (0.30), BL (0.30), BR (0.30)
12-19 10:56:09.076 14264 14568 I global  :  RENO - ChassisWith4Motors.runWithColorSensor(ChassisWith4Motors.java:200): Red = 185.0, Blue = 316.0
12-19 10:56:09.081 14264 14568 I global  :  RENO - ChassisWith4Motors.drivingWithPID(ChassisWith4Motors.java:678): Motors power - FL (0.30), FR (0.30), BL (0.30), BR (0.30)
12-19 10:56:09.088 14264 14568 I global  :  RENO - ChassisWith4Motors.runWithColorSensor(ChassisWith4Motors.java:200): Red = 185.0, Blue = 316.0
12-19 10:56:09.093 14264 14568 I global  :  RENO - ChassisWith4Motors.drivingWithPID(ChassisWith4Motors.java:678): Motors power - FL (0.30), FR (0.30), BL (0.30), BR (0.30)
12-19 10:56:09.101 14264 14568 I global  :  RENO - ChassisWith4Motors.runWithColorSensor(ChassisWith4Motors.java:200): Red = 185.0, Blue = 316.0
12-19 10:56:09.106 14264 14568 I global  :  RENO - ChassisWith4Motors.drivingWithPID(ChassisWith4Motors.java:678): Motors power - FL (0.30), FR (0.30), BL (0.30), BR (0.30)
12-19 10:56:09.113 14264 14568 I global  :  RENO - ChassisWith4Motors.runWithColorSensor(ChassisWith4Motors.java:200): Red = 185.0, Blue = 316.0
12-19 10:56:09.118 14264 14568 I global  :  RENO - ChassisWith4Motors.drivingWithPID(ChassisWith4Motors.java:678): Motors power - FL (0.30), FR (0.30), BL (0.30), BR (0.30)
12-19 10:56:09.129 14264 14568 I global  :  RENO - ChassisWith4Motors.runWithColorSensor(ChassisWith4Motors.java:200): Red = 172.0, Blue = 316.0
12-19 10:56:09.134 14264 14568 I global  :  RENO - ChassisWith4Motors.drivingWithPID(ChassisWith4Motors.java:678): Motors power - FL (0.30), FR (0.30), BL (0.30), BR (0.30)
12-19 10:56:09.142 14264 14568 I global  :  RENO - ChassisWith4Motors.runWithColorSensor(ChassisWith4Motors.java:200): Red = 172.0, Blue = 297.0
12-19 10:56:09.146 14264 14568 I global  :  RENO - ChassisWith4Motors.drivingWithPID(ChassisWith4Motors.java:678): Motors power - FL (0.30), FR (0.30), BL (0.30), BR (0.30)
12-19 10:56:09.154 14264 14568 I global  :  RENO - ChassisWith4Motors.runWithColorSensor(ChassisWith4Motors.java:200): Red = 172.0, Blue = 297.0
12-19 10:56:09.159 14264 14568 I global  :  RENO - ChassisWith4Motors.drivingWithPID(ChassisWith4Motors.java:678): Motors power - FL (0.30), FR (0.30), BL (0.30), BR (0.30)
12-19 10:56:09.166 14264 14568 I global  :  RENO - ChassisWith4Motors.runWithColorSensor(ChassisWith4Motors.java:200): Red = 172.0, Blue = 297.0
12-19 10:56:09.171 14264 14568 I global  :  RENO - ChassisWith4Motors.drivingWithPID(ChassisWith4Motors.java:678): Motors power - FL (0.30), FR (0.30), BL (0.30), BR (0.30)
12-19 10:56:09.178 14264 14568 I global  :  RENO - ChassisWith4Motors.runWithColorSensor(ChassisWith4Motors.java:200): Red = 172.0, Blue = 297.0
12-19 10:56:09.182 14264 14568 I global  :  RENO - ChassisWith4Motors.drivingWithPID(ChassisWith4Motors.java:678): Motors power - FL (0.30), FR (0.30), BL (0.30), BR (0.30)
12-19 10:56:09.190 14264 14568 I global  :  RENO - ChassisWith4Motors.runWithColorSensor(ChassisWith4Motors.java:200): Red = 172.0, Blue = 297.0
12-19 10:56:09.195 14264 14568 I global  :  RENO - ChassisWith4Motors.drivingWithPID(ChassisWith4Motors.java:678): Motors power - FL (0.30), FR (0.30), BL (0.30), BR (0.30)
12-19 10:56:09.201 14264 14568 I global  :  RENO - ChassisWith4Motors.runWithColorSensor(ChassisWith4Motors.java:200): Red = 172.0, Blue = 297.0
12-19 10:56:09.206 14264 14568 I global  :  RENO - ChassisWith4Motors.drivingWithPID(ChassisWith4Motors.java:678): Motors power - FL (0.30), FR (0.30), BL (0.30), BR (0.30)
12-19 10:56:09.214 14264 14568 I global  :  RENO - ChassisWith4Motors.runWithColorSensor(ChassisWith4Motors.java:200): Red = 172.0, Blue = 297.0
12-19 10:56:09.219 14264 14568 I global  :  RENO - ChassisWith4Motors.drivingWithPID(ChassisWith4Motors.java:678): Motors power - FL (0.30), FR (0.30), BL (0.30), BR (0.30)
12-19 10:56:09.232 14264 14568 I global  :  RENO - ChassisWith4Motors.runWithColorSensor(ChassisWith4Motors.java:200): Red = 169.0, Blue = 297.0
12-19 10:56:09.237 14264 14568 I global  :  RENO - ChassisWith4Motors.drivingWithPID(ChassisWith4Motors.java:678): Motors power - FL (0.30), FR (0.30), BL (0.30), BR (0.30)
12-19 10:56:09.244 14264 14568 I global  :  RENO - ChassisWith4Motors.runWithColorSensor(ChassisWith4Motors.java:200): Red = 169.0, Blue = 286.0
12-19 10:56:09.248 14264 14568 I global  :  RENO - ChassisWith4Motors.drivingWithPID(ChassisWith4Motors.java:678): Motors power - FL (0.30), FR (0.30), BL (0.30), BR (0.30)
12-19 10:56:09.255 14264 14568 I global  :  RENO - ChassisWith4Motors.runWithColorSensor(ChassisWith4Motors.java:200): Red = 169.0, Blue = 286.0
12-19 10:56:09.260 14264 14568 I global  :  RENO - ChassisWith4Motors.drivingWithPID(ChassisWith4Motors.java:678): Motors power - FL (0.30), FR (0.30), BL (0.30), BR (0.30)
12-19 10:56:09.266 14264 14568 I global  :  RENO - ChassisWith4Motors.runWithColorSensor(ChassisWith4Motors.java:200): Red = 169.0, Blue = 286.0
12-19 10:56:09.271 14264 14568 I global  :  RENO - ChassisWith4Motors.drivingWithPID(ChassisWith4Motors.java:678): Motors power - FL (0.30), FR (0.30), BL (0.30), BR (0.30)
12-19 10:56:09.278 14264 14568 I global  :  RENO - ChassisWith4Motors.runWithColorSensor(ChassisWith4Motors.java:200): Red = 169.0, Blue = 286.0
12-19 10:56:09.282 14264 14568 I global  :  RENO - ChassisWith4Motors.drivingWithPID(ChassisWith4Motors.java:678): Motors power - FL (0.30), FR (0.30), BL (0.30), BR (0.30)
12-19 10:56:09.290 14264 14568 I global  :  RENO - ChassisWith4Motors.runWithColorSensor(ChassisWith4Motors.java:200): Red = 169.0, Blue = 286.0
12-19 10:56:09.295 14264 14568 I global  :  RENO - ChassisWith4Motors.drivingWithPID(ChassisWith4Motors.java:678): Motors power - FL (0.30), FR (0.30), BL (0.30), BR (0.30)
12-19 10:56:09.302 14264 14568 I global  :  RENO - ChassisWith4Motors.runWithColorSensor(ChassisWith4Motors.java:200): Red = 169.0, Blue = 286.0
12-19 10:56:09.307 14264 14568 I global  :  RENO - ChassisWith4Motors.drivingWithPID(ChassisWith4Motors.java:678): Motors power - FL (0.30), FR (0.30), BL (0.30), BR (0.30)
12-19 10:56:09.314 14264 14568 I global  :  RENO - ChassisWith4Motors.runWithColorSensor(ChassisWith4Motors.java:200): Red = 169.0, Blue = 286.0
12-19 10:56:09.319 14264 14568 I global  :  RENO - ChassisWith4Motors.drivingWithPID(ChassisWith4Motors.java:678): Motors power - FL (0.30), FR (0.30), BL (0.30), BR (0.30)
12-19 10:56:09.326 14264 14568 I global  :  RENO - ChassisWith4Motors.runWithColorSensor(ChassisWith4Motors.java:200): Red = 169.0, Blue = 286.0
12-19 10:56:09.331 14264 14568 I global  :  RENO - ChassisWith4Motors.drivingWithPID(ChassisWith4Motors.java:678): Motors power - FL (0.30), FR (0.30), BL (0.30), BR (0.30)
12-19 10:56:09.343 14264 14568 I global  :  RENO - ChassisWith4Motors.runWithColorSensor(ChassisWith4Motors.java:200): Red = 165.0, Blue = 283.0
12-19 10:56:09.348 14264 14568 I global  :  RENO - ChassisWith4Motors.drivingWithPID(ChassisWith4Motors.java:678): Motors power - FL (0.30), FR (0.30), BL (0.30), BR (0.30)
12-19 10:56:09.356 14264 14568 I global  :  RENO - ChassisWith4Motors.runWithColorSensor(ChassisWith4Motors.java:200): Red = 165.0, Blue = 283.0
12-19 10:56:09.361 14264 14568 I global  :  RENO - ChassisWith4Motors.drivingWithPID(ChassisWith4Motors.java:678): Motors power - FL (0.30), FR (0.30), BL (0.30), BR (0.30)
12-19 10:56:09.368 14264 14568 I global  :  RENO - ChassisWith4Motors.runWithColorSensor(ChassisWith4Motors.java:200): Red = 165.0, Blue = 283.0
12-19 10:56:09.373 14264 14568 I global  :  RENO - ChassisWith4Motors.drivingWithPID(ChassisWith4Motors.java:678): Motors power - FL (0.30), FR (0.30), BL (0.30), BR (0.30)
12-19 10:56:09.380 14264 14568 I global  :  RENO - ChassisWith4Motors.runWithColorSensor(ChassisWith4Motors.java:200): Red = 165.0, Blue = 283.0
12-19 10:56:09.389 14264 14568 I global  :  RENO - ChassisWith4Motors.drivingWithPID(ChassisWith4Motors.java:678): Motors power - FL (0.30), FR (0.30), BL (0.30), BR (0.30)
12-19 10:56:09.396 14264 14568 I global  :  RENO - ChassisWith4Motors.runWithColorSensor(ChassisWith4Motors.java:200): Red = 165.0, Blue = 283.0
12-19 10:56:09.402 14264 14568 I global  :  RENO - ChassisWith4Motors.drivingWithPID(ChassisWith4Motors.java:678): Motors power - FL (0.30), FR (0.30), BL (0.30), BR (0.30)
12-19 10:56:09.410 14264 14568 I global  :  RENO - ChassisWith4Motors.runWithColorSensor(ChassisWith4Motors.java:200): Red = 165.0, Blue = 283.0
