12-24 15:41:22.744   974  1223 D Uvc     : [jni_streamhandle.cpp:184] Java_org_firstinspires_ftc_robotcore_internal_camera_libuvc_nativeobject_UvcStreamHandle_nativeStopStreaming()...
12-24 15:41:22.744   974  1223 V Uvc     : API: Java_org_firstinspires_ftc_robotcore_internal_camera_libuvc_nativeobject_UvcStreamHandle_nativeStopStreaming: enter...
12-24 15:41:22.744   974  1223 D Uvc     : [stream.cpp:1514] uvc_stream_stop()...
12-24 15:41:22.744   974  1223 D Uvc     : [stream.cpp:1514] ...uvc_stream_stop() rc=0
12-24 15:41:22.744   974  1223 V Uvc     : API: Java_org_firstinspires_ftc_robotcore_internal_camera_libuvc_nativeobject_UvcStreamHandle_nativeStopStreaming: ...exit
12-24 15:41:22.744   974  1223 D Uvc     : [jni_streamhandle.cpp:184] ...Java_org_firstinspires_ftc_robotcore_internal_camera_libuvc_nativeobject_UvcStreamHandle_nativeStopStreaming()
12-24 15:41:22.744   974  1223 V UvcFrameCallback: construct(0x0a388d9e)
12-24 15:41:22.745   974  1223 V UvcFrameCallbackData: construct(pointer=0xc701b598)
12-24 15:41:22.745   974  1223 V Uvc     : API: Java_org_firstinspires_ftc_robotcore_internal_camera_libuvc_nativeobject_UvcStreamHandle_nativeStartStreaming: enter...
12-24 15:41:22.745   974  1223 D Uvc     : [stream.cpp:970] uvc_stream_start_bandwidth()...
12-24 15:41:22.745   974  1223 D Uvc     : [stream.cpp:1173] uvc_stream_handle::startIsochronousStreaming()...
12-24 15:41:22.745   974  1223 D Uvc     : [libuvc/libuvc_internal.h:825] uvc_device_handle::setInterfaceAltSetting(setInterfaceAltSetting(intf=1 alt=11))...
12-24 15:41:22.745   974  1223 D UvcDevice: setInterfaceAltSetting(1,11)
12-24 15:41:22.746   974  1223 D UvcDevice: setInterfaceAltSetting(1,11) succeeded
12-24 15:41:22.746   974  1223 D Uvc     : [libuvc/libuvc_internal.h:825] ...uvc_device_handle::setInterfaceAltSetting() rc=0
12-24 15:41:22.746   974  1223 D Uvc     : [stream.cpp:1173] ...uvc_stream_handle::startIsochronousStreaming() rc=0
12-24 15:41:22.746   974  1223 D Uvc     : [stream.cpp:1201] uvc_stream_handle::startUserCallbackThread()...
12-24 15:41:22.746   974  3605 D UvcStream: [stream.cpp:1265] User Callback thread started
12-24 15:41:22.746   974  1223 D Uvc     : [stream.cpp:1201] ...uvc_stream_handle::startUserCallbackThread() rc=0
12-24 15:41:22.746   974  1223 D Uvc     : [stream.cpp:1221] uvc_stream_handle::submitTransfers()...
12-24 15:41:22.747   974  1223 D Uvc     : [stream.cpp:1221] ...uvc_stream_handle::submitTransfers() rc=0
12-24 15:41:22.747   974  1223 D Uvc     : [stream.cpp:970] ...uvc_stream_start_bandwidth() rc=0
12-24 15:41:22.747   974  1223 D UvcStreamHandle: [jni_streamhandle.cpp:150] successfully started streaming
12-24 15:41:22.747   974  1223 V Uvc     : API: Java_org_firstinspires_ftc_robotcore_internal_camera_libuvc_nativeobject_UvcStreamHandle_nativeStartStreaming: ...exit
12-24 15:41:22.748   974  1223 V UvcStreamCtrl: destroy(pointer=0xc67ff4c0)
12-24 15:41:22.748   974  1223 D UsbResiliantWebcam|DelCaptureSequence: ...doStreaming()
12-24 15:41:22.748   974  1223 D UsbResiliantWebcam|DelCaptureSequence: ...startStreaming(Stopped)
12-24 15:41:22.748   974  1223 D UsbResiliantWebcam|DelCaptureSession: ...startCapture()
12-24 15:41:22.748   974  1223 I System.out: OpenCvWebcam: onConfigured
12-24 15:41:22.748   974  3598 I System.out: OpenCvWebcam: streaming started
12-24 15:41:22.749   974  3598 I global  :  RENO - AutonomousRight$1.onOpened(AutonomousRight.java:137): Start stream to detect sleeve color.
12-24 15:41:22.755   974  1190 D UvcStream: [stream.cpp:729] this is the UVC processTransfer() stream processing thread
12-24 15:41:23.072   974  3605 I global  :  RENO - ObjectDetection.sleeveColorDetect(ObjectDetection.java:125): Start Opcv process to detect sleeve color.
12-24 15:41:23.074   974  3605 I global  :  RENO - ObjectDetection.sleeveColorDetect(ObjectDetection.java:132): Sleeve max color = 0.00, 0.00, 0.00
12-24 15:41:23.075   974  3605 I global  :  RENO - ObjectDetection.sleeveColorDetect(ObjectDetection.java:151): Sleeve position: UNKNOWN
12-24 15:41:23.138   974  3605 I global  :  RENO - ObjectDetection.sleeveColorDetect(ObjectDetection.java:125): Start Opcv process to detect sleeve color.
12-24 15:41:23.140   974  3605 I global  :  RENO - ObjectDetection.sleeveColorDetect(ObjectDetection.java:132): Sleeve max color = 0.00, 0.00, 0.00
12-24 15:41:23.141   974  3605 I global  :  RENO - ObjectDetection.sleeveColorDetect(ObjectDetection.java:151): Sleeve position: UNKNOWN
12-24 15:41:23.176   974  3597 I global  :  RENO - ChassisWith4Motors.init(ChassisWith4Motors.java:171): imu calib status
12-24 15:41:23.177   974  3597 I I2C     : Automatically initializing I2C device Rev2mDistanceSensor (USB (embedded); module 173; bus 1; addr7=0x29)
12-24 15:41:23.177   974  3597 D STMicroVL53L0X: : Checking to see if it's really a VL53L0X sensor...
12-24 15:41:23.180   974  3597 D STMicroVL53L0X: : Reg 0xC0 = ee (should be 0xEE)
12-24 15:41:23.182   974  3597 D STMicroVL53L0X: : Reg 0xC1 = aa (should be 0xAA)
12-24 15:41:23.185   974  3597 D STMicroVL53L0X: : Reg 0xC2 = 10 (should be 0x10)
12-24 15:41:23.188   974  3597 D STMicroVL53L0X: : Reg 0x51 = 0 (should be 0x0099)
12-24 15:41:23.190   974  3597 D STMicroVL53L0X: : Reg 0x61 = 0 (should be 0x0000)
12-24 15:41:23.201   974  3605 I global  :  RENO - ObjectDetection.sleeveColorDetect(ObjectDetection.java:125): Start Opcv process to detect sleeve color.
12-24 15:41:23.203   974  3605 I global  :  RENO - ObjectDetection.sleeveColorDetect(ObjectDetection.java:132): Sleeve max color = 0.00, 0.00, 0.00
12-24 15:41:23.204   974  3605 I global  :  RENO - ObjectDetection.sleeveColorDetect(ObjectDetection.java:151): Sleeve position: UNKNOWN
12-24 15:41:23.210   974  3597 D STMicroVL53L0X: : initial sig rate lim (MCPS) 0.250000
12-24 15:41:23.216   974  3597 D STMicroVL53L0X: : adjusted sig rate lim (MCPS) 0.250000
12-24 15:41:23.269   974  3605 I global  :  RENO - ObjectDetection.sleeveColorDetect(ObjectDetection.java:125): Start Opcv process to detect sleeve color.
12-24 15:41:23.271   974  3605 I global  :  RENO - ObjectDetection.sleeveColorDetect(ObjectDetection.java:132): Sleeve max color = 0.00, 0.00, 0.00
12-24 15:41:23.272   974  3605 I global  :  RENO - ObjectDetection.sleeveColorDetect(ObjectDetection.java:151): Sleeve position: UNKNOWN
12-24 15:41:23.338   974  3605 I global  :  RENO - ObjectDetection.sleeveColorDetect(ObjectDetection.java:125): Start Opcv process to detect sleeve color.
12-24 15:41:23.340   974  3605 I global  :  RENO - ObjectDetection.sleeveColorDetect(ObjectDetection.java:132): Sleeve max color = 0.00, 0.00, 0.00
12-24 15:41:23.341   974  3605 I global  :  RENO - ObjectDetection.sleeveColorDetect(ObjectDetection.java:151): Sleeve position: UNKNOWN
12-24 15:41:23.403   974  3605 I global  :  RENO - ObjectDetection.sleeveColorDetect(ObjectDetection.java:125): Start Opcv process to detect sleeve color.
12-24 15:41:23.404   974  3605 I global  :  RENO - ObjectDetection.sleeveColorDetect(ObjectDetection.java:132): Sleeve max color = 0.00, 0.00, 0.00
12-24 15:41:23.405   974  3605 I global  :  RENO - ObjectDetection.sleeveColorDetect(ObjectDetection.java:151): Sleeve position: UNKNOWN
12-24 15:41:23.448   974  3597 I I2C     : Automatically initializing I2C device RevColorSensorV3 (USB (embedded); module 173; bus 2; addr7=0x52)
12-24 15:41:23.448   974  3597 V BroadcomColorSensorImpl: internalInitialize()...
12-24 15:41:23.455   974  3597 V BroadcomColorSensorImpl: state: 07 37 20 1d 42 01 c2 
12-24 15:41:23.455   974  3597 V BroadcomColorSensorImpl: setGain(0x01)
12-24 15:41:23.458   974  3597 V BroadcomColorSensorImpl: setLEDParameters(0x37)
12-24 15:41:23.461   974  3597 V BroadcomColorSensorImpl: setProximityPulseCount(0x20)
12-24 15:41:23.464   974  3597 V BroadcomColorSensorImpl: setPSMeasRate(0x1d)
12-24 15:41:23.467   974  3597 V BroadcomColorSensorImpl: setLSMeasRate(0x42)
12-24 15:41:23.470   974  3605 I global  :  RENO - ObjectDetection.sleeveColorDetect(ObjectDetection.java:125): Start Opcv process to detect sleeve color.
12-24 15:41:23.471   974  3605 I global  :  RENO - ObjectDetection.sleeveColorDetect(ObjectDetection.java:132): Sleeve max color = 0.00, 0.00, 0.00
12-24 15:41:23.473   974  3605 I global  :  RENO - ObjectDetection.sleeveColorDetect(ObjectDetection.java:151): Sleeve position: UNKNOWN
12-24 15:41:23.473   974  3597 V BroadcomColorSensorImpl: enable() enabled=0x07...
12-24 15:41:23.478   974  3597 V BroadcomColorSensorImpl: ...enable() enabled=0x07
12-24 15:41:23.484   974  3597 V BroadcomColorSensorImpl: state: 07 37 20 1d 42 01 c2 
12-24 15:41:23.484   974  3597 V BroadcomColorSensorImpl: ...internalInitialize()
12-24 15:41:23.485   974  3597 I global  :  RENO - ArmClawUnit.init(ArmClawUnit.java:75): init servo motors for arm and claw.
12-24 15:41:23.537   974  3605 I global  :  RENO - ObjectDetection.sleeveColorDetect(ObjectDetection.java:125): Start Opcv process to detect sleeve color.
12-24 15:41:23.538   974  3605 I global  :  RENO - ObjectDetection.sleeveColorDetect(ObjectDetection.java:132): Sleeve max color = 0.00, 0.00, 0.00
12-24 15:41:23.539   974  3605 I global  :  RENO - ObjectDetection.sleeveColorDetect(ObjectDetection.java:151): Sleeve position: UNKNOWN
12-24 15:41:23.605   974  3605 I global  :  RENO - ObjectDetection.sleeveColorDetect(ObjectDetection.java:125): Start Opcv process to detect sleeve color.
12-24 15:41:23.607   974  3605 I global  :  RENO - ObjectDetection.sleeveColorDetect(ObjectDetection.java:132): Sleeve max color = 0.00, 0.00, 0.00
12-24 15:41:23.608   974  3605 I global  :  RENO - ObjectDetection.sleeveColorDetect(ObjectDetection.java:151): Sleeve position: UNKNOWN
12-24 15:41:23.669   974  3605 I global  :  RENO - ObjectDetection.sleeveColorDetect(ObjectDetection.java:125): Start Opcv process to detect sleeve color.
12-24 15:41:23.670   974  3605 I global  :  RENO - ObjectDetection.sleeveColorDetect(ObjectDetection.java:132): Sleeve max color = 0.00, 0.00, 0.00
12-24 15:41:23.671   974  3605 I global  :  RENO - ObjectDetection.sleeveColorDetect(ObjectDetection.java:151): Sleeve position: UNKNOWN
12-24 15:41:23.737   974  3605 I global  :  RENO - ObjectDetection.sleeveColorDetect(ObjectDetection.java:125): Start Opcv process to detect sleeve color.
12-24 15:41:23.738   974  3605 I global  :  RENO - ObjectDetection.sleeveColorDetect(ObjectDetection.java:132): Sleeve max color = 0.00, 0.00, 0.00
12-24 15:41:23.739   974  3605 I global  :  RENO - ObjectDetection.sleeveColorDetect(ObjectDetection.java:151): Sleeve position: UNKNOWN
12-24 15:41:23.805   974  3605 I global  :  RENO - ObjectDetection.sleeveColorDetect(ObjectDetection.java:125): Start Opcv process to detect sleeve color.
12-24 15:41:23.806   974  3605 I global  :  RENO - ObjectDetection.sleeveColorDetect(ObjectDetection.java:132): Sleeve max color = 40103.00, 41816.00, 30023.00
12-24 15:41:23.807   974  3597 I global  :  RENO - AutonomousRight.runOpMode(AutonomousRight.java:166): Parking Lot position: CENTER
12-24 15:41:23.807   974  3605 I global  :  RENO - ObjectDetection.sleeveColorDetect(ObjectDetection.java:151): Sleeve position: CENTER
12-24 15:41:23.870   974  3605 I global  :  RENO - ObjectDetection.sleeveColorDetect(ObjectDetection.java:125): Start Opcv process to detect sleeve color.
12-24 15:41:23.872   974  3605 I global  :  RENO - ObjectDetection.sleeveColorDetect(ObjectDetection.java:132): Sleeve max color = 40109.00, 41630.00, 30459.00
12-24 15:41:23.873   974  3605 I global  :  RENO - ObjectDetection.sleeveColorDetect(ObjectDetection.java:151): Sleeve position: CENTER
12-24 15:41:23.937   974  3605 I global  :  RENO - ObjectDetection.sleeveColorDetect(ObjectDetection.java:125): Start Opcv process to detect sleeve color.
12-24 15:41:23.938   974  3605 I global  :  RENO - ObjectDetection.sleeveColorDetect(ObjectDetection.java:132): Sleeve max color = 40073.00, 41598.00, 30596.00
12-24 15:41:23.939   974  3605 I global  :  RENO - ObjectDetection.sleeveColorDetect(ObjectDetection.java:151): Sleeve position: CENTER
12-24 15:41:24.005   974  3605 I global  :  RENO - ObjectDetection.sleeveColorDetect(ObjectDetection.java:125): Start Opcv process to detect sleeve color.
12-24 15:41:24.006   974  3605 I global  :  RENO - ObjectDetection.sleeveColorDetect(ObjectDetection.java:132): Sleeve max color = 40007.00, 41278.00, 30451.00
12-24 15:41:24.007   974  3605 I global  :  RENO - ObjectDetection.sleeveColorDetect(ObjectDetection.java:151): Sleeve position: CENTER
12-24 15:41:24.073   974  3605 I global  :  RENO - ObjectDetection.sleeveColorDetect(ObjectDetection.java:125): Start Opcv process to detect sleeve color.
12-24 15:41:24.074   974  3605 I global  :  RENO - ObjectDetection.sleeveColorDetect(ObjectDetection.java:132): Sleeve max color = 39957.00, 41517.00, 30774.00
12-24 15:41:24.075   974  3605 I global  :  RENO - ObjectDetection.sleeveColorDetect(ObjectDetection.java:151): Sleeve position: CENTER
12-24 15:41:24.137   974  3605 I global  :  RENO - ObjectDetection.sleeveColorDetect(ObjectDetection.java:125): Start Opcv process to detect sleeve color.
12-24 15:41:24.138   974  3605 I global  :  RENO - ObjectDetection.sleeveColorDetect(ObjectDetection.java:132): Sleeve max color = 40231.00, 41562.00, 31020.00
12-24 15:41:24.139   974  3605 I global  :  RENO - ObjectDetection.sleeveColorDetect(ObjectDetection.java:151): Sleeve position: CENTER
12-24 15:41:24.205   974  3605 I global  :  RENO - ObjectDetection.sleeveColorDetect(ObjectDetection.java:125): Start Opcv process to detect sleeve color.
12-24 15:41:24.206   974  3605 I global  :  RENO - ObjectDetection.sleeveColorDetect(ObjectDetection.java:132): Sleeve max color = 41474.00, 41589.00, 30064.00
12-24 15:41:24.207   974  3605 I global  :  RENO - ObjectDetection.sleeveColorDetect(ObjectDetection.java:151): Sleeve position: CENTER
12-24 15:41:24.273   974  3605 I global  :  RENO - ObjectDetection.sleeveColorDetect(ObjectDetection.java:125): Start Opcv process to detect sleeve color.
12-24 15:41:24.274   974  3605 I global  :  RENO - ObjectDetection.sleeveColorDetect(ObjectDetection.java:132): Sleeve max color = 42020.00, 41138.00, 31347.00
12-24 15:41:24.275   974  3605 I global  :  RENO - ObjectDetection.sleeveColorDetect(ObjectDetection.java:151): Sleeve position: LEFT
12-24 15:41:24.341   974  3605 I global  :  RENO - ObjectDetection.sleeveColorDetect(ObjectDetection.java:125): Start Opcv process to detect sleeve color.
12-24 15:41:24.342   974  3605 I global  :  RENO - ObjectDetection.sleeveColorDetect(ObjectDetection.java:132): Sleeve max color = 41623.00, 41466.00, 30603.00
12-24 15:41:24.343   974  3605 I global  :  RENO - ObjectDetection.sleeveColorDetect(ObjectDetection.java:151): Sleeve position: LEFT
12-24 15:41:24.406   974  3605 I global  :  RENO - ObjectDetection.sleeveColorDetect(ObjectDetection.java:125): Start Opcv process to detect sleeve color.
12-24 15:41:24.407   974  3605 I global  :  RENO - ObjectDetection.sleeveColorDetect(ObjectDetection.java:132): Sleeve max color = 41375.00, 41166.00, 31598.00
12-24 15:41:24.408   974  3605 I global  :  RENO - ObjectDetection.sleeveColorDetect(ObjectDetection.java:151): Sleeve position: LEFT
12-24 15:41:24.473   974  3605 I global  :  RENO - ObjectDetection.sleeveColorDetect(ObjectDetection.java:125): Start Opcv process to detect sleeve color.
12-24 15:41:24.474   974  3605 I global  :  RENO - ObjectDetection.sleeveColorDetect(ObjectDetection.java:132): Sleeve max color = 41516.00, 40971.00, 31095.00
12-24 15:41:24.475   974  3605 I global  :  RENO - ObjectDetection.sleeveColorDetect(ObjectDetection.java:151): Sleeve position: LEFT
12-24 15:41:24.541   974  3605 I global  :  RENO - ObjectDetection.sleeveColorDetect(ObjectDetection.java:125): Start Opcv process to detect sleeve color.
12-24 15:41:24.542   974  3605 I global  :  RENO - ObjectDetection.sleeveColorDetect(ObjectDetection.java:132): Sleeve max color = 41574.00, 40750.00, 31588.00
12-24 15:41:24.543   974  3605 I global  :  RENO - ObjectDetection.sleeveColorDetect(ObjectDetection.java:151): Sleeve position: LEFT
12-24 15:41:24.605   974  3605 I global  :  RENO - ObjectDetection.sleeveColorDetect(ObjectDetection.java:125): Start Opcv process to detect sleeve color.
12-24 15:41:24.606   974  3605 I global  :  RENO - ObjectDetection.sleeveColorDetect(ObjectDetection.java:132): Sleeve max color = 41464.00, 40700.00, 31327.00
12-24 15:41:24.607   974  3605 I global  :  RENO - ObjectDetection.sleeveColorDetect(ObjectDetection.java:151): Sleeve position: LEFT
12-24 15:41:24.673   974  3605 I global  :  RENO - ObjectDetection.sleeveColorDetect(ObjectDetection.java:125): Start Opcv process to detect sleeve color.
12-24 15:41:24.674   974  3605 I global  :  RENO - ObjectDetection.sleeveColorDetect(ObjectDetection.java:132): Sleeve max color = 41678.00, 40584.00, 29829.00
12-24 15:41:24.675   974  3605 I global  :  RENO - ObjectDetection.sleeveColorDetect(ObjectDetection.java:151): Sleeve position: LEFT
12-24 15:41:24.741   974  3605 I global  :  RENO - ObjectDetection.sleeveColorDetect(ObjectDetection.java:125): Start Opcv process to detect sleeve color.
12-24 15:41:24.742   974  3605 I global  :  RENO - ObjectDetection.sleeveColorDetect(ObjectDetection.java:132): Sleeve max color = 41049.00, 40648.00, 29646.00
12-24 15:41:24.743   974  3605 I global  :  RENO - ObjectDetection.sleeveColorDetect(ObjectDetection.java:151): Sleeve position: LEFT
12-24 15:41:24.809   974  3605 I global  :  RENO - ObjectDetection.sleeveColorDetect(ObjectDetection.java:125): Start Opcv process to detect sleeve color.
12-24 15:41:24.810   974  3605 I global  :  RENO - ObjectDetection.sleeveColorDetect(ObjectDetection.java:132): Sleeve max color = 41466.00, 40527.00, 29805.00
12-24 15:41:24.811   974  3605 I global  :  RENO - ObjectDetection.sleeveColorDetect(ObjectDetection.java:151): Sleeve position: LEFT
12-24 15:41:24.873   974  3605 I global  :  RENO - ObjectDetection.sleeveColorDetect(ObjectDetection.java:125): Start Opcv process to detect sleeve color.
12-24 15:41:24.874   974  3605 I global  :  RENO - ObjectDetection.sleeveColorDetect(ObjectDetection.java:132): Sleeve max color = 41175.00, 40778.00, 29269.00
12-24 15:41:24.875   974  3605 I global  :  RENO - ObjectDetection.sleeveColorDetect(ObjectDetection.java:151): Sleeve position: LEFT
12-24 15:41:24.943   974  3605 I global  :  RENO - ObjectDetection.sleeveColorDetect(ObjectDetection.java:125): Start Opcv process to detect sleeve color.
12-24 15:41:24.944   974  3605 I global  :  RENO - ObjectDetection.sleeveColorDetect(ObjectDetection.java:132): Sleeve max color = 41079.00, 40387.00, 29336.00
12-24 15:41:24.945   974  3605 I global  :  RENO - ObjectDetection.sleeveColorDetect(ObjectDetection.java:151): Sleeve position: LEFT
12-24 15:41:25.009   974  3605 I global  :  RENO - ObjectDetection.sleeveColorDetect(ObjectDetection.java:125): Start Opcv process to detect sleeve color.
12-24 15:41:25.010   974  3605 I global  :  RENO - ObjectDetection.sleeveColorDetect(ObjectDetection.java:132): Sleeve max color = 40958.00, 40200.00, 30039.00
12-24 15:41:25.011   974  3605 I global  :  RENO - ObjectDetection.sleeveColorDetect(ObjectDetection.java:151): Sleeve position: LEFT
12-24 15:41:25.073   974  3605 I global  :  RENO - ObjectDetection.sleeveColorDetect(ObjectDetection.java:125): Start Opcv process to detect sleeve color.
12-24 15:41:25.074   974  3605 I global  :  RENO - ObjectDetection.sleeveColorDetect(ObjectDetection.java:132): Sleeve max color = 40988.00, 40518.00, 29595.00
12-24 15:41:25.075   974  3605 I global  :  RENO - ObjectDetection.sleeveColorDetect(ObjectDetection.java:151): Sleeve position: LEFT
12-24 15:41:25.141   974  3605 I global  :  RENO - ObjectDetection.sleeveColorDetect(ObjectDetection.java:125): Start Opcv process to detect sleeve color.
12-24 15:41:25.142   974  3605 I global  :  RENO - ObjectDetection.sleeveColorDetect(ObjectDetection.java:132): Sleeve max color = 40810.00, 40349.00, 29268.00
12-24 15:41:25.143   974  3605 I global  :  RENO - ObjectDetection.sleeveColorDetect(ObjectDetection.java:151): Sleeve position: LEFT
12-24 15:41:25.210   974  3605 I global  :  RENO - ObjectDetection.sleeveColorDetect(ObjectDetection.java:125): Start Opcv process to detect sleeve color.
12-24 15:41:25.211   974  3605 I global  :  RENO - ObjectDetection.sleeveColorDetect(ObjectDetection.java:132): Sleeve max color = 40807.00, 40775.00, 29019.00
12-24 15:41:25.212   974  3605 I global  :  RENO - ObjectDetection.sleeveColorDetect(ObjectDetection.java:151): Sleeve position: LEFT
12-24 15:41:25.277   974  3605 I global  :  RENO - ObjectDetection.sleeveColorDetect(ObjectDetection.java:125): Start Opcv process to detect sleeve color.
12-24 15:41:25.279   974  3605 I global  :  RENO - ObjectDetection.sleeveColorDetect(ObjectDetection.java:132): Sleeve max color = 40799.00, 41066.00, 29803.00
12-24 15:41:25.280   974  3605 I global  :  RENO - ObjectDetection.sleeveColorDetect(ObjectDetection.java:151): Sleeve position: CENTER
12-24 15:41:25.341   974  3605 I global  :  RENO - ObjectDetection.sleeveColorDetect(ObjectDetection.java:125): Start Opcv process to detect sleeve color.
12-24 15:41:25.343   974  3605 I global  :  RENO - ObjectDetection.sleeveColorDetect(ObjectDetection.java:132): Sleeve max color = 40764.00, 41288.00, 29149.00
12-24 15:41:25.344   974  3605 I global  :  RENO - ObjectDetection.sleeveColorDetect(ObjectDetection.java:151): Sleeve position: CENTER
12-24 15:41:25.410   974  3605 I global  :  RENO - ObjectDetection.sleeveColorDetect(ObjectDetection.java:125): Start Opcv process to detect sleeve color.
12-24 15:41:25.411   974  3605 I global  :  RENO - ObjectDetection.sleeveColorDetect(ObjectDetection.java:132): Sleeve max color = 40874.00, 40881.00, 29908.00
12-24 15:41:25.412   974  3605 I global  :  RENO - ObjectDetection.sleeveColorDetect(ObjectDetection.java:151): Sleeve position: CENTER
12-24 15:41:25.477   974  3605 I global  :  RENO - ObjectDetection.sleeveColorDetect(ObjectDetection.java:125): Start Opcv process to detect sleeve color.
12-24 15:41:25.478   974  3605 I global  :  RENO - ObjectDetection.sleeveColorDetect(ObjectDetection.java:132): Sleeve max color = 40865.00, 41221.00, 29492.00
12-24 15:41:25.479   974  3605 I global  :  RENO - ObjectDetection.sleeveColorDetect(ObjectDetection.java:151): Sleeve position: CENTER
12-24 15:41:25.549   974  3605 I global  :  RENO - ObjectDetection.sleeveColorDetect(ObjectDetection.java:125): Start Opcv process to detect sleeve color.
12-24 15:41:25.550   974  3605 I global  :  RENO - ObjectDetection.sleeveColorDetect(ObjectDetection.java:132): Sleeve max color = 41042.00, 40886.00, 29304.00
12-24 15:41:25.551   974  3605 I global  :  RENO - ObjectDetection.sleeveColorDetect(ObjectDetection.java:151): Sleeve position: LEFT
12-24 15:41:25.609   974  3605 I global  :  RENO - ObjectDetection.sleeveColorDetect(ObjectDetection.java:125): Start Opcv process to detect sleeve color.
12-24 15:41:25.611   974  3605 I global  :  RENO - ObjectDetection.sleeveColorDetect(ObjectDetection.java:132): Sleeve max color = 40869.00, 41213.00, 29291.00
12-24 15:41:25.612   974  3605 I global  :  RENO - ObjectDetection.sleeveColorDetect(ObjectDetection.java:151): Sleeve position: CENTER
12-24 15:41:25.677   974  3605 I global  :  RENO - ObjectDetection.sleeveColorDetect(ObjectDetection.java:125): Start Opcv process to detect sleeve color.
12-24 15:41:25.678   974  3605 I global  :  RENO - ObjectDetection.sleeveColorDetect(ObjectDetection.java:132): Sleeve max color = 40768.00, 41304.00, 29384.00
12-24 15:41:25.679   974  3605 I global  :  RENO - ObjectDetection.sleeveColorDetect(ObjectDetection.java:151): Sleeve position: CENTER
12-24 15:41:25.745   974  3605 I global  :  RENO - ObjectDetection.sleeveColorDetect(ObjectDetection.java:125): Start Opcv process to detect sleeve color.
12-24 15:41:25.746   974  3605 I global  :  RENO - ObjectDetection.sleeveColorDetect(ObjectDetection.java:132): Sleeve max color = 40627.00, 41216.00, 29414.00
12-24 15:41:25.747   974  3605 I global  :  RENO - ObjectDetection.sleeveColorDetect(ObjectDetection.java:151): Sleeve position: CENTER
12-24 15:41:25.809   974  3605 I global  :  RENO - ObjectDetection.sleeveColorDetect(ObjectDetection.java:125): Start Opcv process to detect sleeve color.
12-24 15:41:25.810   974  3605 I global  :  RENO - ObjectDetection.sleeveColorDetect(ObjectDetection.java:132): Sleeve max color = 40595.00, 41047.00, 29389.00
12-24 15:41:25.811   974  3605 I global  :  RENO - ObjectDetection.sleeveColorDetect(ObjectDetection.java:151): Sleeve position: CENTER
12-24 15:41:25.877   974  3605 I global  :  RENO - ObjectDetection.sleeveColorDetect(ObjectDetection.java:125): Start Opcv process to detect sleeve color.
12-24 15:41:25.879   974  3605 I global  :  RENO - ObjectDetection.sleeveColorDetect(ObjectDetection.java:132): Sleeve max color = 41108.00, 40933.00, 29209.00
12-24 15:41:25.880   974  3605 I global  :  RENO - ObjectDetection.sleeveColorDetect(ObjectDetection.java:151): Sleeve position: LEFT
12-24 15:41:25.945   974  3605 I global  :  RENO - ObjectDetection.sleeveColorDetect(ObjectDetection.java:125): Start Opcv process to detect sleeve color.
12-24 15:41:25.946   974  3605 I global  :  RENO - ObjectDetection.sleeveColorDetect(ObjectDetection.java:132): Sleeve max color = 40793.00, 41215.00, 29566.00
12-24 15:41:25.947   974  3605 I global  :  RENO - ObjectDetection.sleeveColorDetect(ObjectDetection.java:151): Sleeve position: CENTER
12-24 15:41:26.013   974  3605 I global  :  RENO - ObjectDetection.sleeveColorDetect(ObjectDetection.java:125): Start Opcv process to detect sleeve color.
12-24 15:41:26.014   974  3605 I global  :  RENO - ObjectDetection.sleeveColorDetect(ObjectDetection.java:132): Sleeve max color = 40985.00, 41266.00, 29284.00
12-24 15:41:26.015   974  3605 I global  :  RENO - ObjectDetection.sleeveColorDetect(ObjectDetection.java:151): Sleeve position: CENTER
12-24 15:41:26.077   974  3605 I global  :  RENO - ObjectDetection.sleeveColorDetect(ObjectDetection.java:125): Start Opcv process to detect sleeve color.
12-24 15:41:26.078   974  3605 I global  :  RENO - ObjectDetection.sleeveColorDetect(ObjectDetection.java:132): Sleeve max color = 40567.00, 41458.00, 28958.00
12-24 15:41:26.079   974  3605 I global  :  RENO - ObjectDetection.sleeveColorDetect(ObjectDetection.java:151): Sleeve position: CENTER
12-24 15:41:26.146   974  3605 I global  :  RENO - ObjectDetection.sleeveColorDetect(ObjectDetection.java:125): Start Opcv process to detect sleeve color.
12-24 15:41:26.147   974  3605 I global  :  RENO - ObjectDetection.sleeveColorDetect(ObjectDetection.java:132): Sleeve max color = 40970.00, 41410.00, 29048.00
12-24 15:41:26.148   974  3605 I global  :  RENO - ObjectDetection.sleeveColorDetect(ObjectDetection.java:151): Sleeve position: CENTER
12-24 15:41:26.213   974  3605 I global  :  RENO - ObjectDetection.sleeveColorDetect(ObjectDetection.java:125): Start Opcv process to detect sleeve color.
12-24 15:41:26.214   974  3605 I global  :  RENO - ObjectDetection.sleeveColorDetect(ObjectDetection.java:132): Sleeve max color = 40951.00, 41296.00, 29787.00
12-24 15:41:26.215   974  3605 I global  :  RENO - ObjectDetection.sleeveColorDetect(ObjectDetection.java:151): Sleeve position: CENTER
12-24 15:41:26.277   974  3605 I global  :  RENO - ObjectDetection.sleeveColorDetect(ObjectDetection.java:125): Start Opcv process to detect sleeve color.
12-24 15:41:26.278   974  3605 I global  :  RENO - ObjectDetection.sleeveColorDetect(ObjectDetection.java:132): Sleeve max color = 40954.00, 41353.00, 29474.00
12-24 15:41:26.279   974  3605 I global  :  RENO - ObjectDetection.sleeveColorDetect(ObjectDetection.java:151): Sleeve position: CENTER
12-24 15:41:26.345   974  3605 I global  :  RENO - ObjectDetection.sleeveColorDetect(ObjectDetection.java:125): Start Opcv process to detect sleeve color.
12-24 15:41:26.346   974  3605 I global  :  RENO - ObjectDetection.sleeveColorDetect(ObjectDetection.java:132): Sleeve max color = 41404.00, 41374.00, 29057.00
12-24 15:41:26.346   974  1167 V Robocol : received command: CMD_RUN_OP_MODE(20343) Autonomous V2 Right
12-24 15:41:26.348   974  3605 I global  :  RENO - ObjectDetection.sleeveColorDetect(ObjectDetection.java:151): Sleeve position: LEFT
12-24 15:41:26.355   974  3597 I System.out: stopRecordingPipeline()
12-24 15:41:26.355   974  3597 I System.out: ...stopRecordingPipeline()
12-24 15:41:26.356   974  3597 D UsbResiliantWebcam|DelCaptureSession: stopCapture()...
12-24 15:41:26.357   974  3597 D UsbResiliantWebcam|DelCaptureSequence: undoStreaming()...
12-24 15:41:26.357   974  3597 D UvcApiCaptureSession: stopCapture()...
12-24 15:41:26.357   974  3597 D Uvc     : [jni_streamhandle.cpp:184] Java_org_firstinspires_ftc_robotcore_internal_camera_libuvc_nativeobject_UvcStreamHandle_nativeStopStreaming()...
12-24 15:41:26.357   974  3597 V Uvc     : API: Java_org_firstinspires_ftc_robotcore_internal_camera_libuvc_nativeobject_UvcStreamHandle_nativeStopStreaming: enter...
12-24 15:41:26.357   974  3597 D Uvc     : [stream.cpp:1514] uvc_stream_stop()...
12-24 15:41:26.357   974  3597 D UvcStream: [stream.cpp:1542] cancelling extant transfers
12-24 15:41:26.362   974   974 D OpenCvViewport: surfaceDestroyed()
12-24 15:41:26.362   974   974 D OpenCvViewport: CheckState(): lifecycle mandates deactivation regardless of user
12-24 15:41:26.362   974   974 D OpenCvViewport: CheckState(): deactivating viewport
12-24 15:41:26.362   974  3604 W System.err: java.lang.InterruptedException
12-24 15:41:26.363   974  3604 W System.err: 	at java.lang.Object.wait(Native Method)
12-24 15:41:26.363   974  3604 W System.err: 	at org.firstinspires.ftc.robotcore.internal.collections.EvictingBlockingQueue.take(EvictingBlockingQueue.java:143)
12-24 15:41:26.363   974  3604 W System.err: 	at org.openftc.easyopencv.OpenCvViewport$RenderThread.run(OpenCvViewport.java:554)
12-24 15:41:26.363   974  3604 D OpenCvViewportRenderThread: About to exit
12-24 15:41:26.363   974   974 D OpenCvViewport: ...surfaceDestroyed()
12-24 15:41:26.392   974  1170 V Robocol : sending CMD_NOTIFY_RUN_OP_MODE(10421), attempt: 0
12-24 15:41:26.395   974  3597 D Uvc     : [stream.cpp:1471] (waitForAllTransfers(waiting for cancelled transfers))...
12-24 15:41:26.397   974  3597 D UvcStream: [stream.cpp:1485] no extant active transfers: continuing
12-24 15:41:26.397   974  3597 D Uvc     : [stream.cpp:1471] ...()
12-24 15:41:26.397   974  3597 D Uvc     : [stream.cpp:1189] uvc_stream_handle::stopIsochronousStreaming()...
12-24 15:41:26.397   974  3597 D Uvc     : [libuvc/libuvc_internal.h:825] uvc_device_handle::setInterfaceAltSetting(setInterfaceAltSetting(intf=1 alt=0))...
12-24 15:41:26.397   974  3597 D UvcDevice: setInterfaceAltSetting(1,0)
12-24 15:41:26.398   974  3597 D UvcDevice: setInterfaceAltSetting(1,0) succeeded
12-24 15:41:26.398   974  3597 D Uvc     : [libuvc/libuvc_internal.h:825] ...uvc_device_handle::setInterfaceAltSetting() rc=0
12-24 15:41:26.398   974  3597 D Uvc     : [stream.cpp:1189] ...uvc_stream_handle::stopIsochronousStreaming() rc=0
12-24 15:41:26.398   974  3597 D UvcStream: [stream.cpp:1558] awakening user thread
12-24 15:41:26.398   974  3597 D UvcStream: [stream.cpp:1567] waiting for user callback thread to finish
12-24 15:41:26.398   974  3605 D UvcStream: [stream.cpp:1329] user callback thread stopped
12-24 15:41:26.398   974  3597 D Uvc     : [stream.cpp:1514] ...uvc_stream_stop() rc=0
12-24 15:41:26.398   974  3597 V Uvc     : API: Java_org_firstinspires_ftc_robotcore_internal_camera_libuvc_nativeobject_UvcStreamHandle_nativeStopStreaming: ...exit
12-24 15:41:26.398   974  3597 D Uvc     : [jni_streamhandle.cpp:184] ...Java_org_firstinspires_ftc_robotcore_internal_camera_libuvc_nativeobject_UvcStreamHandle_nativeStopStreaming()
12-24 15:41:26.399   974  3597 V UvcFrameCallback: destroy(hash=0x0a388d9e)
12-24 15:41:26.399   974  3597 V UvcFrameCallbackData: destroy(pointer=0xc701b598)
12-24 15:41:26.399   974  3597 V Uvc     : API: Java_org_firstinspires_ftc_robotcore_internal_camera_libuvc_nativeobject_UvcFrameCallback_nativeReleaseCallbackState: enter...
12-24 15:41:26.399   974  3597 V Uvc     : API: Java_org_firstinspires_ftc_robotcore_internal_camera_libuvc_nativeobject_UvcFrameCallback_nativeReleaseCallbackState: ...exit
12-24 15:41:26.400   974  3597 V UvcStreamHandle: destroy(pointer=0xd0426ba0)
12-24 15:41:26.400   974  3597 D Uvc     : [jni_streamhandle.cpp:184] Java_org_firstinspires_ftc_robotcore_internal_camera_libuvc_nativeobject_UvcStreamHandle_nativeStopStreaming()...
12-24 15:41:26.400   974  3597 V Uvc     : API: Java_org_firstinspires_ftc_robotcore_internal_camera_libuvc_nativeobject_UvcStreamHandle_nativeStopStreaming: enter...
12-24 15:41:26.400   974  3597 D Uvc     : [stream.cpp:1514] uvc_stream_stop()...
12-24 15:41:26.400   974  3597 D Uvc     : [stream.cpp:1514] ...uvc_stream_stop() rc=0
12-24 15:41:26.400   974  3597 V Uvc     : API: Java_org_firstinspires_ftc_robotcore_internal_camera_libuvc_nativeobject_UvcStreamHandle_nativeStopStreaming: ...exit
12-24 15:41:26.400   974  3597 D Uvc     : [jni_streamhandle.cpp:184] ...Java_org_firstinspires_ftc_robotcore_internal_camera_libuvc_nativeobject_UvcStreamHandle_nativeStopStreaming()
12-24 15:41:26.400   974  3597 D Uvc     : [jni_streamhandle.cpp:200] Java_org_firstinspires_ftc_robotcore_internal_camera_libuvc_nativeobject_UvcStreamHandle_nativeCloseStreamHandle()...
12-24 15:41:26.400   974  3597 V Uvc     : API: Java_org_firstinspires_ftc_robotcore_internal_camera_libuvc_nativeobject_UvcStreamHandle_nativeCloseStreamHandle: enter...
12-24 15:41:26.400   974  3597 D Uvc     : [stream.cpp:1584] uvc_stream_close()...
12-24 15:41:26.400   974  3597 D Uvc     : [streamhandle.cpp:45] uvc_stream_handle::~uvc_stream_handle()...
12-24 15:41:26.400   974  3597 D Uvc     : [streamhandle.cpp:66] uvc_stream_handle::releaseInterface()...
12-24 15:41:26.400   974  3597 D Uvc     : [libuvc/libuvc_internal.h:793] uvc_device_handle::releaseInterface()...
12-24 15:41:26.400   974  3597 D UvcDevice: releaseInterface(1)
12-24 15:41:26.401   974  3597 D UvcDevice: releaseInterface(1) succeeded
12-24 15:41:26.401   974  3597 D Uvc     : [libuvc/libuvc_internal.h:793] ...uvc_device_handle::releaseInterface() rc=0
12-24 15:41:26.401   974  3597 D Uvc     : [streamhandle.cpp:66] ...uvc_stream_handle::releaseInterface()
12-24 15:41:26.401   974  3597 D Uvc     : [streamhandle.cpp:45] ...uvc_stream_handle::~uvc_stream_handle()
12-24 15:41:26.401   974  3597 D Uvc     : [stream.cpp:1584] ...uvc_stream_close()
12-24 15:41:26.401   974  3597 V Uvc     : API: Java_org_firstinspires_ftc_robotcore_internal_camera_libuvc_nativeobject_UvcStreamHandle_nativeCloseStreamHandle: ...exit
12-24 15:41:26.401   974  3597 D Uvc     : [jni_streamhandle.cpp:200] ...Java_org_firstinspires_ftc_robotcore_internal_camera_libuvc_nativeobject_UvcStreamHandle_nativeCloseStreamHandle()
12-24 15:41:26.402   974  3597 V UvcApiCameraCaptureSequence: destroy(hash=0x07369a20)
12-24 15:41:26.402   974  1223 D RobotCore: capture sequence DelegatingCaptureSequenceId(1) reports completed: lastFrame=384
12-24 15:41:26.402   974  3597 D UvcApiCaptureSession: ...stopCapture()
12-24 15:41:26.402   974  3597 D UvcApiCaptureSession: doClose()...
12-24 15:41:26.403   974  3597 D UvcApiCaptureSession: ...doClose()
12-24 15:41:26.403   974  3603 D UsbResiliantWebcam|DelCaptureSession: camera session is closed: Webcam(D5386480)
12-24 15:41:26.403   974  3597 D UsbResiliantWebcam|DelCaptureSequence: ...undoStreaming()
12-24 15:41:26.403   974  3603 V UvcApiCaptureSession: destroy(hash=0x059dd523)
12-24 15:41:26.403   974  3603 D UvcApiCaptureSession: destructor...
12-24 15:41:26.404   974  3603 D UvcApiCaptureSession: ...destructor
12-24 15:41:26.404   974  3597 V UsbResiliantWebcam|DelCaptureSequence: destroy(hash=0x06aede52)
12-24 15:41:26.404   974  1223 D RobotCore: capture sequence DelegatingCaptureSequenceId(1) reports completed: lastFrame=384
12-24 15:41:26.405   974  3597 D UsbResiliantWebcam|DelCaptureSession: ...stopCapture()
12-24 15:41:26.406   974  3597 D UsbResiliantWebcam|DelCaptureSession: doClose()...
12-24 15:41:26.406   974  3597 D UsbResiliantWebcam|DelCaptureSession: ...doClose()
12-24 15:41:26.407   974  3597 V UsbResiliantWebcam|DelCaptureSession: destroy(hash=0x0acca2dd)
12-24 15:41:26.407   974  3597 D UsbResiliantWebcam|DelCaptureSession: destructor()...
12-24 15:41:26.407   974  3597 D UsbResiliantWebcam|DelCaptureSession: ...destructor()
12-24 15:41:26.407   974  3597 V CameraImpl: destroy(hash=0x0a71cbc6)
12-24 15:41:26.407   974  3597 D UsbResiliantWebcam: CameraImpl.destructor()...
12-24 15:41:26.407   974  3597 D UsbResiliantWebcam: externalDestructor()...
12-24 15:41:26.408   974  3597 V CameraImpl: destroy(hash=0x0d6d09fa)
12-24 15:41:26.408   974  3603 D CameraManager: camera reports closed: CameraImpl(UsbResiliantWebcam(Webcam(D5386480)))
12-24 15:41:26.408   974  3597 D UvcDeviceHandle: CameraImpl.destructor()...
12-24 15:41:26.408   974  3597 D UvcDeviceHandle: externalDestructor()...
12-24 15:41:26.409   974  3597 D UsbResiliantWebcam: changeDelegatedCamera(CameraImpl(UvcDeviceHandle(pointer=0xc67db450|UvcDevice(/dev/bus/usb/003/004)))->null)...
12-24 15:41:26.409   974  3597 D CachingExposureControl: onCameraChanged(CameraImpl(UvcDeviceHandle(pointer=0xc67db450|UvcDevice(/dev/bus/usb/003/004)))->null)...
12-24 15:41:26.409   974  3597 D CachingExposureControl: ...onCameraChanged(CameraImpl(UvcDeviceHandle(pointer=0xc67db450|UvcDevice(/dev/bus/usb/003/004)))->null)
12-24 15:41:26.410   974  3597 D UsbResiliantWebcam: ...changeDelegatedCamera(CameraImpl(UvcDeviceHandle(pointer=0xc67db450|UvcDevice(/dev/bus/usb/003/004)))->null)
12-24 15:41:26.410   974  3597 D UvcDeviceHandle: ...externalDestructor()
12-24 15:41:26.410   974  3597 V UvcDeviceHandle: destroy(pointer=0xc67db450)
12-24 15:41:26.410   974  3597 D UvcDeviceHandle: destructor...
12-24 15:41:26.410   974  3597 D Uvc     : [jni_devicehandle.cpp:87] Java_org_firstinspires_ftc_robotcore_internal_camera_libuvc_nativeobject_UvcDeviceHandle_nativeReleaseRefDeviceHandle()...
12-24 15:41:26.410   974  3597 V Uvc     : API: Java_org_firstinspires_ftc_robotcore_internal_camera_libuvc_nativeobject_UvcDeviceHandle_nativeReleaseRefDeviceHandle: enter...
12-24 15:41:26.410   974  3597 D Uvc     : [libuvc/libuvc_internal.h:872] uvc_device_handle::~uvc_device_handle()...
12-24 15:41:26.410   974  3597 D Uvc     : [libuvc/libuvc_internal.h:840] uvc_device_handle::deconstruct()...
12-24 15:41:26.410   974  3597 D Uvc     : [libuvc/libuvc_internal.h:751] uvc_device_handle::stop()...
12-24 15:41:26.411   974  3597 D Uvc     : [libuvc/libuvc_internal.h:751] ...uvc_device_handle::stop()
12-24 15:41:26.411   974  3597 D Uvc     : [libuvc/libuvc_internal.h:865] uvc_device_handle::close()...
12-24 15:41:26.411   974  3597 E libusb  : [760.818905] [00000e0d] libusb: error [do_close] Device handle closed while transfer was still being processed, but the device is still connected as far as we know
12-24 15:41:26.411   974  3597 E libusb  : [760.818985] [00000e0d] libusb: error [do_close] A cancellation hasn't even been scheduled on the transfer for which the device is closing
12-24 15:41:26.411   974  3597 D Uvc     : [libuvc/libuvc_internal.h:865] ...uvc_device_handle::close()
12-24 15:41:26.411   974  3597 D Uvc     : [libuvc/libuvc_internal.h:840] ...uvc_device_handle::deconstruct()
12-24 15:41:26.411   974  3597 D Uvc     : [device.cpp:433] uvc_free_device_info()...
12-24 15:41:26.411   974  3597 D Uvc     : [device.cpp:433] ...uvc_free_device_info()
12-24 15:41:26.411   974  3597 D Uvc     : [libuvc/libuvc_internal.h:872] ...uvc_device_handle::~uvc_device_handle()
12-24 15:41:26.411   974  3597 V Uvc     : API: Java_org_firstinspires_ftc_robotcore_internal_camera_libuvc_nativeobject_UvcDeviceHandle_nativeReleaseRefDeviceHandle: ...exit
12-24 15:41:26.411   974  3597 D Uvc     : [jni_devicehandle.cpp:87] ...Java_org_firstinspires_ftc_robotcore_internal_camera_libuvc_nativeobject_UvcDeviceHandle_nativeReleaseRefDeviceHandle()
12-24 15:41:26.412   974  3597 V UvcDevice: destroy(pointer=0xcc27d9e0|/dev/bus/usb/003/004)
12-24 15:41:26.412   974  3597 D UsbDeviceConnectionJNI: close
12-24 15:41:26.412   974  3597 D Uvc     : [jni_device.cpp:126] Java_org_firstinspires_ftc_robotcore_internal_camera_libuvc_nativeobject_UvcDevice_nativeReleaseRefDevice()...
12-24 15:41:26.412   974  3597 V Uvc     : API: Java_org_firstinspires_ftc_robotcore_internal_camera_libuvc_nativeobject_UvcDevice_nativeReleaseRefDevice: enter...
12-24 15:41:26.412   974  3597 D Uvc     : [device.cpp:882] uvc_unref_device()...
12-24 15:41:26.414   974  3597 D Uvc     : [device.cpp:882] ...uvc_unref_device()
12-24 15:41:26.414   974  3597 V Uvc     : API: Java_org_firstinspires_ftc_robotcore_internal_camera_libuvc_nativeobject_UvcDevice_nativeReleaseRefDevice: ...exit
12-24 15:41:26.414   974  3597 D Uvc     : [jni_device.cpp:126] ...Java_org_firstinspires_ftc_robotcore_internal_camera_libuvc_nativeobject_UvcDevice_nativeReleaseRefDevice()
12-24 15:41:26.415   974  3597 V LibUsbDevice: destroy(pointer=0xd042f380)
12-24 15:41:26.415   974  3597 D Uvc     : [jni_libusb_device.cpp:64] Java_org_firstinspires_ftc_robotcore_internal_camera_libuvc_nativeobject_LibUsbDevice_nativeReleaseRefDevice()...
12-24 15:41:26.415   974  3597 D Uvc     : [jni_libusb_device.cpp:64] ...Java_org_firstinspires_ftc_robotcore_internal_camera_libuvc_nativeobject_LibUsbDevice_nativeReleaseRefDevice()
12-24 15:41:26.415   974  3597 D UvcDeviceHandle: ...destructor
12-24 15:41:26.415   974  3597 D UvcDeviceHandle: ...CameraImpl.destructor()
12-24 15:41:26.415   974  3597 D UsbResiliantWebcam: ...externalDestructor()
12-24 15:41:26.415   974  3597 V UsbResiliantWebcam: destroy(hash=0x01e5901c)
12-24 15:41:26.416   974  3597 D UsbResiliantWebcam: destructor()...
12-24 15:41:26.416   974  3597 D UsbResiliantWebcam: ...destructor()
12-24 15:41:26.416   974  3597 D UsbResiliantWebcam: ...CameraImpl.destructor()
12-24 15:41:26.494   974  3597 I global  :  RENO - ChassisWith4Motors.setPowerWithPIDControl(ChassisWith4Motors.java:532): tDistance = 52.30, currLocation = 0.00
12-24 15:41:26.494   974  3597 I global  :  RENO - ChassisWith4Motors.setPowerWithPIDControl(ChassisWith4Motors.java:533): rampUpPower = 0.35, rampDownPower = 0.88
12-24 15:41:26.499   974  3597 I global  :  RENO - ChassisWith4Motors.setPowerWithPIDControl(ChassisWith4Motors.java:539): power = 0.35, correction = -0.00, global angle = 0.063, last angle = 0.06
12-24 15:41:26.513   974  3597 I global  :  RENO - ChassisWith4Motors.setPowerWithPIDControl(ChassisWith4Motors.java:532): tDistance = 52.30, currLocation = 0.11
12-24 15:41:26.514   974  3597 I global  :  RENO - ChassisWith4Motors.setPowerWithPIDControl(ChassisWith4Motors.java:533): rampUpPower = 0.36, rampDownPower = 0.88
12-24 15:41:26.519   974  3597 I global  :  RENO - ChassisWith4Motors.setPowerWithPIDControl(ChassisWith4Motors.java:539): power = 0.36, correction = -0.00, global angle = 0.063, last angle = 0.06
12-24 15:41:26.532   974  3597 I global  :  RENO - ChassisWith4Motors.setPowerWithPIDControl(ChassisWith4Motors.java:532): tDistance = 52.30, currLocation = 0.19
12-24 15:41:26.533   974  3597 I global  :  RENO - ChassisWith4Motors.setPowerWithPIDControl(ChassisWith4Motors.java:533): rampUpPower = 0.36, rampDownPower = 0.88
12-24 15:41:26.538   974  3597 I global  :  RENO - ChassisWith4Motors.setPowerWithPIDControl(ChassisWith4Motors.java:539): power = 0.36, correction = -0.00, global angle = 0.000, last angle = -0.00
12-24 15:41:26.552   974  3597 I global  :  RENO - ChassisWith4Motors.setPowerWithPIDControl(ChassisWith4Motors.java:532): tDistance = 52.30, currLocation = 0.30
12-24 15:41:26.553   974  3597 I global  :  RENO - ChassisWith4Motors.setPowerWithPIDControl(ChassisWith4Motors.java:533): rampUpPower = 0.37, rampDownPower = 0.88
12-24 15:41:26.558   974  3597 I global  :  RENO - ChassisWith4Motors.setPowerWithPIDControl(ChassisWith4Motors.java:539): power = 0.37, correction = 0.00, global angle = 0.063, last angle = 0.06
12-24 15:41:26.571   974  3597 I global  :  RENO - ChassisWith4Motors.setPowerWithPIDControl(ChassisWith4Motors.java:532): tDistance = 52.30, currLocation = 0.39
12-24 15:41:26.572   974  3597 I global  :  RENO - ChassisWith4Motors.setPowerWithPIDControl(ChassisWith4Motors.java:533): rampUpPower = 0.37, rampDownPower = 0.88
12-24 15:41:26.577   974  3597 I global  :  RENO - ChassisWith4Motors.setPowerWithPIDControl(ChassisWith4Motors.java:539): power = 0.37, correction = -0.00, global angle = 0.063, last angle = 0.06
12-24 15:41:26.589   974  3597 I global  :  RENO - ChassisWith4Motors.setPowerWithPIDControl(ChassisWith4Motors.java:532): tDistance = 52.30, currLocation = 0.50
12-24 15:41:26.590   974  3597 I global  :  RENO - ChassisWith4Motors.setPowerWithPIDControl(ChassisWith4Motors.java:533): rampUpPower = 0.38, rampDownPower = 0.88
12-24 15:41:26.596   974  3597 I global  :  RENO - ChassisWith4Motors.setPowerWithPIDControl(ChassisWith4Motors.java:539): power = 0.38, correction = 0.00, global angle = 0.000, last angle = -0.00
12-24 15:41:26.609   974  3597 I global  :  RENO - ChassisWith4Motors.setPowerWithPIDControl(ChassisWith4Motors.java:532): tDistance = 52.30, currLocation = 0.65
12-24 15:41:26.610   974  3597 I global  :  RENO - ChassisWith4Motors.setPowerWithPIDControl(ChassisWith4Motors.java:533): rampUpPower = 0.38, rampDownPower = 0.88
12-24 15:41:26.615   974  3597 I global  :  RENO - ChassisWith4Motors.setPowerWithPIDControl(ChassisWith4Motors.java:539): power = 0.38, correction = 0.00, global angle = -0.063, last angle = -0.06
12-24 15:41:26.629   974  3597 I global  :  RENO - ChassisWith4Motors.setPowerWithPIDControl(ChassisWith4Motors.java:532): tDistance = 52.30, currLocation = 0.80
12-24 15:41:26.630   974  3597 I global  :  RENO - ChassisWith4Motors.setPowerWithPIDControl(ChassisWith4Motors.java:533): rampUpPower = 0.39, rampDownPower = 0.88
12-24 15:41:26.635   974  3597 I global  :  RENO - ChassisWith4Motors.setPowerWithPIDControl(ChassisWith4Motors.java:539): power = 0.39, correction = 0.01, global angle = -0.250, last angle = -0.25
12-24 15:41:26.648   974  3597 I global  :  RENO - ChassisWith4Motors.setPowerWithPIDControl(ChassisWith4Motors.java:532): tDistance = 52.30, currLocation = 0.98
12-24 15:41:26.649   974  3597 I global  :  RENO - ChassisWith4Motors.setPowerWithPIDControl(ChassisWith4Motors.java:533): rampUpPower = 0.40, rampDownPower = 0.88
12-24 15:41:26.654   974  3597 I global  :  RENO - ChassisWith4Motors.setPowerWithPIDControl(ChassisWith4Motors.java:539): power = 0.40, correction = 0.01, global angle = -0.250, last angle = -0.25
12-24 15:41:26.669   974  3597 I global  :  RENO - ChassisWith4Motors.setPowerWithPIDControl(ChassisWith4Motors.java:532): tDistance = 52.30, currLocation = 1.15
12-24 15:41:26.670   974  3597 I global  :  RENO - ChassisWith4Motors.setPowerWithPIDControl(ChassisWith4Motors.java:533): rampUpPower = 0.41, rampDownPower = 0.88
12-24 15:41:26.676   974  3597 I global  :  RENO - ChassisWith4Motors.setPowerWithPIDControl(ChassisWith4Motors.java:539): power = 0.41, correction = 0.01, global angle = -0.188, last angle = -0.19
12-24 15:41:26.687   974  3597 I global  :  RENO - ChassisWith4Motors.setPowerWithPIDControl(ChassisWith4Motors.java:532): tDistance = 52.30, currLocation = 1.38
12-24 15:41:26.688   974  3597 I global  :  RENO - ChassisWith4Motors.setPowerWithPIDControl(ChassisWith4Motors.java:533): rampUpPower = 0.42, rampDownPower = 0.88
12-24 15:41:26.694   974  3597 I global  :  RENO - ChassisWith4Motors.setPowerWithPIDControl(ChassisWith4Motors.java:539): power = 0.42, correction = 0.01, global angle = -0.188, last angle = -0.19
12-24 15:41:26.707   974  3597 I global  :  RENO - ChassisWith4Motors.setPowerWithPIDControl(ChassisWith4Motors.java:532): tDistance = 52.30, currLocation = 1.55
12-24 15:41:26.708   974  3597 I global  :  RENO - ChassisWith4Motors.setPowerWithPIDControl(ChassisWith4Motors.java:533): rampUpPower = 0.43, rampDownPower = 0.88
12-24 15:41:26.713   974  3597 I global  :  RENO - ChassisWith4Motors.setPowerWithPIDControl(ChassisWith4Motors.java:539): power = 0.43, correction = 0.01, global angle = -0.250, last angle = -0.25
12-24 15:41:26.726   974  3597 I global  :  RENO - ChassisWith4Motors.setPowerWithPIDControl(ChassisWith4Motors.java:532): tDistance = 52.30, currLocation = 1.78
12-24 15:41:26.727   974  3597 I global  :  RENO - ChassisWith4Motors.setPowerWithPIDControl(ChassisWith4Motors.java:533): rampUpPower = 0.44, rampDownPower = 0.88
12-24 15:41:26.732   974  3597 I global  :  RENO - ChassisWith4Motors.setPowerWithPIDControl(ChassisWith4Motors.java:539): power = 0.44, correction = 0.01, global angle = -0.188, last angle = -0.19
12-24 15:41:26.746   974  3597 I global  :  RENO - ChassisWith4Motors.setPowerWithPIDControl(ChassisWith4Motors.java:532): tDistance = 52.30, currLocation = 2.01
12-24 15:41:26.748   974  3597 I global  :  RENO - ChassisWith4Motors.setPowerWithPIDControl(ChassisWith4Motors.java:533): rampUpPower = 0.46, rampDownPower = 0.88
12-24 15:41:26.754   974  3597 I global  :  RENO - ChassisWith4Motors.setPowerWithPIDControl(ChassisWith4Motors.java:539): power = 0.46, correction = 0.01, global angle = -0.063, last angle = -0.06
12-24 15:41:26.768   974  3597 I global  :  RENO - ChassisWith4Motors.setPowerWithPIDControl(ChassisWith4Motors.java:532): tDistance = 52.30, currLocation = 2.31
12-24 15:41:26.769   974  3597 I global  :  RENO - ChassisWith4Motors.setPowerWithPIDControl(ChassisWith4Motors.java:533): rampUpPower = 0.47, rampDownPower = 0.88
