11-30 15:54:17.788  4268  5281 I global  :  RENO - ObjectDetection.conePositionDetect(ObjectDetection.java:213): Pixel values(0, 273) = 32542.69
11-30 15:54:17.789  4268  5281 I global  :  RENO - ObjectDetection.conePositionDetect(ObjectDetection.java:213): Pixel values(0, 274) = 32553.20
11-30 15:54:17.790  4268  5281 I global  :  RENO - ObjectDetection.conePositionDetect(ObjectDetection.java:213): Pixel values(0, 275) = 32549.69
11-30 15:54:17.791  4268  5281 I global  :  RENO - ObjectDetection.conePositionDetect(ObjectDetection.java:213): Pixel values(0, 276) = 32539.04
11-30 15:54:17.792  4268  5281 I global  :  RENO - ObjectDetection.conePositionDetect(ObjectDetection.java:213): Pixel values(0, 277) = 32533.76
11-30 15:54:17.793  4268  5281 I global  :  RENO - ObjectDetection.conePositionDetect(ObjectDetection.java:213): Pixel values(0, 278) = 32526.96
11-30 15:54:17.794  4268  5281 I global  :  RENO - ObjectDetection.conePositionDetect(ObjectDetection.java:213): Pixel values(0, 279) = 32508.94
11-30 15:54:17.795  4268  5281 I global  :  RENO - ObjectDetection.conePositionDetect(ObjectDetection.java:213): Pixel values(0, 280) = 32481.32
11-30 15:54:17.796  4268  5281 I global  :  RENO - ObjectDetection.conePositionDetect(ObjectDetection.java:213): Pixel values(0, 281) = 32429.27
11-30 15:54:17.796  4268  5274 I global  :  RENO - ChassisWith4Motors.setPowerWithPIDControl(ChassisWith4Motors.java:479): tDistance = -7.50, currLocation = 0.51
11-30 15:54:17.797  4268  5281 I global  :  RENO - ObjectDetection.conePositionDetect(ObjectDetection.java:213): Pixel values(0, 282) = 32332.00
11-30 15:54:17.797  4268  5274 I global  :  RENO - ChassisWith4Motors.setPowerWithPIDControl(ChassisWith4Motors.java:480): rampUpPower = 0.38, rampDownPower = 0.32
11-30 15:54:17.798  4268  5281 I global  :  RENO - ObjectDetection.conePositionDetect(ObjectDetection.java:213): Pixel values(0, 283) = 32213.50
11-30 15:54:17.799  4268  5281 I global  :  RENO - ObjectDetection.conePositionDetect(ObjectDetection.java:213): Pixel values(0, 284) = 32088.17
11-30 15:54:17.800  4268  5281 I global  :  RENO - ObjectDetection.conePositionDetect(ObjectDetection.java:213): Pixel values(0, 285) = 31973.21
11-30 15:54:17.801  4268  5281 I global  :  RENO - ObjectDetection.conePositionDetect(ObjectDetection.java:213): Pixel values(0, 286) = 31890.02
11-30 15:54:17.802  4268  5281 I global  :  RENO - ObjectDetection.conePositionDetect(ObjectDetection.java:213): Pixel values(0, 287) = 31878.61
11-30 15:54:17.803  4268  5281 I global  :  RENO - ObjectDetection.conePositionDetect(ObjectDetection.java:213): Pixel values(0, 288) = 31906.18
11-30 15:54:17.803  4268  5274 I global  :  RENO - ChassisWith4Motors.setPowerWithPIDControl(ChassisWith4Motors.java:486): power = 0.32, correction = -0.06, global angle = 1.375, last angle = 45.50
11-30 15:54:17.803  4268  5281 I global  :  RENO - ObjectDetection.conePositionDetect(ObjectDetection.java:213): Pixel values(0, 289) = 31961.25
11-30 15:54:17.804  4268  5281 I global  :  RENO - ObjectDetection.conePositionDetect(ObjectDetection.java:213): Pixel values(0, 290) = 32041.87
11-30 15:54:17.805  4268  5281 I global  :  RENO - ObjectDetection.conePositionDetect(ObjectDetection.java:213): Pixel values(0, 291) = 32170.80
11-30 15:54:17.806  4268  5281 I global  :  RENO - ObjectDetection.conePositionDetect(ObjectDetection.java:213): Pixel values(0, 292) = 32337.12
11-30 15:54:17.807  4268  5281 I global  :  RENO - ObjectDetection.conePositionDetect(ObjectDetection.java:213): Pixel values(0, 293) = 32526.62
11-30 15:54:17.808  4268  5281 I global  :  RENO - ObjectDetection.conePositionDetect(ObjectDetection.java:213): Pixel values(0, 294) = 32747.80
11-30 15:54:17.809  4268  5281 I global  :  RENO - ObjectDetection.conePositionDetect(ObjectDetection.java:213): Pixel values(0, 295) = 32982.39
11-30 15:54:17.810  4268  5281 I global  :  RENO - ObjectDetection.conePositionDetect(ObjectDetection.java:213): Pixel values(0, 296) = 33218.82
11-30 15:54:17.811  4268  5281 I global  :  RENO - ObjectDetection.conePositionDetect(ObjectDetection.java:213): Pixel values(0, 297) = 33456.38
11-30 15:54:17.812  4268  5281 I global  :  RENO - ObjectDetection.conePositionDetect(ObjectDetection.java:213): Pixel values(0, 298) = 33692.71
11-30 15:54:17.814  4268  5281 I global  :  RENO - ObjectDetection.conePositionDetect(ObjectDetection.java:213): Pixel values(0, 299) = 33931.23
11-30 15:54:17.814  4268  5281 I global  :  RENO - ObjectDetection.conePositionDetect(ObjectDetection.java:213): Pixel values(0, 300) = 34168.93
11-30 15:54:17.815  4268  5281 I global  :  RENO - ObjectDetection.conePositionDetect(ObjectDetection.java:213): Pixel values(0, 301) = 34391.04
11-30 15:54:17.816  4268  5281 I global  :  RENO - ObjectDetection.conePositionDetect(ObjectDetection.java:213): Pixel values(0, 302) = 34598.00
11-30 15:54:17.817  4268  5281 I global  :  RENO - ObjectDetection.conePositionDetect(ObjectDetection.java:213): Pixel values(0, 303) = 34792.20
11-30 15:54:17.818  4268  5281 I global  :  RENO - ObjectDetection.conePositionDetect(ObjectDetection.java:213): Pixel values(0, 304) = 34977.07
11-30 15:54:17.819  4268  5281 I global  :  RENO - ObjectDetection.conePositionDetect(ObjectDetection.java:213): Pixel values(0, 305) = 35163.57
11-30 15:54:17.819  4268  5274 I global  :  RENO - ChassisWith4Motors.setPowerWithPIDControl(ChassisWith4Motors.java:479): tDistance = -7.50, currLocation = 0.65
11-30 15:54:17.820  4268  5281 I global  :  RENO - ObjectDetection.conePositionDetect(ObjectDetection.java:213): Pixel values(0, 306) = 35352.86
11-30 15:54:17.820  4268  5274 I global  :  RENO - ChassisWith4Motors.setPowerWithPIDControl(ChassisWith4Motors.java:480): rampUpPower = 0.38, rampDownPower = 0.32
11-30 15:54:17.821  4268  5281 I global  :  RENO - ObjectDetection.conePositionDetect(ObjectDetection.java:213): Pixel values(0, 307) = 35554.77
11-30 15:54:17.822  4268  5281 I global  :  RENO - ObjectDetection.conePositionDetect(ObjectDetection.java:213): Pixel values(0, 308) = 35770.49
11-30 15:54:17.823  4268  5281 I global  :  RENO - ObjectDetection.conePositionDetect(ObjectDetection.java:213): Pixel values(0, 309) = 35985.60
11-30 15:54:17.824  4268  5281 I global  :  RENO - ObjectDetection.conePositionDetect(ObjectDetection.java:213): Pixel values(0, 310) = 36198.98
11-30 15:54:17.825  4268  5281 I global  :  RENO - ObjectDetection.conePositionDetect(ObjectDetection.java:213): Pixel values(0, 311) = 36415.33
11-30 15:54:17.825  4268  5274 I global  :  RENO - ChassisWith4Motors.setPowerWithPIDControl(ChassisWith4Motors.java:486): power = 0.32, correction = -0.06, global angle = 1.375, last angle = 45.50
11-30 15:54:17.825  4268  5281 I global  :  RENO - ObjectDetection.conePositionDetect(ObjectDetection.java:213): Pixel values(0, 312) = 36633.81
11-30 15:54:17.826  4268  5281 I global  :  RENO - ObjectDetection.conePositionDetect(ObjectDetection.java:213): Pixel values(0, 313) = 36850.51
11-30 15:54:17.828  4268  5281 I global  :  RENO - ObjectDetection.conePositionDetect(ObjectDetection.java:213): Pixel values(0, 314) = 37054.55
11-30 15:54:17.828  4268  5281 I global  :  RENO - ObjectDetection.conePositionDetect(ObjectDetection.java:213): Pixel values(0, 315) = 37228.79
11-30 15:54:17.829  4268  5281 I global  :  RENO - ObjectDetection.conePositionDetect(ObjectDetection.java:213): Pixel values(0, 316) = 37388.79
11-30 15:54:17.830  4268  5281 I global  :  RENO - ObjectDetection.conePositionDetect(ObjectDetection.java:213): Pixel values(0, 317) = 37511.15
11-30 15:54:17.831  4268  5281 I global  :  RENO - ObjectDetection.conePositionDetect(ObjectDetection.java:213): Pixel values(0, 318) = 37582.12
11-30 15:54:17.832  4268  5281 I global  :  RENO - ObjectDetection.conePositionDetect(ObjectDetection.java:213): Pixel values(0, 319) = 37620.44
11-30 15:54:17.833  4268  5281 I global  :  RENO - ObjectDetection.verifyObjectDetected(ObjectDetection.java:315): per [0] = 0.331, cone location = 229
11-30 15:54:17.834  4268  5281 I global  :  RENO - ObjectDetection.verifyObjectDetected(ObjectDetection.java:315): per [1] = 0.325, cone location = 229
11-30 15:54:17.835  4268  5281 I global  :  RENO - ObjectDetection.verifyObjectDetected(ObjectDetection.java:315): per [2] = 0.349, cone location = 229
11-30 15:54:17.836  4268  5281 I global  :  RENO - ObjectDetection.conePositionDetect(ObjectDetection.java:227):  location pixel is 229, distance is 6.48
11-30 15:54:17.840  4268  5274 I global  :  RENO - ChassisWith4Motors.setPowerWithPIDControl(ChassisWith4Motors.java:479): tDistance = -7.50, currLocation = 0.79
11-30 15:54:17.841  4268  5274 I global  :  RENO - ChassisWith4Motors.setPowerWithPIDControl(ChassisWith4Motors.java:480): rampUpPower = 0.39, rampDownPower = 0.31
11-30 15:54:17.845  4268  5281 I global  :  RENO - ObjectDetection.processFrame(ObjectDetection.java:83): Start Opcv process to detect sleeve color.
11-30 15:54:17.845  4268  5274 I global  :  RENO - ChassisWith4Motors.setPowerWithPIDControl(ChassisWith4Motors.java:486): power = 0.31, correction = -0.06, global angle = 1.375, last angle = 45.50
11-30 15:54:17.846  4268  5281 I global  :  RENO - ObjectDetection.sleeveColorDetect(ObjectDetection.java:121): Start Opcv process to detect sleeve color.
11-30 15:54:17.848  4268  5281 I global  :  RENO - ObjectDetection.sleeveColorDetect(ObjectDetection.java:128): Sleeve max color = 767562.00, 757587.00, 725034.00
11-30 15:54:17.850  4268  5281 I global  :  RENO - ObjectDetection.sleeveColorDetect(ObjectDetection.java:147): Sleeve position: LEFT
11-30 15:54:17.853  4268  5281 I global  :  RENO - ObjectDetection.processFrame(ObjectDetection.java:86): Start Opcv process to detect cone.
11-30 15:54:17.866  4268  5274 I global  :  RENO - ChassisWith4Motors.setPowerWithPIDControl(ChassisWith4Motors.java:479): tDistance = -7.50, currLocation = 0.96
11-30 15:54:17.867  4268  5274 I global  :  RENO - ChassisWith4Motors.setPowerWithPIDControl(ChassisWith4Motors.java:480): rampUpPower = 0.40, rampDownPower = 0.31
11-30 15:54:17.874  4268  5274 I global  :  RENO - ChassisWith4Motors.setPowerWithPIDControl(ChassisWith4Motors.java:486): power = 0.31, correction = -0.06, global angle = 1.375, last angle = 45.50
11-30 15:54:17.889  4268  5274 I global  :  RENO - ChassisWith4Motors.setPowerWithPIDControl(ChassisWith4Motors.java:479): tDistance = -7.50, currLocation = 1.15
11-30 15:54:17.890  4268  5274 I global  :  RENO - ChassisWith4Motors.setPowerWithPIDControl(ChassisWith4Motors.java:480): rampUpPower = 0.41, rampDownPower = 0.31
11-30 15:54:17.895  4268  5274 I global  :  RENO - ChassisWith4Motors.setPowerWithPIDControl(ChassisWith4Motors.java:486): power = 0.31, correction = -0.05, global angle = 1.250, last angle = 45.38
11-30 15:54:17.911  4268  5274 I global  :  RENO - ChassisWith4Motors.setPowerWithPIDControl(ChassisWith4Motors.java:479): tDistance = -7.50, currLocation = 1.31
11-30 15:54:17.911  4268  5274 I global  :  RENO - ChassisWith4Motors.setPowerWithPIDControl(ChassisWith4Motors.java:480): rampUpPower = 0.42, rampDownPower = 0.30
11-30 15:54:17.915  4268  5274 I global  :  RENO - ChassisWith4Motors.setPowerWithPIDControl(ChassisWith4Motors.java:486): power = 0.30, correction = -0.05, global angle = 1.063, last angle = 45.19
11-30 15:54:17.932  4268  5274 I global  :  RENO - ChassisWith4Motors.setPowerWithPIDControl(ChassisWith4Motors.java:479): tDistance = -7.50, currLocation = 1.52
11-30 15:54:17.933  4268  5274 I global  :  RENO - ChassisWith4Motors.setPowerWithPIDControl(ChassisWith4Motors.java:480): rampUpPower = 0.43, rampDownPower = 0.30
11-30 15:54:17.938  4268  5274 I global  :  RENO - ChassisWith4Motors.setPowerWithPIDControl(ChassisWith4Motors.java:486): power = 0.30, correction = -0.04, global angle = 0.813, last angle = 44.94
11-30 15:54:17.953  4268  5274 I global  :  RENO - ChassisWith4Motors.setPowerWithPIDControl(ChassisWith4Motors.java:479): tDistance = -7.50, currLocation = 1.73
11-30 15:54:17.954  4268  5274 I global  :  RENO - ChassisWith4Motors.setPowerWithPIDControl(ChassisWith4Motors.java:480): rampUpPower = 0.44, rampDownPower = 0.30
11-30 15:54:17.959  4268  5274 I global  :  RENO - ChassisWith4Motors.setPowerWithPIDControl(ChassisWith4Motors.java:486): power = 0.30, correction = -0.03, global angle = 0.563, last angle = 44.69
11-30 15:54:17.974  4268  5274 I global  :  RENO - ChassisWith4Motors.setPowerWithPIDControl(ChassisWith4Motors.java:479): tDistance = -7.50, currLocation = 1.99
11-30 15:54:17.975  4268  5274 I global  :  RENO - ChassisWith4Motors.setPowerWithPIDControl(ChassisWith4Motors.java:480): rampUpPower = 0.46, rampDownPower = 0.29
11-30 15:54:17.980  4268  5274 I global  :  RENO - ChassisWith4Motors.setPowerWithPIDControl(ChassisWith4Motors.java:486): power = 0.29, correction = -0.02, global angle = 0.375, last angle = 44.50
11-30 15:54:17.995  4268  5274 I global  :  RENO - ChassisWith4Motors.setPowerWithPIDControl(ChassisWith4Motors.java:479): tDistance = -7.50, currLocation = 2.22
11-30 15:54:17.996  4268  5274 I global  :  RENO - ChassisWith4Motors.setPowerWithPIDControl(ChassisWith4Motors.java:480): rampUpPower = 0.47, rampDownPower = 0.29
11-30 15:54:18.001  4268  5274 I global  :  RENO - ChassisWith4Motors.setPowerWithPIDControl(ChassisWith4Motors.java:486): power = 0.29, correction = -0.02, global angle = 0.250, last angle = 44.38
11-30 15:54:18.017  4268  5274 I global  :  RENO - ChassisWith4Motors.setPowerWithPIDControl(ChassisWith4Motors.java:479): tDistance = -7.50, currLocation = 2.48
11-30 15:54:18.018  4268  5274 I global  :  RENO - ChassisWith4Motors.setPowerWithPIDControl(ChassisWith4Motors.java:480): rampUpPower = 0.48, rampDownPower = 0.28
11-30 15:54:18.023  4268  5274 I global  :  RENO - ChassisWith4Motors.setPowerWithPIDControl(ChassisWith4Motors.java:486): power = 0.28, correction = -0.01, global angle = 0.125, last angle = 44.25
11-30 15:54:18.037  4268  5274 I global  :  RENO - ChassisWith4Motors.setPowerWithPIDControl(ChassisWith4Motors.java:479): tDistance = -7.50, currLocation = 2.69
11-30 15:54:18.038  4268  5274 I global  :  RENO - ChassisWith4Motors.setPowerWithPIDControl(ChassisWith4Motors.java:480): rampUpPower = 0.49, rampDownPower = 0.28
11-30 15:54:18.043  4268  5274 I global  :  RENO - ChassisWith4Motors.setPowerWithPIDControl(ChassisWith4Motors.java:486): power = 0.28, correction = 0.00, global angle = 0.000, last angle = 44.13
11-30 15:54:18.058  4268  5274 I global  :  RENO - ChassisWith4Motors.setPowerWithPIDControl(ChassisWith4Motors.java:479): tDistance = -7.50, currLocation = 2.94
11-30 15:54:18.059  4268  5274 I global  :  RENO - ChassisWith4Motors.setPowerWithPIDControl(ChassisWith4Motors.java:480): rampUpPower = 0.51, rampDownPower = 0.28
11-30 15:54:18.064  4268  5274 I global  :  RENO - ChassisWith4Motors.setPowerWithPIDControl(ChassisWith4Motors.java:486): power = 0.28, correction = 0.01, global angle = -0.188, last angle = 43.94
11-30 15:54:18.079  4268  5274 I global  :  RENO - ChassisWith4Motors.setPowerWithPIDControl(ChassisWith4Motors.java:479): tDistance = -7.50, currLocation = 3.20
11-30 15:54:18.080  4268  5274 I global  :  RENO - ChassisWith4Motors.setPowerWithPIDControl(ChassisWith4Motors.java:480): rampUpPower = 0.52, rampDownPower = 0.27
11-30 15:54:18.085  4268  5274 I global  :  RENO - ChassisWith4Motors.setPowerWithPIDControl(ChassisWith4Motors.java:486): power = 0.27, correction = 0.01, global angle = -0.313, last angle = 43.81
11-30 15:54:18.100  4268  5274 I global  :  RENO - ChassisWith4Motors.setPowerWithPIDControl(ChassisWith4Motors.java:479): tDistance = -7.50, currLocation = 3.46
11-30 15:54:18.101  4268  5274 I global  :  RENO - ChassisWith4Motors.setPowerWithPIDControl(ChassisWith4Motors.java:480): rampUpPower = 0.53, rampDownPower = 0.27
11-30 15:54:18.106  4268  5274 I global  :  RENO - ChassisWith4Motors.setPowerWithPIDControl(ChassisWith4Motors.java:486): power = 0.27, correction = 0.02, global angle = -0.375, last angle = 43.75
11-30 15:54:18.123  4268  5274 I global  :  RENO - ChassisWith4Motors.setPowerWithPIDControl(ChassisWith4Motors.java:479): tDistance = -7.50, currLocation = 3.76
11-30 15:54:18.125  4268  5274 I global  :  RENO - ChassisWith4Motors.setPowerWithPIDControl(ChassisWith4Motors.java:480): rampUpPower = 0.55, rampDownPower = 0.26
11-30 15:54:18.131  4268  5274 I global  :  RENO - ChassisWith4Motors.setPowerWithPIDControl(ChassisWith4Motors.java:486): power = 0.26, correction = 0.02, global angle = -0.375, last angle = 43.75
11-30 15:54:18.148  4268  5274 I global  :  RENO - ChassisWith4Motors.setPowerWithPIDControl(ChassisWith4Motors.java:479): tDistance = -7.50, currLocation = 4.09
11-30 15:54:18.150  4268  5274 I global  :  RENO - ChassisWith4Motors.setPowerWithPIDControl(ChassisWith4Motors.java:480): rampUpPower = 0.57, rampDownPower = 0.26
11-30 15:54:18.156  4268  5274 I global  :  RENO - ChassisWith4Motors.setPowerWithPIDControl(ChassisWith4Motors.java:486): power = 0.26, correction = 0.02, global angle = -0.438, last angle = 43.69
11-30 15:54:18.182  4268  5274 I global  :  RENO - ChassisWith4Motors.setPowerWithPIDControl(ChassisWith4Motors.java:479): tDistance = -7.50, currLocation = 4.53
11-30 15:54:18.183  4268  5274 I global  :  RENO - ChassisWith4Motors.setPowerWithPIDControl(ChassisWith4Motors.java:480): rampUpPower = 0.59, rampDownPower = 0.25
11-30 15:54:18.188  4268  5274 I global  :  RENO - ChassisWith4Motors.setPowerWithPIDControl(ChassisWith4Motors.java:486): power = 0.25, correction = 0.02, global angle = -0.438, last angle = 43.69
11-30 15:54:18.203  4268  5274 I global  :  RENO - ChassisWith4Motors.setPowerWithPIDControl(ChassisWith4Motors.java:479): tDistance = -7.50, currLocation = 4.81
11-30 15:54:18.204  4268  5274 I global  :  RENO - ChassisWith4Motors.setPowerWithPIDControl(ChassisWith4Motors.java:480): rampUpPower = 0.61, rampDownPower = 0.25
11-30 15:54:18.209  4268  5274 I global  :  RENO - ChassisWith4Motors.setPowerWithPIDControl(ChassisWith4Motors.java:486): power = 0.25, correction = 0.02, global angle = -0.313, last angle = 43.81
11-30 15:54:18.225  4268  5274 I global  :  RENO - ChassisWith4Motors.setPowerWithPIDControl(ChassisWith4Motors.java:479): tDistance = -7.50, currLocation = 5.14
11-30 15:54:18.226  4268  5274 I global  :  RENO - ChassisWith4Motors.setPowerWithPIDControl(ChassisWith4Motors.java:480): rampUpPower = 0.62, rampDownPower = 0.24
11-30 15:54:18.231  4268  5274 I global  :  RENO - ChassisWith4Motors.setPowerWithPIDControl(ChassisWith4Motors.java:486): power = 0.24, correction = 0.01, global angle = -0.250, last angle = 43.88
11-30 15:54:18.246  4268  5274 I global  :  RENO - ChassisWith4Motors.setPowerWithPIDControl(ChassisWith4Motors.java:479): tDistance = -7.50, currLocation = 5.45
11-30 15:54:18.247  4268  5274 I global  :  RENO - ChassisWith4Motors.setPowerWithPIDControl(ChassisWith4Motors.java:480): rampUpPower = 0.64, rampDownPower = 0.23
11-30 15:54:18.252  4268  5274 I global  :  RENO - ChassisWith4Motors.setPowerWithPIDControl(ChassisWith4Motors.java:486): power = 0.23, correction = 0.01, global angle = -0.188, last angle = 43.94
11-30 15:54:18.253  4268  5281 I global  :  RENO - ObjectDetection.conePositionDetect(ObjectDetection.java:213): Pixel values(0, 0) = 14694.80
11-30 15:54:18.254  4268  5281 I global  :  RENO - ObjectDetection.conePositionDetect(ObjectDetection.java:213): Pixel values(0, 1) = 14694.80
11-30 15:54:18.255  4268  5281 I global  :  RENO - ObjectDetection.conePositionDetect(ObjectDetection.java:213): Pixel values(0, 2) = 14696.19
11-30 15:54:18.256  4268  5281 I global  :  RENO - ObjectDetection.conePositionDetect(ObjectDetection.java:213): Pixel values(0, 3) = 14691.34
11-30 15:54:18.257  4268  5281 I global  :  RENO - ObjectDetection.conePositionDetect(ObjectDetection.java:213): Pixel values(0, 4) = 14639.25
11-30 15:54:18.259  4268  5281 I global  :  RENO - ObjectDetection.conePositionDetect(ObjectDetection.java:213): Pixel values(0, 5) = 14592.21
11-30 15:54:18.260  4268  5281 I global  :  RENO - ObjectDetection.conePositionDetect(ObjectDetection.java:213): Pixel values(0, 6) = 14530.92
11-30 15:54:18.260  4268  5281 I global  :  RENO - ObjectDetection.conePositionDetect(ObjectDetection.java:213): Pixel values(0, 7) = 14448.69
11-30 15:54:18.261  4268  5281 I global  :  RENO - ObjectDetection.conePositionDetect(ObjectDetection.java:213): Pixel values(0, 8) = 14431.20
11-30 15:54:18.263  4268  5281 I global  :  RENO - ObjectDetection.conePositionDetect(ObjectDetection.java:213): Pixel values(0, 9) = 14445.72
11-30 15:54:18.264  4268  5281 I global  :  RENO - ObjectDetection.conePositionDetect(ObjectDetection.java:213): Pixel values(0, 10) = 14449.31
11-30 15:54:18.265  4268  5281 I global  :  RENO - ObjectDetection.conePositionDetect(ObjectDetection.java:213): Pixel values(0, 11) = 14439.74
11-30 15:54:18.266  4268  5281 I global  :  RENO - ObjectDetection.conePositionDetect(ObjectDetection.java:213): Pixel values(0, 12) = 14378.37
11-30 15:54:18.267  4268  5281 I global  :  RENO - ObjectDetection.conePositionDetect(ObjectDetection.java:213): Pixel values(0, 13) = 14294.83
11-30 15:54:18.268  4268  5281 I global  :  RENO - ObjectDetection.conePositionDetect(ObjectDetection.java:213): Pixel values(0, 14) = 14205.88
11-30 15:54:18.268  4268  5274 I global  :  RENO - ChassisWith4Motors.setPowerWithPIDControl(ChassisWith4Motors.java:479): tDistance = -7.50, currLocation = 5.75
11-30 15:54:18.269  4268  5274 I global  :  RENO - ChassisWith4Motors.setPowerWithPIDControl(ChassisWith4Motors.java:480): rampUpPower = 0.65, rampDownPower = 0.23
11-30 15:54:18.269  4268  5281 I global  :  RENO - ObjectDetection.conePositionDetect(ObjectDetection.java:213): Pixel values(0, 15) = 14113.90
11-30 15:54:18.270  4268  5281 I global  :  RENO - ObjectDetection.conePositionDetect(ObjectDetection.java:213): Pixel values(0, 16) = 14021.23
11-30 15:54:18.271  4268  5281 I global  :  RENO - ObjectDetection.conePositionDetect(ObjectDetection.java:213): Pixel values(0, 17) = 13927.40
11-30 15:54:18.272  4268  5281 I global  :  RENO - ObjectDetection.conePositionDetect(ObjectDetection.java:213): Pixel values(0, 18) = 13829.46
11-30 15:54:18.273  4268  5281 I global  :  RENO - ObjectDetection.conePositionDetect(ObjectDetection.java:213): Pixel values(0, 19) = 13725.14
11-30 15:54:18.273  4268  5274 I global  :  RENO - ChassisWith4Motors.setPowerWithPIDControl(ChassisWith4Motors.java:486): power = 0.23, correction = 0.01, global angle = -0.125, last angle = 44.00
11-30 15:54:18.274  4268  5281 I global  :  RENO - ObjectDetection.conePositionDetect(ObjectDetection.java:213): Pixel values(0, 20) = 13612.89
11-30 15:54:18.275  4268  5281 I global  :  RENO - ObjectDetection.conePositionDetect(ObjectDetection.java:213): Pixel values(0, 21) = 13497.59
11-30 15:54:18.277  4268  5281 I global  :  RENO - ObjectDetection.conePositionDetect(ObjectDetection.java:213): Pixel values(0, 22) = 13394.25
11-30 15:54:18.278  4268  5281 I global  :  RENO - ObjectDetection.conePositionDetect(ObjectDetection.java:213): Pixel values(0, 23) = 13337.98
11-30 15:54:18.278  4268  5281 I global  :  RENO - ObjectDetection.conePositionDetect(ObjectDetection.java:213): Pixel values(0, 24) = 13291.54
11-30 15:54:18.280  4268  5281 I global  :  RENO - ObjectDetection.conePositionDetect(ObjectDetection.java:213): Pixel values(0, 25) = 13264.84
11-30 15:54:18.281  4268  5281 I global  :  RENO - ObjectDetection.conePositionDetect(ObjectDetection.java:213): Pixel values(0, 26) = 13212.15
11-30 15:54:18.282  4268  5281 I global  :  RENO - ObjectDetection.conePositionDetect(ObjectDetection.java:213): Pixel values(0, 27) = 13099.79
11-30 15:54:18.283  4268  5281 I global  :  RENO - ObjectDetection.conePositionDetect(ObjectDetection.java:213): Pixel values(0, 28) = 13009.14
11-30 15:54:18.284  4268  5281 I global  :  RENO - ObjectDetection.conePositionDetect(ObjectDetection.java:213): Pixel values(0, 29) = 12941.49
11-30 15:54:18.285  4268  5281 I global  :  RENO - ObjectDetection.conePositionDetect(ObjectDetection.java:213): Pixel values(0, 30) = 12883.46
11-30 15:54:18.286  4268  5281 I global  :  RENO - ObjectDetection.conePositionDetect(ObjectDetection.java:213): Pixel values(0, 31) = 12859.89
11-30 15:54:18.287  4268  5281 I global  :  RENO - ObjectDetection.conePositionDetect(ObjectDetection.java:213): Pixel values(0, 32) = 12835.91
11-30 15:54:18.288  4268  5274 I global  :  RENO - ChassisWith4Motors.setPowerWithPIDControl(ChassisWith4Motors.java:479): tDistance = -7.50, currLocation = 6.03
11-30 15:54:18.288  4268  5281 I global  :  RENO - ObjectDetection.conePositionDetect(ObjectDetection.java:213): Pixel values(0, 33) = 12798.96
11-30 15:54:18.289  4268  5281 I global  :  RENO - ObjectDetection.conePositionDetect(ObjectDetection.java:213): Pixel values(0, 34) = 12787.27
11-30 15:54:18.289  4268  5274 I global  :  RENO - ChassisWith4Motors.setPowerWithPIDControl(ChassisWith4Motors.java:480): rampUpPower = 0.67, rampDownPower = 0.22
11-30 15:54:18.290  4268  5281 I global  :  RENO - ObjectDetection.conePositionDetect(ObjectDetection.java:213): Pixel values(0, 35) = 12796.23
11-30 15:54:18.291  4268  5281 I global  :  RENO - ObjectDetection.conePositionDetect(ObjectDetection.java:213): Pixel values(0, 36) = 12827.27
11-30 15:54:18.292  4268  5281 I global  :  RENO - ObjectDetection.conePositionDetect(ObjectDetection.java:213): Pixel values(0, 37) = 12849.88
11-30 15:54:18.293  4268  5281 I global  :  RENO - ObjectDetection.conePositionDetect(ObjectDetection.java:213): Pixel values(0, 38) = 12865.86
11-30 15:54:18.294  4268  5281 I global  :  RENO - ObjectDetection.conePositionDetect(ObjectDetection.java:213): Pixel values(0, 39) = 12885.17
11-30 15:54:18.294  4268  5274 I global  :  RENO - ChassisWith4Motors.setPowerWithPIDControl(ChassisWith4Motors.java:486): power = 0.22, correction = 0.00, global angle = -0.063, last angle = 44.06
11-30 15:54:18.294  4268  5281 I global  :  RENO - ObjectDetection.conePositionDetect(ObjectDetection.java:213): Pixel values(0, 40) = 12905.24
11-30 15:54:18.295  4268  5281 I global  :  RENO - ObjectDetection.conePositionDetect(ObjectDetection.java:213): Pixel values(0, 41) = 12924.75
11-30 15:54:18.297  4268  5281 I global  :  RENO - ObjectDetection.conePositionDetect(ObjectDetection.java:213): Pixel values(0, 42) = 12942.72
11-30 15:54:18.298  4268  5281 I global  :  RENO - ObjectDetection.conePositionDetect(ObjectDetection.java:213): Pixel values(0, 43) = 12973.21
11-30 15:54:18.299  4268  5281 I global  :  RENO - ObjectDetection.conePositionDetect(ObjectDetection.java:213): Pixel values(0, 44) = 13031.80
11-30 15:54:18.299  4268  5281 I global  :  RENO - ObjectDetection.conePositionDetect(ObjectDetection.java:213): Pixel values(0, 45) = 13152.28
11-30 15:54:18.300  4268  5281 I global  :  RENO - ObjectDetection.conePositionDetect(ObjectDetection.java:213): Pixel values(0, 46) = 13261.77
11-30 15:54:18.301  4268  5281 I global  :  RENO - ObjectDetection.conePositionDetect(ObjectDetection.java:213): Pixel values(0, 47) = 13306.58
11-30 15:54:18.302  4268  5281 I global  :  RENO - ObjectDetection.conePositionDetect(ObjectDetection.java:213): Pixel values(0, 48) = 13337.31
11-30 15:54:18.303  4268  5281 I global  :  RENO - ObjectDetection.conePositionDetect(ObjectDetection.java:213): Pixel values(0, 49) = 13369.55
11-30 15:54:18.304  4268  5281 I global  :  RENO - ObjectDetection.conePositionDetect(ObjectDetection.java:213): Pixel values(0, 50) = 13406.05
11-30 15:54:18.305  4268  5281 I global  :  RENO - ObjectDetection.conePositionDetect(ObjectDetection.java:213): Pixel values(0, 51) = 13440.65
11-30 15:54:18.306  4268  5281 I global  :  RENO - ObjectDetection.conePositionDetect(ObjectDetection.java:213): Pixel values(0, 52) = 13460.84
11-30 15:54:18.307  4268  5281 I global  :  RENO - ObjectDetection.conePositionDetect(ObjectDetection.java:213): Pixel values(0, 53) = 13482.70
11-30 15:54:18.308  4268  5281 I global  :  RENO - ObjectDetection.conePositionDetect(ObjectDetection.java:213): Pixel values(0, 54) = 13519.46
11-30 15:54:18.309  4268  5274 I global  :  RENO - ChassisWith4Motors.setPowerWithPIDControl(ChassisWith4Motors.java:479): tDistance = -7.50, currLocation = 6.31
11-30 15:54:18.309  4268  5281 I global  :  RENO - ObjectDetection.conePositionDetect(ObjectDetection.java:213): Pixel values(0, 55) = 13555.95
11-30 15:54:18.310  4268  5274 I global  :  RENO - ChassisWith4Motors.setPowerWithPIDControl(ChassisWith4Motors.java:480): rampUpPower = 0.68, rampDownPower = 0.22
11-30 15:54:18.310  4268  5281 I global  :  RENO - ObjectDetection.conePositionDetect(ObjectDetection.java:213): Pixel values(0, 56) = 13588.53
11-30 15:54:18.311  4268  5281 I global  :  RENO - ObjectDetection.conePositionDetect(ObjectDetection.java:213): Pixel values(0, 57) = 13625.10
11-30 15:54:18.312  4268  5281 I global  :  RENO - ObjectDetection.conePositionDetect(ObjectDetection.java:213): Pixel values(0, 58) = 13661.98
11-30 15:54:18.313  4268  5281 I global  :  RENO - ObjectDetection.conePositionDetect(ObjectDetection.java:213): Pixel values(0, 59) = 13697.13
11-30 15:54:18.314  4268  5281 I global  :  RENO - ObjectDetection.conePositionDetect(ObjectDetection.java:213): Pixel values(0, 60) = 13730.54
11-30 15:54:18.315  4268  5274 I global  :  RENO - ChassisWith4Motors.setPowerWithPIDControl(ChassisWith4Motors.java:486): power = 0.22, correction = 0.00, global angle = 0.000, last angle = 44.13
11-30 15:54:18.315  4268  5281 I global  :  RENO - ObjectDetection.conePositionDetect(ObjectDetection.java:213): Pixel values(0, 61) = 13761.71
11-30 15:54:18.316  4268  5281 I global  :  RENO - ObjectDetection.conePositionDetect(ObjectDetection.java:213): Pixel values(0, 62) = 13789.49
11-30 15:54:18.317  4268  5281 I global  :  RENO - ObjectDetection.conePositionDetect(ObjectDetection.java:213): Pixel values(0, 63) = 13814.31
11-30 15:54:18.318  4268  5281 I global  :  RENO - ObjectDetection.conePositionDetect(ObjectDetection.java:213): Pixel values(0, 64) = 13835.52
11-30 15:54:18.319  4268  5281 I global  :  RENO - ObjectDetection.conePositionDetect(ObjectDetection.java:213): Pixel values(0, 65) = 13852.14
11-30 15:54:18.320  4268  5281 I global  :  RENO - ObjectDetection.conePositionDetect(ObjectDetection.java:213): Pixel values(0, 66) = 13861.39
11-30 15:54:18.321  4268  5281 I global  :  RENO - ObjectDetection.conePositionDetect(ObjectDetection.java:213): Pixel values(0, 67) = 13865.61
11-30 15:54:18.322  4268  5281 I global  :  RENO - ObjectDetection.conePositionDetect(ObjectDetection.java:213): Pixel values(0, 68) = 13865.87
11-30 15:54:18.323  4268  5281 I global  :  RENO - ObjectDetection.conePositionDetect(ObjectDetection.java:213): Pixel values(0, 69) = 13862.90
11-30 15:54:18.324  4268  5281 I global  :  RENO - ObjectDetection.conePositionDetect(ObjectDetection.java:213): Pixel values(0, 70) = 13860.63
11-30 15:54:18.325  4268  5281 I global  :  RENO - ObjectDetection.conePositionDetect(ObjectDetection.java:213): Pixel values(0, 71) = 13853.14
11-30 15:54:18.326  4268  5281 I global  :  RENO - ObjectDetection.conePositionDetect(ObjectDetection.java:213): Pixel values(0, 72) = 13839.54
11-30 15:54:18.327  4268  5281 I global  :  RENO - ObjectDetection.conePositionDetect(ObjectDetection.java:213): Pixel values(0, 73) = 13817.84
11-30 15:54:18.328  4268  5281 I global  :  RENO - ObjectDetection.conePositionDetect(ObjectDetection.java:213): Pixel values(0, 74) = 13788.82
11-30 15:54:18.329  4268  5281 I global  :  RENO - ObjectDetection.conePositionDetect(ObjectDetection.java:213): Pixel values(0, 75) = 13754.47
11-30 15:54:18.330  4268  5281 I global  :  RENO - ObjectDetection.conePositionDetect(ObjectDetection.java:213): Pixel values(0, 76) = 13705.04
11-30 15:54:18.331  4268  5281 I global  :  RENO - ObjectDetection.conePositionDetect(ObjectDetection.java:213): Pixel values(0, 77) = 13678.53
11-30 15:54:18.332  4268  5281 I global  :  RENO - ObjectDetection.conePositionDetect(ObjectDetection.java:213): Pixel values(0, 78) = 13791.64
11-30 15:54:18.333  4268  5281 I global  :  RENO - ObjectDetection.conePositionDetect(ObjectDetection.java:213): Pixel values(0, 79) = 14250.48
11-30 15:54:18.334  4268  5281 I global  :  RENO - ObjectDetection.conePositionDetect(ObjectDetection.java:213): Pixel values(0, 80) = 14964.71
11-30 15:54:18.335  4268  5281 I global  :  RENO - ObjectDetection.conePositionDetect(ObjectDetection.java:213): Pixel values(0, 81) = 15712.12
11-30 15:54:18.335  4268  5274 I global  :  RENO - ChassisWith4Motors.setPowerWithPIDControl(ChassisWith4Motors.java:499): Autonomous -power = 0.22, global angle = 0.000
11-30 15:54:18.336  4268  5281 I global  :  RENO - ObjectDetection.conePositionDetect(ObjectDetection.java:213): Pixel values(0, 82) = 16446.47
11-30 15:54:18.337  4268  5281 I global  :  RENO - ObjectDetection.conePositionDetect(ObjectDetection.java:213): Pixel values(0, 83) = 17216.71
11-30 15:54:18.338  4268  5281 I global  :  RENO - ObjectDetection.conePositionDetect(ObjectDetection.java:213): Pixel values(0, 84) = 18053.64
11-30 15:54:18.339  4268  5281 I global  :  RENO - ObjectDetection.conePositionDetect(ObjectDetection.java:213): Pixel values(0, 85) = 18859.39
11-30 15:54:18.340  4268  5281 I global  :  RENO - ObjectDetection.conePositionDetect(ObjectDetection.java:213): Pixel values(0, 86) = 19622.81
11-30 15:54:18.340  4268  5281 I global  :  RENO - ObjectDetection.conePositionDetect(ObjectDetection.java:213): Pixel values(0, 87) = 20393.46
11-30 15:54:18.341  4268  5281 I global  :  RENO - ObjectDetection.conePositionDetect(ObjectDetection.java:213): Pixel values(0, 88) = 21182.84
11-30 15:54:18.342  4268  5281 I global  :  RENO - ObjectDetection.conePositionDetect(ObjectDetection.java:213): Pixel values(0, 89) = 21988.53
11-30 15:54:18.343  4268  5281 I global  :  RENO - ObjectDetection.conePositionDetect(ObjectDetection.java:213): Pixel values(0, 90) = 22804.97
11-30 15:54:18.344  4268  5281 I global  :  RENO - ObjectDetection.conePositionDetect(ObjectDetection.java:213): Pixel values(0, 91) = 23578.21
11-30 15:54:18.345  4268  5281 I global  :  RENO - ObjectDetection.conePositionDetect(ObjectDetection.java:213): Pixel values(0, 92) = 24256.65
11-30 15:54:18.346  4268  5281 I global  :  RENO - ObjectDetection.conePositionDetect(ObjectDetection.java:213): Pixel values(0, 93) = 24589.14
11-30 15:54:18.347  4268  5281 I global  :  RENO - ObjectDetection.conePositionDetect(ObjectDetection.java:213): Pixel values(0, 94) = 24654.45
11-30 15:54:18.348  4268  5281 I global  :  RENO - ObjectDetection.conePositionDetect(ObjectDetection.java:213): Pixel values(0, 95) = 24666.60
11-30 15:54:18.349  4268  5281 I global  :  RENO - ObjectDetection.conePositionDetect(ObjectDetection.java:213): Pixel values(0, 96) = 24679.66
11-30 15:54:18.350  4268  5274 I global  :  RENO - ChassisWith4Motors.runToPosition(ChassisWith4Motors.java:577): Required moving distance -7.50.
11-30 15:54:18.350  4268  5281 I global  :  RENO - ObjectDetection.conePositionDetect(ObjectDetection.java:213): Pixel values(0, 97) = 24674.65
11-30 15:54:18.351  4268  5274 I global  :  RENO - ChassisWith4Motors.runToPosition(ChassisWith4Motors.java:578): Target Position = -320
11-30 15:54:18.351  4268  5281 I global  :  RENO - ObjectDetection.conePositionDetect(ObjectDetection.java:213): Pixel values(0, 98) = 24673.45
11-30 15:54:18.352  4268  5281 I global  :  RENO - ObjectDetection.conePositionDetect(ObjectDetection.java:213): Pixel values(0, 99) = 24674.04
11-30 15:54:18.352  4268  5274 I global  :  RENO - ChassisWith4Motors.runToPosition(ChassisWith4Motors.java:579): PID = -1
11-30 15:54:18.353  4268  5281 I global  :  RENO - ObjectDetection.conePositionDetect(ObjectDetection.java:213): Pixel values(0, 100) = 24674.64
11-30 15:54:18.354  4268  5281 I global  :  RENO - ObjectDetection.conePositionDetect(ObjectDetection.java:213): Pixel values(0, 101) = 24671.47
11-30 15:54:18.355  4268  5281 I global  :  RENO - ObjectDetection.conePositionDetect(ObjectDetection.java:213): Pixel values(0, 102) = 24664.34
11-30 15:54:18.356  4268  5281 I global  :  RENO - ObjectDetection.conePositionDetect(ObjectDetection.java:213): Pixel values(0, 103) = 24661.15
11-30 15:54:18.357  4268  5281 I global  :  RENO - ObjectDetection.conePositionDetect(ObjectDetection.java:213): Pixel values(0, 104) = 24661.40
11-30 15:54:18.358  4268  5281 I global  :  RENO - ObjectDetection.conePositionDetect(ObjectDetection.java:213): Pixel values(0, 105) = 24700.56
11-30 15:54:18.359  4268  5281 I global  :  RENO - ObjectDetection.conePositionDetect(ObjectDetection.java:213): Pixel values(0, 106) = 24828.77
11-30 15:54:18.360  4268  5281 I global  :  RENO - ObjectDetection.conePositionDetect(ObjectDetection.java:213): Pixel values(0, 107) = 25074.17
11-30 15:54:18.360  4268  5274 I global  :  RENO - ChassisWith4Motors.runToPosition(ChassisWith4Motors.java:580): Current Position after moving, FL = -290, FR= -314, BL = -293, BR = -327
11-30 15:54:18.361  4268  5281 I global  :  RENO - ObjectDetection.conePositionDetect(ObjectDetection.java:213): Pixel values(0, 108) = 25377.81
11-30 15:54:18.362  4268  5281 I global  :  RENO - ObjectDetection.conePositionDetect(ObjectDetection.java:213): Pixel values(0, 109) = 25621.50
11-30 15:54:18.363  4268  5281 I global  :  RENO - ObjectDetection.conePositionDetect(ObjectDetection.java:213): Pixel values(0, 110) = 25722.13
11-30 15:54:18.364  4268  5281 I global  :  RENO - ObjectDetection.conePositionDetect(ObjectDetection.java:213): Pixel values(0, 111) = 25540.78
11-30 15:54:18.365  4268  5281 I global  :  RENO - ObjectDetection.conePositionDetect(ObjectDetection.java:213): Pixel values(0, 112) = 25110.97
11-30 15:54:18.366  4268  5274 I global  :  RENO - AutonomousRight.autoUnloadCone(AutonomousRight.java:374): Auto unload - Cone has been unloaded.
11-30 15:54:18.366  4268  5281 I global  :  RENO - ObjectDetection.conePositionDetect(ObjectDetection.java:213): Pixel values(0, 113) = 24603.54
11-30 15:54:18.366  4268  5274 I global  :  RENO - AutonomousRight.autonomousCore(AutonomousRight.java:312): Autonomous - cone 3 has been unloaded.
11-30 15:54:18.366  4268  5281 I global  :  RENO - ObjectDetection.conePositionDetect(ObjectDetection.java:213): Pixel values(0, 114) = 24038.94
11-30 15:54:18.367  4268  5281 I global  :  RENO - ObjectDetection.conePositionDetect(ObjectDetection.java:213): Pixel values(0, 115) = 23323.03
11-30 15:54:18.368  4268  5281 I global  :  RENO - ObjectDetection.conePositionDetect(ObjectDetection.java:213): Pixel values(0, 116) = 22552.25
11-30 15:54:18.369  4268  5281 I global  :  RENO - ObjectDetection.conePositionDetect(ObjectDetection.java:213): Pixel values(0, 117) = 21794.97
11-30 15:54:18.370  4268  5281 I global  :  RENO - ObjectDetection.conePositionDetect(ObjectDetection.java:213): Pixel values(0, 118) = 21106.41
11-30 15:54:18.371  4268  5281 I global  :  RENO - ObjectDetection.conePositionDetect(ObjectDetection.java:213): Pixel values(0, 119) = 20410.80
11-30 15:54:18.372  4268  5281 I global  :  RENO - ObjectDetection.conePositionDetect(ObjectDetection.java:213): Pixel values(0, 120) = 19719.12
11-30 15:54:18.373  4268  5281 I global  :  RENO - ObjectDetection.conePositionDetect(ObjectDetection.java:213): Pixel values(0, 121) = 18996.16
11-30 15:54:18.374  4268  5281 I global  :  RENO - ObjectDetection.conePositionDetect(ObjectDetection.java:213): Pixel values(0, 122) = 18267.33
11-30 15:54:18.375  4268  5281 I global  :  RENO - ObjectDetection.conePositionDetect(ObjectDetection.java:213): Pixel values(0, 123) = 17579.18
11-30 15:54:18.376  4268  5281 I global  :  RENO - ObjectDetection.conePositionDetect(ObjectDetection.java:213): Pixel values(0, 124) = 16991.13
11-30 15:54:18.377  4268  5281 I global  :  RENO - ObjectDetection.conePositionDetect(ObjectDetection.java:213): Pixel values(0, 125) = 16753.67
11-30 15:54:18.378  4268  5281 I global  :  RENO - ObjectDetection.conePositionDetect(ObjectDetection.java:213): Pixel values(0, 126) = 16785.40
11-30 15:54:18.379  4268  5281 I global  :  RENO - ObjectDetection.conePositionDetect(ObjectDetection.java:213): Pixel values(0, 127) = 16871.29
11-30 15:54:18.381  4268  5281 I global  :  RENO - ObjectDetection.conePositionDetect(ObjectDetection.java:213): Pixel values(0, 128) = 16960.64
11-30 15:54:18.382  4268  5281 I global  :  RENO - ObjectDetection.conePositionDetect(ObjectDetection.java:213): Pixel values(0, 129) = 17105.28
11-30 15:54:18.383  4268  5281 I global  :  RENO - ObjectDetection.conePositionDetect(ObjectDetection.java:213): Pixel values(0, 130) = 17306.79
11-30 15:54:18.384  4268  5281 I global  :  RENO - ObjectDetection.conePositionDetect(ObjectDetection.java:213): Pixel values(0, 131) = 17626.88
11-30 15:54:18.385  4268  5281 I global  :  RENO - ObjectDetection.conePositionDetect(ObjectDetection.java:213): Pixel values(0, 132) = 18066.18
11-30 15:54:18.386  4268  5281 I global  :  RENO - ObjectDetection.conePositionDetect(ObjectDetection.java:213): Pixel values(0, 133) = 18652.39
11-30 15:54:18.387  4268  5281 I global  :  RENO - ObjectDetection.conePositionDetect(ObjectDetection.java:213): Pixel values(0, 134) = 19284.59
11-30 15:54:18.388  4268  5281 I global  :  RENO - ObjectDetection.conePositionDetect(ObjectDetection.java:213): Pixel values(0, 135) = 19927.32
11-30 15:54:18.390  4268  5281 I global  :  RENO - ObjectDetection.conePositionDetect(ObjectDetection.java:213): Pixel values(0, 136) = 20569.44
11-30 15:54:18.391  4268  5281 I global  :  RENO - ObjectDetection.conePositionDetect(ObjectDetection.java:213): Pixel values(0, 137) = 21180.92
11-30 15:54:18.391  4268  5281 I global  :  RENO - ObjectDetection.conePositionDetect(ObjectDetection.java:213): Pixel values(0, 138) = 21706.01
11-30 15:54:18.392  4268  5281 I global  :  RENO - ObjectDetection.conePositionDetect(ObjectDetection.java:213): Pixel values(0, 139) = 22117.01
11-30 15:54:18.393  4268  5281 I global  :  RENO - ObjectDetection.conePositionDetect(ObjectDetection.java:213): Pixel values(0, 140) = 22465.98
11-30 15:54:18.394  4268  5281 I global  :  RENO - ObjectDetection.conePositionDetect(ObjectDetection.java:213): Pixel values(0, 141) = 22806.71
11-30 15:54:18.395  4268  5281 I global  :  RENO - ObjectDetection.conePositionDetect(ObjectDetection.java:213): Pixel values(0, 142) = 23171.89
11-30 15:54:18.397  4268  5281 I global  :  RENO - ObjectDetection.conePositionDetect(ObjectDetection.java:213): Pixel values(0, 143) = 23550.72
11-30 15:54:18.398  4268  5281 I global  :  RENO - ObjectDetection.conePositionDetect(ObjectDetection.java:213): Pixel values(0, 144) = 23943.74
11-30 15:54:18.399  4268  5281 I global  :  RENO - ObjectDetection.conePositionDetect(ObjectDetection.java:213): Pixel values(0, 145) = 24389.67
11-30 15:54:18.399  4268  5281 I global  :  RENO - ObjectDetection.conePositionDetect(ObjectDetection.java:213): Pixel values(0, 146) = 24905.92
11-30 15:54:18.400  4268  5281 I global  :  RENO - ObjectDetection.conePositionDetect(ObjectDetection.java:213): Pixel values(0, 147) = 25546.78
11-30 15:54:18.401  4268  5281 I global  :  RENO - ObjectDetection.conePositionDetect(ObjectDetection.java:213): Pixel values(0, 148) = 26197.35
11-30 15:54:18.402  4268  5274 I global  :  RENO - ChassisWith4Motors.rotate(ChassisWith4Motors.java:360): Positions: FL = 3, FR = 5, BL = 5, BR = 6
11-30 15:54:18.402  4268  5281 I global  :  RENO - ObjectDetection.conePositionDetect(ObjectDetection.java:213): Pixel values(0, 149) = 26873.06
11-30 15:54:18.402  4268  5274 I global  :  RENO - ChassisWith4Motors.rotate(ChassisWith4Motors.java:362): Powers: FL = -0.64, FR = 0.64, BL = -0.64, BR = 0.64
11-30 15:54:18.403  4268  5281 I global  :  RENO - ObjectDetection.conePositionDetect(ObjectDetection.java:213): Pixel values(0, 150) = 27510.00
11-30 15:54:18.404  4268  5281 I global  :  RENO - ObjectDetection.conePositionDetect(ObjectDetection.java:213): Pixel values(0, 151) = 28147.10
11-30 15:54:18.405  4268  5281 I global  :  RENO - ObjectDetection.conePositionDetect(ObjectDetection.java:213): Pixel values(0, 152) = 28770.93
11-30 15:54:18.406  4268  5281 I global  :  RENO - ObjectDetection.conePositionDetect(ObjectDetection.java:213): Pixel values(0, 153) = 29408.27
11-30 15:54:18.407  4268  5281 I global  :  RENO - ObjectDetection.conePositionDetect(ObjectDetection.java:213): Pixel values(0, 154) = 30042.45
11-30 15:54:18.408  4268  5281 I global  :  RENO - ObjectDetection.conePositionDetect(ObjectDetection.java:213): Pixel values(0, 155) = 30687.36
11-30 15:54:18.409  4268  5281 I global  :  RENO - ObjectDetection.conePositionDetect(ObjectDetection.java:213): Pixel values(0, 156) = 31327.71
11-30 15:54:18.410  4268  5281 I global  :  RENO - ObjectDetection.conePositionDetect(ObjectDetection.java:213): Pixel values(0, 157) = 31969.60
11-30 15:54:18.411  4268  5281 I global  :  RENO - ObjectDetection.conePositionDetect(ObjectDetection.java:213): Pixel values(0, 158) = 32612.47
11-30 15:54:18.412  4268  5281 I global  :  RENO - ObjectDetection.conePositionDetect(ObjectDetection.java:213): Pixel values(0, 159) = 33256.57
11-30 15:54:18.413  4268  5281 I global  :  RENO - ObjectDetection.conePositionDetect(ObjectDetection.java:213): Pixel values(0, 160) = 33898.50
11-30 15:54:18.414  4268  5281 I global  :  RENO - ObjectDetection.conePositionDetect(ObjectDetection.java:213): Pixel values(0, 161) = 34506.80
11-30 15:54:18.415  4268  5281 I global  :  RENO - ObjectDetection.conePositionDetect(ObjectDetection.java:213): Pixel values(0, 162) = 35054.61
11-30 15:54:18.416  4268  5281 I global  :  RENO - ObjectDetection.conePositionDetect(ObjectDetection.java:213): Pixel values(0, 163) = 35479.99
11-30 15:54:18.417  4268  5281 I global  :  RENO - ObjectDetection.conePositionDetect(ObjectDetection.java:213): Pixel values(0, 164) = 35786.78
11-30 15:54:18.418  4268  5274 I global  :  RENO - ChassisWith4Motors.rotate(ChassisWith4Motors.java:360): Positions: FL = 7, FR = 8, BL = 9, BR = 9
11-30 15:54:18.418  4268  5281 I global  :  RENO - ObjectDetection.conePositionDetect(ObjectDetection.java:213): Pixel values(0, 165) = 35952.83
11-30 15:54:18.418  4268  5274 I global  :  RENO - ChassisWith4Motors.rotate(ChassisWith4Motors.java:362): Powers: FL = -0.64, FR = 0.64, BL = -0.64, BR = 0.64
11-30 15:54:18.419  4268  5281 I global  :  RENO - ObjectDetection.conePositionDetect(ObjectDetection.java:213): Pixel values(0, 166) = 36075.57
11-30 15:54:18.420  4268  5281 I global  :  RENO - ObjectDetection.conePositionDetect(ObjectDetection.java:213): Pixel values(0, 167) = 36187.91
11-30 15:54:18.421  4268  5281 I global  :  RENO - ObjectDetection.conePositionDetect(ObjectDetection.java:213): Pixel values(0, 168) = 36300.32
11-30 15:54:18.422  4268  5281 I global  :  RENO - ObjectDetection.conePositionDetect(ObjectDetection.java:213): Pixel values(0, 169) = 36409.11
11-30 15:54:18.423  4268  5281 I global  :  RENO - ObjectDetection.conePositionDetect(ObjectDetection.java:213): Pixel values(0, 170) = 36516.56
11-30 15:54:18.424  4268  5281 I global  :  RENO - ObjectDetection.conePositionDetect(ObjectDetection.java:213): Pixel values(0, 171) = 36615.42
11-30 15:54:18.425  4268  5281 I global  :  RENO - ObjectDetection.conePositionDetect(ObjectDetection.java:213): Pixel values(0, 172) = 36711.83
11-30 15:54:18.426  4268  5281 I global  :  RENO - ObjectDetection.conePositionDetect(ObjectDetection.java:213): Pixel values(0, 173) = 36800.13
11-30 15:54:18.427  4268  5281 I global  :  RENO - ObjectDetection.conePositionDetect(ObjectDetection.java:213): Pixel values(0, 174) = 36885.86
11-30 15:54:18.428  4268  5281 I global  :  RENO - ObjectDetection.conePositionDetect(ObjectDetection.java:213): Pixel values(0, 175) = 36964.20
11-30 15:54:18.429  4268  5281 I global  :  RENO - ObjectDetection.conePositionDetect(ObjectDetection.java:213): Pixel values(0, 176) = 37039.26
11-30 15:54:18.430  4268  5281 I global  :  RENO - ObjectDetection.conePositionDetect(ObjectDetection.java:213): Pixel values(0, 177) = 37107.58
11-30 15:54:18.430  4268  5281 I global  :  RENO - ObjectDetection.conePositionDetect(ObjectDetection.java:213): Pixel values(0, 178) = 37174.49
11-30 15:54:18.431  4268  5281 I global  :  RENO - ObjectDetection.conePositionDetect(ObjectDetection.java:213): Pixel values(0, 179) = 37238.16
11-30 15:54:18.432  4268  5281 I global  :  RENO - ObjectDetection.conePositionDetect(ObjectDetection.java:213): Pixel values(0, 180) = 37302.54
11-30 15:54:18.433  4268  5274 I global  :  RENO - ChassisWith4Motors.rotate(ChassisWith4Motors.java:360): Positions: FL = 20, FR = 2, BL = 20, BR = 5
11-30 15:54:18.433  4268  5281 I global  :  RENO - ObjectDetection.conePositionDetect(ObjectDetection.java:213): Pixel values(0, 181) = 37361.47
11-30 15:54:18.434  4268  5274 I global  :  RENO - ChassisWith4Motors.rotate(ChassisWith4Motors.java:362): Powers: FL = -0.65, FR = 0.65, BL = -0.65, BR = 0.65
11-30 15:54:18.434  4268  5281 I global  :  RENO - ObjectDetection.conePositionDetect(ObjectDetection.java:213): Pixel values(0, 182) = 37422.09
11-30 15:54:18.435  4268  5281 I global  :  RENO - ObjectDetection.conePositionDetect(ObjectDetection.java:213): Pixel values(0, 183) = 37480.57
11-30 15:54:18.437  4268  5281 I global  :  RENO - ObjectDetection.conePositionDetect(ObjectDetection.java:213): Pixel values(0, 184) = 37537.42
11-30 15:54:18.438  4268  5281 I global  :  RENO - ObjectDetection.conePositionDetect(ObjectDetection.java:213): Pixel values(0, 185) = 37593.47
11-30 15:54:18.439  4268  5281 I global  :  RENO - ObjectDetection.conePositionDetect(ObjectDetection.java:213): Pixel values(0, 186) = 37646.72
11-30 15:54:18.439  4268  5281 I global  :  RENO - ObjectDetection.conePositionDetect(ObjectDetection.java:213): Pixel values(0, 187) = 37692.87
