11-30 15:54:17.126  4268  5281 I global  :  RENO - ObjectDetection.conePositionDetect(ObjectDetection.java:213): Pixel values(0, 283) = 29115.67
11-30 15:54:17.128  4268  5281 I global  :  RENO - ObjectDetection.conePositionDetect(ObjectDetection.java:213): Pixel values(0, 284) = 29228.34
11-30 15:54:17.129  4268  5281 I global  :  RENO - ObjectDetection.conePositionDetect(ObjectDetection.java:213): Pixel values(0, 285) = 29372.44
11-30 15:54:17.130  4268  5281 I global  :  RENO - ObjectDetection.conePositionDetect(ObjectDetection.java:213): Pixel values(0, 286) = 29544.23
11-30 15:54:17.131  4268  5281 I global  :  RENO - ObjectDetection.conePositionDetect(ObjectDetection.java:213): Pixel values(0, 287) = 29744.07
11-30 15:54:17.132  4268  5281 I global  :  RENO - ObjectDetection.conePositionDetect(ObjectDetection.java:213): Pixel values(0, 288) = 29960.20
11-30 15:54:17.133  4268  5281 I global  :  RENO - ObjectDetection.conePositionDetect(ObjectDetection.java:213): Pixel values(0, 289) = 30183.33
11-30 15:54:17.134  4268  5281 I global  :  RENO - ObjectDetection.conePositionDetect(ObjectDetection.java:213): Pixel values(0, 290) = 30414.31
11-30 15:54:17.135  4268  5281 I global  :  RENO - ObjectDetection.conePositionDetect(ObjectDetection.java:213): Pixel values(0, 291) = 30645.04
11-30 15:54:17.136  4268  5281 I global  :  RENO - ObjectDetection.conePositionDetect(ObjectDetection.java:213): Pixel values(0, 292) = 30874.03
11-30 15:54:17.137  4268  5281 I global  :  RENO - ObjectDetection.conePositionDetect(ObjectDetection.java:213): Pixel values(0, 293) = 31094.90
11-30 15:54:17.138  4268  5281 I global  :  RENO - ObjectDetection.conePositionDetect(ObjectDetection.java:213): Pixel values(0, 294) = 31308.62
11-30 15:54:17.139  4268  5281 I global  :  RENO - ObjectDetection.conePositionDetect(ObjectDetection.java:213): Pixel values(0, 295) = 31512.88
11-30 15:54:17.141  4268  5281 I global  :  RENO - ObjectDetection.conePositionDetect(ObjectDetection.java:213): Pixel values(0, 296) = 31710.88
11-30 15:54:17.164  4268  5274 I global  :  RENO - ChassisWith4Motors.setPowerWithPIDControl(ChassisWith4Motors.java:486): power = 0.35, correction = -0.02, global angle = 0.625, last angle = 44.75
11-30 15:54:17.164  4268  5281 I global  :  RENO - ObjectDetection.conePositionDetect(ObjectDetection.java:213): Pixel values(0, 297) = 31908.18
11-30 15:54:17.164  4268  5281 I global  :  RENO - ObjectDetection.conePositionDetect(ObjectDetection.java:213): Pixel values(0, 298) = 32106.56
11-30 15:54:17.165  4268  5281 I global  :  RENO - ObjectDetection.conePositionDetect(ObjectDetection.java:213): Pixel values(0, 299) = 32309.12
11-30 15:54:17.166  4268  5281 I global  :  RENO - ObjectDetection.conePositionDetect(ObjectDetection.java:213): Pixel values(0, 300) = 32515.87
11-30 15:54:17.167  4268  5281 I global  :  RENO - ObjectDetection.conePositionDetect(ObjectDetection.java:213): Pixel values(0, 301) = 32731.68
11-30 15:54:17.168  4268  5281 I global  :  RENO - ObjectDetection.conePositionDetect(ObjectDetection.java:213): Pixel values(0, 302) = 32953.07
11-30 15:54:17.169  4268  5281 I global  :  RENO - ObjectDetection.conePositionDetect(ObjectDetection.java:213): Pixel values(0, 303) = 33176.32
11-30 15:54:17.170  4268  5281 I global  :  RENO - ObjectDetection.conePositionDetect(ObjectDetection.java:213): Pixel values(0, 304) = 33402.26
11-30 15:54:17.171  4268  5281 I global  :  RENO - ObjectDetection.conePositionDetect(ObjectDetection.java:213): Pixel values(0, 305) = 33627.21
11-30 15:54:17.172  4268  5281 I global  :  RENO - ObjectDetection.conePositionDetect(ObjectDetection.java:213): Pixel values(0, 306) = 33850.98
11-30 15:54:17.173  4268  5281 I global  :  RENO - ObjectDetection.conePositionDetect(ObjectDetection.java:213): Pixel values(0, 307) = 34072.35
11-30 15:54:17.174  4268  5281 I global  :  RENO - ObjectDetection.conePositionDetect(ObjectDetection.java:213): Pixel values(0, 308) = 34292.26
11-30 15:54:17.175  4268  5281 I global  :  RENO - ObjectDetection.conePositionDetect(ObjectDetection.java:213): Pixel values(0, 309) = 34511.88
11-30 15:54:17.176  4268  5281 I global  :  RENO - ObjectDetection.conePositionDetect(ObjectDetection.java:213): Pixel values(0, 310) = 34733.14
11-30 15:54:17.177  4268  5281 I global  :  RENO - ObjectDetection.conePositionDetect(ObjectDetection.java:213): Pixel values(0, 311) = 34953.48
11-30 15:54:17.178  4268  5281 I global  :  RENO - ObjectDetection.conePositionDetect(ObjectDetection.java:213): Pixel values(0, 312) = 35161.66
11-30 15:54:17.179  4268  5281 I global  :  RENO - ObjectDetection.conePositionDetect(ObjectDetection.java:213): Pixel values(0, 313) = 35351.34
11-30 15:54:17.180  4268  5281 I global  :  RENO - ObjectDetection.conePositionDetect(ObjectDetection.java:213): Pixel values(0, 314) = 35520.19
11-30 15:54:17.181  4268  5281 I global  :  RENO - ObjectDetection.conePositionDetect(ObjectDetection.java:213): Pixel values(0, 315) = 35667.86
11-30 15:54:17.181  4268  5274 I global  :  RENO - ChassisWith4Motors.setPowerWithPIDControl(ChassisWith4Motors.java:486): power = 0.35, correction = -0.03, global angle = 0.750, last angle = 44.88
11-30 15:54:17.182  4268  5281 I global  :  RENO - ObjectDetection.conePositionDetect(ObjectDetection.java:213): Pixel values(0, 316) = 35787.69
11-30 15:54:17.183  4268  5281 I global  :  RENO - ObjectDetection.conePositionDetect(ObjectDetection.java:213): Pixel values(0, 317) = 35877.55
11-30 15:54:17.184  4268  5281 I global  :  RENO - ObjectDetection.conePositionDetect(ObjectDetection.java:213): Pixel values(0, 318) = 35939.79
11-30 15:54:17.185  4268  5281 I global  :  RENO - ObjectDetection.conePositionDetect(ObjectDetection.java:213): Pixel values(0, 319) = 35965.62
11-30 15:54:17.186  4268  5281 I global  :  RENO - ObjectDetection.verifyObjectDetected(ObjectDetection.java:315): per [0] = 0.920, cone location = 319
11-30 15:54:17.187  4268  5281 I global  :  RENO - ObjectDetection.verifyObjectDetected(ObjectDetection.java:315): per [1] = 0.931, cone location = 319
11-30 15:54:17.188  4268  5281 I global  :  RENO - ObjectDetection.verifyObjectDetected(ObjectDetection.java:315): per [2] = 0.902, cone location = 319
11-30 15:54:17.189  4268  5281 I global  :  RENO - ObjectDetection.conePositionDetect(ObjectDetection.java:227):  location pixel is 319, distance is 0.00
11-30 15:54:17.194  4268  5281 I global  :  RENO - ObjectDetection.processFrame(ObjectDetection.java:83): Start Opcv process to detect sleeve color.
11-30 15:54:17.194  4268  5281 I global  :  RENO - ObjectDetection.sleeveColorDetect(ObjectDetection.java:121): Start Opcv process to detect sleeve color.
11-30 15:54:17.196  4268  5281 I global  :  RENO - ObjectDetection.sleeveColorDetect(ObjectDetection.java:128): Sleeve max color = 722131.00, 704884.00, 655235.00
11-30 15:54:17.196  4268  5281 I global  :  RENO - ObjectDetection.sleeveColorDetect(ObjectDetection.java:147): Sleeve position: LEFT
11-30 15:54:17.197  4268  5281 I global  :  RENO - ObjectDetection.processFrame(ObjectDetection.java:86): Start Opcv process to detect cone.
11-30 15:54:17.201  4268  5274 I global  :  RENO - ChassisWith4Motors.setPowerWithPIDControl(ChassisWith4Motors.java:499): Autonomous -power = 0.35, global angle = 0.875
11-30 15:54:17.217  4268  5274 I global  :  RENO - ChassisWith4Motors.runToPosition(ChassisWith4Motors.java:577): Required moving distance -3.50.
11-30 15:54:17.218  4268  5274 I global  :  RENO - ChassisWith4Motors.runToPosition(ChassisWith4Motors.java:578): Target Position = -149
11-30 15:54:17.219  4268  5274 I global  :  RENO - ChassisWith4Motors.runToPosition(ChassisWith4Motors.java:579): PID = -1
11-30 15:54:17.225  4268  5274 I global  :  RENO - ChassisWith4Motors.runToPosition(ChassisWith4Motors.java:580): Current Position after moving, FL = -158, FR= -152, BL = -162, BR = -158
11-30 15:54:17.529  4268  5281 I global  :  RENO - ObjectDetection.conePositionDetect(ObjectDetection.java:213): Pixel values(0, 0) = 12681.49
11-30 15:54:17.530  4268  5281 I global  :  RENO - ObjectDetection.conePositionDetect(ObjectDetection.java:213): Pixel values(0, 1) = 12681.49
11-30 15:54:17.531  4268  5281 I global  :  RENO - ObjectDetection.conePositionDetect(ObjectDetection.java:213): Pixel values(0, 2) = 12698.37
11-30 15:54:17.532  4268  5281 I global  :  RENO - ObjectDetection.conePositionDetect(ObjectDetection.java:213): Pixel values(0, 3) = 12705.79
11-30 15:54:17.533  4268  5281 I global  :  RENO - ObjectDetection.conePositionDetect(ObjectDetection.java:213): Pixel values(0, 4) = 12698.87
11-30 15:54:17.534  4268  5281 I global  :  RENO - ObjectDetection.conePositionDetect(ObjectDetection.java:213): Pixel values(0, 5) = 12681.87
11-30 15:54:17.535  4268  5281 I global  :  RENO - ObjectDetection.conePositionDetect(ObjectDetection.java:213): Pixel values(0, 6) = 12677.36
11-30 15:54:17.536  4268  5281 I global  :  RENO - ObjectDetection.conePositionDetect(ObjectDetection.java:213): Pixel values(0, 7) = 12692.90
11-30 15:54:17.536  4268  5281 I global  :  RENO - ObjectDetection.conePositionDetect(ObjectDetection.java:213): Pixel values(0, 8) = 12679.76
11-30 15:54:17.538  4268  5281 I global  :  RENO - ObjectDetection.conePositionDetect(ObjectDetection.java:213): Pixel values(0, 9) = 12656.34
11-30 15:54:17.538  4268  5281 I global  :  RENO - ObjectDetection.conePositionDetect(ObjectDetection.java:213): Pixel values(0, 10) = 12607.69
11-30 15:54:17.539  4268  5281 I global  :  RENO - ObjectDetection.conePositionDetect(ObjectDetection.java:213): Pixel values(0, 11) = 12513.06
11-30 15:54:17.540  4268  5281 I global  :  RENO - ObjectDetection.conePositionDetect(ObjectDetection.java:213): Pixel values(0, 12) = 12426.07
11-30 15:54:17.541  4268  5281 I global  :  RENO - ObjectDetection.conePositionDetect(ObjectDetection.java:213): Pixel values(0, 13) = 12395.10
11-30 15:54:17.542  4268  5281 I global  :  RENO - ObjectDetection.conePositionDetect(ObjectDetection.java:213): Pixel values(0, 14) = 12370.11
11-30 15:54:17.543  4268  5281 I global  :  RENO - ObjectDetection.conePositionDetect(ObjectDetection.java:213): Pixel values(0, 15) = 12323.29
11-30 15:54:17.544  4268  5281 I global  :  RENO - ObjectDetection.conePositionDetect(ObjectDetection.java:213): Pixel values(0, 16) = 12269.46
11-30 15:54:17.545  4268  5281 I global  :  RENO - ObjectDetection.conePositionDetect(ObjectDetection.java:213): Pixel values(0, 17) = 12180.93
11-30 15:54:17.546  4268  5281 I global  :  RENO - ObjectDetection.conePositionDetect(ObjectDetection.java:213): Pixel values(0, 18) = 12123.11
11-30 15:54:17.547  4268  5281 I global  :  RENO - ObjectDetection.conePositionDetect(ObjectDetection.java:213): Pixel values(0, 19) = 12069.84
11-30 15:54:17.548  4268  5281 I global  :  RENO - ObjectDetection.conePositionDetect(ObjectDetection.java:213): Pixel values(0, 20) = 12038.32
11-30 15:54:17.549  4268  5281 I global  :  RENO - ObjectDetection.conePositionDetect(ObjectDetection.java:213): Pixel values(0, 21) = 12000.24
11-30 15:54:17.550  4268  5281 I global  :  RENO - ObjectDetection.conePositionDetect(ObjectDetection.java:213): Pixel values(0, 22) = 11901.37
11-30 15:54:17.550  4268  5281 I global  :  RENO - ObjectDetection.conePositionDetect(ObjectDetection.java:213): Pixel values(0, 23) = 11794.05
11-30 15:54:17.551  4268  5281 I global  :  RENO - ObjectDetection.conePositionDetect(ObjectDetection.java:213): Pixel values(0, 24) = 11730.10
11-30 15:54:17.552  4268  5281 I global  :  RENO - ObjectDetection.conePositionDetect(ObjectDetection.java:213): Pixel values(0, 25) = 11686.81
11-30 15:54:17.553  4268  5281 I global  :  RENO - ObjectDetection.conePositionDetect(ObjectDetection.java:213): Pixel values(0, 26) = 11649.38
11-30 15:54:17.554  4268  5281 I global  :  RENO - ObjectDetection.conePositionDetect(ObjectDetection.java:213): Pixel values(0, 27) = 11639.17
11-30 15:54:17.555  4268  5281 I global  :  RENO - ObjectDetection.conePositionDetect(ObjectDetection.java:213): Pixel values(0, 28) = 11616.43
11-30 15:54:17.556  4268  5281 I global  :  RENO - ObjectDetection.conePositionDetect(ObjectDetection.java:213): Pixel values(0, 29) = 11593.48
11-30 15:54:17.557  4268  5281 I global  :  RENO - ObjectDetection.conePositionDetect(ObjectDetection.java:213): Pixel values(0, 30) = 11593.81
11-30 15:54:17.558  4268  5281 I global  :  RENO - ObjectDetection.conePositionDetect(ObjectDetection.java:213): Pixel values(0, 31) = 11616.54
11-30 15:54:17.559  4268  5281 I global  :  RENO - ObjectDetection.conePositionDetect(ObjectDetection.java:213): Pixel values(0, 32) = 11657.80
11-30 15:54:17.560  4268  5281 I global  :  RENO - ObjectDetection.conePositionDetect(ObjectDetection.java:213): Pixel values(0, 33) = 11694.00
11-30 15:54:17.560  4268  5281 I global  :  RENO - ObjectDetection.conePositionDetect(ObjectDetection.java:213): Pixel values(0, 34) = 11727.84
11-30 15:54:17.561  4268  5281 I global  :  RENO - ObjectDetection.conePositionDetect(ObjectDetection.java:213): Pixel values(0, 35) = 11767.39
11-30 15:54:17.562  4268  5281 I global  :  RENO - ObjectDetection.conePositionDetect(ObjectDetection.java:213): Pixel values(0, 36) = 11807.36
11-30 15:54:17.563  4268  5281 I global  :  RENO - ObjectDetection.conePositionDetect(ObjectDetection.java:213): Pixel values(0, 37) = 11846.06
11-30 15:54:17.564  4268  5281 I global  :  RENO - ObjectDetection.conePositionDetect(ObjectDetection.java:213): Pixel values(0, 38) = 11882.75
11-30 15:54:17.565  4268  5281 I global  :  RENO - ObjectDetection.conePositionDetect(ObjectDetection.java:213): Pixel values(0, 39) = 11921.68
11-30 15:54:17.566  4268  5281 I global  :  RENO - ObjectDetection.conePositionDetect(ObjectDetection.java:213): Pixel values(0, 40) = 11988.52
11-30 15:54:17.567  4268  5281 I global  :  RENO - ObjectDetection.conePositionDetect(ObjectDetection.java:213): Pixel values(0, 41) = 12099.17
11-30 15:54:17.568  4268  5281 I global  :  RENO - ObjectDetection.conePositionDetect(ObjectDetection.java:213): Pixel values(0, 42) = 12216.35
11-30 15:54:17.569  4268  5281 I global  :  RENO - ObjectDetection.conePositionDetect(ObjectDetection.java:213): Pixel values(0, 43) = 12277.91
11-30 15:54:17.570  4268  5281 I global  :  RENO - ObjectDetection.conePositionDetect(ObjectDetection.java:213): Pixel values(0, 44) = 12315.99
11-30 15:54:17.571  4268  5281 I global  :  RENO - ObjectDetection.conePositionDetect(ObjectDetection.java:213): Pixel values(0, 45) = 12350.58
11-30 15:54:17.571  4268  5281 I global  :  RENO - ObjectDetection.conePositionDetect(ObjectDetection.java:213): Pixel values(0, 46) = 12385.00
11-30 15:54:17.572  4268  5281 I global  :  RENO - ObjectDetection.conePositionDetect(ObjectDetection.java:213): Pixel values(0, 47) = 12424.82
11-30 15:54:17.573  4268  5281 I global  :  RENO - ObjectDetection.conePositionDetect(ObjectDetection.java:213): Pixel values(0, 48) = 12460.14
11-30 15:54:17.574  4268  5281 I global  :  RENO - ObjectDetection.conePositionDetect(ObjectDetection.java:213): Pixel values(0, 49) = 12478.79
11-30 15:54:17.575  4268  5281 I global  :  RENO - ObjectDetection.conePositionDetect(ObjectDetection.java:213): Pixel values(0, 50) = 12499.15
11-30 15:54:17.576  4268  5281 I global  :  RENO - ObjectDetection.conePositionDetect(ObjectDetection.java:213): Pixel values(0, 51) = 12534.83
11-30 15:54:17.577  4268  5281 I global  :  RENO - ObjectDetection.conePositionDetect(ObjectDetection.java:213): Pixel values(0, 52) = 12565.70
11-30 15:54:17.578  4268  5281 I global  :  RENO - ObjectDetection.conePositionDetect(ObjectDetection.java:213): Pixel values(0, 53) = 12591.30
11-30 15:54:17.579  4268  5281 I global  :  RENO - ObjectDetection.conePositionDetect(ObjectDetection.java:213): Pixel values(0, 54) = 12619.67
11-30 15:54:17.579  4268  5281 I global  :  RENO - ObjectDetection.conePositionDetect(ObjectDetection.java:213): Pixel values(0, 55) = 12648.04
11-30 15:54:17.581  4268  5281 I global  :  RENO - ObjectDetection.conePositionDetect(ObjectDetection.java:213): Pixel values(0, 56) = 12674.40
11-30 15:54:17.582  4268  5281 I global  :  RENO - ObjectDetection.conePositionDetect(ObjectDetection.java:213): Pixel values(0, 57) = 12699.35
11-30 15:54:17.582  4268  5281 I global  :  RENO - ObjectDetection.conePositionDetect(ObjectDetection.java:213): Pixel values(0, 58) = 12719.35
11-30 15:54:17.583  4268  5281 I global  :  RENO - ObjectDetection.conePositionDetect(ObjectDetection.java:213): Pixel values(0, 59) = 12734.35
11-30 15:54:17.584  4268  5281 I global  :  RENO - ObjectDetection.conePositionDetect(ObjectDetection.java:213): Pixel values(0, 60) = 12744.70
11-30 15:54:17.585  4268  5281 I global  :  RENO - ObjectDetection.conePositionDetect(ObjectDetection.java:213): Pixel values(0, 61) = 12750.53
11-30 15:54:17.586  4268  5281 I global  :  RENO - ObjectDetection.conePositionDetect(ObjectDetection.java:213): Pixel values(0, 62) = 12747.81
11-30 15:54:17.587  4268  5281 I global  :  RENO - ObjectDetection.conePositionDetect(ObjectDetection.java:213): Pixel values(0, 63) = 12740.72
11-30 15:54:17.588  4268  5281 I global  :  RENO - ObjectDetection.conePositionDetect(ObjectDetection.java:213): Pixel values(0, 64) = 12726.51
11-30 15:54:17.589  4268  5281 I global  :  RENO - ObjectDetection.conePositionDetect(ObjectDetection.java:213): Pixel values(0, 65) = 12710.70
11-30 15:54:17.590  4268  5281 I global  :  RENO - ObjectDetection.conePositionDetect(ObjectDetection.java:213): Pixel values(0, 66) = 12691.73
11-30 15:54:17.591  4268  5281 I global  :  RENO - ObjectDetection.conePositionDetect(ObjectDetection.java:213): Pixel values(0, 67) = 12669.41
11-30 15:54:17.592  4268  5281 I global  :  RENO - ObjectDetection.conePositionDetect(ObjectDetection.java:213): Pixel values(0, 68) = 12647.38
11-30 15:54:17.593  4268  5281 I global  :  RENO - ObjectDetection.conePositionDetect(ObjectDetection.java:213): Pixel values(0, 69) = 12621.58
11-30 15:54:17.594  4268  5281 I global  :  RENO - ObjectDetection.conePositionDetect(ObjectDetection.java:213): Pixel values(0, 70) = 12590.64
11-30 15:54:17.595  4268  5281 I global  :  RENO - ObjectDetection.conePositionDetect(ObjectDetection.java:213): Pixel values(0, 71) = 12564.36
11-30 15:54:17.596  4268  5281 I global  :  RENO - ObjectDetection.conePositionDetect(ObjectDetection.java:213): Pixel values(0, 72) = 12526.64
11-30 15:54:17.597  4268  5281 I global  :  RENO - ObjectDetection.conePositionDetect(ObjectDetection.java:213): Pixel values(0, 73) = 12591.54
11-30 15:54:17.598  4268  5281 I global  :  RENO - ObjectDetection.conePositionDetect(ObjectDetection.java:213): Pixel values(0, 74) = 12955.35
11-30 15:54:17.599  4268  5281 I global  :  RENO - ObjectDetection.conePositionDetect(ObjectDetection.java:213): Pixel values(0, 75) = 13680.32
11-30 15:54:17.600  4268  5281 I global  :  RENO - ObjectDetection.conePositionDetect(ObjectDetection.java:213): Pixel values(0, 76) = 14414.88
11-30 15:54:17.600  4268  5281 I global  :  RENO - ObjectDetection.conePositionDetect(ObjectDetection.java:213): Pixel values(0, 77) = 15173.16
11-30 15:54:17.601  4268  5281 I global  :  RENO - ObjectDetection.conePositionDetect(ObjectDetection.java:213): Pixel values(0, 78) = 15926.81
11-30 15:54:17.602  4268  5281 I global  :  RENO - ObjectDetection.conePositionDetect(ObjectDetection.java:213): Pixel values(0, 79) = 16693.90
11-30 15:54:17.603  4268  5281 I global  :  RENO - ObjectDetection.conePositionDetect(ObjectDetection.java:213): Pixel values(0, 80) = 17504.47
11-30 15:54:17.604  4268  5281 I global  :  RENO - ObjectDetection.conePositionDetect(ObjectDetection.java:213): Pixel values(0, 81) = 18352.68
11-30 15:54:17.605  4268  5281 I global  :  RENO - ObjectDetection.conePositionDetect(ObjectDetection.java:213): Pixel values(0, 82) = 19166.54
11-30 15:54:17.606  4268  5281 I global  :  RENO - ObjectDetection.conePositionDetect(ObjectDetection.java:213): Pixel values(0, 83) = 19949.69
11-30 15:54:17.607  4268  5281 I global  :  RENO - ObjectDetection.conePositionDetect(ObjectDetection.java:213): Pixel values(0, 84) = 20745.69
11-30 15:54:17.608  4268  5281 I global  :  RENO - ObjectDetection.conePositionDetect(ObjectDetection.java:213): Pixel values(0, 85) = 21570.86
11-30 15:54:17.609  4268  5281 I global  :  RENO - ObjectDetection.conePositionDetect(ObjectDetection.java:213): Pixel values(0, 86) = 22407.14
11-30 15:54:17.610  4268  5281 I global  :  RENO - ObjectDetection.conePositionDetect(ObjectDetection.java:213): Pixel values(0, 87) = 23197.50
11-30 15:54:17.611  4268  5281 I global  :  RENO - ObjectDetection.conePositionDetect(ObjectDetection.java:213): Pixel values(0, 88) = 23895.24
11-30 15:54:17.612  4268  5281 I global  :  RENO - ObjectDetection.conePositionDetect(ObjectDetection.java:213): Pixel values(0, 89) = 24003.31
11-30 15:54:17.613  4268  5281 I global  :  RENO - ObjectDetection.conePositionDetect(ObjectDetection.java:213): Pixel values(0, 90) = 24058.11
11-30 15:54:17.614  4268  5281 I global  :  RENO - ObjectDetection.conePositionDetect(ObjectDetection.java:213): Pixel values(0, 91) = 24056.34
11-30 15:54:17.614  4268  5281 I global  :  RENO - ObjectDetection.conePositionDetect(ObjectDetection.java:213): Pixel values(0, 92) = 24053.83
11-30 15:54:17.615  4268  5281 I global  :  RENO - ObjectDetection.conePositionDetect(ObjectDetection.java:213): Pixel values(0, 93) = 24046.01
11-30 15:54:17.616  4268  5281 I global  :  RENO - ObjectDetection.conePositionDetect(ObjectDetection.java:213): Pixel values(0, 94) = 24039.88
11-30 15:54:17.617  4268  5281 I global  :  RENO - ObjectDetection.conePositionDetect(ObjectDetection.java:213): Pixel values(0, 95) = 24031.71
11-30 15:54:17.618  4268  5281 I global  :  RENO - ObjectDetection.conePositionDetect(ObjectDetection.java:213): Pixel values(0, 96) = 24025.67
11-30 15:54:17.619  4268  5281 I global  :  RENO - ObjectDetection.conePositionDetect(ObjectDetection.java:213): Pixel values(0, 97) = 24024.43
11-30 15:54:17.620  4268  5281 I global  :  RENO - ObjectDetection.conePositionDetect(ObjectDetection.java:213): Pixel values(0, 98) = 24023.01
11-30 15:54:17.621  4268  5281 I global  :  RENO - ObjectDetection.conePositionDetect(ObjectDetection.java:213): Pixel values(0, 99) = 24018.05
11-30 15:54:17.622  4268  5281 I global  :  RENO - ObjectDetection.conePositionDetect(ObjectDetection.java:213): Pixel values(0, 100) = 24010.30
11-30 15:54:17.624  4268  5281 I global  :  RENO - ObjectDetection.conePositionDetect(ObjectDetection.java:213): Pixel values(0, 101) = 24008.53
11-30 15:54:17.625  4268  5281 I global  :  RENO - ObjectDetection.conePositionDetect(ObjectDetection.java:213): Pixel values(0, 102) = 24011.05
11-30 15:54:17.626  4268  5281 I global  :  RENO - ObjectDetection.conePositionDetect(ObjectDetection.java:213): Pixel values(0, 103) = 24089.88
11-30 15:54:17.627  4268  5281 I global  :  RENO - ObjectDetection.conePositionDetect(ObjectDetection.java:213): Pixel values(0, 104) = 24296.21
11-30 15:54:17.628  4268  5281 I global  :  RENO - ObjectDetection.conePositionDetect(ObjectDetection.java:213): Pixel values(0, 105) = 24456.09
11-30 15:54:17.629  4268  5281 I global  :  RENO - ObjectDetection.conePositionDetect(ObjectDetection.java:213): Pixel values(0, 106) = 24318.86
11-30 15:54:17.630  4268  5281 I global  :  RENO - ObjectDetection.conePositionDetect(ObjectDetection.java:213): Pixel values(0, 107) = 23878.56
11-30 15:54:17.631  4268  5281 I global  :  RENO - ObjectDetection.conePositionDetect(ObjectDetection.java:213): Pixel values(0, 108) = 23440.03
11-30 15:54:17.632  4268  5281 I global  :  RENO - ObjectDetection.conePositionDetect(ObjectDetection.java:213): Pixel values(0, 109) = 22976.04
11-30 15:54:17.633  4268  5281 I global  :  RENO - ObjectDetection.conePositionDetect(ObjectDetection.java:213): Pixel values(0, 110) = 22504.12
11-30 15:54:17.634  4268  5281 I global  :  RENO - ObjectDetection.conePositionDetect(ObjectDetection.java:213): Pixel values(0, 111) = 21915.73
11-30 15:54:17.634  4268  5281 I global  :  RENO - ObjectDetection.conePositionDetect(ObjectDetection.java:213): Pixel values(0, 112) = 21181.97
11-30 15:54:17.635  4268  5281 I global  :  RENO - ObjectDetection.conePositionDetect(ObjectDetection.java:213): Pixel values(0, 113) = 20368.17
11-30 15:54:17.636  4268  5281 I global  :  RENO - ObjectDetection.conePositionDetect(ObjectDetection.java:213): Pixel values(0, 114) = 19624.69
11-30 15:54:17.638  4268  5281 I global  :  RENO - ObjectDetection.conePositionDetect(ObjectDetection.java:213): Pixel values(0, 115) = 18890.09
11-30 15:54:17.639  4268  5281 I global  :  RENO - ObjectDetection.conePositionDetect(ObjectDetection.java:213): Pixel values(0, 116) = 18184.50
11-30 15:54:17.640  4268  5281 I global  :  RENO - ObjectDetection.conePositionDetect(ObjectDetection.java:213): Pixel values(0, 117) = 17441.22
11-30 15:54:17.641  4268  5281 I global  :  RENO - ObjectDetection.conePositionDetect(ObjectDetection.java:213): Pixel values(0, 118) = 16694.56
11-30 15:54:17.642  4268  5281 I global  :  RENO - ObjectDetection.conePositionDetect(ObjectDetection.java:213): Pixel values(0, 119) = 15987.01
11-30 15:54:17.643  4268  5281 I global  :  RENO - ObjectDetection.conePositionDetect(ObjectDetection.java:213): Pixel values(0, 120) = 15375.86
11-30 15:54:17.644  4268  5281 I global  :  RENO - ObjectDetection.conePositionDetect(ObjectDetection.java:213): Pixel values(0, 121) = 15355.75
11-30 15:54:17.645  4268  5281 I global  :  RENO - ObjectDetection.conePositionDetect(ObjectDetection.java:213): Pixel values(0, 122) = 15394.04
11-30 15:54:17.646  4268  5281 I global  :  RENO - ObjectDetection.conePositionDetect(ObjectDetection.java:213): Pixel values(0, 123) = 15491.66
11-30 15:54:17.647  4268  5281 I global  :  RENO - ObjectDetection.conePositionDetect(ObjectDetection.java:213): Pixel values(0, 124) = 15589.81
11-30 15:54:17.648  4268  5281 I global  :  RENO - ObjectDetection.conePositionDetect(ObjectDetection.java:213): Pixel values(0, 125) = 15695.50
11-30 15:54:17.649  4268  5281 I global  :  RENO - ObjectDetection.conePositionDetect(ObjectDetection.java:213): Pixel values(0, 126) = 15806.89
11-30 15:54:17.650  4268  5281 I global  :  RENO - ObjectDetection.conePositionDetect(ObjectDetection.java:213): Pixel values(0, 127) = 15966.45
11-30 15:54:17.651  4268  5281 I global  :  RENO - ObjectDetection.conePositionDetect(ObjectDetection.java:213): Pixel values(0, 128) = 16217.70
11-30 15:54:17.652  4268  5281 I global  :  RENO - ObjectDetection.conePositionDetect(ObjectDetection.java:213): Pixel values(0, 129) = 16645.84
11-30 15:54:17.653  4268  5281 I global  :  RENO - ObjectDetection.conePositionDetect(ObjectDetection.java:213): Pixel values(0, 130) = 17209.50
11-30 15:54:17.654  4268  5281 I global  :  RENO - ObjectDetection.conePositionDetect(ObjectDetection.java:213): Pixel values(0, 131) = 17853.42
11-30 15:54:17.655  4268  5281 I global  :  RENO - ObjectDetection.conePositionDetect(ObjectDetection.java:213): Pixel values(0, 132) = 18499.20
11-30 15:54:17.656  4268  5281 I global  :  RENO - ObjectDetection.conePositionDetect(ObjectDetection.java:213): Pixel values(0, 133) = 19142.88
11-30 15:54:17.657  4268  5281 I global  :  RENO - ObjectDetection.conePositionDetect(ObjectDetection.java:213): Pixel values(0, 134) = 19781.58
11-30 15:54:17.658  4268  5281 I global  :  RENO - ObjectDetection.conePositionDetect(ObjectDetection.java:213): Pixel values(0, 135) = 20341.12
11-30 15:54:17.659  4268  5281 I global  :  RENO - ObjectDetection.conePositionDetect(ObjectDetection.java:213): Pixel values(0, 136) = 20765.80
11-30 15:54:17.660  4268  5281 I global  :  RENO - ObjectDetection.conePositionDetect(ObjectDetection.java:213): Pixel values(0, 137) = 21105.05
11-30 15:54:17.661  4268  5281 I global  :  RENO - ObjectDetection.conePositionDetect(ObjectDetection.java:213): Pixel values(0, 138) = 21446.20
11-30 15:54:17.661  4268  5281 I global  :  RENO - ObjectDetection.conePositionDetect(ObjectDetection.java:213): Pixel values(0, 139) = 21799.91
11-30 15:54:17.662  4268  5281 I global  :  RENO - ObjectDetection.conePositionDetect(ObjectDetection.java:213): Pixel values(0, 140) = 22174.24
11-30 15:54:17.663  4268  5281 I global  :  RENO - ObjectDetection.conePositionDetect(ObjectDetection.java:213): Pixel values(0, 141) = 22564.72
11-30 15:54:17.664  4268  5281 I global  :  RENO - ObjectDetection.conePositionDetect(ObjectDetection.java:213): Pixel values(0, 142) = 22970.52
11-30 15:54:17.665  4268  5281 I global  :  RENO - ObjectDetection.conePositionDetect(ObjectDetection.java:213): Pixel values(0, 143) = 23484.12
11-30 15:54:17.666  4268  5281 I global  :  RENO - ObjectDetection.conePositionDetect(ObjectDetection.java:213): Pixel values(0, 144) = 24109.04
11-30 15:54:17.667  4268  5281 I global  :  RENO - ObjectDetection.conePositionDetect(ObjectDetection.java:213): Pixel values(0, 145) = 24796.68
11-30 15:54:17.668  4268  5281 I global  :  RENO - ObjectDetection.conePositionDetect(ObjectDetection.java:213): Pixel values(0, 146) = 25451.24
11-30 15:54:17.669  4268  5281 I global  :  RENO - ObjectDetection.conePositionDetect(ObjectDetection.java:213): Pixel values(0, 147) = 26118.22
11-30 15:54:17.670  4268  5281 I global  :  RENO - ObjectDetection.conePositionDetect(ObjectDetection.java:213): Pixel values(0, 148) = 26747.83
11-30 15:54:17.671  4268  5281 I global  :  RENO - ObjectDetection.conePositionDetect(ObjectDetection.java:213): Pixel values(0, 149) = 27394.39
11-30 15:54:17.672  4268  5281 I global  :  RENO - ObjectDetection.conePositionDetect(ObjectDetection.java:213): Pixel values(0, 150) = 28033.31
11-30 15:54:17.673  4268  5281 I global  :  RENO - ObjectDetection.conePositionDetect(ObjectDetection.java:213): Pixel values(0, 151) = 28681.35
11-30 15:54:17.674  4268  5281 I global  :  RENO - ObjectDetection.conePositionDetect(ObjectDetection.java:213): Pixel values(0, 152) = 29329.55
11-30 15:54:17.675  4268  5281 I global  :  RENO - ObjectDetection.conePositionDetect(ObjectDetection.java:213): Pixel values(0, 153) = 29982.23
11-30 15:54:17.675  4268  5281 I global  :  RENO - ObjectDetection.conePositionDetect(ObjectDetection.java:213): Pixel values(0, 154) = 30629.94
11-30 15:54:17.676  4268  5281 I global  :  RENO - ObjectDetection.conePositionDetect(ObjectDetection.java:213): Pixel values(0, 155) = 31277.74
11-30 15:54:17.677  4268  5281 I global  :  RENO - ObjectDetection.conePositionDetect(ObjectDetection.java:213): Pixel values(0, 156) = 31928.01
11-30 15:54:17.678  4268  5281 I global  :  RENO - ObjectDetection.conePositionDetect(ObjectDetection.java:213): Pixel values(0, 157) = 32578.61
11-30 15:54:17.679  4268  5281 I global  :  RENO - ObjectDetection.conePositionDetect(ObjectDetection.java:213): Pixel values(0, 158) = 33225.54
11-30 15:54:17.680  4268  5281 I global  :  RENO - ObjectDetection.conePositionDetect(ObjectDetection.java:213): Pixel values(0, 159) = 33827.62
11-30 15:54:17.681  4268  5281 I global  :  RENO - ObjectDetection.conePositionDetect(ObjectDetection.java:213): Pixel values(0, 160) = 34334.78
11-30 15:54:17.682  4268  5281 I global  :  RENO - ObjectDetection.conePositionDetect(ObjectDetection.java:213): Pixel values(0, 161) = 34658.08
11-30 15:54:17.683  4268  5281 I global  :  RENO - ObjectDetection.conePositionDetect(ObjectDetection.java:213): Pixel values(0, 162) = 34848.25
11-30 15:54:17.684  4268  5281 I global  :  RENO - ObjectDetection.conePositionDetect(ObjectDetection.java:213): Pixel values(0, 163) = 34964.49
11-30 15:54:17.685  4268  5281 I global  :  RENO - ObjectDetection.conePositionDetect(ObjectDetection.java:213): Pixel values(0, 164) = 35080.50
11-30 15:54:17.686  4268  5281 I global  :  RENO - ObjectDetection.conePositionDetect(ObjectDetection.java:213): Pixel values(0, 165) = 35195.50
11-30 15:54:17.687  4268  5281 I global  :  RENO - ObjectDetection.conePositionDetect(ObjectDetection.java:213): Pixel values(0, 166) = 35311.33
11-30 15:54:17.688  4268  5281 I global  :  RENO - ObjectDetection.conePositionDetect(ObjectDetection.java:213): Pixel values(0, 167) = 35420.22
11-30 15:54:17.689  4268  5281 I global  :  RENO - ObjectDetection.conePositionDetect(ObjectDetection.java:213): Pixel values(0, 168) = 35527.68
11-30 15:54:17.689  4268  5281 I global  :  RENO - ObjectDetection.conePositionDetect(ObjectDetection.java:213): Pixel values(0, 169) = 35629.75
11-30 15:54:17.690  4268  5274 I global  :  RENO - ChassisWith4Motors.setPowerWithPIDControl(ChassisWith4Motors.java:479): tDistance = -7.50, currLocation = 0.05
11-30 15:54:17.690  4268  5281 I global  :  RENO - ObjectDetection.conePositionDetect(ObjectDetection.java:213): Pixel values(0, 170) = 35728.41
11-30 15:54:17.691  4268  5274 I global  :  RENO - ChassisWith4Motors.setPowerWithPIDControl(ChassisWith4Motors.java:480): rampUpPower = 0.35, rampDownPower = 0.33
11-30 15:54:17.691  4268  5281 I global  :  RENO - ObjectDetection.conePositionDetect(ObjectDetection.java:213): Pixel values(0, 171) = 35817.36
11-30 15:54:17.692  4268  5281 I global  :  RENO - ObjectDetection.conePositionDetect(ObjectDetection.java:213): Pixel values(0, 172) = 35901.69
11-30 15:54:17.693  4268  5281 I global  :  RENO - ObjectDetection.conePositionDetect(ObjectDetection.java:213): Pixel values(0, 173) = 35979.12
11-30 15:54:17.694  4268  5281 I global  :  RENO - ObjectDetection.conePositionDetect(ObjectDetection.java:213): Pixel values(0, 174) = 36056.01
11-30 15:54:17.695  4268  5281 I global  :  RENO - ObjectDetection.conePositionDetect(ObjectDetection.java:213): Pixel values(0, 175) = 36123.78
11-30 15:54:17.696  4268  5281 I global  :  RENO - ObjectDetection.conePositionDetect(ObjectDetection.java:213): Pixel values(0, 176) = 36188.80
11-30 15:54:17.697  4268  5274 I global  :  RENO - ChassisWith4Motors.setPowerWithPIDControl(ChassisWith4Motors.java:486): power = 0.33, correction = -0.05, global angle = 1.313, last angle = 45.44
11-30 15:54:17.697  4268  5281 I global  :  RENO - ObjectDetection.conePositionDetect(ObjectDetection.java:213): Pixel values(0, 177) = 36254.51
11-30 15:54:17.698  4268  5281 I global  :  RENO - ObjectDetection.conePositionDetect(ObjectDetection.java:213): Pixel values(0, 178) = 36318.96
11-30 15:54:17.699  4268  5281 I global  :  RENO - ObjectDetection.conePositionDetect(ObjectDetection.java:213): Pixel values(0, 179) = 36381.46
11-30 15:54:17.700  4268  5281 I global  :  RENO - ObjectDetection.conePositionDetect(ObjectDetection.java:213): Pixel values(0, 180) = 36444.63
11-30 15:54:17.701  4268  5281 I global  :  RENO - ObjectDetection.conePositionDetect(ObjectDetection.java:213): Pixel values(0, 181) = 36503.66
11-30 15:54:17.702  4268  5281 I global  :  RENO - ObjectDetection.conePositionDetect(ObjectDetection.java:213): Pixel values(0, 182) = 36562.37
11-30 15:54:17.703  4268  5281 I global  :  RENO - ObjectDetection.conePositionDetect(ObjectDetection.java:213): Pixel values(0, 183) = 36617.17
11-30 15:54:17.704  4268  5281 I global  :  RENO - ObjectDetection.conePositionDetect(ObjectDetection.java:213): Pixel values(0, 184) = 36668.54
11-30 15:54:17.705  4268  5281 I global  :  RENO - ObjectDetection.conePositionDetect(ObjectDetection.java:213): Pixel values(0, 185) = 36714.92
11-30 15:54:17.706  4268  5281 I global  :  RENO - ObjectDetection.conePositionDetect(ObjectDetection.java:213): Pixel values(0, 186) = 36763.25
11-30 15:54:17.706  4268  5281 I global  :  RENO - ObjectDetection.conePositionDetect(ObjectDetection.java:213): Pixel values(0, 187) = 36811.10
11-30 15:54:17.707  4268  5281 I global  :  RENO - ObjectDetection.conePositionDetect(ObjectDetection.java:213): Pixel values(0, 188) = 36859.71
11-30 15:54:17.708  4268  5281 I global  :  RENO - ObjectDetection.conePositionDetect(ObjectDetection.java:213): Pixel values(0, 189) = 36907.79
11-30 15:54:17.709  4268  5281 I global  :  RENO - ObjectDetection.conePositionDetect(ObjectDetection.java:213): Pixel values(0, 190) = 36954.31
11-30 15:54:17.710  4268  5281 I global  :  RENO - ObjectDetection.conePositionDetect(ObjectDetection.java:213): Pixel values(0, 191) = 36999.17
11-30 15:54:17.711  4268  5281 I global  :  RENO - ObjectDetection.conePositionDetect(ObjectDetection.java:213): Pixel values(0, 192) = 37042.54
11-30 15:54:17.712  4268  5274 I global  :  RENO - ChassisWith4Motors.setPowerWithPIDControl(ChassisWith4Motors.java:479): tDistance = -7.50, currLocation = 0.05
11-30 15:54:17.712  4268  5281 I global  :  RENO - ObjectDetection.conePositionDetect(ObjectDetection.java:213): Pixel values(0, 193) = 37085.01
11-30 15:54:17.712  4268  5274 I global  :  RENO - ChassisWith4Motors.setPowerWithPIDControl(ChassisWith4Motors.java:480): rampUpPower = 0.35, rampDownPower = 0.33
11-30 15:54:17.713  4268  5281 I global  :  RENO - ObjectDetection.conePositionDetect(ObjectDetection.java:213): Pixel values(0, 194) = 37127.46
11-30 15:54:17.714  4268  5281 I global  :  RENO - ObjectDetection.conePositionDetect(ObjectDetection.java:213): Pixel values(0, 195) = 37165.96
11-30 15:54:17.715  4268  5281 I global  :  RENO - ObjectDetection.conePositionDetect(ObjectDetection.java:213): Pixel values(0, 196) = 37202.89
11-30 15:54:17.716  4268  5281 I global  :  RENO - ObjectDetection.conePositionDetect(ObjectDetection.java:213): Pixel values(0, 197) = 37236.95
11-30 15:54:17.717  4268  5281 I global  :  RENO - ObjectDetection.conePositionDetect(ObjectDetection.java:213): Pixel values(0, 198) = 37278.66
11-30 15:54:17.717  4268  5274 I global  :  RENO - ChassisWith4Motors.setPowerWithPIDControl(ChassisWith4Motors.java:486): power = 0.33, correction = -0.06, global angle = 1.375, last angle = 45.50
11-30 15:54:17.718  4268  5281 I global  :  RENO - ObjectDetection.conePositionDetect(ObjectDetection.java:213): Pixel values(0, 199) = 37324.16
11-30 15:54:17.718  4268  5281 I global  :  RENO - ObjectDetection.conePositionDetect(ObjectDetection.java:213): Pixel values(0, 200) = 37369.24
11-30 15:54:17.719  4268  5281 I global  :  RENO - ObjectDetection.conePositionDetect(ObjectDetection.java:213): Pixel values(0, 201) = 37412.78
11-30 15:54:17.720  4268  5281 I global  :  RENO - ObjectDetection.conePositionDetect(ObjectDetection.java:213): Pixel values(0, 202) = 37457.41
11-30 15:54:17.721  4268  5281 I global  :  RENO - ObjectDetection.conePositionDetect(ObjectDetection.java:213): Pixel values(0, 203) = 37503.71
11-30 15:54:17.722  4268  5281 I global  :  RENO - ObjectDetection.conePositionDetect(ObjectDetection.java:213): Pixel values(0, 204) = 37552.05
11-30 15:54:17.723  4268  5281 I global  :  RENO - ObjectDetection.conePositionDetect(ObjectDetection.java:213): Pixel values(0, 205) = 37599.77
11-30 15:54:17.724  4268  5281 I global  :  RENO - ObjectDetection.conePositionDetect(ObjectDetection.java:213): Pixel values(0, 206) = 37628.20
11-30 15:54:17.725  4268  5281 I global  :  RENO - ObjectDetection.conePositionDetect(ObjectDetection.java:213): Pixel values(0, 207) = 37668.69
11-30 15:54:17.726  4268  5281 I global  :  RENO - ObjectDetection.conePositionDetect(ObjectDetection.java:213): Pixel values(0, 208) = 37718.10
11-30 15:54:17.727  4268  5281 I global  :  RENO - ObjectDetection.conePositionDetect(ObjectDetection.java:213): Pixel values(0, 209) = 37767.05
11-30 15:54:17.728  4268  5281 I global  :  RENO - ObjectDetection.conePositionDetect(ObjectDetection.java:213): Pixel values(0, 210) = 37815.82
11-30 15:54:17.729  4268  5281 I global  :  RENO - ObjectDetection.conePositionDetect(ObjectDetection.java:213): Pixel values(0, 211) = 37860.38
11-30 15:54:17.730  4268  5281 I global  :  RENO - ObjectDetection.conePositionDetect(ObjectDetection.java:213): Pixel values(0, 212) = 37903.07
11-30 15:54:17.731  4268  5281 I global  :  RENO - ObjectDetection.conePositionDetect(ObjectDetection.java:213): Pixel values(0, 213) = 37949.94
11-30 15:54:17.732  4268  5281 I global  :  RENO - ObjectDetection.conePositionDetect(ObjectDetection.java:213): Pixel values(0, 214) = 37996.44
11-30 15:54:17.733  4268  5274 I global  :  RENO - ChassisWith4Motors.setPowerWithPIDControl(ChassisWith4Motors.java:479): tDistance = -7.50, currLocation = 0.14
11-30 15:54:17.733  4268  5281 I global  :  RENO - ObjectDetection.conePositionDetect(ObjectDetection.java:213): Pixel values(0, 215) = 38042.50
11-30 15:54:17.734  4268  5274 I global  :  RENO - ChassisWith4Motors.setPowerWithPIDControl(ChassisWith4Motors.java:480): rampUpPower = 0.36, rampDownPower = 0.32
11-30 15:54:17.734  4268  5281 I global  :  RENO - ObjectDetection.conePositionDetect(ObjectDetection.java:213): Pixel values(0, 216) = 38089.21
11-30 15:54:17.735  4268  5281 I global  :  RENO - ObjectDetection.conePositionDetect(ObjectDetection.java:213): Pixel values(0, 217) = 38130.67
11-30 15:54:17.736  4268  5281 I global  :  RENO - ObjectDetection.conePositionDetect(ObjectDetection.java:213): Pixel values(0, 218) = 38173.82
11-30 15:54:17.736  4268  5281 I global  :  RENO - ObjectDetection.conePositionDetect(ObjectDetection.java:213): Pixel values(0, 219) = 38216.18
11-30 15:54:17.737  4268  5281 I global  :  RENO - ObjectDetection.conePositionDetect(ObjectDetection.java:213): Pixel values(0, 220) = 38255.72
11-30 15:54:17.738  4268  5281 I global  :  RENO - ObjectDetection.conePositionDetect(ObjectDetection.java:213): Pixel values(0, 221) = 38290.43
11-30 15:54:17.738  4268  5274 I global  :  RENO - ChassisWith4Motors.setPowerWithPIDControl(ChassisWith4Motors.java:486): power = 0.32, correction = -0.06, global angle = 1.375, last angle = 45.50
11-30 15:54:17.739  4268  5281 I global  :  RENO - ObjectDetection.conePositionDetect(ObjectDetection.java:213): Pixel values(0, 222) = 38327.02
11-30 15:54:17.740  4268  5281 I global  :  RENO - ObjectDetection.conePositionDetect(ObjectDetection.java:213): Pixel values(0, 223) = 38363.90
11-30 15:54:17.741  4268  5281 I global  :  RENO - ObjectDetection.conePositionDetect(ObjectDetection.java:213): Pixel values(0, 224) = 38402.81
11-30 15:54:17.742  4268  5281 I global  :  RENO - ObjectDetection.conePositionDetect(ObjectDetection.java:213): Pixel values(0, 225) = 38440.84
11-30 15:54:17.743  4268  5281 I global  :  RENO - ObjectDetection.conePositionDetect(ObjectDetection.java:213): Pixel values(0, 226) = 38474.56
11-30 15:54:17.744  4268  5281 I global  :  RENO - ObjectDetection.conePositionDetect(ObjectDetection.java:213): Pixel values(0, 227) = 38504.55
11-30 15:54:17.745  4268  5281 I global  :  RENO - ObjectDetection.conePositionDetect(ObjectDetection.java:213): Pixel values(0, 228) = 38530.01
11-30 15:54:17.746  4268  5281 I global  :  RENO - ObjectDetection.conePositionDetect(ObjectDetection.java:213): Pixel values(0, 229) = 38539.51
11-30 15:54:17.747  4268  5281 I global  :  RENO - ObjectDetection.conePositionDetect(ObjectDetection.java:213): Pixel values(0, 230) = 38507.97
11-30 15:54:17.748  4268  5281 I global  :  RENO - ObjectDetection.conePositionDetect(ObjectDetection.java:213): Pixel values(0, 231) = 38451.89
11-30 15:54:17.749  4268  5281 I global  :  RENO - ObjectDetection.conePositionDetect(ObjectDetection.java:213): Pixel values(0, 232) = 38356.16
11-30 15:54:17.750  4268  5281 I global  :  RENO - ObjectDetection.conePositionDetect(ObjectDetection.java:213): Pixel values(0, 233) = 38228.92
11-30 15:54:17.751  4268  5281 I global  :  RENO - ObjectDetection.conePositionDetect(ObjectDetection.java:213): Pixel values(0, 234) = 38087.40
11-30 15:54:17.752  4268  5281 I global  :  RENO - ObjectDetection.conePositionDetect(ObjectDetection.java:213): Pixel values(0, 235) = 37929.72
11-30 15:54:17.753  4268  5281 I global  :  RENO - ObjectDetection.conePositionDetect(ObjectDetection.java:213): Pixel values(0, 236) = 37758.34
11-30 15:54:17.753  4268  5274 I global  :  RENO - ChassisWith4Motors.setPowerWithPIDControl(ChassisWith4Motors.java:479): tDistance = -7.50, currLocation = 0.30
11-30 15:54:17.754  4268  5281 I global  :  RENO - ObjectDetection.conePositionDetect(ObjectDetection.java:213): Pixel values(0, 237) = 37583.21
11-30 15:54:17.754  4268  5274 I global  :  RENO - ChassisWith4Motors.setPowerWithPIDControl(ChassisWith4Motors.java:480): rampUpPower = 0.37, rampDownPower = 0.32
11-30 15:54:17.754  4268  5281 I global  :  RENO - ObjectDetection.conePositionDetect(ObjectDetection.java:213): Pixel values(0, 238) = 37417.50
11-30 15:54:17.755  4268  5281 I global  :  RENO - ObjectDetection.conePositionDetect(ObjectDetection.java:213): Pixel values(0, 239) = 37234.41
11-30 15:54:17.756  4268  5281 I global  :  RENO - ObjectDetection.conePositionDetect(ObjectDetection.java:213): Pixel values(0, 240) = 37044.26
11-30 15:54:17.757  4268  5281 I global  :  RENO - ObjectDetection.conePositionDetect(ObjectDetection.java:213): Pixel values(0, 241) = 36857.37
11-30 15:54:17.758  4268  5281 I global  :  RENO - ObjectDetection.conePositionDetect(ObjectDetection.java:213): Pixel values(0, 242) = 36671.93
11-30 15:54:17.759  4268  5281 I global  :  RENO - ObjectDetection.conePositionDetect(ObjectDetection.java:213): Pixel values(0, 243) = 36486.59
11-30 15:54:17.759  4268  5274 I global  :  RENO - ChassisWith4Motors.setPowerWithPIDControl(ChassisWith4Motors.java:486): power = 0.32, correction = -0.06, global angle = 1.375, last angle = 45.50
11-30 15:54:17.760  4268  5281 I global  :  RENO - ObjectDetection.conePositionDetect(ObjectDetection.java:213): Pixel values(0, 244) = 36295.55
11-30 15:54:17.761  4268  5281 I global  :  RENO - ObjectDetection.conePositionDetect(ObjectDetection.java:213): Pixel values(0, 245) = 36093.43
11-30 15:54:17.762  4268  5281 I global  :  RENO - ObjectDetection.conePositionDetect(ObjectDetection.java:213): Pixel values(0, 246) = 35891.04
11-30 15:54:17.763  4268  5281 I global  :  RENO - ObjectDetection.conePositionDetect(ObjectDetection.java:213): Pixel values(0, 247) = 35696.40
11-30 15:54:17.764  4268  5281 I global  :  RENO - ObjectDetection.conePositionDetect(ObjectDetection.java:213): Pixel values(0, 248) = 35507.29
11-30 15:54:17.765  4268  5281 I global  :  RENO - ObjectDetection.conePositionDetect(ObjectDetection.java:213): Pixel values(0, 249) = 35346.69
11-30 15:54:17.766  4268  5281 I global  :  RENO - ObjectDetection.conePositionDetect(ObjectDetection.java:213): Pixel values(0, 250) = 35227.82
11-30 15:54:17.766  4268  5281 I global  :  RENO - ObjectDetection.conePositionDetect(ObjectDetection.java:213): Pixel values(0, 251) = 35129.77
11-30 15:54:17.768  4268  5281 I global  :  RENO - ObjectDetection.conePositionDetect(ObjectDetection.java:213): Pixel values(0, 252) = 35034.18
11-30 15:54:17.769  4268  5281 I global  :  RENO - ObjectDetection.conePositionDetect(ObjectDetection.java:213): Pixel values(0, 253) = 34931.75
11-30 15:54:17.770  4268  5281 I global  :  RENO - ObjectDetection.conePositionDetect(ObjectDetection.java:213): Pixel values(0, 254) = 34798.37
11-30 15:54:17.771  4268  5281 I global  :  RENO - ObjectDetection.conePositionDetect(ObjectDetection.java:213): Pixel values(0, 255) = 34601.90
11-30 15:54:17.772  4268  5281 I global  :  RENO - ObjectDetection.conePositionDetect(ObjectDetection.java:213): Pixel values(0, 256) = 34382.66
11-30 15:54:17.773  4268  5281 I global  :  RENO - ObjectDetection.conePositionDetect(ObjectDetection.java:213): Pixel values(0, 257) = 34155.99
11-30 15:54:17.773  4268  5281 I global  :  RENO - ObjectDetection.conePositionDetect(ObjectDetection.java:213): Pixel values(0, 258) = 33926.90
11-30 15:54:17.774  4268  5281 I global  :  RENO - ObjectDetection.conePositionDetect(ObjectDetection.java:213): Pixel values(0, 259) = 33699.67
11-30 15:54:17.774  4268  5274 I global  :  RENO - ChassisWith4Motors.setPowerWithPIDControl(ChassisWith4Motors.java:479): tDistance = -7.50, currLocation = 0.37
11-30 15:54:17.775  4268  5274 I global  :  RENO - ChassisWith4Motors.setPowerWithPIDControl(ChassisWith4Motors.java:480): rampUpPower = 0.37, rampDownPower = 0.32
11-30 15:54:17.775  4268  5281 I global  :  RENO - ObjectDetection.conePositionDetect(ObjectDetection.java:213): Pixel values(0, 260) = 33476.02
11-30 15:54:17.776  4268  5281 I global  :  RENO - ObjectDetection.conePositionDetect(ObjectDetection.java:213): Pixel values(0, 261) = 33263.97
11-30 15:54:17.777  4268  5281 I global  :  RENO - ObjectDetection.conePositionDetect(ObjectDetection.java:213): Pixel values(0, 262) = 33083.44
11-30 15:54:17.778  4268  5281 I global  :  RENO - ObjectDetection.conePositionDetect(ObjectDetection.java:213): Pixel values(0, 263) = 32924.40
11-30 15:54:17.779  4268  5281 I global  :  RENO - ObjectDetection.conePositionDetect(ObjectDetection.java:213): Pixel values(0, 264) = 32802.60
11-30 15:54:17.780  4268  5281 I global  :  RENO - ObjectDetection.conePositionDetect(ObjectDetection.java:213): Pixel values(0, 265) = 32710.93
11-30 15:54:17.780  4268  5274 I global  :  RENO - ChassisWith4Motors.setPowerWithPIDControl(ChassisWith4Motors.java:486): power = 0.32, correction = -0.06, global angle = 1.438, last angle = 45.56
11-30 15:54:17.781  4268  5281 I global  :  RENO - ObjectDetection.conePositionDetect(ObjectDetection.java:213): Pixel values(0, 266) = 32634.00
11-30 15:54:17.782  4268  5281 I global  :  RENO - ObjectDetection.conePositionDetect(ObjectDetection.java:213): Pixel values(0, 267) = 32571.62
11-30 15:54:17.783  4268  5281 I global  :  RENO - ObjectDetection.conePositionDetect(ObjectDetection.java:213): Pixel values(0, 268) = 32522.85
11-30 15:54:17.784  4268  5281 I global  :  RENO - ObjectDetection.conePositionDetect(ObjectDetection.java:213): Pixel values(0, 269) = 32492.51
11-30 15:54:17.785  4268  5281 I global  :  RENO - ObjectDetection.conePositionDetect(ObjectDetection.java:213): Pixel values(0, 270) = 32488.40
11-30 15:54:17.786  4268  5281 I global  :  RENO - ObjectDetection.conePositionDetect(ObjectDetection.java:213): Pixel values(0, 271) = 32504.08
11-30 15:54:17.787  4268  5281 I global  :  RENO - ObjectDetection.conePositionDetect(ObjectDetection.java:213): Pixel values(0, 272) = 32525.77
